================================================================
== Vivado Place & Route Results
================================================================
+ General Information:
    * Date:            Tue Sep 22 20:14:37 +0530 2026
    * Version:         2026.1 (Build 6493734 on Jun 16 2026)
    * Project:         Sobel_Filter_IP
    * Solution:        hls
    * Product family:  zynq
    * Target device:   xc7z020-clg400-1


================================================================
== Run Constraints & Options
================================================================
+ Design Constraints & Options:
    * Place & Route target clock:  10 ns
    * C-Synthesis uncertainty:     27%

+ RTL Synthesis Options:
    * config_export -vivado_synth_strategy:     default
    * config_export -vivado_synth_design_args:  -directive sdx_optimization_effort_high

+ Place & Route Options:
    * config_export -vivado_impl_strategy:  default
    * config_export -vivado_phys_opt:       auto

+ Reporting Options:
    * config_export -vivado_report_level:      2
    * config_export -vivado_max_timing_paths:  10


================================================================
== Place & Route Resource Summary
================================================================
LUT:              879
FF:               1275
DSP:              4
BRAM:             8
URAM:             0
SRL:              20


================================================================
== Place & Route Timing Summary
================================================================
* Timing was met
+----------------+-------------+
| Timing         | Period (ns) |
+----------------+-------------+
| Target         | 10.000      |
| Post-Synthesis | 7.729       |
| Post-Route     | 8.766       |
+----------------+-------------+


================================================================
== Place & Route Resources
================================================================
+-----------------------------------------------------------------------+-----+----+-----+------+------+-----+--------+------+---------+----------+--------+
| Name                                                                  | LUT | FF | DSP | BRAM | URAM | SRL | Pragma | Impl | Latency | Variable | Source |
+-----------------------------------------------------------------------+-----+----+-----+------+------+-----+--------+------+---------+----------+--------+
| inst                                                                  |     |    |     |      |      | 20  |        |      |         |          |        |
|   control_s_axi_U                                                     |     |    |     |      |      |     |        |      |         |          |        |
|   grp_Sobel_Filter_Pipeline_VITIS_LOOP_26_1_VITIS_LOOP_28_2_fu_86     |     |    |     |      |      | 20  |        |      |         |          |        |
|     (grp_Sobel_Filter_Pipeline_VITIS_LOOP_26_1_VITIS_LOOP_28_2_fu_86) |     |    |     |      |      | 20  |        |      |         |          |        |
|     Line_Buffer_data_1_U                                              |     |    |     |      |      |     |        |      |         |          |        |
|     Line_Buffer_data_U                                                |     |    |     |      |      |     |        |      |         |          |        |
|     flow_control_loop_pipe_sequential_init_U                          |     |    |     |      |      |     |        |      |         |          |        |
|   mul_31ns_31ns_62_2_1_U19                                            |     |    |     |      |      |     |        |      |         |          |        |
|   regslice_both_Input_r_V_data_V_U                                    |     |    |     |      |      |     |        |      |         |          |        |
|   regslice_both_Input_r_V_dest_V_U                                    |     |    |     |      |      |     |        |      |         |          |        |
|   regslice_both_Input_r_V_id_V_U                                      |     |    |     |      |      |     |        |      |         |          |        |
|   regslice_both_Input_r_V_keep_V_U                                    |     |    |     |      |      |     |        |      |         |          |        |
|   regslice_both_Input_r_V_last_V_U                                    |     |    |     |      |      |     |        |      |         |          |        |
|   regslice_both_Input_r_V_strb_V_U                                    |     |    |     |      |      |     |        |      |         |          |        |
|   regslice_both_Input_r_V_user_V_U                                    |     |    |     |      |      |     |        |      |         |          |        |
|   regslice_both_Output_r_V_data_V_U                                   |     |    |     |      |      |     |        |      |         |          |        |
|   regslice_both_Output_r_V_dest_V_U                                   |     |    |     |      |      |     |        |      |         |          |        |
|   regslice_both_Output_r_V_id_V_U                                     |     |    |     |      |      |     |        |      |         |          |        |
|   regslice_both_Output_r_V_keep_V_U                                   |     |    |     |      |      |     |        |      |         |          |        |
|   regslice_both_Output_r_V_last_V_U                                   |     |    |     |      |      |     |        |      |         |          |        |
|   regslice_both_Output_r_V_strb_V_U                                   |     |    |     |      |      |     |        |      |         |          |        |
|   regslice_both_Output_r_V_user_V_U                                   |     |    |     |      |      |     |        |      |         |          |        |
+-----------------------------------------------------------------------+-----+----+-----+------+------+-----+--------+------+---------+----------+--------+


================================================================
== Place & Route Fail Fast
================================================================
+-----------------------------------------------------------+-----------+--------+--------+
| Criteria                                                  | Guideline | Actual | Status |
+-----------------------------------------------------------+-----------+--------+--------+
| LUT                                                       | 70%       | 1.65%  | OK     |
| FD                                                        | 50%       | 1.20%  | OK     |
| LUTRAM+SRL                                                | 25%       | 0.11%  | OK     |
| MUXF7                                                     | 15%       | 0.00%  | OK     |
| DSP                                                       | 80%       | 1.82%  | OK     |
| RAMB/FIFO                                                 | 80%       | 2.86%  | OK     |
| DSP+RAMB+URAM (Avg)                                       | 70%       | 2.34%  | OK     |
| BUFGCE* + BUFGCTRL                                        | 24        | 0      | OK     |
| DONT_TOUCH (cells/nets)                                   | 0         | 0      | OK     |
| MARK_DEBUG (nets)                                         | 0         | 0      | OK     |
| Control Sets                                              | 998       | 35     | OK     |
| Average Fanout for modules > 100k cells                   | 4         | 2.32   | OK     |
| Max Average Fanout for modules > 100k cells               | 4         | 0      | OK     |
| Non-FD high fanout nets > 10k loads                       | 0         | 0      | OK     |
+-----------------------------------------------------------+-----------+--------+--------+
| TIMING-6 (No common primary clock between related clocks) | 0         | 0      | OK     |
| TIMING-7 (No common node between related clocks)          | 0         | 0      | OK     |
| TIMING-8 (No common period between related clocks)        | 0         | 0      | OK     |
| TIMING-14 (LUT on the clock tree)                         | 0         | 0      | OK     |
| TIMING-35 (No common node in paths with the same clock)   | 0         | 0      | OK     |
+-----------------------------------------------------------+-----------+--------+--------+
| Number of paths above max LUT budgeting (0.575ns)         | 0         | 0      | OK     |
| Number of paths above max Net budgeting (0.403ns)         | 0         | 0      | OK     |
+-----------------------------------------------------------+-----------+--------+--------+


================================================================
== Place & Route Timing Paths
================================================================
* Timing was met
+-------+-------+--------------------------------------------------------------------------------------------+------------------------------+--------------+------------+----------------+----------------+--------------+
| Path  | SLACK | STARTPOINT PIN                                                                             | ENDPOINT PIN                 | LOGIC LEVELS | MAX FANOUT | DATAPATH DELAY | DATAPATH LOGIC | DATAPATH NET |
|       |       |                                                                                            |                              |              |            |                |          DELAY |        DELAY |
+-------+-------+--------------------------------------------------------------------------------------------+------------------------------+--------------+------------+----------------+----------------+--------------+
| Path1 | 1.234 | grp_Sobel_Filter_Pipeline_VITIS_LOOP_26_1_VITIS_LOOP_28_2_fu_86/Gx_Value_reg_777_reg[31]/C | Output_r_TDATA_reg_reg[12]/R |           10 |         65 |          8.049 |          3.122 |        4.927 |
| Path2 | 1.234 | grp_Sobel_Filter_Pipeline_VITIS_LOOP_26_1_VITIS_LOOP_28_2_fu_86/Gx_Value_reg_777_reg[31]/C | Output_r_TDATA_reg_reg[13]/R |           10 |         65 |          8.049 |          3.122 |        4.927 |
| Path3 | 1.234 | grp_Sobel_Filter_Pipeline_VITIS_LOOP_26_1_VITIS_LOOP_28_2_fu_86/Gx_Value_reg_777_reg[31]/C | Output_r_TDATA_reg_reg[14]/R |           10 |         65 |          8.049 |          3.122 |        4.927 |
| Path4 | 1.234 | grp_Sobel_Filter_Pipeline_VITIS_LOOP_26_1_VITIS_LOOP_28_2_fu_86/Gx_Value_reg_777_reg[31]/C | Output_r_TDATA_reg_reg[15]/R |           10 |         65 |          8.049 |          3.122 |        4.927 |
| Path5 | 1.300 | grp_Sobel_Filter_Pipeline_VITIS_LOOP_26_1_VITIS_LOOP_28_2_fu_86/Gx_Value_reg_777_reg[31]/C | Output_r_TDATA_reg_reg[24]/R |           10 |         65 |          7.983 |          3.122 |        4.861 |
+-------+-------+--------------------------------------------------------------------------------------------+------------------------------+--------------+------------+----------------+----------------+--------------+

    +--------------------------------------------------------------------------------------------------+----------------------+
    | Path1 Cells                                                                                      | Primitive Type       |
    +--------------------------------------------------------------------------------------------------+----------------------+
    | grp_Sobel_Filter_Pipeline_VITIS_LOOP_26_1_VITIS_LOOP_28_2_fu_86/Gx_Value_reg_777_reg[31]         | FLOP_LATCH.flop.FDRE |
    | grp_Sobel_Filter_Pipeline_VITIS_LOOP_26_1_VITIS_LOOP_28_2_fu_86/Magnitude_fu_574_p2_carry__0_i_3 | LUT.others.LUT3      |
    | grp_Sobel_Filter_Pipeline_VITIS_LOOP_26_1_VITIS_LOOP_28_2_fu_86/Magnitude_fu_574_p2_carry__0     | CARRY.others.CARRY4  |
    | grp_Sobel_Filter_Pipeline_VITIS_LOOP_26_1_VITIS_LOOP_28_2_fu_86/Magnitude_fu_574_p2_carry__1     | CARRY.others.CARRY4  |
    | grp_Sobel_Filter_Pipeline_VITIS_LOOP_26_1_VITIS_LOOP_28_2_fu_86/Magnitude_fu_574_p2_carry__2     | CARRY.others.CARRY4  |
    | grp_Sobel_Filter_Pipeline_VITIS_LOOP_26_1_VITIS_LOOP_28_2_fu_86/Magnitude_fu_574_p2_carry__3     | CARRY.others.CARRY4  |
    | grp_Sobel_Filter_Pipeline_VITIS_LOOP_26_1_VITIS_LOOP_28_2_fu_86/Magnitude_fu_574_p2_carry__4     | CARRY.others.CARRY4  |
    | grp_Sobel_Filter_Pipeline_VITIS_LOOP_26_1_VITIS_LOOP_28_2_fu_86/Magnitude_fu_574_p2_carry__5     | CARRY.others.CARRY4  |
    | grp_Sobel_Filter_Pipeline_VITIS_LOOP_26_1_VITIS_LOOP_28_2_fu_86/icmp_ln68_fu_590_p2_carry__1_i_7 | LUT.others.LUT2      |
    | grp_Sobel_Filter_Pipeline_VITIS_LOOP_26_1_VITIS_LOOP_28_2_fu_86/icmp_ln68_fu_590_p2_carry__1     | CARRY.others.CARRY4  |
    | grp_Sobel_Filter_Pipeline_VITIS_LOOP_26_1_VITIS_LOOP_28_2_fu_86/Output_r_TDATA_reg[31]_i_1       | LUT.others.LUT2      |
    | Output_r_TDATA_reg_reg[12]                                                                       | FLOP_LATCH.flop.FDRE |
    +--------------------------------------------------------------------------------------------------+----------------------+

    +--------------------------------------------------------------------------------------------------+----------------------+
    | Path2 Cells                                                                                      | Primitive Type       |
    +--------------------------------------------------------------------------------------------------+----------------------+
    | grp_Sobel_Filter_Pipeline_VITIS_LOOP_26_1_VITIS_LOOP_28_2_fu_86/Gx_Value_reg_777_reg[31]         | FLOP_LATCH.flop.FDRE |
    | grp_Sobel_Filter_Pipeline_VITIS_LOOP_26_1_VITIS_LOOP_28_2_fu_86/Magnitude_fu_574_p2_carry__0_i_3 | LUT.others.LUT3      |
    | grp_Sobel_Filter_Pipeline_VITIS_LOOP_26_1_VITIS_LOOP_28_2_fu_86/Magnitude_fu_574_p2_carry__0     | CARRY.others.CARRY4  |
    | grp_Sobel_Filter_Pipeline_VITIS_LOOP_26_1_VITIS_LOOP_28_2_fu_86/Magnitude_fu_574_p2_carry__1     | CARRY.others.CARRY4  |
    | grp_Sobel_Filter_Pipeline_VITIS_LOOP_26_1_VITIS_LOOP_28_2_fu_86/Magnitude_fu_574_p2_carry__2     | CARRY.others.CARRY4  |
    | grp_Sobel_Filter_Pipeline_VITIS_LOOP_26_1_VITIS_LOOP_28_2_fu_86/Magnitude_fu_574_p2_carry__3     | CARRY.others.CARRY4  |
    | grp_Sobel_Filter_Pipeline_VITIS_LOOP_26_1_VITIS_LOOP_28_2_fu_86/Magnitude_fu_574_p2_carry__4     | CARRY.others.CARRY4  |
    | grp_Sobel_Filter_Pipeline_VITIS_LOOP_26_1_VITIS_LOOP_28_2_fu_86/Magnitude_fu_574_p2_carry__5     | CARRY.others.CARRY4  |
    | grp_Sobel_Filter_Pipeline_VITIS_LOOP_26_1_VITIS_LOOP_28_2_fu_86/icmp_ln68_fu_590_p2_carry__1_i_7 | LUT.others.LUT2      |
    | grp_Sobel_Filter_Pipeline_VITIS_LOOP_26_1_VITIS_LOOP_28_2_fu_86/icmp_ln68_fu_590_p2_carry__1     | CARRY.others.CARRY4  |
    | grp_Sobel_Filter_Pipeline_VITIS_LOOP_26_1_VITIS_LOOP_28_2_fu_86/Output_r_TDATA_reg[31]_i_1       | LUT.others.LUT2      |
    | Output_r_TDATA_reg_reg[13]                                                                       | FLOP_LATCH.flop.FDRE |
    +--------------------------------------------------------------------------------------------------+----------------------+

    +--------------------------------------------------------------------------------------------------+----------------------+
    | Path3 Cells                                                                                      | Primitive Type       |
    +--------------------------------------------------------------------------------------------------+----------------------+
    | grp_Sobel_Filter_Pipeline_VITIS_LOOP_26_1_VITIS_LOOP_28_2_fu_86/Gx_Value_reg_777_reg[31]         | FLOP_LATCH.flop.FDRE |
    | grp_Sobel_Filter_Pipeline_VITIS_LOOP_26_1_VITIS_LOOP_28_2_fu_86/Magnitude_fu_574_p2_carry__0_i_3 | LUT.others.LUT3      |
    | grp_Sobel_Filter_Pipeline_VITIS_LOOP_26_1_VITIS_LOOP_28_2_fu_86/Magnitude_fu_574_p2_carry__0     | CARRY.others.CARRY4  |
    | grp_Sobel_Filter_Pipeline_VITIS_LOOP_26_1_VITIS_LOOP_28_2_fu_86/Magnitude_fu_574_p2_carry__1     | CARRY.others.CARRY4  |
    | grp_Sobel_Filter_Pipeline_VITIS_LOOP_26_1_VITIS_LOOP_28_2_fu_86/Magnitude_fu_574_p2_carry__2     | CARRY.others.CARRY4  |
    | grp_Sobel_Filter_Pipeline_VITIS_LOOP_26_1_VITIS_LOOP_28_2_fu_86/Magnitude_fu_574_p2_carry__3     | CARRY.others.CARRY4  |
    | grp_Sobel_Filter_Pipeline_VITIS_LOOP_26_1_VITIS_LOOP_28_2_fu_86/Magnitude_fu_574_p2_carry__4     | CARRY.others.CARRY4  |
    | grp_Sobel_Filter_Pipeline_VITIS_LOOP_26_1_VITIS_LOOP_28_2_fu_86/Magnitude_fu_574_p2_carry__5     | CARRY.others.CARRY4  |
    | grp_Sobel_Filter_Pipeline_VITIS_LOOP_26_1_VITIS_LOOP_28_2_fu_86/icmp_ln68_fu_590_p2_carry__1_i_7 | LUT.others.LUT2      |
    | grp_Sobel_Filter_Pipeline_VITIS_LOOP_26_1_VITIS_LOOP_28_2_fu_86/icmp_ln68_fu_590_p2_carry__1     | CARRY.others.CARRY4  |
    | grp_Sobel_Filter_Pipeline_VITIS_LOOP_26_1_VITIS_LOOP_28_2_fu_86/Output_r_TDATA_reg[31]_i_1       | LUT.others.LUT2      |
    | Output_r_TDATA_reg_reg[14]                                                                       | FLOP_LATCH.flop.FDRE |
    +--------------------------------------------------------------------------------------------------+----------------------+

    +--------------------------------------------------------------------------------------------------+----------------------+
    | Path4 Cells                                                                                      | Primitive Type       |
    +--------------------------------------------------------------------------------------------------+----------------------+
    | grp_Sobel_Filter_Pipeline_VITIS_LOOP_26_1_VITIS_LOOP_28_2_fu_86/Gx_Value_reg_777_reg[31]         | FLOP_LATCH.flop.FDRE |
    | grp_Sobel_Filter_Pipeline_VITIS_LOOP_26_1_VITIS_LOOP_28_2_fu_86/Magnitude_fu_574_p2_carry__0_i_3 | LUT.others.LUT3      |
    | grp_Sobel_Filter_Pipeline_VITIS_LOOP_26_1_VITIS_LOOP_28_2_fu_86/Magnitude_fu_574_p2_carry__0     | CARRY.others.CARRY4  |
    | grp_Sobel_Filter_Pipeline_VITIS_LOOP_26_1_VITIS_LOOP_28_2_fu_86/Magnitude_fu_574_p2_carry__1     | CARRY.others.CARRY4  |
    | grp_Sobel_Filter_Pipeline_VITIS_LOOP_26_1_VITIS_LOOP_28_2_fu_86/Magnitude_fu_574_p2_carry__2     | CARRY.others.CARRY4  |
    | grp_Sobel_Filter_Pipeline_VITIS_LOOP_26_1_VITIS_LOOP_28_2_fu_86/Magnitude_fu_574_p2_carry__3     | CARRY.others.CARRY4  |
    | grp_Sobel_Filter_Pipeline_VITIS_LOOP_26_1_VITIS_LOOP_28_2_fu_86/Magnitude_fu_574_p2_carry__4     | CARRY.others.CARRY4  |
    | grp_Sobel_Filter_Pipeline_VITIS_LOOP_26_1_VITIS_LOOP_28_2_fu_86/Magnitude_fu_574_p2_carry__5     | CARRY.others.CARRY4  |
    | grp_Sobel_Filter_Pipeline_VITIS_LOOP_26_1_VITIS_LOOP_28_2_fu_86/icmp_ln68_fu_590_p2_carry__1_i_7 | LUT.others.LUT2      |
    | grp_Sobel_Filter_Pipeline_VITIS_LOOP_26_1_VITIS_LOOP_28_2_fu_86/icmp_ln68_fu_590_p2_carry__1     | CARRY.others.CARRY4  |
    | grp_Sobel_Filter_Pipeline_VITIS_LOOP_26_1_VITIS_LOOP_28_2_fu_86/Output_r_TDATA_reg[31]_i_1       | LUT.others.LUT2      |
    | Output_r_TDATA_reg_reg[15]                                                                       | FLOP_LATCH.flop.FDRE |
    +--------------------------------------------------------------------------------------------------+----------------------+

    +--------------------------------------------------------------------------------------------------+----------------------+
    | Path5 Cells                                                                                      | Primitive Type       |
    +--------------------------------------------------------------------------------------------------+----------------------+
    | grp_Sobel_Filter_Pipeline_VITIS_LOOP_26_1_VITIS_LOOP_28_2_fu_86/Gx_Value_reg_777_reg[31]         | FLOP_LATCH.flop.FDRE |
    | grp_Sobel_Filter_Pipeline_VITIS_LOOP_26_1_VITIS_LOOP_28_2_fu_86/Magnitude_fu_574_p2_carry__0_i_3 | LUT.others.LUT3      |
    | grp_Sobel_Filter_Pipeline_VITIS_LOOP_26_1_VITIS_LOOP_28_2_fu_86/Magnitude_fu_574_p2_carry__0     | CARRY.others.CARRY4  |
    | grp_Sobel_Filter_Pipeline_VITIS_LOOP_26_1_VITIS_LOOP_28_2_fu_86/Magnitude_fu_574_p2_carry__1     | CARRY.others.CARRY4  |
    | grp_Sobel_Filter_Pipeline_VITIS_LOOP_26_1_VITIS_LOOP_28_2_fu_86/Magnitude_fu_574_p2_carry__2     | CARRY.others.CARRY4  |
    | grp_Sobel_Filter_Pipeline_VITIS_LOOP_26_1_VITIS_LOOP_28_2_fu_86/Magnitude_fu_574_p2_carry__3     | CARRY.others.CARRY4  |
    | grp_Sobel_Filter_Pipeline_VITIS_LOOP_26_1_VITIS_LOOP_28_2_fu_86/Magnitude_fu_574_p2_carry__4     | CARRY.others.CARRY4  |
    | grp_Sobel_Filter_Pipeline_VITIS_LOOP_26_1_VITIS_LOOP_28_2_fu_86/Magnitude_fu_574_p2_carry__5     | CARRY.others.CARRY4  |
    | grp_Sobel_Filter_Pipeline_VITIS_LOOP_26_1_VITIS_LOOP_28_2_fu_86/icmp_ln68_fu_590_p2_carry__1_i_7 | LUT.others.LUT2      |
    | grp_Sobel_Filter_Pipeline_VITIS_LOOP_26_1_VITIS_LOOP_28_2_fu_86/icmp_ln68_fu_590_p2_carry__1     | CARRY.others.CARRY4  |
    | grp_Sobel_Filter_Pipeline_VITIS_LOOP_26_1_VITIS_LOOP_28_2_fu_86/Output_r_TDATA_reg[31]_i_1       | LUT.others.LUT2      |
    | Output_r_TDATA_reg_reg[24]                                                                       | FLOP_LATCH.flop.FDRE |
    +--------------------------------------------------------------------------------------------------+----------------------+


================================================================
== Place & Route Vivado Reports
================================================================
+--------------------------+----------------------------------------------------------------------+
| Report Type              | Report Location                                                      |
+--------------------------+----------------------------------------------------------------------+
| design_analysis          | impl/verilog/report/Sobel_Filter_design_analysis_routed.rpt          |
| failfast                 | impl/verilog/report/Sobel_Filter_failfast_routed.rpt                 |
| power                    | impl/verilog/report/Sobel_Filter_power_routed.rpt                    |
| status                   | impl/verilog/report/Sobel_Filter_status_routed.rpt                   |
| timing                   | impl/verilog/report/Sobel_Filter_timing_routed.rpt                   |
| timing_paths             | impl/verilog/report/Sobel_Filter_timing_paths_routed.rpt             |
| utilization              | impl/verilog/report/Sobel_Filter_utilization_routed.rpt              |
| utilization_hierarchical | impl/verilog/report/Sobel_Filter_utilization_hierarchical_routed.rpt |
+--------------------------+----------------------------------------------------------------------+


