

Implementation tool: Xilinx Vivado v.2026.1
Project:             Sobel_Filter_IP
Solution:            hls
Device target:       xc7z020-clg400-1
Report date:         Tue Sep 22 20:14:35 +0530 2026

#=== Post-Implementation Resource usage ===
SLICE:          360
LUT:            879
FF:            1275
DSP:              4
BRAM:             8
URAM:             0
LATCH:            0
SRL:             20
CLB:              0

#=== Final timing ===
CP required:                     10.000
CP achieved post-synthesis:      7.729
CP achieved post-implementation: 8.766
Timing met
