

================================================================
== Vitis HLS Report for 'Canny_Filter'
================================================================
* Date:           Thu Sep 24 14:58:44 2026

* Version:        2026.1 (Build 6493734 on Jun 16 2026)
* Project:        Canny_Filter_IP
* Solution:       hls
* Product family: zynq
* Target device:  xc7z020-clg400-1


================================================================
== Performance Estimates
================================================================
+ Timing: 
    * Summary: 
    +--------+----------+----------+------------+
    |  Clock |  Target  | Estimated| Uncertainty|
    +--------+----------+----------+------------+
    |ap_clk  |  10.00 ns|  7.396 ns|     2.70 ns|
    +--------+----------+----------+------------+

+ Latency: 
    * Summary: 
    +---------+---------+----------+----------+-----+-----+----------+
    |  Latency (cycles) |  Latency (absolute) |  Interval | Pipeline |
    |   min   |   max   |    min   |    max   | min | max |   Type   |
    +---------+---------+----------+----------+-----+-----+----------+
    |        ?|        ?|         ?|         ?|    ?|    ?|  dataflow|
    +---------+---------+----------+----------+-----+-----+----------+

    + Detail: 
        * Instance: 
        N/A

        * Loop: 
        N/A

============================================================
+ Verbose Summary: Synthesis Manager
============================================================
InlineROM: 1
ExposeGlobal: 0
============================================================
+ Verbose Summary: CDFG Model
============================================================
IsTopModel: 1
ResetActiveHigh: 1
IsCombinational: 2
IsDatapathOnly: 0
HasWiredReturn: 1
HasMFsm: 0
HasVarLatency: 1
IsPipeline: 0
IsRtlPipelined: 0
IsInstanceOverlapped: 0
IsDontTouch: 0
HasImplIP: 0
IsGatedGlobalClock: 0


============================================================
+ Verbose Summary: Schedule
============================================================
* Number of FSM states : 10
* Pipeline : 0
* Dataflow Pipeline: 1
  DF-Pipeline-0: Size = 10, States = { 1 2 3 4 5 6 7 8 9 10 }

* FSM state transitions: 
1 --> 2 
2 --> 3 
3 --> 4 
4 --> 5 
5 --> 6 
6 --> 7 
7 --> 8 
8 --> 9 
9 --> 10 
10 --> 

* FSM state operations: 

State 1 <SV = 0> <Delay = 0.00>
ST_1 : Operation 11 [1/1] (0.00ns)   --->   "%Low_Threshold_c = alloca i64 1" [Canny_Filter.cpp:13]   --->   Operation 11 'alloca' 'Low_Threshold_c' <Predicate = true> <Delay = 0.00> <CoreInst = "FIFO_SRL">   --->   Core 80 'FIFO_SRL' <Latency = 0> <II = 1> <Delay = 3.61> <Storage> <Opcode : 'read' 'write' 'nbread' 'nbwrite'> <Ports = 0> <Width = 32> <Depth = 5> <FIFO>
ST_1 : Operation 12 [1/1] (0.00ns)   --->   "%High_Threshold_c = alloca i64 1" [Canny_Filter.cpp:13]   --->   Operation 12 'alloca' 'High_Threshold_c' <Predicate = true> <Delay = 0.00> <CoreInst = "FIFO_SRL">   --->   Core 80 'FIFO_SRL' <Latency = 0> <II = 1> <Delay = 3.61> <Storage> <Opcode : 'read' 'write' 'nbread' 'nbwrite'> <Ports = 0> <Width = 32> <Depth = 5> <FIFO>
ST_1 : Operation 13 [1/1] (0.00ns)   --->   "%Cols_c4 = alloca i64 1" [Canny_Filter.cpp:13]   --->   Operation 13 'alloca' 'Cols_c4' <Predicate = true> <Delay = 0.00> <CoreInst = "FIFO_SRL">   --->   Core 80 'FIFO_SRL' <Latency = 0> <II = 1> <Delay = 3.63> <Storage> <Opcode : 'read' 'write' 'nbread' 'nbwrite'> <Ports = 0> <Width = 32> <Depth = 2> <FIFO>
ST_1 : Operation 14 [1/1] (0.00ns)   --->   "%Cols_c3 = alloca i64 1" [Canny_Filter.cpp:13]   --->   Operation 14 'alloca' 'Cols_c3' <Predicate = true> <Delay = 0.00> <CoreInst = "FIFO_SRL">   --->   Core 80 'FIFO_SRL' <Latency = 0> <II = 1> <Delay = 3.63> <Storage> <Opcode : 'read' 'write' 'nbread' 'nbwrite'> <Ports = 0> <Width = 32> <Depth = 2> <FIFO>
ST_1 : Operation 15 [1/1] (0.00ns)   --->   "%Cols_c = alloca i64 1" [Canny_Filter.cpp:13]   --->   Operation 15 'alloca' 'Cols_c' <Predicate = true> <Delay = 0.00> <CoreInst = "FIFO_SRL">   --->   Core 80 'FIFO_SRL' <Latency = 0> <II = 1> <Delay = 3.63> <Storage> <Opcode : 'read' 'write' 'nbread' 'nbwrite'> <Ports = 0> <Width = 32> <Depth = 2> <FIFO>
ST_1 : Operation 16 [1/1] (0.00ns)   --->   "%Rows_c2 = alloca i64 1" [Canny_Filter.cpp:13]   --->   Operation 16 'alloca' 'Rows_c2' <Predicate = true> <Delay = 0.00> <CoreInst = "FIFO_SRL">   --->   Core 80 'FIFO_SRL' <Latency = 0> <II = 1> <Delay = 3.63> <Storage> <Opcode : 'read' 'write' 'nbread' 'nbwrite'> <Ports = 0> <Width = 32> <Depth = 2> <FIFO>
ST_1 : Operation 17 [1/1] (0.00ns)   --->   "%Rows_c1 = alloca i64 1" [Canny_Filter.cpp:13]   --->   Operation 17 'alloca' 'Rows_c1' <Predicate = true> <Delay = 0.00> <CoreInst = "FIFO_SRL">   --->   Core 80 'FIFO_SRL' <Latency = 0> <II = 1> <Delay = 3.63> <Storage> <Opcode : 'read' 'write' 'nbread' 'nbwrite'> <Ports = 0> <Width = 32> <Depth = 2> <FIFO>
ST_1 : Operation 18 [1/1] (0.00ns)   --->   "%Rows_c = alloca i64 1" [Canny_Filter.cpp:13]   --->   Operation 18 'alloca' 'Rows_c' <Predicate = true> <Delay = 0.00> <CoreInst = "FIFO_SRL">   --->   Core 80 'FIFO_SRL' <Latency = 0> <II = 1> <Delay = 3.63> <Storage> <Opcode : 'read' 'write' 'nbread' 'nbwrite'> <Ports = 0> <Width = 32> <Depth = 2> <FIFO>
ST_1 : Operation 19 [1/1] (0.00ns)   --->   "%Gaussian_to_Sobel = alloca i64 1" [Canny_Filter.cpp:15]   --->   Operation 19 'alloca' 'Gaussian_to_Sobel' <Predicate = true> <Delay = 0.00> <CoreInst = "FIFO_SRL">   --->   Core 80 'FIFO_SRL' <Latency = 0> <II = 1> <Delay = 3.54> <Storage> <Opcode : 'read' 'write' 'nbread' 'nbwrite'> <Ports = 0> <Width = 32> <Depth = 8> <FIFO>
ST_1 : Operation 20 [1/1] (0.00ns)   --->   "%Sobel_to_Suppression = alloca i64 1" [Canny_Filter.cpp:16]   --->   Operation 20 'alloca' 'Sobel_to_Suppression' <Predicate = true> <Delay = 0.00> <CoreInst = "FIFO_SRL">   --->   Core 80 'FIFO_SRL' <Latency = 0> <II = 1> <Delay = 3.54> <Storage> <Opcode : 'read' 'write' 'nbread' 'nbwrite'> <Ports = 0> <Width = 32> <Depth = 8> <FIFO>
ST_1 : Operation 21 [1/1] (0.00ns)   --->   "%Suppression_to_Hysteresis = alloca i64 1" [Canny_Filter.cpp:17]   --->   Operation 21 'alloca' 'Suppression_to_Hysteresis' <Predicate = true> <Delay = 0.00> <CoreInst = "FIFO_SRL">   --->   Core 80 'FIFO_SRL' <Latency = 0> <II = 1> <Delay = 3.54> <Storage> <Opcode : 'read' 'write' 'nbread' 'nbwrite'> <Ports = 0> <Width = 32> <Depth = 8> <FIFO>

State 2 <SV = 1> <Delay = 4.63>
ST_2 : Operation 22 [1/1] (1.00ns)   --->   "%Low_Threshold_read = read i32 @_ssdm_op_Read.s_axilite.i32, i32 %Low_Threshold" [Canny_Filter.cpp:13]   --->   Operation 22 'read' 'Low_Threshold_read' <Predicate = true> <Delay = 1.00> <CoreInst = "s_axilite">   --->   Core 112 's_axilite' <Latency = 0> <II = 1> <Delay = 1.00> <Adapter> <Opcode : 'read' 'write'>
ST_2 : Operation 23 [1/1] (1.00ns)   --->   "%High_Threshold_read = read i32 @_ssdm_op_Read.s_axilite.i32, i32 %High_Threshold" [Canny_Filter.cpp:13]   --->   Operation 23 'read' 'High_Threshold_read' <Predicate = true> <Delay = 1.00> <CoreInst = "s_axilite">   --->   Core 112 's_axilite' <Latency = 0> <II = 1> <Delay = 1.00> <Adapter> <Opcode : 'read' 'write'>
ST_2 : Operation 24 [1/1] (1.00ns)   --->   "%Cols_read = read i32 @_ssdm_op_Read.s_axilite.i32, i32 %Cols" [Canny_Filter.cpp:13]   --->   Operation 24 'read' 'Cols_read' <Predicate = true> <Delay = 1.00> <CoreInst = "s_axilite">   --->   Core 112 's_axilite' <Latency = 0> <II = 1> <Delay = 1.00> <Adapter> <Opcode : 'read' 'write'>
ST_2 : Operation 25 [1/1] (1.00ns)   --->   "%Rows_read = read i32 @_ssdm_op_Read.s_axilite.i32, i32 %Rows" [Canny_Filter.cpp:13]   --->   Operation 25 'read' 'Rows_read' <Predicate = true> <Delay = 1.00> <CoreInst = "s_axilite">   --->   Core 112 's_axilite' <Latency = 0> <II = 1> <Delay = 1.00> <Adapter> <Opcode : 'read' 'write'>
ST_2 : Operation 26 [1/1] (3.61ns)   --->   "%call_ln13 = call void @entry_proc, i32 %High_Threshold_read, i32 %High_Threshold_c, i32 %Low_Threshold_read, i32 %Low_Threshold_c" [Canny_Filter.cpp:13]   --->   Operation 26 'call' 'call_ln13' <Predicate = true> <Delay = 3.61> <CoreType = "Generic">   --->   Generic Core
ST_2 : Operation 27 [2/2] (3.63ns)   --->   "%call_ln23 = call void @Gaussian_Filter, i32 %Input_Stream_V_data_V, i4 %Input_Stream_V_keep_V, i4 %Input_Stream_V_strb_V, i3 %Input_Stream_V_user_V, i1 %Input_Stream_V_last_V, i5 %Input_Stream_V_id_V, i6 %Input_Stream_V_dest_V, i32 %Gaussian_to_Sobel, i32 %Rows_read, i32 %Cols_read, i32 %Rows_c2, i32 %Cols_c4" [Canny_Filter.cpp:23]   --->   Operation 27 'call' 'call_ln23' <Predicate = true> <Delay = 3.63> <CoreType = "Generic">   --->   Generic Core

State 3 <SV = 2> <Delay = 0.00>
ST_3 : Operation 28 [1/2] (0.00ns)   --->   "%call_ln23 = call void @Gaussian_Filter, i32 %Input_Stream_V_data_V, i4 %Input_Stream_V_keep_V, i4 %Input_Stream_V_strb_V, i3 %Input_Stream_V_user_V, i1 %Input_Stream_V_last_V, i5 %Input_Stream_V_id_V, i6 %Input_Stream_V_dest_V, i32 %Gaussian_to_Sobel, i32 %Rows_read, i32 %Cols_read, i32 %Rows_c2, i32 %Cols_c4" [Canny_Filter.cpp:23]   --->   Operation 28 'call' 'call_ln23' <Predicate = true> <Delay = 0.00> <CoreType = "Generic">   --->   Generic Core

State 4 <SV = 3> <Delay = 0.00>
ST_4 : Operation 29 [2/2] (0.00ns)   --->   "%call_ln24 = call void @Sobel_Filter, i32 %Gaussian_to_Sobel, i32 %Sobel_to_Suppression, i32 %Rows_c2, i32 %Cols_c4, i32 %Rows_c1, i32 %Cols_c3" [Canny_Filter.cpp:24]   --->   Operation 29 'call' 'call_ln24' <Predicate = true> <Delay = 0.00> <CoreType = "Generic">   --->   Generic Core

State 5 <SV = 4> <Delay = 0.00>
ST_5 : Operation 30 [1/2] (0.00ns)   --->   "%call_ln24 = call void @Sobel_Filter, i32 %Gaussian_to_Sobel, i32 %Sobel_to_Suppression, i32 %Rows_c2, i32 %Cols_c4, i32 %Rows_c1, i32 %Cols_c3" [Canny_Filter.cpp:24]   --->   Operation 30 'call' 'call_ln24' <Predicate = true> <Delay = 0.00> <CoreType = "Generic">   --->   Generic Core

State 6 <SV = 5> <Delay = 0.00>
ST_6 : Operation 31 [2/2] (0.00ns)   --->   "%call_ln25 = call void @Suppression_Filter, i32 %Sobel_to_Suppression, i32 %Suppression_to_Hysteresis, i32 %Rows_c1, i32 %Cols_c3, i32 %Rows_c, i32 %Cols_c" [Canny_Filter.cpp:25]   --->   Operation 31 'call' 'call_ln25' <Predicate = true> <Delay = 0.00> <CoreType = "Generic">   --->   Generic Core

State 7 <SV = 6> <Delay = 0.00>
ST_7 : Operation 32 [1/2] (0.00ns)   --->   "%call_ln25 = call void @Suppression_Filter, i32 %Sobel_to_Suppression, i32 %Suppression_to_Hysteresis, i32 %Rows_c1, i32 %Cols_c3, i32 %Rows_c, i32 %Cols_c" [Canny_Filter.cpp:25]   --->   Operation 32 'call' 'call_ln25' <Predicate = true> <Delay = 0.00> <CoreType = "Generic">   --->   Generic Core

State 8 <SV = 7> <Delay = 0.00>
ST_8 : Operation 33 [2/2] (0.00ns)   --->   "%call_ln26 = call void @Hysteresis_Filter, i32 %Suppression_to_Hysteresis, i32 %Output_Stream_V_data_V, i4 %Output_Stream_V_keep_V, i4 %Output_Stream_V_strb_V, i3 %Output_Stream_V_user_V, i1 %Output_Stream_V_last_V, i5 %Output_Stream_V_id_V, i6 %Output_Stream_V_dest_V, i32 %Rows_c, i32 %Cols_c, i32 %High_Threshold_c, i32 %Low_Threshold_c" [Canny_Filter.cpp:26]   --->   Operation 33 'call' 'call_ln26' <Predicate = true> <Delay = 0.00> <CoreType = "Generic">   --->   Generic Core

State 9 <SV = 8> <Delay = 0.00>
ST_9 : Operation 34 [1/2] (0.00ns)   --->   "%call_ln26 = call void @Hysteresis_Filter, i32 %Suppression_to_Hysteresis, i32 %Output_Stream_V_data_V, i4 %Output_Stream_V_keep_V, i4 %Output_Stream_V_strb_V, i3 %Output_Stream_V_user_V, i1 %Output_Stream_V_last_V, i5 %Output_Stream_V_id_V, i6 %Output_Stream_V_dest_V, i32 %Rows_c, i32 %Cols_c, i32 %High_Threshold_c, i32 %Low_Threshold_c" [Canny_Filter.cpp:26]   --->   Operation 34 'call' 'call_ln26' <Predicate = true> <Delay = 0.00> <CoreType = "Generic">   --->   Generic Core

State 10 <SV = 9> <Delay = 0.00>
ST_10 : Operation 35 [1/1] (0.00ns)   --->   "%empty = specchannel i32 @_ssdm_op_SpecChannel, void @Low_Threshold_c_str, i32 1, void @p_str, void @p_str, i32 5, i32 0, i32 %Low_Threshold_c, i32 %Low_Threshold_c" [Canny_Filter.cpp:13]   --->   Operation 35 'specchannel' 'empty' <Predicate = true> <Delay = 0.00>
ST_10 : Operation 36 [1/1] (0.00ns)   --->   "%specinterface_ln13 = specinterface void @_ssdm_op_SpecInterface, i32 %Low_Threshold_c, void @ap_fifo_str, i32 0, i32 0, void @p_str, i32 0, i32 0, void @p_str, void @p_str, void @p_str, i32 2, i32 2, i32 16, i32 16, void @p_str, void @p_str, i32 4294967295, i32 0, i32 0, i32 0" [Canny_Filter.cpp:13]   --->   Operation 36 'specinterface' 'specinterface_ln13' <Predicate = true> <Delay = 0.00>
ST_10 : Operation 37 [1/1] (0.00ns)   --->   "%empty_83 = specchannel i32 @_ssdm_op_SpecChannel, void @High_Threshold_c_str, i32 1, void @p_str, void @p_str, i32 5, i32 0, i32 %High_Threshold_c, i32 %High_Threshold_c" [Canny_Filter.cpp:13]   --->   Operation 37 'specchannel' 'empty_83' <Predicate = true> <Delay = 0.00>
ST_10 : Operation 38 [1/1] (0.00ns)   --->   "%specinterface_ln13 = specinterface void @_ssdm_op_SpecInterface, i32 %High_Threshold_c, void @ap_fifo_str, i32 0, i32 0, void @p_str, i32 0, i32 0, void @p_str, void @p_str, void @p_str, i32 2, i32 2, i32 16, i32 16, void @p_str, void @p_str, i32 4294967295, i32 0, i32 0, i32 0" [Canny_Filter.cpp:13]   --->   Operation 38 'specinterface' 'specinterface_ln13' <Predicate = true> <Delay = 0.00>
ST_10 : Operation 39 [1/1] (0.00ns)   --->   "%empty_84 = specchannel i32 @_ssdm_op_SpecChannel, void @Cols_c4_str, i32 1, void @p_str, void @p_str, i32 2, i32 0, i32 %Cols_c4, i32 %Cols_c4" [Canny_Filter.cpp:13]   --->   Operation 39 'specchannel' 'empty_84' <Predicate = true> <Delay = 0.00>
ST_10 : Operation 40 [1/1] (0.00ns)   --->   "%specinterface_ln13 = specinterface void @_ssdm_op_SpecInterface, i32 %Cols_c4, void @ap_fifo_str, i32 0, i32 0, void @p_str, i32 0, i32 0, void @p_str, void @p_str, void @p_str, i32 2, i32 2, i32 16, i32 16, void @p_str, void @p_str, i32 4294967295, i32 0, i32 0, i32 0" [Canny_Filter.cpp:13]   --->   Operation 40 'specinterface' 'specinterface_ln13' <Predicate = true> <Delay = 0.00>
ST_10 : Operation 41 [1/1] (0.00ns)   --->   "%empty_85 = specchannel i32 @_ssdm_op_SpecChannel, void @Cols_c3_str, i32 1, void @p_str, void @p_str, i32 2, i32 0, i32 %Cols_c3, i32 %Cols_c3" [Canny_Filter.cpp:13]   --->   Operation 41 'specchannel' 'empty_85' <Predicate = true> <Delay = 0.00>
ST_10 : Operation 42 [1/1] (0.00ns)   --->   "%specinterface_ln13 = specinterface void @_ssdm_op_SpecInterface, i32 %Cols_c3, void @ap_fifo_str, i32 0, i32 0, void @p_str, i32 0, i32 0, void @p_str, void @p_str, void @p_str, i32 2, i32 2, i32 16, i32 16, void @p_str, void @p_str, i32 4294967295, i32 0, i32 0, i32 0" [Canny_Filter.cpp:13]   --->   Operation 42 'specinterface' 'specinterface_ln13' <Predicate = true> <Delay = 0.00>
ST_10 : Operation 43 [1/1] (0.00ns)   --->   "%empty_86 = specchannel i32 @_ssdm_op_SpecChannel, void @Cols_c_str, i32 1, void @p_str, void @p_str, i32 2, i32 0, i32 %Cols_c, i32 %Cols_c" [Canny_Filter.cpp:13]   --->   Operation 43 'specchannel' 'empty_86' <Predicate = true> <Delay = 0.00>
ST_10 : Operation 44 [1/1] (0.00ns)   --->   "%specinterface_ln13 = specinterface void @_ssdm_op_SpecInterface, i32 %Cols_c, void @ap_fifo_str, i32 0, i32 0, void @p_str, i32 0, i32 0, void @p_str, void @p_str, void @p_str, i32 2, i32 2, i32 16, i32 16, void @p_str, void @p_str, i32 4294967295, i32 0, i32 0, i32 0" [Canny_Filter.cpp:13]   --->   Operation 44 'specinterface' 'specinterface_ln13' <Predicate = true> <Delay = 0.00>
ST_10 : Operation 45 [1/1] (0.00ns)   --->   "%empty_87 = specchannel i32 @_ssdm_op_SpecChannel, void @Rows_c2_str, i32 1, void @p_str, void @p_str, i32 2, i32 0, i32 %Rows_c2, i32 %Rows_c2" [Canny_Filter.cpp:13]   --->   Operation 45 'specchannel' 'empty_87' <Predicate = true> <Delay = 0.00>
ST_10 : Operation 46 [1/1] (0.00ns)   --->   "%specinterface_ln13 = specinterface void @_ssdm_op_SpecInterface, i32 %Rows_c2, void @ap_fifo_str, i32 0, i32 0, void @p_str, i32 0, i32 0, void @p_str, void @p_str, void @p_str, i32 2, i32 2, i32 16, i32 16, void @p_str, void @p_str, i32 4294967295, i32 0, i32 0, i32 0" [Canny_Filter.cpp:13]   --->   Operation 46 'specinterface' 'specinterface_ln13' <Predicate = true> <Delay = 0.00>
ST_10 : Operation 47 [1/1] (0.00ns)   --->   "%empty_88 = specchannel i32 @_ssdm_op_SpecChannel, void @Rows_c1_str, i32 1, void @p_str, void @p_str, i32 2, i32 0, i32 %Rows_c1, i32 %Rows_c1" [Canny_Filter.cpp:13]   --->   Operation 47 'specchannel' 'empty_88' <Predicate = true> <Delay = 0.00>
ST_10 : Operation 48 [1/1] (0.00ns)   --->   "%specinterface_ln13 = specinterface void @_ssdm_op_SpecInterface, i32 %Rows_c1, void @ap_fifo_str, i32 0, i32 0, void @p_str, i32 0, i32 0, void @p_str, void @p_str, void @p_str, i32 2, i32 2, i32 16, i32 16, void @p_str, void @p_str, i32 4294967295, i32 0, i32 0, i32 0" [Canny_Filter.cpp:13]   --->   Operation 48 'specinterface' 'specinterface_ln13' <Predicate = true> <Delay = 0.00>
ST_10 : Operation 49 [1/1] (0.00ns)   --->   "%empty_89 = specchannel i32 @_ssdm_op_SpecChannel, void @Rows_c_str, i32 1, void @p_str, void @p_str, i32 2, i32 0, i32 %Rows_c, i32 %Rows_c" [Canny_Filter.cpp:13]   --->   Operation 49 'specchannel' 'empty_89' <Predicate = true> <Delay = 0.00>
ST_10 : Operation 50 [1/1] (0.00ns)   --->   "%specinterface_ln13 = specinterface void @_ssdm_op_SpecInterface, i32 %Rows_c, void @ap_fifo_str, i32 0, i32 0, void @p_str, i32 0, i32 0, void @p_str, void @p_str, void @p_str, i32 2, i32 2, i32 16, i32 16, void @p_str, void @p_str, i32 4294967295, i32 0, i32 0, i32 0" [Canny_Filter.cpp:13]   --->   Operation 50 'specinterface' 'specinterface_ln13' <Predicate = true> <Delay = 0.00>
ST_10 : Operation 51 [1/1] (0.00ns)   --->   "%specdataflowpipeline_ln13 = specdataflowpipeline void @_ssdm_op_SpecDataflowPipeline, i32 4294967295, i32 0, void @empty_1" [Canny_Filter.cpp:13]   --->   Operation 51 'specdataflowpipeline' 'specdataflowpipeline_ln13' <Predicate = true> <Delay = 0.00>
ST_10 : Operation 52 [1/1] (0.00ns)   --->   "%spectopmodule_ln3 = spectopmodule void @_ssdm_op_SpecTopModule, void @empty_12" [Canny_Filter.cpp:3]   --->   Operation 52 'spectopmodule' 'spectopmodule_ln3' <Predicate = true> <Delay = 0.00>
ST_10 : Operation 53 [1/1] (0.00ns)   --->   "%specinterface_ln0 = specinterface void @_ssdm_op_SpecInterface, i32 %Input_Stream_V_data_V, i4 %Input_Stream_V_keep_V, i4 %Input_Stream_V_strb_V, i3 %Input_Stream_V_user_V, i1 %Input_Stream_V_last_V, i5 %Input_Stream_V_id_V, i6 %Input_Stream_V_dest_V, void @empty, i32 1, i32 1, void @empty_0, i32 0, i32 0, void @empty_1, void @empty_1, void @empty_1, i32 0, i32 0, i32 0, i32 0, void @empty_1, void @empty_1, i32 4294967295, i32 0, i32 0, i32 0"   --->   Operation 53 'specinterface' 'specinterface_ln0' <Predicate = true> <Delay = 0.00>
ST_10 : Operation 54 [1/1] (0.00ns)   --->   "%specbitsmap_ln0 = specbitsmap void @_ssdm_op_SpecBitsMap, i32 %Input_Stream_V_data_V"   --->   Operation 54 'specbitsmap' 'specbitsmap_ln0' <Predicate = true> <Delay = 0.00>
ST_10 : Operation 55 [1/1] (0.00ns)   --->   "%specbitsmap_ln0 = specbitsmap void @_ssdm_op_SpecBitsMap, i4 %Input_Stream_V_keep_V"   --->   Operation 55 'specbitsmap' 'specbitsmap_ln0' <Predicate = true> <Delay = 0.00>
ST_10 : Operation 56 [1/1] (0.00ns)   --->   "%specbitsmap_ln0 = specbitsmap void @_ssdm_op_SpecBitsMap, i4 %Input_Stream_V_strb_V"   --->   Operation 56 'specbitsmap' 'specbitsmap_ln0' <Predicate = true> <Delay = 0.00>
ST_10 : Operation 57 [1/1] (0.00ns)   --->   "%specbitsmap_ln0 = specbitsmap void @_ssdm_op_SpecBitsMap, i3 %Input_Stream_V_user_V"   --->   Operation 57 'specbitsmap' 'specbitsmap_ln0' <Predicate = true> <Delay = 0.00>
ST_10 : Operation 58 [1/1] (0.00ns)   --->   "%specbitsmap_ln0 = specbitsmap void @_ssdm_op_SpecBitsMap, i1 %Input_Stream_V_last_V"   --->   Operation 58 'specbitsmap' 'specbitsmap_ln0' <Predicate = true> <Delay = 0.00>
ST_10 : Operation 59 [1/1] (0.00ns)   --->   "%specbitsmap_ln0 = specbitsmap void @_ssdm_op_SpecBitsMap, i5 %Input_Stream_V_id_V"   --->   Operation 59 'specbitsmap' 'specbitsmap_ln0' <Predicate = true> <Delay = 0.00>
ST_10 : Operation 60 [1/1] (0.00ns)   --->   "%specbitsmap_ln0 = specbitsmap void @_ssdm_op_SpecBitsMap, i6 %Input_Stream_V_dest_V"   --->   Operation 60 'specbitsmap' 'specbitsmap_ln0' <Predicate = true> <Delay = 0.00>
ST_10 : Operation 61 [1/1] (0.00ns)   --->   "%specinterface_ln0 = specinterface void @_ssdm_op_SpecInterface, i32 %Output_Stream_V_data_V, i4 %Output_Stream_V_keep_V, i4 %Output_Stream_V_strb_V, i3 %Output_Stream_V_user_V, i1 %Output_Stream_V_last_V, i5 %Output_Stream_V_id_V, i6 %Output_Stream_V_dest_V, void @empty, i32 1, i32 1, void @empty_0, i32 0, i32 0, void @empty_1, void @empty_1, void @empty_1, i32 0, i32 0, i32 0, i32 0, void @empty_1, void @empty_1, i32 4294967295, i32 0, i32 0, i32 0"   --->   Operation 61 'specinterface' 'specinterface_ln0' <Predicate = true> <Delay = 0.00>
ST_10 : Operation 62 [1/1] (0.00ns)   --->   "%specbitsmap_ln0 = specbitsmap void @_ssdm_op_SpecBitsMap, i32 %Output_Stream_V_data_V"   --->   Operation 62 'specbitsmap' 'specbitsmap_ln0' <Predicate = true> <Delay = 0.00>
ST_10 : Operation 63 [1/1] (0.00ns)   --->   "%specbitsmap_ln0 = specbitsmap void @_ssdm_op_SpecBitsMap, i4 %Output_Stream_V_keep_V"   --->   Operation 63 'specbitsmap' 'specbitsmap_ln0' <Predicate = true> <Delay = 0.00>
ST_10 : Operation 64 [1/1] (0.00ns)   --->   "%specbitsmap_ln0 = specbitsmap void @_ssdm_op_SpecBitsMap, i4 %Output_Stream_V_strb_V"   --->   Operation 64 'specbitsmap' 'specbitsmap_ln0' <Predicate = true> <Delay = 0.00>
ST_10 : Operation 65 [1/1] (0.00ns)   --->   "%specbitsmap_ln0 = specbitsmap void @_ssdm_op_SpecBitsMap, i3 %Output_Stream_V_user_V"   --->   Operation 65 'specbitsmap' 'specbitsmap_ln0' <Predicate = true> <Delay = 0.00>
ST_10 : Operation 66 [1/1] (0.00ns)   --->   "%specbitsmap_ln0 = specbitsmap void @_ssdm_op_SpecBitsMap, i1 %Output_Stream_V_last_V"   --->   Operation 66 'specbitsmap' 'specbitsmap_ln0' <Predicate = true> <Delay = 0.00>
ST_10 : Operation 67 [1/1] (0.00ns)   --->   "%specbitsmap_ln0 = specbitsmap void @_ssdm_op_SpecBitsMap, i5 %Output_Stream_V_id_V"   --->   Operation 67 'specbitsmap' 'specbitsmap_ln0' <Predicate = true> <Delay = 0.00>
ST_10 : Operation 68 [1/1] (0.00ns)   --->   "%specbitsmap_ln0 = specbitsmap void @_ssdm_op_SpecBitsMap, i6 %Output_Stream_V_dest_V"   --->   Operation 68 'specbitsmap' 'specbitsmap_ln0' <Predicate = true> <Delay = 0.00>
ST_10 : Operation 69 [1/1] (0.00ns)   --->   "%specbitsmap_ln0 = specbitsmap void @_ssdm_op_SpecBitsMap, i32 %Rows"   --->   Operation 69 'specbitsmap' 'specbitsmap_ln0' <Predicate = true> <Delay = 0.00>
ST_10 : Operation 70 [1/1] (0.00ns)   --->   "%specinterface_ln0 = specinterface void @_ssdm_op_SpecInterface, i32 %Rows, void @empty_2, i32 0, i32 0, void @empty_1, i32 0, i32 0, void @empty_3, void @empty_4, void @empty_1, i32 0, i32 0, i32 0, i32 0, void @empty_1, void @empty_1, i32 4294967295, i32 0, i32 0, i32 0"   --->   Operation 70 'specinterface' 'specinterface_ln0' <Predicate = true> <Delay = 0.00>
ST_10 : Operation 71 [1/1] (0.00ns)   --->   "%specinterface_ln0 = specinterface void @_ssdm_op_SpecInterface, i32 %Rows, void @empty_5, i32 0, i32 0, void @empty_1, i32 0, i32 0, void @empty_1, void @empty_1, void @empty_1, i32 0, i32 0, i32 0, i32 0, void @empty_1, void @empty_1, i32 4294967295, i32 0, i32 0, i32 0"   --->   Operation 71 'specinterface' 'specinterface_ln0' <Predicate = true> <Delay = 0.00>
ST_10 : Operation 72 [1/1] (0.00ns)   --->   "%specbitsmap_ln0 = specbitsmap void @_ssdm_op_SpecBitsMap, i32 %Cols"   --->   Operation 72 'specbitsmap' 'specbitsmap_ln0' <Predicate = true> <Delay = 0.00>
ST_10 : Operation 73 [1/1] (0.00ns)   --->   "%specinterface_ln0 = specinterface void @_ssdm_op_SpecInterface, i32 %Cols, void @empty_2, i32 0, i32 0, void @empty_1, i32 0, i32 0, void @empty_3, void @empty_6, void @empty_1, i32 0, i32 0, i32 0, i32 0, void @empty_1, void @empty_1, i32 4294967295, i32 0, i32 0, i32 0"   --->   Operation 73 'specinterface' 'specinterface_ln0' <Predicate = true> <Delay = 0.00>
ST_10 : Operation 74 [1/1] (0.00ns)   --->   "%specinterface_ln0 = specinterface void @_ssdm_op_SpecInterface, i32 %Cols, void @empty_5, i32 0, i32 0, void @empty_1, i32 0, i32 0, void @empty_1, void @empty_1, void @empty_1, i32 0, i32 0, i32 0, i32 0, void @empty_1, void @empty_1, i32 4294967295, i32 0, i32 0, i32 0"   --->   Operation 74 'specinterface' 'specinterface_ln0' <Predicate = true> <Delay = 0.00>
ST_10 : Operation 75 [1/1] (0.00ns)   --->   "%specbitsmap_ln0 = specbitsmap void @_ssdm_op_SpecBitsMap, i32 %High_Threshold"   --->   Operation 75 'specbitsmap' 'specbitsmap_ln0' <Predicate = true> <Delay = 0.00>
ST_10 : Operation 76 [1/1] (0.00ns)   --->   "%specinterface_ln0 = specinterface void @_ssdm_op_SpecInterface, i32 %High_Threshold, void @empty_2, i32 0, i32 0, void @empty_1, i32 0, i32 0, void @empty_3, void @empty_7, void @empty_1, i32 0, i32 0, i32 0, i32 0, void @empty_1, void @empty_1, i32 4294967295, i32 0, i32 0, i32 0"   --->   Operation 76 'specinterface' 'specinterface_ln0' <Predicate = true> <Delay = 0.00>
ST_10 : Operation 77 [1/1] (0.00ns)   --->   "%specinterface_ln0 = specinterface void @_ssdm_op_SpecInterface, i32 %High_Threshold, void @empty_5, i32 0, i32 0, void @empty_1, i32 0, i32 0, void @empty_1, void @empty_1, void @empty_1, i32 0, i32 0, i32 0, i32 0, void @empty_1, void @empty_1, i32 4294967295, i32 0, i32 0, i32 0"   --->   Operation 77 'specinterface' 'specinterface_ln0' <Predicate = true> <Delay = 0.00>
ST_10 : Operation 78 [1/1] (0.00ns)   --->   "%specbitsmap_ln0 = specbitsmap void @_ssdm_op_SpecBitsMap, i32 %Low_Threshold"   --->   Operation 78 'specbitsmap' 'specbitsmap_ln0' <Predicate = true> <Delay = 0.00>
ST_10 : Operation 79 [1/1] (0.00ns)   --->   "%specinterface_ln0 = specinterface void @_ssdm_op_SpecInterface, i32 %Low_Threshold, void @empty_2, i32 0, i32 0, void @empty_1, i32 0, i32 0, void @empty_3, void @empty_8, void @empty_1, i32 0, i32 0, i32 0, i32 0, void @empty_1, void @empty_1, i32 4294967295, i32 0, i32 0, i32 0"   --->   Operation 79 'specinterface' 'specinterface_ln0' <Predicate = true> <Delay = 0.00>
ST_10 : Operation 80 [1/1] (0.00ns)   --->   "%specinterface_ln0 = specinterface void @_ssdm_op_SpecInterface, i32 %Low_Threshold, void @empty_5, i32 0, i32 0, void @empty_1, i32 0, i32 0, void @empty_1, void @empty_1, void @empty_1, i32 0, i32 0, i32 0, i32 0, void @empty_1, void @empty_1, i32 4294967295, i32 0, i32 0, i32 0"   --->   Operation 80 'specinterface' 'specinterface_ln0' <Predicate = true> <Delay = 0.00>
ST_10 : Operation 81 [1/1] (0.00ns)   --->   "%specinterface_ln0 = specinterface void @_ssdm_op_SpecInterface, i32 0, void @empty_2, i32 0, i32 0, void @empty_1, i32 0, i32 0, void @empty_3, void @empty_1, void @empty_1, i32 0, i32 0, i32 0, i32 0, void @empty_1, void @empty_1, i32 0, i32 0, i32 0, i32 0"   --->   Operation 81 'specinterface' 'specinterface_ln0' <Predicate = true> <Delay = 0.00>
ST_10 : Operation 82 [1/1] (0.00ns)   --->   "%empty_90 = specchannel i32 @_ssdm_op_SpecChannel, void @Gaussian_to_Sobel_str, i32 1, void @p_str, void @p_str, i32 8, i32 8, i32 %Gaussian_to_Sobel, i32 %Gaussian_to_Sobel"   --->   Operation 82 'specchannel' 'empty_90' <Predicate = true> <Delay = 0.00>
ST_10 : Operation 83 [1/1] (0.00ns)   --->   "%specinterface_ln0 = specinterface void @_ssdm_op_SpecInterface, i32 %Gaussian_to_Sobel, void @empty_9, i32 0, i32 0, void @empty_1, i32 0, i32 0, void @empty_1, void @empty_1, void @empty_1, i32 0, i32 0, i32 0, i32 0, void @empty_1, void @empty_1, i32 4294967295, i32 0, i32 0, i32 0"   --->   Operation 83 'specinterface' 'specinterface_ln0' <Predicate = true> <Delay = 0.00>
ST_10 : Operation 84 [1/1] (0.00ns)   --->   "%empty_91 = specchannel i32 @_ssdm_op_SpecChannel, void @Sobel_to_Suppression_str, i32 1, void @p_str, void @p_str, i32 8, i32 8, i32 %Sobel_to_Suppression, i32 %Sobel_to_Suppression"   --->   Operation 84 'specchannel' 'empty_91' <Predicate = true> <Delay = 0.00>
ST_10 : Operation 85 [1/1] (0.00ns)   --->   "%specinterface_ln0 = specinterface void @_ssdm_op_SpecInterface, i32 %Sobel_to_Suppression, void @empty_9, i32 0, i32 0, void @empty_1, i32 0, i32 0, void @empty_1, void @empty_1, void @empty_1, i32 0, i32 0, i32 0, i32 0, void @empty_1, void @empty_1, i32 4294967295, i32 0, i32 0, i32 0"   --->   Operation 85 'specinterface' 'specinterface_ln0' <Predicate = true> <Delay = 0.00>
ST_10 : Operation 86 [1/1] (0.00ns)   --->   "%empty_92 = specchannel i32 @_ssdm_op_SpecChannel, void @Suppression_to_Hysteresis_str, i32 1, void @p_str, void @p_str, i32 8, i32 8, i32 %Suppression_to_Hysteresis, i32 %Suppression_to_Hysteresis"   --->   Operation 86 'specchannel' 'empty_92' <Predicate = true> <Delay = 0.00>
ST_10 : Operation 87 [1/1] (0.00ns)   --->   "%specinterface_ln0 = specinterface void @_ssdm_op_SpecInterface, i32 %Suppression_to_Hysteresis, void @empty_9, i32 0, i32 0, void @empty_1, i32 0, i32 0, void @empty_1, void @empty_1, void @empty_1, i32 0, i32 0, i32 0, i32 0, void @empty_1, void @empty_1, i32 4294967295, i32 0, i32 0, i32 0"   --->   Operation 87 'specinterface' 'specinterface_ln0' <Predicate = true> <Delay = 0.00>
ST_10 : Operation 88 [1/1] (0.00ns)   --->   "%specaxissidechannel_ln27 = specaxissidechannel void @_ssdm_op_SpecAXISSideChannel, i32 %Output_Stream_V_data_V, i4 %Output_Stream_V_keep_V, i4 %Output_Stream_V_strb_V, i3 %Output_Stream_V_user_V, i1 %Output_Stream_V_last_V, i5 %Output_Stream_V_id_V, i6 %Output_Stream_V_dest_V, void @empty_10" [Canny_Filter.cpp:27]   --->   Operation 88 'specaxissidechannel' 'specaxissidechannel_ln27' <Predicate = true> <Delay = 0.00>
ST_10 : Operation 89 [1/1] (0.00ns)   --->   "%specaxissidechannel_ln27 = specaxissidechannel void @_ssdm_op_SpecAXISSideChannel, i32 %Input_Stream_V_data_V, i4 %Input_Stream_V_keep_V, i4 %Input_Stream_V_strb_V, i3 %Input_Stream_V_user_V, i1 %Input_Stream_V_last_V, i5 %Input_Stream_V_id_V, i6 %Input_Stream_V_dest_V, void @empty_11" [Canny_Filter.cpp:27]   --->   Operation 89 'specaxissidechannel' 'specaxissidechannel_ln27' <Predicate = true> <Delay = 0.00>
ST_10 : Operation 90 [1/1] (0.00ns)   --->   "%ret_ln27 = ret" [Canny_Filter.cpp:27]   --->   Operation 90 'ret' 'ret_ln27' <Predicate = true> <Delay = 0.00>


============================================================
+ Verbose Summary: Timing violations
============================================================
Target clock period: 10.000ns, clock uncertainty: 2.700ns.

 <State 1>: 0.000ns
The critical path consists of the following:

 <State 2>: 4.634ns
The critical path consists of the following:
	s_axi read operation ('Cols_read', Canny_Filter.cpp:13) on port 'Cols' (Canny_Filter.cpp:13) [21]  (1.000 ns)
	'call' operation ('call_ln23', Canny_Filter.cpp:23) to 'Gaussian_Filter' [88]  (3.634 ns)

 <State 3>: 0.000ns
The critical path consists of the following:

 <State 4>: 0.000ns
The critical path consists of the following:

 <State 5>: 0.000ns
The critical path consists of the following:

 <State 6>: 0.000ns
The critical path consists of the following:

 <State 7>: 0.000ns
The critical path consists of the following:

 <State 8>: 0.000ns
The critical path consists of the following:

 <State 9>: 0.000ns
The critical path consists of the following:

 <State 10>: 0.000ns
The critical path consists of the following:


============================================================
+ Verbose Summary: Binding
============================================================
N/A
* FSMD analyzer results:
  - Output states:
 - Input state : 
  - Chain level:
	State 1
	State 2
	State 3
	State 4
	State 5
	State 6
	State 7
	State 8
	State 9
	State 10


============================================================
+ Verbose Summary: Datapath Resource usage 
============================================================
N/A
