

================================================================
== Vitis HLS Report for 'Canny_Filter'
================================================================
* Date:           Thu Sep 24 14:58:44 2026

* Version:        2026.1 (Build 6493734 on Jun 16 2026)
* Project:        Canny_Filter_IP
* Solution:       hls
* Product family: zynq
* Target device:  xc7z020-clg400-1


================================================================
== Performance Estimates
================================================================
+ Timing: 
    * Summary: 
    +--------+----------+----------+------------+
    |  Clock |  Target  | Estimated| Uncertainty|
    +--------+----------+----------+------------+
    |ap_clk  |  10.00 ns|  7.396 ns|     2.70 ns|
    +--------+----------+----------+------------+

+ Latency: 
    * Summary: 
    +---------+---------+----------+----------+-----+-----+----------+
    |  Latency (cycles) |  Latency (absolute) |  Interval | Pipeline |
    |   min   |   max   |    min   |    max   | min | max |   Type   |
    +---------+---------+----------+----------+-----+-----+----------+
    |        ?|        ?|         ?|         ?|    ?|    ?|  dataflow|
    +---------+---------+----------+----------+-----+-----+----------+

    + Detail: 
        * Instance: 
        +-------------------------------+--------------------+---------+---------+----------+----------+-----+-----+---------+
        |                               |                    |  Latency (cycles) |  Latency (absolute) |  Interval | Pipeline|
        |            Instance           |       Module       |   min   |   max   |    min   |    max   | min | max |   Type  |
        +-------------------------------+--------------------+---------+---------+----------+----------+-----+-----+---------+
        |call_ln13_entry_proc_fu_198    |entry_proc          |        0|        0|      0 ns|      0 ns|    0|    0|       no|
        |grp_Gaussian_Filter_fu_208     |Gaussian_Filter     |        ?|        ?|         ?|         ?|    ?|    ?|       no|
        |grp_Sobel_Filter_fu_233        |Sobel_Filter        |        ?|        ?|         ?|         ?|    ?|    ?|       no|
        |grp_Suppression_Filter_fu_243  |Suppression_Filter  |        ?|        ?|         ?|         ?|    ?|    ?|       no|
        |grp_Hysteresis_Filter_fu_253   |Hysteresis_Filter   |        ?|        ?|         ?|         ?|    ?|    ?|       no|
        +-------------------------------+--------------------+---------+---------+----------+----------+-----+-----+---------+

        * Loop: 
        N/A

============================================================
+ Verbose Summary: Synthesis Manager
============================================================
InlineROM: 1
ExposeGlobal: 0
============================================================
+ Verbose Summary: CDFG Model
============================================================
IsTopModel: 1
ResetActiveHigh: 1
IsCombinational: 2
IsDatapathOnly: 0
HasWiredReturn: 1
HasMFsm: 0
HasVarLatency: 1
IsPipeline: 0
IsRtlPipelined: 0
IsInstanceOverlapped: 0
IsDontTouch: 0
HasImplIP: 0
IsGatedGlobalClock: 0


============================================================
+ Verbose Summary: Schedule
============================================================
* Number of FSM states : 10
* Pipeline : 0
* Dataflow Pipeline: 1
  DF-Pipeline-0: Size = 10, States = { 1 2 3 4 5 6 7 8 9 10 }

* FSM state transitions: 
1 --> 2 
2 --> 3 
3 --> 4 
4 --> 5 
5 --> 6 
6 --> 7 
7 --> 8 
8 --> 9 
9 --> 10 
10 --> 

* FSM state operations: 

State 1 <SV = 0> <Delay = 0.00>
ST_1 : Operation 11 [1/1] (0.00ns)   --->   "%Low_Threshold_c = alloca i64 1" [Canny_Filter.cpp:13]   --->   Operation 11 'alloca' 'Low_Threshold_c' <Predicate = true> <Delay = 0.00> <CoreInst = "FIFO_SRL">   --->   Core 80 'FIFO_SRL' <Latency = 0> <II = 1> <Delay = 3.61> <Storage> <Opcode : 'read' 'write' 'nbread' 'nbwrite'> <Ports = 0> <Width = 32> <Depth = 5> <FIFO>
ST_1 : Operation 12 [1/1] (0.00ns)   --->   "%High_Threshold_c = alloca i64 1" [Canny_Filter.cpp:13]   --->   Operation 12 'alloca' 'High_Threshold_c' <Predicate = true> <Delay = 0.00> <CoreInst = "FIFO_SRL">   --->   Core 80 'FIFO_SRL' <Latency = 0> <II = 1> <Delay = 3.61> <Storage> <Opcode : 'read' 'write' 'nbread' 'nbwrite'> <Ports = 0> <Width = 32> <Depth = 5> <FIFO>
ST_1 : Operation 13 [1/1] (0.00ns)   --->   "%Cols_c4 = alloca i64 1" [Canny_Filter.cpp:13]   --->   Operation 13 'alloca' 'Cols_c4' <Predicate = true> <Delay = 0.00> <CoreInst = "FIFO_SRL">   --->   Core 80 'FIFO_SRL' <Latency = 0> <II = 1> <Delay = 3.63> <Storage> <Opcode : 'read' 'write' 'nbread' 'nbwrite'> <Ports = 0> <Width = 32> <Depth = 2> <FIFO>
ST_1 : Operation 14 [1/1] (0.00ns)   --->   "%Cols_c3 = alloca i64 1" [Canny_Filter.cpp:13]   --->   Operation 14 'alloca' 'Cols_c3' <Predicate = true> <Delay = 0.00> <CoreInst = "FIFO_SRL">   --->   Core 80 'FIFO_SRL' <Latency = 0> <II = 1> <Delay = 3.63> <Storage> <Opcode : 'read' 'write' 'nbread' 'nbwrite'> <Ports = 0> <Width = 32> <Depth = 2> <FIFO>
ST_1 : Operation 15 [1/1] (0.00ns)   --->   "%Cols_c = alloca i64 1" [Canny_Filter.cpp:13]   --->   Operation 15 'alloca' 'Cols_c' <Predicate = true> <Delay = 0.00> <CoreInst = "FIFO_SRL">   --->   Core 80 'FIFO_SRL' <Latency = 0> <II = 1> <Delay = 3.63> <Storage> <Opcode : 'read' 'write' 'nbread' 'nbwrite'> <Ports = 0> <Width = 32> <Depth = 2> <FIFO>
ST_1 : Operation 16 [1/1] (0.00ns)   --->   "%Rows_c2 = alloca i64 1" [Canny_Filter.cpp:13]   --->   Operation 16 'alloca' 'Rows_c2' <Predicate = true> <Delay = 0.00> <CoreInst = "FIFO_SRL">   --->   Core 80 'FIFO_SRL' <Latency = 0> <II = 1> <Delay = 3.63> <Storage> <Opcode : 'read' 'write' 'nbread' 'nbwrite'> <Ports = 0> <Width = 32> <Depth = 2> <FIFO>
ST_1 : Operation 17 [1/1] (0.00ns)   --->   "%Rows_c1 = alloca i64 1" [Canny_Filter.cpp:13]   --->   Operation 17 'alloca' 'Rows_c1' <Predicate = true> <Delay = 0.00> <CoreInst = "FIFO_SRL">   --->   Core 80 'FIFO_SRL' <Latency = 0> <II = 1> <Delay = 3.63> <Storage> <Opcode : 'read' 'write' 'nbread' 'nbwrite'> <Ports = 0> <Width = 32> <Depth = 2> <FIFO>
ST_1 : Operation 18 [1/1] (0.00ns)   --->   "%Rows_c = alloca i64 1" [Canny_Filter.cpp:13]   --->   Operation 18 'alloca' 'Rows_c' <Predicate = true> <Delay = 0.00> <CoreInst = "FIFO_SRL">   --->   Core 80 'FIFO_SRL' <Latency = 0> <II = 1> <Delay = 3.63> <Storage> <Opcode : 'read' 'write' 'nbread' 'nbwrite'> <Ports = 0> <Width = 32> <Depth = 2> <FIFO>
ST_1 : Operation 19 [1/1] (0.00ns)   --->   "%Gaussian_to_Sobel = alloca i64 1" [Canny_Filter.cpp:15]   --->   Operation 19 'alloca' 'Gaussian_to_Sobel' <Predicate = true> <Delay = 0.00> <CoreInst = "FIFO_SRL">   --->   Core 80 'FIFO_SRL' <Latency = 0> <II = 1> <Delay = 3.54> <Storage> <Opcode : 'read' 'write' 'nbread' 'nbwrite'> <Ports = 0> <Width = 32> <Depth = 8> <FIFO>
ST_1 : Operation 20 [1/1] (0.00ns)   --->   "%Sobel_to_Suppression = alloca i64 1" [Canny_Filter.cpp:16]   --->   Operation 20 'alloca' 'Sobel_to_Suppression' <Predicate = true> <Delay = 0.00> <CoreInst = "FIFO_SRL">   --->   Core 80 'FIFO_SRL' <Latency = 0> <II = 1> <Delay = 3.54> <Storage> <Opcode : 'read' 'write' 'nbread' 'nbwrite'> <Ports = 0> <Width = 32> <Depth = 8> <FIFO>
ST_1 : Operation 21 [1/1] (0.00ns)   --->   "%Suppression_to_Hysteresis = alloca i64 1" [Canny_Filter.cpp:17]   --->   Operation 21 'alloca' 'Suppression_to_Hysteresis' <Predicate = true> <Delay = 0.00> <CoreInst = "FIFO_SRL">   --->   Core 80 'FIFO_SRL' <Latency = 0> <II = 1> <Delay = 3.54> <Storage> <Opcode : 'read' 'write' 'nbread' 'nbwrite'> <Ports = 0> <Width = 32> <Depth = 8> <FIFO>

State 2 <SV = 1> <Delay = 4.63>
ST_2 : Operation 22 [1/1] (1.00ns)   --->   "%Low_Threshold_read = read i32 @_ssdm_op_Read.s_axilite.i32, i32 %Low_Threshold" [Canny_Filter.cpp:13]   --->   Operation 22 'read' 'Low_Threshold_read' <Predicate = true> <Delay = 1.00> <CoreInst = "s_axilite">   --->   Core 112 's_axilite' <Latency = 0> <II = 1> <Delay = 1.00> <Adapter> <Opcode : 'read' 'write'>
ST_2 : Operation 23 [1/1] (1.00ns)   --->   "%High_Threshold_read = read i32 @_ssdm_op_Read.s_axilite.i32, i32 %High_Threshold" [Canny_Filter.cpp:13]   --->   Operation 23 'read' 'High_Threshold_read' <Predicate = true> <Delay = 1.00> <CoreInst = "s_axilite">   --->   Core 112 's_axilite' <Latency = 0> <II = 1> <Delay = 1.00> <Adapter> <Opcode : 'read' 'write'>
ST_2 : Operation 24 [1/1] (1.00ns)   --->   "%Cols_read = read i32 @_ssdm_op_Read.s_axilite.i32, i32 %Cols" [Canny_Filter.cpp:13]   --->   Operation 24 'read' 'Cols_read' <Predicate = true> <Delay = 1.00> <CoreInst = "s_axilite">   --->   Core 112 's_axilite' <Latency = 0> <II = 1> <Delay = 1.00> <Adapter> <Opcode : 'read' 'write'>
ST_2 : Operation 25 [1/1] (1.00ns)   --->   "%Rows_read = read i32 @_ssdm_op_Read.s_axilite.i32, i32 %Rows" [Canny_Filter.cpp:13]   --->   Operation 25 'read' 'Rows_read' <Predicate = true> <Delay = 1.00> <CoreInst = "s_axilite">   --->   Core 112 's_axilite' <Latency = 0> <II = 1> <Delay = 1.00> <Adapter> <Opcode : 'read' 'write'>
ST_2 : Operation 26 [1/1] (3.61ns)   --->   "%call_ln13 = call void @entry_proc, i32 %High_Threshold_read, i32 %High_Threshold_c, i32 %Low_Threshold_read, i32 %Low_Threshold_c" [Canny_Filter.cpp:13]   --->   Operation 26 'call' 'call_ln13' <Predicate = true> <Delay = 3.61> <CoreType = "Generic">   --->   Generic Core
ST_2 : Operation 27 [2/2] (3.63ns)   --->   "%call_ln23 = call void @Gaussian_Filter, i32 %Input_Stream_V_data_V, i4 %Input_Stream_V_keep_V, i4 %Input_Stream_V_strb_V, i3 %Input_Stream_V_user_V, i1 %Input_Stream_V_last_V, i5 %Input_Stream_V_id_V, i6 %Input_Stream_V_dest_V, i32 %Gaussian_to_Sobel, i32 %Rows_read, i32 %Cols_read, i32 %Rows_c2, i32 %Cols_c4" [Canny_Filter.cpp:23]   --->   Operation 27 'call' 'call_ln23' <Predicate = true> <Delay = 3.63> <CoreType = "Generic">   --->   Generic Core

State 3 <SV = 2> <Delay = 0.00>
ST_3 : Operation 28 [1/2] (0.00ns)   --->   "%call_ln23 = call void @Gaussian_Filter, i32 %Input_Stream_V_data_V, i4 %Input_Stream_V_keep_V, i4 %Input_Stream_V_strb_V, i3 %Input_Stream_V_user_V, i1 %Input_Stream_V_last_V, i5 %Input_Stream_V_id_V, i6 %Input_Stream_V_dest_V, i32 %Gaussian_to_Sobel, i32 %Rows_read, i32 %Cols_read, i32 %Rows_c2, i32 %Cols_c4" [Canny_Filter.cpp:23]   --->   Operation 28 'call' 'call_ln23' <Predicate = true> <Delay = 0.00> <CoreType = "Generic">   --->   Generic Core

State 4 <SV = 3> <Delay = 0.00>
ST_4 : Operation 29 [2/2] (0.00ns)   --->   "%call_ln24 = call void @Sobel_Filter, i32 %Gaussian_to_Sobel, i32 %Sobel_to_Suppression, i32 %Rows_c2, i32 %Cols_c4, i32 %Rows_c1, i32 %Cols_c3" [Canny_Filter.cpp:24]   --->   Operation 29 'call' 'call_ln24' <Predicate = true> <Delay = 0.00> <CoreType = "Generic">   --->   Generic Core

State 5 <SV = 4> <Delay = 0.00>
ST_5 : Operation 30 [1/2] (0.00ns)   --->   "%call_ln24 = call void @Sobel_Filter, i32 %Gaussian_to_Sobel, i32 %Sobel_to_Suppression, i32 %Rows_c2, i32 %Cols_c4, i32 %Rows_c1, i32 %Cols_c3" [Canny_Filter.cpp:24]   --->   Operation 30 'call' 'call_ln24' <Predicate = true> <Delay = 0.00> <CoreType = "Generic">   --->   Generic Core

State 6 <SV = 5> <Delay = 0.00>
ST_6 : Operation 31 [2/2] (0.00ns)   --->   "%call_ln25 = call void @Suppression_Filter, i32 %Sobel_to_Suppression, i32 %Suppression_to_Hysteresis, i32 %Rows_c1, i32 %Cols_c3, i32 %Rows_c, i32 %Cols_c" [Canny_Filter.cpp:25]   --->   Operation 31 'call' 'call_ln25' <Predicate = true> <Delay = 0.00> <CoreType = "Generic">   --->   Generic Core

State 7 <SV = 6> <Delay = 0.00>
ST_7 : Operation 32 [1/2] (0.00ns)   --->   "%call_ln25 = call void @Suppression_Filter, i32 %Sobel_to_Suppression, i32 %Suppression_to_Hysteresis, i32 %Rows_c1, i32 %Cols_c3, i32 %Rows_c, i32 %Cols_c" [Canny_Filter.cpp:25]   --->   Operation 32 'call' 'call_ln25' <Predicate = true> <Delay = 0.00> <CoreType = "Generic">   --->   Generic Core

State 8 <SV = 7> <Delay = 0.00>
ST_8 : Operation 33 [2/2] (0.00ns)   --->   "%call_ln26 = call void @Hysteresis_Filter, i32 %Suppression_to_Hysteresis, i32 %Output_Stream_V_data_V, i4 %Output_Stream_V_keep_V, i4 %Output_Stream_V_strb_V, i3 %Output_Stream_V_user_V, i1 %Output_Stream_V_last_V, i5 %Output_Stream_V_id_V, i6 %Output_Stream_V_dest_V, i32 %Rows_c, i32 %Cols_c, i32 %High_Threshold_c, i32 %Low_Threshold_c" [Canny_Filter.cpp:26]   --->   Operation 33 'call' 'call_ln26' <Predicate = true> <Delay = 0.00> <CoreType = "Generic">   --->   Generic Core

State 9 <SV = 8> <Delay = 0.00>
ST_9 : Operation 34 [1/2] (0.00ns)   --->   "%call_ln26 = call void @Hysteresis_Filter, i32 %Suppression_to_Hysteresis, i32 %Output_Stream_V_data_V, i4 %Output_Stream_V_keep_V, i4 %Output_Stream_V_strb_V, i3 %Output_Stream_V_user_V, i1 %Output_Stream_V_last_V, i5 %Output_Stream_V_id_V, i6 %Output_Stream_V_dest_V, i32 %Rows_c, i32 %Cols_c, i32 %High_Threshold_c, i32 %Low_Threshold_c" [Canny_Filter.cpp:26]   --->   Operation 34 'call' 'call_ln26' <Predicate = true> <Delay = 0.00> <CoreType = "Generic">   --->   Generic Core

State 10 <SV = 9> <Delay = 0.00>
ST_10 : Operation 35 [1/1] (0.00ns)   --->   "%empty = specchannel i32 @_ssdm_op_SpecChannel, void @Low_Threshold_c_str, i32 1, void @p_str, void @p_str, i32 5, i32 0, i32 %Low_Threshold_c, i32 %Low_Threshold_c" [Canny_Filter.cpp:13]   --->   Operation 35 'specchannel' 'empty' <Predicate = true> <Delay = 0.00>
ST_10 : Operation 36 [1/1] (0.00ns)   --->   "%specinterface_ln13 = specinterface void @_ssdm_op_SpecInterface, i32 %Low_Threshold_c, void @ap_fifo_str, i32 0, i32 0, void @p_str, i32 0, i32 0, void @p_str, void @p_str, void @p_str, i32 2, i32 2, i32 16, i32 16, void @p_str, void @p_str, i32 4294967295, i32 0, i32 0, i32 0" [Canny_Filter.cpp:13]   --->   Operation 36 'specinterface' 'specinterface_ln13' <Predicate = true> <Delay = 0.00>
ST_10 : Operation 37 [1/1] (0.00ns)   --->   "%empty_83 = specchannel i32 @_ssdm_op_SpecChannel, void @High_Threshold_c_str, i32 1, void @p_str, void @p_str, i32 5, i32 0, i32 %High_Threshold_c, i32 %High_Threshold_c" [Canny_Filter.cpp:13]   --->   Operation 37 'specchannel' 'empty_83' <Predicate = true> <Delay = 0.00>
ST_10 : Operation 38 [1/1] (0.00ns)   --->   "%specinterface_ln13 = specinterface void @_ssdm_op_SpecInterface, i32 %High_Threshold_c, void @ap_fifo_str, i32 0, i32 0, void @p_str, i32 0, i32 0, void @p_str, void @p_str, void @p_str, i32 2, i32 2, i32 16, i32 16, void @p_str, void @p_str, i32 4294967295, i32 0, i32 0, i32 0" [Canny_Filter.cpp:13]   --->   Operation 38 'specinterface' 'specinterface_ln13' <Predicate = true> <Delay = 0.00>
ST_10 : Operation 39 [1/1] (0.00ns)   --->   "%empty_84 = specchannel i32 @_ssdm_op_SpecChannel, void @Cols_c4_str, i32 1, void @p_str, void @p_str, i32 2, i32 0, i32 %Cols_c4, i32 %Cols_c4" [Canny_Filter.cpp:13]   --->   Operation 39 'specchannel' 'empty_84' <Predicate = true> <Delay = 0.00>
ST_10 : Operation 40 [1/1] (0.00ns)   --->   "%specinterface_ln13 = specinterface void @_ssdm_op_SpecInterface, i32 %Cols_c4, void @ap_fifo_str, i32 0, i32 0, void @p_str, i32 0, i32 0, void @p_str, void @p_str, void @p_str, i32 2, i32 2, i32 16, i32 16, void @p_str, void @p_str, i32 4294967295, i32 0, i32 0, i32 0" [Canny_Filter.cpp:13]   --->   Operation 40 'specinterface' 'specinterface_ln13' <Predicate = true> <Delay = 0.00>
ST_10 : Operation 41 [1/1] (0.00ns)   --->   "%empty_85 = specchannel i32 @_ssdm_op_SpecChannel, void @Cols_c3_str, i32 1, void @p_str, void @p_str, i32 2, i32 0, i32 %Cols_c3, i32 %Cols_c3" [Canny_Filter.cpp:13]   --->   Operation 41 'specchannel' 'empty_85' <Predicate = true> <Delay = 0.00>
ST_10 : Operation 42 [1/1] (0.00ns)   --->   "%specinterface_ln13 = specinterface void @_ssdm_op_SpecInterface, i32 %Cols_c3, void @ap_fifo_str, i32 0, i32 0, void @p_str, i32 0, i32 0, void @p_str, void @p_str, void @p_str, i32 2, i32 2, i32 16, i32 16, void @p_str, void @p_str, i32 4294967295, i32 0, i32 0, i32 0" [Canny_Filter.cpp:13]   --->   Operation 42 'specinterface' 'specinterface_ln13' <Predicate = true> <Delay = 0.00>
ST_10 : Operation 43 [1/1] (0.00ns)   --->   "%empty_86 = specchannel i32 @_ssdm_op_SpecChannel, void @Cols_c_str, i32 1, void @p_str, void @p_str, i32 2, i32 0, i32 %Cols_c, i32 %Cols_c" [Canny_Filter.cpp:13]   --->   Operation 43 'specchannel' 'empty_86' <Predicate = true> <Delay = 0.00>
ST_10 : Operation 44 [1/1] (0.00ns)   --->   "%specinterface_ln13 = specinterface void @_ssdm_op_SpecInterface, i32 %Cols_c, void @ap_fifo_str, i32 0, i32 0, void @p_str, i32 0, i32 0, void @p_str, void @p_str, void @p_str, i32 2, i32 2, i32 16, i32 16, void @p_str, void @p_str, i32 4294967295, i32 0, i32 0, i32 0" [Canny_Filter.cpp:13]   --->   Operation 44 'specinterface' 'specinterface_ln13' <Predicate = true> <Delay = 0.00>
ST_10 : Operation 45 [1/1] (0.00ns)   --->   "%empty_87 = specchannel i32 @_ssdm_op_SpecChannel, void @Rows_c2_str, i32 1, void @p_str, void @p_str, i32 2, i32 0, i32 %Rows_c2, i32 %Rows_c2" [Canny_Filter.cpp:13]   --->   Operation 45 'specchannel' 'empty_87' <Predicate = true> <Delay = 0.00>
ST_10 : Operation 46 [1/1] (0.00ns)   --->   "%specinterface_ln13 = specinterface void @_ssdm_op_SpecInterface, i32 %Rows_c2, void @ap_fifo_str, i32 0, i32 0, void @p_str, i32 0, i32 0, void @p_str, void @p_str, void @p_str, i32 2, i32 2, i32 16, i32 16, void @p_str, void @p_str, i32 4294967295, i32 0, i32 0, i32 0" [Canny_Filter.cpp:13]   --->   Operation 46 'specinterface' 'specinterface_ln13' <Predicate = true> <Delay = 0.00>
ST_10 : Operation 47 [1/1] (0.00ns)   --->   "%empty_88 = specchannel i32 @_ssdm_op_SpecChannel, void @Rows_c1_str, i32 1, void @p_str, void @p_str, i32 2, i32 0, i32 %Rows_c1, i32 %Rows_c1" [Canny_Filter.cpp:13]   --->   Operation 47 'specchannel' 'empty_88' <Predicate = true> <Delay = 0.00>
ST_10 : Operation 48 [1/1] (0.00ns)   --->   "%specinterface_ln13 = specinterface void @_ssdm_op_SpecInterface, i32 %Rows_c1, void @ap_fifo_str, i32 0, i32 0, void @p_str, i32 0, i32 0, void @p_str, void @p_str, void @p_str, i32 2, i32 2, i32 16, i32 16, void @p_str, void @p_str, i32 4294967295, i32 0, i32 0, i32 0" [Canny_Filter.cpp:13]   --->   Operation 48 'specinterface' 'specinterface_ln13' <Predicate = true> <Delay = 0.00>
ST_10 : Operation 49 [1/1] (0.00ns)   --->   "%empty_89 = specchannel i32 @_ssdm_op_SpecChannel, void @Rows_c_str, i32 1, void @p_str, void @p_str, i32 2, i32 0, i32 %Rows_c, i32 %Rows_c" [Canny_Filter.cpp:13]   --->   Operation 49 'specchannel' 'empty_89' <Predicate = true> <Delay = 0.00>
ST_10 : Operation 50 [1/1] (0.00ns)   --->   "%specinterface_ln13 = specinterface void @_ssdm_op_SpecInterface, i32 %Rows_c, void @ap_fifo_str, i32 0, i32 0, void @p_str, i32 0, i32 0, void @p_str, void @p_str, void @p_str, i32 2, i32 2, i32 16, i32 16, void @p_str, void @p_str, i32 4294967295, i32 0, i32 0, i32 0" [Canny_Filter.cpp:13]   --->   Operation 50 'specinterface' 'specinterface_ln13' <Predicate = true> <Delay = 0.00>
ST_10 : Operation 51 [1/1] (0.00ns)   --->   "%specdataflowpipeline_ln13 = specdataflowpipeline void @_ssdm_op_SpecDataflowPipeline, i32 4294967295, i32 0, void @empty_1" [Canny_Filter.cpp:13]   --->   Operation 51 'specdataflowpipeline' 'specdataflowpipeline_ln13' <Predicate = true> <Delay = 0.00>
ST_10 : Operation 52 [1/1] (0.00ns)   --->   "%spectopmodule_ln3 = spectopmodule void @_ssdm_op_SpecTopModule, void @empty_12" [Canny_Filter.cpp:3]   --->   Operation 52 'spectopmodule' 'spectopmodule_ln3' <Predicate = true> <Delay = 0.00>
ST_10 : Operation 53 [1/1] (0.00ns)   --->   "%specinterface_ln0 = specinterface void @_ssdm_op_SpecInterface, i32 %Input_Stream_V_data_V, i4 %Input_Stream_V_keep_V, i4 %Input_Stream_V_strb_V, i3 %Input_Stream_V_user_V, i1 %Input_Stream_V_last_V, i5 %Input_Stream_V_id_V, i6 %Input_Stream_V_dest_V, void @empty, i32 1, i32 1, void @empty_0, i32 0, i32 0, void @empty_1, void @empty_1, void @empty_1, i32 0, i32 0, i32 0, i32 0, void @empty_1, void @empty_1, i32 4294967295, i32 0, i32 0, i32 0"   --->   Operation 53 'specinterface' 'specinterface_ln0' <Predicate = true> <Delay = 0.00>
ST_10 : Operation 54 [1/1] (0.00ns)   --->   "%specbitsmap_ln0 = specbitsmap void @_ssdm_op_SpecBitsMap, i32 %Input_Stream_V_data_V"   --->   Operation 54 'specbitsmap' 'specbitsmap_ln0' <Predicate = true> <Delay = 0.00>
ST_10 : Operation 55 [1/1] (0.00ns)   --->   "%specbitsmap_ln0 = specbitsmap void @_ssdm_op_SpecBitsMap, i4 %Input_Stream_V_keep_V"   --->   Operation 55 'specbitsmap' 'specbitsmap_ln0' <Predicate = true> <Delay = 0.00>
ST_10 : Operation 56 [1/1] (0.00ns)   --->   "%specbitsmap_ln0 = specbitsmap void @_ssdm_op_SpecBitsMap, i4 %Input_Stream_V_strb_V"   --->   Operation 56 'specbitsmap' 'specbitsmap_ln0' <Predicate = true> <Delay = 0.00>
ST_10 : Operation 57 [1/1] (0.00ns)   --->   "%specbitsmap_ln0 = specbitsmap void @_ssdm_op_SpecBitsMap, i3 %Input_Stream_V_user_V"   --->   Operation 57 'specbitsmap' 'specbitsmap_ln0' <Predicate = true> <Delay = 0.00>
ST_10 : Operation 58 [1/1] (0.00ns)   --->   "%specbitsmap_ln0 = specbitsmap void @_ssdm_op_SpecBitsMap, i1 %Input_Stream_V_last_V"   --->   Operation 58 'specbitsmap' 'specbitsmap_ln0' <Predicate = true> <Delay = 0.00>
ST_10 : Operation 59 [1/1] (0.00ns)   --->   "%specbitsmap_ln0 = specbitsmap void @_ssdm_op_SpecBitsMap, i5 %Input_Stream_V_id_V"   --->   Operation 59 'specbitsmap' 'specbitsmap_ln0' <Predicate = true> <Delay = 0.00>
ST_10 : Operation 60 [1/1] (0.00ns)   --->   "%specbitsmap_ln0 = specbitsmap void @_ssdm_op_SpecBitsMap, i6 %Input_Stream_V_dest_V"   --->   Operation 60 'specbitsmap' 'specbitsmap_ln0' <Predicate = true> <Delay = 0.00>
ST_10 : Operation 61 [1/1] (0.00ns)   --->   "%specinterface_ln0 = specinterface void @_ssdm_op_SpecInterface, i32 %Output_Stream_V_data_V, i4 %Output_Stream_V_keep_V, i4 %Output_Stream_V_strb_V, i3 %Output_Stream_V_user_V, i1 %Output_Stream_V_last_V, i5 %Output_Stream_V_id_V, i6 %Output_Stream_V_dest_V, void @empty, i32 1, i32 1, void @empty_0, i32 0, i32 0, void @empty_1, void @empty_1, void @empty_1, i32 0, i32 0, i32 0, i32 0, void @empty_1, void @empty_1, i32 4294967295, i32 0, i32 0, i32 0"   --->   Operation 61 'specinterface' 'specinterface_ln0' <Predicate = true> <Delay = 0.00>
ST_10 : Operation 62 [1/1] (0.00ns)   --->   "%specbitsmap_ln0 = specbitsmap void @_ssdm_op_SpecBitsMap, i32 %Output_Stream_V_data_V"   --->   Operation 62 'specbitsmap' 'specbitsmap_ln0' <Predicate = true> <Delay = 0.00>
ST_10 : Operation 63 [1/1] (0.00ns)   --->   "%specbitsmap_ln0 = specbitsmap void @_ssdm_op_SpecBitsMap, i4 %Output_Stream_V_keep_V"   --->   Operation 63 'specbitsmap' 'specbitsmap_ln0' <Predicate = true> <Delay = 0.00>
ST_10 : Operation 64 [1/1] (0.00ns)   --->   "%specbitsmap_ln0 = specbitsmap void @_ssdm_op_SpecBitsMap, i4 %Output_Stream_V_strb_V"   --->   Operation 64 'specbitsmap' 'specbitsmap_ln0' <Predicate = true> <Delay = 0.00>
ST_10 : Operation 65 [1/1] (0.00ns)   --->   "%specbitsmap_ln0 = specbitsmap void @_ssdm_op_SpecBitsMap, i3 %Output_Stream_V_user_V"   --->   Operation 65 'specbitsmap' 'specbitsmap_ln0' <Predicate = true> <Delay = 0.00>
ST_10 : Operation 66 [1/1] (0.00ns)   --->   "%specbitsmap_ln0 = specbitsmap void @_ssdm_op_SpecBitsMap, i1 %Output_Stream_V_last_V"   --->   Operation 66 'specbitsmap' 'specbitsmap_ln0' <Predicate = true> <Delay = 0.00>
ST_10 : Operation 67 [1/1] (0.00ns)   --->   "%specbitsmap_ln0 = specbitsmap void @_ssdm_op_SpecBitsMap, i5 %Output_Stream_V_id_V"   --->   Operation 67 'specbitsmap' 'specbitsmap_ln0' <Predicate = true> <Delay = 0.00>
ST_10 : Operation 68 [1/1] (0.00ns)   --->   "%specbitsmap_ln0 = specbitsmap void @_ssdm_op_SpecBitsMap, i6 %Output_Stream_V_dest_V"   --->   Operation 68 'specbitsmap' 'specbitsmap_ln0' <Predicate = true> <Delay = 0.00>
ST_10 : Operation 69 [1/1] (0.00ns)   --->   "%specbitsmap_ln0 = specbitsmap void @_ssdm_op_SpecBitsMap, i32 %Rows"   --->   Operation 69 'specbitsmap' 'specbitsmap_ln0' <Predicate = true> <Delay = 0.00>
ST_10 : Operation 70 [1/1] (0.00ns)   --->   "%specinterface_ln0 = specinterface void @_ssdm_op_SpecInterface, i32 %Rows, void @empty_2, i32 0, i32 0, void @empty_1, i32 0, i32 0, void @empty_3, void @empty_4, void @empty_1, i32 0, i32 0, i32 0, i32 0, void @empty_1, void @empty_1, i32 4294967295, i32 0, i32 0, i32 0"   --->   Operation 70 'specinterface' 'specinterface_ln0' <Predicate = true> <Delay = 0.00>
ST_10 : Operation 71 [1/1] (0.00ns)   --->   "%specinterface_ln0 = specinterface void @_ssdm_op_SpecInterface, i32 %Rows, void @empty_5, i32 0, i32 0, void @empty_1, i32 0, i32 0, void @empty_1, void @empty_1, void @empty_1, i32 0, i32 0, i32 0, i32 0, void @empty_1, void @empty_1, i32 4294967295, i32 0, i32 0, i32 0"   --->   Operation 71 'specinterface' 'specinterface_ln0' <Predicate = true> <Delay = 0.00>
ST_10 : Operation 72 [1/1] (0.00ns)   --->   "%specbitsmap_ln0 = specbitsmap void @_ssdm_op_SpecBitsMap, i32 %Cols"   --->   Operation 72 'specbitsmap' 'specbitsmap_ln0' <Predicate = true> <Delay = 0.00>
ST_10 : Operation 73 [1/1] (0.00ns)   --->   "%specinterface_ln0 = specinterface void @_ssdm_op_SpecInterface, i32 %Cols, void @empty_2, i32 0, i32 0, void @empty_1, i32 0, i32 0, void @empty_3, void @empty_6, void @empty_1, i32 0, i32 0, i32 0, i32 0, void @empty_1, void @empty_1, i32 4294967295, i32 0, i32 0, i32 0"   --->   Operation 73 'specinterface' 'specinterface_ln0' <Predicate = true> <Delay = 0.00>
ST_10 : Operation 74 [1/1] (0.00ns)   --->   "%specinterface_ln0 = specinterface void @_ssdm_op_SpecInterface, i32 %Cols, void @empty_5, i32 0, i32 0, void @empty_1, i32 0, i32 0, void @empty_1, void @empty_1, void @empty_1, i32 0, i32 0, i32 0, i32 0, void @empty_1, void @empty_1, i32 4294967295, i32 0, i32 0, i32 0"   --->   Operation 74 'specinterface' 'specinterface_ln0' <Predicate = true> <Delay = 0.00>
ST_10 : Operation 75 [1/1] (0.00ns)   --->   "%specbitsmap_ln0 = specbitsmap void @_ssdm_op_SpecBitsMap, i32 %High_Threshold"   --->   Operation 75 'specbitsmap' 'specbitsmap_ln0' <Predicate = true> <Delay = 0.00>
ST_10 : Operation 76 [1/1] (0.00ns)   --->   "%specinterface_ln0 = specinterface void @_ssdm_op_SpecInterface, i32 %High_Threshold, void @empty_2, i32 0, i32 0, void @empty_1, i32 0, i32 0, void @empty_3, void @empty_7, void @empty_1, i32 0, i32 0, i32 0, i32 0, void @empty_1, void @empty_1, i32 4294967295, i32 0, i32 0, i32 0"   --->   Operation 76 'specinterface' 'specinterface_ln0' <Predicate = true> <Delay = 0.00>
ST_10 : Operation 77 [1/1] (0.00ns)   --->   "%specinterface_ln0 = specinterface void @_ssdm_op_SpecInterface, i32 %High_Threshold, void @empty_5, i32 0, i32 0, void @empty_1, i32 0, i32 0, void @empty_1, void @empty_1, void @empty_1, i32 0, i32 0, i32 0, i32 0, void @empty_1, void @empty_1, i32 4294967295, i32 0, i32 0, i32 0"   --->   Operation 77 'specinterface' 'specinterface_ln0' <Predicate = true> <Delay = 0.00>
ST_10 : Operation 78 [1/1] (0.00ns)   --->   "%specbitsmap_ln0 = specbitsmap void @_ssdm_op_SpecBitsMap, i32 %Low_Threshold"   --->   Operation 78 'specbitsmap' 'specbitsmap_ln0' <Predicate = true> <Delay = 0.00>
ST_10 : Operation 79 [1/1] (0.00ns)   --->   "%specinterface_ln0 = specinterface void @_ssdm_op_SpecInterface, i32 %Low_Threshold, void @empty_2, i32 0, i32 0, void @empty_1, i32 0, i32 0, void @empty_3, void @empty_8, void @empty_1, i32 0, i32 0, i32 0, i32 0, void @empty_1, void @empty_1, i32 4294967295, i32 0, i32 0, i32 0"   --->   Operation 79 'specinterface' 'specinterface_ln0' <Predicate = true> <Delay = 0.00>
ST_10 : Operation 80 [1/1] (0.00ns)   --->   "%specinterface_ln0 = specinterface void @_ssdm_op_SpecInterface, i32 %Low_Threshold, void @empty_5, i32 0, i32 0, void @empty_1, i32 0, i32 0, void @empty_1, void @empty_1, void @empty_1, i32 0, i32 0, i32 0, i32 0, void @empty_1, void @empty_1, i32 4294967295, i32 0, i32 0, i32 0"   --->   Operation 80 'specinterface' 'specinterface_ln0' <Predicate = true> <Delay = 0.00>
ST_10 : Operation 81 [1/1] (0.00ns)   --->   "%specinterface_ln0 = specinterface void @_ssdm_op_SpecInterface, i32 0, void @empty_2, i32 0, i32 0, void @empty_1, i32 0, i32 0, void @empty_3, void @empty_1, void @empty_1, i32 0, i32 0, i32 0, i32 0, void @empty_1, void @empty_1, i32 0, i32 0, i32 0, i32 0"   --->   Operation 81 'specinterface' 'specinterface_ln0' <Predicate = true> <Delay = 0.00>
ST_10 : Operation 82 [1/1] (0.00ns)   --->   "%empty_90 = specchannel i32 @_ssdm_op_SpecChannel, void @Gaussian_to_Sobel_str, i32 1, void @p_str, void @p_str, i32 8, i32 8, i32 %Gaussian_to_Sobel, i32 %Gaussian_to_Sobel"   --->   Operation 82 'specchannel' 'empty_90' <Predicate = true> <Delay = 0.00>
ST_10 : Operation 83 [1/1] (0.00ns)   --->   "%specinterface_ln0 = specinterface void @_ssdm_op_SpecInterface, i32 %Gaussian_to_Sobel, void @empty_9, i32 0, i32 0, void @empty_1, i32 0, i32 0, void @empty_1, void @empty_1, void @empty_1, i32 0, i32 0, i32 0, i32 0, void @empty_1, void @empty_1, i32 4294967295, i32 0, i32 0, i32 0"   --->   Operation 83 'specinterface' 'specinterface_ln0' <Predicate = true> <Delay = 0.00>
ST_10 : Operation 84 [1/1] (0.00ns)   --->   "%empty_91 = specchannel i32 @_ssdm_op_SpecChannel, void @Sobel_to_Suppression_str, i32 1, void @p_str, void @p_str, i32 8, i32 8, i32 %Sobel_to_Suppression, i32 %Sobel_to_Suppression"   --->   Operation 84 'specchannel' 'empty_91' <Predicate = true> <Delay = 0.00>
ST_10 : Operation 85 [1/1] (0.00ns)   --->   "%specinterface_ln0 = specinterface void @_ssdm_op_SpecInterface, i32 %Sobel_to_Suppression, void @empty_9, i32 0, i32 0, void @empty_1, i32 0, i32 0, void @empty_1, void @empty_1, void @empty_1, i32 0, i32 0, i32 0, i32 0, void @empty_1, void @empty_1, i32 4294967295, i32 0, i32 0, i32 0"   --->   Operation 85 'specinterface' 'specinterface_ln0' <Predicate = true> <Delay = 0.00>
ST_10 : Operation 86 [1/1] (0.00ns)   --->   "%empty_92 = specchannel i32 @_ssdm_op_SpecChannel, void @Suppression_to_Hysteresis_str, i32 1, void @p_str, void @p_str, i32 8, i32 8, i32 %Suppression_to_Hysteresis, i32 %Suppression_to_Hysteresis"   --->   Operation 86 'specchannel' 'empty_92' <Predicate = true> <Delay = 0.00>
ST_10 : Operation 87 [1/1] (0.00ns)   --->   "%specinterface_ln0 = specinterface void @_ssdm_op_SpecInterface, i32 %Suppression_to_Hysteresis, void @empty_9, i32 0, i32 0, void @empty_1, i32 0, i32 0, void @empty_1, void @empty_1, void @empty_1, i32 0, i32 0, i32 0, i32 0, void @empty_1, void @empty_1, i32 4294967295, i32 0, i32 0, i32 0"   --->   Operation 87 'specinterface' 'specinterface_ln0' <Predicate = true> <Delay = 0.00>
ST_10 : Operation 88 [1/1] (0.00ns)   --->   "%specaxissidechannel_ln27 = specaxissidechannel void @_ssdm_op_SpecAXISSideChannel, i32 %Output_Stream_V_data_V, i4 %Output_Stream_V_keep_V, i4 %Output_Stream_V_strb_V, i3 %Output_Stream_V_user_V, i1 %Output_Stream_V_last_V, i5 %Output_Stream_V_id_V, i6 %Output_Stream_V_dest_V, void @empty_10" [Canny_Filter.cpp:27]   --->   Operation 88 'specaxissidechannel' 'specaxissidechannel_ln27' <Predicate = true> <Delay = 0.00>
ST_10 : Operation 89 [1/1] (0.00ns)   --->   "%specaxissidechannel_ln27 = specaxissidechannel void @_ssdm_op_SpecAXISSideChannel, i32 %Input_Stream_V_data_V, i4 %Input_Stream_V_keep_V, i4 %Input_Stream_V_strb_V, i3 %Input_Stream_V_user_V, i1 %Input_Stream_V_last_V, i5 %Input_Stream_V_id_V, i6 %Input_Stream_V_dest_V, void @empty_11" [Canny_Filter.cpp:27]   --->   Operation 89 'specaxissidechannel' 'specaxissidechannel_ln27' <Predicate = true> <Delay = 0.00>
ST_10 : Operation 90 [1/1] (0.00ns)   --->   "%ret_ln27 = ret" [Canny_Filter.cpp:27]   --->   Operation 90 'ret' 'ret_ln27' <Predicate = true> <Delay = 0.00>


============================================================
+ Verbose Summary: Binding
============================================================
STG Binding: 
---------------- STG Properties BEGIN ----------------
- Is combinational: 0
- Is one-state seq: 0
- Is datapath-only: 0
- Is pipelined: 0
- Is top level: 1
Port [ Return ] is wired: 1; IO mode=ap_ctrl_hs:ce=0
Port [ Input_Stream_V_data_V]:  wired=1; compound=1; hidden=0; nouse=0; global=0; static=0; extern=0; dir=0; type=0; pingpong=0; private_global=0; IO mode=axis:ce=0
Port [ Input_Stream_V_keep_V]:  wired=1; compound=1; hidden=0; nouse=0; global=0; static=0; extern=0; dir=0; type=0; pingpong=0; private_global=0; IO mode=axis:ce=0
Port [ Input_Stream_V_strb_V]:  wired=1; compound=1; hidden=0; nouse=0; global=0; static=0; extern=0; dir=0; type=0; pingpong=0; private_global=0; IO mode=axis:ce=0
Port [ Input_Stream_V_user_V]:  wired=1; compound=1; hidden=0; nouse=0; global=0; static=0; extern=0; dir=0; type=0; pingpong=0; private_global=0; IO mode=axis:ce=0
Port [ Input_Stream_V_last_V]:  wired=1; compound=1; hidden=0; nouse=0; global=0; static=0; extern=0; dir=0; type=0; pingpong=0; private_global=0; IO mode=axis:ce=0
Port [ Input_Stream_V_id_V]:  wired=1; compound=1; hidden=0; nouse=0; global=0; static=0; extern=0; dir=0; type=0; pingpong=0; private_global=0; IO mode=axis:ce=0
Port [ Input_Stream_V_dest_V]:  wired=1; compound=1; hidden=0; nouse=0; global=0; static=0; extern=0; dir=0; type=0; pingpong=0; private_global=0; IO mode=axis:ce=0
Port [ Output_Stream_V_data_V]:  wired=1; compound=1; hidden=0; nouse=0; global=0; static=0; extern=0; dir=1; type=0; pingpong=0; private_global=0; IO mode=axis:ce=0
Port [ Output_Stream_V_keep_V]:  wired=1; compound=1; hidden=0; nouse=0; global=0; static=0; extern=0; dir=1; type=0; pingpong=0; private_global=0; IO mode=axis:ce=0
Port [ Output_Stream_V_strb_V]:  wired=1; compound=1; hidden=0; nouse=0; global=0; static=0; extern=0; dir=1; type=0; pingpong=0; private_global=0; IO mode=axis:ce=0
Port [ Output_Stream_V_user_V]:  wired=1; compound=1; hidden=0; nouse=0; global=0; static=0; extern=0; dir=1; type=0; pingpong=0; private_global=0; IO mode=axis:ce=0
Port [ Output_Stream_V_last_V]:  wired=1; compound=1; hidden=0; nouse=0; global=0; static=0; extern=0; dir=1; type=0; pingpong=0; private_global=0; IO mode=axis:ce=0
Port [ Output_Stream_V_id_V]:  wired=1; compound=1; hidden=0; nouse=0; global=0; static=0; extern=0; dir=1; type=0; pingpong=0; private_global=0; IO mode=axis:ce=0
Port [ Output_Stream_V_dest_V]:  wired=1; compound=1; hidden=0; nouse=0; global=0; static=0; extern=0; dir=1; type=0; pingpong=0; private_global=0; IO mode=axis:ce=0
Port [ Rows]:  wired=1; compound=0; hidden=0; nouse=0; global=0; static=0; extern=0; dir=0; type=0; pingpong=0; private_global=0; IO mode=ap_none:ce=0
Port [ Cols]:  wired=1; compound=0; hidden=0; nouse=0; global=0; static=0; extern=0; dir=0; type=0; pingpong=0; private_global=0; IO mode=ap_none:ce=0
Port [ High_Threshold]:  wired=1; compound=0; hidden=0; nouse=0; global=0; static=0; extern=0; dir=0; type=0; pingpong=0; private_global=0; IO mode=ap_none:ce=0
Port [ Low_Threshold]:  wired=1; compound=0; hidden=0; nouse=0; global=0; static=0; extern=0; dir=0; type=0; pingpong=0; private_global=0; IO mode=ap_none:ce=0
---------------- STG Properties END ------------------

---------------- Datapath Model BEGIN ----------------

<LifeTime>
<method=bitvector/>
Low_Threshold_c           (alloca              ) [ 00111111111]
High_Threshold_c          (alloca              ) [ 00111111111]
Cols_c4                   (alloca              ) [ 00111111111]
Cols_c3                   (alloca              ) [ 00111111111]
Cols_c                    (alloca              ) [ 00111111111]
Rows_c2                   (alloca              ) [ 00111111111]
Rows_c1                   (alloca              ) [ 00111111111]
Rows_c                    (alloca              ) [ 00111111111]
Gaussian_to_Sobel         (alloca              ) [ 00111111111]
Sobel_to_Suppression      (alloca              ) [ 00111111111]
Suppression_to_Hysteresis (alloca              ) [ 00111111111]
Low_Threshold_read        (read                ) [ 00000000000]
High_Threshold_read       (read                ) [ 00000000000]
Cols_read                 (read                ) [ 00010000000]
Rows_read                 (read                ) [ 00010000000]
call_ln13                 (call                ) [ 00000000000]
call_ln23                 (call                ) [ 00000000000]
call_ln24                 (call                ) [ 00000000000]
call_ln25                 (call                ) [ 00000000000]
call_ln26                 (call                ) [ 00000000000]
empty                     (specchannel         ) [ 00000000000]
specinterface_ln13        (specinterface       ) [ 00000000000]
empty_83                  (specchannel         ) [ 00000000000]
specinterface_ln13        (specinterface       ) [ 00000000000]
empty_84                  (specchannel         ) [ 00000000000]
specinterface_ln13        (specinterface       ) [ 00000000000]
empty_85                  (specchannel         ) [ 00000000000]
specinterface_ln13        (specinterface       ) [ 00000000000]
empty_86                  (specchannel         ) [ 00000000000]
specinterface_ln13        (specinterface       ) [ 00000000000]
empty_87                  (specchannel         ) [ 00000000000]
specinterface_ln13        (specinterface       ) [ 00000000000]
empty_88                  (specchannel         ) [ 00000000000]
specinterface_ln13        (specinterface       ) [ 00000000000]
empty_89                  (specchannel         ) [ 00000000000]
specinterface_ln13        (specinterface       ) [ 00000000000]
specdataflowpipeline_ln13 (specdataflowpipeline) [ 00000000000]
spectopmodule_ln3         (spectopmodule       ) [ 00000000000]
specinterface_ln0         (specinterface       ) [ 00000000000]
specbitsmap_ln0           (specbitsmap         ) [ 00000000000]
specbitsmap_ln0           (specbitsmap         ) [ 00000000000]
specbitsmap_ln0           (specbitsmap         ) [ 00000000000]
specbitsmap_ln0           (specbitsmap         ) [ 00000000000]
specbitsmap_ln0           (specbitsmap         ) [ 00000000000]
specbitsmap_ln0           (specbitsmap         ) [ 00000000000]
specbitsmap_ln0           (specbitsmap         ) [ 00000000000]
specinterface_ln0         (specinterface       ) [ 00000000000]
specbitsmap_ln0           (specbitsmap         ) [ 00000000000]
specbitsmap_ln0           (specbitsmap         ) [ 00000000000]
specbitsmap_ln0           (specbitsmap         ) [ 00000000000]
specbitsmap_ln0           (specbitsmap         ) [ 00000000000]
specbitsmap_ln0           (specbitsmap         ) [ 00000000000]
specbitsmap_ln0           (specbitsmap         ) [ 00000000000]
specbitsmap_ln0           (specbitsmap         ) [ 00000000000]
specbitsmap_ln0           (specbitsmap         ) [ 00000000000]
specinterface_ln0         (specinterface       ) [ 00000000000]
specinterface_ln0         (specinterface       ) [ 00000000000]
specbitsmap_ln0           (specbitsmap         ) [ 00000000000]
specinterface_ln0         (specinterface       ) [ 00000000000]
specinterface_ln0         (specinterface       ) [ 00000000000]
specbitsmap_ln0           (specbitsmap         ) [ 00000000000]
specinterface_ln0         (specinterface       ) [ 00000000000]
specinterface_ln0         (specinterface       ) [ 00000000000]
specbitsmap_ln0           (specbitsmap         ) [ 00000000000]
specinterface_ln0         (specinterface       ) [ 00000000000]
specinterface_ln0         (specinterface       ) [ 00000000000]
specinterface_ln0         (specinterface       ) [ 00000000000]
empty_90                  (specchannel         ) [ 00000000000]
specinterface_ln0         (specinterface       ) [ 00000000000]
empty_91                  (specchannel         ) [ 00000000000]
specinterface_ln0         (specinterface       ) [ 00000000000]
empty_92                  (specchannel         ) [ 00000000000]
specinterface_ln0         (specinterface       ) [ 00000000000]
specaxissidechannel_ln27  (specaxissidechannel ) [ 00000000000]
specaxissidechannel_ln27  (specaxissidechannel ) [ 00000000000]
ret_ln27                  (ret                 ) [ 00000000000]
</LifeTime>

<model>

<comp_list>
<comp id="0" class="1000" name="Input_Stream_V_data_V">
<pin_list>
<pin id="1" dir="1" index="0" bw="1" slack="0"/>
</pin_list>
<bind>
<StgValue><ssdm name="Input_Stream_V_data_V"/></StgValue>
</bind>
</comp>

<comp id="2" class="1000" name="Input_Stream_V_keep_V">
<pin_list>
<pin id="3" dir="1" index="0" bw="1" slack="0"/>
</pin_list>
<bind>
<StgValue><ssdm name="Input_Stream_V_keep_V"/></StgValue>
</bind>
</comp>

<comp id="4" class="1000" name="Input_Stream_V_strb_V">
<pin_list>
<pin id="5" dir="1" index="0" bw="1" slack="0"/>
</pin_list>
<bind>
<StgValue><ssdm name="Input_Stream_V_strb_V"/></StgValue>
</bind>
</comp>

<comp id="6" class="1000" name="Input_Stream_V_user_V">
<pin_list>
<pin id="7" dir="1" index="0" bw="1" slack="0"/>
</pin_list>
<bind>
<StgValue><ssdm name="Input_Stream_V_user_V"/></StgValue>
</bind>
</comp>

<comp id="8" class="1000" name="Input_Stream_V_last_V">
<pin_list>
<pin id="9" dir="1" index="0" bw="1" slack="0"/>
</pin_list>
<bind>
<StgValue><ssdm name="Input_Stream_V_last_V"/></StgValue>
</bind>
</comp>

<comp id="10" class="1000" name="Input_Stream_V_id_V">
<pin_list>
<pin id="11" dir="1" index="0" bw="1" slack="0"/>
</pin_list>
<bind>
<StgValue><ssdm name="Input_Stream_V_id_V"/></StgValue>
</bind>
</comp>

<comp id="12" class="1000" name="Input_Stream_V_dest_V">
<pin_list>
<pin id="13" dir="1" index="0" bw="1" slack="0"/>
</pin_list>
<bind>
<StgValue><ssdm name="Input_Stream_V_dest_V"/></StgValue>
</bind>
</comp>

<comp id="14" class="1000" name="Output_Stream_V_data_V">
<pin_list>
<pin id="15" dir="1" index="0" bw="1" slack="0"/>
</pin_list>
<bind>
<StgValue><ssdm name="Output_Stream_V_data_V"/></StgValue>
</bind>
</comp>

<comp id="16" class="1000" name="Output_Stream_V_keep_V">
<pin_list>
<pin id="17" dir="1" index="0" bw="1" slack="0"/>
</pin_list>
<bind>
<StgValue><ssdm name="Output_Stream_V_keep_V"/></StgValue>
</bind>
</comp>

<comp id="18" class="1000" name="Output_Stream_V_strb_V">
<pin_list>
<pin id="19" dir="1" index="0" bw="1" slack="0"/>
</pin_list>
<bind>
<StgValue><ssdm name="Output_Stream_V_strb_V"/></StgValue>
</bind>
</comp>

<comp id="20" class="1000" name="Output_Stream_V_user_V">
<pin_list>
<pin id="21" dir="1" index="0" bw="1" slack="0"/>
</pin_list>
<bind>
<StgValue><ssdm name="Output_Stream_V_user_V"/></StgValue>
</bind>
</comp>

<comp id="22" class="1000" name="Output_Stream_V_last_V">
<pin_list>
<pin id="23" dir="1" index="0" bw="1" slack="0"/>
</pin_list>
<bind>
<StgValue><ssdm name="Output_Stream_V_last_V"/></StgValue>
</bind>
</comp>

<comp id="24" class="1000" name="Output_Stream_V_id_V">
<pin_list>
<pin id="25" dir="1" index="0" bw="1" slack="0"/>
</pin_list>
<bind>
<StgValue><ssdm name="Output_Stream_V_id_V"/></StgValue>
</bind>
</comp>

<comp id="26" class="1000" name="Output_Stream_V_dest_V">
<pin_list>
<pin id="27" dir="1" index="0" bw="1" slack="0"/>
</pin_list>
<bind>
<StgValue><ssdm name="Output_Stream_V_dest_V"/></StgValue>
</bind>
</comp>

<comp id="28" class="1000" name="Rows">
<pin_list>
<pin id="29" dir="1" index="0" bw="1" slack="0"/>
</pin_list>
<bind>
<StgValue><ssdm name="Rows"/></StgValue>
</bind>
</comp>

<comp id="30" class="1000" name="Cols">
<pin_list>
<pin id="31" dir="1" index="0" bw="1" slack="0"/>
</pin_list>
<bind>
<StgValue><ssdm name="Cols"/></StgValue>
</bind>
</comp>

<comp id="32" class="1000" name="High_Threshold">
<pin_list>
<pin id="33" dir="1" index="0" bw="1" slack="0"/>
</pin_list>
<bind>
<StgValue><ssdm name="High_Threshold"/></StgValue>
</bind>
</comp>

<comp id="34" class="1000" name="Low_Threshold">
<pin_list>
<pin id="35" dir="1" index="0" bw="1" slack="0"/>
</pin_list>
<bind>
<StgValue><ssdm name="Low_Threshold"/></StgValue>
</bind>
</comp>

<comp id="36" class="1001" name="const_36">
<pin_list>
<pin id="37" dir="1" index="0" bw="1" slack="0"/>
</pin_list>
<bind>
<StgValue><ssdm name=""/></StgValue>
</bind>
</comp>

<comp id="38" class="1001" name="const_38">
<pin_list>
<pin id="39" dir="1" index="0" bw="1" slack="0"/>
</pin_list>
<bind>
<StgValue><ssdm name="_ssdm_op_Read.s_axilite.i32"/></StgValue>
</bind>
</comp>

<comp id="40" class="1001" name="const_40">
<pin_list>
<pin id="41" dir="1" index="0" bw="1" slack="0"/>
</pin_list>
<bind>
<StgValue><ssdm name="entry_proc"/></StgValue>
</bind>
</comp>

<comp id="42" class="1001" name="const_42">
<pin_list>
<pin id="43" dir="1" index="0" bw="1" slack="0"/>
</pin_list>
<bind>
<StgValue><ssdm name="Gaussian_Filter"/></StgValue>
</bind>
</comp>

<comp id="44" class="1001" name="const_44">
<pin_list>
<pin id="45" dir="1" index="0" bw="1" slack="0"/>
</pin_list>
<bind>
<StgValue><ssdm name="Sobel_Filter"/></StgValue>
</bind>
</comp>

<comp id="46" class="1001" name="const_46">
<pin_list>
<pin id="47" dir="1" index="0" bw="1" slack="0"/>
</pin_list>
<bind>
<StgValue><ssdm name="Suppression_Filter"/></StgValue>
</bind>
</comp>

<comp id="48" class="1001" name="const_48">
<pin_list>
<pin id="49" dir="1" index="0" bw="1" slack="0"/>
</pin_list>
<bind>
<StgValue><ssdm name="Hysteresis_Filter"/></StgValue>
</bind>
</comp>

<comp id="50" class="1001" name="const_50">
<pin_list>
<pin id="51" dir="1" index="0" bw="1" slack="2147483647"/>
</pin_list>
<bind>
<StgValue><ssdm name="_ssdm_op_SpecChannel"/></StgValue>
</bind>
</comp>

<comp id="52" class="1001" name="const_52">
<pin_list>
<pin id="53" dir="1" index="0" bw="1" slack="2147483647"/>
</pin_list>
<bind>
<StgValue><ssdm name="Low_Threshold_c_str"/></StgValue>
</bind>
</comp>

<comp id="54" class="1001" name="const_54">
<pin_list>
<pin id="55" dir="1" index="0" bw="1" slack="2147483647"/>
</pin_list>
<bind>
<StgValue><ssdm name=""/></StgValue>
</bind>
</comp>

<comp id="56" class="1001" name="const_56">
<pin_list>
<pin id="57" dir="1" index="0" bw="1" slack="2147483647"/>
</pin_list>
<bind>
<StgValue><ssdm name="p_str"/></StgValue>
</bind>
</comp>

<comp id="58" class="1001" name="const_58">
<pin_list>
<pin id="59" dir="1" index="0" bw="1" slack="2147483647"/>
</pin_list>
<bind>
<StgValue><ssdm name=""/></StgValue>
</bind>
</comp>

<comp id="60" class="1001" name="const_60">
<pin_list>
<pin id="61" dir="1" index="0" bw="1" slack="2147483647"/>
</pin_list>
<bind>
<StgValue><ssdm name=""/></StgValue>
</bind>
</comp>

<comp id="62" class="1001" name="const_62">
<pin_list>
<pin id="63" dir="1" index="0" bw="1" slack="2147483647"/>
</pin_list>
<bind>
<StgValue><ssdm name="_ssdm_op_SpecInterface"/></StgValue>
</bind>
</comp>

<comp id="64" class="1001" name="const_64">
<pin_list>
<pin id="65" dir="1" index="0" bw="1" slack="2147483647"/>
</pin_list>
<bind>
<StgValue><ssdm name="ap_fifo_str"/></StgValue>
</bind>
</comp>

<comp id="66" class="1001" name="const_66">
<pin_list>
<pin id="67" dir="1" index="0" bw="1" slack="2147483647"/>
</pin_list>
<bind>
<StgValue><ssdm name=""/></StgValue>
</bind>
</comp>

<comp id="68" class="1001" name="const_68">
<pin_list>
<pin id="69" dir="1" index="0" bw="1" slack="2147483647"/>
</pin_list>
<bind>
<StgValue><ssdm name=""/></StgValue>
</bind>
</comp>

<comp id="70" class="1001" name="const_70">
<pin_list>
<pin id="71" dir="1" index="0" bw="1" slack="2147483647"/>
</pin_list>
<bind>
<StgValue><ssdm name=""/></StgValue>
</bind>
</comp>

<comp id="72" class="1001" name="const_72">
<pin_list>
<pin id="73" dir="1" index="0" bw="1" slack="2147483647"/>
</pin_list>
<bind>
<StgValue><ssdm name="High_Threshold_c_str"/></StgValue>
</bind>
</comp>

<comp id="74" class="1001" name="const_74">
<pin_list>
<pin id="75" dir="1" index="0" bw="1" slack="2147483647"/>
</pin_list>
<bind>
<StgValue><ssdm name="Cols_c4_str"/></StgValue>
</bind>
</comp>

<comp id="76" class="1001" name="const_76">
<pin_list>
<pin id="77" dir="1" index="0" bw="1" slack="2147483647"/>
</pin_list>
<bind>
<StgValue><ssdm name="Cols_c3_str"/></StgValue>
</bind>
</comp>

<comp id="78" class="1001" name="const_78">
<pin_list>
<pin id="79" dir="1" index="0" bw="1" slack="2147483647"/>
</pin_list>
<bind>
<StgValue><ssdm name="Cols_c_str"/></StgValue>
</bind>
</comp>

<comp id="80" class="1001" name="const_80">
<pin_list>
<pin id="81" dir="1" index="0" bw="1" slack="2147483647"/>
</pin_list>
<bind>
<StgValue><ssdm name="Rows_c2_str"/></StgValue>
</bind>
</comp>

<comp id="82" class="1001" name="const_82">
<pin_list>
<pin id="83" dir="1" index="0" bw="1" slack="2147483647"/>
</pin_list>
<bind>
<StgValue><ssdm name="Rows_c1_str"/></StgValue>
</bind>
</comp>

<comp id="84" class="1001" name="const_84">
<pin_list>
<pin id="85" dir="1" index="0" bw="1" slack="2147483647"/>
</pin_list>
<bind>
<StgValue><ssdm name="Rows_c_str"/></StgValue>
</bind>
</comp>

<comp id="86" class="1001" name="const_86">
<pin_list>
<pin id="87" dir="1" index="0" bw="1" slack="2147483647"/>
</pin_list>
<bind>
<StgValue><ssdm name="_ssdm_op_SpecDataflowPipeline"/></StgValue>
</bind>
</comp>

<comp id="88" class="1001" name="const_88">
<pin_list>
<pin id="89" dir="1" index="0" bw="1" slack="2147483647"/>
</pin_list>
<bind>
<StgValue><ssdm name="empty_1"/></StgValue>
</bind>
</comp>

<comp id="90" class="1001" name="const_90">
<pin_list>
<pin id="91" dir="1" index="0" bw="1" slack="2147483647"/>
</pin_list>
<bind>
<StgValue><ssdm name="_ssdm_op_SpecTopModule"/></StgValue>
</bind>
</comp>

<comp id="92" class="1001" name="const_92">
<pin_list>
<pin id="93" dir="1" index="0" bw="1" slack="2147483647"/>
</pin_list>
<bind>
<StgValue><ssdm name="empty_12"/></StgValue>
</bind>
</comp>

<comp id="94" class="1001" name="const_94">
<pin_list>
<pin id="95" dir="1" index="0" bw="1" slack="2147483647"/>
</pin_list>
<bind>
<StgValue><ssdm name="empty"/></StgValue>
</bind>
</comp>

<comp id="96" class="1001" name="const_96">
<pin_list>
<pin id="97" dir="1" index="0" bw="1" slack="2147483647"/>
</pin_list>
<bind>
<StgValue><ssdm name="empty_0"/></StgValue>
</bind>
</comp>

<comp id="98" class="1001" name="const_98">
<pin_list>
<pin id="99" dir="1" index="0" bw="1" slack="2147483647"/>
</pin_list>
<bind>
<StgValue><ssdm name="_ssdm_op_SpecBitsMap"/></StgValue>
</bind>
</comp>

<comp id="100" class="1001" name="const_100">
<pin_list>
<pin id="101" dir="1" index="0" bw="1" slack="2147483647"/>
</pin_list>
<bind>
<StgValue><ssdm name="empty_2"/></StgValue>
</bind>
</comp>

<comp id="102" class="1001" name="const_102">
<pin_list>
<pin id="103" dir="1" index="0" bw="1" slack="2147483647"/>
</pin_list>
<bind>
<StgValue><ssdm name="empty_3"/></StgValue>
</bind>
</comp>

<comp id="104" class="1001" name="const_104">
<pin_list>
<pin id="105" dir="1" index="0" bw="1" slack="2147483647"/>
</pin_list>
<bind>
<StgValue><ssdm name="empty_4"/></StgValue>
</bind>
</comp>

<comp id="106" class="1001" name="const_106">
<pin_list>
<pin id="107" dir="1" index="0" bw="1" slack="2147483647"/>
</pin_list>
<bind>
<StgValue><ssdm name="empty_5"/></StgValue>
</bind>
</comp>

<comp id="108" class="1001" name="const_108">
<pin_list>
<pin id="109" dir="1" index="0" bw="1" slack="2147483647"/>
</pin_list>
<bind>
<StgValue><ssdm name="empty_6"/></StgValue>
</bind>
</comp>

<comp id="110" class="1001" name="const_110">
<pin_list>
<pin id="111" dir="1" index="0" bw="1" slack="2147483647"/>
</pin_list>
<bind>
<StgValue><ssdm name="empty_7"/></StgValue>
</bind>
</comp>

<comp id="112" class="1001" name="const_112">
<pin_list>
<pin id="113" dir="1" index="0" bw="1" slack="2147483647"/>
</pin_list>
<bind>
<StgValue><ssdm name="empty_8"/></StgValue>
</bind>
</comp>

<comp id="114" class="1001" name="const_114">
<pin_list>
<pin id="115" dir="1" index="0" bw="1" slack="2147483647"/>
</pin_list>
<bind>
<StgValue><ssdm name="Gaussian_to_Sobel_str"/></StgValue>
</bind>
</comp>

<comp id="116" class="1001" name="const_116">
<pin_list>
<pin id="117" dir="1" index="0" bw="1" slack="2147483647"/>
</pin_list>
<bind>
<StgValue><ssdm name=""/></StgValue>
</bind>
</comp>

<comp id="118" class="1001" name="const_118">
<pin_list>
<pin id="119" dir="1" index="0" bw="1" slack="2147483647"/>
</pin_list>
<bind>
<StgValue><ssdm name="empty_9"/></StgValue>
</bind>
</comp>

<comp id="120" class="1001" name="const_120">
<pin_list>
<pin id="121" dir="1" index="0" bw="1" slack="2147483647"/>
</pin_list>
<bind>
<StgValue><ssdm name="Sobel_to_Suppression_str"/></StgValue>
</bind>
</comp>

<comp id="122" class="1001" name="const_122">
<pin_list>
<pin id="123" dir="1" index="0" bw="1" slack="2147483647"/>
</pin_list>
<bind>
<StgValue><ssdm name="Suppression_to_Hysteresis_str"/></StgValue>
</bind>
</comp>

<comp id="124" class="1001" name="const_124">
<pin_list>
<pin id="125" dir="1" index="0" bw="1" slack="2147483647"/>
</pin_list>
<bind>
<StgValue><ssdm name="_ssdm_op_SpecAXISSideChannel"/></StgValue>
</bind>
</comp>

<comp id="126" class="1001" name="const_126">
<pin_list>
<pin id="127" dir="1" index="0" bw="1" slack="2147483647"/>
</pin_list>
<bind>
<StgValue><ssdm name="empty_10"/></StgValue>
</bind>
</comp>

<comp id="128" class="1001" name="const_128">
<pin_list>
<pin id="129" dir="1" index="0" bw="1" slack="2147483647"/>
</pin_list>
<bind>
<StgValue><ssdm name="empty_11"/></StgValue>
</bind>
</comp>

<comp id="130" class="1004" name="Low_Threshold_c_fu_130">
<pin_list>
<pin id="131" dir="0" index="0" bw="1" slack="0"/>
<pin id="132" dir="1" index="1" bw="32" slack="1"/>
</pin_list>
<bind>
<opcode="alloca(26) " fcode="alloca"/>
<opset="Low_Threshold_c/1 "/>
</bind>
</comp>

<comp id="134" class="1004" name="High_Threshold_c_fu_134">
<pin_list>
<pin id="135" dir="0" index="0" bw="1" slack="0"/>
<pin id="136" dir="1" index="1" bw="32" slack="1"/>
</pin_list>
<bind>
<opcode="alloca(26) " fcode="alloca"/>
<opset="High_Threshold_c/1 "/>
</bind>
</comp>

<comp id="138" class="1004" name="Cols_c4_fu_138">
<pin_list>
<pin id="139" dir="0" index="0" bw="1" slack="0"/>
<pin id="140" dir="1" index="1" bw="32" slack="1"/>
</pin_list>
<bind>
<opcode="alloca(26) " fcode="alloca"/>
<opset="Cols_c4/1 "/>
</bind>
</comp>

<comp id="142" class="1004" name="Cols_c3_fu_142">
<pin_list>
<pin id="143" dir="0" index="0" bw="1" slack="0"/>
<pin id="144" dir="1" index="1" bw="32" slack="3"/>
</pin_list>
<bind>
<opcode="alloca(26) " fcode="alloca"/>
<opset="Cols_c3/1 "/>
</bind>
</comp>

<comp id="146" class="1004" name="Cols_c_fu_146">
<pin_list>
<pin id="147" dir="0" index="0" bw="1" slack="0"/>
<pin id="148" dir="1" index="1" bw="32" slack="5"/>
</pin_list>
<bind>
<opcode="alloca(26) " fcode="alloca"/>
<opset="Cols_c/1 "/>
</bind>
</comp>

<comp id="150" class="1004" name="Rows_c2_fu_150">
<pin_list>
<pin id="151" dir="0" index="0" bw="1" slack="0"/>
<pin id="152" dir="1" index="1" bw="32" slack="1"/>
</pin_list>
<bind>
<opcode="alloca(26) " fcode="alloca"/>
<opset="Rows_c2/1 "/>
</bind>
</comp>

<comp id="154" class="1004" name="Rows_c1_fu_154">
<pin_list>
<pin id="155" dir="0" index="0" bw="1" slack="0"/>
<pin id="156" dir="1" index="1" bw="32" slack="3"/>
</pin_list>
<bind>
<opcode="alloca(26) " fcode="alloca"/>
<opset="Rows_c1/1 "/>
</bind>
</comp>

<comp id="158" class="1004" name="Rows_c_fu_158">
<pin_list>
<pin id="159" dir="0" index="0" bw="1" slack="0"/>
<pin id="160" dir="1" index="1" bw="32" slack="5"/>
</pin_list>
<bind>
<opcode="alloca(26) " fcode="alloca"/>
<opset="Rows_c/1 "/>
</bind>
</comp>

<comp id="162" class="1004" name="Gaussian_to_Sobel_fu_162">
<pin_list>
<pin id="163" dir="0" index="0" bw="1" slack="0"/>
<pin id="164" dir="1" index="1" bw="32" slack="1"/>
</pin_list>
<bind>
<opcode="alloca(26) " fcode="alloca"/>
<opset="Gaussian_to_Sobel/1 "/>
</bind>
</comp>

<comp id="166" class="1004" name="Sobel_to_Suppression_fu_166">
<pin_list>
<pin id="167" dir="0" index="0" bw="1" slack="0"/>
<pin id="168" dir="1" index="1" bw="32" slack="3"/>
</pin_list>
<bind>
<opcode="alloca(26) " fcode="alloca"/>
<opset="Sobel_to_Suppression/1 "/>
</bind>
</comp>

<comp id="170" class="1004" name="Suppression_to_Hysteresis_fu_170">
<pin_list>
<pin id="171" dir="0" index="0" bw="1" slack="0"/>
<pin id="172" dir="1" index="1" bw="32" slack="5"/>
</pin_list>
<bind>
<opcode="alloca(26) " fcode="alloca"/>
<opset="Suppression_to_Hysteresis/1 "/>
</bind>
</comp>

<comp id="174" class="1004" name="Low_Threshold_read_read_fu_174">
<pin_list>
<pin id="175" dir="0" index="0" bw="32" slack="0"/>
<pin id="176" dir="0" index="1" bw="32" slack="0"/>
<pin id="177" dir="1" index="2" bw="32" slack="0"/>
</pin_list>
<bind>
<opcode="read(1150) " fcode="read"/>
<opset="Low_Threshold_read/2 "/>
</bind>
</comp>

<comp id="180" class="1004" name="High_Threshold_read_read_fu_180">
<pin_list>
<pin id="181" dir="0" index="0" bw="32" slack="0"/>
<pin id="182" dir="0" index="1" bw="32" slack="0"/>
<pin id="183" dir="1" index="2" bw="32" slack="0"/>
</pin_list>
<bind>
<opcode="read(1150) " fcode="read"/>
<opset="High_Threshold_read/2 "/>
</bind>
</comp>

<comp id="186" class="1004" name="Cols_read_read_fu_186">
<pin_list>
<pin id="187" dir="0" index="0" bw="32" slack="0"/>
<pin id="188" dir="0" index="1" bw="32" slack="0"/>
<pin id="189" dir="1" index="2" bw="32" slack="0"/>
</pin_list>
<bind>
<opcode="read(1150) " fcode="read"/>
<opset="Cols_read/2 "/>
</bind>
</comp>

<comp id="192" class="1004" name="Rows_read_read_fu_192">
<pin_list>
<pin id="193" dir="0" index="0" bw="32" slack="0"/>
<pin id="194" dir="0" index="1" bw="32" slack="0"/>
<pin id="195" dir="1" index="2" bw="32" slack="0"/>
</pin_list>
<bind>
<opcode="read(1150) " fcode="read"/>
<opset="Rows_read/2 "/>
</bind>
</comp>

<comp id="198" class="1004" name="call_ln13_entry_proc_fu_198">
<pin_list>
<pin id="199" dir="0" index="0" bw="0" slack="0"/>
<pin id="200" dir="0" index="1" bw="32" slack="0"/>
<pin id="201" dir="0" index="2" bw="32" slack="1"/>
<pin id="202" dir="0" index="3" bw="32" slack="0"/>
<pin id="203" dir="0" index="4" bw="32" slack="1"/>
<pin id="204" dir="1" index="5" bw="0" slack="2147483647"/>
</pin_list>
<bind>
<opcode="call(48) " fcode="call"/>
<opset="call_ln13/2 "/>
</bind>
</comp>

<comp id="208" class="1004" name="grp_Gaussian_Filter_fu_208">
<pin_list>
<pin id="209" dir="0" index="0" bw="0" slack="0"/>
<pin id="210" dir="0" index="1" bw="32" slack="0"/>
<pin id="211" dir="0" index="2" bw="4" slack="0"/>
<pin id="212" dir="0" index="3" bw="4" slack="0"/>
<pin id="213" dir="0" index="4" bw="3" slack="0"/>
<pin id="214" dir="0" index="5" bw="1" slack="0"/>
<pin id="215" dir="0" index="6" bw="5" slack="0"/>
<pin id="216" dir="0" index="7" bw="6" slack="0"/>
<pin id="217" dir="0" index="8" bw="32" slack="1"/>
<pin id="218" dir="0" index="9" bw="32" slack="0"/>
<pin id="219" dir="0" index="10" bw="32" slack="0"/>
<pin id="220" dir="0" index="11" bw="32" slack="1"/>
<pin id="221" dir="0" index="12" bw="32" slack="1"/>
<pin id="222" dir="1" index="13" bw="0" slack="2147483647"/>
</pin_list>
<bind>
<opcode="call(48) " fcode="call"/>
<opset="call_ln23/2 "/>
</bind>
</comp>

<comp id="233" class="1004" name="grp_Sobel_Filter_fu_233">
<pin_list>
<pin id="234" dir="0" index="0" bw="0" slack="0"/>
<pin id="235" dir="0" index="1" bw="32" slack="3"/>
<pin id="236" dir="0" index="2" bw="32" slack="3"/>
<pin id="237" dir="0" index="3" bw="32" slack="3"/>
<pin id="238" dir="0" index="4" bw="32" slack="3"/>
<pin id="239" dir="0" index="5" bw="32" slack="3"/>
<pin id="240" dir="0" index="6" bw="32" slack="3"/>
<pin id="241" dir="1" index="7" bw="0" slack="2147483647"/>
</pin_list>
<bind>
<opcode="call(48) " fcode="call"/>
<opset="call_ln24/4 "/>
</bind>
</comp>

<comp id="243" class="1004" name="grp_Suppression_Filter_fu_243">
<pin_list>
<pin id="244" dir="0" index="0" bw="0" slack="0"/>
<pin id="245" dir="0" index="1" bw="32" slack="5"/>
<pin id="246" dir="0" index="2" bw="32" slack="5"/>
<pin id="247" dir="0" index="3" bw="32" slack="5"/>
<pin id="248" dir="0" index="4" bw="32" slack="5"/>
<pin id="249" dir="0" index="5" bw="32" slack="5"/>
<pin id="250" dir="0" index="6" bw="32" slack="5"/>
<pin id="251" dir="1" index="7" bw="0" slack="2147483647"/>
</pin_list>
<bind>
<opcode="call(48) " fcode="call"/>
<opset="call_ln25/6 "/>
</bind>
</comp>

<comp id="253" class="1004" name="grp_Hysteresis_Filter_fu_253">
<pin_list>
<pin id="254" dir="0" index="0" bw="0" slack="0"/>
<pin id="255" dir="0" index="1" bw="32" slack="7"/>
<pin id="256" dir="0" index="2" bw="32" slack="0"/>
<pin id="257" dir="0" index="3" bw="4" slack="0"/>
<pin id="258" dir="0" index="4" bw="4" slack="0"/>
<pin id="259" dir="0" index="5" bw="3" slack="0"/>
<pin id="260" dir="0" index="6" bw="1" slack="0"/>
<pin id="261" dir="0" index="7" bw="5" slack="0"/>
<pin id="262" dir="0" index="8" bw="6" slack="0"/>
<pin id="263" dir="0" index="9" bw="32" slack="7"/>
<pin id="264" dir="0" index="10" bw="32" slack="7"/>
<pin id="265" dir="0" index="11" bw="32" slack="7"/>
<pin id="266" dir="0" index="12" bw="32" slack="7"/>
<pin id="267" dir="1" index="13" bw="0" slack="2147483647"/>
</pin_list>
<bind>
<opcode="call(48) " fcode="call"/>
<opset="call_ln26/8 "/>
</bind>
</comp>

<comp id="276" class="1005" name="Low_Threshold_c_reg_276">
<pin_list>
<pin id="277" dir="0" index="0" bw="32" slack="1"/>
<pin id="278" dir="1" index="1" bw="32" slack="1"/>
</pin_list>
<bind>
<opset="Low_Threshold_c "/>
</bind>
</comp>

<comp id="282" class="1005" name="High_Threshold_c_reg_282">
<pin_list>
<pin id="283" dir="0" index="0" bw="32" slack="1"/>
<pin id="284" dir="1" index="1" bw="32" slack="1"/>
</pin_list>
<bind>
<opset="High_Threshold_c "/>
</bind>
</comp>

<comp id="288" class="1005" name="Cols_c4_reg_288">
<pin_list>
<pin id="289" dir="0" index="0" bw="32" slack="1"/>
<pin id="290" dir="1" index="1" bw="32" slack="1"/>
</pin_list>
<bind>
<opset="Cols_c4 "/>
</bind>
</comp>

<comp id="294" class="1005" name="Cols_c3_reg_294">
<pin_list>
<pin id="295" dir="0" index="0" bw="32" slack="3"/>
<pin id="296" dir="1" index="1" bw="32" slack="3"/>
</pin_list>
<bind>
<opset="Cols_c3 "/>
</bind>
</comp>

<comp id="300" class="1005" name="Cols_c_reg_300">
<pin_list>
<pin id="301" dir="0" index="0" bw="32" slack="5"/>
<pin id="302" dir="1" index="1" bw="32" slack="5"/>
</pin_list>
<bind>
<opset="Cols_c "/>
</bind>
</comp>

<comp id="306" class="1005" name="Rows_c2_reg_306">
<pin_list>
<pin id="307" dir="0" index="0" bw="32" slack="1"/>
<pin id="308" dir="1" index="1" bw="32" slack="1"/>
</pin_list>
<bind>
<opset="Rows_c2 "/>
</bind>
</comp>

<comp id="312" class="1005" name="Rows_c1_reg_312">
<pin_list>
<pin id="313" dir="0" index="0" bw="32" slack="3"/>
<pin id="314" dir="1" index="1" bw="32" slack="3"/>
</pin_list>
<bind>
<opset="Rows_c1 "/>
</bind>
</comp>

<comp id="318" class="1005" name="Rows_c_reg_318">
<pin_list>
<pin id="319" dir="0" index="0" bw="32" slack="5"/>
<pin id="320" dir="1" index="1" bw="32" slack="5"/>
</pin_list>
<bind>
<opset="Rows_c "/>
</bind>
</comp>

<comp id="324" class="1005" name="Gaussian_to_Sobel_reg_324">
<pin_list>
<pin id="325" dir="0" index="0" bw="32" slack="1"/>
<pin id="326" dir="1" index="1" bw="32" slack="1"/>
</pin_list>
<bind>
<opset="Gaussian_to_Sobel "/>
</bind>
</comp>

<comp id="330" class="1005" name="Sobel_to_Suppression_reg_330">
<pin_list>
<pin id="331" dir="0" index="0" bw="32" slack="3"/>
<pin id="332" dir="1" index="1" bw="32" slack="3"/>
</pin_list>
<bind>
<opset="Sobel_to_Suppression "/>
</bind>
</comp>

<comp id="336" class="1005" name="Suppression_to_Hysteresis_reg_336">
<pin_list>
<pin id="337" dir="0" index="0" bw="32" slack="5"/>
<pin id="338" dir="1" index="1" bw="32" slack="5"/>
</pin_list>
<bind>
<opset="Suppression_to_Hysteresis "/>
</bind>
</comp>

<comp id="342" class="1005" name="Cols_read_reg_342">
<pin_list>
<pin id="343" dir="0" index="0" bw="32" slack="1"/>
<pin id="344" dir="1" index="1" bw="32" slack="1"/>
</pin_list>
<bind>
<opset="Cols_read "/>
</bind>
</comp>

<comp id="347" class="1005" name="Rows_read_reg_347">
<pin_list>
<pin id="348" dir="0" index="0" bw="32" slack="1"/>
<pin id="349" dir="1" index="1" bw="32" slack="1"/>
</pin_list>
<bind>
<opset="Rows_read "/>
</bind>
</comp>

</comp_list>

<net_list>
<net id="133"><net_src comp="36" pin="0"/><net_sink comp="130" pin=0"/></net>

<net id="137"><net_src comp="36" pin="0"/><net_sink comp="134" pin=0"/></net>

<net id="141"><net_src comp="36" pin="0"/><net_sink comp="138" pin=0"/></net>

<net id="145"><net_src comp="36" pin="0"/><net_sink comp="142" pin=0"/></net>

<net id="149"><net_src comp="36" pin="0"/><net_sink comp="146" pin=0"/></net>

<net id="153"><net_src comp="36" pin="0"/><net_sink comp="150" pin=0"/></net>

<net id="157"><net_src comp="36" pin="0"/><net_sink comp="154" pin=0"/></net>

<net id="161"><net_src comp="36" pin="0"/><net_sink comp="158" pin=0"/></net>

<net id="165"><net_src comp="36" pin="0"/><net_sink comp="162" pin=0"/></net>

<net id="169"><net_src comp="36" pin="0"/><net_sink comp="166" pin=0"/></net>

<net id="173"><net_src comp="36" pin="0"/><net_sink comp="170" pin=0"/></net>

<net id="178"><net_src comp="38" pin="0"/><net_sink comp="174" pin=0"/></net>

<net id="179"><net_src comp="34" pin="0"/><net_sink comp="174" pin=1"/></net>

<net id="184"><net_src comp="38" pin="0"/><net_sink comp="180" pin=0"/></net>

<net id="185"><net_src comp="32" pin="0"/><net_sink comp="180" pin=1"/></net>

<net id="190"><net_src comp="38" pin="0"/><net_sink comp="186" pin=0"/></net>

<net id="191"><net_src comp="30" pin="0"/><net_sink comp="186" pin=1"/></net>

<net id="196"><net_src comp="38" pin="0"/><net_sink comp="192" pin=0"/></net>

<net id="197"><net_src comp="28" pin="0"/><net_sink comp="192" pin=1"/></net>

<net id="205"><net_src comp="40" pin="0"/><net_sink comp="198" pin=0"/></net>

<net id="206"><net_src comp="180" pin="2"/><net_sink comp="198" pin=1"/></net>

<net id="207"><net_src comp="174" pin="2"/><net_sink comp="198" pin=3"/></net>

<net id="223"><net_src comp="42" pin="0"/><net_sink comp="208" pin=0"/></net>

<net id="224"><net_src comp="0" pin="0"/><net_sink comp="208" pin=1"/></net>

<net id="225"><net_src comp="2" pin="0"/><net_sink comp="208" pin=2"/></net>

<net id="226"><net_src comp="4" pin="0"/><net_sink comp="208" pin=3"/></net>

<net id="227"><net_src comp="6" pin="0"/><net_sink comp="208" pin=4"/></net>

<net id="228"><net_src comp="8" pin="0"/><net_sink comp="208" pin=5"/></net>

<net id="229"><net_src comp="10" pin="0"/><net_sink comp="208" pin=6"/></net>

<net id="230"><net_src comp="12" pin="0"/><net_sink comp="208" pin=7"/></net>

<net id="231"><net_src comp="192" pin="2"/><net_sink comp="208" pin=9"/></net>

<net id="232"><net_src comp="186" pin="2"/><net_sink comp="208" pin=10"/></net>

<net id="242"><net_src comp="44" pin="0"/><net_sink comp="233" pin=0"/></net>

<net id="252"><net_src comp="46" pin="0"/><net_sink comp="243" pin=0"/></net>

<net id="268"><net_src comp="48" pin="0"/><net_sink comp="253" pin=0"/></net>

<net id="269"><net_src comp="14" pin="0"/><net_sink comp="253" pin=2"/></net>

<net id="270"><net_src comp="16" pin="0"/><net_sink comp="253" pin=3"/></net>

<net id="271"><net_src comp="18" pin="0"/><net_sink comp="253" pin=4"/></net>

<net id="272"><net_src comp="20" pin="0"/><net_sink comp="253" pin=5"/></net>

<net id="273"><net_src comp="22" pin="0"/><net_sink comp="253" pin=6"/></net>

<net id="274"><net_src comp="24" pin="0"/><net_sink comp="253" pin=7"/></net>

<net id="275"><net_src comp="26" pin="0"/><net_sink comp="253" pin=8"/></net>

<net id="279"><net_src comp="130" pin="1"/><net_sink comp="276" pin=0"/></net>

<net id="280"><net_src comp="276" pin="1"/><net_sink comp="198" pin=4"/></net>

<net id="281"><net_src comp="276" pin="1"/><net_sink comp="253" pin=12"/></net>

<net id="285"><net_src comp="134" pin="1"/><net_sink comp="282" pin=0"/></net>

<net id="286"><net_src comp="282" pin="1"/><net_sink comp="198" pin=2"/></net>

<net id="287"><net_src comp="282" pin="1"/><net_sink comp="253" pin=11"/></net>

<net id="291"><net_src comp="138" pin="1"/><net_sink comp="288" pin=0"/></net>

<net id="292"><net_src comp="288" pin="1"/><net_sink comp="208" pin=12"/></net>

<net id="293"><net_src comp="288" pin="1"/><net_sink comp="233" pin=4"/></net>

<net id="297"><net_src comp="142" pin="1"/><net_sink comp="294" pin=0"/></net>

<net id="298"><net_src comp="294" pin="1"/><net_sink comp="233" pin=6"/></net>

<net id="299"><net_src comp="294" pin="1"/><net_sink comp="243" pin=4"/></net>

<net id="303"><net_src comp="146" pin="1"/><net_sink comp="300" pin=0"/></net>

<net id="304"><net_src comp="300" pin="1"/><net_sink comp="243" pin=6"/></net>

<net id="305"><net_src comp="300" pin="1"/><net_sink comp="253" pin=10"/></net>

<net id="309"><net_src comp="150" pin="1"/><net_sink comp="306" pin=0"/></net>

<net id="310"><net_src comp="306" pin="1"/><net_sink comp="208" pin=11"/></net>

<net id="311"><net_src comp="306" pin="1"/><net_sink comp="233" pin=3"/></net>

<net id="315"><net_src comp="154" pin="1"/><net_sink comp="312" pin=0"/></net>

<net id="316"><net_src comp="312" pin="1"/><net_sink comp="233" pin=5"/></net>

<net id="317"><net_src comp="312" pin="1"/><net_sink comp="243" pin=3"/></net>

<net id="321"><net_src comp="158" pin="1"/><net_sink comp="318" pin=0"/></net>

<net id="322"><net_src comp="318" pin="1"/><net_sink comp="243" pin=5"/></net>

<net id="323"><net_src comp="318" pin="1"/><net_sink comp="253" pin=9"/></net>

<net id="327"><net_src comp="162" pin="1"/><net_sink comp="324" pin=0"/></net>

<net id="328"><net_src comp="324" pin="1"/><net_sink comp="208" pin=8"/></net>

<net id="329"><net_src comp="324" pin="1"/><net_sink comp="233" pin=1"/></net>

<net id="333"><net_src comp="166" pin="1"/><net_sink comp="330" pin=0"/></net>

<net id="334"><net_src comp="330" pin="1"/><net_sink comp="233" pin=2"/></net>

<net id="335"><net_src comp="330" pin="1"/><net_sink comp="243" pin=1"/></net>

<net id="339"><net_src comp="170" pin="1"/><net_sink comp="336" pin=0"/></net>

<net id="340"><net_src comp="336" pin="1"/><net_sink comp="243" pin=2"/></net>

<net id="341"><net_src comp="336" pin="1"/><net_sink comp="253" pin=1"/></net>

<net id="345"><net_src comp="186" pin="2"/><net_sink comp="342" pin=0"/></net>

<net id="346"><net_src comp="342" pin="1"/><net_sink comp="208" pin=10"/></net>

<net id="350"><net_src comp="192" pin="2"/><net_sink comp="347" pin=0"/></net>

<net id="351"><net_src comp="347" pin="1"/><net_sink comp="208" pin=9"/></net>

</net_list>

</model> 
---------------- Datapath Model END ------------------

* FSMD analyzer results:
  - Output states:
	Port: Output_Stream_V_data_V | {8 9 }
	Port: Output_Stream_V_keep_V | {8 9 }
	Port: Output_Stream_V_strb_V | {8 9 }
	Port: Output_Stream_V_user_V | {8 9 }
	Port: Output_Stream_V_last_V | {8 9 }
	Port: Output_Stream_V_id_V | {8 9 }
	Port: Output_Stream_V_dest_V | {8 9 }
 - Input state : 
	Port: Canny_Filter : Input_Stream_V_data_V | {2 3 }
	Port: Canny_Filter : Input_Stream_V_keep_V | {2 3 }
	Port: Canny_Filter : Input_Stream_V_strb_V | {2 3 }
	Port: Canny_Filter : Input_Stream_V_user_V | {2 3 }
	Port: Canny_Filter : Input_Stream_V_last_V | {2 3 }
	Port: Canny_Filter : Input_Stream_V_id_V | {2 3 }
	Port: Canny_Filter : Input_Stream_V_dest_V | {2 3 }
	Port: Canny_Filter : Rows | {2 }
	Port: Canny_Filter : Cols | {2 }
	Port: Canny_Filter : High_Threshold | {2 }
	Port: Canny_Filter : Low_Threshold | {2 }
  - Chain level:
	State 1
	State 2
	State 3
	State 4
	State 5
	State 6
	State 7
	State 8
	State 9
	State 10


============================================================
+ Verbose Summary: Datapath Resource usage 
============================================================

* Functional unit list:
|----------|---------------------------------|---------|---------|---------|---------|---------|---------|
| Operation|         Functional Unit         |   BRAM  |   DSP   |  Delay  |    FF   |   LUT   |   URAM  |
|----------|---------------------------------|---------|---------|---------|---------|---------|---------|
|          |   call_ln13_entry_proc_fu_198   |    0    |    0    |    0    |    0    |    0    |    0    |
|          |    grp_Gaussian_Filter_fu_208   |    8    |    4    |  4.764  |   1297  |   934   |    0    |
|   call   |     grp_Sobel_Filter_fu_233     |    8    |    4    |   7.94  |   1437  |   1729  |    0    |
|          |  grp_Suppression_Filter_fu_243  |    3    |    4    |   7.94  |   953   |   689   |    0    |
|          |   grp_Hysteresis_Filter_fu_253  |    8    |    4    |  11.116 |   1413  |   1396  |    0    |
|----------|---------------------------------|---------|---------|---------|---------|---------|---------|
|          |  Low_Threshold_read_read_fu_174 |    0    |    0    |    0    |    0    |    0    |    0    |
|   read   | High_Threshold_read_read_fu_180 |    0    |    0    |    0    |    0    |    0    |    0    |
|          |      Cols_read_read_fu_186      |    0    |    0    |    0    |    0    |    0    |    0    |
|          |      Rows_read_read_fu_192      |    0    |    0    |    0    |    0    |    0    |    0    |
|----------|---------------------------------|---------|---------|---------|---------|---------|---------|
|   Total  |                                 |    27   |    16   |  31.76  |   5100  |   4748  |    0    |
|----------|---------------------------------|---------|---------|---------|---------|---------|---------|

Memories:
N/A

* Register list:
+---------------------------------+--------+
|                                 |   FF   |
+---------------------------------+--------+
|         Cols_c3_reg_294         |   32   |
|         Cols_c4_reg_288         |   32   |
|          Cols_c_reg_300         |   32   |
|        Cols_read_reg_342        |   32   |
|    Gaussian_to_Sobel_reg_324    |   32   |
|     High_Threshold_c_reg_282    |   32   |
|     Low_Threshold_c_reg_276     |   32   |
|         Rows_c1_reg_312         |   32   |
|         Rows_c2_reg_306         |   32   |
|          Rows_c_reg_318         |   32   |
|        Rows_read_reg_347        |   32   |
|   Sobel_to_Suppression_reg_330  |   32   |
|Suppression_to_Hysteresis_reg_336|   32   |
+---------------------------------+--------+
|              Total              |   416  |
+---------------------------------+--------+

* Multiplexer (MUX) list: 
|----------------------------|------|------|------|--------||---------||---------||---------|
|            Comp            |  Pin | Size |  BW  | S x BW ||  Delay  ||    FF   ||   LUT   |
|----------------------------|------|------|------|--------||---------||---------||---------|
| grp_Gaussian_Filter_fu_208 |  p9  |   2  |  32  |   64   ||    0    ||    9    |
| grp_Gaussian_Filter_fu_208 |  p10 |   2  |  32  |   64   ||    0    ||    9    |
|----------------------------|------|------|------|--------||---------||---------||---------|
|            Total           |      |      |      |   128  ||  3.176  ||    0    ||    18   |
|----------------------------|------|------|------|--------||---------||---------||---------|



* Summary:
+-----------+--------+--------+--------+--------+--------+--------+
|           |  BRAM  |   DSP  |  Delay |   FF   |   LUT  |  URAM  |
+-----------+--------+--------+--------+--------+--------+--------+
|  Function |   27   |   16   |   31   |  5100  |  4748  |    0   |
|   Memory  |    -   |    -   |    -   |    -   |    -   |    -   |
|Multiplexer|    -   |    -   |    3   |    0   |   18   |    -   |
|  Register |    -   |    -   |    -   |   416  |    -   |    -   |
+-----------+--------+--------+--------+--------+--------+--------+
|   Total   |   27   |   16   |   34   |  5516  |  4766  |    0   |
+-----------+--------+--------+--------+--------+--------+--------+
