

================================================================
== Vitis HLS Report for 'Gaussian_Filter'
================================================================
* Date:           Thu Sep 24 14:58:46 2026

* Version:        2026.1 (Build 6493734 on Jun 16 2026)
* Project:        Canny_Filter_IP
* Solution:       hls
* Product family: zynq
* Target device:  xc7z020-clg400-1


================================================================
== Performance Estimates
================================================================
+ Timing: 
    * Summary: 
    +--------+----------+----------+------------+
    |  Clock |  Target  | Estimated| Uncertainty|
    +--------+----------+----------+------------+
    |ap_clk  |  10.00 ns|  7.396 ns|     2.70 ns|
    +--------+----------+----------+------------+

+ Latency: 
    * Summary: 
    +---------+---------+----------+----------+-----+-----+---------+
    |  Latency (cycles) |  Latency (absolute) |  Interval | Pipeline|
    |   min   |   max   |    min   |    max   | min | max |   Type  |
    +---------+---------+----------+----------+-----+-----+---------+
    |        ?|        ?|         ?|         ?|    ?|    ?|       no|
    +---------+---------+----------+----------+-----+-----+---------+

    + Detail: 
        * Instance: 
        +--------------------------------------------------------------------+----------------------------------------------------------+---------+---------+----------+----------+-----+-----+-------------------+
        |                                                                    |                                                          |  Latency (cycles) |  Latency (absolute) |  Interval |      Pipeline     |
        |                              Instance                              |                          Module                          |   min   |   max   |    min   |    max   | min | max |        Type       |
        +--------------------------------------------------------------------+----------------------------------------------------------+---------+---------+----------+----------+-----+-----+-------------------+
        |grp_Gaussian_Filter_Pipeline_VITIS_LOOP_13_1_VITIS_LOOP_15_2_fu_90  |Gaussian_Filter_Pipeline_VITIS_LOOP_13_1_VITIS_LOOP_15_2  |        ?|        ?|         ?|         ?|    0|    0|  loop pipeline stp|
        +--------------------------------------------------------------------+----------------------------------------------------------+---------+---------+----------+----------+-----+-----+-------------------+

        * Loop: 
        N/A



================================================================
== Utilization Estimates
================================================================
* Summary: 
+-----------------+---------+-----+--------+-------+-----+
|       Name      | BRAM_18K| DSP |   FF   |  LUT  | URAM|
+-----------------+---------+-----+--------+-------+-----+
|DSP              |        -|    -|       -|      -|    -|
|Expression       |        -|    -|       0|    142|    -|
|FIFO             |        -|    -|       -|      -|    -|
|Instance         |        8|    4|    1087|    936|    0|
|Memory           |        -|    -|       -|      -|    -|
|Multiplexer      |        -|    -|       0|     76|    -|
|Register         |        -|    -|     164|      -|    -|
+-----------------+---------+-----+--------+-------+-----+
|Total            |        8|    4|    1251|   1154|    0|
+-----------------+---------+-----+--------+-------+-----+
|Available        |      280|  220|  106400|  53200|    0|
+-----------------+---------+-----+--------+-------+-----+
|Utilization (%)  |        2|    1|       1|      2|    0|
+-----------------+---------+-----+--------+-------+-----+

+ Detail: 
    * Instance: 
    +--------------------------------------------------------------------+----------------------------------------------------------+---------+----+-----+-----+-----+
    |                              Instance                              |                          Module                          | BRAM_18K| DSP|  FF | LUT | URAM|
    +--------------------------------------------------------------------+----------------------------------------------------------+---------+----+-----+-----+-----+
    |grp_Gaussian_Filter_Pipeline_VITIS_LOOP_13_1_VITIS_LOOP_15_2_fu_90  |Gaussian_Filter_Pipeline_VITIS_LOOP_13_1_VITIS_LOOP_15_2  |        8|   0|  946|  888|    0|
    |mul_31ns_31ns_62_2_1_U16                                            |mul_31ns_31ns_62_2_1                                      |        0|   4|  141|   48|    0|
    +--------------------------------------------------------------------+----------------------------------------------------------+---------+----+-----+-----+-----+
    |Total                                                               |                                                          |        8|   4| 1087|  936|    0|
    +--------------------------------------------------------------------+----------------------------------------------------------+---------+----+-----+-----+-----+

    * DSP: 
    N/A

    * Memory: 
    N/A

    * FIFO: 
    N/A

    * Expression: 
    +--------------------+----------+----+---+----+------------+------------+
    |    Variable Name   | Operation| DSP| FF| LUT| Bitwidth P0| Bitwidth P1|
    +--------------------+----------+----+---+----+------------+------------+
    |empty_81_fu_124_p2  |      icmp|   0|  0|  39|          32|           1|
    |empty_82_fu_138_p2  |      icmp|   0|  0|  39|          32|           1|
    |ap_block_state1     |        or|   0|  0|   2|           1|           1|
    |smax1_fu_144_p3     |    select|   0|  0|  31|           1|          31|
    |smax_fu_130_p3      |    select|   0|  0|  31|           1|          31|
    +--------------------+----------+----+---+----+------------+------------+
    |Total               |          |   0|  0| 142|          67|          65|
    +--------------------+----------+----+---+----+------------+------------+

    * Multiplexer: 
    +----------------------------------+----+-----------+-----+-----------+
    |               Name               | LUT| Input Size| Bits| Total Bits|
    +----------------------------------+----+-----------+-----+-----------+
    |Cols_c4_blk_n                     |   9|          2|    1|          2|
    |Input_Stream_TREADY_int_regslice  |   9|          2|    1|          2|
    |Rows_c2_blk_n                     |   9|          2|    1|          2|
    |ap_NS_fsm                         |  31|          6|    1|          6|
    |ap_done                           |   9|          2|    1|          2|
    |real_start                        |   9|          2|    1|          2|
    +----------------------------------+----+-----------+-----+-----------+
    |Total                             |  76|         16|    6|         16|
    +----------------------------------+----+-----------+-----+-----------+

    * Register: 
    +---------------------------------------------------------------------------------+----+----+-----+-----------+
    |                                       Name                                      | FF | LUT| Bits| Const Bits|
    +---------------------------------------------------------------------------------+----+----+-----+-----------+
    |Cols_read_reg_160                                                                |  32|   0|   32|          0|
    |ap_CS_fsm                                                                        |   5|   0|    5|          0|
    |ap_done_reg                                                                      |   1|   0|    1|          0|
    |bound_reg_185                                                                    |  62|   0|   62|          0|
    |grp_Gaussian_Filter_Pipeline_VITIS_LOOP_13_1_VITIS_LOOP_15_2_fu_90_ap_start_reg  |   1|   0|    1|          0|
    |smax1_reg_170                                                                    |  31|   0|   31|          0|
    |smax_reg_165                                                                     |  31|   0|   31|          0|
    |start_once_reg                                                                   |   1|   0|    1|          0|
    +---------------------------------------------------------------------------------+----+----+-----+-----------+
    |Total                                                                            | 164|   0|  164|          0|
    +---------------------------------------------------------------------------------+----+----+-----+-----------+



================================================================
== Interface
================================================================
* Summary: 
+----------------------------------+-----+-----+------------+-----------------------+--------------+
|             RTL Ports            | Dir | Bits|  Protocol  |     Source Object     |    C Type    |
+----------------------------------+-----+-----+------------+-----------------------+--------------+
|ap_clk                            |   in|    1|  ap_ctrl_hs|        Gaussian_Filter|  return value|
|ap_rst                            |   in|    1|  ap_ctrl_hs|        Gaussian_Filter|  return value|
|ap_start                          |   in|    1|  ap_ctrl_hs|        Gaussian_Filter|  return value|
|start_full_n                      |   in|    1|  ap_ctrl_hs|        Gaussian_Filter|  return value|
|ap_done                           |  out|    1|  ap_ctrl_hs|        Gaussian_Filter|  return value|
|ap_continue                       |   in|    1|  ap_ctrl_hs|        Gaussian_Filter|  return value|
|ap_idle                           |  out|    1|  ap_ctrl_hs|        Gaussian_Filter|  return value|
|ap_ready                          |  out|    1|  ap_ctrl_hs|        Gaussian_Filter|  return value|
|start_out                         |  out|    1|  ap_ctrl_hs|        Gaussian_Filter|  return value|
|start_write                       |  out|    1|  ap_ctrl_hs|        Gaussian_Filter|  return value|
|Input_Stream_TDATA                |   in|   32|        axis|  Input_Stream_V_data_V|       pointer|
|Input_Stream_TVALID               |   in|    1|        axis|  Input_Stream_V_dest_V|       pointer|
|Input_Stream_TREADY               |  out|    1|        axis|  Input_Stream_V_dest_V|       pointer|
|Input_Stream_TDEST                |   in|    6|        axis|  Input_Stream_V_dest_V|       pointer|
|Input_Stream_TKEEP                |   in|    4|        axis|  Input_Stream_V_keep_V|       pointer|
|Input_Stream_TSTRB                |   in|    4|        axis|  Input_Stream_V_strb_V|       pointer|
|Input_Stream_TUSER                |   in|    3|        axis|  Input_Stream_V_user_V|       pointer|
|Input_Stream_TLAST                |   in|    1|        axis|  Input_Stream_V_last_V|       pointer|
|Input_Stream_TID                  |   in|    5|        axis|    Input_Stream_V_id_V|       pointer|
|Gaussian_to_Sobel_din             |  out|   32|     ap_fifo|      Gaussian_to_Sobel|       pointer|
|Gaussian_to_Sobel_full_n          |   in|    1|     ap_fifo|      Gaussian_to_Sobel|       pointer|
|Gaussian_to_Sobel_write           |  out|    1|     ap_fifo|      Gaussian_to_Sobel|       pointer|
|Gaussian_to_Sobel_num_data_valid  |   in|    4|     ap_fifo|      Gaussian_to_Sobel|       pointer|
|Gaussian_to_Sobel_fifo_cap        |   in|    4|     ap_fifo|      Gaussian_to_Sobel|       pointer|
|Rows                              |   in|   32|     ap_none|                   Rows|        scalar|
|Cols                              |   in|   32|     ap_none|                   Cols|        scalar|
|Rows_c2_din                       |  out|   32|     ap_fifo|                Rows_c2|       pointer|
|Rows_c2_full_n                    |   in|    1|     ap_fifo|                Rows_c2|       pointer|
|Rows_c2_write                     |  out|    1|     ap_fifo|                Rows_c2|       pointer|
|Rows_c2_num_data_valid            |   in|    3|     ap_fifo|                Rows_c2|       pointer|
|Rows_c2_fifo_cap                  |   in|    3|     ap_fifo|                Rows_c2|       pointer|
|Cols_c4_din                       |  out|   32|     ap_fifo|                Cols_c4|       pointer|
|Cols_c4_full_n                    |   in|    1|     ap_fifo|                Cols_c4|       pointer|
|Cols_c4_write                     |  out|    1|     ap_fifo|                Cols_c4|       pointer|
|Cols_c4_num_data_valid            |   in|    3|     ap_fifo|                Cols_c4|       pointer|
|Cols_c4_fifo_cap                  |   in|    3|     ap_fifo|                Cols_c4|       pointer|
+----------------------------------+-----+-----+------------+-----------------------+--------------+

============================================================
+ Verbose Summary: Synthesis Manager
============================================================
InlineROM: 1
ExposeGlobal: 0
============================================================
+ Verbose Summary: CDFG Model
============================================================
IsTopModel: 0
ResetActiveHigh: 1
IsCombinational: 2
IsDatapathOnly: 0
HasWiredReturn: 1
HasMFsm: 0
HasVarLatency: 1
IsPipeline: 0
IsRtlPipelined: 0
IsInstanceOverlapped: 0
IsDontTouch: 0
HasImplIP: 0
IsGatedGlobalClock: 0


============================================================
+ Verbose Summary: Schedule
============================================================
* Number of FSM states : 5
* Pipeline : 0
* Dataflow Pipeline: 0

* FSM state transitions: 
1 --> 2 
2 --> 3 
3 --> 4 
4 --> 5 
5 --> 

* FSM state operations: 

State 1 <SV = 0> <Delay = 3.63>
ST_1 : Operation 6 [1/1] (0.00ns)   --->   "%Cols_read = read i32 @_ssdm_op_Read.ap_auto.i32, i32 %Cols"   --->   Operation 6 'read' 'Cols_read' <Predicate = true> <Delay = 0.00>
ST_1 : Operation 7 [1/1] (0.00ns)   --->   "%Rows_read = read i32 @_ssdm_op_Read.ap_auto.i32, i32 %Rows"   --->   Operation 7 'read' 'Rows_read' <Predicate = true> <Delay = 0.00>
ST_1 : Operation 8 [1/1] (0.00ns)   --->   "%empty = trunc i32 %Rows_read"   --->   Operation 8 'trunc' 'empty' <Predicate = true> <Delay = 0.00>
ST_1 : Operation 9 [1/1] (0.00ns)   --->   "%empty_80 = trunc i32 %Cols_read"   --->   Operation 9 'trunc' 'empty_80' <Predicate = true> <Delay = 0.00>
ST_1 : Operation 10 [1/1] ( I:3.63ns O:3.63ns )   --->   "%write_ln0 = write void @_ssdm_op_Write.ap_fifo.i32P0A, i32 %Cols_c4, i32 %Cols_read"   --->   Operation 10 'write' 'write_ln0' <Predicate = true> <Delay = 3.63> <CoreInst = "FIFO_SRL">   --->   Core 80 'FIFO_SRL' <Latency = 0> <II = 1> <Delay = 3.63> <Storage> <Opcode : 'read' 'write' 'nbread' 'nbwrite'> <Ports = 0> <Width = 32> <Depth = 2> <FIFO>
ST_1 : Operation 11 [1/1] ( I:3.63ns O:3.63ns )   --->   "%write_ln0 = write void @_ssdm_op_Write.ap_fifo.i32P0A, i32 %Rows_c2, i32 %Rows_read"   --->   Operation 11 'write' 'write_ln0' <Predicate = true> <Delay = 3.63> <CoreInst = "FIFO_SRL">   --->   Core 80 'FIFO_SRL' <Latency = 0> <II = 1> <Delay = 3.63> <Storage> <Opcode : 'read' 'write' 'nbread' 'nbwrite'> <Ports = 0> <Width = 32> <Depth = 2> <FIFO>
ST_1 : Operation 12 [1/1] (2.55ns)   --->   "%empty_81 = icmp_sgt  i32 %Cols_read, i32 0"   --->   Operation 12 'icmp' 'empty_81' <Predicate = true> <Delay = 2.55> <CoreInst = "Cmp">   --->   Core 9 'Cmp' <Latency = 0> <II = 1> <Delay = 2.55> <FuncUnit> <Opcode : 'seteq' 'setne' 'setle' 'setge' 'setlt' 'setgt'> <InPorts = 2> <OutPorts = 1>
ST_1 : Operation 13 [1/1] (0.73ns)   --->   "%smax = select i1 %empty_81, i31 %empty_80, i31 0"   --->   Operation 13 'select' 'smax' <Predicate = true> <Delay = 0.73> <CoreInst = "Sel">   --->   Core 73 'Sel' <Latency = 0> <II = 1> <Delay = 0.73> <FuncUnit> <Opcode : 'select'> <InPorts = 3> <OutPorts = 1>
ST_1 : Operation 14 [1/1] (2.55ns)   --->   "%empty_82 = icmp_sgt  i32 %Rows_read, i32 0"   --->   Operation 14 'icmp' 'empty_82' <Predicate = true> <Delay = 2.55> <CoreInst = "Cmp">   --->   Core 9 'Cmp' <Latency = 0> <II = 1> <Delay = 2.55> <FuncUnit> <Opcode : 'seteq' 'setne' 'setle' 'setge' 'setlt' 'setgt'> <InPorts = 2> <OutPorts = 1>
ST_1 : Operation 15 [1/1] (0.73ns)   --->   "%smax1 = select i1 %empty_82, i31 %empty, i31 0"   --->   Operation 15 'select' 'smax1' <Predicate = true> <Delay = 0.73> <CoreInst = "Sel">   --->   Core 73 'Sel' <Latency = 0> <II = 1> <Delay = 0.73> <FuncUnit> <Opcode : 'select'> <InPorts = 3> <OutPorts = 1>

State 2 <SV = 1> <Delay = 6.91>
ST_2 : Operation 16 [1/1] (0.00ns)   --->   "%cast = zext i31 %smax1"   --->   Operation 16 'zext' 'cast' <Predicate = true> <Delay = 0.00>
ST_2 : Operation 17 [1/1] (0.00ns)   --->   "%cast4 = zext i31 %smax"   --->   Operation 17 'zext' 'cast4' <Predicate = true> <Delay = 0.00>
ST_2 : Operation 18 [2/2] (6.91ns)   --->   "%bound = mul i62 %cast, i62 %cast4"   --->   Operation 18 'mul' 'bound' <Predicate = true> <Delay = 6.91> <CoreInst = "Multiplier">   --->   Core 3 'Multiplier' <Latency = 1> <II = 1> <Delay = 6.91> <FuncUnit> <Opcode : 'mul'> <InPorts = 2> <OutPorts = 1>

State 3 <SV = 2> <Delay = 6.91>
ST_3 : Operation 19 [1/2] (6.91ns)   --->   "%bound = mul i62 %cast, i62 %cast4"   --->   Operation 19 'mul' 'bound' <Predicate = true> <Delay = 6.91> <CoreInst = "Multiplier">   --->   Core 3 'Multiplier' <Latency = 1> <II = 1> <Delay = 6.91> <FuncUnit> <Opcode : 'mul'> <InPorts = 2> <OutPorts = 1>

State 4 <SV = 3> <Delay = 3.77>
ST_4 : Operation 20 [2/2] (3.77ns)   --->   "%call_ln0 = call void @Gaussian_Filter_Pipeline_VITIS_LOOP_13_1_VITIS_LOOP_15_2, i32 %Cols_read, i32 %Input_Stream_V_data_V, i4 %Input_Stream_V_keep_V, i4 %Input_Stream_V_strb_V, i3 %Input_Stream_V_user_V, i1 %Input_Stream_V_last_V, i5 %Input_Stream_V_id_V, i6 %Input_Stream_V_dest_V, i32 %Gaussian_to_Sobel, i62 %bound"   --->   Operation 20 'call' 'call_ln0' <Predicate = true> <Delay = 3.77> <CoreType = "Generic">   --->   Generic Core

State 5 <SV = 4> <Delay = 0.00>
ST_5 : Operation 21 [1/1] (0.00ns)   --->   "%specinterface_ln0 = specinterface void @_ssdm_op_SpecInterface, i32 %Cols_c4, void @ap_fifo_str, i32 0, i32 0, void @p_str, i32 0, i32 0, void @p_str, void @p_str, void @p_str, i32 2, i32 2, i32 16, i32 16, void @p_str, void @ScalarProp_str, i32 4294967295, i32 0, i32 0, i32 0"   --->   Operation 21 'specinterface' 'specinterface_ln0' <Predicate = true> <Delay = 0.00>
ST_5 : Operation 22 [1/1] (0.00ns)   --->   "%specinterface_ln0 = specinterface void @_ssdm_op_SpecInterface, i32 %Rows_c2, void @ap_fifo_str, i32 0, i32 0, void @p_str, i32 0, i32 0, void @p_str, void @p_str, void @p_str, i32 2, i32 2, i32 16, i32 16, void @p_str, void @ScalarProp_str, i32 4294967295, i32 0, i32 0, i32 0"   --->   Operation 22 'specinterface' 'specinterface_ln0' <Predicate = true> <Delay = 0.00>
ST_5 : Operation 23 [1/1] (0.00ns)   --->   "%specaxissidechannel_ln0 = specaxissidechannel void @_ssdm_op_SpecAXISSideChannel, i32 %Input_Stream_V_data_V, i4 %Input_Stream_V_keep_V, i4 %Input_Stream_V_strb_V, i3 %Input_Stream_V_user_V, i1 %Input_Stream_V_last_V, i5 %Input_Stream_V_id_V, i6 %Input_Stream_V_dest_V, void @empty_11"   --->   Operation 23 'specaxissidechannel' 'specaxissidechannel_ln0' <Predicate = true> <Delay = 0.00>
ST_5 : Operation 24 [1/1] (0.00ns)   --->   "%specinterface_ln0 = specinterface void @_ssdm_op_SpecInterface, i32 %Gaussian_to_Sobel, void @empty_9, i32 0, i32 0, void @empty_1, i32 0, i32 0, void @empty_1, void @empty_1, void @empty_1, i32 0, i32 0, i32 0, i32 0, void @empty_1, void @empty_1, i32 4294967295, i32 0, i32 0, i32 0"   --->   Operation 24 'specinterface' 'specinterface_ln0' <Predicate = true> <Delay = 0.00>
ST_5 : Operation 25 [1/1] (0.00ns)   --->   "%specinterface_ln0 = specinterface void @_ssdm_op_SpecInterface, i6 %Input_Stream_V_dest_V, i5 %Input_Stream_V_id_V, i1 %Input_Stream_V_last_V, i3 %Input_Stream_V_user_V, i4 %Input_Stream_V_strb_V, i4 %Input_Stream_V_keep_V, i32 %Input_Stream_V_data_V, void @empty, i32 1, i32 1, void @empty_0, i32 0, i32 0, void @empty_1, void @empty_1, void @empty_1, i32 0, i32 0, i32 0, i32 0, void @empty_1, void @empty_1, i32 4294967295, i32 0, i32 0, i32 0"   --->   Operation 25 'specinterface' 'specinterface_ln0' <Predicate = true> <Delay = 0.00>
ST_5 : Operation 26 [1/2] (0.00ns)   --->   "%call_ln0 = call void @Gaussian_Filter_Pipeline_VITIS_LOOP_13_1_VITIS_LOOP_15_2, i32 %Cols_read, i32 %Input_Stream_V_data_V, i4 %Input_Stream_V_keep_V, i4 %Input_Stream_V_strb_V, i3 %Input_Stream_V_user_V, i1 %Input_Stream_V_last_V, i5 %Input_Stream_V_id_V, i6 %Input_Stream_V_dest_V, i32 %Gaussian_to_Sobel, i62 %bound"   --->   Operation 26 'call' 'call_ln0' <Predicate = true> <Delay = 0.00> <CoreType = "Generic">   --->   Generic Core
ST_5 : Operation 27 [1/1] (0.00ns)   --->   "%ret_ln53 = ret" [Gaussian_Filter.cpp:53]   --->   Operation 27 'ret' 'ret_ln53' <Predicate = true> <Delay = 0.00>


============================================================
+ Verbose Summary: Binding
============================================================
STG Binding: 
---------------- STG Properties BEGIN ----------------
- Is combinational: 0
- Is one-state seq: 0
- Is datapath-only: 0
- Is pipelined: 0
- Is top level: 0
Port [ Return ] is wired: 1; IO mode=ap_ctrl_hs:ce=0
Port [ Input_Stream_V_data_V]:  wired=1; compound=1; hidden=0; nouse=0; global=0; static=0; extern=0; dir=0; type=0; pingpong=0; private_global=0; IO mode=axis:ce=0
Port [ Input_Stream_V_keep_V]:  wired=1; compound=1; hidden=0; nouse=0; global=0; static=0; extern=0; dir=0; type=0; pingpong=0; private_global=0; IO mode=axis:ce=0
Port [ Input_Stream_V_strb_V]:  wired=1; compound=1; hidden=0; nouse=0; global=0; static=0; extern=0; dir=0; type=0; pingpong=0; private_global=0; IO mode=axis:ce=0
Port [ Input_Stream_V_user_V]:  wired=1; compound=1; hidden=0; nouse=0; global=0; static=0; extern=0; dir=0; type=0; pingpong=0; private_global=0; IO mode=axis:ce=0
Port [ Input_Stream_V_last_V]:  wired=1; compound=1; hidden=0; nouse=0; global=0; static=0; extern=0; dir=0; type=0; pingpong=0; private_global=0; IO mode=axis:ce=0
Port [ Input_Stream_V_id_V]:  wired=1; compound=1; hidden=0; nouse=0; global=0; static=0; extern=0; dir=0; type=0; pingpong=0; private_global=0; IO mode=axis:ce=0
Port [ Input_Stream_V_dest_V]:  wired=1; compound=1; hidden=0; nouse=0; global=0; static=0; extern=0; dir=0; type=0; pingpong=0; private_global=0; IO mode=axis:ce=0
Port [ Gaussian_to_Sobel]:  wired=1; compound=1; hidden=0; nouse=0; global=0; static=0; extern=0; dir=1; type=3; pingpong=0; private_global=0; IO mode=ap_fifo:ce=0
Port [ Rows]:  wired=1; compound=0; hidden=0; nouse=0; global=0; static=0; extern=0; dir=0; type=0; pingpong=0; private_global=0; IO mode=ap_none:ce=0
Port [ Cols]:  wired=1; compound=0; hidden=0; nouse=0; global=0; static=0; extern=0; dir=0; type=0; pingpong=0; private_global=0; IO mode=ap_none:ce=0
Port [ Rows_c2]:  wired=1; compound=1; hidden=0; nouse=0; global=0; static=0; extern=0; dir=1; type=3; pingpong=0; private_global=0; IO mode=ap_fifo:ce=0
Port [ Cols_c4]:  wired=1; compound=1; hidden=0; nouse=0; global=0; static=0; extern=0; dir=1; type=3; pingpong=0; private_global=0; IO mode=ap_fifo:ce=0
---------------- STG Properties END ------------------

---------------- Datapath Model BEGIN ----------------

<LifeTime>
<method=bitvector/>
Cols_read               (read               ) [ 001111]
Rows_read               (read               ) [ 000000]
empty                   (trunc              ) [ 000000]
empty_80                (trunc              ) [ 000000]
write_ln0               (write              ) [ 000000]
write_ln0               (write              ) [ 000000]
empty_81                (icmp               ) [ 000000]
smax                    (select             ) [ 001000]
empty_82                (icmp               ) [ 000000]
smax1                   (select             ) [ 001000]
cast                    (zext               ) [ 000100]
cast4                   (zext               ) [ 000100]
bound                   (mul                ) [ 000011]
specinterface_ln0       (specinterface      ) [ 000000]
specinterface_ln0       (specinterface      ) [ 000000]
specaxissidechannel_ln0 (specaxissidechannel) [ 000000]
specinterface_ln0       (specinterface      ) [ 000000]
specinterface_ln0       (specinterface      ) [ 000000]
call_ln0                (call               ) [ 000000]
ret_ln53                (ret                ) [ 000000]
</LifeTime>

<model>

<comp_list>
<comp id="0" class="1000" name="Input_Stream_V_data_V">
<pin_list>
<pin id="1" dir="1" index="0" bw="1" slack="0"/>
</pin_list>
<bind>
<StgValue><ssdm name="Input_Stream_V_data_V"/></StgValue>
</bind>
</comp>

<comp id="2" class="1000" name="Input_Stream_V_keep_V">
<pin_list>
<pin id="3" dir="1" index="0" bw="1" slack="0"/>
</pin_list>
<bind>
<StgValue><ssdm name="Input_Stream_V_keep_V"/></StgValue>
</bind>
</comp>

<comp id="4" class="1000" name="Input_Stream_V_strb_V">
<pin_list>
<pin id="5" dir="1" index="0" bw="1" slack="0"/>
</pin_list>
<bind>
<StgValue><ssdm name="Input_Stream_V_strb_V"/></StgValue>
</bind>
</comp>

<comp id="6" class="1000" name="Input_Stream_V_user_V">
<pin_list>
<pin id="7" dir="1" index="0" bw="1" slack="0"/>
</pin_list>
<bind>
<StgValue><ssdm name="Input_Stream_V_user_V"/></StgValue>
</bind>
</comp>

<comp id="8" class="1000" name="Input_Stream_V_last_V">
<pin_list>
<pin id="9" dir="1" index="0" bw="1" slack="0"/>
</pin_list>
<bind>
<StgValue><ssdm name="Input_Stream_V_last_V"/></StgValue>
</bind>
</comp>

<comp id="10" class="1000" name="Input_Stream_V_id_V">
<pin_list>
<pin id="11" dir="1" index="0" bw="1" slack="0"/>
</pin_list>
<bind>
<StgValue><ssdm name="Input_Stream_V_id_V"/></StgValue>
</bind>
</comp>

<comp id="12" class="1000" name="Input_Stream_V_dest_V">
<pin_list>
<pin id="13" dir="1" index="0" bw="1" slack="0"/>
</pin_list>
<bind>
<StgValue><ssdm name="Input_Stream_V_dest_V"/></StgValue>
</bind>
</comp>

<comp id="14" class="1000" name="Gaussian_to_Sobel">
<pin_list>
<pin id="15" dir="1" index="0" bw="1" slack="0"/>
</pin_list>
<bind>
<StgValue><ssdm name="Gaussian_to_Sobel"/></StgValue>
</bind>
</comp>

<comp id="16" class="1000" name="Rows">
<pin_list>
<pin id="17" dir="1" index="0" bw="1" slack="0"/>
</pin_list>
<bind>
<StgValue><ssdm name="Rows"/></StgValue>
</bind>
</comp>

<comp id="18" class="1000" name="Cols">
<pin_list>
<pin id="19" dir="1" index="0" bw="1" slack="0"/>
</pin_list>
<bind>
<StgValue><ssdm name="Cols"/></StgValue>
</bind>
</comp>

<comp id="20" class="1000" name="Rows_c2">
<pin_list>
<pin id="21" dir="1" index="0" bw="1" slack="0"/>
</pin_list>
<bind>
<StgValue><ssdm name="Rows_c2"/></StgValue>
</bind>
</comp>

<comp id="22" class="1000" name="Cols_c4">
<pin_list>
<pin id="23" dir="1" index="0" bw="1" slack="0"/>
</pin_list>
<bind>
<StgValue><ssdm name="Cols_c4"/></StgValue>
</bind>
</comp>

<comp id="24" class="1001" name="const_24">
<pin_list>
<pin id="25" dir="1" index="0" bw="1" slack="0"/>
</pin_list>
<bind>
<StgValue><ssdm name="_ssdm_op_Read.ap_auto.i32"/></StgValue>
</bind>
</comp>

<comp id="26" class="1001" name="const_26">
<pin_list>
<pin id="27" dir="1" index="0" bw="1" slack="0"/>
</pin_list>
<bind>
<StgValue><ssdm name="_ssdm_op_Write.ap_fifo.i32P0A"/></StgValue>
</bind>
</comp>

<comp id="28" class="1001" name="const_28">
<pin_list>
<pin id="29" dir="1" index="0" bw="1" slack="0"/>
</pin_list>
<bind>
<StgValue><ssdm name=""/></StgValue>
</bind>
</comp>

<comp id="30" class="1001" name="const_30">
<pin_list>
<pin id="31" dir="1" index="0" bw="1" slack="0"/>
</pin_list>
<bind>
<StgValue><ssdm name=""/></StgValue>
</bind>
</comp>

<comp id="32" class="1001" name="const_32">
<pin_list>
<pin id="33" dir="1" index="0" bw="1" slack="0"/>
</pin_list>
<bind>
<StgValue><ssdm name="Gaussian_Filter_Pipeline_VITIS_LOOP_13_1_VITIS_LOOP_15_2"/></StgValue>
</bind>
</comp>

<comp id="34" class="1001" name="const_34">
<pin_list>
<pin id="35" dir="1" index="0" bw="1" slack="2147483647"/>
</pin_list>
<bind>
<StgValue><ssdm name="_ssdm_op_SpecInterface"/></StgValue>
</bind>
</comp>

<comp id="36" class="1001" name="const_36">
<pin_list>
<pin id="37" dir="1" index="0" bw="1" slack="2147483647"/>
</pin_list>
<bind>
<StgValue><ssdm name="ap_fifo_str"/></StgValue>
</bind>
</comp>

<comp id="38" class="1001" name="const_38">
<pin_list>
<pin id="39" dir="1" index="0" bw="1" slack="2147483647"/>
</pin_list>
<bind>
<StgValue><ssdm name="p_str"/></StgValue>
</bind>
</comp>

<comp id="40" class="1001" name="const_40">
<pin_list>
<pin id="41" dir="1" index="0" bw="1" slack="2147483647"/>
</pin_list>
<bind>
<StgValue><ssdm name=""/></StgValue>
</bind>
</comp>

<comp id="42" class="1001" name="const_42">
<pin_list>
<pin id="43" dir="1" index="0" bw="1" slack="2147483647"/>
</pin_list>
<bind>
<StgValue><ssdm name=""/></StgValue>
</bind>
</comp>

<comp id="44" class="1001" name="const_44">
<pin_list>
<pin id="45" dir="1" index="0" bw="1" slack="2147483647"/>
</pin_list>
<bind>
<StgValue><ssdm name="ScalarProp_str"/></StgValue>
</bind>
</comp>

<comp id="46" class="1001" name="const_46">
<pin_list>
<pin id="47" dir="1" index="0" bw="1" slack="2147483647"/>
</pin_list>
<bind>
<StgValue><ssdm name=""/></StgValue>
</bind>
</comp>

<comp id="48" class="1001" name="const_48">
<pin_list>
<pin id="49" dir="1" index="0" bw="1" slack="2147483647"/>
</pin_list>
<bind>
<StgValue><ssdm name="_ssdm_op_SpecAXISSideChannel"/></StgValue>
</bind>
</comp>

<comp id="50" class="1001" name="const_50">
<pin_list>
<pin id="51" dir="1" index="0" bw="1" slack="2147483647"/>
</pin_list>
<bind>
<StgValue><ssdm name="empty_11"/></StgValue>
</bind>
</comp>

<comp id="52" class="1001" name="const_52">
<pin_list>
<pin id="53" dir="1" index="0" bw="1" slack="2147483647"/>
</pin_list>
<bind>
<StgValue><ssdm name="empty_9"/></StgValue>
</bind>
</comp>

<comp id="54" class="1001" name="const_54">
<pin_list>
<pin id="55" dir="1" index="0" bw="1" slack="2147483647"/>
</pin_list>
<bind>
<StgValue><ssdm name="empty_1"/></StgValue>
</bind>
</comp>

<comp id="56" class="1001" name="const_56">
<pin_list>
<pin id="57" dir="1" index="0" bw="1" slack="2147483647"/>
</pin_list>
<bind>
<StgValue><ssdm name="empty"/></StgValue>
</bind>
</comp>

<comp id="58" class="1001" name="const_58">
<pin_list>
<pin id="59" dir="1" index="0" bw="1" slack="2147483647"/>
</pin_list>
<bind>
<StgValue><ssdm name=""/></StgValue>
</bind>
</comp>

<comp id="60" class="1001" name="const_60">
<pin_list>
<pin id="61" dir="1" index="0" bw="1" slack="2147483647"/>
</pin_list>
<bind>
<StgValue><ssdm name="empty_0"/></StgValue>
</bind>
</comp>

<comp id="62" class="1004" name="Cols_read_read_fu_62">
<pin_list>
<pin id="63" dir="0" index="0" bw="32" slack="0"/>
<pin id="64" dir="0" index="1" bw="32" slack="0"/>
<pin id="65" dir="1" index="2" bw="32" slack="0"/>
</pin_list>
<bind>
<opcode="read(1150) " fcode="read"/>
<opset="Cols_read/1 "/>
</bind>
</comp>

<comp id="68" class="1004" name="Rows_read_read_fu_68">
<pin_list>
<pin id="69" dir="0" index="0" bw="32" slack="0"/>
<pin id="70" dir="0" index="1" bw="32" slack="0"/>
<pin id="71" dir="1" index="2" bw="32" slack="0"/>
</pin_list>
<bind>
<opcode="read(1150) " fcode="read"/>
<opset="Rows_read/1 "/>
</bind>
</comp>

<comp id="74" class="1004" name="write_ln0_write_fu_74">
<pin_list>
<pin id="75" dir="0" index="0" bw="0" slack="0"/>
<pin id="76" dir="0" index="1" bw="32" slack="0"/>
<pin id="77" dir="0" index="2" bw="32" slack="0"/>
<pin id="78" dir="1" index="3" bw="0" slack="2147483647"/>
</pin_list>
<bind>
<opcode="write(1151) " fcode="write"/>
<opset="write_ln0/1 "/>
</bind>
</comp>

<comp id="82" class="1004" name="write_ln0_write_fu_82">
<pin_list>
<pin id="83" dir="0" index="0" bw="0" slack="0"/>
<pin id="84" dir="0" index="1" bw="32" slack="0"/>
<pin id="85" dir="0" index="2" bw="32" slack="0"/>
<pin id="86" dir="1" index="3" bw="0" slack="2147483647"/>
</pin_list>
<bind>
<opcode="write(1151) " fcode="write"/>
<opset="write_ln0/1 "/>
</bind>
</comp>

<comp id="90" class="1004" name="grp_Gaussian_Filter_Pipeline_VITIS_LOOP_13_1_VITIS_LOOP_15_2_fu_90">
<pin_list>
<pin id="91" dir="0" index="0" bw="0" slack="0"/>
<pin id="92" dir="0" index="1" bw="32" slack="3"/>
<pin id="93" dir="0" index="2" bw="32" slack="0"/>
<pin id="94" dir="0" index="3" bw="4" slack="0"/>
<pin id="95" dir="0" index="4" bw="4" slack="0"/>
<pin id="96" dir="0" index="5" bw="3" slack="0"/>
<pin id="97" dir="0" index="6" bw="1" slack="0"/>
<pin id="98" dir="0" index="7" bw="5" slack="0"/>
<pin id="99" dir="0" index="8" bw="6" slack="0"/>
<pin id="100" dir="0" index="9" bw="32" slack="0"/>
<pin id="101" dir="0" index="10" bw="62" slack="1"/>
<pin id="102" dir="1" index="11" bw="0" slack="2147483647"/>
</pin_list>
<bind>
<opcode="call(48) " fcode="call"/>
<opset="call_ln0/4 "/>
</bind>
</comp>

<comp id="112" class="1004" name="grp_fu_112">
<pin_list>
<pin id="113" dir="0" index="0" bw="31" slack="0"/>
<pin id="114" dir="0" index="1" bw="31" slack="0"/>
<pin id="115" dir="1" index="2" bw="62" slack="1"/>
</pin_list>
<bind>
<opcode="mul(12) " fcode="mul"/>
<opset="bound/2 "/>
</bind>
</comp>

<comp id="116" class="1004" name="empty_fu_116">
<pin_list>
<pin id="117" dir="0" index="0" bw="32" slack="0"/>
<pin id="118" dir="1" index="1" bw="31" slack="0"/>
</pin_list>
<bind>
<opcode="trunc(33) " fcode="trunc"/>
<opset="empty/1 "/>
</bind>
</comp>

<comp id="120" class="1004" name="empty_80_fu_120">
<pin_list>
<pin id="121" dir="0" index="0" bw="32" slack="0"/>
<pin id="122" dir="1" index="1" bw="31" slack="0"/>
</pin_list>
<bind>
<opcode="trunc(33) " fcode="trunc"/>
<opset="empty_80/1 "/>
</bind>
</comp>

<comp id="124" class="1004" name="empty_81_fu_124">
<pin_list>
<pin id="125" dir="0" index="0" bw="32" slack="0"/>
<pin id="126" dir="0" index="1" bw="32" slack="0"/>
<pin id="127" dir="1" index="2" bw="1" slack="0"/>
</pin_list>
<bind>
<opcode="icmp(45) " fcode="icmp"/>
<opset="empty_81/1 "/>
</bind>
</comp>

<comp id="130" class="1004" name="smax_fu_130">
<pin_list>
<pin id="131" dir="0" index="0" bw="1" slack="0"/>
<pin id="132" dir="0" index="1" bw="31" slack="0"/>
<pin id="133" dir="0" index="2" bw="31" slack="0"/>
<pin id="134" dir="1" index="3" bw="31" slack="1"/>
</pin_list>
<bind>
<opcode="select(49) " fcode="select"/>
<opset="smax/1 "/>
</bind>
</comp>

<comp id="138" class="1004" name="empty_82_fu_138">
<pin_list>
<pin id="139" dir="0" index="0" bw="32" slack="0"/>
<pin id="140" dir="0" index="1" bw="32" slack="0"/>
<pin id="141" dir="1" index="2" bw="1" slack="0"/>
</pin_list>
<bind>
<opcode="icmp(45) " fcode="icmp"/>
<opset="empty_82/1 "/>
</bind>
</comp>

<comp id="144" class="1004" name="smax1_fu_144">
<pin_list>
<pin id="145" dir="0" index="0" bw="1" slack="0"/>
<pin id="146" dir="0" index="1" bw="31" slack="0"/>
<pin id="147" dir="0" index="2" bw="31" slack="0"/>
<pin id="148" dir="1" index="3" bw="31" slack="1"/>
</pin_list>
<bind>
<opcode="select(49) " fcode="select"/>
<opset="smax1/1 "/>
</bind>
</comp>

<comp id="152" class="1004" name="cast_fu_152">
<pin_list>
<pin id="153" dir="0" index="0" bw="31" slack="1"/>
<pin id="154" dir="1" index="1" bw="62" slack="0"/>
</pin_list>
<bind>
<opcode="zext(34) " fcode="zext"/>
<opset="cast/2 "/>
</bind>
</comp>

<comp id="156" class="1004" name="cast4_fu_156">
<pin_list>
<pin id="157" dir="0" index="0" bw="31" slack="1"/>
<pin id="158" dir="1" index="1" bw="62" slack="0"/>
</pin_list>
<bind>
<opcode="zext(34) " fcode="zext"/>
<opset="cast4/2 "/>
</bind>
</comp>

<comp id="160" class="1005" name="Cols_read_reg_160">
<pin_list>
<pin id="161" dir="0" index="0" bw="32" slack="3"/>
<pin id="162" dir="1" index="1" bw="32" slack="3"/>
</pin_list>
<bind>
<opset="Cols_read "/>
</bind>
</comp>

<comp id="165" class="1005" name="smax_reg_165">
<pin_list>
<pin id="166" dir="0" index="0" bw="31" slack="1"/>
<pin id="167" dir="1" index="1" bw="31" slack="1"/>
</pin_list>
<bind>
<opset="smax "/>
</bind>
</comp>

<comp id="170" class="1005" name="smax1_reg_170">
<pin_list>
<pin id="171" dir="0" index="0" bw="31" slack="1"/>
<pin id="172" dir="1" index="1" bw="31" slack="1"/>
</pin_list>
<bind>
<opset="smax1 "/>
</bind>
</comp>

<comp id="175" class="1005" name="cast_reg_175">
<pin_list>
<pin id="176" dir="0" index="0" bw="62" slack="1"/>
<pin id="177" dir="1" index="1" bw="62" slack="1"/>
</pin_list>
<bind>
<opset="cast "/>
</bind>
</comp>

<comp id="180" class="1005" name="cast4_reg_180">
<pin_list>
<pin id="181" dir="0" index="0" bw="62" slack="1"/>
<pin id="182" dir="1" index="1" bw="62" slack="1"/>
</pin_list>
<bind>
<opset="cast4 "/>
</bind>
</comp>

<comp id="185" class="1005" name="bound_reg_185">
<pin_list>
<pin id="186" dir="0" index="0" bw="62" slack="1"/>
<pin id="187" dir="1" index="1" bw="62" slack="1"/>
</pin_list>
<bind>
<opset="bound "/>
</bind>
</comp>

</comp_list>

<net_list>
<net id="66"><net_src comp="24" pin="0"/><net_sink comp="62" pin=0"/></net>

<net id="67"><net_src comp="18" pin="0"/><net_sink comp="62" pin=1"/></net>

<net id="72"><net_src comp="24" pin="0"/><net_sink comp="68" pin=0"/></net>

<net id="73"><net_src comp="16" pin="0"/><net_sink comp="68" pin=1"/></net>

<net id="79"><net_src comp="26" pin="0"/><net_sink comp="74" pin=0"/></net>

<net id="80"><net_src comp="22" pin="0"/><net_sink comp="74" pin=1"/></net>

<net id="81"><net_src comp="62" pin="2"/><net_sink comp="74" pin=2"/></net>

<net id="87"><net_src comp="26" pin="0"/><net_sink comp="82" pin=0"/></net>

<net id="88"><net_src comp="20" pin="0"/><net_sink comp="82" pin=1"/></net>

<net id="89"><net_src comp="68" pin="2"/><net_sink comp="82" pin=2"/></net>

<net id="103"><net_src comp="32" pin="0"/><net_sink comp="90" pin=0"/></net>

<net id="104"><net_src comp="0" pin="0"/><net_sink comp="90" pin=2"/></net>

<net id="105"><net_src comp="2" pin="0"/><net_sink comp="90" pin=3"/></net>

<net id="106"><net_src comp="4" pin="0"/><net_sink comp="90" pin=4"/></net>

<net id="107"><net_src comp="6" pin="0"/><net_sink comp="90" pin=5"/></net>

<net id="108"><net_src comp="8" pin="0"/><net_sink comp="90" pin=6"/></net>

<net id="109"><net_src comp="10" pin="0"/><net_sink comp="90" pin=7"/></net>

<net id="110"><net_src comp="12" pin="0"/><net_sink comp="90" pin=8"/></net>

<net id="111"><net_src comp="14" pin="0"/><net_sink comp="90" pin=9"/></net>

<net id="119"><net_src comp="68" pin="2"/><net_sink comp="116" pin=0"/></net>

<net id="123"><net_src comp="62" pin="2"/><net_sink comp="120" pin=0"/></net>

<net id="128"><net_src comp="62" pin="2"/><net_sink comp="124" pin=0"/></net>

<net id="129"><net_src comp="28" pin="0"/><net_sink comp="124" pin=1"/></net>

<net id="135"><net_src comp="124" pin="2"/><net_sink comp="130" pin=0"/></net>

<net id="136"><net_src comp="120" pin="1"/><net_sink comp="130" pin=1"/></net>

<net id="137"><net_src comp="30" pin="0"/><net_sink comp="130" pin=2"/></net>

<net id="142"><net_src comp="68" pin="2"/><net_sink comp="138" pin=0"/></net>

<net id="143"><net_src comp="28" pin="0"/><net_sink comp="138" pin=1"/></net>

<net id="149"><net_src comp="138" pin="2"/><net_sink comp="144" pin=0"/></net>

<net id="150"><net_src comp="116" pin="1"/><net_sink comp="144" pin=1"/></net>

<net id="151"><net_src comp="30" pin="0"/><net_sink comp="144" pin=2"/></net>

<net id="155"><net_src comp="152" pin="1"/><net_sink comp="112" pin=0"/></net>

<net id="159"><net_src comp="156" pin="1"/><net_sink comp="112" pin=1"/></net>

<net id="163"><net_src comp="62" pin="2"/><net_sink comp="160" pin=0"/></net>

<net id="164"><net_src comp="160" pin="1"/><net_sink comp="90" pin=1"/></net>

<net id="168"><net_src comp="130" pin="3"/><net_sink comp="165" pin=0"/></net>

<net id="169"><net_src comp="165" pin="1"/><net_sink comp="156" pin=0"/></net>

<net id="173"><net_src comp="144" pin="3"/><net_sink comp="170" pin=0"/></net>

<net id="174"><net_src comp="170" pin="1"/><net_sink comp="152" pin=0"/></net>

<net id="178"><net_src comp="152" pin="1"/><net_sink comp="175" pin=0"/></net>

<net id="179"><net_src comp="175" pin="1"/><net_sink comp="112" pin=0"/></net>

<net id="183"><net_src comp="156" pin="1"/><net_sink comp="180" pin=0"/></net>

<net id="184"><net_src comp="180" pin="1"/><net_sink comp="112" pin=1"/></net>

<net id="188"><net_src comp="112" pin="2"/><net_sink comp="185" pin=0"/></net>

<net id="189"><net_src comp="185" pin="1"/><net_sink comp="90" pin=10"/></net>

</net_list>

</model> 
---------------- Datapath Model END ------------------

* FSMD analyzer results:
  - Output states:
	Port: Input_Stream_V_data_V | {}
	Port: Input_Stream_V_keep_V | {}
	Port: Input_Stream_V_strb_V | {}
	Port: Input_Stream_V_user_V | {}
	Port: Input_Stream_V_last_V | {}
	Port: Input_Stream_V_id_V | {}
	Port: Input_Stream_V_dest_V | {}
	Port: Gaussian_to_Sobel | {4 5 }
	Port: Rows_c2 | {1 }
	Port: Cols_c4 | {1 }
 - Input state : 
	Port: Gaussian_Filter : Input_Stream_V_data_V | {4 5 }
	Port: Gaussian_Filter : Input_Stream_V_keep_V | {4 5 }
	Port: Gaussian_Filter : Input_Stream_V_strb_V | {4 5 }
	Port: Gaussian_Filter : Input_Stream_V_user_V | {4 5 }
	Port: Gaussian_Filter : Input_Stream_V_last_V | {4 5 }
	Port: Gaussian_Filter : Input_Stream_V_id_V | {4 5 }
	Port: Gaussian_Filter : Input_Stream_V_dest_V | {4 5 }
	Port: Gaussian_Filter : Rows | {1 }
	Port: Gaussian_Filter : Cols | {1 }
  - Chain level:
	State 1
		smax : 1
		smax1 : 1
	State 2
		bound : 1
	State 3
	State 4
	State 5


============================================================
+ Verbose Summary: Datapath Resource usage 
============================================================

* Functional unit list:
|----------|--------------------------------------------------------------------|---------|---------|---------|---------|---------|---------|
| Operation|                           Functional Unit                          |   BRAM  |   DSP   |  Delay  |    FF   |   LUT   |   URAM  |
|----------|--------------------------------------------------------------------|---------|---------|---------|---------|---------|---------|
|   call   | grp_Gaussian_Filter_Pipeline_VITIS_LOOP_13_1_VITIS_LOOP_15_2_fu_90 |    8    |    0    |  1.588  |   876   |   728   |    0    |
|----------|--------------------------------------------------------------------|---------|---------|---------|---------|---------|---------|
|    mul   |                             grp_fu_112                             |    0    |    4    |    0    |   141   |    48   |    0    |
|----------|--------------------------------------------------------------------|---------|---------|---------|---------|---------|---------|
|   icmp   |                           empty_81_fu_124                          |    0    |    0    |    0    |    0    |    39   |    0    |
|          |                           empty_82_fu_138                          |    0    |    0    |    0    |    0    |    39   |    0    |
|----------|--------------------------------------------------------------------|---------|---------|---------|---------|---------|---------|
|  select  |                             smax_fu_130                            |    0    |    0    |    0    |    0    |    31   |    0    |
|          |                            smax1_fu_144                            |    0    |    0    |    0    |    0    |    31   |    0    |
|----------|--------------------------------------------------------------------|---------|---------|---------|---------|---------|---------|
|   read   |                        Cols_read_read_fu_62                        |    0    |    0    |    0    |    0    |    0    |    0    |
|          |                        Rows_read_read_fu_68                        |    0    |    0    |    0    |    0    |    0    |    0    |
|----------|--------------------------------------------------------------------|---------|---------|---------|---------|---------|---------|
|   write  |                        write_ln0_write_fu_74                       |    0    |    0    |    0    |    0    |    0    |    0    |
|          |                        write_ln0_write_fu_82                       |    0    |    0    |    0    |    0    |    0    |    0    |
|----------|--------------------------------------------------------------------|---------|---------|---------|---------|---------|---------|
|   trunc  |                            empty_fu_116                            |    0    |    0    |    0    |    0    |    0    |    0    |
|          |                           empty_80_fu_120                          |    0    |    0    |    0    |    0    |    0    |    0    |
|----------|--------------------------------------------------------------------|---------|---------|---------|---------|---------|---------|
|   zext   |                             cast_fu_152                            |    0    |    0    |    0    |    0    |    0    |    0    |
|          |                            cast4_fu_156                            |    0    |    0    |    0    |    0    |    0    |    0    |
|----------|--------------------------------------------------------------------|---------|---------|---------|---------|---------|---------|
|   Total  |                                                                    |    8    |    4    |  1.588  |   1017  |   916   |    0    |
|----------|--------------------------------------------------------------------|---------|---------|---------|---------|---------|---------|

Memories:
N/A

* Register list:
+-----------------+--------+
|                 |   FF   |
+-----------------+--------+
|Cols_read_reg_160|   32   |
|  bound_reg_185  |   62   |
|  cast4_reg_180  |   62   |
|   cast_reg_175  |   62   |
|  smax1_reg_170  |   31   |
|   smax_reg_165  |   31   |
+-----------------+--------+
|      Total      |   280  |
+-----------------+--------+

* Multiplexer (MUX) list: 
|------------|------|------|------|--------||---------||---------||---------|
|    Comp    |  Pin | Size |  BW  | S x BW ||  Delay  ||    FF   ||   LUT   |
|------------|------|------|------|--------||---------||---------||---------|
| grp_fu_112 |  p0  |   2  |  31  |   62   ||    0    ||    9    |
| grp_fu_112 |  p1  |   2  |  31  |   62   ||    0    ||    9    |
|------------|------|------|------|--------||---------||---------||---------|
|    Total   |      |      |      |   124  ||  3.176  ||    0    ||    18   |
|------------|------|------|------|--------||---------||---------||---------|



* Summary:
+-----------+--------+--------+--------+--------+--------+--------+
|           |  BRAM  |   DSP  |  Delay |   FF   |   LUT  |  URAM  |
+-----------+--------+--------+--------+--------+--------+--------+
|  Function |    8   |    4   |    1   |  1017  |   916  |    0   |
|   Memory  |    -   |    -   |    -   |    -   |    -   |    -   |
|Multiplexer|    -   |    -   |    3   |    0   |   18   |    -   |
|  Register |    -   |    -   |    -   |   280  |    -   |    -   |
+-----------+--------+--------+--------+--------+--------+--------+
|   Total   |    8   |    4   |    4   |  1297  |   934  |    0   |
+-----------+--------+--------+--------+--------+--------+--------+
