

================================================================
== Vitis HLS Report for 'Gaussian_Filter_Pipeline_VITIS_LOOP_13_1_VITIS_LOOP_15_2'
================================================================
* Date:           Thu Sep 24 14:58:38 2026

* Version:        2026.1 (Build 6493734 on Jun 16 2026)
* Project:        Canny_Filter_IP
* Solution:       hls
* Product family: zynq
* Target device:  xc7z020-clg400-1


================================================================
== Performance Estimates
================================================================
+ Timing: 
    * Summary: 
    +--------+----------+----------+------------+
    |  Clock |  Target  | Estimated| Uncertainty|
    +--------+----------+----------+------------+
    |ap_clk  |  10.00 ns|  7.396 ns|     2.70 ns|
    +--------+----------+----------+------------+

+ Latency: 
    * Summary: 
    +---------+---------+----------+----------+-----+-----+-------------------+
    |  Latency (cycles) |  Latency (absolute) |  Interval |      Pipeline     |
    |   min   |   max   |    min   |    max   | min | max |        Type       |
    +---------+---------+----------+----------+-----+-----+-------------------+
    |        ?|        ?|         ?|         ?|    0|    0|  loop pipeline stp|
    +---------+---------+----------+----------+-----+-----+-------------------+

    + Detail: 
        * Instance: 
        N/A

        * Loop: 
        +-----------------------------------+---------+---------+----------+-----------+-----------+------+----------+
        |                                   |  Latency (cycles) | Iteration|  Initiation Interval  | Trip |          |
        |             Loop Name             |   min   |   max   |  Latency |  achieved |   target  | Count| Pipelined|
        +-----------------------------------+---------+---------+----------+-----------+-----------+------+----------+
        |- VITIS_LOOP_13_1_VITIS_LOOP_15_2  |        ?|        ?|         7|          1|          1|     ?|       yes|
        +-----------------------------------+---------+---------+----------+-----------+-----------+------+----------+

============================================================
+ Verbose Summary: Synthesis Manager
============================================================
InlineROM: 1
ExposeGlobal: 0
============================================================
+ Verbose Summary: CDFG Model
============================================================
IsTopModel: 0
ResetActiveHigh: 1
IsCombinational: 0
IsDatapathOnly: 0
HasWiredReturn: 1
HasMFsm: 2
HasVarLatency: 1
IsPipeline: 0
IsRtlPipelined: 0
IsInstanceOverlapped: 0
IsDontTouch: 0
HasImplIP: 0
IsGatedGlobalClock: 0

+ Individual pipeline summary: 
  * Pipeline-0: initiation interval (II) = 1, depth = 8


============================================================
+ Verbose Summary: Schedule
============================================================
* Number of FSM states : 8
* Pipeline : 1
  Pipeline-0 : II = 1, D = 8, States = { 1 2 3 4 5 6 7 8 }
* Dataflow Pipeline: 0

* FSM state transitions: 
1 --> 2 
2 --> 3 
3 --> 4 
4 --> 5 
5 --> 6 
6 --> 7 
7 --> 8 
8 --> 

* FSM state operations: 

State 1 <SV = 0> <Delay = 3.25>
ST_1 : Operation 10 [1/1] (0.00ns)   --->   "%reuse_addr_reg22 = alloca i32 1"   --->   Operation 10 'alloca' 'reuse_addr_reg22' <Predicate = true> <Delay = 0.00>
ST_1 : Operation 11 [1/1] (0.00ns)   --->   "%reuse_reg21 = alloca i32 1"   --->   Operation 11 'alloca' 'reuse_reg21' <Predicate = true> <Delay = 0.00>
ST_1 : Operation 12 [1/1] (0.00ns)   --->   "%reuse_addr_reg = alloca i32 1"   --->   Operation 12 'alloca' 'reuse_addr_reg' <Predicate = true> <Delay = 0.00>
ST_1 : Operation 13 [1/1] (0.00ns)   --->   "%reuse_reg = alloca i32 1"   --->   Operation 13 'alloca' 'reuse_reg' <Predicate = true> <Delay = 0.00>
ST_1 : Operation 14 [1/1] (0.00ns)   --->   "%Sum = alloca i32 1" [Gaussian_Filter.cpp:37]   --->   Operation 14 'alloca' 'Sum' <Predicate = true> <Delay = 0.00>
ST_1 : Operation 15 [1/1] (0.00ns)   --->   "%empty = alloca i32 1"   --->   Operation 15 'alloca' 'empty' <Predicate = true> <Delay = 0.00>
ST_1 : Operation 16 [1/1] (0.00ns)   --->   "%empty_73 = alloca i32 1"   --->   Operation 16 'alloca' 'empty_73' <Predicate = true> <Delay = 0.00>
ST_1 : Operation 17 [1/1] (0.00ns)   --->   "%J = alloca i32 1" [Gaussian_Filter.cpp:15]   --->   Operation 17 'alloca' 'J' <Predicate = true> <Delay = 0.00>
ST_1 : Operation 18 [1/1] (0.00ns)   --->   "%indvar_flatten = alloca i32 1"   --->   Operation 18 'alloca' 'indvar_flatten' <Predicate = true> <Delay = 0.00>
ST_1 : Operation 19 [1/1] (0.00ns)   --->   "%empty_74 = alloca i32 1"   --->   Operation 19 'alloca' 'empty_74' <Predicate = true> <Delay = 0.00>
ST_1 : Operation 20 [1/1] (0.00ns)   --->   "%empty_75 = alloca i32 1"   --->   Operation 20 'alloca' 'empty_75' <Predicate = true> <Delay = 0.00>
ST_1 : Operation 21 [1/1] (0.00ns)   --->   "%empty_76 = alloca i32 1"   --->   Operation 21 'alloca' 'empty_76' <Predicate = true> <Delay = 0.00>
ST_1 : Operation 22 [1/1] (0.00ns)   --->   "%specaxissidechannel_ln0 = specaxissidechannel void @_ssdm_op_SpecAXISSideChannel, i32 %Input_Stream_V_data_V, i4 %Input_Stream_V_keep_V, i4 %Input_Stream_V_strb_V, i3 %Input_Stream_V_user_V, i1 %Input_Stream_V_last_V, i5 %Input_Stream_V_id_V, i6 %Input_Stream_V_dest_V, void @empty_11"   --->   Operation 22 'specaxissidechannel' 'specaxissidechannel_ln0' <Predicate = true> <Delay = 0.00>
ST_1 : Operation 23 [1/1] (0.00ns)   --->   "%specinterface_ln0 = specinterface void @_ssdm_op_SpecInterface, i32 %Input_Stream_V_data_V, i4 %Input_Stream_V_keep_V, i4 %Input_Stream_V_strb_V, i3 %Input_Stream_V_user_V, i1 %Input_Stream_V_last_V, i5 %Input_Stream_V_id_V, i6 %Input_Stream_V_dest_V, void @empty, i32 0, i32 0, void @empty_0, i32 0, i32 0, void @empty_1, void @empty_1, void @empty_1, i32 0, i32 0, i32 0, i32 0, void @empty_1, void @empty_1, i32 4294967295, i32 0, i32 0, i32 0"   --->   Operation 23 'specinterface' 'specinterface_ln0' <Predicate = true> <Delay = 0.00>
ST_1 : Operation 24 [1/1] (0.00ns)   --->   "%specinterface_ln0 = specinterface void @_ssdm_op_SpecInterface, i32 %Gaussian_to_Sobel, void @empty_9, i32 0, i32 0, void @empty_1, i32 0, i32 0, void @empty_1, void @empty_1, void @empty_1, i32 0, i32 0, i32 0, i32 0, void @empty_1, void @empty_1, i32 4294967295, i32 0, i32 0, i32 0"   --->   Operation 24 'specinterface' 'specinterface_ln0' <Predicate = true> <Delay = 0.00>
ST_1 : Operation 25 [1/1] (0.00ns)   --->   "%bound_read = read i62 @_ssdm_op_Read.ap_auto.i62, i62 %bound"   --->   Operation 25 'read' 'bound_read' <Predicate = true> <Delay = 0.00>
ST_1 : Operation 26 [1/1] (0.00ns)   --->   "%Cols_read = read i32 @_ssdm_op_Read.ap_auto.i32, i32 %Cols"   --->   Operation 26 'read' 'Cols_read' <Predicate = true> <Delay = 0.00>
ST_1 : Operation 27 [1/1] (3.25ns)   --->   "%Line_Buffer_1 = alloca i64 1" [Gaussian_Filter.cpp:5]   --->   Operation 27 'alloca' 'Line_Buffer_1' <Predicate = true> <Delay = 3.25> <CoreInst = "RAM">   --->   Core 81 'RAM' <Latency = 1> <II = 1> <Delay = 3.25> <Storage> <Opcode : 'load' 'store'> <Ports = 2> <Width = 32> <Depth = 1920> <RAM>
ST_1 : Operation 28 [1/1] (3.25ns)   --->   "%Line_Buffer = alloca i64 1" [Gaussian_Filter.cpp:5]   --->   Operation 28 'alloca' 'Line_Buffer' <Predicate = true> <Delay = 3.25> <CoreInst = "RAM">   --->   Core 81 'RAM' <Latency = 1> <II = 1> <Delay = 3.25> <Storage> <Opcode : 'load' 'store'> <Ports = 2> <Width = 32> <Depth = 1920> <RAM>
ST_1 : Operation 29 [1/1] (1.58ns)   --->   "%store_ln0 = store i62 0, i62 %indvar_flatten"   --->   Operation 29 'store' 'store_ln0' <Predicate = true> <Delay = 1.58>
ST_1 : Operation 30 [1/1] (1.58ns)   --->   "%store_ln15 = store i31 0, i31 %J" [Gaussian_Filter.cpp:15]   --->   Operation 30 'store' 'store_ln15' <Predicate = true> <Delay = 1.58>
ST_1 : Operation 31 [1/1] (1.58ns)   --->   "%store_ln0 = store i32 0, i32 %reuse_reg"   --->   Operation 31 'store' 'store_ln0' <Predicate = true> <Delay = 1.58>
ST_1 : Operation 32 [1/1] (1.58ns)   --->   "%store_ln0 = store i64 18446744073709551615, i64 %reuse_addr_reg"   --->   Operation 32 'store' 'store_ln0' <Predicate = true> <Delay = 1.58>
ST_1 : Operation 33 [1/1] (1.58ns)   --->   "%store_ln0 = store i32 0, i32 %reuse_reg21"   --->   Operation 33 'store' 'store_ln0' <Predicate = true> <Delay = 1.58>
ST_1 : Operation 34 [1/1] (1.58ns)   --->   "%store_ln0 = store i64 18446744073709551615, i64 %reuse_addr_reg22"   --->   Operation 34 'store' 'store_ln0' <Predicate = true> <Delay = 1.58>
ST_1 : Operation 35 [1/1] (0.00ns)   --->   "%br_ln13 = br void %VITIS_LOOP_21_3" [Gaussian_Filter.cpp:13]   --->   Operation 35 'br' 'br_ln13' <Predicate = true> <Delay = 0.00>

State 2 <SV = 1> <Delay = 5.05>
ST_2 : Operation 36 [1/1] (0.00ns)   --->   "%indvar_flatten_load = load i62 %indvar_flatten" [Gaussian_Filter.cpp:13]   --->   Operation 36 'load' 'indvar_flatten_load' <Predicate = true> <Delay = 0.00>
ST_2 : Operation 37 [1/1] (3.46ns)   --->   "%icmp_ln13 = icmp_eq  i62 %indvar_flatten_load, i62 %bound_read" [Gaussian_Filter.cpp:13]   --->   Operation 37 'icmp' 'icmp_ln13' <Predicate = true> <Delay = 3.46> <CoreInst = "Cmp">   --->   Core 9 'Cmp' <Latency = 0> <II = 1> <Delay = 3.46> <FuncUnit> <Opcode : 'seteq' 'setne' 'setle' 'setge' 'setlt' 'setgt'> <InPorts = 2> <OutPorts = 1>
ST_2 : Operation 38 [1/1] (0.00ns)   --->   "%br_ln13 = br i1 %icmp_ln13, void %for.inc65, void %for.end67.exitStub" [Gaussian_Filter.cpp:13]   --->   Operation 38 'br' 'br_ln13' <Predicate = true> <Delay = 0.00>
ST_2 : Operation 39 [1/1] (3.46ns)   --->   "%add_ln13 = add i62 %indvar_flatten_load, i62 1" [Gaussian_Filter.cpp:13]   --->   Operation 39 'add' 'add_ln13' <Predicate = (!icmp_ln13)> <Delay = 3.46> <CoreInst = "Adder">   --->   Core 1 'Adder' <Latency = 0> <II = 1> <Delay = 3.46> <FuncUnit> <Opcode : 'add' 'sub'> <InPorts = 2> <OutPorts = 1>
ST_2 : Operation 40 [1/1] (1.58ns)   --->   "%store_ln13 = store i62 %add_ln13, i62 %indvar_flatten" [Gaussian_Filter.cpp:13]   --->   Operation 40 'store' 'store_ln13' <Predicate = (!icmp_ln13)> <Delay = 1.58>

State 3 <SV = 2> <Delay = 7.39>
ST_3 : Operation 41 [1/1] (0.00ns)   --->   "%J_load = load i31 %J" [Gaussian_Filter.cpp:15]   --->   Operation 41 'load' 'J_load' <Predicate = (!icmp_ln13)> <Delay = 0.00>
ST_3 : Operation 42 [1/1] (0.00ns)   --->   "%zext_ln15_1 = zext i31 %J_load" [Gaussian_Filter.cpp:15]   --->   Operation 42 'zext' 'zext_ln15_1' <Predicate = (!icmp_ln13)> <Delay = 0.00>
ST_3 : Operation 43 [1/1] (2.55ns)   --->   "%icmp_ln15 = icmp_slt  i32 %zext_ln15_1, i32 %Cols_read" [Gaussian_Filter.cpp:15]   --->   Operation 43 'icmp' 'icmp_ln15' <Predicate = (!icmp_ln13)> <Delay = 2.55> <CoreInst = "Cmp">   --->   Core 9 'Cmp' <Latency = 0> <II = 1> <Delay = 2.55> <FuncUnit> <Opcode : 'seteq' 'setne' 'setle' 'setge' 'setlt' 'setgt'> <InPorts = 2> <OutPorts = 1>
ST_3 : Operation 44 [1/1] (0.73ns)   --->   "%select_ln13 = select i1 %icmp_ln15, i31 %J_load, i31 0" [Gaussian_Filter.cpp:13]   --->   Operation 44 'select' 'select_ln13' <Predicate = (!icmp_ln13)> <Delay = 0.73> <CoreInst = "Sel">   --->   Core 73 'Sel' <Latency = 0> <II = 1> <Delay = 0.73> <FuncUnit> <Opcode : 'select'> <InPorts = 3> <OutPorts = 1>
ST_3 : Operation 45 [1/1] (0.00ns)   --->   "%zext_ln15 = zext i31 %select_ln13" [Gaussian_Filter.cpp:15]   --->   Operation 45 'zext' 'zext_ln15' <Predicate = (!icmp_ln13)> <Delay = 0.00>
ST_3 : Operation 46 [1/1] ( I:0.51ns O:0.51ns )   --->   "%empty_77 = read i55 @_ssdm_op_Read.axis.volatile.i32P0A.i4P0A.i4P0A.i3P0A.i1P0A.i5P0A.i6P0A, i32 %Input_Stream_V_data_V, i4 %Input_Stream_V_keep_V, i4 %Input_Stream_V_strb_V, i3 %Input_Stream_V_user_V, i1 %Input_Stream_V_last_V, i5 %Input_Stream_V_id_V, i6 %Input_Stream_V_dest_V" [Gaussian_Filter.cpp:19]   --->   Operation 46 'read' 'empty_77' <Predicate = (!icmp_ln13)> <Delay = 0.51> <CoreInst = "regslice">   --->   Core 135 'regslice' <Latency = 0> <II = 1> <Delay = 1.86> <Adapter> <Opcode : 'read' 'write'>
ST_3 : Operation 47 [1/1] (0.00ns)   --->   "%p_s = extractvalue i55 %empty_77" [Gaussian_Filter.cpp:19]   --->   Operation 47 'extractvalue' 'p_s' <Predicate = (!icmp_ln13)> <Delay = 0.00>
ST_3 : Operation 48 [1/1] (0.00ns)   --->   "%Line_Buffer_addr = getelementptr i32 %Line_Buffer, i64 0, i64 %zext_ln15" [Gaussian_Filter.cpp:27]   --->   Operation 48 'getelementptr' 'Line_Buffer_addr' <Predicate = (!icmp_ln13)> <Delay = 0.00>
ST_3 : Operation 49 [1/1] (0.00ns)   --->   "%reuse_addr_reg22_load = load i64 %reuse_addr_reg22"   --->   Operation 49 'load' 'reuse_addr_reg22_load' <Predicate = (!icmp_ln13)> <Delay = 0.00>
ST_3 : Operation 50 [1/1] (3.52ns)   --->   "%addr_cmp25 = icmp_eq  i64 %reuse_addr_reg22_load, i64 %zext_ln15" [Gaussian_Filter.cpp:15]   --->   Operation 50 'icmp' 'addr_cmp25' <Predicate = (!icmp_ln13)> <Delay = 3.52> <CoreInst = "Cmp">   --->   Core 9 'Cmp' <Latency = 0> <II = 1> <Delay = 3.52> <FuncUnit> <Opcode : 'seteq' 'setne' 'setle' 'setge' 'setlt' 'setgt'> <InPorts = 2> <OutPorts = 1>
ST_3 : Operation 51 [1/1] (0.00ns)   --->   "%Line_Buffer_1_addr = getelementptr i32 %Line_Buffer_1, i64 0, i64 %zext_ln15" [Gaussian_Filter.cpp:28]   --->   Operation 51 'getelementptr' 'Line_Buffer_1_addr' <Predicate = (!icmp_ln13)> <Delay = 0.00>
ST_3 : Operation 52 [1/1] (0.00ns)   --->   "%reuse_addr_reg_load = load i64 %reuse_addr_reg"   --->   Operation 52 'load' 'reuse_addr_reg_load' <Predicate = (!icmp_ln13)> <Delay = 0.00>
ST_3 : Operation 53 [2/2] (3.25ns)   --->   "%Line_Buffer_1_load = load i11 %Line_Buffer_1_addr" [Gaussian_Filter.cpp:28]   --->   Operation 53 'load' 'Line_Buffer_1_load' <Predicate = (!icmp_ln13)> <Delay = 3.25> <CoreInst = "RAM">   --->   Core 81 'RAM' <Latency = 1> <II = 1> <Delay = 3.25> <Storage> <Opcode : 'load' 'store'> <Ports = 2> <Width = 32> <Depth = 1920> <RAM>
ST_3 : Operation 54 [1/1] (3.52ns)   --->   "%addr_cmp = icmp_eq  i64 %reuse_addr_reg_load, i64 %zext_ln15" [Gaussian_Filter.cpp:15]   --->   Operation 54 'icmp' 'addr_cmp' <Predicate = (!icmp_ln13)> <Delay = 3.52> <CoreInst = "Cmp">   --->   Core 9 'Cmp' <Latency = 0> <II = 1> <Delay = 3.52> <FuncUnit> <Opcode : 'seteq' 'setne' 'setle' 'setge' 'setlt' 'setgt'> <InPorts = 2> <OutPorts = 1>
ST_3 : Operation 55 [1/1] (1.58ns)   --->   "%store_ln15 = store i64 %zext_ln15, i64 %reuse_addr_reg22" [Gaussian_Filter.cpp:15]   --->   Operation 55 'store' 'store_ln15' <Predicate = (!icmp_ln13)> <Delay = 1.58>
ST_3 : Operation 56 [1/1] ( I:3.25ns O:3.25ns )   --->   "%store_ln31 = store i32 %p_s, i11 %Line_Buffer_1_addr" [Gaussian_Filter.cpp:31]   --->   Operation 56 'store' 'store_ln31' <Predicate = (!icmp_ln13)> <Delay = 3.25> <CoreInst = "RAM">   --->   Core 81 'RAM' <Latency = 1> <II = 1> <Delay = 3.25> <Storage> <Opcode : 'load' 'store'> <Ports = 2> <Width = 32> <Depth = 1920> <RAM>
ST_3 : Operation 57 [1/1] (1.58ns)   --->   "%store_ln15 = store i64 %zext_ln15, i64 %reuse_addr_reg" [Gaussian_Filter.cpp:15]   --->   Operation 57 'store' 'store_ln15' <Predicate = (!icmp_ln13)> <Delay = 1.58>
ST_3 : Operation 58 [1/1] (2.52ns)   --->   "%add_ln15 = add i31 %select_ln13, i31 1" [Gaussian_Filter.cpp:15]   --->   Operation 58 'add' 'add_ln15' <Predicate = (!icmp_ln13)> <Delay = 2.52> <CoreInst = "Adder">   --->   Core 1 'Adder' <Latency = 0> <II = 1> <Delay = 2.52> <FuncUnit> <Opcode : 'add' 'sub'> <InPorts = 2> <OutPorts = 1>
ST_3 : Operation 59 [1/1] (1.58ns)   --->   "%store_ln15 = store i31 %add_ln15, i31 %J" [Gaussian_Filter.cpp:15]   --->   Operation 59 'store' 'store_ln15' <Predicate = (!icmp_ln13)> <Delay = 1.58>

State 4 <SV = 3> <Delay = 7.20>
ST_4 : Operation 60 [1/1] (0.00ns)   --->   "%reuse_reg21_load = load i32 %reuse_reg21"   --->   Operation 60 'load' 'reuse_reg21_load' <Predicate = (!icmp_ln13 & addr_cmp25)> <Delay = 0.00>
ST_4 : Operation 61 [2/2] (3.25ns)   --->   "%Line_Buffer_load = load i11 %Line_Buffer_addr" [Gaussian_Filter.cpp:27]   --->   Operation 61 'load' 'Line_Buffer_load' <Predicate = (!icmp_ln13 & !addr_cmp25)> <Delay = 3.25> <CoreInst = "RAM">   --->   Core 81 'RAM' <Latency = 1> <II = 1> <Delay = 3.25> <Storage> <Opcode : 'load' 'store'> <Ports = 2> <Width = 32> <Depth = 1920> <RAM>
ST_4 : Operation 62 [1/1] (0.00ns)   --->   "%reuse_reg_load = load i32 %reuse_reg"   --->   Operation 62 'load' 'reuse_reg_load' <Predicate = (!icmp_ln13 & addr_cmp)> <Delay = 0.00>
ST_4 : Operation 63 [1/2] ( I:3.25ns O:3.25ns )   --->   "%Line_Buffer_1_load = load i11 %Line_Buffer_1_addr" [Gaussian_Filter.cpp:28]   --->   Operation 63 'load' 'Line_Buffer_1_load' <Predicate = (!icmp_ln13)> <Delay = 3.25> <CoreInst = "RAM">   --->   Core 81 'RAM' <Latency = 1> <II = 1> <Delay = 3.25> <Storage> <Opcode : 'load' 'store'> <Ports = 2> <Width = 32> <Depth = 1920> <RAM>
ST_4 : Operation 64 [1/1] (0.69ns)   --->   "%Mid_Pixel = select i1 %addr_cmp, i32 %reuse_reg_load, i32 %Line_Buffer_1_load" [Gaussian_Filter.cpp:15]   --->   Operation 64 'select' 'Mid_Pixel' <Predicate = (!icmp_ln13)> <Delay = 0.69> <CoreInst = "Sel">   --->   Core 73 'Sel' <Latency = 0> <II = 1> <Delay = 0.69> <FuncUnit> <Opcode : 'select'> <InPorts = 3> <OutPorts = 1>
ST_4 : Operation 65 [1/1] (0.00ns)   --->   "%trunc_ln28 = trunc i32 %Mid_Pixel" [Gaussian_Filter.cpp:28]   --->   Operation 65 'trunc' 'trunc_ln28' <Predicate = (!icmp_ln13)> <Delay = 0.00>
ST_4 : Operation 66 [1/1] ( I:3.25ns O:3.25ns )   --->   "%store_ln30 = store i32 %Mid_Pixel, i11 %Line_Buffer_addr" [Gaussian_Filter.cpp:30]   --->   Operation 66 'store' 'store_ln30' <Predicate = (!icmp_ln13)> <Delay = 3.25> <CoreInst = "RAM">   --->   Core 81 'RAM' <Latency = 1> <II = 1> <Delay = 3.25> <Storage> <Opcode : 'load' 'store'> <Ports = 2> <Width = 32> <Depth = 1920> <RAM>
ST_4 : Operation 67 [1/1] (1.58ns)   --->   "%store_ln15 = store i32 %Mid_Pixel, i32 %reuse_reg21" [Gaussian_Filter.cpp:15]   --->   Operation 67 'store' 'store_ln15' <Predicate = (!icmp_ln13)> <Delay = 1.58>
ST_4 : Operation 68 [1/1] (1.58ns)   --->   "%store_ln19 = store i32 %p_s, i32 %reuse_reg" [Gaussian_Filter.cpp:19]   --->   Operation 68 'store' 'store_ln19' <Predicate = (!icmp_ln13)> <Delay = 1.58>

State 5 <SV = 4> <Delay = 6.86>
ST_5 : Operation 69 [1/1] (0.00ns)   --->   "%p_load18 = load i32 %empty_74"   --->   Operation 69 'load' 'p_load18' <Predicate = true> <Delay = 0.00>
ST_5 : Operation 70 [1/1] (0.00ns)   --->   "%p_load17 = load i31 %empty_75" [Gaussian_Filter.cpp:43]   --->   Operation 70 'load' 'p_load17' <Predicate = true> <Delay = 0.00>
ST_5 : Operation 71 [1/1] (0.00ns)   --->   "%p_load = load i32 %empty_76"   --->   Operation 71 'load' 'p_load' <Predicate = true> <Delay = 0.00>
ST_5 : Operation 72 [1/1] (0.00ns)   --->   "%p_load20 = load i31 %empty"   --->   Operation 72 'load' 'p_load20' <Predicate = (!icmp_ln13)> <Delay = 0.00>
ST_5 : Operation 73 [1/2] ( I:3.25ns O:3.25ns )   --->   "%Line_Buffer_load = load i11 %Line_Buffer_addr" [Gaussian_Filter.cpp:27]   --->   Operation 73 'load' 'Line_Buffer_load' <Predicate = (!icmp_ln13 & !addr_cmp25)> <Delay = 3.25> <CoreInst = "RAM">   --->   Core 81 'RAM' <Latency = 1> <II = 1> <Delay = 3.25> <Storage> <Opcode : 'load' 'store'> <Ports = 2> <Width = 32> <Depth = 1920> <RAM>
ST_5 : Operation 74 [1/1] (0.69ns)   --->   "%Top_Pixel = select i1 %addr_cmp25, i32 %reuse_reg21_load, i32 %Line_Buffer_load" [Gaussian_Filter.cpp:15]   --->   Operation 74 'select' 'Top_Pixel' <Predicate = (!icmp_ln13)> <Delay = 0.69> <CoreInst = "Sel">   --->   Core 73 'Sel' <Latency = 0> <II = 1> <Delay = 0.69> <FuncUnit> <Opcode : 'select'> <InPorts = 3> <OutPorts = 1>
ST_5 : Operation 75 [1/1] (0.00ns)   --->   "%trunc_ln43 = trunc i31 %p_load17" [Gaussian_Filter.cpp:43]   --->   Operation 75 'trunc' 'trunc_ln43' <Predicate = (!icmp_ln13)> <Delay = 0.00>
ST_5 : Operation 76 [1/1] (0.00ns)   --->   "%tmp_5 = bitconcatenate i32 @_ssdm_op_BitConcatenate.i32.i30.i2, i30 %trunc_ln43, i2 0" [Gaussian_Filter.cpp:43]   --->   Operation 76 'bitconcatenate' 'tmp_5' <Predicate = (!icmp_ln13)> <Delay = 0.00>
ST_5 : Operation 77 [1/1] (0.00ns)   --->   "%empty_78 = trunc i32 %p_load"   --->   Operation 77 'trunc' 'empty_78' <Predicate = (!icmp_ln13)> <Delay = 0.00>
ST_5 : Operation 78 [1/1] (0.00ns)   --->   "%empty_79 = trunc i32 %p_load18"   --->   Operation 78 'trunc' 'empty_79' <Predicate = (!icmp_ln13)> <Delay = 0.00>
ST_5 : Operation 79 [1/1] (0.00ns) (grouped into TernaryAdder)   --->   "%tmp = add i31 %p_load20, i31 %empty_78"   --->   Operation 79 'add' 'tmp' <Predicate = (!icmp_ln13)> <Delay = 0.00> <CoreInst = "TAddSub">   --->   Core 10 'TAddSub' <Latency = 0> <II = 1> <Delay = 2.18> <IPBlock> <Opcode : 'add' 'sub'> <InPorts = 3> <OutPorts = 1> <Sync> <CReg>
ST_5 : Operation 80 [1/1] (2.52ns)   --->   "%tmp1 = add i31 %empty_79, i31 %trunc_ln28" [Gaussian_Filter.cpp:28]   --->   Operation 80 'add' 'tmp1' <Predicate = (!icmp_ln13)> <Delay = 2.52> <CoreInst = "Adder">   --->   Core 1 'Adder' <Latency = 0> <II = 1> <Delay = 2.52> <FuncUnit> <Opcode : 'add' 'sub'> <InPorts = 2> <OutPorts = 1>
ST_5 : Operation 81 [1/1] (4.34ns) (root node of TernaryAdder)   --->   "%tmp25 = add i31 %tmp1, i31 %tmp" [Gaussian_Filter.cpp:28]   --->   Operation 81 'add' 'tmp25' <Predicate = (!icmp_ln13)> <Delay = 4.34> <CoreInst = "TAddSub">   --->   Core 10 'TAddSub' <Latency = 0> <II = 1> <Delay = 2.18> <IPBlock> <Opcode : 'add' 'sub'> <InPorts = 3> <OutPorts = 1> <Sync> <CReg>
ST_5 : Operation 82 [1/1] (2.55ns)   --->   "%add_ln43 = add i32 %Top_Pixel, i32 %tmp_5" [Gaussian_Filter.cpp:43]   --->   Operation 82 'add' 'add_ln43' <Predicate = (!icmp_ln13)> <Delay = 2.55> <CoreInst = "Adder">   --->   Core 1 'Adder' <Latency = 0> <II = 1> <Delay = 2.55> <FuncUnit> <Opcode : 'add' 'sub'> <InPorts = 2> <OutPorts = 1>
ST_5 : Operation 83 [1/1] (0.00ns)   --->   "%store_ln19 = store i32 %p_s, i32 %empty_76" [Gaussian_Filter.cpp:19]   --->   Operation 83 'store' 'store_ln19' <Predicate = (!icmp_ln13)> <Delay = 0.00>
ST_5 : Operation 84 [1/1] (0.00ns)   --->   "%store_ln28 = store i31 %trunc_ln28, i31 %empty_75" [Gaussian_Filter.cpp:28]   --->   Operation 84 'store' 'store_ln28' <Predicate = (!icmp_ln13)> <Delay = 0.00>
ST_5 : Operation 85 [1/1] (0.00ns)   --->   "%store_ln15 = store i32 %Top_Pixel, i32 %empty_74" [Gaussian_Filter.cpp:15]   --->   Operation 85 'store' 'store_ln15' <Predicate = (!icmp_ln13)> <Delay = 0.00>
ST_5 : Operation 86 [1/1] (0.00ns)   --->   "%store_ln43 = store i31 %p_load17, i31 %empty" [Gaussian_Filter.cpp:43]   --->   Operation 86 'store' 'store_ln43' <Predicate = (!icmp_ln13)> <Delay = 0.00>

State 6 <SV = 5> <Delay = 4.37>
ST_6 : Operation 87 [1/1] (0.00ns)   --->   "%Sum_load = load i32 %Sum" [Gaussian_Filter.cpp:43]   --->   Operation 87 'load' 'Sum_load' <Predicate = true> <Delay = 0.00>
ST_6 : Operation 88 [1/1] (0.00ns)   --->   "%p_load19 = load i32 %empty_73" [Gaussian_Filter.cpp:43]   --->   Operation 88 'load' 'p_load19' <Predicate = true> <Delay = 0.00>
ST_6 : Operation 89 [1/1] (0.00ns)   --->   "%tmp3 = bitconcatenate i32 @_ssdm_op_BitConcatenate.i32.i31.i1, i31 %tmp25, i1 0" [Gaussian_Filter.cpp:28]   --->   Operation 89 'bitconcatenate' 'tmp3' <Predicate = true> <Delay = 0.00>
ST_6 : Operation 90 [1/1] (0.00ns) (grouped into TernaryAdder)   --->   "%add_ln43_2 = add i32 %Sum_load, i32 %tmp3" [Gaussian_Filter.cpp:43]   --->   Operation 90 'add' 'add_ln43_2' <Predicate = true> <Delay = 0.00> <CoreInst = "TAddSub">   --->   Core 10 'TAddSub' <Latency = 0> <II = 1> <Delay = 2.18> <IPBlock> <Opcode : 'add' 'sub'> <InPorts = 3> <OutPorts = 1> <Sync> <CReg>
ST_6 : Operation 91 [1/1] (4.37ns) (root node of TernaryAdder)   --->   "%add_ln43_3 = add i32 %add_ln43_2, i32 %p_load19" [Gaussian_Filter.cpp:43]   --->   Operation 91 'add' 'add_ln43_3' <Predicate = true> <Delay = 4.37> <CoreInst = "TAddSub">   --->   Core 10 'TAddSub' <Latency = 0> <II = 1> <Delay = 2.18> <IPBlock> <Opcode : 'add' 'sub'> <InPorts = 3> <OutPorts = 1> <Sync> <CReg>
ST_6 : Operation 92 [1/1] (0.00ns)   --->   "%store_ln0 = store i32 %p_load, i32 %empty_73"   --->   Operation 92 'store' 'store_ln0' <Predicate = true> <Delay = 0.00>
ST_6 : Operation 93 [1/1] (0.00ns)   --->   "%store_ln37 = store i32 %p_load18, i32 %Sum" [Gaussian_Filter.cpp:37]   --->   Operation 93 'store' 'store_ln37' <Predicate = true> <Delay = 0.00>

State 7 <SV = 6> <Delay = 4.37>
ST_7 : Operation 94 [1/1] (0.00ns) (grouped into TernaryAdder)   --->   "%add_ln43_1 = add i32 %add_ln43, i32 %p_s" [Gaussian_Filter.cpp:43]   --->   Operation 94 'add' 'add_ln43_1' <Predicate = true> <Delay = 0.00> <CoreInst = "TAddSub">   --->   Core 10 'TAddSub' <Latency = 0> <II = 1> <Delay = 2.18> <IPBlock> <Opcode : 'add' 'sub'> <InPorts = 3> <OutPorts = 1> <Sync> <CReg>
ST_7 : Operation 95 [1/1] (4.37ns) (root node of TernaryAdder)   --->   "%Sum_1 = add i32 %add_ln43_3, i32 %add_ln43_1" [Gaussian_Filter.cpp:43]   --->   Operation 95 'add' 'Sum_1' <Predicate = true> <Delay = 4.37> <CoreInst = "TAddSub">   --->   Core 10 'TAddSub' <Latency = 0> <II = 1> <Delay = 2.18> <IPBlock> <Opcode : 'add' 'sub'> <InPorts = 3> <OutPorts = 1> <Sync> <CReg>
ST_7 : Operation 96 [1/1] (0.00ns)   --->   "%Pixel_Out = partselect i28 @_ssdm_op_PartSelect.i28.i32.i32.i32, i32 %Sum_1, i32 4, i32 31" [Gaussian_Filter.cpp:48]   --->   Operation 96 'partselect' 'Pixel_Out' <Predicate = true> <Delay = 0.00>
ST_7 : Operation 102 [1/1] (1.58ns)   --->   "%ret_ln0 = ret"   --->   Operation 102 'ret' 'ret_ln0' <Predicate = (icmp_ln13)> <Delay = 1.58>

State 8 <SV = 7> <Delay = 3.54>
ST_8 : Operation 97 [1/1] (0.00ns)   --->   "%specloopname_ln0 = specloopname void @_ssdm_op_SpecLoopName, void @VITIS_LOOP_13_1_VITIS_LOOP_15_2_str"   --->   Operation 97 'specloopname' 'specloopname_ln0' <Predicate = true> <Delay = 0.00>
ST_8 : Operation 98 [1/1] (0.00ns)   --->   "%specpipeline_ln17 = specpipeline void @_ssdm_op_SpecPipeline, i32 1, i32 0, i32 0, i32 0, i32 4294967295, void @empty_1" [Gaussian_Filter.cpp:17]   --->   Operation 98 'specpipeline' 'specpipeline_ln17' <Predicate = true> <Delay = 0.00>
ST_8 : Operation 99 [1/1] (0.00ns)   --->   "%sext_ln48 = sext i28 %Pixel_Out" [Gaussian_Filter.cpp:48]   --->   Operation 99 'sext' 'sext_ln48' <Predicate = true> <Delay = 0.00>
ST_8 : Operation 100 [1/1] ( I:3.54ns O:3.54ns )   --->   "%write_ln50 = write void @_ssdm_op_Write.ap_fifo.volatile.i32P0A, i32 %Gaussian_to_Sobel, i32 %sext_ln48" [Gaussian_Filter.cpp:50]   --->   Operation 100 'write' 'write_ln50' <Predicate = true> <Delay = 3.54> <CoreInst = "FIFO_SRL">   --->   Core 80 'FIFO_SRL' <Latency = 0> <II = 1> <Delay = 3.54> <Storage> <Opcode : 'read' 'write' 'nbread' 'nbwrite'> <Ports = 0> <Width = 32> <Depth = 8> <FIFO>
ST_8 : Operation 101 [1/1] (0.00ns)   --->   "%br_ln15 = br void %VITIS_LOOP_21_3" [Gaussian_Filter.cpp:15]   --->   Operation 101 'br' 'br_ln15' <Predicate = true> <Delay = 0.00>


============================================================
+ Verbose Summary: Binding
============================================================
STG Binding: 
---------------- STG Properties BEGIN ----------------
- Is combinational: 0
- Is one-state seq: 0
- Is datapath-only: 0
- Is pipelined: 0
- Is top level: 0
Port [ Return ] is wired: 1; IO mode=ap_ctrl_hs:ce=0
Port [ Cols]:  wired=1; compound=0; hidden=0; nouse=0; global=0; static=0; extern=0; dir=0; type=0; pingpong=0; private_global=0; IO mode=ap_none:ce=0
Port [ Input_Stream_V_data_V]:  wired=1; compound=1; hidden=0; nouse=0; global=0; static=0; extern=0; dir=0; type=0; pingpong=0; private_global=0; IO mode=axis:ce=0
Port [ Input_Stream_V_keep_V]:  wired=1; compound=1; hidden=0; nouse=0; global=0; static=0; extern=0; dir=0; type=0; pingpong=0; private_global=0; IO mode=axis:ce=0
Port [ Input_Stream_V_strb_V]:  wired=1; compound=1; hidden=0; nouse=0; global=0; static=0; extern=0; dir=0; type=0; pingpong=0; private_global=0; IO mode=axis:ce=0
Port [ Input_Stream_V_user_V]:  wired=1; compound=1; hidden=0; nouse=0; global=0; static=0; extern=0; dir=0; type=0; pingpong=0; private_global=0; IO mode=axis:ce=0
Port [ Input_Stream_V_last_V]:  wired=1; compound=1; hidden=0; nouse=0; global=0; static=0; extern=0; dir=0; type=0; pingpong=0; private_global=0; IO mode=axis:ce=0
Port [ Input_Stream_V_id_V]:  wired=1; compound=1; hidden=0; nouse=0; global=0; static=0; extern=0; dir=0; type=0; pingpong=0; private_global=0; IO mode=axis:ce=0
Port [ Input_Stream_V_dest_V]:  wired=1; compound=1; hidden=0; nouse=0; global=0; static=0; extern=0; dir=0; type=0; pingpong=0; private_global=0; IO mode=axis:ce=0
Port [ Gaussian_to_Sobel]:  wired=1; compound=1; hidden=0; nouse=0; global=0; static=0; extern=0; dir=1; type=3; pingpong=0; private_global=0; IO mode=ap_fifo:ce=0
Port [ bound]:  wired=1; compound=0; hidden=0; nouse=0; global=0; static=0; extern=0; dir=0; type=0; pingpong=0; private_global=0; IO mode=ap_none:ce=0
---------------- STG Properties END ------------------

---------------- Datapath Model BEGIN ----------------

<LifeTime>
<method=bitvector/>
reuse_addr_reg22        (alloca             ) [ 011100000]
reuse_reg21             (alloca             ) [ 011110000]
reuse_addr_reg          (alloca             ) [ 011100000]
reuse_reg               (alloca             ) [ 011110000]
Sum                     (alloca             ) [ 011111100]
empty                   (alloca             ) [ 011111000]
empty_73                (alloca             ) [ 011111100]
J                       (alloca             ) [ 011100000]
indvar_flatten          (alloca             ) [ 011000000]
empty_74                (alloca             ) [ 011111000]
empty_75                (alloca             ) [ 011111000]
empty_76                (alloca             ) [ 011111000]
specaxissidechannel_ln0 (specaxissidechannel) [ 000000000]
specinterface_ln0       (specinterface      ) [ 000000000]
specinterface_ln0       (specinterface      ) [ 000000000]
bound_read              (read               ) [ 011000000]
Cols_read               (read               ) [ 011100000]
Line_Buffer_1           (alloca             ) [ 011100000]
Line_Buffer             (alloca             ) [ 011100000]
store_ln0               (store              ) [ 000000000]
store_ln15              (store              ) [ 000000000]
store_ln0               (store              ) [ 000000000]
store_ln0               (store              ) [ 000000000]
store_ln0               (store              ) [ 000000000]
store_ln0               (store              ) [ 000000000]
br_ln13                 (br                 ) [ 000000000]
indvar_flatten_load     (load               ) [ 000000000]
icmp_ln13               (icmp               ) [ 011111110]
br_ln13                 (br                 ) [ 000000000]
add_ln13                (add                ) [ 000000000]
store_ln13              (store              ) [ 000000000]
J_load                  (load               ) [ 000000000]
zext_ln15_1             (zext               ) [ 000000000]
icmp_ln15               (icmp               ) [ 000000000]
select_ln13             (select             ) [ 000000000]
zext_ln15               (zext               ) [ 000000000]
empty_77                (read               ) [ 000000000]
p_s                     (extractvalue       ) [ 010011110]
Line_Buffer_addr        (getelementptr      ) [ 010011000]
reuse_addr_reg22_load   (load               ) [ 000000000]
addr_cmp25              (icmp               ) [ 010011000]
Line_Buffer_1_addr      (getelementptr      ) [ 010010000]
reuse_addr_reg_load     (load               ) [ 000000000]
addr_cmp                (icmp               ) [ 010010000]
store_ln15              (store              ) [ 000000000]
store_ln31              (store              ) [ 000000000]
store_ln15              (store              ) [ 000000000]
add_ln15                (add                ) [ 000000000]
store_ln15              (store              ) [ 000000000]
reuse_reg21_load        (load               ) [ 010001000]
reuse_reg_load          (load               ) [ 000000000]
Line_Buffer_1_load      (load               ) [ 000000000]
Mid_Pixel               (select             ) [ 000000000]
trunc_ln28              (trunc              ) [ 010001000]
store_ln30              (store              ) [ 000000000]
store_ln15              (store              ) [ 000000000]
store_ln19              (store              ) [ 000000000]
p_load18                (load               ) [ 010000100]
p_load17                (load               ) [ 000000000]
p_load                  (load               ) [ 010000100]
p_load20                (load               ) [ 000000000]
Line_Buffer_load        (load               ) [ 000000000]
Top_Pixel               (select             ) [ 000000000]
trunc_ln43              (trunc              ) [ 000000000]
tmp_5                   (bitconcatenate     ) [ 000000000]
empty_78                (trunc              ) [ 000000000]
empty_79                (trunc              ) [ 000000000]
tmp                     (add                ) [ 000000000]
tmp1                    (add                ) [ 000000000]
tmp25                   (add                ) [ 010000100]
add_ln43                (add                ) [ 010000110]
store_ln19              (store              ) [ 000000000]
store_ln28              (store              ) [ 000000000]
store_ln15              (store              ) [ 000000000]
store_ln43              (store              ) [ 000000000]
Sum_load                (load               ) [ 000000000]
p_load19                (load               ) [ 000000000]
tmp3                    (bitconcatenate     ) [ 000000000]
add_ln43_2              (add                ) [ 000000000]
add_ln43_3              (add                ) [ 010000010]
store_ln0               (store              ) [ 000000000]
store_ln37              (store              ) [ 000000000]
add_ln43_1              (add                ) [ 000000000]
Sum_1                   (add                ) [ 000000000]
Pixel_Out               (partselect         ) [ 010000001]
specloopname_ln0        (specloopname       ) [ 000000000]
specpipeline_ln17       (specpipeline       ) [ 000000000]
sext_ln48               (sext               ) [ 000000000]
write_ln50              (write              ) [ 000000000]
br_ln15                 (br                 ) [ 000000000]
ret_ln0                 (ret                ) [ 000000000]
</LifeTime>

<model>

<comp_list>
<comp id="0" class="1000" name="Cols">
<pin_list>
<pin id="1" dir="1" index="0" bw="1" slack="0"/>
</pin_list>
<bind>
<StgValue><ssdm name="Cols"/></StgValue>
</bind>
</comp>

<comp id="2" class="1000" name="Input_Stream_V_data_V">
<pin_list>
<pin id="3" dir="1" index="0" bw="1" slack="0"/>
</pin_list>
<bind>
<StgValue><ssdm name="Input_Stream_V_data_V"/></StgValue>
</bind>
</comp>

<comp id="4" class="1000" name="Input_Stream_V_keep_V">
<pin_list>
<pin id="5" dir="1" index="0" bw="1" slack="0"/>
</pin_list>
<bind>
<StgValue><ssdm name="Input_Stream_V_keep_V"/></StgValue>
</bind>
</comp>

<comp id="6" class="1000" name="Input_Stream_V_strb_V">
<pin_list>
<pin id="7" dir="1" index="0" bw="1" slack="0"/>
</pin_list>
<bind>
<StgValue><ssdm name="Input_Stream_V_strb_V"/></StgValue>
</bind>
</comp>

<comp id="8" class="1000" name="Input_Stream_V_user_V">
<pin_list>
<pin id="9" dir="1" index="0" bw="1" slack="0"/>
</pin_list>
<bind>
<StgValue><ssdm name="Input_Stream_V_user_V"/></StgValue>
</bind>
</comp>

<comp id="10" class="1000" name="Input_Stream_V_last_V">
<pin_list>
<pin id="11" dir="1" index="0" bw="1" slack="0"/>
</pin_list>
<bind>
<StgValue><ssdm name="Input_Stream_V_last_V"/></StgValue>
</bind>
</comp>

<comp id="12" class="1000" name="Input_Stream_V_id_V">
<pin_list>
<pin id="13" dir="1" index="0" bw="1" slack="0"/>
</pin_list>
<bind>
<StgValue><ssdm name="Input_Stream_V_id_V"/></StgValue>
</bind>
</comp>

<comp id="14" class="1000" name="Input_Stream_V_dest_V">
<pin_list>
<pin id="15" dir="1" index="0" bw="1" slack="0"/>
</pin_list>
<bind>
<StgValue><ssdm name="Input_Stream_V_dest_V"/></StgValue>
</bind>
</comp>

<comp id="16" class="1000" name="Gaussian_to_Sobel">
<pin_list>
<pin id="17" dir="1" index="0" bw="1" slack="0"/>
</pin_list>
<bind>
<StgValue><ssdm name="Gaussian_to_Sobel"/></StgValue>
</bind>
</comp>

<comp id="18" class="1000" name="bound">
<pin_list>
<pin id="19" dir="1" index="0" bw="1" slack="0"/>
</pin_list>
<bind>
<StgValue><ssdm name="bound"/></StgValue>
</bind>
</comp>

<comp id="20" class="1001" name="const_20">
<pin_list>
<pin id="21" dir="1" index="0" bw="1" slack="0"/>
</pin_list>
<bind>
<StgValue><ssdm name=""/></StgValue>
</bind>
</comp>

<comp id="22" class="1001" name="const_22">
<pin_list>
<pin id="23" dir="1" index="0" bw="1" slack="2147483647"/>
</pin_list>
<bind>
<StgValue><ssdm name="_ssdm_op_SpecAXISSideChannel"/></StgValue>
</bind>
</comp>

<comp id="24" class="1001" name="const_24">
<pin_list>
<pin id="25" dir="1" index="0" bw="1" slack="2147483647"/>
</pin_list>
<bind>
<StgValue><ssdm name="empty_11"/></StgValue>
</bind>
</comp>

<comp id="26" class="1001" name="const_26">
<pin_list>
<pin id="27" dir="1" index="0" bw="1" slack="2147483647"/>
</pin_list>
<bind>
<StgValue><ssdm name="_ssdm_op_SpecInterface"/></StgValue>
</bind>
</comp>

<comp id="28" class="1001" name="const_28">
<pin_list>
<pin id="29" dir="1" index="0" bw="1" slack="2147483647"/>
</pin_list>
<bind>
<StgValue><ssdm name="empty"/></StgValue>
</bind>
</comp>

<comp id="30" class="1001" name="const_30">
<pin_list>
<pin id="31" dir="1" index="0" bw="1" slack="0"/>
</pin_list>
<bind>
<StgValue><ssdm name=""/></StgValue>
</bind>
</comp>

<comp id="32" class="1001" name="const_32">
<pin_list>
<pin id="33" dir="1" index="0" bw="1" slack="2147483647"/>
</pin_list>
<bind>
<StgValue><ssdm name="empty_0"/></StgValue>
</bind>
</comp>

<comp id="34" class="1001" name="const_34">
<pin_list>
<pin id="35" dir="1" index="0" bw="1" slack="2147483647"/>
</pin_list>
<bind>
<StgValue><ssdm name="empty_1"/></StgValue>
</bind>
</comp>

<comp id="36" class="1001" name="const_36">
<pin_list>
<pin id="37" dir="1" index="0" bw="1" slack="2147483647"/>
</pin_list>
<bind>
<StgValue><ssdm name=""/></StgValue>
</bind>
</comp>

<comp id="38" class="1001" name="const_38">
<pin_list>
<pin id="39" dir="1" index="0" bw="1" slack="2147483647"/>
</pin_list>
<bind>
<StgValue><ssdm name="empty_9"/></StgValue>
</bind>
</comp>

<comp id="40" class="1001" name="const_40">
<pin_list>
<pin id="41" dir="1" index="0" bw="1" slack="0"/>
</pin_list>
<bind>
<StgValue><ssdm name="_ssdm_op_Read.ap_auto.i62"/></StgValue>
</bind>
</comp>

<comp id="42" class="1001" name="const_42">
<pin_list>
<pin id="43" dir="1" index="0" bw="1" slack="0"/>
</pin_list>
<bind>
<StgValue><ssdm name="_ssdm_op_Read.ap_auto.i32"/></StgValue>
</bind>
</comp>

<comp id="44" class="1001" name="const_44">
<pin_list>
<pin id="45" dir="1" index="0" bw="1" slack="0"/>
</pin_list>
<bind>
<StgValue><ssdm name=""/></StgValue>
</bind>
</comp>

<comp id="46" class="1001" name="const_46">
<pin_list>
<pin id="47" dir="1" index="0" bw="1" slack="0"/>
</pin_list>
<bind>
<StgValue><ssdm name=""/></StgValue>
</bind>
</comp>

<comp id="48" class="1001" name="const_48">
<pin_list>
<pin id="49" dir="1" index="0" bw="1" slack="0"/>
</pin_list>
<bind>
<StgValue><ssdm name=""/></StgValue>
</bind>
</comp>

<comp id="50" class="1001" name="const_50">
<pin_list>
<pin id="51" dir="1" index="0" bw="1" slack="0"/>
</pin_list>
<bind>
<StgValue><ssdm name=""/></StgValue>
</bind>
</comp>

<comp id="52" class="1001" name="const_52">
<pin_list>
<pin id="53" dir="1" index="0" bw="1" slack="0"/>
</pin_list>
<bind>
<StgValue><ssdm name=""/></StgValue>
</bind>
</comp>

<comp id="54" class="1001" name="const_54">
<pin_list>
<pin id="55" dir="1" index="0" bw="1" slack="0"/>
</pin_list>
<bind>
<StgValue><ssdm name="_ssdm_op_Read.axis.volatile.i32P0A.i4P0A.i4P0A.i3P0A.i1P0A.i5P0A.i6P0A"/></StgValue>
</bind>
</comp>

<comp id="56" class="1001" name="const_56">
<pin_list>
<pin id="57" dir="1" index="0" bw="1" slack="0"/>
</pin_list>
<bind>
<StgValue><ssdm name=""/></StgValue>
</bind>
</comp>

<comp id="58" class="1001" name="const_58">
<pin_list>
<pin id="59" dir="1" index="0" bw="1" slack="0"/>
</pin_list>
<bind>
<StgValue><ssdm name=""/></StgValue>
</bind>
</comp>

<comp id="60" class="1001" name="const_60">
<pin_list>
<pin id="61" dir="1" index="0" bw="1" slack="0"/>
</pin_list>
<bind>
<StgValue><ssdm name="_ssdm_op_BitConcatenate.i32.i30.i2"/></StgValue>
</bind>
</comp>

<comp id="62" class="1001" name="const_62">
<pin_list>
<pin id="63" dir="1" index="0" bw="1" slack="0"/>
</pin_list>
<bind>
<StgValue><ssdm name=""/></StgValue>
</bind>
</comp>

<comp id="64" class="1001" name="const_64">
<pin_list>
<pin id="65" dir="1" index="0" bw="1" slack="0"/>
</pin_list>
<bind>
<StgValue><ssdm name="_ssdm_op_BitConcatenate.i32.i31.i1"/></StgValue>
</bind>
</comp>

<comp id="66" class="1001" name="const_66">
<pin_list>
<pin id="67" dir="1" index="0" bw="1" slack="0"/>
</pin_list>
<bind>
<StgValue><ssdm name=""/></StgValue>
</bind>
</comp>

<comp id="68" class="1001" name="const_68">
<pin_list>
<pin id="69" dir="1" index="0" bw="1" slack="0"/>
</pin_list>
<bind>
<StgValue><ssdm name="_ssdm_op_PartSelect.i28.i32.i32.i32"/></StgValue>
</bind>
</comp>

<comp id="70" class="1001" name="const_70">
<pin_list>
<pin id="71" dir="1" index="0" bw="1" slack="0"/>
</pin_list>
<bind>
<StgValue><ssdm name=""/></StgValue>
</bind>
</comp>

<comp id="72" class="1001" name="const_72">
<pin_list>
<pin id="73" dir="1" index="0" bw="1" slack="0"/>
</pin_list>
<bind>
<StgValue><ssdm name=""/></StgValue>
</bind>
</comp>

<comp id="74" class="1001" name="const_74">
<pin_list>
<pin id="75" dir="1" index="0" bw="1" slack="2147483647"/>
</pin_list>
<bind>
<StgValue><ssdm name="_ssdm_op_SpecLoopName"/></StgValue>
</bind>
</comp>

<comp id="76" class="1001" name="const_76">
<pin_list>
<pin id="77" dir="1" index="0" bw="1" slack="2147483647"/>
</pin_list>
<bind>
<StgValue><ssdm name="VITIS_LOOP_13_1_VITIS_LOOP_15_2_str"/></StgValue>
</bind>
</comp>

<comp id="78" class="1001" name="const_78">
<pin_list>
<pin id="79" dir="1" index="0" bw="1" slack="2147483647"/>
</pin_list>
<bind>
<StgValue><ssdm name="_ssdm_op_SpecPipeline"/></StgValue>
</bind>
</comp>

<comp id="80" class="1001" name="const_80">
<pin_list>
<pin id="81" dir="1" index="0" bw="1" slack="0"/>
</pin_list>
<bind>
<StgValue><ssdm name="_ssdm_op_Write.ap_fifo.volatile.i32P0A"/></StgValue>
</bind>
</comp>

<comp id="82" class="1004" name="reuse_addr_reg22_fu_82">
<pin_list>
<pin id="83" dir="0" index="0" bw="1" slack="0"/>
<pin id="84" dir="1" index="1" bw="64" slack="0"/>
</pin_list>
<bind>
<opcode="alloca(26) " fcode="alloca"/>
<opset="reuse_addr_reg22/1 "/>
</bind>
</comp>

<comp id="86" class="1004" name="reuse_reg21_fu_86">
<pin_list>
<pin id="87" dir="0" index="0" bw="1" slack="0"/>
<pin id="88" dir="1" index="1" bw="32" slack="0"/>
</pin_list>
<bind>
<opcode="alloca(26) " fcode="alloca"/>
<opset="reuse_reg21/1 "/>
</bind>
</comp>

<comp id="90" class="1004" name="reuse_addr_reg_fu_90">
<pin_list>
<pin id="91" dir="0" index="0" bw="1" slack="0"/>
<pin id="92" dir="1" index="1" bw="64" slack="0"/>
</pin_list>
<bind>
<opcode="alloca(26) " fcode="alloca"/>
<opset="reuse_addr_reg/1 "/>
</bind>
</comp>

<comp id="94" class="1004" name="reuse_reg_fu_94">
<pin_list>
<pin id="95" dir="0" index="0" bw="1" slack="0"/>
<pin id="96" dir="1" index="1" bw="32" slack="0"/>
</pin_list>
<bind>
<opcode="alloca(26) " fcode="alloca"/>
<opset="reuse_reg/1 "/>
</bind>
</comp>

<comp id="98" class="1004" name="Sum_fu_98">
<pin_list>
<pin id="99" dir="0" index="0" bw="1" slack="0"/>
<pin id="100" dir="1" index="1" bw="32" slack="5"/>
</pin_list>
<bind>
<opcode="alloca(26) " fcode="alloca"/>
<opset="Sum/1 "/>
</bind>
</comp>

<comp id="102" class="1004" name="empty_fu_102">
<pin_list>
<pin id="103" dir="0" index="0" bw="1" slack="0"/>
<pin id="104" dir="1" index="1" bw="31" slack="4"/>
</pin_list>
<bind>
<opcode="alloca(26) " fcode="alloca"/>
<opset="empty/1 "/>
</bind>
</comp>

<comp id="106" class="1004" name="empty_73_fu_106">
<pin_list>
<pin id="107" dir="0" index="0" bw="1" slack="0"/>
<pin id="108" dir="1" index="1" bw="32" slack="5"/>
</pin_list>
<bind>
<opcode="alloca(26) " fcode="alloca"/>
<opset="empty_73/1 "/>
</bind>
</comp>

<comp id="110" class="1004" name="J_fu_110">
<pin_list>
<pin id="111" dir="0" index="0" bw="1" slack="0"/>
<pin id="112" dir="1" index="1" bw="31" slack="0"/>
</pin_list>
<bind>
<opcode="alloca(26) " fcode="alloca"/>
<opset="J/1 "/>
</bind>
</comp>

<comp id="114" class="1004" name="indvar_flatten_fu_114">
<pin_list>
<pin id="115" dir="0" index="0" bw="1" slack="0"/>
<pin id="116" dir="1" index="1" bw="62" slack="0"/>
</pin_list>
<bind>
<opcode="alloca(26) " fcode="alloca"/>
<opset="indvar_flatten/1 "/>
</bind>
</comp>

<comp id="118" class="1004" name="empty_74_fu_118">
<pin_list>
<pin id="119" dir="0" index="0" bw="1" slack="0"/>
<pin id="120" dir="1" index="1" bw="32" slack="4"/>
</pin_list>
<bind>
<opcode="alloca(26) " fcode="alloca"/>
<opset="empty_74/1 "/>
</bind>
</comp>

<comp id="122" class="1004" name="empty_75_fu_122">
<pin_list>
<pin id="123" dir="0" index="0" bw="1" slack="0"/>
<pin id="124" dir="1" index="1" bw="31" slack="4"/>
</pin_list>
<bind>
<opcode="alloca(26) " fcode="alloca"/>
<opset="empty_75/1 "/>
</bind>
</comp>

<comp id="126" class="1004" name="empty_76_fu_126">
<pin_list>
<pin id="127" dir="0" index="0" bw="1" slack="0"/>
<pin id="128" dir="1" index="1" bw="32" slack="4"/>
</pin_list>
<bind>
<opcode="alloca(26) " fcode="alloca"/>
<opset="empty_76/1 "/>
</bind>
</comp>

<comp id="130" class="1004" name="Line_Buffer_1_alloca_fu_130">
<pin_list>
<pin id="131" dir="0" index="0" bw="1" slack="0"/>
<pin id="132" dir="1" index="1" bw="32" slack="2147483647"/>
</pin_list>
<bind>
<opcode="alloca(26) " fcode="alloca"/>
<opset="Line_Buffer_1/1 "/>
</bind>
</comp>

<comp id="134" class="1004" name="Line_Buffer_alloca_fu_134">
<pin_list>
<pin id="135" dir="0" index="0" bw="1" slack="0"/>
<pin id="136" dir="1" index="1" bw="32" slack="2147483647"/>
</pin_list>
<bind>
<opcode="alloca(26) " fcode="alloca"/>
<opset="Line_Buffer/1 "/>
</bind>
</comp>

<comp id="138" class="1004" name="bound_read_read_fu_138">
<pin_list>
<pin id="139" dir="0" index="0" bw="62" slack="0"/>
<pin id="140" dir="0" index="1" bw="62" slack="0"/>
<pin id="141" dir="1" index="2" bw="62" slack="1"/>
</pin_list>
<bind>
<opcode="read(1150) " fcode="read"/>
<opset="bound_read/1 "/>
</bind>
</comp>

<comp id="144" class="1004" name="Cols_read_read_fu_144">
<pin_list>
<pin id="145" dir="0" index="0" bw="32" slack="0"/>
<pin id="146" dir="0" index="1" bw="32" slack="0"/>
<pin id="147" dir="1" index="2" bw="32" slack="2"/>
</pin_list>
<bind>
<opcode="read(1150) " fcode="read"/>
<opset="Cols_read/1 "/>
</bind>
</comp>

<comp id="150" class="1004" name="empty_77_read_fu_150">
<pin_list>
<pin id="151" dir="0" index="0" bw="55" slack="0"/>
<pin id="152" dir="0" index="1" bw="32" slack="0"/>
<pin id="153" dir="0" index="2" bw="4" slack="0"/>
<pin id="154" dir="0" index="3" bw="4" slack="0"/>
<pin id="155" dir="0" index="4" bw="3" slack="0"/>
<pin id="156" dir="0" index="5" bw="1" slack="0"/>
<pin id="157" dir="0" index="6" bw="5" slack="0"/>
<pin id="158" dir="0" index="7" bw="6" slack="0"/>
<pin id="159" dir="1" index="8" bw="55" slack="0"/>
</pin_list>
<bind>
<opcode="read(1150) " fcode="read"/>
<opset="empty_77/3 "/>
</bind>
</comp>

<comp id="168" class="1004" name="write_ln50_write_fu_168">
<pin_list>
<pin id="169" dir="0" index="0" bw="0" slack="0"/>
<pin id="170" dir="0" index="1" bw="32" slack="0"/>
<pin id="171" dir="0" index="2" bw="28" slack="0"/>
<pin id="172" dir="1" index="3" bw="0" slack="2147483647"/>
</pin_list>
<bind>
<opcode="write(1151) " fcode="write"/>
<opset="write_ln50/8 "/>
</bind>
</comp>

<comp id="175" class="1004" name="Line_Buffer_addr_gep_fu_175">
<pin_list>
<pin id="176" dir="0" index="0" bw="32" slack="2147483647"/>
<pin id="177" dir="0" index="1" bw="1" slack="0"/>
<pin id="178" dir="0" index="2" bw="31" slack="0"/>
<pin id="179" dir="1" index="3" bw="11" slack="1"/>
</pin_list>
<bind>
<opcode="getelementptr(29) " fcode="getelementptr"/>
<opset="Line_Buffer_addr/3 "/>
</bind>
</comp>

<comp id="181" class="1004" name="Line_Buffer_1_addr_gep_fu_181">
<pin_list>
<pin id="182" dir="0" index="0" bw="32" slack="2147483647"/>
<pin id="183" dir="0" index="1" bw="1" slack="0"/>
<pin id="184" dir="0" index="2" bw="31" slack="0"/>
<pin id="185" dir="1" index="3" bw="11" slack="0"/>
</pin_list>
<bind>
<opcode="getelementptr(29) " fcode="getelementptr"/>
<opset="Line_Buffer_1_addr/3 "/>
</bind>
</comp>

<comp id="187" class="1004" name="grp_access_fu_187">
<pin_list>
<pin id="188" dir="0" index="0" bw="11" slack="0"/>
<pin id="189" dir="0" index="1" bw="32" slack="0"/>
<pin id="190" dir="0" index="2" bw="0" slack="2147483647"/>
<pin id="191" dir="1" index="3" bw="32" slack="0"/>
</pin_list>
<bind>
<opcode="load(27) store(28) " fcode="store"/>
<opset="Line_Buffer_1_load/3 store_ln31/3 "/>
</bind>
</comp>

<comp id="193" class="1004" name="grp_access_fu_193">
<pin_list>
<pin id="194" dir="0" index="0" bw="11" slack="1"/>
<pin id="195" dir="0" index="1" bw="32" slack="0"/>
<pin id="196" dir="0" index="2" bw="0" slack="2147483647"/>
<pin id="197" dir="1" index="3" bw="32" slack="0"/>
</pin_list>
<bind>
<opcode="load(27) store(28) " fcode="store"/>
<opset="Line_Buffer_load/4 store_ln30/4 "/>
</bind>
</comp>

<comp id="198" class="1004" name="store_ln0_store_fu_198">
<pin_list>
<pin id="199" dir="0" index="0" bw="1" slack="0"/>
<pin id="200" dir="0" index="1" bw="62" slack="0"/>
<pin id="201" dir="1" index="2" bw="0" slack="2147483647"/>
</pin_list>
<bind>
<opcode="store(28) " fcode="store"/>
<opset="store_ln0/1 "/>
</bind>
</comp>

<comp id="203" class="1004" name="store_ln15_store_fu_203">
<pin_list>
<pin id="204" dir="0" index="0" bw="1" slack="0"/>
<pin id="205" dir="0" index="1" bw="31" slack="0"/>
<pin id="206" dir="1" index="2" bw="0" slack="2147483647"/>
</pin_list>
<bind>
<opcode="store(28) " fcode="store"/>
<opset="store_ln15/1 "/>
</bind>
</comp>

<comp id="208" class="1004" name="store_ln0_store_fu_208">
<pin_list>
<pin id="209" dir="0" index="0" bw="1" slack="0"/>
<pin id="210" dir="0" index="1" bw="32" slack="0"/>
<pin id="211" dir="1" index="2" bw="0" slack="2147483647"/>
</pin_list>
<bind>
<opcode="store(28) " fcode="store"/>
<opset="store_ln0/1 "/>
</bind>
</comp>

<comp id="213" class="1004" name="store_ln0_store_fu_213">
<pin_list>
<pin id="214" dir="0" index="0" bw="1" slack="0"/>
<pin id="215" dir="0" index="1" bw="64" slack="0"/>
<pin id="216" dir="1" index="2" bw="0" slack="2147483647"/>
</pin_list>
<bind>
<opcode="store(28) " fcode="store"/>
<opset="store_ln0/1 "/>
</bind>
</comp>

<comp id="218" class="1004" name="store_ln0_store_fu_218">
<pin_list>
<pin id="219" dir="0" index="0" bw="1" slack="0"/>
<pin id="220" dir="0" index="1" bw="32" slack="0"/>
<pin id="221" dir="1" index="2" bw="0" slack="2147483647"/>
</pin_list>
<bind>
<opcode="store(28) " fcode="store"/>
<opset="store_ln0/1 "/>
</bind>
</comp>

<comp id="223" class="1004" name="store_ln0_store_fu_223">
<pin_list>
<pin id="224" dir="0" index="0" bw="1" slack="0"/>
<pin id="225" dir="0" index="1" bw="64" slack="0"/>
<pin id="226" dir="1" index="2" bw="0" slack="2147483647"/>
</pin_list>
<bind>
<opcode="store(28) " fcode="store"/>
<opset="store_ln0/1 "/>
</bind>
</comp>

<comp id="228" class="1004" name="indvar_flatten_load_load_fu_228">
<pin_list>
<pin id="229" dir="0" index="0" bw="62" slack="1"/>
<pin id="230" dir="1" index="1" bw="62" slack="0"/>
</pin_list>
<bind>
<opcode="load(27) " fcode="load"/>
<opset="indvar_flatten_load/2 "/>
</bind>
</comp>

<comp id="231" class="1004" name="icmp_ln13_fu_231">
<pin_list>
<pin id="232" dir="0" index="0" bw="62" slack="0"/>
<pin id="233" dir="0" index="1" bw="62" slack="1"/>
<pin id="234" dir="1" index="2" bw="1" slack="1"/>
</pin_list>
<bind>
<opcode="icmp(45) " fcode="icmp"/>
<opset="icmp_ln13/2 "/>
</bind>
</comp>

<comp id="236" class="1004" name="add_ln13_fu_236">
<pin_list>
<pin id="237" dir="0" index="0" bw="62" slack="0"/>
<pin id="238" dir="0" index="1" bw="1" slack="0"/>
<pin id="239" dir="1" index="2" bw="62" slack="0"/>
</pin_list>
<bind>
<opcode="add(8) " fcode="add"/>
<opset="add_ln13/2 "/>
</bind>
</comp>

<comp id="242" class="1004" name="store_ln13_store_fu_242">
<pin_list>
<pin id="243" dir="0" index="0" bw="62" slack="0"/>
<pin id="244" dir="0" index="1" bw="62" slack="1"/>
<pin id="245" dir="1" index="2" bw="0" slack="2147483647"/>
</pin_list>
<bind>
<opcode="store(28) " fcode="store"/>
<opset="store_ln13/2 "/>
</bind>
</comp>

<comp id="247" class="1004" name="J_load_load_fu_247">
<pin_list>
<pin id="248" dir="0" index="0" bw="31" slack="2"/>
<pin id="249" dir="1" index="1" bw="31" slack="0"/>
</pin_list>
<bind>
<opcode="load(27) " fcode="load"/>
<opset="J_load/3 "/>
</bind>
</comp>

<comp id="250" class="1004" name="zext_ln15_1_fu_250">
<pin_list>
<pin id="251" dir="0" index="0" bw="31" slack="0"/>
<pin id="252" dir="1" index="1" bw="32" slack="0"/>
</pin_list>
<bind>
<opcode="zext(34) " fcode="zext"/>
<opset="zext_ln15_1/3 "/>
</bind>
</comp>

<comp id="254" class="1004" name="icmp_ln15_fu_254">
<pin_list>
<pin id="255" dir="0" index="0" bw="31" slack="0"/>
<pin id="256" dir="0" index="1" bw="32" slack="2"/>
<pin id="257" dir="1" index="2" bw="1" slack="0"/>
</pin_list>
<bind>
<opcode="icmp(45) " fcode="icmp"/>
<opset="icmp_ln15/3 "/>
</bind>
</comp>

<comp id="259" class="1004" name="select_ln13_fu_259">
<pin_list>
<pin id="260" dir="0" index="0" bw="1" slack="0"/>
<pin id="261" dir="0" index="1" bw="31" slack="0"/>
<pin id="262" dir="0" index="2" bw="1" slack="0"/>
<pin id="263" dir="1" index="3" bw="31" slack="0"/>
</pin_list>
<bind>
<opcode="select(49) " fcode="select"/>
<opset="select_ln13/3 "/>
</bind>
</comp>

<comp id="267" class="1004" name="zext_ln15_fu_267">
<pin_list>
<pin id="268" dir="0" index="0" bw="31" slack="0"/>
<pin id="269" dir="1" index="1" bw="64" slack="0"/>
</pin_list>
<bind>
<opcode="zext(34) " fcode="zext"/>
<opset="zext_ln15/3 "/>
</bind>
</comp>

<comp id="273" class="1004" name="p_s_fu_273">
<pin_list>
<pin id="274" dir="0" index="0" bw="55" slack="0"/>
<pin id="275" dir="1" index="1" bw="32" slack="0"/>
</pin_list>
<bind>
<opcode="extractvalue(56) " fcode="extractvalue"/>
<opset="p_s/3 "/>
</bind>
</comp>

<comp id="278" class="1004" name="reuse_addr_reg22_load_load_fu_278">
<pin_list>
<pin id="279" dir="0" index="0" bw="64" slack="2"/>
<pin id="280" dir="1" index="1" bw="64" slack="0"/>
</pin_list>
<bind>
<opcode="load(27) " fcode="load"/>
<opset="reuse_addr_reg22_load/3 "/>
</bind>
</comp>

<comp id="281" class="1004" name="addr_cmp25_fu_281">
<pin_list>
<pin id="282" dir="0" index="0" bw="64" slack="0"/>
<pin id="283" dir="0" index="1" bw="31" slack="0"/>
<pin id="284" dir="1" index="2" bw="1" slack="1"/>
</pin_list>
<bind>
<opcode="icmp(45) " fcode="icmp"/>
<opset="addr_cmp25/3 "/>
</bind>
</comp>

<comp id="287" class="1004" name="reuse_addr_reg_load_load_fu_287">
<pin_list>
<pin id="288" dir="0" index="0" bw="64" slack="2"/>
<pin id="289" dir="1" index="1" bw="64" slack="0"/>
</pin_list>
<bind>
<opcode="load(27) " fcode="load"/>
<opset="reuse_addr_reg_load/3 "/>
</bind>
</comp>

<comp id="290" class="1004" name="addr_cmp_fu_290">
<pin_list>
<pin id="291" dir="0" index="0" bw="64" slack="0"/>
<pin id="292" dir="0" index="1" bw="31" slack="0"/>
<pin id="293" dir="1" index="2" bw="1" slack="1"/>
</pin_list>
<bind>
<opcode="icmp(45) " fcode="icmp"/>
<opset="addr_cmp/3 "/>
</bind>
</comp>

<comp id="296" class="1004" name="store_ln15_store_fu_296">
<pin_list>
<pin id="297" dir="0" index="0" bw="31" slack="0"/>
<pin id="298" dir="0" index="1" bw="64" slack="2"/>
<pin id="299" dir="1" index="2" bw="0" slack="2147483647"/>
</pin_list>
<bind>
<opcode="store(28) " fcode="store"/>
<opset="store_ln15/3 "/>
</bind>
</comp>

<comp id="301" class="1004" name="store_ln15_store_fu_301">
<pin_list>
<pin id="302" dir="0" index="0" bw="31" slack="0"/>
<pin id="303" dir="0" index="1" bw="64" slack="2"/>
<pin id="304" dir="1" index="2" bw="0" slack="2147483647"/>
</pin_list>
<bind>
<opcode="store(28) " fcode="store"/>
<opset="store_ln15/3 "/>
</bind>
</comp>

<comp id="306" class="1004" name="add_ln15_fu_306">
<pin_list>
<pin id="307" dir="0" index="0" bw="31" slack="0"/>
<pin id="308" dir="0" index="1" bw="1" slack="0"/>
<pin id="309" dir="1" index="2" bw="31" slack="0"/>
</pin_list>
<bind>
<opcode="add(8) " fcode="add"/>
<opset="add_ln15/3 "/>
</bind>
</comp>

<comp id="312" class="1004" name="store_ln15_store_fu_312">
<pin_list>
<pin id="313" dir="0" index="0" bw="31" slack="0"/>
<pin id="314" dir="0" index="1" bw="31" slack="2"/>
<pin id="315" dir="1" index="2" bw="0" slack="2147483647"/>
</pin_list>
<bind>
<opcode="store(28) " fcode="store"/>
<opset="store_ln15/3 "/>
</bind>
</comp>

<comp id="317" class="1004" name="reuse_reg21_load_load_fu_317">
<pin_list>
<pin id="318" dir="0" index="0" bw="32" slack="3"/>
<pin id="319" dir="1" index="1" bw="32" slack="1"/>
</pin_list>
<bind>
<opcode="load(27) " fcode="load"/>
<opset="reuse_reg21_load/4 "/>
</bind>
</comp>

<comp id="320" class="1004" name="reuse_reg_load_load_fu_320">
<pin_list>
<pin id="321" dir="0" index="0" bw="32" slack="3"/>
<pin id="322" dir="1" index="1" bw="32" slack="0"/>
</pin_list>
<bind>
<opcode="load(27) " fcode="load"/>
<opset="reuse_reg_load/4 "/>
</bind>
</comp>

<comp id="323" class="1004" name="Mid_Pixel_fu_323">
<pin_list>
<pin id="324" dir="0" index="0" bw="1" slack="1"/>
<pin id="325" dir="0" index="1" bw="32" slack="0"/>
<pin id="326" dir="0" index="2" bw="32" slack="0"/>
<pin id="327" dir="1" index="3" bw="32" slack="0"/>
</pin_list>
<bind>
<opcode="select(49) " fcode="select"/>
<opset="Mid_Pixel/4 "/>
</bind>
</comp>

<comp id="331" class="1004" name="trunc_ln28_fu_331">
<pin_list>
<pin id="332" dir="0" index="0" bw="32" slack="0"/>
<pin id="333" dir="1" index="1" bw="31" slack="1"/>
</pin_list>
<bind>
<opcode="trunc(33) " fcode="trunc"/>
<opset="trunc_ln28/4 "/>
</bind>
</comp>

<comp id="335" class="1004" name="store_ln15_store_fu_335">
<pin_list>
<pin id="336" dir="0" index="0" bw="32" slack="0"/>
<pin id="337" dir="0" index="1" bw="32" slack="3"/>
<pin id="338" dir="1" index="2" bw="0" slack="2147483647"/>
</pin_list>
<bind>
<opcode="store(28) " fcode="store"/>
<opset="store_ln15/4 "/>
</bind>
</comp>

<comp id="340" class="1004" name="store_ln19_store_fu_340">
<pin_list>
<pin id="341" dir="0" index="0" bw="32" slack="1"/>
<pin id="342" dir="0" index="1" bw="32" slack="3"/>
<pin id="343" dir="1" index="2" bw="0" slack="2147483647"/>
</pin_list>
<bind>
<opcode="store(28) " fcode="store"/>
<opset="store_ln19/4 "/>
</bind>
</comp>

<comp id="344" class="1004" name="p_load18_load_fu_344">
<pin_list>
<pin id="345" dir="0" index="0" bw="32" slack="4"/>
<pin id="346" dir="1" index="1" bw="32" slack="0"/>
</pin_list>
<bind>
<opcode="load(27) " fcode="load"/>
<opset="p_load18/5 "/>
</bind>
</comp>

<comp id="347" class="1004" name="p_load17_load_fu_347">
<pin_list>
<pin id="348" dir="0" index="0" bw="31" slack="4"/>
<pin id="349" dir="1" index="1" bw="31" slack="0"/>
</pin_list>
<bind>
<opcode="load(27) " fcode="load"/>
<opset="p_load17/5 "/>
</bind>
</comp>

<comp id="350" class="1004" name="p_load_load_fu_350">
<pin_list>
<pin id="351" dir="0" index="0" bw="32" slack="4"/>
<pin id="352" dir="1" index="1" bw="32" slack="0"/>
</pin_list>
<bind>
<opcode="load(27) " fcode="load"/>
<opset="p_load/5 "/>
</bind>
</comp>

<comp id="353" class="1004" name="p_load20_load_fu_353">
<pin_list>
<pin id="354" dir="0" index="0" bw="31" slack="4"/>
<pin id="355" dir="1" index="1" bw="31" slack="0"/>
</pin_list>
<bind>
<opcode="load(27) " fcode="load"/>
<opset="p_load20/5 "/>
</bind>
</comp>

<comp id="356" class="1004" name="Top_Pixel_fu_356">
<pin_list>
<pin id="357" dir="0" index="0" bw="1" slack="2"/>
<pin id="358" dir="0" index="1" bw="32" slack="1"/>
<pin id="359" dir="0" index="2" bw="32" slack="0"/>
<pin id="360" dir="1" index="3" bw="32" slack="0"/>
</pin_list>
<bind>
<opcode="select(49) " fcode="select"/>
<opset="Top_Pixel/5 "/>
</bind>
</comp>

<comp id="362" class="1004" name="trunc_ln43_fu_362">
<pin_list>
<pin id="363" dir="0" index="0" bw="31" slack="0"/>
<pin id="364" dir="1" index="1" bw="30" slack="0"/>
</pin_list>
<bind>
<opcode="trunc(33) " fcode="trunc"/>
<opset="trunc_ln43/5 "/>
</bind>
</comp>

<comp id="366" class="1004" name="tmp_5_fu_366">
<pin_list>
<pin id="367" dir="0" index="0" bw="32" slack="0"/>
<pin id="368" dir="0" index="1" bw="30" slack="0"/>
<pin id="369" dir="0" index="2" bw="1" slack="0"/>
<pin id="370" dir="1" index="3" bw="32" slack="0"/>
</pin_list>
<bind>
<opcode="bitconcatenate(1004) " fcode="bitconcatenate"/>
<opset="tmp_5/5 "/>
</bind>
</comp>

<comp id="374" class="1004" name="empty_78_fu_374">
<pin_list>
<pin id="375" dir="0" index="0" bw="32" slack="0"/>
<pin id="376" dir="1" index="1" bw="31" slack="0"/>
</pin_list>
<bind>
<opcode="trunc(33) " fcode="trunc"/>
<opset="empty_78/5 "/>
</bind>
</comp>

<comp id="378" class="1004" name="empty_79_fu_378">
<pin_list>
<pin id="379" dir="0" index="0" bw="32" slack="0"/>
<pin id="380" dir="1" index="1" bw="31" slack="0"/>
</pin_list>
<bind>
<opcode="trunc(33) " fcode="trunc"/>
<opset="empty_79/5 "/>
</bind>
</comp>

<comp id="382" class="1004" name="tmp_fu_382">
<pin_list>
<pin id="383" dir="0" index="0" bw="31" slack="0"/>
<pin id="384" dir="0" index="1" bw="31" slack="0"/>
<pin id="385" dir="1" index="2" bw="31" slack="0"/>
</pin_list>
<bind>
<opcode="add(8) " fcode="add"/>
<opset="tmp/5 "/>
</bind>
</comp>

<comp id="388" class="1004" name="tmp1_fu_388">
<pin_list>
<pin id="389" dir="0" index="0" bw="31" slack="0"/>
<pin id="390" dir="0" index="1" bw="31" slack="1"/>
<pin id="391" dir="1" index="2" bw="31" slack="0"/>
</pin_list>
<bind>
<opcode="add(8) " fcode="add"/>
<opset="tmp1/5 "/>
</bind>
</comp>

<comp id="393" class="1004" name="tmp25_fu_393">
<pin_list>
<pin id="394" dir="0" index="0" bw="31" slack="0"/>
<pin id="395" dir="0" index="1" bw="31" slack="0"/>
<pin id="396" dir="1" index="2" bw="31" slack="1"/>
</pin_list>
<bind>
<opcode="add(8) " fcode="add"/>
<opset="tmp25/5 "/>
</bind>
</comp>

<comp id="399" class="1004" name="add_ln43_fu_399">
<pin_list>
<pin id="400" dir="0" index="0" bw="32" slack="0"/>
<pin id="401" dir="0" index="1" bw="32" slack="0"/>
<pin id="402" dir="1" index="2" bw="32" slack="2"/>
</pin_list>
<bind>
<opcode="add(8) " fcode="add"/>
<opset="add_ln43/5 "/>
</bind>
</comp>

<comp id="405" class="1004" name="store_ln19_store_fu_405">
<pin_list>
<pin id="406" dir="0" index="0" bw="32" slack="2"/>
<pin id="407" dir="0" index="1" bw="32" slack="4"/>
<pin id="408" dir="1" index="2" bw="0" slack="2147483647"/>
</pin_list>
<bind>
<opcode="store(28) " fcode="store"/>
<opset="store_ln19/5 "/>
</bind>
</comp>

<comp id="409" class="1004" name="store_ln28_store_fu_409">
<pin_list>
<pin id="410" dir="0" index="0" bw="31" slack="1"/>
<pin id="411" dir="0" index="1" bw="31" slack="4"/>
<pin id="412" dir="1" index="2" bw="0" slack="2147483647"/>
</pin_list>
<bind>
<opcode="store(28) " fcode="store"/>
<opset="store_ln28/5 "/>
</bind>
</comp>

<comp id="413" class="1004" name="store_ln15_store_fu_413">
<pin_list>
<pin id="414" dir="0" index="0" bw="32" slack="0"/>
<pin id="415" dir="0" index="1" bw="32" slack="4"/>
<pin id="416" dir="1" index="2" bw="0" slack="2147483647"/>
</pin_list>
<bind>
<opcode="store(28) " fcode="store"/>
<opset="store_ln15/5 "/>
</bind>
</comp>

<comp id="418" class="1004" name="store_ln43_store_fu_418">
<pin_list>
<pin id="419" dir="0" index="0" bw="31" slack="0"/>
<pin id="420" dir="0" index="1" bw="31" slack="4"/>
<pin id="421" dir="1" index="2" bw="0" slack="2147483647"/>
</pin_list>
<bind>
<opcode="store(28) " fcode="store"/>
<opset="store_ln43/5 "/>
</bind>
</comp>

<comp id="423" class="1004" name="Sum_load_load_fu_423">
<pin_list>
<pin id="424" dir="0" index="0" bw="32" slack="5"/>
<pin id="425" dir="1" index="1" bw="32" slack="0"/>
</pin_list>
<bind>
<opcode="load(27) " fcode="load"/>
<opset="Sum_load/6 "/>
</bind>
</comp>

<comp id="426" class="1004" name="p_load19_load_fu_426">
<pin_list>
<pin id="427" dir="0" index="0" bw="32" slack="5"/>
<pin id="428" dir="1" index="1" bw="32" slack="0"/>
</pin_list>
<bind>
<opcode="load(27) " fcode="load"/>
<opset="p_load19/6 "/>
</bind>
</comp>

<comp id="429" class="1004" name="tmp3_fu_429">
<pin_list>
<pin id="430" dir="0" index="0" bw="32" slack="0"/>
<pin id="431" dir="0" index="1" bw="31" slack="1"/>
<pin id="432" dir="0" index="2" bw="1" slack="0"/>
<pin id="433" dir="1" index="3" bw="32" slack="0"/>
</pin_list>
<bind>
<opcode="bitconcatenate(1004) " fcode="bitconcatenate"/>
<opset="tmp3/6 "/>
</bind>
</comp>

<comp id="436" class="1004" name="add_ln43_2_fu_436">
<pin_list>
<pin id="437" dir="0" index="0" bw="32" slack="0"/>
<pin id="438" dir="0" index="1" bw="32" slack="0"/>
<pin id="439" dir="1" index="2" bw="32" slack="0"/>
</pin_list>
<bind>
<opcode="add(8) " fcode="add"/>
<opset="add_ln43_2/6 "/>
</bind>
</comp>

<comp id="442" class="1004" name="add_ln43_3_fu_442">
<pin_list>
<pin id="443" dir="0" index="0" bw="32" slack="0"/>
<pin id="444" dir="0" index="1" bw="32" slack="0"/>
<pin id="445" dir="1" index="2" bw="32" slack="1"/>
</pin_list>
<bind>
<opcode="add(8) " fcode="add"/>
<opset="add_ln43_3/6 "/>
</bind>
</comp>

<comp id="448" class="1004" name="store_ln0_store_fu_448">
<pin_list>
<pin id="449" dir="0" index="0" bw="32" slack="1"/>
<pin id="450" dir="0" index="1" bw="32" slack="5"/>
<pin id="451" dir="1" index="2" bw="0" slack="2147483647"/>
</pin_list>
<bind>
<opcode="store(28) " fcode="store"/>
<opset="store_ln0/6 "/>
</bind>
</comp>

<comp id="452" class="1004" name="store_ln37_store_fu_452">
<pin_list>
<pin id="453" dir="0" index="0" bw="32" slack="1"/>
<pin id="454" dir="0" index="1" bw="32" slack="5"/>
<pin id="455" dir="1" index="2" bw="0" slack="2147483647"/>
</pin_list>
<bind>
<opcode="store(28) " fcode="store"/>
<opset="store_ln37/6 "/>
</bind>
</comp>

<comp id="456" class="1004" name="add_ln43_1_fu_456">
<pin_list>
<pin id="457" dir="0" index="0" bw="32" slack="2"/>
<pin id="458" dir="0" index="1" bw="32" slack="4"/>
<pin id="459" dir="1" index="2" bw="32" slack="0"/>
</pin_list>
<bind>
<opcode="add(8) " fcode="add"/>
<opset="add_ln43_1/7 "/>
</bind>
</comp>

<comp id="460" class="1004" name="Sum_1_fu_460">
<pin_list>
<pin id="461" dir="0" index="0" bw="32" slack="1"/>
<pin id="462" dir="0" index="1" bw="32" slack="0"/>
<pin id="463" dir="1" index="2" bw="32" slack="0"/>
</pin_list>
<bind>
<opcode="add(8) " fcode="add"/>
<opset="Sum_1/7 "/>
</bind>
</comp>

<comp id="465" class="1004" name="Pixel_Out_fu_465">
<pin_list>
<pin id="466" dir="0" index="0" bw="28" slack="0"/>
<pin id="467" dir="0" index="1" bw="32" slack="0"/>
<pin id="468" dir="0" index="2" bw="4" slack="0"/>
<pin id="469" dir="0" index="3" bw="6" slack="0"/>
<pin id="470" dir="1" index="4" bw="28" slack="1"/>
</pin_list>
<bind>
<opcode="partselect(1002) " fcode="partselect"/>
<opset="Pixel_Out/7 "/>
</bind>
</comp>

<comp id="475" class="1004" name="sext_ln48_fu_475">
<pin_list>
<pin id="476" dir="0" index="0" bw="28" slack="1"/>
<pin id="477" dir="1" index="1" bw="32" slack="0"/>
</pin_list>
<bind>
<opcode="sext(35) " fcode="sext"/>
<opset="sext_ln48/8 "/>
</bind>
</comp>

<comp id="479" class="1005" name="reuse_addr_reg22_reg_479">
<pin_list>
<pin id="480" dir="0" index="0" bw="64" slack="0"/>
<pin id="481" dir="1" index="1" bw="64" slack="0"/>
</pin_list>
<bind>
<opset="reuse_addr_reg22 "/>
</bind>
</comp>

<comp id="486" class="1005" name="reuse_reg21_reg_486">
<pin_list>
<pin id="487" dir="0" index="0" bw="32" slack="0"/>
<pin id="488" dir="1" index="1" bw="32" slack="0"/>
</pin_list>
<bind>
<opset="reuse_reg21 "/>
</bind>
</comp>

<comp id="493" class="1005" name="reuse_addr_reg_reg_493">
<pin_list>
<pin id="494" dir="0" index="0" bw="64" slack="0"/>
<pin id="495" dir="1" index="1" bw="64" slack="0"/>
</pin_list>
<bind>
<opset="reuse_addr_reg "/>
</bind>
</comp>

<comp id="500" class="1005" name="reuse_reg_reg_500">
<pin_list>
<pin id="501" dir="0" index="0" bw="32" slack="0"/>
<pin id="502" dir="1" index="1" bw="32" slack="0"/>
</pin_list>
<bind>
<opset="reuse_reg "/>
</bind>
</comp>

<comp id="507" class="1005" name="Sum_reg_507">
<pin_list>
<pin id="508" dir="0" index="0" bw="32" slack="5"/>
<pin id="509" dir="1" index="1" bw="32" slack="5"/>
</pin_list>
<bind>
<opset="Sum "/>
</bind>
</comp>

<comp id="513" class="1005" name="empty_reg_513">
<pin_list>
<pin id="514" dir="0" index="0" bw="31" slack="4"/>
<pin id="515" dir="1" index="1" bw="31" slack="4"/>
</pin_list>
<bind>
<opset="empty "/>
</bind>
</comp>

<comp id="519" class="1005" name="empty_73_reg_519">
<pin_list>
<pin id="520" dir="0" index="0" bw="32" slack="5"/>
<pin id="521" dir="1" index="1" bw="32" slack="5"/>
</pin_list>
<bind>
<opset="empty_73 "/>
</bind>
</comp>

<comp id="525" class="1005" name="J_reg_525">
<pin_list>
<pin id="526" dir="0" index="0" bw="31" slack="0"/>
<pin id="527" dir="1" index="1" bw="31" slack="0"/>
</pin_list>
<bind>
<opset="J "/>
</bind>
</comp>

<comp id="532" class="1005" name="indvar_flatten_reg_532">
<pin_list>
<pin id="533" dir="0" index="0" bw="62" slack="0"/>
<pin id="534" dir="1" index="1" bw="62" slack="0"/>
</pin_list>
<bind>
<opset="indvar_flatten "/>
</bind>
</comp>

<comp id="539" class="1005" name="empty_74_reg_539">
<pin_list>
<pin id="540" dir="0" index="0" bw="32" slack="4"/>
<pin id="541" dir="1" index="1" bw="32" slack="4"/>
</pin_list>
<bind>
<opset="empty_74 "/>
</bind>
</comp>

<comp id="545" class="1005" name="empty_75_reg_545">
<pin_list>
<pin id="546" dir="0" index="0" bw="31" slack="4"/>
<pin id="547" dir="1" index="1" bw="31" slack="4"/>
</pin_list>
<bind>
<opset="empty_75 "/>
</bind>
</comp>

<comp id="551" class="1005" name="empty_76_reg_551">
<pin_list>
<pin id="552" dir="0" index="0" bw="32" slack="4"/>
<pin id="553" dir="1" index="1" bw="32" slack="4"/>
</pin_list>
<bind>
<opset="empty_76 "/>
</bind>
</comp>

<comp id="557" class="1005" name="bound_read_reg_557">
<pin_list>
<pin id="558" dir="0" index="0" bw="62" slack="1"/>
<pin id="559" dir="1" index="1" bw="62" slack="1"/>
</pin_list>
<bind>
<opset="bound_read "/>
</bind>
</comp>

<comp id="562" class="1005" name="Cols_read_reg_562">
<pin_list>
<pin id="563" dir="0" index="0" bw="32" slack="2"/>
<pin id="564" dir="1" index="1" bw="32" slack="2"/>
</pin_list>
<bind>
<opset="Cols_read "/>
</bind>
</comp>

<comp id="567" class="1005" name="icmp_ln13_reg_567">
<pin_list>
<pin id="568" dir="0" index="0" bw="1" slack="1"/>
<pin id="569" dir="1" index="1" bw="1" slack="2147483647"/>
</pin_list>
<bind>
<opset="icmp_ln13 "/>
</bind>
</comp>

<comp id="571" class="1005" name="p_s_reg_571">
<pin_list>
<pin id="572" dir="0" index="0" bw="32" slack="1"/>
<pin id="573" dir="1" index="1" bw="32" slack="1"/>
</pin_list>
<bind>
<opset="p_s "/>
</bind>
</comp>

<comp id="578" class="1005" name="Line_Buffer_addr_reg_578">
<pin_list>
<pin id="579" dir="0" index="0" bw="11" slack="1"/>
<pin id="580" dir="1" index="1" bw="11" slack="1"/>
</pin_list>
<bind>
<opset="Line_Buffer_addr "/>
</bind>
</comp>

<comp id="583" class="1005" name="addr_cmp25_reg_583">
<pin_list>
<pin id="584" dir="0" index="0" bw="1" slack="1"/>
<pin id="585" dir="1" index="1" bw="1" slack="2"/>
</pin_list>
<bind>
<opset="addr_cmp25 "/>
</bind>
</comp>

<comp id="588" class="1005" name="Line_Buffer_1_addr_reg_588">
<pin_list>
<pin id="589" dir="0" index="0" bw="11" slack="1"/>
<pin id="590" dir="1" index="1" bw="11" slack="1"/>
</pin_list>
<bind>
<opset="Line_Buffer_1_addr "/>
</bind>
</comp>

<comp id="593" class="1005" name="addr_cmp_reg_593">
<pin_list>
<pin id="594" dir="0" index="0" bw="1" slack="1"/>
<pin id="595" dir="1" index="1" bw="1" slack="1"/>
</pin_list>
<bind>
<opset="addr_cmp "/>
</bind>
</comp>

<comp id="598" class="1005" name="reuse_reg21_load_reg_598">
<pin_list>
<pin id="599" dir="0" index="0" bw="32" slack="1"/>
<pin id="600" dir="1" index="1" bw="32" slack="1"/>
</pin_list>
<bind>
<opset="reuse_reg21_load "/>
</bind>
</comp>

<comp id="603" class="1005" name="trunc_ln28_reg_603">
<pin_list>
<pin id="604" dir="0" index="0" bw="31" slack="1"/>
<pin id="605" dir="1" index="1" bw="31" slack="1"/>
</pin_list>
<bind>
<opset="trunc_ln28 "/>
</bind>
</comp>

<comp id="609" class="1005" name="p_load18_reg_609">
<pin_list>
<pin id="610" dir="0" index="0" bw="32" slack="1"/>
<pin id="611" dir="1" index="1" bw="32" slack="1"/>
</pin_list>
<bind>
<opset="p_load18 "/>
</bind>
</comp>

<comp id="614" class="1005" name="p_load_reg_614">
<pin_list>
<pin id="615" dir="0" index="0" bw="32" slack="1"/>
<pin id="616" dir="1" index="1" bw="32" slack="1"/>
</pin_list>
<bind>
<opset="p_load "/>
</bind>
</comp>

<comp id="619" class="1005" name="tmp25_reg_619">
<pin_list>
<pin id="620" dir="0" index="0" bw="31" slack="1"/>
<pin id="621" dir="1" index="1" bw="31" slack="1"/>
</pin_list>
<bind>
<opset="tmp25 "/>
</bind>
</comp>

<comp id="624" class="1005" name="add_ln43_reg_624">
<pin_list>
<pin id="625" dir="0" index="0" bw="32" slack="2"/>
<pin id="626" dir="1" index="1" bw="32" slack="2"/>
</pin_list>
<bind>
<opset="add_ln43 "/>
</bind>
</comp>

<comp id="629" class="1005" name="add_ln43_3_reg_629">
<pin_list>
<pin id="630" dir="0" index="0" bw="32" slack="1"/>
<pin id="631" dir="1" index="1" bw="32" slack="1"/>
</pin_list>
<bind>
<opset="add_ln43_3 "/>
</bind>
</comp>

<comp id="634" class="1005" name="Pixel_Out_reg_634">
<pin_list>
<pin id="635" dir="0" index="0" bw="28" slack="1"/>
<pin id="636" dir="1" index="1" bw="28" slack="1"/>
</pin_list>
<bind>
<opset="Pixel_Out "/>
</bind>
</comp>

</comp_list>

<net_list>
<net id="85"><net_src comp="20" pin="0"/><net_sink comp="82" pin=0"/></net>

<net id="89"><net_src comp="20" pin="0"/><net_sink comp="86" pin=0"/></net>

<net id="93"><net_src comp="20" pin="0"/><net_sink comp="90" pin=0"/></net>

<net id="97"><net_src comp="20" pin="0"/><net_sink comp="94" pin=0"/></net>

<net id="101"><net_src comp="20" pin="0"/><net_sink comp="98" pin=0"/></net>

<net id="105"><net_src comp="20" pin="0"/><net_sink comp="102" pin=0"/></net>

<net id="109"><net_src comp="20" pin="0"/><net_sink comp="106" pin=0"/></net>

<net id="113"><net_src comp="20" pin="0"/><net_sink comp="110" pin=0"/></net>

<net id="117"><net_src comp="20" pin="0"/><net_sink comp="114" pin=0"/></net>

<net id="121"><net_src comp="20" pin="0"/><net_sink comp="118" pin=0"/></net>

<net id="125"><net_src comp="20" pin="0"/><net_sink comp="122" pin=0"/></net>

<net id="129"><net_src comp="20" pin="0"/><net_sink comp="126" pin=0"/></net>

<net id="133"><net_src comp="44" pin="0"/><net_sink comp="130" pin=0"/></net>

<net id="137"><net_src comp="44" pin="0"/><net_sink comp="134" pin=0"/></net>

<net id="142"><net_src comp="40" pin="0"/><net_sink comp="138" pin=0"/></net>

<net id="143"><net_src comp="18" pin="0"/><net_sink comp="138" pin=1"/></net>

<net id="148"><net_src comp="42" pin="0"/><net_sink comp="144" pin=0"/></net>

<net id="149"><net_src comp="0" pin="0"/><net_sink comp="144" pin=1"/></net>

<net id="160"><net_src comp="54" pin="0"/><net_sink comp="150" pin=0"/></net>

<net id="161"><net_src comp="2" pin="0"/><net_sink comp="150" pin=1"/></net>

<net id="162"><net_src comp="4" pin="0"/><net_sink comp="150" pin=2"/></net>

<net id="163"><net_src comp="6" pin="0"/><net_sink comp="150" pin=3"/></net>

<net id="164"><net_src comp="8" pin="0"/><net_sink comp="150" pin=4"/></net>

<net id="165"><net_src comp="10" pin="0"/><net_sink comp="150" pin=5"/></net>

<net id="166"><net_src comp="12" pin="0"/><net_sink comp="150" pin=6"/></net>

<net id="167"><net_src comp="14" pin="0"/><net_sink comp="150" pin=7"/></net>

<net id="173"><net_src comp="80" pin="0"/><net_sink comp="168" pin=0"/></net>

<net id="174"><net_src comp="16" pin="0"/><net_sink comp="168" pin=1"/></net>

<net id="180"><net_src comp="56" pin="0"/><net_sink comp="175" pin=1"/></net>

<net id="186"><net_src comp="56" pin="0"/><net_sink comp="181" pin=1"/></net>

<net id="192"><net_src comp="181" pin="3"/><net_sink comp="187" pin=0"/></net>

<net id="202"><net_src comp="46" pin="0"/><net_sink comp="198" pin=0"/></net>

<net id="207"><net_src comp="48" pin="0"/><net_sink comp="203" pin=0"/></net>

<net id="212"><net_src comp="30" pin="0"/><net_sink comp="208" pin=0"/></net>

<net id="217"><net_src comp="50" pin="0"/><net_sink comp="213" pin=0"/></net>

<net id="222"><net_src comp="30" pin="0"/><net_sink comp="218" pin=0"/></net>

<net id="227"><net_src comp="50" pin="0"/><net_sink comp="223" pin=0"/></net>

<net id="235"><net_src comp="228" pin="1"/><net_sink comp="231" pin=0"/></net>

<net id="240"><net_src comp="228" pin="1"/><net_sink comp="236" pin=0"/></net>

<net id="241"><net_src comp="52" pin="0"/><net_sink comp="236" pin=1"/></net>

<net id="246"><net_src comp="236" pin="2"/><net_sink comp="242" pin=0"/></net>

<net id="253"><net_src comp="247" pin="1"/><net_sink comp="250" pin=0"/></net>

<net id="258"><net_src comp="250" pin="1"/><net_sink comp="254" pin=0"/></net>

<net id="264"><net_src comp="254" pin="2"/><net_sink comp="259" pin=0"/></net>

<net id="265"><net_src comp="247" pin="1"/><net_sink comp="259" pin=1"/></net>

<net id="266"><net_src comp="48" pin="0"/><net_sink comp="259" pin=2"/></net>

<net id="270"><net_src comp="259" pin="3"/><net_sink comp="267" pin=0"/></net>

<net id="271"><net_src comp="267" pin="1"/><net_sink comp="175" pin=2"/></net>

<net id="272"><net_src comp="267" pin="1"/><net_sink comp="181" pin=2"/></net>

<net id="276"><net_src comp="150" pin="8"/><net_sink comp="273" pin=0"/></net>

<net id="277"><net_src comp="273" pin="1"/><net_sink comp="187" pin=1"/></net>

<net id="285"><net_src comp="278" pin="1"/><net_sink comp="281" pin=0"/></net>

<net id="286"><net_src comp="267" pin="1"/><net_sink comp="281" pin=1"/></net>

<net id="294"><net_src comp="287" pin="1"/><net_sink comp="290" pin=0"/></net>

<net id="295"><net_src comp="267" pin="1"/><net_sink comp="290" pin=1"/></net>

<net id="300"><net_src comp="267" pin="1"/><net_sink comp="296" pin=0"/></net>

<net id="305"><net_src comp="267" pin="1"/><net_sink comp="301" pin=0"/></net>

<net id="310"><net_src comp="259" pin="3"/><net_sink comp="306" pin=0"/></net>

<net id="311"><net_src comp="58" pin="0"/><net_sink comp="306" pin=1"/></net>

<net id="316"><net_src comp="306" pin="2"/><net_sink comp="312" pin=0"/></net>

<net id="328"><net_src comp="320" pin="1"/><net_sink comp="323" pin=1"/></net>

<net id="329"><net_src comp="187" pin="3"/><net_sink comp="323" pin=2"/></net>

<net id="330"><net_src comp="323" pin="3"/><net_sink comp="193" pin=1"/></net>

<net id="334"><net_src comp="323" pin="3"/><net_sink comp="331" pin=0"/></net>

<net id="339"><net_src comp="323" pin="3"/><net_sink comp="335" pin=0"/></net>

<net id="361"><net_src comp="193" pin="3"/><net_sink comp="356" pin=2"/></net>

<net id="365"><net_src comp="347" pin="1"/><net_sink comp="362" pin=0"/></net>

<net id="371"><net_src comp="60" pin="0"/><net_sink comp="366" pin=0"/></net>

<net id="372"><net_src comp="362" pin="1"/><net_sink comp="366" pin=1"/></net>

<net id="373"><net_src comp="62" pin="0"/><net_sink comp="366" pin=2"/></net>

<net id="377"><net_src comp="350" pin="1"/><net_sink comp="374" pin=0"/></net>

<net id="381"><net_src comp="344" pin="1"/><net_sink comp="378" pin=0"/></net>

<net id="386"><net_src comp="353" pin="1"/><net_sink comp="382" pin=0"/></net>

<net id="387"><net_src comp="374" pin="1"/><net_sink comp="382" pin=1"/></net>

<net id="392"><net_src comp="378" pin="1"/><net_sink comp="388" pin=0"/></net>

<net id="397"><net_src comp="388" pin="2"/><net_sink comp="393" pin=0"/></net>

<net id="398"><net_src comp="382" pin="2"/><net_sink comp="393" pin=1"/></net>

<net id="403"><net_src comp="356" pin="3"/><net_sink comp="399" pin=0"/></net>

<net id="404"><net_src comp="366" pin="3"/><net_sink comp="399" pin=1"/></net>

<net id="417"><net_src comp="356" pin="3"/><net_sink comp="413" pin=0"/></net>

<net id="422"><net_src comp="347" pin="1"/><net_sink comp="418" pin=0"/></net>

<net id="434"><net_src comp="64" pin="0"/><net_sink comp="429" pin=0"/></net>

<net id="435"><net_src comp="66" pin="0"/><net_sink comp="429" pin=2"/></net>

<net id="440"><net_src comp="423" pin="1"/><net_sink comp="436" pin=0"/></net>

<net id="441"><net_src comp="429" pin="3"/><net_sink comp="436" pin=1"/></net>

<net id="446"><net_src comp="436" pin="2"/><net_sink comp="442" pin=0"/></net>

<net id="447"><net_src comp="426" pin="1"/><net_sink comp="442" pin=1"/></net>

<net id="464"><net_src comp="456" pin="2"/><net_sink comp="460" pin=1"/></net>

<net id="471"><net_src comp="68" pin="0"/><net_sink comp="465" pin=0"/></net>

<net id="472"><net_src comp="460" pin="2"/><net_sink comp="465" pin=1"/></net>

<net id="473"><net_src comp="70" pin="0"/><net_sink comp="465" pin=2"/></net>

<net id="474"><net_src comp="72" pin="0"/><net_sink comp="465" pin=3"/></net>

<net id="478"><net_src comp="475" pin="1"/><net_sink comp="168" pin=2"/></net>

<net id="482"><net_src comp="82" pin="1"/><net_sink comp="479" pin=0"/></net>

<net id="483"><net_src comp="479" pin="1"/><net_sink comp="223" pin=1"/></net>

<net id="484"><net_src comp="479" pin="1"/><net_sink comp="278" pin=0"/></net>

<net id="485"><net_src comp="479" pin="1"/><net_sink comp="296" pin=1"/></net>

<net id="489"><net_src comp="86" pin="1"/><net_sink comp="486" pin=0"/></net>

<net id="490"><net_src comp="486" pin="1"/><net_sink comp="218" pin=1"/></net>

<net id="491"><net_src comp="486" pin="1"/><net_sink comp="317" pin=0"/></net>

<net id="492"><net_src comp="486" pin="1"/><net_sink comp="335" pin=1"/></net>

<net id="496"><net_src comp="90" pin="1"/><net_sink comp="493" pin=0"/></net>

<net id="497"><net_src comp="493" pin="1"/><net_sink comp="213" pin=1"/></net>

<net id="498"><net_src comp="493" pin="1"/><net_sink comp="287" pin=0"/></net>

<net id="499"><net_src comp="493" pin="1"/><net_sink comp="301" pin=1"/></net>

<net id="503"><net_src comp="94" pin="1"/><net_sink comp="500" pin=0"/></net>

<net id="504"><net_src comp="500" pin="1"/><net_sink comp="208" pin=1"/></net>

<net id="505"><net_src comp="500" pin="1"/><net_sink comp="320" pin=0"/></net>

<net id="506"><net_src comp="500" pin="1"/><net_sink comp="340" pin=1"/></net>

<net id="510"><net_src comp="98" pin="1"/><net_sink comp="507" pin=0"/></net>

<net id="511"><net_src comp="507" pin="1"/><net_sink comp="423" pin=0"/></net>

<net id="512"><net_src comp="507" pin="1"/><net_sink comp="452" pin=1"/></net>

<net id="516"><net_src comp="102" pin="1"/><net_sink comp="513" pin=0"/></net>

<net id="517"><net_src comp="513" pin="1"/><net_sink comp="353" pin=0"/></net>

<net id="518"><net_src comp="513" pin="1"/><net_sink comp="418" pin=1"/></net>

<net id="522"><net_src comp="106" pin="1"/><net_sink comp="519" pin=0"/></net>

<net id="523"><net_src comp="519" pin="1"/><net_sink comp="426" pin=0"/></net>

<net id="524"><net_src comp="519" pin="1"/><net_sink comp="448" pin=1"/></net>

<net id="528"><net_src comp="110" pin="1"/><net_sink comp="525" pin=0"/></net>

<net id="529"><net_src comp="525" pin="1"/><net_sink comp="203" pin=1"/></net>

<net id="530"><net_src comp="525" pin="1"/><net_sink comp="247" pin=0"/></net>

<net id="531"><net_src comp="525" pin="1"/><net_sink comp="312" pin=1"/></net>

<net id="535"><net_src comp="114" pin="1"/><net_sink comp="532" pin=0"/></net>

<net id="536"><net_src comp="532" pin="1"/><net_sink comp="198" pin=1"/></net>

<net id="537"><net_src comp="532" pin="1"/><net_sink comp="228" pin=0"/></net>

<net id="538"><net_src comp="532" pin="1"/><net_sink comp="242" pin=1"/></net>

<net id="542"><net_src comp="118" pin="1"/><net_sink comp="539" pin=0"/></net>

<net id="543"><net_src comp="539" pin="1"/><net_sink comp="344" pin=0"/></net>

<net id="544"><net_src comp="539" pin="1"/><net_sink comp="413" pin=1"/></net>

<net id="548"><net_src comp="122" pin="1"/><net_sink comp="545" pin=0"/></net>

<net id="549"><net_src comp="545" pin="1"/><net_sink comp="347" pin=0"/></net>

<net id="550"><net_src comp="545" pin="1"/><net_sink comp="409" pin=1"/></net>

<net id="554"><net_src comp="126" pin="1"/><net_sink comp="551" pin=0"/></net>

<net id="555"><net_src comp="551" pin="1"/><net_sink comp="350" pin=0"/></net>

<net id="556"><net_src comp="551" pin="1"/><net_sink comp="405" pin=1"/></net>

<net id="560"><net_src comp="138" pin="2"/><net_sink comp="557" pin=0"/></net>

<net id="561"><net_src comp="557" pin="1"/><net_sink comp="231" pin=1"/></net>

<net id="565"><net_src comp="144" pin="2"/><net_sink comp="562" pin=0"/></net>

<net id="566"><net_src comp="562" pin="1"/><net_sink comp="254" pin=1"/></net>

<net id="570"><net_src comp="231" pin="2"/><net_sink comp="567" pin=0"/></net>

<net id="574"><net_src comp="273" pin="1"/><net_sink comp="571" pin=0"/></net>

<net id="575"><net_src comp="571" pin="1"/><net_sink comp="340" pin=0"/></net>

<net id="576"><net_src comp="571" pin="1"/><net_sink comp="405" pin=0"/></net>

<net id="577"><net_src comp="571" pin="1"/><net_sink comp="456" pin=1"/></net>

<net id="581"><net_src comp="175" pin="3"/><net_sink comp="578" pin=0"/></net>

<net id="582"><net_src comp="578" pin="1"/><net_sink comp="193" pin=0"/></net>

<net id="586"><net_src comp="281" pin="2"/><net_sink comp="583" pin=0"/></net>

<net id="587"><net_src comp="583" pin="1"/><net_sink comp="356" pin=0"/></net>

<net id="591"><net_src comp="181" pin="3"/><net_sink comp="588" pin=0"/></net>

<net id="592"><net_src comp="588" pin="1"/><net_sink comp="187" pin=0"/></net>

<net id="596"><net_src comp="290" pin="2"/><net_sink comp="593" pin=0"/></net>

<net id="597"><net_src comp="593" pin="1"/><net_sink comp="323" pin=0"/></net>

<net id="601"><net_src comp="317" pin="1"/><net_sink comp="598" pin=0"/></net>

<net id="602"><net_src comp="598" pin="1"/><net_sink comp="356" pin=1"/></net>

<net id="606"><net_src comp="331" pin="1"/><net_sink comp="603" pin=0"/></net>

<net id="607"><net_src comp="603" pin="1"/><net_sink comp="388" pin=1"/></net>

<net id="608"><net_src comp="603" pin="1"/><net_sink comp="409" pin=0"/></net>

<net id="612"><net_src comp="344" pin="1"/><net_sink comp="609" pin=0"/></net>

<net id="613"><net_src comp="609" pin="1"/><net_sink comp="452" pin=0"/></net>

<net id="617"><net_src comp="350" pin="1"/><net_sink comp="614" pin=0"/></net>

<net id="618"><net_src comp="614" pin="1"/><net_sink comp="448" pin=0"/></net>

<net id="622"><net_src comp="393" pin="2"/><net_sink comp="619" pin=0"/></net>

<net id="623"><net_src comp="619" pin="1"/><net_sink comp="429" pin=1"/></net>

<net id="627"><net_src comp="399" pin="2"/><net_sink comp="624" pin=0"/></net>

<net id="628"><net_src comp="624" pin="1"/><net_sink comp="456" pin=0"/></net>

<net id="632"><net_src comp="442" pin="2"/><net_sink comp="629" pin=0"/></net>

<net id="633"><net_src comp="629" pin="1"/><net_sink comp="460" pin=0"/></net>

<net id="637"><net_src comp="465" pin="4"/><net_sink comp="634" pin=0"/></net>

<net id="638"><net_src comp="634" pin="1"/><net_sink comp="475" pin=0"/></net>

</net_list>

</model> 
---------------- Datapath Model END ------------------

* FSMD analyzer results:
  - Output states:
	Port: Gaussian_to_Sobel | {8 }
 - Input state : 
	Port: Gaussian_Filter_Pipeline_VITIS_LOOP_13_1_VITIS_LOOP_15_2 : Cols | {1 }
	Port: Gaussian_Filter_Pipeline_VITIS_LOOP_13_1_VITIS_LOOP_15_2 : Input_Stream_V_data_V | {3 }
	Port: Gaussian_Filter_Pipeline_VITIS_LOOP_13_1_VITIS_LOOP_15_2 : Input_Stream_V_keep_V | {3 }
	Port: Gaussian_Filter_Pipeline_VITIS_LOOP_13_1_VITIS_LOOP_15_2 : Input_Stream_V_strb_V | {3 }
	Port: Gaussian_Filter_Pipeline_VITIS_LOOP_13_1_VITIS_LOOP_15_2 : Input_Stream_V_user_V | {3 }
	Port: Gaussian_Filter_Pipeline_VITIS_LOOP_13_1_VITIS_LOOP_15_2 : Input_Stream_V_last_V | {3 }
	Port: Gaussian_Filter_Pipeline_VITIS_LOOP_13_1_VITIS_LOOP_15_2 : Input_Stream_V_id_V | {3 }
	Port: Gaussian_Filter_Pipeline_VITIS_LOOP_13_1_VITIS_LOOP_15_2 : Input_Stream_V_dest_V | {3 }
	Port: Gaussian_Filter_Pipeline_VITIS_LOOP_13_1_VITIS_LOOP_15_2 : bound | {1 }
  - Chain level:
	State 1
		store_ln0 : 1
		store_ln15 : 1
		store_ln0 : 1
		store_ln0 : 1
		store_ln0 : 1
		store_ln0 : 1
	State 2
		icmp_ln13 : 1
		br_ln13 : 2
		add_ln13 : 1
		store_ln13 : 2
	State 3
		zext_ln15_1 : 1
		icmp_ln15 : 2
		select_ln13 : 3
		zext_ln15 : 4
		Line_Buffer_addr : 5
		addr_cmp25 : 5
		Line_Buffer_1_addr : 5
		Line_Buffer_1_load : 6
		addr_cmp : 5
		store_ln15 : 5
		store_ln31 : 6
		store_ln15 : 5
		add_ln15 : 4
		store_ln15 : 5
	State 4
		Mid_Pixel : 1
		trunc_ln28 : 2
		store_ln30 : 2
		store_ln15 : 2
	State 5
		Top_Pixel : 1
		trunc_ln43 : 1
		tmp_5 : 2
		empty_78 : 1
		empty_79 : 1
		tmp : 2
		tmp1 : 2
		tmp25 : 3
		add_ln43 : 3
		store_ln15 : 2
		store_ln43 : 1
	State 6
		add_ln43_2 : 1
		add_ln43_3 : 2
	State 7
		Sum_1 : 1
		Pixel_Out : 2
	State 8
		write_ln50 : 1


============================================================
+ Verbose Summary: Datapath Resource usage 
============================================================

* Functional unit list:
|----------|-------------------------|---------|---------|
| Operation|     Functional Unit     |    FF   |   LUT   |
|----------|-------------------------|---------|---------|
|          |     add_ln13_fu_236     |    0    |    69   |
|          |     add_ln15_fu_306     |    0    |    38   |
|          |        tmp_fu_382       |    0    |    31   |
|          |       tmp1_fu_388       |    0    |    38   |
|    add   |       tmp25_fu_393      |    0    |    31   |
|          |     add_ln43_fu_399     |    0    |    39   |
|          |    add_ln43_2_fu_436    |    0    |    32   |
|          |    add_ln43_3_fu_442    |    0    |    32   |
|          |    add_ln43_1_fu_456    |    0    |    32   |
|          |       Sum_1_fu_460      |    0    |    32   |
|----------|-------------------------|---------|---------|
|          |     icmp_ln13_fu_231    |    0    |    69   |
|   icmp   |     icmp_ln15_fu_254    |    0    |    39   |
|          |    addr_cmp25_fu_281    |    0    |    71   |
|          |     addr_cmp_fu_290     |    0    |    71   |
|----------|-------------------------|---------|---------|
|          |    select_ln13_fu_259   |    0    |    31   |
|  select  |     Mid_Pixel_fu_323    |    0    |    32   |
|          |     Top_Pixel_fu_356    |    0    |    32   |
|----------|-------------------------|---------|---------|
|          |  bound_read_read_fu_138 |    0    |    0    |
|   read   |  Cols_read_read_fu_144  |    0    |    0    |
|          |   empty_77_read_fu_150  |    0    |    0    |
|----------|-------------------------|---------|---------|
|   write  | write_ln50_write_fu_168 |    0    |    0    |
|----------|-------------------------|---------|---------|
|   zext   |    zext_ln15_1_fu_250   |    0    |    0    |
|          |     zext_ln15_fu_267    |    0    |    0    |
|----------|-------------------------|---------|---------|
|extractvalue|        p_s_fu_273       |    0    |    0    |
|----------|-------------------------|---------|---------|
|          |    trunc_ln28_fu_331    |    0    |    0    |
|   trunc  |    trunc_ln43_fu_362    |    0    |    0    |
|          |     empty_78_fu_374     |    0    |    0    |
|          |     empty_79_fu_378     |    0    |    0    |
|----------|-------------------------|---------|---------|
|bitconcatenate|       tmp_5_fu_366      |    0    |    0    |
|          |       tmp3_fu_429       |    0    |    0    |
|----------|-------------------------|---------|---------|
|partselect|     Pixel_Out_fu_465    |    0    |    0    |
|----------|-------------------------|---------|---------|
|   sext   |     sext_ln48_fu_475    |    0    |    0    |
|----------|-------------------------|---------|---------|
|   Total  |                         |    0    |   719   |
|----------|-------------------------|---------|---------|

Memories:
+-------------+--------+--------+--------+--------+
|             |  BRAM  |   FF   |   LUT  |  URAM  |
+-------------+--------+--------+--------+--------+
| Line_Buffer |    4   |    0   |    0   |    0   |
|Line_Buffer_1|    4   |    0   |    0   |    0   |
+-------------+--------+--------+--------+--------+
|    Total    |    8   |    0   |    0   |    0   |
+-------------+--------+--------+--------+--------+

* Register list:
+--------------------------+--------+
|                          |   FF   |
+--------------------------+--------+
|     Cols_read_reg_562    |   32   |
|         J_reg_525        |   31   |
|Line_Buffer_1_addr_reg_588|   11   |
| Line_Buffer_addr_reg_578 |   11   |
|     Pixel_Out_reg_634    |   28   |
|        Sum_reg_507       |   32   |
|    add_ln43_3_reg_629    |   32   |
|     add_ln43_reg_624     |   32   |
|    addr_cmp25_reg_583    |    1   |
|     addr_cmp_reg_593     |    1   |
|    bound_read_reg_557    |   62   |
|     empty_73_reg_519     |   32   |
|     empty_74_reg_539     |   32   |
|     empty_75_reg_545     |   31   |
|     empty_76_reg_551     |   32   |
|       empty_reg_513      |   31   |
|     icmp_ln13_reg_567    |    1   |
|  indvar_flatten_reg_532  |   62   |
|     p_load18_reg_609     |   32   |
|      p_load_reg_614      |   32   |
|        p_s_reg_571       |   32   |
| reuse_addr_reg22_reg_479 |   64   |
|  reuse_addr_reg_reg_493  |   64   |
| reuse_reg21_load_reg_598 |   32   |
|    reuse_reg21_reg_486   |   32   |
|     reuse_reg_reg_500    |   32   |
|       tmp25_reg_619      |   31   |
|    trunc_ln28_reg_603    |   31   |
+--------------------------+--------+
|           Total          |   876  |
+--------------------------+--------+

* Multiplexer (MUX) list: 
|-------------------|------|------|------|--------||---------||---------||---------|
|        Comp       |  Pin | Size |  BW  | S x BW ||  Delay  ||    FF   ||   LUT   |
|-------------------|------|------|------|--------||---------||---------||---------|
| grp_access_fu_187 |  p0  |   2  |  11  |   22   ||    0    ||    9    |
|-------------------|------|------|------|--------||---------||---------||---------|
|       Total       |      |      |      |   22   ||  1.588  ||    0    ||    9    |
|-------------------|------|------|------|--------||---------||---------||---------|



* Summary:
+-----------+--------+--------+--------+--------+--------+
|           |  BRAM  |  Delay |   FF   |   LUT  |  URAM  |
+-----------+--------+--------+--------+--------+--------+
|  Function |    -   |    -   |    0   |   719  |    -   |
|   Memory  |    8   |    -   |    0   |    0   |    0   |
|Multiplexer|    -   |    1   |    0   |    9   |    -   |
|  Register |    -   |    -   |   876  |    -   |    -   |
+-----------+--------+--------+--------+--------+--------+
|   Total   |    8   |    1   |   876  |   728  |    0   |
+-----------+--------+--------+--------+--------+--------+
