

================================================================
== Vitis HLS Report for 'Gaussian_Filter_Pipeline_VITIS_LOOP_13_1_VITIS_LOOP_15_2'
================================================================
* Date:           Thu Sep 24 14:58:38 2026

* Version:        2026.1 (Build 6493734 on Jun 16 2026)
* Project:        Canny_Filter_IP
* Solution:       hls
* Product family: zynq
* Target device:  xc7z020-clg400-1


================================================================
== Performance Estimates
================================================================
+ Timing: 
    * Summary: 
    +--------+----------+----------+------------+
    |  Clock |  Target  | Estimated| Uncertainty|
    +--------+----------+----------+------------+
    |ap_clk  |  10.00 ns|  7.396 ns|     2.70 ns|
    +--------+----------+----------+------------+

+ Latency: 
    * Summary: 
    +---------+---------+----------+----------+-----+-----+-------------------+
    |  Latency (cycles) |  Latency (absolute) |  Interval |      Pipeline     |
    |   min   |   max   |    min   |    max   | min | max |        Type       |
    +---------+---------+----------+----------+-----+-----+-------------------+
    |        ?|        ?|         ?|         ?|    0|    0|  loop pipeline stp|
    +---------+---------+----------+----------+-----+-----+-------------------+

    + Detail: 
        * Instance: 
        N/A

        * Loop: 
        +-----------------------------------+---------+---------+----------+-----------+-----------+------+----------+
        |                                   |  Latency (cycles) | Iteration|  Initiation Interval  | Trip |          |
        |             Loop Name             |   min   |   max   |  Latency |  achieved |   target  | Count| Pipelined|
        +-----------------------------------+---------+---------+----------+-----------+-----------+------+----------+
        |- VITIS_LOOP_13_1_VITIS_LOOP_15_2  |        ?|        ?|         7|          1|          1|     ?|       yes|
        +-----------------------------------+---------+---------+----------+-----------+-----------+------+----------+

============================================================
+ Verbose Summary: Synthesis Manager
============================================================
InlineROM: 1
ExposeGlobal: 0
============================================================
+ Verbose Summary: CDFG Model
============================================================
IsTopModel: 0
ResetActiveHigh: 1
IsCombinational: 0
IsDatapathOnly: 0
HasWiredReturn: 1
HasMFsm: 2
HasVarLatency: 1
IsPipeline: 0
IsRtlPipelined: 0
IsInstanceOverlapped: 0
IsDontTouch: 0
HasImplIP: 0
IsGatedGlobalClock: 0

+ Individual pipeline summary: 
  * Pipeline-0: initiation interval (II) = 1, depth = 8


============================================================
+ Verbose Summary: Schedule
============================================================
* Number of FSM states : 8
* Pipeline : 1
  Pipeline-0 : II = 1, D = 8, States = { 1 2 3 4 5 6 7 8 }
* Dataflow Pipeline: 0

* FSM state transitions: 
1 --> 2 
2 --> 3 
3 --> 4 
4 --> 5 
5 --> 6 
6 --> 7 
7 --> 8 
8 --> 

* FSM state operations: 

State 1 <SV = 0> <Delay = 1.58>
ST_1 : Operation 10 [1/1] (0.00ns)   --->   "%reuse_addr_reg22 = alloca i32 1"   --->   Operation 10 'alloca' 'reuse_addr_reg22' <Predicate = true> <Delay = 0.00>
ST_1 : Operation 11 [1/1] (0.00ns)   --->   "%reuse_reg21 = alloca i32 1"   --->   Operation 11 'alloca' 'reuse_reg21' <Predicate = true> <Delay = 0.00>
ST_1 : Operation 12 [1/1] (0.00ns)   --->   "%reuse_addr_reg = alloca i32 1"   --->   Operation 12 'alloca' 'reuse_addr_reg' <Predicate = true> <Delay = 0.00>
ST_1 : Operation 13 [1/1] (0.00ns)   --->   "%reuse_reg = alloca i32 1"   --->   Operation 13 'alloca' 'reuse_reg' <Predicate = true> <Delay = 0.00>
ST_1 : Operation 14 [1/1] (0.00ns)   --->   "%Sum = alloca i32 1" [Gaussian_Filter.cpp:37]   --->   Operation 14 'alloca' 'Sum' <Predicate = true> <Delay = 0.00>
ST_1 : Operation 15 [1/1] (0.00ns)   --->   "%empty = alloca i32 1"   --->   Operation 15 'alloca' 'empty' <Predicate = true> <Delay = 0.00>
ST_1 : Operation 16 [1/1] (0.00ns)   --->   "%empty_73 = alloca i32 1"   --->   Operation 16 'alloca' 'empty_73' <Predicate = true> <Delay = 0.00>
ST_1 : Operation 17 [1/1] (0.00ns)   --->   "%J = alloca i32 1" [Gaussian_Filter.cpp:15]   --->   Operation 17 'alloca' 'J' <Predicate = true> <Delay = 0.00>
ST_1 : Operation 18 [1/1] (0.00ns)   --->   "%indvar_flatten = alloca i32 1"   --->   Operation 18 'alloca' 'indvar_flatten' <Predicate = true> <Delay = 0.00>
ST_1 : Operation 19 [1/1] (0.00ns)   --->   "%empty_74 = alloca i32 1"   --->   Operation 19 'alloca' 'empty_74' <Predicate = true> <Delay = 0.00>
ST_1 : Operation 20 [1/1] (0.00ns)   --->   "%empty_75 = alloca i32 1"   --->   Operation 20 'alloca' 'empty_75' <Predicate = true> <Delay = 0.00>
ST_1 : Operation 21 [1/1] (0.00ns)   --->   "%empty_76 = alloca i32 1"   --->   Operation 21 'alloca' 'empty_76' <Predicate = true> <Delay = 0.00>
ST_1 : Operation 22 [1/1] (0.00ns)   --->   "%specaxissidechannel_ln0 = specaxissidechannel void @_ssdm_op_SpecAXISSideChannel, i32 %Input_Stream_V_data_V, i4 %Input_Stream_V_keep_V, i4 %Input_Stream_V_strb_V, i3 %Input_Stream_V_user_V, i1 %Input_Stream_V_last_V, i5 %Input_Stream_V_id_V, i6 %Input_Stream_V_dest_V, void @empty_11"   --->   Operation 22 'specaxissidechannel' 'specaxissidechannel_ln0' <Predicate = true> <Delay = 0.00>
ST_1 : Operation 23 [1/1] (0.00ns)   --->   "%specinterface_ln0 = specinterface void @_ssdm_op_SpecInterface, i32 %Input_Stream_V_data_V, i4 %Input_Stream_V_keep_V, i4 %Input_Stream_V_strb_V, i3 %Input_Stream_V_user_V, i1 %Input_Stream_V_last_V, i5 %Input_Stream_V_id_V, i6 %Input_Stream_V_dest_V, void @empty, i32 0, i32 0, void @empty_0, i32 0, i32 0, void @empty_1, void @empty_1, void @empty_1, i32 0, i32 0, i32 0, i32 0, void @empty_1, void @empty_1, i32 4294967295, i32 0, i32 0, i32 0"   --->   Operation 23 'specinterface' 'specinterface_ln0' <Predicate = true> <Delay = 0.00>
ST_1 : Operation 24 [1/1] (0.00ns)   --->   "%specinterface_ln0 = specinterface void @_ssdm_op_SpecInterface, i32 %Gaussian_to_Sobel, void @empty_9, i32 0, i32 0, void @empty_1, i32 0, i32 0, void @empty_1, void @empty_1, void @empty_1, i32 0, i32 0, i32 0, i32 0, void @empty_1, void @empty_1, i32 4294967295, i32 0, i32 0, i32 0"   --->   Operation 24 'specinterface' 'specinterface_ln0' <Predicate = true> <Delay = 0.00>
ST_1 : Operation 25 [1/1] (0.00ns)   --->   "%bound_read = read i62 @_ssdm_op_Read.ap_auto.i62, i62 %bound"   --->   Operation 25 'read' 'bound_read' <Predicate = true> <Delay = 0.00>
ST_1 : Operation 26 [1/1] (0.00ns)   --->   "%Cols_read = read i32 @_ssdm_op_Read.ap_auto.i32, i32 %Cols"   --->   Operation 26 'read' 'Cols_read' <Predicate = true> <Delay = 0.00>
ST_1 : Operation 27 [1/1] (0.00ns)   --->   "%Line_Buffer_1 = alloca i64 1" [Gaussian_Filter.cpp:5]   --->   Operation 27 'alloca' 'Line_Buffer_1' <Predicate = true> <Delay = 0.00> <CoreInst = "RAM">   --->   Core 81 'RAM' <Latency = 1> <II = 1> <Delay = 3.25> <Storage> <Opcode : 'load' 'store'> <Ports = 2> <Width = 32> <Depth = 1920> <RAM>
ST_1 : Operation 28 [1/1] (0.00ns)   --->   "%Line_Buffer = alloca i64 1" [Gaussian_Filter.cpp:5]   --->   Operation 28 'alloca' 'Line_Buffer' <Predicate = true> <Delay = 0.00> <CoreInst = "RAM">   --->   Core 81 'RAM' <Latency = 1> <II = 1> <Delay = 3.25> <Storage> <Opcode : 'load' 'store'> <Ports = 2> <Width = 32> <Depth = 1920> <RAM>
ST_1 : Operation 29 [1/1] (1.58ns)   --->   "%store_ln0 = store i62 0, i62 %indvar_flatten"   --->   Operation 29 'store' 'store_ln0' <Predicate = true> <Delay = 1.58>
ST_1 : Operation 30 [1/1] (1.58ns)   --->   "%store_ln15 = store i31 0, i31 %J" [Gaussian_Filter.cpp:15]   --->   Operation 30 'store' 'store_ln15' <Predicate = true> <Delay = 1.58>
ST_1 : Operation 31 [1/1] (1.58ns)   --->   "%store_ln0 = store i32 0, i32 %reuse_reg"   --->   Operation 31 'store' 'store_ln0' <Predicate = true> <Delay = 1.58>
ST_1 : Operation 32 [1/1] (1.58ns)   --->   "%store_ln0 = store i64 18446744073709551615, i64 %reuse_addr_reg"   --->   Operation 32 'store' 'store_ln0' <Predicate = true> <Delay = 1.58>
ST_1 : Operation 33 [1/1] (1.58ns)   --->   "%store_ln0 = store i32 0, i32 %reuse_reg21"   --->   Operation 33 'store' 'store_ln0' <Predicate = true> <Delay = 1.58>
ST_1 : Operation 34 [1/1] (1.58ns)   --->   "%store_ln0 = store i64 18446744073709551615, i64 %reuse_addr_reg22"   --->   Operation 34 'store' 'store_ln0' <Predicate = true> <Delay = 1.58>
ST_1 : Operation 35 [1/1] (0.00ns)   --->   "%br_ln13 = br void %VITIS_LOOP_21_3" [Gaussian_Filter.cpp:13]   --->   Operation 35 'br' 'br_ln13' <Predicate = true> <Delay = 0.00>

State 2 <SV = 1> <Delay = 5.05>
ST_2 : Operation 36 [1/1] (0.00ns)   --->   "%indvar_flatten_load = load i62 %indvar_flatten" [Gaussian_Filter.cpp:13]   --->   Operation 36 'load' 'indvar_flatten_load' <Predicate = true> <Delay = 0.00>
ST_2 : Operation 37 [1/1] (3.46ns)   --->   "%icmp_ln13 = icmp_eq  i62 %indvar_flatten_load, i62 %bound_read" [Gaussian_Filter.cpp:13]   --->   Operation 37 'icmp' 'icmp_ln13' <Predicate = true> <Delay = 3.46> <CoreInst = "Cmp">   --->   Core 9 'Cmp' <Latency = 0> <II = 1> <Delay = 3.46> <FuncUnit> <Opcode : 'seteq' 'setne' 'setle' 'setge' 'setlt' 'setgt'> <InPorts = 2> <OutPorts = 1>
ST_2 : Operation 38 [1/1] (0.00ns)   --->   "%br_ln13 = br i1 %icmp_ln13, void %for.inc65, void %for.end67.exitStub" [Gaussian_Filter.cpp:13]   --->   Operation 38 'br' 'br_ln13' <Predicate = true> <Delay = 0.00>
ST_2 : Operation 39 [1/1] (3.46ns)   --->   "%add_ln13 = add i62 %indvar_flatten_load, i62 1" [Gaussian_Filter.cpp:13]   --->   Operation 39 'add' 'add_ln13' <Predicate = (!icmp_ln13)> <Delay = 3.46> <CoreInst = "Adder">   --->   Core 1 'Adder' <Latency = 0> <II = 1> <Delay = 3.46> <FuncUnit> <Opcode : 'add' 'sub'> <InPorts = 2> <OutPorts = 1>
ST_2 : Operation 40 [1/1] (1.58ns)   --->   "%store_ln13 = store i62 %add_ln13, i62 %indvar_flatten" [Gaussian_Filter.cpp:13]   --->   Operation 40 'store' 'store_ln13' <Predicate = (!icmp_ln13)> <Delay = 1.58>

State 3 <SV = 2> <Delay = 7.39>
ST_3 : Operation 41 [1/1] (0.00ns)   --->   "%J_load = load i31 %J" [Gaussian_Filter.cpp:15]   --->   Operation 41 'load' 'J_load' <Predicate = (!icmp_ln13)> <Delay = 0.00>
ST_3 : Operation 42 [1/1] (0.00ns)   --->   "%zext_ln15_1 = zext i31 %J_load" [Gaussian_Filter.cpp:15]   --->   Operation 42 'zext' 'zext_ln15_1' <Predicate = (!icmp_ln13)> <Delay = 0.00>
ST_3 : Operation 43 [1/1] (2.55ns)   --->   "%icmp_ln15 = icmp_slt  i32 %zext_ln15_1, i32 %Cols_read" [Gaussian_Filter.cpp:15]   --->   Operation 43 'icmp' 'icmp_ln15' <Predicate = (!icmp_ln13)> <Delay = 2.55> <CoreInst = "Cmp">   --->   Core 9 'Cmp' <Latency = 0> <II = 1> <Delay = 2.55> <FuncUnit> <Opcode : 'seteq' 'setne' 'setle' 'setge' 'setlt' 'setgt'> <InPorts = 2> <OutPorts = 1>
ST_3 : Operation 44 [1/1] (0.73ns)   --->   "%select_ln13 = select i1 %icmp_ln15, i31 %J_load, i31 0" [Gaussian_Filter.cpp:13]   --->   Operation 44 'select' 'select_ln13' <Predicate = (!icmp_ln13)> <Delay = 0.73> <CoreInst = "Sel">   --->   Core 73 'Sel' <Latency = 0> <II = 1> <Delay = 0.73> <FuncUnit> <Opcode : 'select'> <InPorts = 3> <OutPorts = 1>
ST_3 : Operation 45 [1/1] (0.00ns)   --->   "%zext_ln15 = zext i31 %select_ln13" [Gaussian_Filter.cpp:15]   --->   Operation 45 'zext' 'zext_ln15' <Predicate = (!icmp_ln13)> <Delay = 0.00>
ST_3 : Operation 46 [1/1] ( I:0.51ns O:0.51ns )   --->   "%empty_77 = read i55 @_ssdm_op_Read.axis.volatile.i32P0A.i4P0A.i4P0A.i3P0A.i1P0A.i5P0A.i6P0A, i32 %Input_Stream_V_data_V, i4 %Input_Stream_V_keep_V, i4 %Input_Stream_V_strb_V, i3 %Input_Stream_V_user_V, i1 %Input_Stream_V_last_V, i5 %Input_Stream_V_id_V, i6 %Input_Stream_V_dest_V" [Gaussian_Filter.cpp:19]   --->   Operation 46 'read' 'empty_77' <Predicate = (!icmp_ln13)> <Delay = 0.51> <CoreInst = "regslice">   --->   Core 135 'regslice' <Latency = 0> <II = 1> <Delay = 1.86> <Adapter> <Opcode : 'read' 'write'>
ST_3 : Operation 47 [1/1] (0.00ns)   --->   "%p_s = extractvalue i55 %empty_77" [Gaussian_Filter.cpp:19]   --->   Operation 47 'extractvalue' 'p_s' <Predicate = (!icmp_ln13)> <Delay = 0.00>
ST_3 : Operation 48 [1/1] (0.00ns)   --->   "%Line_Buffer_addr = getelementptr i32 %Line_Buffer, i64 0, i64 %zext_ln15" [Gaussian_Filter.cpp:27]   --->   Operation 48 'getelementptr' 'Line_Buffer_addr' <Predicate = (!icmp_ln13)> <Delay = 0.00>
ST_3 : Operation 49 [1/1] (0.00ns)   --->   "%reuse_addr_reg22_load = load i64 %reuse_addr_reg22"   --->   Operation 49 'load' 'reuse_addr_reg22_load' <Predicate = (!icmp_ln13)> <Delay = 0.00>
ST_3 : Operation 50 [1/1] (3.52ns)   --->   "%addr_cmp25 = icmp_eq  i64 %reuse_addr_reg22_load, i64 %zext_ln15" [Gaussian_Filter.cpp:15]   --->   Operation 50 'icmp' 'addr_cmp25' <Predicate = (!icmp_ln13)> <Delay = 3.52> <CoreInst = "Cmp">   --->   Core 9 'Cmp' <Latency = 0> <II = 1> <Delay = 3.52> <FuncUnit> <Opcode : 'seteq' 'setne' 'setle' 'setge' 'setlt' 'setgt'> <InPorts = 2> <OutPorts = 1>
ST_3 : Operation 51 [1/1] (0.00ns)   --->   "%Line_Buffer_1_addr = getelementptr i32 %Line_Buffer_1, i64 0, i64 %zext_ln15" [Gaussian_Filter.cpp:28]   --->   Operation 51 'getelementptr' 'Line_Buffer_1_addr' <Predicate = (!icmp_ln13)> <Delay = 0.00>
ST_3 : Operation 52 [1/1] (0.00ns)   --->   "%reuse_addr_reg_load = load i64 %reuse_addr_reg"   --->   Operation 52 'load' 'reuse_addr_reg_load' <Predicate = (!icmp_ln13)> <Delay = 0.00>
ST_3 : Operation 53 [2/2] (3.25ns)   --->   "%Line_Buffer_1_load = load i11 %Line_Buffer_1_addr" [Gaussian_Filter.cpp:28]   --->   Operation 53 'load' 'Line_Buffer_1_load' <Predicate = (!icmp_ln13)> <Delay = 3.25> <CoreInst = "RAM">   --->   Core 81 'RAM' <Latency = 1> <II = 1> <Delay = 3.25> <Storage> <Opcode : 'load' 'store'> <Ports = 2> <Width = 32> <Depth = 1920> <RAM>
ST_3 : Operation 54 [1/1] (3.52ns)   --->   "%addr_cmp = icmp_eq  i64 %reuse_addr_reg_load, i64 %zext_ln15" [Gaussian_Filter.cpp:15]   --->   Operation 54 'icmp' 'addr_cmp' <Predicate = (!icmp_ln13)> <Delay = 3.52> <CoreInst = "Cmp">   --->   Core 9 'Cmp' <Latency = 0> <II = 1> <Delay = 3.52> <FuncUnit> <Opcode : 'seteq' 'setne' 'setle' 'setge' 'setlt' 'setgt'> <InPorts = 2> <OutPorts = 1>
ST_3 : Operation 55 [1/1] (1.58ns)   --->   "%store_ln15 = store i64 %zext_ln15, i64 %reuse_addr_reg22" [Gaussian_Filter.cpp:15]   --->   Operation 55 'store' 'store_ln15' <Predicate = (!icmp_ln13)> <Delay = 1.58>
ST_3 : Operation 56 [1/1] ( I:3.25ns O:3.25ns )   --->   "%store_ln31 = store i32 %p_s, i11 %Line_Buffer_1_addr" [Gaussian_Filter.cpp:31]   --->   Operation 56 'store' 'store_ln31' <Predicate = (!icmp_ln13)> <Delay = 3.25> <CoreInst = "RAM">   --->   Core 81 'RAM' <Latency = 1> <II = 1> <Delay = 3.25> <Storage> <Opcode : 'load' 'store'> <Ports = 2> <Width = 32> <Depth = 1920> <RAM>
ST_3 : Operation 57 [1/1] (1.58ns)   --->   "%store_ln15 = store i64 %zext_ln15, i64 %reuse_addr_reg" [Gaussian_Filter.cpp:15]   --->   Operation 57 'store' 'store_ln15' <Predicate = (!icmp_ln13)> <Delay = 1.58>
ST_3 : Operation 58 [1/1] (2.52ns)   --->   "%add_ln15 = add i31 %select_ln13, i31 1" [Gaussian_Filter.cpp:15]   --->   Operation 58 'add' 'add_ln15' <Predicate = (!icmp_ln13)> <Delay = 2.52> <CoreInst = "Adder">   --->   Core 1 'Adder' <Latency = 0> <II = 1> <Delay = 2.52> <FuncUnit> <Opcode : 'add' 'sub'> <InPorts = 2> <OutPorts = 1>
ST_3 : Operation 59 [1/1] (1.58ns)   --->   "%store_ln15 = store i31 %add_ln15, i31 %J" [Gaussian_Filter.cpp:15]   --->   Operation 59 'store' 'store_ln15' <Predicate = (!icmp_ln13)> <Delay = 1.58>

State 4 <SV = 3> <Delay = 7.20>
ST_4 : Operation 60 [1/1] (0.00ns)   --->   "%reuse_reg21_load = load i32 %reuse_reg21"   --->   Operation 60 'load' 'reuse_reg21_load' <Predicate = (!icmp_ln13 & addr_cmp25)> <Delay = 0.00>
ST_4 : Operation 61 [2/2] (3.25ns)   --->   "%Line_Buffer_load = load i11 %Line_Buffer_addr" [Gaussian_Filter.cpp:27]   --->   Operation 61 'load' 'Line_Buffer_load' <Predicate = (!icmp_ln13 & !addr_cmp25)> <Delay = 3.25> <CoreInst = "RAM">   --->   Core 81 'RAM' <Latency = 1> <II = 1> <Delay = 3.25> <Storage> <Opcode : 'load' 'store'> <Ports = 2> <Width = 32> <Depth = 1920> <RAM>
ST_4 : Operation 62 [1/1] (0.00ns)   --->   "%reuse_reg_load = load i32 %reuse_reg"   --->   Operation 62 'load' 'reuse_reg_load' <Predicate = (!icmp_ln13 & addr_cmp)> <Delay = 0.00>
ST_4 : Operation 63 [1/2] ( I:3.25ns O:3.25ns )   --->   "%Line_Buffer_1_load = load i11 %Line_Buffer_1_addr" [Gaussian_Filter.cpp:28]   --->   Operation 63 'load' 'Line_Buffer_1_load' <Predicate = (!icmp_ln13)> <Delay = 3.25> <CoreInst = "RAM">   --->   Core 81 'RAM' <Latency = 1> <II = 1> <Delay = 3.25> <Storage> <Opcode : 'load' 'store'> <Ports = 2> <Width = 32> <Depth = 1920> <RAM>
ST_4 : Operation 64 [1/1] (0.69ns)   --->   "%Mid_Pixel = select i1 %addr_cmp, i32 %reuse_reg_load, i32 %Line_Buffer_1_load" [Gaussian_Filter.cpp:15]   --->   Operation 64 'select' 'Mid_Pixel' <Predicate = (!icmp_ln13)> <Delay = 0.69> <CoreInst = "Sel">   --->   Core 73 'Sel' <Latency = 0> <II = 1> <Delay = 0.69> <FuncUnit> <Opcode : 'select'> <InPorts = 3> <OutPorts = 1>
ST_4 : Operation 65 [1/1] (0.00ns)   --->   "%trunc_ln28 = trunc i32 %Mid_Pixel" [Gaussian_Filter.cpp:28]   --->   Operation 65 'trunc' 'trunc_ln28' <Predicate = (!icmp_ln13)> <Delay = 0.00>
ST_4 : Operation 66 [1/1] ( I:3.25ns O:3.25ns )   --->   "%store_ln30 = store i32 %Mid_Pixel, i11 %Line_Buffer_addr" [Gaussian_Filter.cpp:30]   --->   Operation 66 'store' 'store_ln30' <Predicate = (!icmp_ln13)> <Delay = 3.25> <CoreInst = "RAM">   --->   Core 81 'RAM' <Latency = 1> <II = 1> <Delay = 3.25> <Storage> <Opcode : 'load' 'store'> <Ports = 2> <Width = 32> <Depth = 1920> <RAM>
ST_4 : Operation 67 [1/1] (1.58ns)   --->   "%store_ln15 = store i32 %Mid_Pixel, i32 %reuse_reg21" [Gaussian_Filter.cpp:15]   --->   Operation 67 'store' 'store_ln15' <Predicate = (!icmp_ln13)> <Delay = 1.58>
ST_4 : Operation 68 [1/1] (1.58ns)   --->   "%store_ln19 = store i32 %p_s, i32 %reuse_reg" [Gaussian_Filter.cpp:19]   --->   Operation 68 'store' 'store_ln19' <Predicate = (!icmp_ln13)> <Delay = 1.58>

State 5 <SV = 4> <Delay = 6.86>
ST_5 : Operation 69 [1/1] (0.00ns)   --->   "%p_load18 = load i32 %empty_74"   --->   Operation 69 'load' 'p_load18' <Predicate = true> <Delay = 0.00>
ST_5 : Operation 70 [1/1] (0.00ns)   --->   "%p_load17 = load i31 %empty_75" [Gaussian_Filter.cpp:43]   --->   Operation 70 'load' 'p_load17' <Predicate = true> <Delay = 0.00>
ST_5 : Operation 71 [1/1] (0.00ns)   --->   "%p_load = load i32 %empty_76"   --->   Operation 71 'load' 'p_load' <Predicate = true> <Delay = 0.00>
ST_5 : Operation 72 [1/1] (0.00ns)   --->   "%p_load20 = load i31 %empty"   --->   Operation 72 'load' 'p_load20' <Predicate = (!icmp_ln13)> <Delay = 0.00>
ST_5 : Operation 73 [1/2] ( I:3.25ns O:3.25ns )   --->   "%Line_Buffer_load = load i11 %Line_Buffer_addr" [Gaussian_Filter.cpp:27]   --->   Operation 73 'load' 'Line_Buffer_load' <Predicate = (!icmp_ln13 & !addr_cmp25)> <Delay = 3.25> <CoreInst = "RAM">   --->   Core 81 'RAM' <Latency = 1> <II = 1> <Delay = 3.25> <Storage> <Opcode : 'load' 'store'> <Ports = 2> <Width = 32> <Depth = 1920> <RAM>
ST_5 : Operation 74 [1/1] (0.69ns)   --->   "%Top_Pixel = select i1 %addr_cmp25, i32 %reuse_reg21_load, i32 %Line_Buffer_load" [Gaussian_Filter.cpp:15]   --->   Operation 74 'select' 'Top_Pixel' <Predicate = (!icmp_ln13)> <Delay = 0.69> <CoreInst = "Sel">   --->   Core 73 'Sel' <Latency = 0> <II = 1> <Delay = 0.69> <FuncUnit> <Opcode : 'select'> <InPorts = 3> <OutPorts = 1>
ST_5 : Operation 75 [1/1] (0.00ns)   --->   "%trunc_ln43 = trunc i31 %p_load17" [Gaussian_Filter.cpp:43]   --->   Operation 75 'trunc' 'trunc_ln43' <Predicate = (!icmp_ln13)> <Delay = 0.00>
ST_5 : Operation 76 [1/1] (0.00ns)   --->   "%tmp_5 = bitconcatenate i32 @_ssdm_op_BitConcatenate.i32.i30.i2, i30 %trunc_ln43, i2 0" [Gaussian_Filter.cpp:43]   --->   Operation 76 'bitconcatenate' 'tmp_5' <Predicate = (!icmp_ln13)> <Delay = 0.00>
ST_5 : Operation 77 [1/1] (0.00ns)   --->   "%empty_78 = trunc i32 %p_load"   --->   Operation 77 'trunc' 'empty_78' <Predicate = (!icmp_ln13)> <Delay = 0.00>
ST_5 : Operation 78 [1/1] (0.00ns)   --->   "%empty_79 = trunc i32 %p_load18"   --->   Operation 78 'trunc' 'empty_79' <Predicate = (!icmp_ln13)> <Delay = 0.00>
ST_5 : Operation 79 [1/1] (0.00ns) (grouped into TernaryAdder)   --->   "%tmp = add i31 %p_load20, i31 %empty_78"   --->   Operation 79 'add' 'tmp' <Predicate = (!icmp_ln13)> <Delay = 0.00> <CoreInst = "TAddSub">   --->   Core 10 'TAddSub' <Latency = 0> <II = 1> <Delay = 2.18> <IPBlock> <Opcode : 'add' 'sub'> <InPorts = 3> <OutPorts = 1> <Sync> <CReg>
ST_5 : Operation 80 [1/1] (2.52ns)   --->   "%tmp1 = add i31 %empty_79, i31 %trunc_ln28" [Gaussian_Filter.cpp:28]   --->   Operation 80 'add' 'tmp1' <Predicate = (!icmp_ln13)> <Delay = 2.52> <CoreInst = "Adder">   --->   Core 1 'Adder' <Latency = 0> <II = 1> <Delay = 2.52> <FuncUnit> <Opcode : 'add' 'sub'> <InPorts = 2> <OutPorts = 1>
ST_5 : Operation 81 [1/1] (4.34ns) (root node of TernaryAdder)   --->   "%tmp25 = add i31 %tmp1, i31 %tmp" [Gaussian_Filter.cpp:28]   --->   Operation 81 'add' 'tmp25' <Predicate = (!icmp_ln13)> <Delay = 4.34> <CoreInst = "TAddSub">   --->   Core 10 'TAddSub' <Latency = 0> <II = 1> <Delay = 2.18> <IPBlock> <Opcode : 'add' 'sub'> <InPorts = 3> <OutPorts = 1> <Sync> <CReg>
ST_5 : Operation 82 [1/1] (2.55ns)   --->   "%add_ln43 = add i32 %Top_Pixel, i32 %tmp_5" [Gaussian_Filter.cpp:43]   --->   Operation 82 'add' 'add_ln43' <Predicate = (!icmp_ln13)> <Delay = 2.55> <CoreInst = "Adder">   --->   Core 1 'Adder' <Latency = 0> <II = 1> <Delay = 2.55> <FuncUnit> <Opcode : 'add' 'sub'> <InPorts = 2> <OutPorts = 1>
ST_5 : Operation 83 [1/1] (0.00ns)   --->   "%store_ln19 = store i32 %p_s, i32 %empty_76" [Gaussian_Filter.cpp:19]   --->   Operation 83 'store' 'store_ln19' <Predicate = (!icmp_ln13)> <Delay = 0.00>
ST_5 : Operation 84 [1/1] (0.00ns)   --->   "%store_ln28 = store i31 %trunc_ln28, i31 %empty_75" [Gaussian_Filter.cpp:28]   --->   Operation 84 'store' 'store_ln28' <Predicate = (!icmp_ln13)> <Delay = 0.00>
ST_5 : Operation 85 [1/1] (0.00ns)   --->   "%store_ln15 = store i32 %Top_Pixel, i32 %empty_74" [Gaussian_Filter.cpp:15]   --->   Operation 85 'store' 'store_ln15' <Predicate = (!icmp_ln13)> <Delay = 0.00>
ST_5 : Operation 86 [1/1] (0.00ns)   --->   "%store_ln43 = store i31 %p_load17, i31 %empty" [Gaussian_Filter.cpp:43]   --->   Operation 86 'store' 'store_ln43' <Predicate = (!icmp_ln13)> <Delay = 0.00>

State 6 <SV = 5> <Delay = 4.37>
ST_6 : Operation 87 [1/1] (0.00ns)   --->   "%Sum_load = load i32 %Sum" [Gaussian_Filter.cpp:43]   --->   Operation 87 'load' 'Sum_load' <Predicate = true> <Delay = 0.00>
ST_6 : Operation 88 [1/1] (0.00ns)   --->   "%p_load19 = load i32 %empty_73" [Gaussian_Filter.cpp:43]   --->   Operation 88 'load' 'p_load19' <Predicate = true> <Delay = 0.00>
ST_6 : Operation 89 [1/1] (0.00ns)   --->   "%tmp3 = bitconcatenate i32 @_ssdm_op_BitConcatenate.i32.i31.i1, i31 %tmp25, i1 0" [Gaussian_Filter.cpp:28]   --->   Operation 89 'bitconcatenate' 'tmp3' <Predicate = true> <Delay = 0.00>
ST_6 : Operation 90 [1/1] (0.00ns) (grouped into TernaryAdder)   --->   "%add_ln43_2 = add i32 %Sum_load, i32 %tmp3" [Gaussian_Filter.cpp:43]   --->   Operation 90 'add' 'add_ln43_2' <Predicate = true> <Delay = 0.00> <CoreInst = "TAddSub">   --->   Core 10 'TAddSub' <Latency = 0> <II = 1> <Delay = 2.18> <IPBlock> <Opcode : 'add' 'sub'> <InPorts = 3> <OutPorts = 1> <Sync> <CReg>
ST_6 : Operation 91 [1/1] (4.37ns) (root node of TernaryAdder)   --->   "%add_ln43_3 = add i32 %add_ln43_2, i32 %p_load19" [Gaussian_Filter.cpp:43]   --->   Operation 91 'add' 'add_ln43_3' <Predicate = true> <Delay = 4.37> <CoreInst = "TAddSub">   --->   Core 10 'TAddSub' <Latency = 0> <II = 1> <Delay = 2.18> <IPBlock> <Opcode : 'add' 'sub'> <InPorts = 3> <OutPorts = 1> <Sync> <CReg>
ST_6 : Operation 92 [1/1] (0.00ns)   --->   "%store_ln0 = store i32 %p_load, i32 %empty_73"   --->   Operation 92 'store' 'store_ln0' <Predicate = true> <Delay = 0.00>
ST_6 : Operation 93 [1/1] (0.00ns)   --->   "%store_ln37 = store i32 %p_load18, i32 %Sum" [Gaussian_Filter.cpp:37]   --->   Operation 93 'store' 'store_ln37' <Predicate = true> <Delay = 0.00>

State 7 <SV = 6> <Delay = 4.37>
ST_7 : Operation 94 [1/1] (0.00ns) (grouped into TernaryAdder)   --->   "%add_ln43_1 = add i32 %add_ln43, i32 %p_s" [Gaussian_Filter.cpp:43]   --->   Operation 94 'add' 'add_ln43_1' <Predicate = true> <Delay = 0.00> <CoreInst = "TAddSub">   --->   Core 10 'TAddSub' <Latency = 0> <II = 1> <Delay = 2.18> <IPBlock> <Opcode : 'add' 'sub'> <InPorts = 3> <OutPorts = 1> <Sync> <CReg>
ST_7 : Operation 95 [1/1] (4.37ns) (root node of TernaryAdder)   --->   "%Sum_1 = add i32 %add_ln43_3, i32 %add_ln43_1" [Gaussian_Filter.cpp:43]   --->   Operation 95 'add' 'Sum_1' <Predicate = true> <Delay = 4.37> <CoreInst = "TAddSub">   --->   Core 10 'TAddSub' <Latency = 0> <II = 1> <Delay = 2.18> <IPBlock> <Opcode : 'add' 'sub'> <InPorts = 3> <OutPorts = 1> <Sync> <CReg>
ST_7 : Operation 96 [1/1] (0.00ns)   --->   "%Pixel_Out = partselect i28 @_ssdm_op_PartSelect.i28.i32.i32.i32, i32 %Sum_1, i32 4, i32 31" [Gaussian_Filter.cpp:48]   --->   Operation 96 'partselect' 'Pixel_Out' <Predicate = true> <Delay = 0.00>
ST_7 : Operation 102 [1/1] (1.58ns)   --->   "%ret_ln0 = ret"   --->   Operation 102 'ret' 'ret_ln0' <Predicate = (icmp_ln13)> <Delay = 1.58>

State 8 <SV = 7> <Delay = 3.54>
ST_8 : Operation 97 [1/1] (0.00ns)   --->   "%specloopname_ln0 = specloopname void @_ssdm_op_SpecLoopName, void @VITIS_LOOP_13_1_VITIS_LOOP_15_2_str"   --->   Operation 97 'specloopname' 'specloopname_ln0' <Predicate = true> <Delay = 0.00>
ST_8 : Operation 98 [1/1] (0.00ns)   --->   "%specpipeline_ln17 = specpipeline void @_ssdm_op_SpecPipeline, i32 1, i32 0, i32 0, i32 0, i32 4294967295, void @empty_1" [Gaussian_Filter.cpp:17]   --->   Operation 98 'specpipeline' 'specpipeline_ln17' <Predicate = true> <Delay = 0.00>
ST_8 : Operation 99 [1/1] (0.00ns)   --->   "%sext_ln48 = sext i28 %Pixel_Out" [Gaussian_Filter.cpp:48]   --->   Operation 99 'sext' 'sext_ln48' <Predicate = true> <Delay = 0.00>
ST_8 : Operation 100 [1/1] ( I:3.54ns O:3.54ns )   --->   "%write_ln50 = write void @_ssdm_op_Write.ap_fifo.volatile.i32P0A, i32 %Gaussian_to_Sobel, i32 %sext_ln48" [Gaussian_Filter.cpp:50]   --->   Operation 100 'write' 'write_ln50' <Predicate = true> <Delay = 3.54> <CoreInst = "FIFO_SRL">   --->   Core 80 'FIFO_SRL' <Latency = 0> <II = 1> <Delay = 3.54> <Storage> <Opcode : 'read' 'write' 'nbread' 'nbwrite'> <Ports = 0> <Width = 32> <Depth = 8> <FIFO>
ST_8 : Operation 101 [1/1] (0.00ns)   --->   "%br_ln15 = br void %VITIS_LOOP_21_3" [Gaussian_Filter.cpp:15]   --->   Operation 101 'br' 'br_ln15' <Predicate = true> <Delay = 0.00>


============================================================
+ Verbose Summary: Timing violations
============================================================
Target clock period: 10.000ns, clock uncertainty: 2.700ns.

 <State 1>: 1.588ns
The critical path consists of the following:
	'alloca' operation 62 bit ('indvar_flatten') [19]  (0.000 ns)
	'store' operation ('store_ln0') of constant 0 62 bit on local variable 'indvar_flatten' [30]  (1.588 ns)

 <State 2>: 5.056ns
The critical path consists of the following:
	'load' operation 62 bit ('indvar_flatten_load', Gaussian_Filter.cpp:13) on local variable 'indvar_flatten' [38]  (0.000 ns)
	'add' operation 62 bit ('add_ln13', Gaussian_Filter.cpp:13) [51]  (3.469 ns)
	'store' operation ('store_ln13', Gaussian_Filter.cpp:13) of variable 'add_ln13', Gaussian_Filter.cpp:13 62 bit on local variable 'indvar_flatten' [97]  (1.588 ns)

 <State 3>: 7.396ns
The critical path consists of the following:
	'load' operation 31 bit ('J_load', Gaussian_Filter.cpp:15) on local variable 'J', Gaussian_Filter.cpp:15 [48]  (0.000 ns)
	'icmp' operation 1 bit ('icmp_ln15', Gaussian_Filter.cpp:15) [50]  (2.552 ns)
	'select' operation 31 bit ('select_ln13', Gaussian_Filter.cpp:13) [53]  (0.733 ns)
	'add' operation 31 bit ('add_ln15', Gaussian_Filter.cpp:15) [93]  (2.522 ns)
	'store' operation ('store_ln15', Gaussian_Filter.cpp:15) of variable 'add_ln15', Gaussian_Filter.cpp:15 31 bit on local variable 'J', Gaussian_Filter.cpp:15 [98]  (1.588 ns)

 <State 4>: 7.206ns
The critical path consists of the following:
	'load' operation 32 bit ('Line_Buffer_1_load', Gaussian_Filter.cpp:28) on array 'Line_Buffer', Gaussian_Filter.cpp:5 [67]  (3.254 ns)
	'select' operation 32 bit ('Mid_Pixel', Gaussian_Filter.cpp:15) [69]  (0.698 ns)
	'store' operation ('store_ln30', Gaussian_Filter.cpp:30) of variable 'Mid_Pixel', Gaussian_Filter.cpp:15 32 bit on array 'Line_Buffer', Gaussian_Filter.cpp:5 [71]  (3.254 ns)

 <State 5>: 6.864ns
The critical path consists of the following:
	'load' operation 32 bit ('p_load18') on local variable 'empty_74' [39]  (0.000 ns)
	'add' operation 31 bit ('tmp1', Gaussian_Filter.cpp:28) [82]  (2.522 ns)
	'add' operation 31 bit ('tmp25', Gaussian_Filter.cpp:28) [83]  (4.342 ns)

 <State 6>: 4.371ns
The critical path consists of the following:
	'load' operation 32 bit ('Sum_load', Gaussian_Filter.cpp:43) on local variable 'Sum', Gaussian_Filter.cpp:37 [45]  (0.000 ns)
	'add' operation 32 bit ('add_ln43_2', Gaussian_Filter.cpp:43) [87]  (0.000 ns)
	'add' operation 32 bit ('add_ln43_3', Gaussian_Filter.cpp:43) [88]  (4.371 ns)

 <State 7>: 4.371ns
The critical path consists of the following:
	'add' operation 32 bit ('add_ln43_1', Gaussian_Filter.cpp:43) [86]  (0.000 ns)
	'add' operation 32 bit ('Sum', Gaussian_Filter.cpp:43) [89]  (4.371 ns)

 <State 8>: 3.549ns
The critical path consists of the following:
	fifo write operation ('write_ln50', Gaussian_Filter.cpp:50) on port 'Gaussian_to_Sobel' (Gaussian_Filter.cpp:50) [92]  (3.549 ns)


============================================================
+ Verbose Summary: Binding
============================================================
N/A
* FSMD analyzer results:
  - Output states:
 - Input state : 
  - Chain level:
	State 1
	State 2
	State 3
	State 4
	State 5
	State 6
	State 7
	State 8


============================================================
+ Verbose Summary: Datapath Resource usage 
============================================================
N/A
