

================================================================
== Vitis HLS Report for 'Hysteresis_Filter'
================================================================
* Date:           Thu Sep 24 14:58:44 2026

* Version:        2026.1 (Build 6493734 on Jun 16 2026)
* Project:        Canny_Filter_IP
* Solution:       hls
* Product family: zynq
* Target device:  xc7z020-clg400-1


================================================================
== Performance Estimates
================================================================
+ Timing: 
    * Summary: 
    +--------+----------+----------+------------+
    |  Clock |  Target  | Estimated| Uncertainty|
    +--------+----------+----------+------------+
    |ap_clk  |  10.00 ns|  7.396 ns|     2.70 ns|
    +--------+----------+----------+------------+

+ Latency: 
    * Summary: 
    +---------+---------+----------+----------+-----+-----+---------+
    |  Latency (cycles) |  Latency (absolute) |  Interval | Pipeline|
    |   min   |   max   |    min   |    max   | min | max |   Type  |
    +---------+---------+----------+----------+-----+-----+---------+
    |        ?|        ?|         ?|         ?|    ?|    ?|       no|
    +---------+---------+----------+----------+-----+-----+---------+

    + Detail: 
        * Instance: 
        +----------------------------------------------------------------------+------------------------------------------------------------+---------+---------+----------+----------+-----+-----+-------------------+
        |                                                                      |                                                            |  Latency (cycles) |  Latency (absolute) |  Interval |      Pipeline     |
        |                               Instance                               |                           Module                           |   min   |   max   |    min   |    max   | min | max |        Type       |
        +----------------------------------------------------------------------+------------------------------------------------------------+---------+---------+----------+----------+-----+-----+-------------------+
        |grp_Hysteresis_Filter_Pipeline_VITIS_LOOP_11_1_VITIS_LOOP_13_2_fu_84  |Hysteresis_Filter_Pipeline_VITIS_LOOP_11_1_VITIS_LOOP_13_2  |        ?|        ?|         ?|         ?|    0|    0|  loop pipeline stp|
        +----------------------------------------------------------------------+------------------------------------------------------------+---------+---------+----------+----------+-----+-----+-------------------+

        * Loop: 
        N/A

============================================================
+ Verbose Summary: Synthesis Manager
============================================================
InlineROM: 1
ExposeGlobal: 0
============================================================
+ Verbose Summary: CDFG Model
============================================================
IsTopModel: 0
ResetActiveHigh: 1
IsCombinational: 2
IsDatapathOnly: 0
HasWiredReturn: 1
HasMFsm: 0
HasVarLatency: 1
IsPipeline: 0
IsRtlPipelined: 0
IsInstanceOverlapped: 0
IsDontTouch: 0
HasImplIP: 0
IsGatedGlobalClock: 0


============================================================
+ Verbose Summary: Schedule
============================================================
* Number of FSM states : 5
* Pipeline : 0
* Dataflow Pipeline: 0

* FSM state transitions: 
1 --> 2 
2 --> 3 
3 --> 4 
4 --> 5 
5 --> 

* FSM state operations: 

State 1 <SV = 0> <Delay = 6.91>
ST_1 : Operation 6 [1/1] ( I:3.61ns O:3.61ns )   --->   "%Low_Threshold_1 = read i32 @_ssdm_op_Read.ap_fifo.i32P0A, i32 %Low_Threshold"   --->   Operation 6 'read' 'Low_Threshold_1' <Predicate = true> <Delay = 3.61> <CoreInst = "FIFO_SRL">   --->   Core 80 'FIFO_SRL' <Latency = 0> <II = 1> <Delay = 3.61> <Storage> <Opcode : 'read' 'write' 'nbread' 'nbwrite'> <Ports = 0> <Width = 32> <Depth = 5> <FIFO>
ST_1 : Operation 7 [1/1] ( I:3.61ns O:3.61ns )   --->   "%High_Threshold_1 = read i32 @_ssdm_op_Read.ap_fifo.i32P0A, i32 %High_Threshold"   --->   Operation 7 'read' 'High_Threshold_1' <Predicate = true> <Delay = 3.61> <CoreInst = "FIFO_SRL">   --->   Core 80 'FIFO_SRL' <Latency = 0> <II = 1> <Delay = 3.61> <Storage> <Opcode : 'read' 'write' 'nbread' 'nbwrite'> <Ports = 0> <Width = 32> <Depth = 5> <FIFO>
ST_1 : Operation 8 [1/1] ( I:3.63ns O:3.63ns )   --->   "%Cols_3 = read i32 @_ssdm_op_Read.ap_fifo.i32P0A, i32 %Cols"   --->   Operation 8 'read' 'Cols_3' <Predicate = true> <Delay = 3.63> <CoreInst = "FIFO_SRL">   --->   Core 80 'FIFO_SRL' <Latency = 0> <II = 1> <Delay = 3.63> <Storage> <Opcode : 'read' 'write' 'nbread' 'nbwrite'> <Ports = 0> <Width = 32> <Depth = 2> <FIFO>
ST_1 : Operation 9 [1/1] (0.00ns)   --->   "%empty = trunc i32 %Cols_3"   --->   Operation 9 'trunc' 'empty' <Predicate = true> <Delay = 0.00>
ST_1 : Operation 10 [1/1] ( I:3.63ns O:3.63ns )   --->   "%Rows_3 = read i32 @_ssdm_op_Read.ap_fifo.i32P0A, i32 %Rows"   --->   Operation 10 'read' 'Rows_3' <Predicate = true> <Delay = 3.63> <CoreInst = "FIFO_SRL">   --->   Core 80 'FIFO_SRL' <Latency = 0> <II = 1> <Delay = 3.63> <Storage> <Opcode : 'read' 'write' 'nbread' 'nbwrite'> <Ports = 0> <Width = 32> <Depth = 2> <FIFO>
ST_1 : Operation 11 [1/1] (0.00ns)   --->   "%empty_70 = trunc i32 %Rows_3"   --->   Operation 11 'trunc' 'empty_70' <Predicate = true> <Delay = 0.00>
ST_1 : Operation 12 [1/1] (2.55ns)   --->   "%empty_71 = icmp_sgt  i32 %Cols_3, i32 0"   --->   Operation 12 'icmp' 'empty_71' <Predicate = true> <Delay = 2.55> <CoreInst = "Cmp">   --->   Core 9 'Cmp' <Latency = 0> <II = 1> <Delay = 2.55> <FuncUnit> <Opcode : 'seteq' 'setne' 'setle' 'setge' 'setlt' 'setgt'> <InPorts = 2> <OutPorts = 1>
ST_1 : Operation 13 [1/1] (0.73ns)   --->   "%smax = select i1 %empty_71, i31 %empty, i31 0"   --->   Operation 13 'select' 'smax' <Predicate = true> <Delay = 0.73> <CoreInst = "Sel">   --->   Core 73 'Sel' <Latency = 0> <II = 1> <Delay = 0.73> <FuncUnit> <Opcode : 'select'> <InPorts = 3> <OutPorts = 1>
ST_1 : Operation 14 [1/1] (2.55ns)   --->   "%empty_72 = icmp_sgt  i32 %Rows_3, i32 0"   --->   Operation 14 'icmp' 'empty_72' <Predicate = true> <Delay = 2.55> <CoreInst = "Cmp">   --->   Core 9 'Cmp' <Latency = 0> <II = 1> <Delay = 2.55> <FuncUnit> <Opcode : 'seteq' 'setne' 'setle' 'setge' 'setlt' 'setgt'> <InPorts = 2> <OutPorts = 1>
ST_1 : Operation 15 [1/1] (0.73ns)   --->   "%smax1 = select i1 %empty_72, i31 %empty_70, i31 0"   --->   Operation 15 'select' 'smax1' <Predicate = true> <Delay = 0.73> <CoreInst = "Sel">   --->   Core 73 'Sel' <Latency = 0> <II = 1> <Delay = 0.73> <FuncUnit> <Opcode : 'select'> <InPorts = 3> <OutPorts = 1>

State 2 <SV = 1> <Delay = 6.91>
ST_2 : Operation 16 [1/1] (0.00ns)   --->   "%cast = zext i31 %smax1"   --->   Operation 16 'zext' 'cast' <Predicate = true> <Delay = 0.00>
ST_2 : Operation 17 [1/1] (0.00ns)   --->   "%cast3 = zext i31 %smax"   --->   Operation 17 'zext' 'cast3' <Predicate = true> <Delay = 0.00>
ST_2 : Operation 18 [2/2] (6.91ns)   --->   "%bound = mul i62 %cast, i62 %cast3"   --->   Operation 18 'mul' 'bound' <Predicate = true> <Delay = 6.91> <CoreInst = "Multiplier">   --->   Core 3 'Multiplier' <Latency = 1> <II = 1> <Delay = 6.91> <FuncUnit> <Opcode : 'mul'> <InPorts = 2> <OutPorts = 1>

State 3 <SV = 2> <Delay = 6.91>
ST_3 : Operation 19 [1/1] (2.55ns)   --->   "%add_ln70 = add i32 %Rows_3, i32 4294967295" [Hysteresis_Filter.cpp:70]   --->   Operation 19 'add' 'add_ln70' <Predicate = true> <Delay = 2.55> <CoreInst = "Adder">   --->   Core 1 'Adder' <Latency = 0> <II = 1> <Delay = 2.55> <FuncUnit> <Opcode : 'add' 'sub'> <InPorts = 2> <OutPorts = 1>
ST_3 : Operation 20 [1/1] (2.55ns)   --->   "%add_ln70_1 = add i32 %Cols_3, i32 4294967295" [Hysteresis_Filter.cpp:70]   --->   Operation 20 'add' 'add_ln70_1' <Predicate = true> <Delay = 2.55> <CoreInst = "Adder">   --->   Core 1 'Adder' <Latency = 0> <II = 1> <Delay = 2.55> <FuncUnit> <Opcode : 'add' 'sub'> <InPorts = 2> <OutPorts = 1>
ST_3 : Operation 21 [1/2] (6.91ns)   --->   "%bound = mul i62 %cast, i62 %cast3"   --->   Operation 21 'mul' 'bound' <Predicate = true> <Delay = 6.91> <CoreInst = "Multiplier">   --->   Core 3 'Multiplier' <Latency = 1> <II = 1> <Delay = 6.91> <FuncUnit> <Opcode : 'mul'> <InPorts = 2> <OutPorts = 1>
ST_3 : Operation 22 [2/2] (0.00ns)   --->   "%call_ln70 = call void @Hysteresis_Filter_Pipeline_VITIS_LOOP_11_1_VITIS_LOOP_13_2, i32 %Cols_3, i32 %add_ln70, i32 %Suppression_to_Hysteresis, i32 %High_Threshold_1, i32 %Low_Threshold_1, i32 %add_ln70_1, i32 %Output_Stream_V_data_V, i4 %Output_Stream_V_keep_V, i4 %Output_Stream_V_strb_V, i3 %Output_Stream_V_user_V, i1 %Output_Stream_V_last_V, i5 %Output_Stream_V_id_V, i6 %Output_Stream_V_dest_V, i62 %bound" [Hysteresis_Filter.cpp:70]   --->   Operation 22 'call' 'call_ln70' <Predicate = true> <Delay = 0.00> <CoreType = "Generic">   --->   Generic Core

State 4 <SV = 3> <Delay = 4.83>
ST_4 : Operation 23 [1/2] (4.83ns)   --->   "%call_ln70 = call void @Hysteresis_Filter_Pipeline_VITIS_LOOP_11_1_VITIS_LOOP_13_2, i32 %Cols_3, i32 %add_ln70, i32 %Suppression_to_Hysteresis, i32 %High_Threshold_1, i32 %Low_Threshold_1, i32 %add_ln70_1, i32 %Output_Stream_V_data_V, i4 %Output_Stream_V_keep_V, i4 %Output_Stream_V_strb_V, i3 %Output_Stream_V_user_V, i1 %Output_Stream_V_last_V, i5 %Output_Stream_V_id_V, i6 %Output_Stream_V_dest_V, i62 %bound" [Hysteresis_Filter.cpp:70]   --->   Operation 23 'call' 'call_ln70' <Predicate = true> <Delay = 4.83> <CoreType = "Generic">   --->   Generic Core

State 5 <SV = 4> <Delay = 0.00>
ST_5 : Operation 24 [1/1] (0.00ns)   --->   "%specinterface_ln0 = specinterface void @_ssdm_op_SpecInterface, i32 %Low_Threshold, void @ap_fifo_str, i32 0, i32 0, void @p_str, i32 0, i32 0, void @p_str, void @p_str, void @p_str, i32 2, i32 2, i32 16, i32 16, void @p_str, void @ScalarProp_str, i32 4294967295, i32 0, i32 0, i32 0"   --->   Operation 24 'specinterface' 'specinterface_ln0' <Predicate = true> <Delay = 0.00>
ST_5 : Operation 25 [1/1] (0.00ns)   --->   "%specinterface_ln0 = specinterface void @_ssdm_op_SpecInterface, i32 %High_Threshold, void @ap_fifo_str, i32 0, i32 0, void @p_str, i32 0, i32 0, void @p_str, void @p_str, void @p_str, i32 2, i32 2, i32 16, i32 16, void @p_str, void @ScalarProp_str, i32 4294967295, i32 0, i32 0, i32 0"   --->   Operation 25 'specinterface' 'specinterface_ln0' <Predicate = true> <Delay = 0.00>
ST_5 : Operation 26 [1/1] (0.00ns)   --->   "%specinterface_ln0 = specinterface void @_ssdm_op_SpecInterface, i32 %Cols, void @ap_fifo_str, i32 0, i32 0, void @p_str, i32 0, i32 0, void @p_str, void @p_str, void @p_str, i32 2, i32 2, i32 16, i32 16, void @p_str, void @ScalarProp_str, i32 4294967295, i32 0, i32 0, i32 0"   --->   Operation 26 'specinterface' 'specinterface_ln0' <Predicate = true> <Delay = 0.00>
ST_5 : Operation 27 [1/1] (0.00ns)   --->   "%specinterface_ln0 = specinterface void @_ssdm_op_SpecInterface, i32 %Rows, void @ap_fifo_str, i32 0, i32 0, void @p_str, i32 0, i32 0, void @p_str, void @p_str, void @p_str, i32 2, i32 2, i32 16, i32 16, void @p_str, void @ScalarProp_str, i32 4294967295, i32 0, i32 0, i32 0"   --->   Operation 27 'specinterface' 'specinterface_ln0' <Predicate = true> <Delay = 0.00>
ST_5 : Operation 28 [1/1] (0.00ns)   --->   "%specaxissidechannel_ln0 = specaxissidechannel void @_ssdm_op_SpecAXISSideChannel, i32 %Output_Stream_V_data_V, i4 %Output_Stream_V_keep_V, i4 %Output_Stream_V_strb_V, i3 %Output_Stream_V_user_V, i1 %Output_Stream_V_last_V, i5 %Output_Stream_V_id_V, i6 %Output_Stream_V_dest_V, void @empty_10"   --->   Operation 28 'specaxissidechannel' 'specaxissidechannel_ln0' <Predicate = true> <Delay = 0.00>
ST_5 : Operation 29 [1/1] (0.00ns)   --->   "%specinterface_ln0 = specinterface void @_ssdm_op_SpecInterface, i32 %Suppression_to_Hysteresis, void @empty_9, i32 0, i32 0, void @empty_1, i32 0, i32 0, void @empty_1, void @empty_1, void @empty_1, i32 0, i32 0, i32 0, i32 0, void @empty_1, void @empty_1, i32 4294967295, i32 0, i32 0, i32 0"   --->   Operation 29 'specinterface' 'specinterface_ln0' <Predicate = true> <Delay = 0.00>
ST_5 : Operation 30 [1/1] (0.00ns)   --->   "%specinterface_ln0 = specinterface void @_ssdm_op_SpecInterface, i6 %Output_Stream_V_dest_V, i5 %Output_Stream_V_id_V, i1 %Output_Stream_V_last_V, i3 %Output_Stream_V_user_V, i4 %Output_Stream_V_strb_V, i4 %Output_Stream_V_keep_V, i32 %Output_Stream_V_data_V, void @empty, i32 1, i32 1, void @empty_0, i32 0, i32 0, void @empty_1, void @empty_1, void @empty_1, i32 0, i32 0, i32 0, i32 0, void @empty_1, void @empty_1, i32 4294967295, i32 0, i32 0, i32 0"   --->   Operation 30 'specinterface' 'specinterface_ln0' <Predicate = true> <Delay = 0.00>
ST_5 : Operation 31 [1/1] (0.00ns)   --->   "%ret_ln75 = ret" [Hysteresis_Filter.cpp:75]   --->   Operation 31 'ret' 'ret_ln75' <Predicate = true> <Delay = 0.00>


============================================================
+ Verbose Summary: Binding
============================================================
STG Binding: 
---------------- STG Properties BEGIN ----------------
- Is combinational: 0
- Is one-state seq: 0
- Is datapath-only: 0
- Is pipelined: 0
- Is top level: 0
Port [ Return ] is wired: 1; IO mode=ap_ctrl_hs:ce=0
Port [ Suppression_to_Hysteresis]:  wired=1; compound=1; hidden=0; nouse=0; global=0; static=0; extern=0; dir=0; type=3; pingpong=0; private_global=0; IO mode=ap_fifo:ce=0
Port [ Output_Stream_V_data_V]:  wired=1; compound=1; hidden=0; nouse=0; global=0; static=0; extern=0; dir=1; type=0; pingpong=0; private_global=0; IO mode=axis:ce=0
Port [ Output_Stream_V_keep_V]:  wired=1; compound=1; hidden=0; nouse=0; global=0; static=0; extern=0; dir=1; type=0; pingpong=0; private_global=0; IO mode=axis:ce=0
Port [ Output_Stream_V_strb_V]:  wired=1; compound=1; hidden=0; nouse=0; global=0; static=0; extern=0; dir=1; type=0; pingpong=0; private_global=0; IO mode=axis:ce=0
Port [ Output_Stream_V_user_V]:  wired=1; compound=1; hidden=0; nouse=0; global=0; static=0; extern=0; dir=1; type=0; pingpong=0; private_global=0; IO mode=axis:ce=0
Port [ Output_Stream_V_last_V]:  wired=1; compound=1; hidden=0; nouse=0; global=0; static=0; extern=0; dir=1; type=0; pingpong=0; private_global=0; IO mode=axis:ce=0
Port [ Output_Stream_V_id_V]:  wired=1; compound=1; hidden=0; nouse=0; global=0; static=0; extern=0; dir=1; type=0; pingpong=0; private_global=0; IO mode=axis:ce=0
Port [ Output_Stream_V_dest_V]:  wired=1; compound=1; hidden=0; nouse=0; global=0; static=0; extern=0; dir=1; type=0; pingpong=0; private_global=0; IO mode=axis:ce=0
Port [ Rows]:  wired=1; compound=1; hidden=0; nouse=0; global=0; static=0; extern=0; dir=0; type=3; pingpong=0; private_global=0; IO mode=ap_fifo:ce=0
Port [ Cols]:  wired=1; compound=1; hidden=0; nouse=0; global=0; static=0; extern=0; dir=0; type=3; pingpong=0; private_global=0; IO mode=ap_fifo:ce=0
Port [ High_Threshold]:  wired=1; compound=1; hidden=0; nouse=0; global=0; static=0; extern=0; dir=0; type=3; pingpong=0; private_global=0; IO mode=ap_fifo:ce=0
Port [ Low_Threshold]:  wired=1; compound=1; hidden=0; nouse=0; global=0; static=0; extern=0; dir=0; type=3; pingpong=0; private_global=0; IO mode=ap_fifo:ce=0
---------------- STG Properties END ------------------

---------------- Datapath Model BEGIN ----------------

<LifeTime>
<method=bitvector/>
Low_Threshold_1         (read               ) [ 001110]
High_Threshold_1        (read               ) [ 001110]
Cols_3                  (read               ) [ 001110]
empty                   (trunc              ) [ 000000]
Rows_3                  (read               ) [ 001100]
empty_70                (trunc              ) [ 000000]
empty_71                (icmp               ) [ 000000]
smax                    (select             ) [ 001000]
empty_72                (icmp               ) [ 000000]
smax1                   (select             ) [ 001000]
cast                    (zext               ) [ 000100]
cast3                   (zext               ) [ 000100]
add_ln70                (add                ) [ 000010]
add_ln70_1              (add                ) [ 000010]
bound                   (mul                ) [ 000010]
call_ln70               (call               ) [ 000000]
specinterface_ln0       (specinterface      ) [ 000000]
specinterface_ln0       (specinterface      ) [ 000000]
specinterface_ln0       (specinterface      ) [ 000000]
specinterface_ln0       (specinterface      ) [ 000000]
specaxissidechannel_ln0 (specaxissidechannel) [ 000000]
specinterface_ln0       (specinterface      ) [ 000000]
specinterface_ln0       (specinterface      ) [ 000000]
ret_ln75                (ret                ) [ 000000]
</LifeTime>

<model>

<comp_list>
<comp id="0" class="1000" name="Suppression_to_Hysteresis">
<pin_list>
<pin id="1" dir="1" index="0" bw="1" slack="0"/>
</pin_list>
<bind>
<StgValue><ssdm name="Suppression_to_Hysteresis"/></StgValue>
</bind>
</comp>

<comp id="2" class="1000" name="Output_Stream_V_data_V">
<pin_list>
<pin id="3" dir="1" index="0" bw="1" slack="0"/>
</pin_list>
<bind>
<StgValue><ssdm name="Output_Stream_V_data_V"/></StgValue>
</bind>
</comp>

<comp id="4" class="1000" name="Output_Stream_V_keep_V">
<pin_list>
<pin id="5" dir="1" index="0" bw="1" slack="0"/>
</pin_list>
<bind>
<StgValue><ssdm name="Output_Stream_V_keep_V"/></StgValue>
</bind>
</comp>

<comp id="6" class="1000" name="Output_Stream_V_strb_V">
<pin_list>
<pin id="7" dir="1" index="0" bw="1" slack="0"/>
</pin_list>
<bind>
<StgValue><ssdm name="Output_Stream_V_strb_V"/></StgValue>
</bind>
</comp>

<comp id="8" class="1000" name="Output_Stream_V_user_V">
<pin_list>
<pin id="9" dir="1" index="0" bw="1" slack="0"/>
</pin_list>
<bind>
<StgValue><ssdm name="Output_Stream_V_user_V"/></StgValue>
</bind>
</comp>

<comp id="10" class="1000" name="Output_Stream_V_last_V">
<pin_list>
<pin id="11" dir="1" index="0" bw="1" slack="0"/>
</pin_list>
<bind>
<StgValue><ssdm name="Output_Stream_V_last_V"/></StgValue>
</bind>
</comp>

<comp id="12" class="1000" name="Output_Stream_V_id_V">
<pin_list>
<pin id="13" dir="1" index="0" bw="1" slack="0"/>
</pin_list>
<bind>
<StgValue><ssdm name="Output_Stream_V_id_V"/></StgValue>
</bind>
</comp>

<comp id="14" class="1000" name="Output_Stream_V_dest_V">
<pin_list>
<pin id="15" dir="1" index="0" bw="1" slack="0"/>
</pin_list>
<bind>
<StgValue><ssdm name="Output_Stream_V_dest_V"/></StgValue>
</bind>
</comp>

<comp id="16" class="1000" name="Rows">
<pin_list>
<pin id="17" dir="1" index="0" bw="1" slack="0"/>
</pin_list>
<bind>
<StgValue><ssdm name="Rows"/></StgValue>
</bind>
</comp>

<comp id="18" class="1000" name="Cols">
<pin_list>
<pin id="19" dir="1" index="0" bw="1" slack="0"/>
</pin_list>
<bind>
<StgValue><ssdm name="Cols"/></StgValue>
</bind>
</comp>

<comp id="20" class="1000" name="High_Threshold">
<pin_list>
<pin id="21" dir="1" index="0" bw="1" slack="0"/>
</pin_list>
<bind>
<StgValue><ssdm name="High_Threshold"/></StgValue>
</bind>
</comp>

<comp id="22" class="1000" name="Low_Threshold">
<pin_list>
<pin id="23" dir="1" index="0" bw="1" slack="0"/>
</pin_list>
<bind>
<StgValue><ssdm name="Low_Threshold"/></StgValue>
</bind>
</comp>

<comp id="24" class="1001" name="const_24">
<pin_list>
<pin id="25" dir="1" index="0" bw="1" slack="0"/>
</pin_list>
<bind>
<StgValue><ssdm name="_ssdm_op_Read.ap_fifo.i32P0A"/></StgValue>
</bind>
</comp>

<comp id="26" class="1001" name="const_26">
<pin_list>
<pin id="27" dir="1" index="0" bw="1" slack="0"/>
</pin_list>
<bind>
<StgValue><ssdm name=""/></StgValue>
</bind>
</comp>

<comp id="28" class="1001" name="const_28">
<pin_list>
<pin id="29" dir="1" index="0" bw="1" slack="0"/>
</pin_list>
<bind>
<StgValue><ssdm name=""/></StgValue>
</bind>
</comp>

<comp id="30" class="1001" name="const_30">
<pin_list>
<pin id="31" dir="1" index="0" bw="1" slack="0"/>
</pin_list>
<bind>
<StgValue><ssdm name=""/></StgValue>
</bind>
</comp>

<comp id="32" class="1001" name="const_32">
<pin_list>
<pin id="33" dir="1" index="0" bw="1" slack="0"/>
</pin_list>
<bind>
<StgValue><ssdm name="Hysteresis_Filter_Pipeline_VITIS_LOOP_11_1_VITIS_LOOP_13_2"/></StgValue>
</bind>
</comp>

<comp id="34" class="1001" name="const_34">
<pin_list>
<pin id="35" dir="1" index="0" bw="1" slack="2147483647"/>
</pin_list>
<bind>
<StgValue><ssdm name="_ssdm_op_SpecInterface"/></StgValue>
</bind>
</comp>

<comp id="36" class="1001" name="const_36">
<pin_list>
<pin id="37" dir="1" index="0" bw="1" slack="2147483647"/>
</pin_list>
<bind>
<StgValue><ssdm name="ap_fifo_str"/></StgValue>
</bind>
</comp>

<comp id="38" class="1001" name="const_38">
<pin_list>
<pin id="39" dir="1" index="0" bw="1" slack="2147483647"/>
</pin_list>
<bind>
<StgValue><ssdm name="p_str"/></StgValue>
</bind>
</comp>

<comp id="40" class="1001" name="const_40">
<pin_list>
<pin id="41" dir="1" index="0" bw="1" slack="2147483647"/>
</pin_list>
<bind>
<StgValue><ssdm name=""/></StgValue>
</bind>
</comp>

<comp id="42" class="1001" name="const_42">
<pin_list>
<pin id="43" dir="1" index="0" bw="1" slack="2147483647"/>
</pin_list>
<bind>
<StgValue><ssdm name=""/></StgValue>
</bind>
</comp>

<comp id="44" class="1001" name="const_44">
<pin_list>
<pin id="45" dir="1" index="0" bw="1" slack="2147483647"/>
</pin_list>
<bind>
<StgValue><ssdm name="ScalarProp_str"/></StgValue>
</bind>
</comp>

<comp id="46" class="1001" name="const_46">
<pin_list>
<pin id="47" dir="1" index="0" bw="1" slack="2147483647"/>
</pin_list>
<bind>
<StgValue><ssdm name="_ssdm_op_SpecAXISSideChannel"/></StgValue>
</bind>
</comp>

<comp id="48" class="1001" name="const_48">
<pin_list>
<pin id="49" dir="1" index="0" bw="1" slack="2147483647"/>
</pin_list>
<bind>
<StgValue><ssdm name="empty_10"/></StgValue>
</bind>
</comp>

<comp id="50" class="1001" name="const_50">
<pin_list>
<pin id="51" dir="1" index="0" bw="1" slack="2147483647"/>
</pin_list>
<bind>
<StgValue><ssdm name="empty_9"/></StgValue>
</bind>
</comp>

<comp id="52" class="1001" name="const_52">
<pin_list>
<pin id="53" dir="1" index="0" bw="1" slack="2147483647"/>
</pin_list>
<bind>
<StgValue><ssdm name="empty_1"/></StgValue>
</bind>
</comp>

<comp id="54" class="1001" name="const_54">
<pin_list>
<pin id="55" dir="1" index="0" bw="1" slack="2147483647"/>
</pin_list>
<bind>
<StgValue><ssdm name="empty"/></StgValue>
</bind>
</comp>

<comp id="56" class="1001" name="const_56">
<pin_list>
<pin id="57" dir="1" index="0" bw="1" slack="2147483647"/>
</pin_list>
<bind>
<StgValue><ssdm name=""/></StgValue>
</bind>
</comp>

<comp id="58" class="1001" name="const_58">
<pin_list>
<pin id="59" dir="1" index="0" bw="1" slack="2147483647"/>
</pin_list>
<bind>
<StgValue><ssdm name="empty_0"/></StgValue>
</bind>
</comp>

<comp id="60" class="1004" name="Low_Threshold_1_read_fu_60">
<pin_list>
<pin id="61" dir="0" index="0" bw="32" slack="0"/>
<pin id="62" dir="0" index="1" bw="32" slack="0"/>
<pin id="63" dir="1" index="2" bw="32" slack="2"/>
</pin_list>
<bind>
<opcode="read(1150) " fcode="read"/>
<opset="Low_Threshold_1/1 "/>
</bind>
</comp>

<comp id="66" class="1004" name="High_Threshold_1_read_fu_66">
<pin_list>
<pin id="67" dir="0" index="0" bw="32" slack="0"/>
<pin id="68" dir="0" index="1" bw="32" slack="0"/>
<pin id="69" dir="1" index="2" bw="32" slack="2"/>
</pin_list>
<bind>
<opcode="read(1150) " fcode="read"/>
<opset="High_Threshold_1/1 "/>
</bind>
</comp>

<comp id="72" class="1004" name="Cols_3_read_fu_72">
<pin_list>
<pin id="73" dir="0" index="0" bw="32" slack="0"/>
<pin id="74" dir="0" index="1" bw="32" slack="0"/>
<pin id="75" dir="1" index="2" bw="32" slack="0"/>
</pin_list>
<bind>
<opcode="read(1150) " fcode="read"/>
<opset="Cols_3/1 "/>
</bind>
</comp>

<comp id="78" class="1004" name="Rows_3_read_fu_78">
<pin_list>
<pin id="79" dir="0" index="0" bw="32" slack="0"/>
<pin id="80" dir="0" index="1" bw="32" slack="0"/>
<pin id="81" dir="1" index="2" bw="32" slack="0"/>
</pin_list>
<bind>
<opcode="read(1150) " fcode="read"/>
<opset="Rows_3/1 "/>
</bind>
</comp>

<comp id="84" class="1004" name="grp_Hysteresis_Filter_Pipeline_VITIS_LOOP_11_1_VITIS_LOOP_13_2_fu_84">
<pin_list>
<pin id="85" dir="0" index="0" bw="0" slack="0"/>
<pin id="86" dir="0" index="1" bw="32" slack="2"/>
<pin id="87" dir="0" index="2" bw="32" slack="0"/>
<pin id="88" dir="0" index="3" bw="32" slack="0"/>
<pin id="89" dir="0" index="4" bw="32" slack="2"/>
<pin id="90" dir="0" index="5" bw="32" slack="2"/>
<pin id="91" dir="0" index="6" bw="32" slack="0"/>
<pin id="92" dir="0" index="7" bw="32" slack="0"/>
<pin id="93" dir="0" index="8" bw="4" slack="0"/>
<pin id="94" dir="0" index="9" bw="4" slack="0"/>
<pin id="95" dir="0" index="10" bw="3" slack="0"/>
<pin id="96" dir="0" index="11" bw="1" slack="0"/>
<pin id="97" dir="0" index="12" bw="5" slack="0"/>
<pin id="98" dir="0" index="13" bw="6" slack="0"/>
<pin id="99" dir="0" index="14" bw="62" slack="0"/>
<pin id="100" dir="1" index="15" bw="0" slack="2147483647"/>
</pin_list>
<bind>
<opcode="call(48) " fcode="call"/>
<opset="call_ln70/3 "/>
</bind>
</comp>

<comp id="110" class="1004" name="grp_fu_110">
<pin_list>
<pin id="111" dir="0" index="0" bw="31" slack="0"/>
<pin id="112" dir="0" index="1" bw="31" slack="0"/>
<pin id="113" dir="1" index="2" bw="62" slack="0"/>
</pin_list>
<bind>
<opcode="mul(12) " fcode="mul"/>
<opset="bound/2 "/>
</bind>
</comp>

<comp id="115" class="1004" name="empty_fu_115">
<pin_list>
<pin id="116" dir="0" index="0" bw="32" slack="0"/>
<pin id="117" dir="1" index="1" bw="31" slack="0"/>
</pin_list>
<bind>
<opcode="trunc(33) " fcode="trunc"/>
<opset="empty/1 "/>
</bind>
</comp>

<comp id="119" class="1004" name="empty_70_fu_119">
<pin_list>
<pin id="120" dir="0" index="0" bw="32" slack="0"/>
<pin id="121" dir="1" index="1" bw="31" slack="0"/>
</pin_list>
<bind>
<opcode="trunc(33) " fcode="trunc"/>
<opset="empty_70/1 "/>
</bind>
</comp>

<comp id="123" class="1004" name="empty_71_fu_123">
<pin_list>
<pin id="124" dir="0" index="0" bw="32" slack="0"/>
<pin id="125" dir="0" index="1" bw="1" slack="0"/>
<pin id="126" dir="1" index="2" bw="1" slack="0"/>
</pin_list>
<bind>
<opcode="icmp(45) " fcode="icmp"/>
<opset="empty_71/1 "/>
</bind>
</comp>

<comp id="129" class="1004" name="smax_fu_129">
<pin_list>
<pin id="130" dir="0" index="0" bw="1" slack="0"/>
<pin id="131" dir="0" index="1" bw="31" slack="0"/>
<pin id="132" dir="0" index="2" bw="1" slack="0"/>
<pin id="133" dir="1" index="3" bw="31" slack="1"/>
</pin_list>
<bind>
<opcode="select(49) " fcode="select"/>
<opset="smax/1 "/>
</bind>
</comp>

<comp id="137" class="1004" name="empty_72_fu_137">
<pin_list>
<pin id="138" dir="0" index="0" bw="32" slack="0"/>
<pin id="139" dir="0" index="1" bw="1" slack="0"/>
<pin id="140" dir="1" index="2" bw="1" slack="0"/>
</pin_list>
<bind>
<opcode="icmp(45) " fcode="icmp"/>
<opset="empty_72/1 "/>
</bind>
</comp>

<comp id="143" class="1004" name="smax1_fu_143">
<pin_list>
<pin id="144" dir="0" index="0" bw="1" slack="0"/>
<pin id="145" dir="0" index="1" bw="31" slack="0"/>
<pin id="146" dir="0" index="2" bw="1" slack="0"/>
<pin id="147" dir="1" index="3" bw="31" slack="1"/>
</pin_list>
<bind>
<opcode="select(49) " fcode="select"/>
<opset="smax1/1 "/>
</bind>
</comp>

<comp id="151" class="1004" name="cast_fu_151">
<pin_list>
<pin id="152" dir="0" index="0" bw="31" slack="1"/>
<pin id="153" dir="1" index="1" bw="62" slack="0"/>
</pin_list>
<bind>
<opcode="zext(34) " fcode="zext"/>
<opset="cast/2 "/>
</bind>
</comp>

<comp id="155" class="1004" name="cast3_fu_155">
<pin_list>
<pin id="156" dir="0" index="0" bw="31" slack="1"/>
<pin id="157" dir="1" index="1" bw="62" slack="0"/>
</pin_list>
<bind>
<opcode="zext(34) " fcode="zext"/>
<opset="cast3/2 "/>
</bind>
</comp>

<comp id="159" class="1004" name="add_ln70_fu_159">
<pin_list>
<pin id="160" dir="0" index="0" bw="32" slack="2"/>
<pin id="161" dir="0" index="1" bw="1" slack="0"/>
<pin id="162" dir="1" index="2" bw="32" slack="0"/>
</pin_list>
<bind>
<opcode="add(8) " fcode="add"/>
<opset="add_ln70/3 "/>
</bind>
</comp>

<comp id="165" class="1004" name="add_ln70_1_fu_165">
<pin_list>
<pin id="166" dir="0" index="0" bw="32" slack="2"/>
<pin id="167" dir="0" index="1" bw="1" slack="0"/>
<pin id="168" dir="1" index="2" bw="32" slack="0"/>
</pin_list>
<bind>
<opcode="add(8) " fcode="add"/>
<opset="add_ln70_1/3 "/>
</bind>
</comp>

<comp id="171" class="1005" name="Low_Threshold_1_reg_171">
<pin_list>
<pin id="172" dir="0" index="0" bw="32" slack="2"/>
<pin id="173" dir="1" index="1" bw="32" slack="2"/>
</pin_list>
<bind>
<opset="Low_Threshold_1 "/>
</bind>
</comp>

<comp id="176" class="1005" name="High_Threshold_1_reg_176">
<pin_list>
<pin id="177" dir="0" index="0" bw="32" slack="2"/>
<pin id="178" dir="1" index="1" bw="32" slack="2"/>
</pin_list>
<bind>
<opset="High_Threshold_1 "/>
</bind>
</comp>

<comp id="181" class="1005" name="Cols_3_reg_181">
<pin_list>
<pin id="182" dir="0" index="0" bw="32" slack="2"/>
<pin id="183" dir="1" index="1" bw="32" slack="2"/>
</pin_list>
<bind>
<opset="Cols_3 "/>
</bind>
</comp>

<comp id="187" class="1005" name="Rows_3_reg_187">
<pin_list>
<pin id="188" dir="0" index="0" bw="32" slack="2"/>
<pin id="189" dir="1" index="1" bw="32" slack="2"/>
</pin_list>
<bind>
<opset="Rows_3 "/>
</bind>
</comp>

<comp id="192" class="1005" name="smax_reg_192">
<pin_list>
<pin id="193" dir="0" index="0" bw="31" slack="1"/>
<pin id="194" dir="1" index="1" bw="31" slack="1"/>
</pin_list>
<bind>
<opset="smax "/>
</bind>
</comp>

<comp id="197" class="1005" name="smax1_reg_197">
<pin_list>
<pin id="198" dir="0" index="0" bw="31" slack="1"/>
<pin id="199" dir="1" index="1" bw="31" slack="1"/>
</pin_list>
<bind>
<opset="smax1 "/>
</bind>
</comp>

<comp id="202" class="1005" name="cast_reg_202">
<pin_list>
<pin id="203" dir="0" index="0" bw="62" slack="1"/>
<pin id="204" dir="1" index="1" bw="62" slack="1"/>
</pin_list>
<bind>
<opset="cast "/>
</bind>
</comp>

<comp id="207" class="1005" name="cast3_reg_207">
<pin_list>
<pin id="208" dir="0" index="0" bw="62" slack="1"/>
<pin id="209" dir="1" index="1" bw="62" slack="1"/>
</pin_list>
<bind>
<opset="cast3 "/>
</bind>
</comp>

<comp id="212" class="1005" name="add_ln70_reg_212">
<pin_list>
<pin id="213" dir="0" index="0" bw="32" slack="1"/>
<pin id="214" dir="1" index="1" bw="32" slack="1"/>
</pin_list>
<bind>
<opset="add_ln70 "/>
</bind>
</comp>

<comp id="217" class="1005" name="add_ln70_1_reg_217">
<pin_list>
<pin id="218" dir="0" index="0" bw="32" slack="1"/>
<pin id="219" dir="1" index="1" bw="32" slack="1"/>
</pin_list>
<bind>
<opset="add_ln70_1 "/>
</bind>
</comp>

<comp id="222" class="1005" name="bound_reg_222">
<pin_list>
<pin id="223" dir="0" index="0" bw="62" slack="1"/>
<pin id="224" dir="1" index="1" bw="62" slack="1"/>
</pin_list>
<bind>
<opset="bound "/>
</bind>
</comp>

</comp_list>

<net_list>
<net id="64"><net_src comp="24" pin="0"/><net_sink comp="60" pin=0"/></net>

<net id="65"><net_src comp="22" pin="0"/><net_sink comp="60" pin=1"/></net>

<net id="70"><net_src comp="24" pin="0"/><net_sink comp="66" pin=0"/></net>

<net id="71"><net_src comp="20" pin="0"/><net_sink comp="66" pin=1"/></net>

<net id="76"><net_src comp="24" pin="0"/><net_sink comp="72" pin=0"/></net>

<net id="77"><net_src comp="18" pin="0"/><net_sink comp="72" pin=1"/></net>

<net id="82"><net_src comp="24" pin="0"/><net_sink comp="78" pin=0"/></net>

<net id="83"><net_src comp="16" pin="0"/><net_sink comp="78" pin=1"/></net>

<net id="101"><net_src comp="32" pin="0"/><net_sink comp="84" pin=0"/></net>

<net id="102"><net_src comp="0" pin="0"/><net_sink comp="84" pin=3"/></net>

<net id="103"><net_src comp="2" pin="0"/><net_sink comp="84" pin=7"/></net>

<net id="104"><net_src comp="4" pin="0"/><net_sink comp="84" pin=8"/></net>

<net id="105"><net_src comp="6" pin="0"/><net_sink comp="84" pin=9"/></net>

<net id="106"><net_src comp="8" pin="0"/><net_sink comp="84" pin=10"/></net>

<net id="107"><net_src comp="10" pin="0"/><net_sink comp="84" pin=11"/></net>

<net id="108"><net_src comp="12" pin="0"/><net_sink comp="84" pin=12"/></net>

<net id="109"><net_src comp="14" pin="0"/><net_sink comp="84" pin=13"/></net>

<net id="114"><net_src comp="110" pin="2"/><net_sink comp="84" pin=14"/></net>

<net id="118"><net_src comp="72" pin="2"/><net_sink comp="115" pin=0"/></net>

<net id="122"><net_src comp="78" pin="2"/><net_sink comp="119" pin=0"/></net>

<net id="127"><net_src comp="72" pin="2"/><net_sink comp="123" pin=0"/></net>

<net id="128"><net_src comp="26" pin="0"/><net_sink comp="123" pin=1"/></net>

<net id="134"><net_src comp="123" pin="2"/><net_sink comp="129" pin=0"/></net>

<net id="135"><net_src comp="115" pin="1"/><net_sink comp="129" pin=1"/></net>

<net id="136"><net_src comp="28" pin="0"/><net_sink comp="129" pin=2"/></net>

<net id="141"><net_src comp="78" pin="2"/><net_sink comp="137" pin=0"/></net>

<net id="142"><net_src comp="26" pin="0"/><net_sink comp="137" pin=1"/></net>

<net id="148"><net_src comp="137" pin="2"/><net_sink comp="143" pin=0"/></net>

<net id="149"><net_src comp="119" pin="1"/><net_sink comp="143" pin=1"/></net>

<net id="150"><net_src comp="28" pin="0"/><net_sink comp="143" pin=2"/></net>

<net id="154"><net_src comp="151" pin="1"/><net_sink comp="110" pin=0"/></net>

<net id="158"><net_src comp="155" pin="1"/><net_sink comp="110" pin=1"/></net>

<net id="163"><net_src comp="30" pin="0"/><net_sink comp="159" pin=1"/></net>

<net id="164"><net_src comp="159" pin="2"/><net_sink comp="84" pin=2"/></net>

<net id="169"><net_src comp="30" pin="0"/><net_sink comp="165" pin=1"/></net>

<net id="170"><net_src comp="165" pin="2"/><net_sink comp="84" pin=6"/></net>

<net id="174"><net_src comp="60" pin="2"/><net_sink comp="171" pin=0"/></net>

<net id="175"><net_src comp="171" pin="1"/><net_sink comp="84" pin=5"/></net>

<net id="179"><net_src comp="66" pin="2"/><net_sink comp="176" pin=0"/></net>

<net id="180"><net_src comp="176" pin="1"/><net_sink comp="84" pin=4"/></net>

<net id="184"><net_src comp="72" pin="2"/><net_sink comp="181" pin=0"/></net>

<net id="185"><net_src comp="181" pin="1"/><net_sink comp="165" pin=0"/></net>

<net id="186"><net_src comp="181" pin="1"/><net_sink comp="84" pin=1"/></net>

<net id="190"><net_src comp="78" pin="2"/><net_sink comp="187" pin=0"/></net>

<net id="191"><net_src comp="187" pin="1"/><net_sink comp="159" pin=0"/></net>

<net id="195"><net_src comp="129" pin="3"/><net_sink comp="192" pin=0"/></net>

<net id="196"><net_src comp="192" pin="1"/><net_sink comp="155" pin=0"/></net>

<net id="200"><net_src comp="143" pin="3"/><net_sink comp="197" pin=0"/></net>

<net id="201"><net_src comp="197" pin="1"/><net_sink comp="151" pin=0"/></net>

<net id="205"><net_src comp="151" pin="1"/><net_sink comp="202" pin=0"/></net>

<net id="206"><net_src comp="202" pin="1"/><net_sink comp="110" pin=0"/></net>

<net id="210"><net_src comp="155" pin="1"/><net_sink comp="207" pin=0"/></net>

<net id="211"><net_src comp="207" pin="1"/><net_sink comp="110" pin=1"/></net>

<net id="215"><net_src comp="159" pin="2"/><net_sink comp="212" pin=0"/></net>

<net id="216"><net_src comp="212" pin="1"/><net_sink comp="84" pin=2"/></net>

<net id="220"><net_src comp="165" pin="2"/><net_sink comp="217" pin=0"/></net>

<net id="221"><net_src comp="217" pin="1"/><net_sink comp="84" pin=6"/></net>

<net id="225"><net_src comp="110" pin="2"/><net_sink comp="222" pin=0"/></net>

<net id="226"><net_src comp="222" pin="1"/><net_sink comp="84" pin=14"/></net>

</net_list>

</model> 
---------------- Datapath Model END ------------------

* FSMD analyzer results:
  - Output states:
	Port: Output_Stream_V_data_V | {3 4 }
	Port: Output_Stream_V_keep_V | {3 4 }
	Port: Output_Stream_V_strb_V | {3 4 }
	Port: Output_Stream_V_user_V | {3 4 }
	Port: Output_Stream_V_last_V | {3 4 }
	Port: Output_Stream_V_id_V | {3 4 }
	Port: Output_Stream_V_dest_V | {3 4 }
 - Input state : 
	Port: Hysteresis_Filter : Suppression_to_Hysteresis | {3 4 }
	Port: Hysteresis_Filter : Rows | {1 }
	Port: Hysteresis_Filter : Cols | {1 }
	Port: Hysteresis_Filter : High_Threshold | {1 }
	Port: Hysteresis_Filter : Low_Threshold | {1 }
  - Chain level:
	State 1
		smax : 1
		smax1 : 1
	State 2
		bound : 1
	State 3
		call_ln70 : 1
	State 4
	State 5


============================================================
+ Verbose Summary: Datapath Resource usage 
============================================================

* Functional unit list:
|----------|----------------------------------------------------------------------|---------|---------|---------|---------|---------|---------|
| Operation|                            Functional Unit                           |   BRAM  |   DSP   |  Delay  |    FF   |   LUT   |   URAM  |
|----------|----------------------------------------------------------------------|---------|---------|---------|---------|---------|---------|
|   call   | grp_Hysteresis_Filter_Pipeline_VITIS_LOOP_11_1_VITIS_LOOP_13_2_fu_84 |    8    |    0    |  3.176  |   832   |   1085  |    0    |
|----------|----------------------------------------------------------------------|---------|---------|---------|---------|---------|---------|
|    mul   |                              grp_fu_110                              |    0    |    4    |    0    |   141   |    48   |    0    |
|----------|----------------------------------------------------------------------|---------|---------|---------|---------|---------|---------|
|   icmp   |                            empty_71_fu_123                           |    0    |    0    |    0    |    0    |    39   |    0    |
|          |                            empty_72_fu_137                           |    0    |    0    |    0    |    0    |    39   |    0    |
|----------|----------------------------------------------------------------------|---------|---------|---------|---------|---------|---------|
|    add   |                            add_ln70_fu_159                           |    0    |    0    |    0    |    0    |    39   |    0    |
|          |                           add_ln70_1_fu_165                          |    0    |    0    |    0    |    0    |    39   |    0    |
|----------|----------------------------------------------------------------------|---------|---------|---------|---------|---------|---------|
|  select  |                              smax_fu_129                             |    0    |    0    |    0    |    0    |    31   |    0    |
|          |                             smax1_fu_143                             |    0    |    0    |    0    |    0    |    31   |    0    |
|----------|----------------------------------------------------------------------|---------|---------|---------|---------|---------|---------|
|          |                      Low_Threshold_1_read_fu_60                      |    0    |    0    |    0    |    0    |    0    |    0    |
|   read   |                      High_Threshold_1_read_fu_66                     |    0    |    0    |    0    |    0    |    0    |    0    |
|          |                           Cols_3_read_fu_72                          |    0    |    0    |    0    |    0    |    0    |    0    |
|          |                           Rows_3_read_fu_78                          |    0    |    0    |    0    |    0    |    0    |    0    |
|----------|----------------------------------------------------------------------|---------|---------|---------|---------|---------|---------|
|   trunc  |                             empty_fu_115                             |    0    |    0    |    0    |    0    |    0    |    0    |
|          |                            empty_70_fu_119                           |    0    |    0    |    0    |    0    |    0    |    0    |
|----------|----------------------------------------------------------------------|---------|---------|---------|---------|---------|---------|
|   zext   |                              cast_fu_151                             |    0    |    0    |    0    |    0    |    0    |    0    |
|          |                             cast3_fu_155                             |    0    |    0    |    0    |    0    |    0    |    0    |
|----------|----------------------------------------------------------------------|---------|---------|---------|---------|---------|---------|
|   Total  |                                                                      |    8    |    4    |  3.176  |   973   |   1351  |    0    |
|----------|----------------------------------------------------------------------|---------|---------|---------|---------|---------|---------|

Memories:
N/A

* Register list:
+------------------------+--------+
|                        |   FF   |
+------------------------+--------+
|     Cols_3_reg_181     |   32   |
|High_Threshold_1_reg_176|   32   |
| Low_Threshold_1_reg_171|   32   |
|     Rows_3_reg_187     |   32   |
|   add_ln70_1_reg_217   |   32   |
|    add_ln70_reg_212    |   32   |
|      bound_reg_222     |   62   |
|      cast3_reg_207     |   62   |
|      cast_reg_202      |   62   |
|      smax1_reg_197     |   31   |
|      smax_reg_192      |   31   |
+------------------------+--------+
|          Total         |   440  |
+------------------------+--------+

* Multiplexer (MUX) list: 
|----------------------------------------------------------------------|------|------|------|--------||---------||---------||---------|
|                                 Comp                                 |  Pin | Size |  BW  | S x BW ||  Delay  ||    FF   ||   LUT   |
|----------------------------------------------------------------------|------|------|------|--------||---------||---------||---------|
| grp_Hysteresis_Filter_Pipeline_VITIS_LOOP_11_1_VITIS_LOOP_13_2_fu_84 |  p2  |   2  |  32  |   64   ||    0    ||    9    |
| grp_Hysteresis_Filter_Pipeline_VITIS_LOOP_11_1_VITIS_LOOP_13_2_fu_84 |  p6  |   2  |  32  |   64   ||    0    ||    9    |
| grp_Hysteresis_Filter_Pipeline_VITIS_LOOP_11_1_VITIS_LOOP_13_2_fu_84 |  p14 |   2  |  62  |   124  ||    0    ||    9    |
|                              grp_fu_110                              |  p0  |   2  |  31  |   62   ||    0    ||    9    |
|                              grp_fu_110                              |  p1  |   2  |  31  |   62   ||    0    ||    9    |
|----------------------------------------------------------------------|------|------|------|--------||---------||---------||---------|
|                                 Total                                |      |      |      |   376  ||   7.94  ||    0    ||    45   |
|----------------------------------------------------------------------|------|------|------|--------||---------||---------||---------|



* Summary:
+-----------+--------+--------+--------+--------+--------+--------+
|           |  BRAM  |   DSP  |  Delay |   FF   |   LUT  |  URAM  |
+-----------+--------+--------+--------+--------+--------+--------+
|  Function |    8   |    4   |    3   |   973  |  1351  |    0   |
|   Memory  |    -   |    -   |    -   |    -   |    -   |    -   |
|Multiplexer|    -   |    -   |    7   |    0   |   45   |    -   |
|  Register |    -   |    -   |    -   |   440  |    -   |    -   |
+-----------+--------+--------+--------+--------+--------+--------+
|   Total   |    8   |    4   |   11   |  1413  |  1396  |    0   |
+-----------+--------+--------+--------+--------+--------+--------+
