

================================================================
== Vitis HLS Report for 'Hysteresis_Filter_Pipeline_VITIS_LOOP_11_1_VITIS_LOOP_13_2'
================================================================
* Date:           Thu Sep 24 14:58:44 2026

* Version:        2026.1 (Build 6493734 on Jun 16 2026)
* Project:        Canny_Filter_IP
* Solution:       hls
* Product family: zynq
* Target device:  xc7z020-clg400-1


================================================================
== Performance Estimates
================================================================
+ Timing: 
    * Summary: 
    +--------+----------+----------+------------+
    |  Clock |  Target  | Estimated| Uncertainty|
    +--------+----------+----------+------------+
    |ap_clk  |  10.00 ns|  7.396 ns|     2.70 ns|
    +--------+----------+----------+------------+

+ Latency: 
    * Summary: 
    +---------+---------+----------+----------+-----+-----+-------------------+
    |  Latency (cycles) |  Latency (absolute) |  Interval |      Pipeline     |
    |   min   |   max   |    min   |    max   | min | max |        Type       |
    +---------+---------+----------+----------+-----+-----+-------------------+
    |        ?|        ?|         ?|         ?|    0|    0|  loop pipeline stp|
    +---------+---------+----------+----------+-----+-----+-------------------+

    + Detail: 
        * Instance: 
        N/A

        * Loop: 
        +-----------------------------------+---------+---------+----------+-----------+-----------+------+----------+
        |                                   |  Latency (cycles) | Iteration|  Initiation Interval  | Trip |          |
        |             Loop Name             |   min   |   max   |  Latency |  achieved |   target  | Count| Pipelined|
        +-----------------------------------+---------+---------+----------+-----------+-----------+------+----------+
        |- VITIS_LOOP_11_1_VITIS_LOOP_13_2  |        ?|        ?|         4|          1|          1|     ?|       yes|
        +-----------------------------------+---------+---------+----------+-----------+-----------+------+----------+

============================================================
+ Verbose Summary: Synthesis Manager
============================================================
InlineROM: 1
ExposeGlobal: 0
============================================================
+ Verbose Summary: CDFG Model
============================================================
IsTopModel: 0
ResetActiveHigh: 1
IsCombinational: 0
IsDatapathOnly: 0
HasWiredReturn: 1
HasMFsm: 2
HasVarLatency: 1
IsPipeline: 0
IsRtlPipelined: 0
IsInstanceOverlapped: 0
IsDontTouch: 0
HasImplIP: 0
IsGatedGlobalClock: 0

+ Individual pipeline summary: 
  * Pipeline-0: initiation interval (II) = 1, depth = 5


============================================================
+ Verbose Summary: Schedule
============================================================
* Number of FSM states : 5
* Pipeline : 1
  Pipeline-0 : II = 1, D = 5, States = { 1 2 3 4 5 }
* Dataflow Pipeline: 0

* FSM state transitions: 
1 --> 2 
2 --> 3 
3 --> 4 
4 --> 5 
5 --> 

* FSM state operations: 

State 1 <SV = 0> <Delay = 1.58>
ST_1 : Operation 7 [1/1] (0.00ns)   --->   "%reuse_addr_reg19 = alloca i32 1"   --->   Operation 7 'alloca' 'reuse_addr_reg19' <Predicate = true> <Delay = 0.00>
ST_1 : Operation 8 [1/1] (0.00ns)   --->   "%reuse_reg18 = alloca i32 1"   --->   Operation 8 'alloca' 'reuse_reg18' <Predicate = true> <Delay = 0.00>
ST_1 : Operation 9 [1/1] (0.00ns)   --->   "%reuse_addr_reg = alloca i32 1"   --->   Operation 9 'alloca' 'reuse_addr_reg' <Predicate = true> <Delay = 0.00>
ST_1 : Operation 10 [1/1] (0.00ns)   --->   "%reuse_reg = alloca i32 1"   --->   Operation 10 'alloca' 'reuse_reg' <Predicate = true> <Delay = 0.00>
ST_1 : Operation 11 [1/1] (0.00ns)   --->   "%empty = alloca i32 1"   --->   Operation 11 'alloca' 'empty' <Predicate = true> <Delay = 0.00>
ST_1 : Operation 12 [1/1] (0.00ns)   --->   "%empty_65 = alloca i32 1"   --->   Operation 12 'alloca' 'empty_65' <Predicate = true> <Delay = 0.00>
ST_1 : Operation 13 [1/1] (0.00ns)   --->   "%empty_66 = alloca i32 1"   --->   Operation 13 'alloca' 'empty_66' <Predicate = true> <Delay = 0.00>
ST_1 : Operation 14 [1/1] (0.00ns)   --->   "%J = alloca i32 1" [Hysteresis_Filter.cpp:13]   --->   Operation 14 'alloca' 'J' <Predicate = true> <Delay = 0.00>
ST_1 : Operation 15 [1/1] (0.00ns)   --->   "%I = alloca i32 1" [Hysteresis_Filter.cpp:11]   --->   Operation 15 'alloca' 'I' <Predicate = true> <Delay = 0.00>
ST_1 : Operation 16 [1/1] (0.00ns)   --->   "%indvar_flatten = alloca i32 1"   --->   Operation 16 'alloca' 'indvar_flatten' <Predicate = true> <Delay = 0.00>
ST_1 : Operation 17 [1/1] (0.00ns)   --->   "%empty_67 = alloca i32 1"   --->   Operation 17 'alloca' 'empty_67' <Predicate = true> <Delay = 0.00>
ST_1 : Operation 18 [1/1] (0.00ns)   --->   "%Center_Value = alloca i32 1" [Hysteresis_Filter.cpp:35]   --->   Operation 18 'alloca' 'Center_Value' <Predicate = true> <Delay = 0.00>
ST_1 : Operation 19 [1/1] (0.00ns)   --->   "%empty_68 = alloca i32 1"   --->   Operation 19 'alloca' 'empty_68' <Predicate = true> <Delay = 0.00>
ST_1 : Operation 20 [1/1] (0.00ns)   --->   "%specaxissidechannel_ln0 = specaxissidechannel void @_ssdm_op_SpecAXISSideChannel, i32 %Output_Stream_V_data_V, i4 %Output_Stream_V_keep_V, i4 %Output_Stream_V_strb_V, i3 %Output_Stream_V_user_V, i1 %Output_Stream_V_last_V, i5 %Output_Stream_V_id_V, i6 %Output_Stream_V_dest_V, void @empty_10"   --->   Operation 20 'specaxissidechannel' 'specaxissidechannel_ln0' <Predicate = true> <Delay = 0.00>
ST_1 : Operation 21 [1/1] (0.00ns)   --->   "%specinterface_ln0 = specinterface void @_ssdm_op_SpecInterface, i32 %Output_Stream_V_data_V, i4 %Output_Stream_V_keep_V, i4 %Output_Stream_V_strb_V, i3 %Output_Stream_V_user_V, i1 %Output_Stream_V_last_V, i5 %Output_Stream_V_id_V, i6 %Output_Stream_V_dest_V, void @empty, i32 0, i32 0, void @empty_0, i32 0, i32 0, void @empty_1, void @empty_1, void @empty_1, i32 0, i32 0, i32 0, i32 0, void @empty_1, void @empty_1, i32 4294967295, i32 0, i32 0, i32 0"   --->   Operation 21 'specinterface' 'specinterface_ln0' <Predicate = true> <Delay = 0.00>
ST_1 : Operation 22 [1/1] (0.00ns)   --->   "%specinterface_ln0 = specinterface void @_ssdm_op_SpecInterface, i32 %Suppression_to_Hysteresis, void @empty_9, i32 0, i32 0, void @empty_1, i32 0, i32 0, void @empty_1, void @empty_1, void @empty_1, i32 0, i32 0, i32 0, i32 0, void @empty_1, void @empty_1, i32 4294967295, i32 0, i32 0, i32 0"   --->   Operation 22 'specinterface' 'specinterface_ln0' <Predicate = true> <Delay = 0.00>
ST_1 : Operation 23 [1/1] (0.00ns)   --->   "%bound_read = read i62 @_ssdm_op_Read.ap_auto.i62, i62 %bound"   --->   Operation 23 'read' 'bound_read' <Predicate = true> <Delay = 0.00>
ST_1 : Operation 24 [1/1] (0.00ns)   --->   "%add_ln70_1_read = read i32 @_ssdm_op_Read.ap_auto.i32, i32 %add_ln70_1"   --->   Operation 24 'read' 'add_ln70_1_read' <Predicate = true> <Delay = 0.00>
ST_1 : Operation 25 [1/1] (0.00ns)   --->   "%Low_Threshold_1_read = read i32 @_ssdm_op_Read.ap_auto.i32, i32 %Low_Threshold_1"   --->   Operation 25 'read' 'Low_Threshold_1_read' <Predicate = true> <Delay = 0.00>
ST_1 : Operation 26 [1/1] (0.00ns)   --->   "%High_Threshold_1_read = read i32 @_ssdm_op_Read.ap_auto.i32, i32 %High_Threshold_1"   --->   Operation 26 'read' 'High_Threshold_1_read' <Predicate = true> <Delay = 0.00>
ST_1 : Operation 27 [1/1] (0.00ns)   --->   "%add_ln70_read = read i32 @_ssdm_op_Read.ap_auto.i32, i32 %add_ln70"   --->   Operation 27 'read' 'add_ln70_read' <Predicate = true> <Delay = 0.00>
ST_1 : Operation 28 [1/1] (0.00ns)   --->   "%Cols_3_read = read i32 @_ssdm_op_Read.ap_auto.i32, i32 %Cols_3"   --->   Operation 28 'read' 'Cols_3_read' <Predicate = true> <Delay = 0.00>
ST_1 : Operation 29 [1/1] (0.00ns)   --->   "%Line_Buffer_1 = alloca i64 1" [Hysteresis_Filter.cpp:5]   --->   Operation 29 'alloca' 'Line_Buffer_1' <Predicate = true> <Delay = 0.00> <CoreInst = "RAM">   --->   Core 81 'RAM' <Latency = 1> <II = 1> <Delay = 3.25> <Storage> <Opcode : 'load' 'store'> <Ports = 2> <Width = 32> <Depth = 1920> <RAM>
ST_1 : Operation 30 [1/1] (0.00ns)   --->   "%Line_Buffer = alloca i64 1" [Hysteresis_Filter.cpp:5]   --->   Operation 30 'alloca' 'Line_Buffer' <Predicate = true> <Delay = 0.00> <CoreInst = "RAM">   --->   Core 81 'RAM' <Latency = 1> <II = 1> <Delay = 3.25> <Storage> <Opcode : 'load' 'store'> <Ports = 2> <Width = 32> <Depth = 1920> <RAM>
ST_1 : Operation 31 [1/1] (1.58ns)   --->   "%store_ln0 = store i62 0, i62 %indvar_flatten"   --->   Operation 31 'store' 'store_ln0' <Predicate = true> <Delay = 1.58>
ST_1 : Operation 32 [1/1] (1.58ns)   --->   "%store_ln11 = store i31 0, i31 %I" [Hysteresis_Filter.cpp:11]   --->   Operation 32 'store' 'store_ln11' <Predicate = true> <Delay = 1.58>
ST_1 : Operation 33 [1/1] (1.58ns)   --->   "%store_ln13 = store i31 0, i31 %J" [Hysteresis_Filter.cpp:13]   --->   Operation 33 'store' 'store_ln13' <Predicate = true> <Delay = 1.58>
ST_1 : Operation 34 [1/1] (1.58ns)   --->   "%store_ln0 = store i32 0, i32 %reuse_reg"   --->   Operation 34 'store' 'store_ln0' <Predicate = true> <Delay = 1.58>
ST_1 : Operation 35 [1/1] (1.58ns)   --->   "%store_ln0 = store i64 18446744073709551615, i64 %reuse_addr_reg"   --->   Operation 35 'store' 'store_ln0' <Predicate = true> <Delay = 1.58>
ST_1 : Operation 36 [1/1] (1.58ns)   --->   "%store_ln0 = store i32 0, i32 %reuse_reg18"   --->   Operation 36 'store' 'store_ln0' <Predicate = true> <Delay = 1.58>
ST_1 : Operation 37 [1/1] (1.58ns)   --->   "%store_ln0 = store i64 18446744073709551615, i64 %reuse_addr_reg19"   --->   Operation 37 'store' 'store_ln0' <Predicate = true> <Delay = 1.58>
ST_1 : Operation 38 [1/1] (0.00ns)   --->   "%br_ln11 = br void %VITIS_LOOP_19_3" [Hysteresis_Filter.cpp:11]   --->   Operation 38 'br' 'br_ln11' <Predicate = true> <Delay = 0.00>

State 2 <SV = 1> <Delay = 5.05>
ST_2 : Operation 39 [1/1] (0.00ns)   --->   "%indvar_flatten_load = load i62 %indvar_flatten" [Hysteresis_Filter.cpp:11]   --->   Operation 39 'load' 'indvar_flatten_load' <Predicate = true> <Delay = 0.00>
ST_2 : Operation 40 [1/1] (3.46ns)   --->   "%icmp_ln11 = icmp_eq  i62 %indvar_flatten_load, i62 %bound_read" [Hysteresis_Filter.cpp:11]   --->   Operation 40 'icmp' 'icmp_ln11' <Predicate = true> <Delay = 3.46> <CoreInst = "Cmp">   --->   Core 9 'Cmp' <Latency = 0> <II = 1> <Delay = 3.46> <FuncUnit> <Opcode : 'seteq' 'setne' 'setle' 'setge' 'setlt' 'setgt'> <InPorts = 2> <OutPorts = 1>
ST_2 : Operation 41 [1/1] (0.00ns)   --->   "%br_ln11 = br i1 %icmp_ln11, void %for.inc82, void %for.end84.exitStub" [Hysteresis_Filter.cpp:11]   --->   Operation 41 'br' 'br_ln11' <Predicate = true> <Delay = 0.00>
ST_2 : Operation 42 [1/1] (3.46ns)   --->   "%add_ln11 = add i62 %indvar_flatten_load, i62 1" [Hysteresis_Filter.cpp:11]   --->   Operation 42 'add' 'add_ln11' <Predicate = (!icmp_ln11)> <Delay = 3.46> <CoreInst = "Adder">   --->   Core 1 'Adder' <Latency = 0> <II = 1> <Delay = 3.46> <FuncUnit> <Opcode : 'add' 'sub'> <InPorts = 2> <OutPorts = 1>
ST_2 : Operation 43 [1/1] (1.58ns)   --->   "%store_ln11 = store i62 %add_ln11, i62 %indvar_flatten" [Hysteresis_Filter.cpp:11]   --->   Operation 43 'store' 'store_ln11' <Predicate = (!icmp_ln11)> <Delay = 1.58>

State 3 <SV = 2> <Delay = 7.39>
ST_3 : Operation 44 [1/1] (0.00ns)   --->   "%J_load = load i31 %J" [Hysteresis_Filter.cpp:13]   --->   Operation 44 'load' 'J_load' <Predicate = (!icmp_ln11)> <Delay = 0.00>
ST_3 : Operation 45 [1/1] (0.00ns)   --->   "%zext_ln13_2 = zext i31 %J_load" [Hysteresis_Filter.cpp:13]   --->   Operation 45 'zext' 'zext_ln13_2' <Predicate = (!icmp_ln11)> <Delay = 0.00>
ST_3 : Operation 46 [1/1] (2.55ns)   --->   "%icmp_ln13 = icmp_slt  i32 %zext_ln13_2, i32 %Cols_3_read" [Hysteresis_Filter.cpp:13]   --->   Operation 46 'icmp' 'icmp_ln13' <Predicate = (!icmp_ln11)> <Delay = 2.55> <CoreInst = "Cmp">   --->   Core 9 'Cmp' <Latency = 0> <II = 1> <Delay = 2.55> <FuncUnit> <Opcode : 'seteq' 'setne' 'setle' 'setge' 'setlt' 'setgt'> <InPorts = 2> <OutPorts = 1>
ST_3 : Operation 47 [1/1] (0.73ns)   --->   "%select_ln11 = select i1 %icmp_ln13, i31 %J_load, i31 0" [Hysteresis_Filter.cpp:11]   --->   Operation 47 'select' 'select_ln11' <Predicate = (!icmp_ln11)> <Delay = 0.73> <CoreInst = "Sel">   --->   Core 73 'Sel' <Latency = 0> <II = 1> <Delay = 0.73> <FuncUnit> <Opcode : 'select'> <InPorts = 3> <OutPorts = 1>
ST_3 : Operation 48 [1/1] (0.00ns)   --->   "%zext_ln70 = zext i31 %select_ln11" [Hysteresis_Filter.cpp:70]   --->   Operation 48 'zext' 'zext_ln70' <Predicate = (!icmp_ln11)> <Delay = 0.00>
ST_3 : Operation 49 [1/1] (0.00ns)   --->   "%zext_ln13 = zext i31 %select_ln11" [Hysteresis_Filter.cpp:13]   --->   Operation 49 'zext' 'zext_ln13' <Predicate = (!icmp_ln11)> <Delay = 0.00>
ST_3 : Operation 50 [1/1] ( I:3.54ns O:3.54ns )   --->   "%Pixel_In = read i32 @_ssdm_op_Read.ap_fifo.volatile.i32P0A, i32 %Suppression_to_Hysteresis" [Hysteresis_Filter.cpp:17]   --->   Operation 50 'read' 'Pixel_In' <Predicate = (!icmp_ln11)> <Delay = 3.54> <CoreInst = "FIFO_SRL">   --->   Core 80 'FIFO_SRL' <Latency = 0> <II = 1> <Delay = 3.54> <Storage> <Opcode : 'read' 'write' 'nbread' 'nbwrite'> <Ports = 0> <Width = 32> <Depth = 8> <FIFO>
ST_3 : Operation 51 [1/1] (0.00ns)   --->   "%Line_Buffer_addr = getelementptr i32 %Line_Buffer, i64 0, i64 %zext_ln13" [Hysteresis_Filter.cpp:25]   --->   Operation 51 'getelementptr' 'Line_Buffer_addr' <Predicate = (!icmp_ln11)> <Delay = 0.00>
ST_3 : Operation 52 [1/1] (0.00ns)   --->   "%reuse_addr_reg19_load = load i64 %reuse_addr_reg19"   --->   Operation 52 'load' 'reuse_addr_reg19_load' <Predicate = (!icmp_ln11)> <Delay = 0.00>
ST_3 : Operation 53 [2/2] (3.25ns)   --->   "%Line_Buffer_load = load i11 %Line_Buffer_addr" [Hysteresis_Filter.cpp:25]   --->   Operation 53 'load' 'Line_Buffer_load' <Predicate = (!icmp_ln11)> <Delay = 3.25> <CoreInst = "RAM">   --->   Core 81 'RAM' <Latency = 1> <II = 1> <Delay = 3.25> <Storage> <Opcode : 'load' 'store'> <Ports = 2> <Width = 32> <Depth = 1920> <RAM>
ST_3 : Operation 54 [1/1] (3.52ns)   --->   "%addr_cmp22 = icmp_eq  i64 %reuse_addr_reg19_load, i64 %zext_ln13" [Hysteresis_Filter.cpp:13]   --->   Operation 54 'icmp' 'addr_cmp22' <Predicate = (!icmp_ln11)> <Delay = 3.52> <CoreInst = "Cmp">   --->   Core 9 'Cmp' <Latency = 0> <II = 1> <Delay = 3.52> <FuncUnit> <Opcode : 'seteq' 'setne' 'setle' 'setge' 'setlt' 'setgt'> <InPorts = 2> <OutPorts = 1>
ST_3 : Operation 55 [1/1] (0.00ns)   --->   "%Line_Buffer_1_addr = getelementptr i32 %Line_Buffer_1, i64 0, i64 %zext_ln13" [Hysteresis_Filter.cpp:26]   --->   Operation 55 'getelementptr' 'Line_Buffer_1_addr' <Predicate = (!icmp_ln11)> <Delay = 0.00>
ST_3 : Operation 56 [1/1] (0.00ns)   --->   "%reuse_addr_reg_load = load i64 %reuse_addr_reg"   --->   Operation 56 'load' 'reuse_addr_reg_load' <Predicate = (!icmp_ln11)> <Delay = 0.00>
ST_3 : Operation 57 [2/2] (3.25ns)   --->   "%Line_Buffer_1_load = load i11 %Line_Buffer_1_addr" [Hysteresis_Filter.cpp:26]   --->   Operation 57 'load' 'Line_Buffer_1_load' <Predicate = (!icmp_ln11)> <Delay = 3.25> <CoreInst = "RAM">   --->   Core 81 'RAM' <Latency = 1> <II = 1> <Delay = 3.25> <Storage> <Opcode : 'load' 'store'> <Ports = 2> <Width = 32> <Depth = 1920> <RAM>
ST_3 : Operation 58 [1/1] (3.52ns)   --->   "%addr_cmp = icmp_eq  i64 %reuse_addr_reg_load, i64 %zext_ln13" [Hysteresis_Filter.cpp:13]   --->   Operation 58 'icmp' 'addr_cmp' <Predicate = (!icmp_ln11)> <Delay = 3.52> <CoreInst = "Cmp">   --->   Core 9 'Cmp' <Latency = 0> <II = 1> <Delay = 3.52> <FuncUnit> <Opcode : 'seteq' 'setne' 'setle' 'setge' 'setlt' 'setgt'> <InPorts = 2> <OutPorts = 1>
ST_3 : Operation 59 [1/1] (1.58ns)   --->   "%store_ln13 = store i64 %zext_ln13, i64 %reuse_addr_reg19" [Hysteresis_Filter.cpp:13]   --->   Operation 59 'store' 'store_ln13' <Predicate = (!icmp_ln11)> <Delay = 1.58>
ST_3 : Operation 60 [1/1] ( I:3.25ns O:3.25ns )   --->   "%store_ln29 = store i32 %Pixel_In, i11 %Line_Buffer_1_addr" [Hysteresis_Filter.cpp:29]   --->   Operation 60 'store' 'store_ln29' <Predicate = (!icmp_ln11)> <Delay = 3.25> <CoreInst = "RAM">   --->   Core 81 'RAM' <Latency = 1> <II = 1> <Delay = 3.25> <Storage> <Opcode : 'load' 'store'> <Ports = 2> <Width = 32> <Depth = 1920> <RAM>
ST_3 : Operation 61 [1/1] (1.58ns)   --->   "%store_ln13 = store i64 %zext_ln13, i64 %reuse_addr_reg" [Hysteresis_Filter.cpp:13]   --->   Operation 61 'store' 'store_ln13' <Predicate = (!icmp_ln11)> <Delay = 1.58>
ST_3 : Operation 62 [1/1] (2.55ns)   --->   "%icmp_ln70_1 = icmp_eq  i32 %zext_ln70, i32 %add_ln70_1_read" [Hysteresis_Filter.cpp:70]   --->   Operation 62 'icmp' 'icmp_ln70_1' <Predicate = (!icmp_ln11)> <Delay = 2.55> <CoreInst = "Cmp">   --->   Core 9 'Cmp' <Latency = 0> <II = 1> <Delay = 2.55> <FuncUnit> <Opcode : 'seteq' 'setne' 'setle' 'setge' 'setlt' 'setgt'> <InPorts = 2> <OutPorts = 1>
ST_3 : Operation 63 [1/1] (2.52ns)   --->   "%add_ln13 = add i31 %select_ln11, i31 1" [Hysteresis_Filter.cpp:13]   --->   Operation 63 'add' 'add_ln13' <Predicate = (!icmp_ln11)> <Delay = 2.52> <CoreInst = "Adder">   --->   Core 1 'Adder' <Latency = 0> <II = 1> <Delay = 2.52> <FuncUnit> <Opcode : 'add' 'sub'> <InPorts = 2> <OutPorts = 1>
ST_3 : Operation 64 [1/1] (1.58ns)   --->   "%store_ln13 = store i31 %add_ln13, i31 %J" [Hysteresis_Filter.cpp:13]   --->   Operation 64 'store' 'store_ln13' <Predicate = (!icmp_ln11)> <Delay = 1.58>

State 4 <SV = 3> <Delay = 7.20>
ST_4 : Operation 65 [1/1] (0.00ns)   --->   "%p_load14 = load i32 %empty_67"   --->   Operation 65 'load' 'p_load14' <Predicate = true> <Delay = 0.00>
ST_4 : Operation 66 [1/1] (0.00ns)   --->   "%Center_Value_1 = load i32 %Center_Value"   --->   Operation 66 'load' 'Center_Value_1' <Predicate = true> <Delay = 0.00>
ST_4 : Operation 67 [1/1] (0.00ns)   --->   "%p_load = load i32 %empty_68"   --->   Operation 67 'load' 'p_load' <Predicate = true> <Delay = 0.00>
ST_4 : Operation 68 [1/1] (0.00ns)   --->   "%p_load17 = load i32 %empty" [Hysteresis_Filter.cpp:50]   --->   Operation 68 'load' 'p_load17' <Predicate = (!icmp_ln11)> <Delay = 0.00>
ST_4 : Operation 69 [1/1] (0.00ns)   --->   "%p_load16 = load i32 %empty_65" [Hysteresis_Filter.cpp:50]   --->   Operation 69 'load' 'p_load16' <Predicate = (!icmp_ln11)> <Delay = 0.00>
ST_4 : Operation 70 [1/1] (0.00ns)   --->   "%p_load15 = load i32 %empty_66" [Hysteresis_Filter.cpp:50]   --->   Operation 70 'load' 'p_load15' <Predicate = (!icmp_ln11)> <Delay = 0.00>
ST_4 : Operation 71 [1/1] (0.00ns)   --->   "%I_load = load i31 %I" [Hysteresis_Filter.cpp:11]   --->   Operation 71 'load' 'I_load' <Predicate = (!icmp_ln11)> <Delay = 0.00>
ST_4 : Operation 72 [1/1] (0.00ns) (grouped into LUT with out node add_ln11_1)   --->   "%empty_69 = select i1 %icmp_ln13, i31 0, i31 1" [Hysteresis_Filter.cpp:13]   --->   Operation 72 'select' 'empty_69' <Predicate = (!icmp_ln11)> <Delay = 0.00> <CoreInst = "Sel">   --->   Core 73 'Sel' <Latency = 0> <II = 1> <Delay = 0.99> <FuncUnit> <Opcode : 'select'> <InPorts = 3> <OutPorts = 1>
ST_4 : Operation 73 [1/1] (2.52ns) (out node of the LUT)   --->   "%add_ln11_1 = add i31 %I_load, i31 %empty_69" [Hysteresis_Filter.cpp:11]   --->   Operation 73 'add' 'add_ln11_1' <Predicate = (!icmp_ln11)> <Delay = 2.52> <CoreInst = "Adder">   --->   Core 1 'Adder' <Latency = 0> <II = 1> <Delay = 2.52> <FuncUnit> <Opcode : 'add' 'sub'> <InPorts = 2> <OutPorts = 1>
ST_4 : Operation 74 [1/1] (0.00ns)   --->   "%zext_ln11 = zext i31 %add_ln11_1" [Hysteresis_Filter.cpp:11]   --->   Operation 74 'zext' 'zext_ln11' <Predicate = (!icmp_ln11)> <Delay = 0.00>
ST_4 : Operation 75 [1/1] (2.55ns)   --->   "%icmp_ln70 = icmp_eq  i32 %zext_ln11, i32 %add_ln70_read" [Hysteresis_Filter.cpp:70]   --->   Operation 75 'icmp' 'icmp_ln70' <Predicate = (!icmp_ln11)> <Delay = 2.55> <CoreInst = "Cmp">   --->   Core 9 'Cmp' <Latency = 0> <II = 1> <Delay = 2.55> <FuncUnit> <Opcode : 'seteq' 'setne' 'setle' 'setge' 'setlt' 'setgt'> <InPorts = 2> <OutPorts = 1>
ST_4 : Operation 76 [1/1] (0.00ns)   --->   "%reuse_reg18_load = load i32 %reuse_reg18"   --->   Operation 76 'load' 'reuse_reg18_load' <Predicate = (!icmp_ln11 & addr_cmp22)> <Delay = 0.00>
ST_4 : Operation 77 [1/2] ( I:3.25ns O:3.25ns )   --->   "%Line_Buffer_load = load i11 %Line_Buffer_addr" [Hysteresis_Filter.cpp:25]   --->   Operation 77 'load' 'Line_Buffer_load' <Predicate = (!icmp_ln11)> <Delay = 3.25> <CoreInst = "RAM">   --->   Core 81 'RAM' <Latency = 1> <II = 1> <Delay = 3.25> <Storage> <Opcode : 'load' 'store'> <Ports = 2> <Width = 32> <Depth = 1920> <RAM>
ST_4 : Operation 78 [1/1] (0.69ns)   --->   "%Top_Pixel = select i1 %addr_cmp22, i32 %reuse_reg18_load, i32 %Line_Buffer_load" [Hysteresis_Filter.cpp:13]   --->   Operation 78 'select' 'Top_Pixel' <Predicate = (!icmp_ln11)> <Delay = 0.69> <CoreInst = "Sel">   --->   Core 73 'Sel' <Latency = 0> <II = 1> <Delay = 0.69> <FuncUnit> <Opcode : 'select'> <InPorts = 3> <OutPorts = 1>
ST_4 : Operation 79 [1/1] (0.00ns)   --->   "%reuse_reg_load = load i32 %reuse_reg"   --->   Operation 79 'load' 'reuse_reg_load' <Predicate = (!icmp_ln11 & addr_cmp)> <Delay = 0.00>
ST_4 : Operation 80 [1/2] ( I:3.25ns O:3.25ns )   --->   "%Line_Buffer_1_load = load i11 %Line_Buffer_1_addr" [Hysteresis_Filter.cpp:26]   --->   Operation 80 'load' 'Line_Buffer_1_load' <Predicate = (!icmp_ln11)> <Delay = 3.25> <CoreInst = "RAM">   --->   Core 81 'RAM' <Latency = 1> <II = 1> <Delay = 3.25> <Storage> <Opcode : 'load' 'store'> <Ports = 2> <Width = 32> <Depth = 1920> <RAM>
ST_4 : Operation 81 [1/1] (0.69ns)   --->   "%Mid_Pixel = select i1 %addr_cmp, i32 %reuse_reg_load, i32 %Line_Buffer_1_load" [Hysteresis_Filter.cpp:13]   --->   Operation 81 'select' 'Mid_Pixel' <Predicate = (!icmp_ln11)> <Delay = 0.69> <CoreInst = "Sel">   --->   Core 73 'Sel' <Latency = 0> <II = 1> <Delay = 0.69> <FuncUnit> <Opcode : 'select'> <InPorts = 3> <OutPorts = 1>
ST_4 : Operation 82 [1/1] ( I:3.25ns O:3.25ns )   --->   "%store_ln28 = store i32 %Mid_Pixel, i11 %Line_Buffer_addr" [Hysteresis_Filter.cpp:28]   --->   Operation 82 'store' 'store_ln28' <Predicate = (!icmp_ln11)> <Delay = 3.25> <CoreInst = "RAM">   --->   Core 81 'RAM' <Latency = 1> <II = 1> <Delay = 3.25> <Storage> <Opcode : 'load' 'store'> <Ports = 2> <Width = 32> <Depth = 1920> <RAM>
ST_4 : Operation 83 [1/1] (1.58ns)   --->   "%store_ln13 = store i32 %Mid_Pixel, i32 %reuse_reg18" [Hysteresis_Filter.cpp:13]   --->   Operation 83 'store' 'store_ln13' <Predicate = (!icmp_ln11)> <Delay = 1.58>
ST_4 : Operation 84 [1/1] (1.58ns)   --->   "%store_ln17 = store i32 %Pixel_In, i32 %reuse_reg" [Hysteresis_Filter.cpp:17]   --->   Operation 84 'store' 'store_ln17' <Predicate = (!icmp_ln11)> <Delay = 1.58>
ST_4 : Operation 85 [1/1] (2.55ns)   --->   "%icmp_ln38 = icmp_sgt  i32 %Center_Value_1, i32 %High_Threshold_1_read" [Hysteresis_Filter.cpp:38]   --->   Operation 85 'icmp' 'icmp_ln38' <Predicate = (!icmp_ln11)> <Delay = 2.55> <CoreInst = "Cmp">   --->   Core 9 'Cmp' <Latency = 0> <II = 1> <Delay = 2.55> <FuncUnit> <Opcode : 'seteq' 'setne' 'setle' 'setge' 'setlt' 'setgt'> <InPorts = 2> <OutPorts = 1>
ST_4 : Operation 86 [1/1] (2.55ns)   --->   "%icmp_ln42 = icmp_sgt  i32 %Center_Value_1, i32 %Low_Threshold_1_read" [Hysteresis_Filter.cpp:42]   --->   Operation 86 'icmp' 'icmp_ln42' <Predicate = (!icmp_ln11)> <Delay = 2.55> <CoreInst = "Cmp">   --->   Core 9 'Cmp' <Latency = 0> <II = 1> <Delay = 2.55> <FuncUnit> <Opcode : 'seteq' 'setne' 'setle' 'setge' 'setlt' 'setgt'> <InPorts = 2> <OutPorts = 1>
ST_4 : Operation 87 [1/1] (2.55ns)   --->   "%Strong = icmp_sgt  i32 %p_load17, i32 %High_Threshold_1_read" [Hysteresis_Filter.cpp:50]   --->   Operation 87 'icmp' 'Strong' <Predicate = (!icmp_ln11)> <Delay = 2.55> <CoreInst = "Cmp">   --->   Core 9 'Cmp' <Latency = 0> <II = 1> <Delay = 2.55> <FuncUnit> <Opcode : 'seteq' 'setne' 'setle' 'setge' 'setlt' 'setgt'> <InPorts = 2> <OutPorts = 1>
ST_4 : Operation 88 [1/1] (2.55ns)   --->   "%icmp_ln50 = icmp_sgt  i32 %p_load14, i32 %High_Threshold_1_read" [Hysteresis_Filter.cpp:50]   --->   Operation 88 'icmp' 'icmp_ln50' <Predicate = (!icmp_ln11)> <Delay = 2.55> <CoreInst = "Cmp">   --->   Core 9 'Cmp' <Latency = 0> <II = 1> <Delay = 2.55> <FuncUnit> <Opcode : 'seteq' 'setne' 'setle' 'setge' 'setlt' 'setgt'> <InPorts = 2> <OutPorts = 1>
ST_4 : Operation 89 [1/1] (2.55ns)   --->   "%icmp_ln50_1 = icmp_sgt  i32 %Top_Pixel, i32 %High_Threshold_1_read" [Hysteresis_Filter.cpp:50]   --->   Operation 89 'icmp' 'icmp_ln50_1' <Predicate = (!icmp_ln11)> <Delay = 2.55> <CoreInst = "Cmp">   --->   Core 9 'Cmp' <Latency = 0> <II = 1> <Delay = 2.55> <FuncUnit> <Opcode : 'seteq' 'setne' 'setle' 'setge' 'setlt' 'setgt'> <InPorts = 2> <OutPorts = 1>
ST_4 : Operation 90 [1/1] (2.55ns)   --->   "%icmp_ln50_2 = icmp_sgt  i32 %p_load16, i32 %High_Threshold_1_read" [Hysteresis_Filter.cpp:50]   --->   Operation 90 'icmp' 'icmp_ln50_2' <Predicate = (!icmp_ln11)> <Delay = 2.55> <CoreInst = "Cmp">   --->   Core 9 'Cmp' <Latency = 0> <II = 1> <Delay = 2.55> <FuncUnit> <Opcode : 'seteq' 'setne' 'setle' 'setge' 'setlt' 'setgt'> <InPorts = 2> <OutPorts = 1>
ST_4 : Operation 91 [1/1] (2.55ns)   --->   "%icmp_ln50_3 = icmp_sgt  i32 %Mid_Pixel, i32 %High_Threshold_1_read" [Hysteresis_Filter.cpp:50]   --->   Operation 91 'icmp' 'icmp_ln50_3' <Predicate = (!icmp_ln11)> <Delay = 2.55> <CoreInst = "Cmp">   --->   Core 9 'Cmp' <Latency = 0> <II = 1> <Delay = 2.55> <FuncUnit> <Opcode : 'seteq' 'setne' 'setle' 'setge' 'setlt' 'setgt'> <InPorts = 2> <OutPorts = 1>
ST_4 : Operation 92 [1/1] (2.55ns)   --->   "%icmp_ln50_4 = icmp_sgt  i32 %p_load15, i32 %High_Threshold_1_read" [Hysteresis_Filter.cpp:50]   --->   Operation 92 'icmp' 'icmp_ln50_4' <Predicate = (!icmp_ln11)> <Delay = 2.55> <CoreInst = "Cmp">   --->   Core 9 'Cmp' <Latency = 0> <II = 1> <Delay = 2.55> <FuncUnit> <Opcode : 'seteq' 'setne' 'setle' 'setge' 'setlt' 'setgt'> <InPorts = 2> <OutPorts = 1>
ST_4 : Operation 93 [1/1] (2.55ns)   --->   "%icmp_ln50_5 = icmp_sgt  i32 %p_load, i32 %High_Threshold_1_read" [Hysteresis_Filter.cpp:50]   --->   Operation 93 'icmp' 'icmp_ln50_5' <Predicate = (!icmp_ln11)> <Delay = 2.55> <CoreInst = "Cmp">   --->   Core 9 'Cmp' <Latency = 0> <II = 1> <Delay = 2.55> <FuncUnit> <Opcode : 'seteq' 'setne' 'setle' 'setge' 'setlt' 'setgt'> <InPorts = 2> <OutPorts = 1>
ST_4 : Operation 94 [1/1] (2.55ns)   --->   "%icmp_ln50_6 = icmp_sgt  i32 %Pixel_In, i32 %High_Threshold_1_read" [Hysteresis_Filter.cpp:50]   --->   Operation 94 'icmp' 'icmp_ln50_6' <Predicate = (!icmp_ln11)> <Delay = 2.55> <CoreInst = "Cmp">   --->   Core 9 'Cmp' <Latency = 0> <II = 1> <Delay = 2.55> <FuncUnit> <Opcode : 'seteq' 'setne' 'setle' 'setge' 'setlt' 'setgt'> <InPorts = 2> <OutPorts = 1>
ST_4 : Operation 95 [1/1] (0.00ns) (grouped into LUT with out node icmp_ln69)   --->   "%or_ln69 = or i31 %add_ln11_1, i31 %select_ln11" [Hysteresis_Filter.cpp:69]   --->   Operation 95 'or' 'or_ln69' <Predicate = (!icmp_ln11)> <Delay = 0.00> <CoreInst = "LogicGate">   --->   Core 74 'LogicGate' <Latency = 0> <II = 1> <Delay = 0.99> <FuncUnit> <Opcode : 'and' 'or' 'xor'> <InPorts = 2> <OutPorts = 1>
ST_4 : Operation 96 [1/1] (2.52ns) (out node of the LUT)   --->   "%icmp_ln69 = icmp_eq  i31 %or_ln69, i31 0" [Hysteresis_Filter.cpp:69]   --->   Operation 96 'icmp' 'icmp_ln69' <Predicate = (!icmp_ln11)> <Delay = 2.52> <CoreInst = "Cmp">   --->   Core 9 'Cmp' <Latency = 0> <II = 1> <Delay = 2.52> <FuncUnit> <Opcode : 'seteq' 'setne' 'setle' 'setge' 'setlt' 'setgt'> <InPorts = 2> <OutPorts = 1>
ST_4 : Operation 97 [1/1] (0.97ns)   --->   "%and_ln70 = and i1 %icmp_ln70, i1 %icmp_ln70_1" [Hysteresis_Filter.cpp:70]   --->   Operation 97 'and' 'and_ln70' <Predicate = (!icmp_ln11)> <Delay = 0.97> <CoreInst = "LogicGate">   --->   Core 74 'LogicGate' <Latency = 0> <II = 1> <Delay = 0.97> <FuncUnit> <Opcode : 'and' 'or' 'xor'> <InPorts = 2> <OutPorts = 1>
ST_4 : Operation 98 [1/1] (0.00ns)   --->   "%store_ln17 = store i32 %Pixel_In, i32 %empty_68" [Hysteresis_Filter.cpp:17]   --->   Operation 98 'store' 'store_ln17' <Predicate = (!icmp_ln11)> <Delay = 0.00>
ST_4 : Operation 99 [1/1] (0.00ns)   --->   "%store_ln35 = store i32 %Mid_Pixel, i32 %Center_Value" [Hysteresis_Filter.cpp:35]   --->   Operation 99 'store' 'store_ln35' <Predicate = (!icmp_ln11)> <Delay = 0.00>
ST_4 : Operation 100 [1/1] (0.00ns)   --->   "%store_ln13 = store i32 %Top_Pixel, i32 %empty_67" [Hysteresis_Filter.cpp:13]   --->   Operation 100 'store' 'store_ln13' <Predicate = (!icmp_ln11)> <Delay = 0.00>
ST_4 : Operation 101 [1/1] (1.58ns)   --->   "%store_ln11 = store i31 %add_ln11_1, i31 %I" [Hysteresis_Filter.cpp:11]   --->   Operation 101 'store' 'store_ln11' <Predicate = (!icmp_ln11)> <Delay = 1.58>
ST_4 : Operation 102 [1/1] (0.00ns)   --->   "%store_ln0 = store i32 %p_load, i32 %empty_66"   --->   Operation 102 'store' 'store_ln0' <Predicate = (!icmp_ln11)> <Delay = 0.00>
ST_4 : Operation 103 [1/1] (0.00ns)   --->   "%store_ln0 = store i32 %Center_Value_1, i32 %empty_65"   --->   Operation 103 'store' 'store_ln0' <Predicate = (!icmp_ln11)> <Delay = 0.00>
ST_4 : Operation 104 [1/1] (0.00ns)   --->   "%store_ln0 = store i32 %p_load14, i32 %empty"   --->   Operation 104 'store' 'store_ln0' <Predicate = (!icmp_ln11)> <Delay = 0.00>
ST_4 : Operation 122 [1/1] (1.58ns)   --->   "%ret_ln0 = ret"   --->   Operation 122 'ret' 'ret_ln0' <Predicate = (icmp_ln11)> <Delay = 1.58>

State 5 <SV = 4> <Delay = 4.83>
ST_5 : Operation 105 [1/1] (0.00ns)   --->   "%specloopname_ln0 = specloopname void @_ssdm_op_SpecLoopName, void @VITIS_LOOP_11_1_VITIS_LOOP_13_2_str"   --->   Operation 105 'specloopname' 'specloopname_ln0' <Predicate = true> <Delay = 0.00>
ST_5 : Operation 106 [1/1] (0.00ns)   --->   "%specpipeline_ln15 = specpipeline void @_ssdm_op_SpecPipeline, i32 1, i32 0, i32 0, i32 0, i32 4294967295, void @empty_1" [Hysteresis_Filter.cpp:15]   --->   Operation 106 'specpipeline' 'specpipeline_ln15' <Predicate = true> <Delay = 0.00>
ST_5 : Operation 107 [1/1] (0.00ns) (grouped into LUT with out node or_ln57_2)   --->   "%or_ln57 = or i1 %icmp_ln50, i1 %Strong" [Hysteresis_Filter.cpp:57]   --->   Operation 107 'or' 'or_ln57' <Predicate = true> <Delay = 0.00> <CoreInst = "LogicGate">   --->   Core 74 'LogicGate' <Latency = 0> <II = 1> <Delay = 0.97> <FuncUnit> <Opcode : 'and' 'or' 'xor'> <InPorts = 2> <OutPorts = 1>
ST_5 : Operation 108 [1/1] (0.00ns) (grouped into LUT with out node or_ln57_2)   --->   "%or_ln57_1 = or i1 %icmp_ln50_1, i1 %icmp_ln50_2" [Hysteresis_Filter.cpp:57]   --->   Operation 108 'or' 'or_ln57_1' <Predicate = true> <Delay = 0.00> <CoreInst = "LogicGate">   --->   Core 74 'LogicGate' <Latency = 0> <II = 1> <Delay = 0.97> <FuncUnit> <Opcode : 'and' 'or' 'xor'> <InPorts = 2> <OutPorts = 1>
ST_5 : Operation 109 [1/1] (0.97ns) (out node of the LUT)   --->   "%or_ln57_2 = or i1 %or_ln57_1, i1 %or_ln57" [Hysteresis_Filter.cpp:57]   --->   Operation 109 'or' 'or_ln57_2' <Predicate = true> <Delay = 0.97> <CoreInst = "LogicGate">   --->   Core 74 'LogicGate' <Latency = 0> <II = 1> <Delay = 0.97> <FuncUnit> <Opcode : 'and' 'or' 'xor'> <InPorts = 2> <OutPorts = 1>
ST_5 : Operation 110 [1/1] (0.00ns) (grouped into LUT with out node or_ln58)   --->   "%or_ln57_3 = or i1 %icmp_ln50_3, i1 %icmp_ln50_4" [Hysteresis_Filter.cpp:57]   --->   Operation 110 'or' 'or_ln57_3' <Predicate = true> <Delay = 0.00> <CoreInst = "LogicGate">   --->   Core 74 'LogicGate' <Latency = 0> <II = 1> <Delay = 0.97> <FuncUnit> <Opcode : 'and' 'or' 'xor'> <InPorts = 2> <OutPorts = 1>
ST_5 : Operation 111 [1/1] (0.00ns) (grouped into LUT with out node or_ln58)   --->   "%or_ln57_4 = or i1 %icmp_ln50_5, i1 %icmp_ln50_6" [Hysteresis_Filter.cpp:57]   --->   Operation 111 'or' 'or_ln57_4' <Predicate = true> <Delay = 0.00> <CoreInst = "LogicGate">   --->   Core 74 'LogicGate' <Latency = 0> <II = 1> <Delay = 0.97> <FuncUnit> <Opcode : 'and' 'or' 'xor'> <InPorts = 2> <OutPorts = 1>
ST_5 : Operation 112 [1/1] (0.00ns) (grouped into LUT with out node or_ln58)   --->   "%or_ln57_5 = or i1 %or_ln57_4, i1 %or_ln57_3" [Hysteresis_Filter.cpp:57]   --->   Operation 112 'or' 'or_ln57_5' <Predicate = true> <Delay = 0.00> <CoreInst = "LogicGate">   --->   Core 74 'LogicGate' <Latency = 0> <II = 1> <Delay = 0.97> <FuncUnit> <Opcode : 'and' 'or' 'xor'> <InPorts = 2> <OutPorts = 1>
ST_5 : Operation 113 [1/1] (0.97ns) (out node of the LUT)   --->   "%or_ln58 = or i1 %or_ln57_5, i1 %or_ln57_2" [Hysteresis_Filter.cpp:58]   --->   Operation 113 'or' 'or_ln58' <Predicate = true> <Delay = 0.97> <CoreInst = "LogicGate">   --->   Core 74 'LogicGate' <Latency = 0> <II = 1> <Delay = 0.97> <FuncUnit> <Opcode : 'and' 'or' 'xor'> <InPorts = 2> <OutPorts = 1>
ST_5 : Operation 114 [1/1] (0.00ns) (grouped into LUT with out node select_ln69)   --->   "%xor_ln38 = xor i1 %icmp_ln38, i1 1" [Hysteresis_Filter.cpp:38]   --->   Operation 114 'xor' 'xor_ln38' <Predicate = true> <Delay = 0.00> <CoreInst = "LogicGate">   --->   Core 74 'LogicGate' <Latency = 0> <II = 1> <Delay = 0.97> <FuncUnit> <Opcode : 'and' 'or' 'xor'> <InPorts = 2> <OutPorts = 1>
ST_5 : Operation 115 [1/1] (0.00ns) (grouped into LUT with out node select_ln69)   --->   "%and_ln42 = and i1 %icmp_ln42, i1 %xor_ln38" [Hysteresis_Filter.cpp:42]   --->   Operation 115 'and' 'and_ln42' <Predicate = true> <Delay = 0.00> <CoreInst = "LogicGate">   --->   Core 74 'LogicGate' <Latency = 0> <II = 1> <Delay = 0.97> <FuncUnit> <Opcode : 'and' 'or' 'xor'> <InPorts = 2> <OutPorts = 1>
ST_5 : Operation 116 [1/1] (0.00ns) (grouped into LUT with out node select_ln69)   --->   "%sel_tmp2 = bitconcatenate i2 @_ssdm_op_BitConcatenate.i2.i1.i1, i1 %icmp_ln38, i1 %and_ln42" [Hysteresis_Filter.cpp:38]   --->   Operation 116 'bitconcatenate' 'sel_tmp2' <Predicate = true> <Delay = 0.00>
ST_5 : Operation 117 [1/1] (0.00ns) (grouped into LUT with out node select_ln69)   --->   "%Final_Value_1 = sparsemux i1 @_ssdm_op_SparseMux.ap_auto.3i1.i1.i2, i2 2, i1 1, i2 1, i1 %or_ln58, i2 0, i1 0, i1 0, i2 %sel_tmp2" [Hysteresis_Filter.cpp:58]   --->   Operation 117 'sparsemux' 'Final_Value_1' <Predicate = true> <Delay = 0.00> <CoreInst = "OneHotSparseMux_HasDef">   --->   Core 140 'OneHotSparseMux_HasDef' <Latency = 0> <II = 1> <Delay = 1.58> <FuncUnit> <Opcode : 'sparsemux'> <InPorts = 2> <OutPorts = 1>
ST_5 : Operation 118 [1/1] (1.58ns) (out node of the LUT)   --->   "%select_ln69 = select i1 %Final_Value_1, i32 255, i32 0" [Hysteresis_Filter.cpp:69]   --->   Operation 118 'select' 'select_ln69' <Predicate = true> <Delay = 1.58> <CoreInst = "Sel">   --->   Core 73 'Sel' <Latency = 0> <II = 1> <Delay = 0.96> <FuncUnit> <Opcode : 'select'> <InPorts = 3> <OutPorts = 1>
ST_5 : Operation 119 [1/1] (0.00ns)   --->   "%zext_ln69 = zext i1 %icmp_ln69" [Hysteresis_Filter.cpp:69]   --->   Operation 119 'zext' 'zext_ln69' <Predicate = true> <Delay = 0.00>
ST_5 : Operation 120 [1/1] ( I:1.29ns O:1.29ns )   --->   "%write_ln72 = write void @_ssdm_op_Write.axis.volatile.i32P0A.i4P0A.i4P0A.i3P0A.i1P0A.i5P0A.i6P0A, i32 %Output_Stream_V_data_V, i4 %Output_Stream_V_keep_V, i4 %Output_Stream_V_strb_V, i3 %Output_Stream_V_user_V, i1 %Output_Stream_V_last_V, i5 %Output_Stream_V_id_V, i6 %Output_Stream_V_dest_V, i32 %select_ln69, i4 15, i4 15, i3 %zext_ln69, i1 %and_ln70, i5 0, i6 0" [Hysteresis_Filter.cpp:72]   --->   Operation 120 'write' 'write_ln72' <Predicate = true> <Delay = 1.29> <CoreInst = "regslice">   --->   Core 135 'regslice' <Latency = 0> <II = 1> <Delay = 1.86> <Adapter> <Opcode : 'read' 'write'>
ST_5 : Operation 121 [1/1] (0.00ns)   --->   "%br_ln13 = br void %VITIS_LOOP_19_3" [Hysteresis_Filter.cpp:13]   --->   Operation 121 'br' 'br_ln13' <Predicate = true> <Delay = 0.00>


============================================================
+ Verbose Summary: Timing violations
============================================================
Target clock period: 10.000ns, clock uncertainty: 2.700ns.

 <State 1>: 1.588ns
The critical path consists of the following:
	'alloca' operation 62 bit ('indvar_flatten') [24]  (0.000 ns)
	'store' operation ('store_ln0') of constant 0 62 bit on local variable 'indvar_flatten' [39]  (1.588 ns)

 <State 2>: 5.056ns
The critical path consists of the following:
	'load' operation 62 bit ('indvar_flatten_load', Hysteresis_Filter.cpp:11) on local variable 'indvar_flatten' [48]  (0.000 ns)
	'icmp' operation 1 bit ('icmp_ln11', Hysteresis_Filter.cpp:11) [52]  (3.469 ns)
	'store' operation ('store_ln11', Hysteresis_Filter.cpp:11) of variable 'add_ln11', Hysteresis_Filter.cpp:11 62 bit on local variable 'indvar_flatten' [123]  (1.588 ns)

 <State 3>: 7.396ns
The critical path consists of the following:
	'load' operation 31 bit ('J_load', Hysteresis_Filter.cpp:13) on local variable 'J', Hysteresis_Filter.cpp:13 [58]  (0.000 ns)
	'icmp' operation 1 bit ('icmp_ln13', Hysteresis_Filter.cpp:13) [61]  (2.552 ns)
	'select' operation 31 bit ('select_ln11', Hysteresis_Filter.cpp:11) [64]  (0.733 ns)
	'add' operation 31 bit ('add_ln13', Hysteresis_Filter.cpp:13) [119]  (2.522 ns)
	'store' operation ('store_ln13', Hysteresis_Filter.cpp:13) of variable 'add_ln13', Hysteresis_Filter.cpp:13 31 bit on local variable 'J', Hysteresis_Filter.cpp:13 [125]  (1.588 ns)

 <State 4>: 7.206ns
The critical path consists of the following:
	'load' operation 32 bit ('Line_Buffer_1_load', Hysteresis_Filter.cpp:26) on array 'Line_Buffer', Hysteresis_Filter.cpp:5 [82]  (3.254 ns)
	'select' operation 32 bit ('Mid_Pixel', Hysteresis_Filter.cpp:13) [84]  (0.698 ns)
	'store' operation ('store_ln28', Hysteresis_Filter.cpp:28) of variable 'Mid_Pixel', Hysteresis_Filter.cpp:13 32 bit on array 'Line_Buffer', Hysteresis_Filter.cpp:5 [85]  (3.254 ns)

 <State 5>: 4.834ns
The critical path consists of the following:
	'or' operation 1 bit ('or_ln57', Hysteresis_Filter.cpp:57) [101]  (0.000 ns)
	'or' operation 1 bit ('or_ln57_2', Hysteresis_Filter.cpp:57) [103]  (0.978 ns)
	'or' operation 1 bit ('or_ln58', Hysteresis_Filter.cpp:58) [107]  (0.978 ns)
	'sparsemux' operation 1 bit ('Final_Value_1', Hysteresis_Filter.cpp:58) [111]  (0.000 ns)
	'select' operation 32 bit ('select_ln69', Hysteresis_Filter.cpp:69) [112]  (1.588 ns)
	axis write operation ('write_ln72', Hysteresis_Filter.cpp:72) on port 'Output_Stream_V_data_V' (Hysteresis_Filter.cpp:72) [118]  (1.290 ns)


============================================================
+ Verbose Summary: Binding
============================================================
N/A
* FSMD analyzer results:
  - Output states:
 - Input state : 
  - Chain level:
	State 1
	State 2
	State 3
	State 4
	State 5


============================================================
+ Verbose Summary: Datapath Resource usage 
============================================================
N/A
