

================================================================
== Vitis HLS Report for 'Hysteresis_Filter'
================================================================
* Date:           Thu Sep 24 14:58:44 2026

* Version:        2026.1 (Build 6493734 on Jun 16 2026)
* Project:        Canny_Filter_IP
* Solution:       hls
* Product family: zynq
* Target device:  xc7z020-clg400-1


================================================================
== Performance Estimates
================================================================
+ Timing: 
    * Summary: 
    +--------+----------+----------+------------+
    |  Clock |  Target  | Estimated| Uncertainty|
    +--------+----------+----------+------------+
    |ap_clk  |  10.00 ns|  7.396 ns|     2.70 ns|
    +--------+----------+----------+------------+

+ Latency: 
    * Summary: 
    +---------+---------+----------+----------+-----+-----+---------+
    |  Latency (cycles) |  Latency (absolute) |  Interval | Pipeline|
    |   min   |   max   |    min   |    max   | min | max |   Type  |
    +---------+---------+----------+----------+-----+-----+---------+
    |        ?|        ?|         ?|         ?|    ?|    ?|       no|
    +---------+---------+----------+----------+-----+-----+---------+

    + Detail: 
        * Instance: 
        N/A

        * Loop: 
        N/A

============================================================
+ Verbose Summary: Synthesis Manager
============================================================
InlineROM: 1
ExposeGlobal: 0
============================================================
+ Verbose Summary: CDFG Model
============================================================
IsTopModel: 0
ResetActiveHigh: 1
IsCombinational: 2
IsDatapathOnly: 0
HasWiredReturn: 1
HasMFsm: 0
HasVarLatency: 1
IsPipeline: 0
IsRtlPipelined: 0
IsInstanceOverlapped: 0
IsDontTouch: 0
HasImplIP: 0
IsGatedGlobalClock: 0


============================================================
+ Verbose Summary: Schedule
============================================================
* Number of FSM states : 5
* Pipeline : 0
* Dataflow Pipeline: 0

* FSM state transitions: 
1 --> 2 
2 --> 3 
3 --> 4 
4 --> 5 
5 --> 

* FSM state operations: 

State 1 <SV = 0> <Delay = 6.91>
ST_1 : Operation 6 [1/1] ( I:3.61ns O:3.61ns )   --->   "%Low_Threshold_1 = read i32 @_ssdm_op_Read.ap_fifo.i32P0A, i32 %Low_Threshold"   --->   Operation 6 'read' 'Low_Threshold_1' <Predicate = true> <Delay = 3.61> <CoreInst = "FIFO_SRL">   --->   Core 80 'FIFO_SRL' <Latency = 0> <II = 1> <Delay = 3.61> <Storage> <Opcode : 'read' 'write' 'nbread' 'nbwrite'> <Ports = 0> <Width = 32> <Depth = 5> <FIFO>
ST_1 : Operation 7 [1/1] ( I:3.61ns O:3.61ns )   --->   "%High_Threshold_1 = read i32 @_ssdm_op_Read.ap_fifo.i32P0A, i32 %High_Threshold"   --->   Operation 7 'read' 'High_Threshold_1' <Predicate = true> <Delay = 3.61> <CoreInst = "FIFO_SRL">   --->   Core 80 'FIFO_SRL' <Latency = 0> <II = 1> <Delay = 3.61> <Storage> <Opcode : 'read' 'write' 'nbread' 'nbwrite'> <Ports = 0> <Width = 32> <Depth = 5> <FIFO>
ST_1 : Operation 8 [1/1] ( I:3.63ns O:3.63ns )   --->   "%Cols_3 = read i32 @_ssdm_op_Read.ap_fifo.i32P0A, i32 %Cols"   --->   Operation 8 'read' 'Cols_3' <Predicate = true> <Delay = 3.63> <CoreInst = "FIFO_SRL">   --->   Core 80 'FIFO_SRL' <Latency = 0> <II = 1> <Delay = 3.63> <Storage> <Opcode : 'read' 'write' 'nbread' 'nbwrite'> <Ports = 0> <Width = 32> <Depth = 2> <FIFO>
ST_1 : Operation 9 [1/1] (0.00ns)   --->   "%empty = trunc i32 %Cols_3"   --->   Operation 9 'trunc' 'empty' <Predicate = true> <Delay = 0.00>
ST_1 : Operation 10 [1/1] ( I:3.63ns O:3.63ns )   --->   "%Rows_3 = read i32 @_ssdm_op_Read.ap_fifo.i32P0A, i32 %Rows"   --->   Operation 10 'read' 'Rows_3' <Predicate = true> <Delay = 3.63> <CoreInst = "FIFO_SRL">   --->   Core 80 'FIFO_SRL' <Latency = 0> <II = 1> <Delay = 3.63> <Storage> <Opcode : 'read' 'write' 'nbread' 'nbwrite'> <Ports = 0> <Width = 32> <Depth = 2> <FIFO>
ST_1 : Operation 11 [1/1] (0.00ns)   --->   "%empty_70 = trunc i32 %Rows_3"   --->   Operation 11 'trunc' 'empty_70' <Predicate = true> <Delay = 0.00>
ST_1 : Operation 12 [1/1] (2.55ns)   --->   "%empty_71 = icmp_sgt  i32 %Cols_3, i32 0"   --->   Operation 12 'icmp' 'empty_71' <Predicate = true> <Delay = 2.55> <CoreInst = "Cmp">   --->   Core 9 'Cmp' <Latency = 0> <II = 1> <Delay = 2.55> <FuncUnit> <Opcode : 'seteq' 'setne' 'setle' 'setge' 'setlt' 'setgt'> <InPorts = 2> <OutPorts = 1>
ST_1 : Operation 13 [1/1] (0.73ns)   --->   "%smax = select i1 %empty_71, i31 %empty, i31 0"   --->   Operation 13 'select' 'smax' <Predicate = true> <Delay = 0.73> <CoreInst = "Sel">   --->   Core 73 'Sel' <Latency = 0> <II = 1> <Delay = 0.73> <FuncUnit> <Opcode : 'select'> <InPorts = 3> <OutPorts = 1>
ST_1 : Operation 14 [1/1] (2.55ns)   --->   "%empty_72 = icmp_sgt  i32 %Rows_3, i32 0"   --->   Operation 14 'icmp' 'empty_72' <Predicate = true> <Delay = 2.55> <CoreInst = "Cmp">   --->   Core 9 'Cmp' <Latency = 0> <II = 1> <Delay = 2.55> <FuncUnit> <Opcode : 'seteq' 'setne' 'setle' 'setge' 'setlt' 'setgt'> <InPorts = 2> <OutPorts = 1>
ST_1 : Operation 15 [1/1] (0.73ns)   --->   "%smax1 = select i1 %empty_72, i31 %empty_70, i31 0"   --->   Operation 15 'select' 'smax1' <Predicate = true> <Delay = 0.73> <CoreInst = "Sel">   --->   Core 73 'Sel' <Latency = 0> <II = 1> <Delay = 0.73> <FuncUnit> <Opcode : 'select'> <InPorts = 3> <OutPorts = 1>

State 2 <SV = 1> <Delay = 6.91>
ST_2 : Operation 16 [1/1] (0.00ns)   --->   "%cast = zext i31 %smax1"   --->   Operation 16 'zext' 'cast' <Predicate = true> <Delay = 0.00>
ST_2 : Operation 17 [1/1] (0.00ns)   --->   "%cast3 = zext i31 %smax"   --->   Operation 17 'zext' 'cast3' <Predicate = true> <Delay = 0.00>
ST_2 : Operation 18 [2/2] (6.91ns)   --->   "%bound = mul i62 %cast, i62 %cast3"   --->   Operation 18 'mul' 'bound' <Predicate = true> <Delay = 6.91> <CoreInst = "Multiplier">   --->   Core 3 'Multiplier' <Latency = 1> <II = 1> <Delay = 6.91> <FuncUnit> <Opcode : 'mul'> <InPorts = 2> <OutPorts = 1>

State 3 <SV = 2> <Delay = 6.91>
ST_3 : Operation 19 [1/1] (2.55ns)   --->   "%add_ln70 = add i32 %Rows_3, i32 4294967295" [Hysteresis_Filter.cpp:70]   --->   Operation 19 'add' 'add_ln70' <Predicate = true> <Delay = 2.55> <CoreInst = "Adder">   --->   Core 1 'Adder' <Latency = 0> <II = 1> <Delay = 2.55> <FuncUnit> <Opcode : 'add' 'sub'> <InPorts = 2> <OutPorts = 1>
ST_3 : Operation 20 [1/1] (2.55ns)   --->   "%add_ln70_1 = add i32 %Cols_3, i32 4294967295" [Hysteresis_Filter.cpp:70]   --->   Operation 20 'add' 'add_ln70_1' <Predicate = true> <Delay = 2.55> <CoreInst = "Adder">   --->   Core 1 'Adder' <Latency = 0> <II = 1> <Delay = 2.55> <FuncUnit> <Opcode : 'add' 'sub'> <InPorts = 2> <OutPorts = 1>
ST_3 : Operation 21 [1/2] (6.91ns)   --->   "%bound = mul i62 %cast, i62 %cast3"   --->   Operation 21 'mul' 'bound' <Predicate = true> <Delay = 6.91> <CoreInst = "Multiplier">   --->   Core 3 'Multiplier' <Latency = 1> <II = 1> <Delay = 6.91> <FuncUnit> <Opcode : 'mul'> <InPorts = 2> <OutPorts = 1>
ST_3 : Operation 22 [2/2] (0.00ns)   --->   "%call_ln70 = call void @Hysteresis_Filter_Pipeline_VITIS_LOOP_11_1_VITIS_LOOP_13_2, i32 %Cols_3, i32 %add_ln70, i32 %Suppression_to_Hysteresis, i32 %High_Threshold_1, i32 %Low_Threshold_1, i32 %add_ln70_1, i32 %Output_Stream_V_data_V, i4 %Output_Stream_V_keep_V, i4 %Output_Stream_V_strb_V, i3 %Output_Stream_V_user_V, i1 %Output_Stream_V_last_V, i5 %Output_Stream_V_id_V, i6 %Output_Stream_V_dest_V, i62 %bound" [Hysteresis_Filter.cpp:70]   --->   Operation 22 'call' 'call_ln70' <Predicate = true> <Delay = 0.00> <CoreType = "Generic">   --->   Generic Core

State 4 <SV = 3> <Delay = 4.83>
ST_4 : Operation 23 [1/2] (4.83ns)   --->   "%call_ln70 = call void @Hysteresis_Filter_Pipeline_VITIS_LOOP_11_1_VITIS_LOOP_13_2, i32 %Cols_3, i32 %add_ln70, i32 %Suppression_to_Hysteresis, i32 %High_Threshold_1, i32 %Low_Threshold_1, i32 %add_ln70_1, i32 %Output_Stream_V_data_V, i4 %Output_Stream_V_keep_V, i4 %Output_Stream_V_strb_V, i3 %Output_Stream_V_user_V, i1 %Output_Stream_V_last_V, i5 %Output_Stream_V_id_V, i6 %Output_Stream_V_dest_V, i62 %bound" [Hysteresis_Filter.cpp:70]   --->   Operation 23 'call' 'call_ln70' <Predicate = true> <Delay = 4.83> <CoreType = "Generic">   --->   Generic Core

State 5 <SV = 4> <Delay = 0.00>
ST_5 : Operation 24 [1/1] (0.00ns)   --->   "%specinterface_ln0 = specinterface void @_ssdm_op_SpecInterface, i32 %Low_Threshold, void @ap_fifo_str, i32 0, i32 0, void @p_str, i32 0, i32 0, void @p_str, void @p_str, void @p_str, i32 2, i32 2, i32 16, i32 16, void @p_str, void @ScalarProp_str, i32 4294967295, i32 0, i32 0, i32 0"   --->   Operation 24 'specinterface' 'specinterface_ln0' <Predicate = true> <Delay = 0.00>
ST_5 : Operation 25 [1/1] (0.00ns)   --->   "%specinterface_ln0 = specinterface void @_ssdm_op_SpecInterface, i32 %High_Threshold, void @ap_fifo_str, i32 0, i32 0, void @p_str, i32 0, i32 0, void @p_str, void @p_str, void @p_str, i32 2, i32 2, i32 16, i32 16, void @p_str, void @ScalarProp_str, i32 4294967295, i32 0, i32 0, i32 0"   --->   Operation 25 'specinterface' 'specinterface_ln0' <Predicate = true> <Delay = 0.00>
ST_5 : Operation 26 [1/1] (0.00ns)   --->   "%specinterface_ln0 = specinterface void @_ssdm_op_SpecInterface, i32 %Cols, void @ap_fifo_str, i32 0, i32 0, void @p_str, i32 0, i32 0, void @p_str, void @p_str, void @p_str, i32 2, i32 2, i32 16, i32 16, void @p_str, void @ScalarProp_str, i32 4294967295, i32 0, i32 0, i32 0"   --->   Operation 26 'specinterface' 'specinterface_ln0' <Predicate = true> <Delay = 0.00>
ST_5 : Operation 27 [1/1] (0.00ns)   --->   "%specinterface_ln0 = specinterface void @_ssdm_op_SpecInterface, i32 %Rows, void @ap_fifo_str, i32 0, i32 0, void @p_str, i32 0, i32 0, void @p_str, void @p_str, void @p_str, i32 2, i32 2, i32 16, i32 16, void @p_str, void @ScalarProp_str, i32 4294967295, i32 0, i32 0, i32 0"   --->   Operation 27 'specinterface' 'specinterface_ln0' <Predicate = true> <Delay = 0.00>
ST_5 : Operation 28 [1/1] (0.00ns)   --->   "%specaxissidechannel_ln0 = specaxissidechannel void @_ssdm_op_SpecAXISSideChannel, i32 %Output_Stream_V_data_V, i4 %Output_Stream_V_keep_V, i4 %Output_Stream_V_strb_V, i3 %Output_Stream_V_user_V, i1 %Output_Stream_V_last_V, i5 %Output_Stream_V_id_V, i6 %Output_Stream_V_dest_V, void @empty_10"   --->   Operation 28 'specaxissidechannel' 'specaxissidechannel_ln0' <Predicate = true> <Delay = 0.00>
ST_5 : Operation 29 [1/1] (0.00ns)   --->   "%specinterface_ln0 = specinterface void @_ssdm_op_SpecInterface, i32 %Suppression_to_Hysteresis, void @empty_9, i32 0, i32 0, void @empty_1, i32 0, i32 0, void @empty_1, void @empty_1, void @empty_1, i32 0, i32 0, i32 0, i32 0, void @empty_1, void @empty_1, i32 4294967295, i32 0, i32 0, i32 0"   --->   Operation 29 'specinterface' 'specinterface_ln0' <Predicate = true> <Delay = 0.00>
ST_5 : Operation 30 [1/1] (0.00ns)   --->   "%specinterface_ln0 = specinterface void @_ssdm_op_SpecInterface, i6 %Output_Stream_V_dest_V, i5 %Output_Stream_V_id_V, i1 %Output_Stream_V_last_V, i3 %Output_Stream_V_user_V, i4 %Output_Stream_V_strb_V, i4 %Output_Stream_V_keep_V, i32 %Output_Stream_V_data_V, void @empty, i32 1, i32 1, void @empty_0, i32 0, i32 0, void @empty_1, void @empty_1, void @empty_1, i32 0, i32 0, i32 0, i32 0, void @empty_1, void @empty_1, i32 4294967295, i32 0, i32 0, i32 0"   --->   Operation 30 'specinterface' 'specinterface_ln0' <Predicate = true> <Delay = 0.00>
ST_5 : Operation 31 [1/1] (0.00ns)   --->   "%ret_ln75 = ret" [Hysteresis_Filter.cpp:75]   --->   Operation 31 'ret' 'ret_ln75' <Predicate = true> <Delay = 0.00>


============================================================
+ Verbose Summary: Timing violations
============================================================
Target clock period: 10.000ns, clock uncertainty: 2.700ns.

 <State 1>: 6.919ns
The critical path consists of the following:
	fifo read operation ('Cols') on port 'Cols' [18]  (3.634 ns)
	'icmp' operation 1 bit ('empty_71') [28]  (2.552 ns)
	'select' operation 31 bit ('smax') [29]  (0.733 ns)

 <State 2>: 6.912ns
The critical path consists of the following:
	'mul' operation 62 bit ('bound') [34]  (6.912 ns)

 <State 3>: 6.912ns
The critical path consists of the following:
	'mul' operation 62 bit ('bound') [34]  (6.912 ns)

 <State 4>: 4.834ns
The critical path consists of the following:
	'call' operation ('call_ln70', Hysteresis_Filter.cpp:70) to 'Hysteresis_Filter_Pipeline_VITIS_LOOP_11_1_VITIS_LOOP_13_2' [35]  (4.834 ns)

 <State 5>: 0.000ns
The critical path consists of the following:


============================================================
+ Verbose Summary: Binding
============================================================
N/A
* FSMD analyzer results:
  - Output states:
 - Input state : 
  - Chain level:
	State 1
	State 2
	State 3
	State 4
	State 5


============================================================
+ Verbose Summary: Datapath Resource usage 
============================================================
N/A
