

================================================================
== Vitis HLS Report for 'Sobel_Filter_Pipeline_VITIS_LOOP_14_1_VITIS_LOOP_16_2'
================================================================
* Date:           Thu Sep 24 14:58:40 2026

* Version:        2026.1 (Build 6493734 on Jun 16 2026)
* Project:        Canny_Filter_IP
* Solution:       hls
* Product family: zynq
* Target device:  xc7z020-clg400-1


================================================================
== Performance Estimates
================================================================
+ Timing: 
    * Summary: 
    +--------+----------+----------+------------+
    |  Clock |  Target  | Estimated| Uncertainty|
    +--------+----------+----------+------------+
    |ap_clk  |  10.00 ns|  7.396 ns|     2.70 ns|
    +--------+----------+----------+------------+

+ Latency: 
    * Summary: 
    +---------+---------+----------+----------+-----+-----+-------------------+
    |  Latency (cycles) |  Latency (absolute) |  Interval |      Pipeline     |
    |   min   |   max   |    min   |    max   | min | max |        Type       |
    +---------+---------+----------+----------+-----+-----+-------------------+
    |        ?|        ?|         ?|         ?|    0|    0|  loop pipeline stp|
    +---------+---------+----------+----------+-----+-----+-------------------+

    + Detail: 
        * Instance: 
        N/A

        * Loop: 
        +-----------------------------------+---------+---------+----------+-----------+-----------+------+----------+
        |                                   |  Latency (cycles) | Iteration|  Initiation Interval  | Trip |          |
        |             Loop Name             |   min   |   max   |  Latency |  achieved |   target  | Count| Pipelined|
        +-----------------------------------+---------+---------+----------+-----------+-----------+------+----------+
        |- VITIS_LOOP_14_1_VITIS_LOOP_16_2  |        ?|        ?|         7|          1|          1|     ?|       yes|
        +-----------------------------------+---------+---------+----------+-----------+-----------+------+----------+

============================================================
+ Verbose Summary: Synthesis Manager
============================================================
InlineROM: 1
ExposeGlobal: 0
============================================================
+ Verbose Summary: CDFG Model
============================================================
IsTopModel: 0
ResetActiveHigh: 1
IsCombinational: 0
IsDatapathOnly: 0
HasWiredReturn: 1
HasMFsm: 2
HasVarLatency: 1
IsPipeline: 0
IsRtlPipelined: 0
IsInstanceOverlapped: 0
IsDontTouch: 0
HasImplIP: 0
IsGatedGlobalClock: 0

+ Individual pipeline summary: 
  * Pipeline-0: initiation interval (II) = 1, depth = 8


============================================================
+ Verbose Summary: Schedule
============================================================
* Number of FSM states : 8
* Pipeline : 1
  Pipeline-0 : II = 1, D = 8, States = { 1 2 3 4 5 6 7 8 }
* Dataflow Pipeline: 0

* FSM state transitions: 
1 --> 2 
2 --> 3 
3 --> 4 
4 --> 5 
5 --> 6 
6 --> 7 
7 --> 8 
8 --> 

* FSM state operations: 

State 1 <SV = 0> <Delay = 1.58>
ST_1 : Operation 10 [1/1] (0.00ns)   --->   "%reuse_addr_reg28 = alloca i32 1"   --->   Operation 10 'alloca' 'reuse_addr_reg28' <Predicate = true> <Delay = 0.00>
ST_1 : Operation 11 [1/1] (0.00ns)   --->   "%reuse_reg27 = alloca i32 1"   --->   Operation 11 'alloca' 'reuse_reg27' <Predicate = true> <Delay = 0.00>
ST_1 : Operation 12 [1/1] (0.00ns)   --->   "%reuse_addr_reg = alloca i32 1"   --->   Operation 12 'alloca' 'reuse_addr_reg' <Predicate = true> <Delay = 0.00>
ST_1 : Operation 13 [1/1] (0.00ns)   --->   "%reuse_reg = alloca i32 1"   --->   Operation 13 'alloca' 'reuse_reg' <Predicate = true> <Delay = 0.00>
ST_1 : Operation 14 [1/1] (0.00ns)   --->   "%Gy_Value = alloca i32 1" [Sobel_Filter.cpp:39]   --->   Operation 14 'alloca' 'Gy_Value' <Predicate = true> <Delay = 0.00>
ST_1 : Operation 15 [1/1] (0.00ns)   --->   "%empty = alloca i32 1"   --->   Operation 15 'alloca' 'empty' <Predicate = true> <Delay = 0.00>
ST_1 : Operation 16 [1/1] (0.00ns)   --->   "%empty_57 = alloca i32 1"   --->   Operation 16 'alloca' 'empty_57' <Predicate = true> <Delay = 0.00>
ST_1 : Operation 17 [1/1] (0.00ns)   --->   "%J = alloca i32 1" [Sobel_Filter.cpp:16]   --->   Operation 17 'alloca' 'J' <Predicate = true> <Delay = 0.00>
ST_1 : Operation 18 [1/1] (0.00ns)   --->   "%indvar_flatten = alloca i32 1"   --->   Operation 18 'alloca' 'indvar_flatten' <Predicate = true> <Delay = 0.00>
ST_1 : Operation 19 [1/1] (0.00ns)   --->   "%empty_58 = alloca i32 1"   --->   Operation 19 'alloca' 'empty_58' <Predicate = true> <Delay = 0.00>
ST_1 : Operation 20 [1/1] (0.00ns)   --->   "%empty_59 = alloca i32 1"   --->   Operation 20 'alloca' 'empty_59' <Predicate = true> <Delay = 0.00>
ST_1 : Operation 21 [1/1] (0.00ns)   --->   "%empty_60 = alloca i32 1"   --->   Operation 21 'alloca' 'empty_60' <Predicate = true> <Delay = 0.00>
ST_1 : Operation 22 [1/1] (0.00ns)   --->   "%specinterface_ln0 = specinterface void @_ssdm_op_SpecInterface, i32 %Gaussian_to_Sobel, void @empty_9, i32 0, i32 0, void @empty_1, i32 0, i32 0, void @empty_1, void @empty_1, void @empty_1, i32 0, i32 0, i32 0, i32 0, void @empty_1, void @empty_1, i32 4294967295, i32 0, i32 0, i32 0"   --->   Operation 22 'specinterface' 'specinterface_ln0' <Predicate = true> <Delay = 0.00>
ST_1 : Operation 23 [1/1] (0.00ns)   --->   "%specinterface_ln0 = specinterface void @_ssdm_op_SpecInterface, i32 %Sobel_to_Suppression, void @empty_9, i32 0, i32 0, void @empty_1, i32 0, i32 0, void @empty_1, void @empty_1, void @empty_1, i32 0, i32 0, i32 0, i32 0, void @empty_1, void @empty_1, i32 4294967295, i32 0, i32 0, i32 0"   --->   Operation 23 'specinterface' 'specinterface_ln0' <Predicate = true> <Delay = 0.00>
ST_1 : Operation 24 [1/1] (0.00ns)   --->   "%bound_read = read i62 @_ssdm_op_Read.ap_auto.i62, i62 %bound"   --->   Operation 24 'read' 'bound_read' <Predicate = true> <Delay = 0.00>
ST_1 : Operation 25 [1/1] (0.00ns)   --->   "%Cols_2_read = read i32 @_ssdm_op_Read.ap_auto.i32, i32 %Cols_2"   --->   Operation 25 'read' 'Cols_2_read' <Predicate = true> <Delay = 0.00>
ST_1 : Operation 26 [1/1] (0.00ns)   --->   "%Line_Buffer_1 = alloca i64 1" [Sobel_Filter.cpp:5]   --->   Operation 26 'alloca' 'Line_Buffer_1' <Predicate = true> <Delay = 0.00> <CoreInst = "RAM">   --->   Core 81 'RAM' <Latency = 1> <II = 1> <Delay = 3.25> <Storage> <Opcode : 'load' 'store'> <Ports = 2> <Width = 32> <Depth = 1920> <RAM>
ST_1 : Operation 27 [1/1] (0.00ns)   --->   "%Line_Buffer = alloca i64 1" [Sobel_Filter.cpp:5]   --->   Operation 27 'alloca' 'Line_Buffer' <Predicate = true> <Delay = 0.00> <CoreInst = "RAM">   --->   Core 81 'RAM' <Latency = 1> <II = 1> <Delay = 3.25> <Storage> <Opcode : 'load' 'store'> <Ports = 2> <Width = 32> <Depth = 1920> <RAM>
ST_1 : Operation 28 [1/1] (1.58ns)   --->   "%store_ln0 = store i62 0, i62 %indvar_flatten"   --->   Operation 28 'store' 'store_ln0' <Predicate = true> <Delay = 1.58>
ST_1 : Operation 29 [1/1] (1.58ns)   --->   "%store_ln16 = store i31 0, i31 %J" [Sobel_Filter.cpp:16]   --->   Operation 29 'store' 'store_ln16' <Predicate = true> <Delay = 1.58>
ST_1 : Operation 30 [1/1] (1.58ns)   --->   "%store_ln0 = store i32 0, i32 %reuse_reg"   --->   Operation 30 'store' 'store_ln0' <Predicate = true> <Delay = 1.58>
ST_1 : Operation 31 [1/1] (1.58ns)   --->   "%store_ln0 = store i64 18446744073709551615, i64 %reuse_addr_reg"   --->   Operation 31 'store' 'store_ln0' <Predicate = true> <Delay = 1.58>
ST_1 : Operation 32 [1/1] (1.58ns)   --->   "%store_ln0 = store i32 0, i32 %reuse_reg27"   --->   Operation 32 'store' 'store_ln0' <Predicate = true> <Delay = 1.58>
ST_1 : Operation 33 [1/1] (1.58ns)   --->   "%store_ln0 = store i64 18446744073709551615, i64 %reuse_addr_reg28"   --->   Operation 33 'store' 'store_ln0' <Predicate = true> <Delay = 1.58>
ST_1 : Operation 34 [1/1] (0.00ns)   --->   "%br_ln14 = br void %VITIS_LOOP_22_3" [Sobel_Filter.cpp:14]   --->   Operation 34 'br' 'br_ln14' <Predicate = true> <Delay = 0.00>

State 2 <SV = 1> <Delay = 5.05>
ST_2 : Operation 35 [1/1] (0.00ns)   --->   "%indvar_flatten_load = load i62 %indvar_flatten" [Sobel_Filter.cpp:14]   --->   Operation 35 'load' 'indvar_flatten_load' <Predicate = true> <Delay = 0.00>
ST_2 : Operation 36 [1/1] (3.46ns)   --->   "%icmp_ln14 = icmp_eq  i62 %indvar_flatten_load, i62 %bound_read" [Sobel_Filter.cpp:14]   --->   Operation 36 'icmp' 'icmp_ln14' <Predicate = true> <Delay = 3.46> <CoreInst = "Cmp">   --->   Core 9 'Cmp' <Latency = 0> <II = 1> <Delay = 3.46> <FuncUnit> <Opcode : 'seteq' 'setne' 'setle' 'setge' 'setlt' 'setgt'> <InPorts = 2> <OutPorts = 1>
ST_2 : Operation 37 [1/1] (0.00ns)   --->   "%br_ln14 = br i1 %icmp_ln14, void %for.inc101, void %for.end103.exitStub" [Sobel_Filter.cpp:14]   --->   Operation 37 'br' 'br_ln14' <Predicate = true> <Delay = 0.00>
ST_2 : Operation 38 [1/1] (3.46ns)   --->   "%add_ln14 = add i62 %indvar_flatten_load, i62 1" [Sobel_Filter.cpp:14]   --->   Operation 38 'add' 'add_ln14' <Predicate = (!icmp_ln14)> <Delay = 3.46> <CoreInst = "Adder">   --->   Core 1 'Adder' <Latency = 0> <II = 1> <Delay = 3.46> <FuncUnit> <Opcode : 'add' 'sub'> <InPorts = 2> <OutPorts = 1>
ST_2 : Operation 39 [1/1] (1.58ns)   --->   "%store_ln14 = store i62 %add_ln14, i62 %indvar_flatten" [Sobel_Filter.cpp:14]   --->   Operation 39 'store' 'store_ln14' <Predicate = (!icmp_ln14)> <Delay = 1.58>

State 3 <SV = 2> <Delay = 7.39>
ST_3 : Operation 40 [1/1] (0.00ns)   --->   "%J_load = load i31 %J" [Sobel_Filter.cpp:16]   --->   Operation 40 'load' 'J_load' <Predicate = (!icmp_ln14)> <Delay = 0.00>
ST_3 : Operation 41 [1/1] (0.00ns)   --->   "%zext_ln16_1 = zext i31 %J_load" [Sobel_Filter.cpp:16]   --->   Operation 41 'zext' 'zext_ln16_1' <Predicate = (!icmp_ln14)> <Delay = 0.00>
ST_3 : Operation 42 [1/1] (2.55ns)   --->   "%icmp_ln16 = icmp_slt  i32 %zext_ln16_1, i32 %Cols_2_read" [Sobel_Filter.cpp:16]   --->   Operation 42 'icmp' 'icmp_ln16' <Predicate = (!icmp_ln14)> <Delay = 2.55> <CoreInst = "Cmp">   --->   Core 9 'Cmp' <Latency = 0> <II = 1> <Delay = 2.55> <FuncUnit> <Opcode : 'seteq' 'setne' 'setle' 'setge' 'setlt' 'setgt'> <InPorts = 2> <OutPorts = 1>
ST_3 : Operation 43 [1/1] (0.73ns)   --->   "%select_ln14 = select i1 %icmp_ln16, i31 %J_load, i31 0" [Sobel_Filter.cpp:14]   --->   Operation 43 'select' 'select_ln14' <Predicate = (!icmp_ln14)> <Delay = 0.73> <CoreInst = "Sel">   --->   Core 73 'Sel' <Latency = 0> <II = 1> <Delay = 0.73> <FuncUnit> <Opcode : 'select'> <InPorts = 3> <OutPorts = 1>
ST_3 : Operation 44 [1/1] (0.00ns)   --->   "%zext_ln16 = zext i31 %select_ln14" [Sobel_Filter.cpp:16]   --->   Operation 44 'zext' 'zext_ln16' <Predicate = (!icmp_ln14)> <Delay = 0.00>
ST_3 : Operation 45 [1/1] ( I:3.54ns O:3.54ns )   --->   "%Pixel_In = read i32 @_ssdm_op_Read.ap_fifo.volatile.i32P0A, i32 %Gaussian_to_Sobel" [Sobel_Filter.cpp:20]   --->   Operation 45 'read' 'Pixel_In' <Predicate = (!icmp_ln14)> <Delay = 3.54> <CoreInst = "FIFO_SRL">   --->   Core 80 'FIFO_SRL' <Latency = 0> <II = 1> <Delay = 3.54> <Storage> <Opcode : 'read' 'write' 'nbread' 'nbwrite'> <Ports = 0> <Width = 32> <Depth = 8> <FIFO>
ST_3 : Operation 46 [1/1] (0.00ns)   --->   "%Line_Buffer_addr = getelementptr i32 %Line_Buffer, i64 0, i64 %zext_ln16" [Sobel_Filter.cpp:28]   --->   Operation 46 'getelementptr' 'Line_Buffer_addr' <Predicate = (!icmp_ln14)> <Delay = 0.00>
ST_3 : Operation 47 [1/1] (0.00ns)   --->   "%reuse_addr_reg28_load = load i64 %reuse_addr_reg28"   --->   Operation 47 'load' 'reuse_addr_reg28_load' <Predicate = (!icmp_ln14)> <Delay = 0.00>
ST_3 : Operation 48 [2/2] (3.25ns)   --->   "%Line_Buffer_load = load i11 %Line_Buffer_addr" [Sobel_Filter.cpp:28]   --->   Operation 48 'load' 'Line_Buffer_load' <Predicate = (!icmp_ln14)> <Delay = 3.25> <CoreInst = "RAM">   --->   Core 81 'RAM' <Latency = 1> <II = 1> <Delay = 3.25> <Storage> <Opcode : 'load' 'store'> <Ports = 2> <Width = 32> <Depth = 1920> <RAM>
ST_3 : Operation 49 [1/1] (3.52ns)   --->   "%addr_cmp31 = icmp_eq  i64 %reuse_addr_reg28_load, i64 %zext_ln16" [Sobel_Filter.cpp:16]   --->   Operation 49 'icmp' 'addr_cmp31' <Predicate = (!icmp_ln14)> <Delay = 3.52> <CoreInst = "Cmp">   --->   Core 9 'Cmp' <Latency = 0> <II = 1> <Delay = 3.52> <FuncUnit> <Opcode : 'seteq' 'setne' 'setle' 'setge' 'setlt' 'setgt'> <InPorts = 2> <OutPorts = 1>
ST_3 : Operation 50 [1/1] (0.00ns)   --->   "%Line_Buffer_1_addr = getelementptr i32 %Line_Buffer_1, i64 0, i64 %zext_ln16" [Sobel_Filter.cpp:29]   --->   Operation 50 'getelementptr' 'Line_Buffer_1_addr' <Predicate = (!icmp_ln14)> <Delay = 0.00>
ST_3 : Operation 51 [1/1] (0.00ns)   --->   "%reuse_addr_reg_load = load i64 %reuse_addr_reg"   --->   Operation 51 'load' 'reuse_addr_reg_load' <Predicate = (!icmp_ln14)> <Delay = 0.00>
ST_3 : Operation 52 [2/2] (3.25ns)   --->   "%Line_Buffer_1_load = load i11 %Line_Buffer_1_addr" [Sobel_Filter.cpp:29]   --->   Operation 52 'load' 'Line_Buffer_1_load' <Predicate = (!icmp_ln14)> <Delay = 3.25> <CoreInst = "RAM">   --->   Core 81 'RAM' <Latency = 1> <II = 1> <Delay = 3.25> <Storage> <Opcode : 'load' 'store'> <Ports = 2> <Width = 32> <Depth = 1920> <RAM>
ST_3 : Operation 53 [1/1] (3.52ns)   --->   "%addr_cmp = icmp_eq  i64 %reuse_addr_reg_load, i64 %zext_ln16" [Sobel_Filter.cpp:16]   --->   Operation 53 'icmp' 'addr_cmp' <Predicate = (!icmp_ln14)> <Delay = 3.52> <CoreInst = "Cmp">   --->   Core 9 'Cmp' <Latency = 0> <II = 1> <Delay = 3.52> <FuncUnit> <Opcode : 'seteq' 'setne' 'setle' 'setge' 'setlt' 'setgt'> <InPorts = 2> <OutPorts = 1>
ST_3 : Operation 54 [1/1] (1.58ns)   --->   "%store_ln16 = store i64 %zext_ln16, i64 %reuse_addr_reg28" [Sobel_Filter.cpp:16]   --->   Operation 54 'store' 'store_ln16' <Predicate = (!icmp_ln14)> <Delay = 1.58>
ST_3 : Operation 55 [1/1] ( I:3.25ns O:3.25ns )   --->   "%store_ln32 = store i32 %Pixel_In, i11 %Line_Buffer_1_addr" [Sobel_Filter.cpp:32]   --->   Operation 55 'store' 'store_ln32' <Predicate = (!icmp_ln14)> <Delay = 3.25> <CoreInst = "RAM">   --->   Core 81 'RAM' <Latency = 1> <II = 1> <Delay = 3.25> <Storage> <Opcode : 'load' 'store'> <Ports = 2> <Width = 32> <Depth = 1920> <RAM>
ST_3 : Operation 56 [1/1] (1.58ns)   --->   "%store_ln16 = store i64 %zext_ln16, i64 %reuse_addr_reg" [Sobel_Filter.cpp:16]   --->   Operation 56 'store' 'store_ln16' <Predicate = (!icmp_ln14)> <Delay = 1.58>
ST_3 : Operation 57 [1/1] (2.52ns)   --->   "%add_ln16 = add i31 %select_ln14, i31 1" [Sobel_Filter.cpp:16]   --->   Operation 57 'add' 'add_ln16' <Predicate = (!icmp_ln14)> <Delay = 2.52> <CoreInst = "Adder">   --->   Core 1 'Adder' <Latency = 0> <II = 1> <Delay = 2.52> <FuncUnit> <Opcode : 'add' 'sub'> <InPorts = 2> <OutPorts = 1>
ST_3 : Operation 58 [1/1] (1.58ns)   --->   "%store_ln16 = store i31 %add_ln16, i31 %J" [Sobel_Filter.cpp:16]   --->   Operation 58 'store' 'store_ln16' <Predicate = (!icmp_ln14)> <Delay = 1.58>

State 4 <SV = 3> <Delay = 7.20>
ST_4 : Operation 59 [1/1] (0.00ns)   --->   "%p_load24 = load i32 %empty_58" [Sobel_Filter.cpp:16]   --->   Operation 59 'load' 'p_load24' <Predicate = true> <Delay = 0.00>
ST_4 : Operation 60 [1/1] (0.00ns)   --->   "%p_load23 = load i31 %empty_59" [Sobel_Filter.cpp:16]   --->   Operation 60 'load' 'p_load23' <Predicate = true> <Delay = 0.00>
ST_4 : Operation 61 [1/1] (0.00ns)   --->   "%p_load = load i32 %empty_60" [Sobel_Filter.cpp:16]   --->   Operation 61 'load' 'p_load' <Predicate = true> <Delay = 0.00>
ST_4 : Operation 62 [1/1] (0.00ns)   --->   "%Gy_Value_load = load i32 %Gy_Value" [Sobel_Filter.cpp:45]   --->   Operation 62 'load' 'Gy_Value_load' <Predicate = (!icmp_ln14)> <Delay = 0.00>
ST_4 : Operation 63 [1/1] (0.00ns)   --->   "%p_load26 = load i31 %empty"   --->   Operation 63 'load' 'p_load26' <Predicate = (!icmp_ln14)> <Delay = 0.00>
ST_4 : Operation 64 [1/1] (0.00ns)   --->   "%p_load25 = load i32 %empty_57" [Sobel_Filter.cpp:45]   --->   Operation 64 'load' 'p_load25' <Predicate = (!icmp_ln14)> <Delay = 0.00>
ST_4 : Operation 65 [1/1] (0.00ns)   --->   "%trunc_ln16 = trunc i32 %p_load" [Sobel_Filter.cpp:16]   --->   Operation 65 'trunc' 'trunc_ln16' <Predicate = (!icmp_ln14)> <Delay = 0.00>
ST_4 : Operation 66 [1/1] (0.00ns)   --->   "%trunc_ln16_1 = trunc i32 %p_load24" [Sobel_Filter.cpp:16]   --->   Operation 66 'trunc' 'trunc_ln16_1' <Predicate = (!icmp_ln14)> <Delay = 0.00>
ST_4 : Operation 67 [1/1] (0.00ns)   --->   "%reuse_reg27_load = load i32 %reuse_reg27"   --->   Operation 67 'load' 'reuse_reg27_load' <Predicate = (!icmp_ln14 & addr_cmp31)> <Delay = 0.00>
ST_4 : Operation 68 [1/2] ( I:3.25ns O:3.25ns )   --->   "%Line_Buffer_load = load i11 %Line_Buffer_addr" [Sobel_Filter.cpp:28]   --->   Operation 68 'load' 'Line_Buffer_load' <Predicate = (!icmp_ln14)> <Delay = 3.25> <CoreInst = "RAM">   --->   Core 81 'RAM' <Latency = 1> <II = 1> <Delay = 3.25> <Storage> <Opcode : 'load' 'store'> <Ports = 2> <Width = 32> <Depth = 1920> <RAM>
ST_4 : Operation 69 [1/1] (0.69ns)   --->   "%Top_Pixel = select i1 %addr_cmp31, i32 %reuse_reg27_load, i32 %Line_Buffer_load" [Sobel_Filter.cpp:16]   --->   Operation 69 'select' 'Top_Pixel' <Predicate = (!icmp_ln14)> <Delay = 0.69> <CoreInst = "Sel">   --->   Core 73 'Sel' <Latency = 0> <II = 1> <Delay = 0.69> <FuncUnit> <Opcode : 'select'> <InPorts = 3> <OutPorts = 1>
ST_4 : Operation 70 [1/1] (0.00ns)   --->   "%reuse_reg_load = load i32 %reuse_reg"   --->   Operation 70 'load' 'reuse_reg_load' <Predicate = (!icmp_ln14 & addr_cmp)> <Delay = 0.00>
ST_4 : Operation 71 [1/2] ( I:3.25ns O:3.25ns )   --->   "%Line_Buffer_1_load = load i11 %Line_Buffer_1_addr" [Sobel_Filter.cpp:29]   --->   Operation 71 'load' 'Line_Buffer_1_load' <Predicate = (!icmp_ln14)> <Delay = 3.25> <CoreInst = "RAM">   --->   Core 81 'RAM' <Latency = 1> <II = 1> <Delay = 3.25> <Storage> <Opcode : 'load' 'store'> <Ports = 2> <Width = 32> <Depth = 1920> <RAM>
ST_4 : Operation 72 [1/1] (0.69ns)   --->   "%Mid_Pixel = select i1 %addr_cmp, i32 %reuse_reg_load, i32 %Line_Buffer_1_load" [Sobel_Filter.cpp:16]   --->   Operation 72 'select' 'Mid_Pixel' <Predicate = (!icmp_ln14)> <Delay = 0.69> <CoreInst = "Sel">   --->   Core 73 'Sel' <Latency = 0> <II = 1> <Delay = 0.69> <FuncUnit> <Opcode : 'select'> <InPorts = 3> <OutPorts = 1>
ST_4 : Operation 73 [1/1] (0.00ns)   --->   "%empty_61 = trunc i32 %Mid_Pixel" [Sobel_Filter.cpp:16]   --->   Operation 73 'trunc' 'empty_61' <Predicate = (!icmp_ln14)> <Delay = 0.00>
ST_4 : Operation 74 [1/1] ( I:3.25ns O:3.25ns )   --->   "%store_ln31 = store i32 %Mid_Pixel, i11 %Line_Buffer_addr" [Sobel_Filter.cpp:31]   --->   Operation 74 'store' 'store_ln31' <Predicate = (!icmp_ln14)> <Delay = 3.25> <CoreInst = "RAM">   --->   Core 81 'RAM' <Latency = 1> <II = 1> <Delay = 3.25> <Storage> <Opcode : 'load' 'store'> <Ports = 2> <Width = 32> <Depth = 1920> <RAM>
ST_4 : Operation 75 [1/1] (1.58ns)   --->   "%store_ln16 = store i32 %Mid_Pixel, i32 %reuse_reg27" [Sobel_Filter.cpp:16]   --->   Operation 75 'store' 'store_ln16' <Predicate = (!icmp_ln14)> <Delay = 1.58>
ST_4 : Operation 76 [1/1] (1.58ns)   --->   "%store_ln20 = store i32 %Pixel_In, i32 %reuse_reg" [Sobel_Filter.cpp:20]   --->   Operation 76 'store' 'store_ln20' <Predicate = (!icmp_ln14)> <Delay = 1.58>
ST_4 : Operation 77 [1/1] (2.52ns)   --->   "%tmp7 = sub i31 %empty_61, i31 %p_load26" [Sobel_Filter.cpp:16]   --->   Operation 77 'sub' 'tmp7' <Predicate = (!icmp_ln14)> <Delay = 2.52> <CoreInst = "Adder">   --->   Core 1 'Adder' <Latency = 0> <II = 1> <Delay = 2.52> <FuncUnit> <Opcode : 'add' 'sub'> <InPorts = 2> <OutPorts = 1>
ST_4 : Operation 78 [1/1] (0.00ns) (grouped into TernaryAdder)   --->   "%sub_ln46 = sub i32 %Gy_Value_load, i32 %p_load25" [Sobel_Filter.cpp:46]   --->   Operation 78 'sub' 'sub_ln46' <Predicate = (!icmp_ln14)> <Delay = 0.00> <CoreInst = "TAddSub">   --->   Core 10 'TAddSub' <Latency = 0> <II = 1> <Delay = 2.18> <IPBlock> <Opcode : 'add' 'sub'> <InPorts = 3> <OutPorts = 1> <Sync> <CReg>
ST_4 : Operation 79 [1/1] (2.52ns)   --->   "%tmp35 = sub i31 %trunc_ln16_1, i31 %trunc_ln16" [Sobel_Filter.cpp:16]   --->   Operation 79 'sub' 'tmp35' <Predicate = (!icmp_ln14)> <Delay = 2.52> <CoreInst = "Adder">   --->   Core 1 'Adder' <Latency = 0> <II = 1> <Delay = 2.52> <FuncUnit> <Opcode : 'add' 'sub'> <InPorts = 2> <OutPorts = 1>
ST_4 : Operation 80 [1/1] (0.00ns)   --->   "%tmp4 = bitconcatenate i32 @_ssdm_op_BitConcatenate.i32.i31.i1, i31 %tmp35, i1 0" [Sobel_Filter.cpp:16]   --->   Operation 80 'bitconcatenate' 'tmp4' <Predicate = (!icmp_ln14)> <Delay = 0.00>
ST_4 : Operation 81 [1/1] (0.00ns) (grouped into TernaryAdder)   --->   "%add_ln45 = add i32 %Gy_Value_load, i32 %p_load25" [Sobel_Filter.cpp:45]   --->   Operation 81 'add' 'add_ln45' <Predicate = (!icmp_ln14)> <Delay = 0.00> <CoreInst = "TAddSub">   --->   Core 10 'TAddSub' <Latency = 0> <II = 1> <Delay = 2.18> <IPBlock> <Opcode : 'add' 'sub'> <InPorts = 3> <OutPorts = 1> <Sync> <CReg>
ST_4 : Operation 82 [1/1] (4.37ns) (root node of TernaryAdder)   --->   "%sub_ln45 = sub i32 %Pixel_In, i32 %add_ln45" [Sobel_Filter.cpp:45]   --->   Operation 82 'sub' 'sub_ln45' <Predicate = (!icmp_ln14)> <Delay = 4.37> <CoreInst = "TAddSub">   --->   Core 10 'TAddSub' <Latency = 0> <II = 1> <Delay = 2.18> <IPBlock> <Opcode : 'add' 'sub'> <InPorts = 3> <OutPorts = 1> <Sync> <CReg>
ST_4 : Operation 83 [1/1] (4.37ns) (root node of TernaryAdder)   --->   "%add_ln46 = add i32 %sub_ln46, i32 %tmp4" [Sobel_Filter.cpp:46]   --->   Operation 83 'add' 'add_ln46' <Predicate = (!icmp_ln14)> <Delay = 4.37> <CoreInst = "TAddSub">   --->   Core 10 'TAddSub' <Latency = 0> <II = 1> <Delay = 2.18> <IPBlock> <Opcode : 'add' 'sub'> <InPorts = 3> <OutPorts = 1> <Sync> <CReg>
ST_4 : Operation 84 [1/1] (0.00ns)   --->   "%store_ln20 = store i32 %Pixel_In, i32 %empty_60" [Sobel_Filter.cpp:20]   --->   Operation 84 'store' 'store_ln20' <Predicate = (!icmp_ln14)> <Delay = 0.00>
ST_4 : Operation 85 [1/1] (0.00ns)   --->   "%store_ln16 = store i31 %empty_61, i31 %empty_59" [Sobel_Filter.cpp:16]   --->   Operation 85 'store' 'store_ln16' <Predicate = (!icmp_ln14)> <Delay = 0.00>
ST_4 : Operation 86 [1/1] (0.00ns)   --->   "%store_ln16 = store i32 %Top_Pixel, i32 %empty_58" [Sobel_Filter.cpp:16]   --->   Operation 86 'store' 'store_ln16' <Predicate = (!icmp_ln14)> <Delay = 0.00>
ST_4 : Operation 87 [1/1] (0.00ns)   --->   "%store_ln16 = store i32 %p_load, i32 %empty_57" [Sobel_Filter.cpp:16]   --->   Operation 87 'store' 'store_ln16' <Predicate = (!icmp_ln14)> <Delay = 0.00>
ST_4 : Operation 88 [1/1] (0.00ns)   --->   "%store_ln16 = store i31 %p_load23, i31 %empty" [Sobel_Filter.cpp:16]   --->   Operation 88 'store' 'store_ln16' <Predicate = (!icmp_ln14)> <Delay = 0.00>
ST_4 : Operation 89 [1/1] (0.00ns)   --->   "%store_ln39 = store i32 %p_load24, i32 %Gy_Value" [Sobel_Filter.cpp:39]   --->   Operation 89 'store' 'store_ln39' <Predicate = (!icmp_ln14)> <Delay = 0.00>

State 5 <SV = 4> <Delay = 6.92>
ST_5 : Operation 90 [1/1] (0.00ns)   --->   "%tmp1 = bitconcatenate i32 @_ssdm_op_BitConcatenate.i32.i31.i1, i31 %tmp7, i1 0" [Sobel_Filter.cpp:16]   --->   Operation 90 'bitconcatenate' 'tmp1' <Predicate = true> <Delay = 0.00>
ST_5 : Operation 91 [1/1] (0.00ns) (grouped into TernaryAdder)   --->   "%add_ln45_1 = add i32 %sub_ln45, i32 %tmp1" [Sobel_Filter.cpp:45]   --->   Operation 91 'add' 'add_ln45_1' <Predicate = true> <Delay = 0.00> <CoreInst = "TAddSub">   --->   Core 10 'TAddSub' <Latency = 0> <II = 1> <Delay = 2.18> <IPBlock> <Opcode : 'add' 'sub'> <InPorts = 3> <OutPorts = 1> <Sync> <CReg>
ST_5 : Operation 92 [1/1] (4.37ns) (root node of TernaryAdder)   --->   "%Gx_Value = add i32 %add_ln45_1, i32 %Top_Pixel" [Sobel_Filter.cpp:45]   --->   Operation 92 'add' 'Gx_Value' <Predicate = true> <Delay = 4.37> <CoreInst = "TAddSub">   --->   Core 10 'TAddSub' <Latency = 0> <II = 1> <Delay = 2.18> <IPBlock> <Opcode : 'add' 'sub'> <InPorts = 3> <OutPorts = 1> <Sync> <CReg>
ST_5 : Operation 93 [1/1] (0.00ns) (grouped into TernaryAdder)   --->   "%Gy_Value_3 = sub i32 %add_ln46, i32 %Pixel_In" [Sobel_Filter.cpp:46]   --->   Operation 93 'sub' 'Gy_Value_3' <Predicate = true> <Delay = 0.00> <CoreInst = "TAddSub">   --->   Core 10 'TAddSub' <Latency = 0> <II = 1> <Delay = 2.18> <IPBlock> <Opcode : 'add' 'sub'> <InPorts = 3> <OutPorts = 1> <Sync> <CReg>
ST_5 : Operation 94 [1/1] (4.37ns) (root node of TernaryAdder)   --->   "%Gy_Value_2 = add i32 %Top_Pixel, i32 %Gy_Value_3" [Sobel_Filter.cpp:46]   --->   Operation 94 'add' 'Gy_Value_2' <Predicate = true> <Delay = 4.37> <CoreInst = "TAddSub">   --->   Core 10 'TAddSub' <Latency = 0> <II = 1> <Delay = 2.18> <IPBlock> <Opcode : 'add' 'sub'> <InPorts = 3> <OutPorts = 1> <Sync> <CReg>
ST_5 : Operation 95 [1/1] (0.00ns)   --->   "%tmp_1 = bitselect i1 @_ssdm_op_BitSelect.i1.i32.i32, i32 %Gx_Value, i32 31" [Sobel_Filter.cpp:50]   --->   Operation 95 'bitselect' 'tmp_1' <Predicate = true> <Delay = 0.00>
ST_5 : Operation 96 [1/1] (2.55ns)   --->   "%sub_ln50 = sub i32 0, i32 %Gx_Value" [Sobel_Filter.cpp:50]   --->   Operation 96 'sub' 'sub_ln50' <Predicate = true> <Delay = 2.55> <CoreInst = "Adder">   --->   Core 1 'Adder' <Latency = 0> <II = 1> <Delay = 2.55> <FuncUnit> <Opcode : 'add' 'sub'> <InPorts = 2> <OutPorts = 1>
ST_5 : Operation 97 [1/1] (0.00ns)   --->   "%tmp_2 = bitselect i1 @_ssdm_op_BitSelect.i1.i32.i32, i32 %Gy_Value_2, i32 31" [Sobel_Filter.cpp:51]   --->   Operation 97 'bitselect' 'tmp_2' <Predicate = true> <Delay = 0.00>

State 6 <SV = 5> <Delay = 5.06>
ST_6 : Operation 98 [1/1] (0.69ns)   --->   "%Gx_Value_Abs = select i1 %tmp_1, i32 %sub_ln50, i32 %Gx_Value" [Sobel_Filter.cpp:50]   --->   Operation 98 'select' 'Gx_Value_Abs' <Predicate = true> <Delay = 0.69> <CoreInst = "Sel">   --->   Core 73 'Sel' <Latency = 0> <II = 1> <Delay = 0.69> <FuncUnit> <Opcode : 'select'> <InPorts = 3> <OutPorts = 1>
ST_6 : Operation 99 [1/1] (2.55ns)   --->   "%sub_ln51 = sub i32 0, i32 %Gy_Value_2" [Sobel_Filter.cpp:51]   --->   Operation 99 'sub' 'sub_ln51' <Predicate = (tmp_2)> <Delay = 2.55> <CoreInst = "Adder">   --->   Core 1 'Adder' <Latency = 0> <II = 1> <Delay = 2.55> <FuncUnit> <Opcode : 'add' 'sub'> <InPorts = 2> <OutPorts = 1>
ST_6 : Operation 100 [1/1] (0.69ns)   --->   "%Gy_Value_Abs = select i1 %tmp_2, i32 %sub_ln51, i32 %Gy_Value_2" [Sobel_Filter.cpp:51]   --->   Operation 100 'select' 'Gy_Value_Abs' <Predicate = true> <Delay = 0.69> <CoreInst = "Sel">   --->   Core 73 'Sel' <Latency = 0> <II = 1> <Delay = 0.69> <FuncUnit> <Opcode : 'select'> <InPorts = 3> <OutPorts = 1>
ST_6 : Operation 101 [1/1] (0.00ns)   --->   "%shl_ln56 = shl i32 %Gx_Value_Abs, i32 7" [Sobel_Filter.cpp:56]   --->   Operation 101 'shl' 'shl_ln56' <Predicate = true> <Delay = 0.00>
ST_6 : Operation 102 [1/1] (0.00ns)   --->   "%shl_ln56_1 = shl i32 %Gx_Value_Abs, i32 5" [Sobel_Filter.cpp:56]   --->   Operation 102 'shl' 'shl_ln56_1' <Predicate = true> <Delay = 0.00>
ST_6 : Operation 103 [1/1] (2.55ns)   --->   "%sub_ln56 = sub i32 %shl_ln56, i32 %shl_ln56_1" [Sobel_Filter.cpp:56]   --->   Operation 103 'sub' 'sub_ln56' <Predicate = true> <Delay = 2.55> <CoreInst = "Adder">   --->   Core 1 'Adder' <Latency = 0> <II = 1> <Delay = 2.55> <FuncUnit> <Opcode : 'add' 'sub'> <InPorts = 2> <OutPorts = 1>
ST_6 : Operation 104 [1/1] (0.00ns)   --->   "%shl_ln57 = shl i32 %Gx_Value_Abs, i32 9" [Sobel_Filter.cpp:57]   --->   Operation 104 'shl' 'shl_ln57' <Predicate = true> <Delay = 0.00>
ST_6 : Operation 105 [1/1] (0.00ns) (grouped into TernaryAdder)   --->   "%add_ln57 = add i32 %shl_ln57, i32 %shl_ln56" [Sobel_Filter.cpp:57]   --->   Operation 105 'add' 'add_ln57' <Predicate = true> <Delay = 0.00> <CoreInst = "TAddSub">   --->   Core 10 'TAddSub' <Latency = 0> <II = 1> <Delay = 2.18> <IPBlock> <Opcode : 'add' 'sub'> <InPorts = 3> <OutPorts = 1> <Sync> <CReg>
ST_6 : Operation 106 [1/1] (4.37ns) (root node of TernaryAdder)   --->   "%sub_ln57 = sub i32 %add_ln57, i32 %shl_ln56_1" [Sobel_Filter.cpp:57]   --->   Operation 106 'sub' 'sub_ln57' <Predicate = true> <Delay = 4.37> <CoreInst = "TAddSub">   --->   Core 10 'TAddSub' <Latency = 0> <II = 1> <Delay = 2.18> <IPBlock> <Opcode : 'add' 'sub'> <InPorts = 3> <OutPorts = 1> <Sync> <CReg>

State 7 <SV = 6> <Delay = 6.92>
ST_7 : Operation 107 [1/1] (2.55ns)   --->   "%Magnitude = add i32 %Gx_Value_Abs, i32 %Gy_Value_Abs" [Sobel_Filter.cpp:52]   --->   Operation 107 'add' 'Magnitude' <Predicate = true> <Delay = 2.55> <CoreInst = "Adder">   --->   Core 1 'Adder' <Latency = 0> <II = 1> <Delay = 2.55> <FuncUnit> <Opcode : 'add' 'sub'> <InPorts = 2> <OutPorts = 1>
ST_7 : Operation 108 [1/1] (0.00ns)   --->   "%tmp_3 = partselect i24 @_ssdm_op_PartSelect.i24.i32.i32.i32, i32 %Magnitude, i32 8, i32 31" [Sobel_Filter.cpp:54]   --->   Operation 108 'partselect' 'tmp_3' <Predicate = true> <Delay = 0.00>
ST_7 : Operation 109 [1/1] (2.31ns)   --->   "%icmp_ln54 = icmp_sgt  i24 %tmp_3, i24 0" [Sobel_Filter.cpp:54]   --->   Operation 109 'icmp' 'icmp_ln54' <Predicate = true> <Delay = 2.31> <CoreInst = "Cmp">   --->   Core 9 'Cmp' <Latency = 0> <II = 1> <Delay = 2.31> <FuncUnit> <Opcode : 'seteq' 'setne' 'setle' 'setge' 'setlt' 'setgt'> <InPorts = 2> <OutPorts = 1>
ST_7 : Operation 110 [1/1] (0.00ns)   --->   "%shl_ln56_2 = shl i32 %Gx_Value_Abs, i32 3" [Sobel_Filter.cpp:56]   --->   Operation 110 'shl' 'shl_ln56_2' <Predicate = true> <Delay = 0.00>
ST_7 : Operation 111 [1/1] (0.00ns) (grouped into TernaryAdder)   --->   "%add_ln56 = add i32 %sub_ln56, i32 %shl_ln56_2" [Sobel_Filter.cpp:56]   --->   Operation 111 'add' 'add_ln56' <Predicate = true> <Delay = 0.00> <CoreInst = "TAddSub">   --->   Core 10 'TAddSub' <Latency = 0> <II = 1> <Delay = 2.18> <IPBlock> <Opcode : 'add' 'sub'> <InPorts = 3> <OutPorts = 1> <Sync> <CReg>
ST_7 : Operation 112 [1/1] (0.00ns)   --->   "%shl_ln56_3 = shl i32 %Gx_Value_Abs, i32 1" [Sobel_Filter.cpp:56]   --->   Operation 112 'shl' 'shl_ln56_3' <Predicate = true> <Delay = 0.00>
ST_7 : Operation 113 [1/1] (4.37ns) (root node of TernaryAdder)   --->   "%add_ln56_1 = add i32 %add_ln56, i32 %shl_ln56_3" [Sobel_Filter.cpp:56]   --->   Operation 113 'add' 'add_ln56_1' <Predicate = true> <Delay = 4.37> <CoreInst = "TAddSub">   --->   Core 10 'TAddSub' <Latency = 0> <II = 1> <Delay = 2.18> <IPBlock> <Opcode : 'add' 'sub'> <InPorts = 3> <OutPorts = 1> <Sync> <CReg>
ST_7 : Operation 114 [1/1] (0.00ns)   --->   "%Tangent_22_5 = partselect i24 @_ssdm_op_PartSelect.i24.i32.i32.i32, i32 %add_ln56_1, i32 8, i32 31" [Sobel_Filter.cpp:56]   --->   Operation 114 'partselect' 'Tangent_22_5' <Predicate = true> <Delay = 0.00>
ST_7 : Operation 115 [1/1] (0.00ns)   --->   "%sext_ln56 = sext i24 %Tangent_22_5" [Sobel_Filter.cpp:56]   --->   Operation 115 'sext' 'sext_ln56' <Predicate = true> <Delay = 0.00>
ST_7 : Operation 116 [1/1] (0.00ns) (grouped into TernaryAdder)   --->   "%add_ln57_1 = add i32 %sub_ln57, i32 %shl_ln56_2" [Sobel_Filter.cpp:57]   --->   Operation 116 'add' 'add_ln57_1' <Predicate = true> <Delay = 0.00> <CoreInst = "TAddSub">   --->   Core 10 'TAddSub' <Latency = 0> <II = 1> <Delay = 2.18> <IPBlock> <Opcode : 'add' 'sub'> <InPorts = 3> <OutPorts = 1> <Sync> <CReg>
ST_7 : Operation 117 [1/1] (4.37ns) (root node of TernaryAdder)   --->   "%add_ln57_2 = add i32 %add_ln57_1, i32 %shl_ln56_3" [Sobel_Filter.cpp:57]   --->   Operation 117 'add' 'add_ln57_2' <Predicate = true> <Delay = 4.37> <CoreInst = "TAddSub">   --->   Core 10 'TAddSub' <Latency = 0> <II = 1> <Delay = 2.18> <IPBlock> <Opcode : 'add' 'sub'> <InPorts = 3> <OutPorts = 1> <Sync> <CReg>
ST_7 : Operation 118 [1/1] (0.00ns)   --->   "%Tangent_67_5 = partselect i24 @_ssdm_op_PartSelect.i24.i32.i32.i32, i32 %add_ln57_2, i32 8, i32 31" [Sobel_Filter.cpp:57]   --->   Operation 118 'partselect' 'Tangent_67_5' <Predicate = true> <Delay = 0.00>
ST_7 : Operation 119 [1/1] (0.00ns)   --->   "%sext_ln57 = sext i24 %Tangent_67_5" [Sobel_Filter.cpp:57]   --->   Operation 119 'sext' 'sext_ln57' <Predicate = true> <Delay = 0.00>
ST_7 : Operation 120 [1/1] (2.55ns)   --->   "%icmp_ln60 = icmp_slt  i32 %Gy_Value_Abs, i32 %sext_ln56" [Sobel_Filter.cpp:60]   --->   Operation 120 'icmp' 'icmp_ln60' <Predicate = true> <Delay = 2.55> <CoreInst = "Cmp">   --->   Core 9 'Cmp' <Latency = 0> <II = 1> <Delay = 2.55> <FuncUnit> <Opcode : 'seteq' 'setne' 'setle' 'setge' 'setlt' 'setgt'> <InPorts = 2> <OutPorts = 1>
ST_7 : Operation 121 [1/1] (2.55ns)   --->   "%icmp_ln61 = icmp_sgt  i32 %Gy_Value_Abs, i32 %sext_ln57" [Sobel_Filter.cpp:61]   --->   Operation 121 'icmp' 'icmp_ln61' <Predicate = true> <Delay = 2.55> <CoreInst = "Cmp">   --->   Core 9 'Cmp' <Latency = 0> <II = 1> <Delay = 2.55> <FuncUnit> <Opcode : 'seteq' 'setne' 'setle' 'setge' 'setlt' 'setgt'> <InPorts = 2> <OutPorts = 1>
ST_7 : Operation 122 [1/1] (2.55ns)   --->   "%icmp_ln62 = icmp_sgt  i32 %Gx_Value, i32 0" [Sobel_Filter.cpp:62]   --->   Operation 122 'icmp' 'icmp_ln62' <Predicate = true> <Delay = 2.55> <CoreInst = "Cmp">   --->   Core 9 'Cmp' <Latency = 0> <II = 1> <Delay = 2.55> <FuncUnit> <Opcode : 'seteq' 'setne' 'setle' 'setge' 'setlt' 'setgt'> <InPorts = 2> <OutPorts = 1>
ST_7 : Operation 123 [1/1] (2.55ns)   --->   "%icmp_ln62_2 = icmp_sgt  i32 %Gy_Value_2, i32 0" [Sobel_Filter.cpp:62]   --->   Operation 123 'icmp' 'icmp_ln62_2' <Predicate = true> <Delay = 2.55> <CoreInst = "Cmp">   --->   Core 9 'Cmp' <Latency = 0> <II = 1> <Delay = 2.55> <FuncUnit> <Opcode : 'seteq' 'setne' 'setle' 'setge' 'setlt' 'setgt'> <InPorts = 2> <OutPorts = 1>
ST_7 : Operation 142 [1/1] (1.58ns)   --->   "%ret_ln0 = ret"   --->   Operation 142 'ret' 'ret_ln0' <Predicate = (icmp_ln14)> <Delay = 1.58>

State 8 <SV = 7> <Delay = 6.12>
ST_8 : Operation 124 [1/1] (0.00ns)   --->   "%specloopname_ln0 = specloopname void @_ssdm_op_SpecLoopName, void @VITIS_LOOP_14_1_VITIS_LOOP_16_2_str"   --->   Operation 124 'specloopname' 'specloopname_ln0' <Predicate = true> <Delay = 0.00>
ST_8 : Operation 125 [1/1] (0.00ns)   --->   "%specpipeline_ln18 = specpipeline void @_ssdm_op_SpecPipeline, i32 1, i32 0, i32 0, i32 0, i32 4294967295, void @empty_1" [Sobel_Filter.cpp:18]   --->   Operation 125 'specpipeline' 'specpipeline_ln18' <Predicate = true> <Delay = 0.00>
ST_8 : Operation 126 [1/1] (0.69ns)   --->   "%Magnitude_1 = select i1 %icmp_ln54, i32 255, i32 %Magnitude" [Sobel_Filter.cpp:54]   --->   Operation 126 'select' 'Magnitude_1' <Predicate = true> <Delay = 0.69> <CoreInst = "Sel">   --->   Core 73 'Sel' <Latency = 0> <II = 1> <Delay = 0.69> <FuncUnit> <Opcode : 'select'> <InPorts = 3> <OutPorts = 1>
ST_8 : Operation 127 [1/1] (0.00ns) (grouped into LUT with out node Direction)   --->   "%and_ln62 = and i1 %icmp_ln62, i1 %icmp_ln62_2" [Sobel_Filter.cpp:62]   --->   Operation 127 'and' 'and_ln62' <Predicate = true> <Delay = 0.00> <CoreInst = "LogicGate">   --->   Core 74 'LogicGate' <Latency = 0> <II = 1> <Delay = 0.97> <FuncUnit> <Opcode : 'and' 'or' 'xor'> <InPorts = 2> <OutPorts = 1>
ST_8 : Operation 128 [1/1] (0.00ns) (grouped into LUT with out node Direction)   --->   "%and_ln62_1 = and i32 %Gy_Value_2, i32 %Gx_Value" [Sobel_Filter.cpp:62]   --->   Operation 128 'and' 'and_ln62_1' <Predicate = true> <Delay = 0.00> <CoreInst = "LogicGate">   --->   Core 74 'LogicGate' <Latency = 0> <II = 1> <Delay = 0.99> <FuncUnit> <Opcode : 'and' 'or' 'xor'> <InPorts = 2> <OutPorts = 1>
ST_8 : Operation 129 [1/1] (0.00ns) (grouped into LUT with out node Direction)   --->   "%tmp_4 = bitselect i1 @_ssdm_op_BitSelect.i1.i32.i32, i32 %and_ln62_1, i32 31" [Sobel_Filter.cpp:62]   --->   Operation 129 'bitselect' 'tmp_4' <Predicate = true> <Delay = 0.00>
ST_8 : Operation 130 [1/1] (0.00ns) (grouped into LUT with out node Direction)   --->   "%or_ln62 = or i1 %and_ln62, i1 %tmp_4" [Sobel_Filter.cpp:62]   --->   Operation 130 'or' 'or_ln62' <Predicate = true> <Delay = 0.00> <CoreInst = "LogicGate">   --->   Core 74 'LogicGate' <Latency = 0> <II = 1> <Delay = 0.97> <FuncUnit> <Opcode : 'and' 'or' 'xor'> <InPorts = 2> <OutPorts = 1>
ST_8 : Operation 131 [1/1] (0.00ns) (grouped into LUT with out node Direction)   --->   "%select_ln62 = select i1 %or_ln62, i16 11520, i16 34560" [Sobel_Filter.cpp:62]   --->   Operation 131 'select' 'select_ln62' <Predicate = true> <Delay = 0.00> <CoreInst = "Sel">   --->   Core 73 'Sel' <Latency = 0> <II = 1> <Delay = 0.80> <FuncUnit> <Opcode : 'select'> <InPorts = 3> <OutPorts = 1>
ST_8 : Operation 132 [1/1] (0.00ns) (grouped into LUT with out node Direction)   --->   "%xor_ln60 = xor i1 %icmp_ln60, i1 1" [Sobel_Filter.cpp:60]   --->   Operation 132 'xor' 'xor_ln60' <Predicate = true> <Delay = 0.00> <CoreInst = "LogicGate">   --->   Core 74 'LogicGate' <Latency = 0> <II = 1> <Delay = 0.97> <FuncUnit> <Opcode : 'and' 'or' 'xor'> <InPorts = 2> <OutPorts = 1>
ST_8 : Operation 133 [1/1] (0.00ns) (grouped into LUT with out node Direction)   --->   "%and_ln61 = and i1 %icmp_ln61, i1 %xor_ln60" [Sobel_Filter.cpp:61]   --->   Operation 133 'and' 'and_ln61' <Predicate = true> <Delay = 0.00> <CoreInst = "LogicGate">   --->   Core 74 'LogicGate' <Latency = 0> <II = 1> <Delay = 0.97> <FuncUnit> <Opcode : 'and' 'or' 'xor'> <InPorts = 2> <OutPorts = 1>
ST_8 : Operation 134 [1/1] (0.00ns) (grouped into LUT with out node Direction)   --->   "%sel_tmp2 = bitconcatenate i2 @_ssdm_op_BitConcatenate.i2.i1.i1, i1 %icmp_ln60, i1 %and_ln61" [Sobel_Filter.cpp:60]   --->   Operation 134 'bitconcatenate' 'sel_tmp2' <Predicate = true> <Delay = 0.00>
ST_8 : Operation 135 [1/1] (1.58ns) (out node of the LUT)   --->   "%Direction = sparsemux i16 @_ssdm_op_SparseMux.ap_auto.3i16.i16.i2, i2 2, i16 0, i2 1, i16 23040, i2 0, i16 %select_ln62, i16 0, i2 %sel_tmp2" [Sobel_Filter.cpp:62]   --->   Operation 135 'sparsemux' 'Direction' <Predicate = true> <Delay = 1.58> <CoreInst = "OneHotSparseMux_HasDef">   --->   Core 140 'OneHotSparseMux_HasDef' <Latency = 0> <II = 1> <Delay = 1.58> <FuncUnit> <Opcode : 'sparsemux'> <InPorts = 2> <OutPorts = 1>
ST_8 : Operation 136 [1/1] (0.00ns) (grouped into LUT with out node or_ln67)   --->   "%trunc_ln67 = trunc i32 %Magnitude_1" [Sobel_Filter.cpp:67]   --->   Operation 136 'trunc' 'trunc_ln67' <Predicate = true> <Delay = 0.00>
ST_8 : Operation 137 [1/1] (0.99ns) (out node of the LUT)   --->   "%or_ln67 = or i16 %trunc_ln67, i16 %Direction" [Sobel_Filter.cpp:67]   --->   Operation 137 'or' 'or_ln67' <Predicate = true> <Delay = 0.99> <CoreInst = "LogicGate">   --->   Core 74 'LogicGate' <Latency = 0> <II = 1> <Delay = 0.99> <FuncUnit> <Opcode : 'and' 'or' 'xor'> <InPorts = 2> <OutPorts = 1>
ST_8 : Operation 138 [1/1] (0.00ns)   --->   "%tmp = partselect i16 @_ssdm_op_PartSelect.i16.i32.i32.i32, i32 %Magnitude_1, i32 16, i32 31" [Sobel_Filter.cpp:67]   --->   Operation 138 'partselect' 'tmp' <Predicate = true> <Delay = 0.00>
ST_8 : Operation 139 [1/1] (0.00ns)   --->   "%Pixel_Out = bitconcatenate i32 @_ssdm_op_BitConcatenate.i32.i16.i16, i16 %tmp, i16 %or_ln67" [Sobel_Filter.cpp:67]   --->   Operation 139 'bitconcatenate' 'Pixel_Out' <Predicate = true> <Delay = 0.00>
ST_8 : Operation 140 [1/1] ( I:3.54ns O:3.54ns )   --->   "%write_ln69 = write void @_ssdm_op_Write.ap_fifo.volatile.i32P0A, i32 %Sobel_to_Suppression, i32 %Pixel_Out" [Sobel_Filter.cpp:69]   --->   Operation 140 'write' 'write_ln69' <Predicate = true> <Delay = 3.54> <CoreInst = "FIFO_SRL">   --->   Core 80 'FIFO_SRL' <Latency = 0> <II = 1> <Delay = 3.54> <Storage> <Opcode : 'read' 'write' 'nbread' 'nbwrite'> <Ports = 0> <Width = 32> <Depth = 8> <FIFO>
ST_8 : Operation 141 [1/1] (0.00ns)   --->   "%br_ln16 = br void %VITIS_LOOP_22_3" [Sobel_Filter.cpp:16]   --->   Operation 141 'br' 'br_ln16' <Predicate = true> <Delay = 0.00>


============================================================
+ Verbose Summary: Timing violations
============================================================
Target clock period: 10.000ns, clock uncertainty: 2.700ns.

 <State 1>: 1.588ns
The critical path consists of the following:
	'alloca' operation 62 bit ('indvar_flatten') [13]  (0.000 ns)
	'store' operation ('store_ln0') of constant 0 62 bit on local variable 'indvar_flatten' [23]  (1.588 ns)

 <State 2>: 5.056ns
The critical path consists of the following:
	'load' operation 62 bit ('indvar_flatten_load', Sobel_Filter.cpp:14) on local variable 'indvar_flatten' [31]  (0.000 ns)
	'icmp' operation 1 bit ('icmp_ln14', Sobel_Filter.cpp:14) [35]  (3.469 ns)
	'store' operation ('store_ln14', Sobel_Filter.cpp:14) of variable 'add_ln14', Sobel_Filter.cpp:14 62 bit on local variable 'indvar_flatten' [131]  (1.588 ns)

 <State 3>: 7.396ns
The critical path consists of the following:
	'load' operation 31 bit ('J_load', Sobel_Filter.cpp:16) on local variable 'J', Sobel_Filter.cpp:16 [41]  (0.000 ns)
	'icmp' operation 1 bit ('icmp_ln16', Sobel_Filter.cpp:16) [43]  (2.552 ns)
	'select' operation 31 bit ('select_ln14', Sobel_Filter.cpp:14) [46]  (0.733 ns)
	'add' operation 31 bit ('add_ln16', Sobel_Filter.cpp:16) [127]  (2.522 ns)
	'store' operation ('store_ln16', Sobel_Filter.cpp:16) of variable 'add_ln16', Sobel_Filter.cpp:16 31 bit on local variable 'J', Sobel_Filter.cpp:16 [132]  (1.588 ns)

 <State 4>: 7.206ns
The critical path consists of the following:
	'load' operation 32 bit ('Line_Buffer_1_load', Sobel_Filter.cpp:29) on array 'Line_Buffer', Sobel_Filter.cpp:5 [61]  (3.254 ns)
	'select' operation 32 bit ('Mid_Pixel', Sobel_Filter.cpp:16) [63]  (0.698 ns)
	'store' operation ('store_ln31', Sobel_Filter.cpp:31) of variable 'Mid_Pixel', Sobel_Filter.cpp:16 32 bit on array 'Line_Buffer', Sobel_Filter.cpp:5 [65]  (3.254 ns)

 <State 5>: 6.923ns
The critical path consists of the following:
	'add' operation 32 bit ('add_ln45_1', Sobel_Filter.cpp:45) [78]  (0.000 ns)
	'add' operation 32 bit ('Gx_Value', Sobel_Filter.cpp:45) [79]  (4.371 ns)
	'sub' operation 32 bit ('sub_ln50', Sobel_Filter.cpp:50) [84]  (2.552 ns)

 <State 6>: 5.069ns
The critical path consists of the following:
	'select' operation 32 bit ('Gx_Value_Abs', Sobel_Filter.cpp:50) [85]  (0.698 ns)
	'shl' operation 32 bit ('shl_ln57', Sobel_Filter.cpp:57) [102]  (0.000 ns)
	'add' operation 32 bit ('add_ln57', Sobel_Filter.cpp:57) [103]  (0.000 ns)
	'sub' operation 32 bit ('sub_ln57', Sobel_Filter.cpp:57) [104]  (4.371 ns)

 <State 7>: 6.923ns
The critical path consists of the following:
	'shl' operation 32 bit ('shl_ln56_2', Sobel_Filter.cpp:56) [96]  (0.000 ns)
	'add' operation 32 bit ('add_ln56', Sobel_Filter.cpp:56) [97]  (0.000 ns)
	'add' operation 32 bit ('add_ln56_1', Sobel_Filter.cpp:56) [99]  (4.371 ns)
	'icmp' operation 1 bit ('icmp_ln60', Sobel_Filter.cpp:60) [109]  (2.552 ns)

 <State 8>: 6.127ns
The critical path consists of the following:
	'and' operation 1 bit ('and_ln62', Sobel_Filter.cpp:62) [113]  (0.000 ns)
	'or' operation 1 bit ('or_ln62', Sobel_Filter.cpp:62) [116]  (0.000 ns)
	'select' operation 16 bit ('select_ln62', Sobel_Filter.cpp:62) [117]  (0.000 ns)
	'sparsemux' operation 16 bit ('Direction', Sobel_Filter.cpp:62) [121]  (1.588 ns)
	'or' operation 16 bit ('or_ln67', Sobel_Filter.cpp:67) [123]  (0.990 ns)
	fifo write operation ('write_ln69', Sobel_Filter.cpp:69) on port 'Sobel_to_Suppression' (Sobel_Filter.cpp:69) [126]  (3.549 ns)


============================================================
+ Verbose Summary: Binding
============================================================
N/A
* FSMD analyzer results:
  - Output states:
 - Input state : 
  - Chain level:
	State 1
	State 2
	State 3
	State 4
	State 5
	State 6
	State 7
	State 8


============================================================
+ Verbose Summary: Datapath Resource usage 
============================================================
N/A
