

================================================================
== Vitis HLS Report for 'Suppression_Filter_Pipeline_VITIS_LOOP_11_1_VITIS_LOOP_13_2'
================================================================
* Date:           Thu Sep 24 14:58:42 2026

* Version:        2026.1 (Build 6493734 on Jun 16 2026)
* Project:        Canny_Filter_IP
* Solution:       hls
* Product family: zynq
* Target device:  xc7z020-clg400-1


================================================================
== Performance Estimates
================================================================
+ Timing: 
    * Summary: 
    +--------+----------+----------+------------+
    |  Clock |  Target  | Estimated| Uncertainty|
    +--------+----------+----------+------------+
    |ap_clk  |  10.00 ns|  7.396 ns|     2.70 ns|
    +--------+----------+----------+------------+

+ Latency: 
    * Summary: 
    +---------+---------+----------+----------+-----+-----+-------------------+
    |  Latency (cycles) |  Latency (absolute) |  Interval |      Pipeline     |
    |   min   |   max   |    min   |    max   | min | max |        Type       |
    +---------+---------+----------+----------+-----+-----+-------------------+
    |        ?|        ?|         ?|         ?|    0|    0|  loop pipeline stp|
    +---------+---------+----------+----------+-----+-----+-------------------+

    + Detail: 
        * Instance: 
        N/A

        * Loop: 
        +-----------------------------------+---------+---------+----------+-----------+-----------+------+----------+
        |                                   |  Latency (cycles) | Iteration|  Initiation Interval  | Trip |          |
        |             Loop Name             |   min   |   max   |  Latency |  achieved |   target  | Count| Pipelined|
        +-----------------------------------+---------+---------+----------+-----------+-----------+------+----------+
        |- VITIS_LOOP_11_1_VITIS_LOOP_13_2  |        ?|        ?|         4|          1|          1|     ?|       yes|
        +-----------------------------------+---------+---------+----------+-----------+-----------+------+----------+

============================================================
+ Verbose Summary: Synthesis Manager
============================================================
InlineROM: 1
ExposeGlobal: 0
============================================================
+ Verbose Summary: CDFG Model
============================================================
IsTopModel: 0
ResetActiveHigh: 1
IsCombinational: 0
IsDatapathOnly: 0
HasWiredReturn: 1
HasMFsm: 2
HasVarLatency: 1
IsPipeline: 0
IsRtlPipelined: 0
IsInstanceOverlapped: 0
IsDontTouch: 0
HasImplIP: 0
IsGatedGlobalClock: 0

+ Individual pipeline summary: 
  * Pipeline-0: initiation interval (II) = 1, depth = 5


============================================================
+ Verbose Summary: Schedule
============================================================
* Number of FSM states : 5
* Pipeline : 1
  Pipeline-0 : II = 1, D = 5, States = { 1 2 3 4 5 }
* Dataflow Pipeline: 0

* FSM state transitions: 
1 --> 2 
2 --> 3 
3 --> 4 
4 --> 5 
5 --> 

* FSM state operations: 

State 1 <SV = 0> <Delay = 1.58>
ST_1 : Operation 7 [1/1] (0.00ns)   --->   "%reuse_addr_reg23 = alloca i32 1"   --->   Operation 7 'alloca' 'reuse_addr_reg23' <Predicate = true> <Delay = 0.00>
ST_1 : Operation 8 [1/1] (0.00ns)   --->   "%reuse_reg22 = alloca i32 1"   --->   Operation 8 'alloca' 'reuse_reg22' <Predicate = true> <Delay = 0.00>
ST_1 : Operation 9 [1/1] (0.00ns)   --->   "%reuse_addr_reg = alloca i32 1"   --->   Operation 9 'alloca' 'reuse_addr_reg' <Predicate = true> <Delay = 0.00>
ST_1 : Operation 10 [1/1] (0.00ns)   --->   "%reuse_reg = alloca i32 1"   --->   Operation 10 'alloca' 'reuse_reg' <Predicate = true> <Delay = 0.00>
ST_1 : Operation 11 [1/1] (0.00ns)   --->   "%empty = alloca i32 1"   --->   Operation 11 'alloca' 'empty' <Predicate = true> <Delay = 0.00>
ST_1 : Operation 12 [1/1] (0.00ns)   --->   "%J = alloca i32 1" [Suppression_Filter.cpp:13]   --->   Operation 12 'alloca' 'J' <Predicate = true> <Delay = 0.00>
ST_1 : Operation 13 [1/1] (0.00ns)   --->   "%indvar_flatten = alloca i32 1"   --->   Operation 13 'alloca' 'indvar_flatten' <Predicate = true> <Delay = 0.00>
ST_1 : Operation 14 [1/1] (0.00ns)   --->   "%empty_49 = alloca i32 1"   --->   Operation 14 'alloca' 'empty_49' <Predicate = true> <Delay = 0.00>
ST_1 : Operation 15 [1/1] (0.00ns)   --->   "%empty_50 = alloca i32 1"   --->   Operation 15 'alloca' 'empty_50' <Predicate = true> <Delay = 0.00>
ST_1 : Operation 16 [1/1] (0.00ns)   --->   "%empty_51 = alloca i32 1"   --->   Operation 16 'alloca' 'empty_51' <Predicate = true> <Delay = 0.00>
ST_1 : Operation 17 [1/1] (0.00ns)   --->   "%empty_52 = alloca i32 1"   --->   Operation 17 'alloca' 'empty_52' <Predicate = true> <Delay = 0.00>
ST_1 : Operation 18 [1/1] (0.00ns)   --->   "%empty_53 = alloca i32 1"   --->   Operation 18 'alloca' 'empty_53' <Predicate = true> <Delay = 0.00>
ST_1 : Operation 19 [1/1] (0.00ns)   --->   "%specinterface_ln0 = specinterface void @_ssdm_op_SpecInterface, i32 %Sobel_to_Suppression, void @empty_9, i32 0, i32 0, void @empty_1, i32 0, i32 0, void @empty_1, void @empty_1, void @empty_1, i32 0, i32 0, i32 0, i32 0, void @empty_1, void @empty_1, i32 4294967295, i32 0, i32 0, i32 0"   --->   Operation 19 'specinterface' 'specinterface_ln0' <Predicate = true> <Delay = 0.00>
ST_1 : Operation 20 [1/1] (0.00ns)   --->   "%specinterface_ln0 = specinterface void @_ssdm_op_SpecInterface, i32 %Suppression_to_Hysteresis, void @empty_9, i32 0, i32 0, void @empty_1, i32 0, i32 0, void @empty_1, void @empty_1, void @empty_1, i32 0, i32 0, i32 0, i32 0, void @empty_1, void @empty_1, i32 4294967295, i32 0, i32 0, i32 0"   --->   Operation 20 'specinterface' 'specinterface_ln0' <Predicate = true> <Delay = 0.00>
ST_1 : Operation 21 [1/1] (0.00ns)   --->   "%bound_read = read i62 @_ssdm_op_Read.ap_auto.i62, i62 %bound"   --->   Operation 21 'read' 'bound_read' <Predicate = true> <Delay = 0.00>
ST_1 : Operation 22 [1/1] (0.00ns)   --->   "%Cols_1_read = read i32 @_ssdm_op_Read.ap_auto.i32, i32 %Cols_1"   --->   Operation 22 'read' 'Cols_1_read' <Predicate = true> <Delay = 0.00>
ST_1 : Operation 23 [1/1] (0.00ns)   --->   "%Line_Buffer_1 = alloca i64 1" [Suppression_Filter.cpp:5]   --->   Operation 23 'alloca' 'Line_Buffer_1' <Predicate = true> <Delay = 0.00> <CoreInst = "RAM">   --->   Core 81 'RAM' <Latency = 1> <II = 1> <Delay = 3.25> <Storage> <Opcode : 'load' 'store'> <Ports = 2> <Width = 16> <Depth = 1920> <RAM>
ST_1 : Operation 24 [1/1] (0.00ns)   --->   "%Line_Buffer = alloca i64 1" [Suppression_Filter.cpp:5]   --->   Operation 24 'alloca' 'Line_Buffer' <Predicate = true> <Delay = 0.00> <CoreInst = "RAM">   --->   Core 81 'RAM' <Latency = 1> <II = 1> <Delay = 3.25> <Storage> <Opcode : 'load' 'store'> <Ports = 2> <Width = 8> <Depth = 1920> <RAM>
ST_1 : Operation 25 [1/1] (1.58ns)   --->   "%store_ln0 = store i62 0, i62 %indvar_flatten"   --->   Operation 25 'store' 'store_ln0' <Predicate = true> <Delay = 1.58>
ST_1 : Operation 26 [1/1] (1.58ns)   --->   "%store_ln13 = store i31 0, i31 %J" [Suppression_Filter.cpp:13]   --->   Operation 26 'store' 'store_ln13' <Predicate = true> <Delay = 1.58>
ST_1 : Operation 27 [1/1] (1.58ns)   --->   "%store_ln0 = store i16 0, i16 %reuse_reg"   --->   Operation 27 'store' 'store_ln0' <Predicate = true> <Delay = 1.58>
ST_1 : Operation 28 [1/1] (1.58ns)   --->   "%store_ln0 = store i64 18446744073709551615, i64 %reuse_addr_reg"   --->   Operation 28 'store' 'store_ln0' <Predicate = true> <Delay = 1.58>
ST_1 : Operation 29 [1/1] (1.58ns)   --->   "%store_ln0 = store i8 0, i8 %reuse_reg22"   --->   Operation 29 'store' 'store_ln0' <Predicate = true> <Delay = 1.58>
ST_1 : Operation 30 [1/1] (1.58ns)   --->   "%store_ln0 = store i64 18446744073709551615, i64 %reuse_addr_reg23"   --->   Operation 30 'store' 'store_ln0' <Predicate = true> <Delay = 1.58>
ST_1 : Operation 31 [1/1] (0.00ns)   --->   "%br_ln11 = br void %VITIS_LOOP_19_3" [Suppression_Filter.cpp:11]   --->   Operation 31 'br' 'br_ln11' <Predicate = true> <Delay = 0.00>

State 2 <SV = 1> <Delay = 5.05>
ST_2 : Operation 32 [1/1] (0.00ns)   --->   "%indvar_flatten_load = load i62 %indvar_flatten" [Suppression_Filter.cpp:11]   --->   Operation 32 'load' 'indvar_flatten_load' <Predicate = true> <Delay = 0.00>
ST_2 : Operation 33 [1/1] (3.46ns)   --->   "%icmp_ln11 = icmp_eq  i62 %indvar_flatten_load, i62 %bound_read" [Suppression_Filter.cpp:11]   --->   Operation 33 'icmp' 'icmp_ln11' <Predicate = true> <Delay = 3.46> <CoreInst = "Cmp">   --->   Core 9 'Cmp' <Latency = 0> <II = 1> <Delay = 3.46> <FuncUnit> <Opcode : 'seteq' 'setne' 'setle' 'setge' 'setlt' 'setgt'> <InPorts = 2> <OutPorts = 1>
ST_2 : Operation 34 [1/1] (0.00ns)   --->   "%br_ln11 = br i1 %icmp_ln11, void %for.inc80, void %for.end82.exitStub" [Suppression_Filter.cpp:11]   --->   Operation 34 'br' 'br_ln11' <Predicate = true> <Delay = 0.00>
ST_2 : Operation 35 [1/1] (3.46ns)   --->   "%add_ln11 = add i62 %indvar_flatten_load, i62 1" [Suppression_Filter.cpp:11]   --->   Operation 35 'add' 'add_ln11' <Predicate = (!icmp_ln11)> <Delay = 3.46> <CoreInst = "Adder">   --->   Core 1 'Adder' <Latency = 0> <II = 1> <Delay = 3.46> <FuncUnit> <Opcode : 'add' 'sub'> <InPorts = 2> <OutPorts = 1>
ST_2 : Operation 36 [1/1] (1.58ns)   --->   "%store_ln11 = store i62 %add_ln11, i62 %indvar_flatten" [Suppression_Filter.cpp:11]   --->   Operation 36 'store' 'store_ln11' <Predicate = (!icmp_ln11)> <Delay = 1.58>

State 3 <SV = 2> <Delay = 7.39>
ST_3 : Operation 37 [1/1] (0.00ns)   --->   "%J_load = load i31 %J" [Suppression_Filter.cpp:13]   --->   Operation 37 'load' 'J_load' <Predicate = (!icmp_ln11)> <Delay = 0.00>
ST_3 : Operation 38 [1/1] (0.00ns)   --->   "%zext_ln13_1 = zext i31 %J_load" [Suppression_Filter.cpp:13]   --->   Operation 38 'zext' 'zext_ln13_1' <Predicate = (!icmp_ln11)> <Delay = 0.00>
ST_3 : Operation 39 [1/1] (2.55ns)   --->   "%icmp_ln13 = icmp_slt  i32 %zext_ln13_1, i32 %Cols_1_read" [Suppression_Filter.cpp:13]   --->   Operation 39 'icmp' 'icmp_ln13' <Predicate = (!icmp_ln11)> <Delay = 2.55> <CoreInst = "Cmp">   --->   Core 9 'Cmp' <Latency = 0> <II = 1> <Delay = 2.55> <FuncUnit> <Opcode : 'seteq' 'setne' 'setle' 'setge' 'setlt' 'setgt'> <InPorts = 2> <OutPorts = 1>
ST_3 : Operation 40 [1/1] (0.73ns)   --->   "%select_ln11 = select i1 %icmp_ln13, i31 %J_load, i31 0" [Suppression_Filter.cpp:11]   --->   Operation 40 'select' 'select_ln11' <Predicate = (!icmp_ln11)> <Delay = 0.73> <CoreInst = "Sel">   --->   Core 73 'Sel' <Latency = 0> <II = 1> <Delay = 0.73> <FuncUnit> <Opcode : 'select'> <InPorts = 3> <OutPorts = 1>
ST_3 : Operation 41 [1/1] (0.00ns)   --->   "%zext_ln13 = zext i31 %select_ln11" [Suppression_Filter.cpp:13]   --->   Operation 41 'zext' 'zext_ln13' <Predicate = (!icmp_ln11)> <Delay = 0.00>
ST_3 : Operation 42 [1/1] ( I:3.54ns O:3.54ns )   --->   "%Pixel_In = read i32 @_ssdm_op_Read.ap_fifo.volatile.i32P0A, i32 %Sobel_to_Suppression" [Suppression_Filter.cpp:17]   --->   Operation 42 'read' 'Pixel_In' <Predicate = (!icmp_ln11)> <Delay = 3.54> <CoreInst = "FIFO_SRL">   --->   Core 80 'FIFO_SRL' <Latency = 0> <II = 1> <Delay = 3.54> <Storage> <Opcode : 'read' 'write' 'nbread' 'nbwrite'> <Ports = 0> <Width = 32> <Depth = 8> <FIFO>
ST_3 : Operation 43 [1/1] (0.00ns)   --->   "%trunc_ln17 = trunc i32 %Pixel_In" [Suppression_Filter.cpp:17]   --->   Operation 43 'trunc' 'trunc_ln17' <Predicate = (!icmp_ln11)> <Delay = 0.00>
ST_3 : Operation 44 [1/1] (0.00ns)   --->   "%trunc_ln17_1 = trunc i32 %Pixel_In" [Suppression_Filter.cpp:17]   --->   Operation 44 'trunc' 'trunc_ln17_1' <Predicate = (!icmp_ln11)> <Delay = 0.00>
ST_3 : Operation 45 [1/1] (0.00ns)   --->   "%Line_Buffer_addr = getelementptr i8 %Line_Buffer, i64 0, i64 %zext_ln13" [Suppression_Filter.cpp:25]   --->   Operation 45 'getelementptr' 'Line_Buffer_addr' <Predicate = (!icmp_ln11)> <Delay = 0.00>
ST_3 : Operation 46 [1/1] (0.00ns)   --->   "%reuse_addr_reg23_load = load i64 %reuse_addr_reg23"   --->   Operation 46 'load' 'reuse_addr_reg23_load' <Predicate = (!icmp_ln11)> <Delay = 0.00>
ST_3 : Operation 47 [2/2] (3.25ns)   --->   "%Line_Buffer_load = load i11 %Line_Buffer_addr" [Suppression_Filter.cpp:25]   --->   Operation 47 'load' 'Line_Buffer_load' <Predicate = (!icmp_ln11)> <Delay = 3.25> <CoreInst = "RAM">   --->   Core 81 'RAM' <Latency = 1> <II = 1> <Delay = 3.25> <Storage> <Opcode : 'load' 'store'> <Ports = 2> <Width = 8> <Depth = 1920> <RAM>
ST_3 : Operation 48 [1/1] (3.52ns)   --->   "%addr_cmp26 = icmp_eq  i64 %reuse_addr_reg23_load, i64 %zext_ln13" [Suppression_Filter.cpp:13]   --->   Operation 48 'icmp' 'addr_cmp26' <Predicate = (!icmp_ln11)> <Delay = 3.52> <CoreInst = "Cmp">   --->   Core 9 'Cmp' <Latency = 0> <II = 1> <Delay = 3.52> <FuncUnit> <Opcode : 'seteq' 'setne' 'setle' 'setge' 'setlt' 'setgt'> <InPorts = 2> <OutPorts = 1>
ST_3 : Operation 49 [1/1] (0.00ns)   --->   "%Line_Buffer_1_addr = getelementptr i16 %Line_Buffer_1, i64 0, i64 %zext_ln13" [Suppression_Filter.cpp:26]   --->   Operation 49 'getelementptr' 'Line_Buffer_1_addr' <Predicate = (!icmp_ln11)> <Delay = 0.00>
ST_3 : Operation 50 [1/1] (0.00ns)   --->   "%reuse_addr_reg_load = load i64 %reuse_addr_reg"   --->   Operation 50 'load' 'reuse_addr_reg_load' <Predicate = (!icmp_ln11)> <Delay = 0.00>
ST_3 : Operation 51 [2/2] (3.25ns)   --->   "%Line_Buffer_1_load = load i11 %Line_Buffer_1_addr" [Suppression_Filter.cpp:26]   --->   Operation 51 'load' 'Line_Buffer_1_load' <Predicate = (!icmp_ln11)> <Delay = 3.25> <CoreInst = "RAM">   --->   Core 81 'RAM' <Latency = 1> <II = 1> <Delay = 3.25> <Storage> <Opcode : 'load' 'store'> <Ports = 2> <Width = 16> <Depth = 1920> <RAM>
ST_3 : Operation 52 [1/1] (3.52ns)   --->   "%addr_cmp = icmp_eq  i64 %reuse_addr_reg_load, i64 %zext_ln13" [Suppression_Filter.cpp:13]   --->   Operation 52 'icmp' 'addr_cmp' <Predicate = (!icmp_ln11)> <Delay = 3.52> <CoreInst = "Cmp">   --->   Core 9 'Cmp' <Latency = 0> <II = 1> <Delay = 3.52> <FuncUnit> <Opcode : 'seteq' 'setne' 'setle' 'setge' 'setlt' 'setgt'> <InPorts = 2> <OutPorts = 1>
ST_3 : Operation 53 [1/1] (1.58ns)   --->   "%store_ln13 = store i64 %zext_ln13, i64 %reuse_addr_reg23" [Suppression_Filter.cpp:13]   --->   Operation 53 'store' 'store_ln13' <Predicate = (!icmp_ln11)> <Delay = 1.58>
ST_3 : Operation 54 [1/1] ( I:3.25ns O:3.25ns )   --->   "%store_ln29 = store i16 %trunc_ln17_1, i11 %Line_Buffer_1_addr" [Suppression_Filter.cpp:29]   --->   Operation 54 'store' 'store_ln29' <Predicate = (!icmp_ln11)> <Delay = 3.25> <CoreInst = "RAM">   --->   Core 81 'RAM' <Latency = 1> <II = 1> <Delay = 3.25> <Storage> <Opcode : 'load' 'store'> <Ports = 2> <Width = 16> <Depth = 1920> <RAM>
ST_3 : Operation 55 [1/1] (1.58ns)   --->   "%store_ln13 = store i64 %zext_ln13, i64 %reuse_addr_reg" [Suppression_Filter.cpp:13]   --->   Operation 55 'store' 'store_ln13' <Predicate = (!icmp_ln11)> <Delay = 1.58>
ST_3 : Operation 56 [1/1] (2.52ns)   --->   "%add_ln13 = add i31 %select_ln11, i31 1" [Suppression_Filter.cpp:13]   --->   Operation 56 'add' 'add_ln13' <Predicate = (!icmp_ln11)> <Delay = 2.52> <CoreInst = "Adder">   --->   Core 1 'Adder' <Latency = 0> <II = 1> <Delay = 2.52> <FuncUnit> <Opcode : 'add' 'sub'> <InPorts = 2> <OutPorts = 1>
ST_3 : Operation 57 [1/1] (1.58ns)   --->   "%store_ln13 = store i31 %add_ln13, i31 %J" [Suppression_Filter.cpp:13]   --->   Operation 57 'store' 'store_ln13' <Predicate = (!icmp_ln11)> <Delay = 1.58>

State 4 <SV = 3> <Delay = 7.31>
ST_4 : Operation 58 [1/1] (0.00ns)   --->   "%p_load19 = load i16 %empty"   --->   Operation 58 'load' 'p_load19' <Predicate = true> <Delay = 0.00>
ST_4 : Operation 59 [1/1] (0.00ns)   --->   "%p_load18 = load i8 %empty_49"   --->   Operation 59 'load' 'p_load18' <Predicate = true> <Delay = 0.00>
ST_4 : Operation 60 [1/1] (0.00ns)   --->   "%p_load17 = load i8 %empty_50" [Suppression_Filter.cpp:13]   --->   Operation 60 'load' 'p_load17' <Predicate = true> <Delay = 0.00>
ST_4 : Operation 61 [1/1] (0.00ns)   --->   "%p_load16 = load i8 %empty_51" [Suppression_Filter.cpp:13]   --->   Operation 61 'load' 'p_load16' <Predicate = true> <Delay = 0.00>
ST_4 : Operation 62 [1/1] (0.00ns)   --->   "%p_load15 = load i8 %empty_52"   --->   Operation 62 'load' 'p_load15' <Predicate = true> <Delay = 0.00>
ST_4 : Operation 63 [1/1] (0.00ns)   --->   "%p_load = load i8 %empty_53" [Suppression_Filter.cpp:13]   --->   Operation 63 'load' 'p_load' <Predicate = true> <Delay = 0.00>
ST_4 : Operation 64 [1/1] (0.00ns)   --->   "%Center_Magnitude = trunc i16 %p_load19"   --->   Operation 64 'trunc' 'Center_Magnitude' <Predicate = true> <Delay = 0.00>
ST_4 : Operation 65 [1/1] (0.00ns)   --->   "%specloopname_ln0 = specloopname void @_ssdm_op_SpecLoopName, void @VITIS_LOOP_11_1_VITIS_LOOP_13_2_str"   --->   Operation 65 'specloopname' 'specloopname_ln0' <Predicate = (!icmp_ln11)> <Delay = 0.00>
ST_4 : Operation 66 [1/1] (0.00ns)   --->   "%specpipeline_ln15 = specpipeline void @_ssdm_op_SpecPipeline, i32 1, i32 0, i32 0, i32 0, i32 4294967295, void @empty_1" [Suppression_Filter.cpp:15]   --->   Operation 66 'specpipeline' 'specpipeline_ln15' <Predicate = (!icmp_ln11)> <Delay = 0.00>
ST_4 : Operation 67 [1/1] (0.00ns)   --->   "%reuse_reg22_load = load i8 %reuse_reg22"   --->   Operation 67 'load' 'reuse_reg22_load' <Predicate = (!icmp_ln11 & addr_cmp26)> <Delay = 0.00>
ST_4 : Operation 68 [1/2] ( I:3.25ns O:3.25ns )   --->   "%Line_Buffer_load = load i11 %Line_Buffer_addr" [Suppression_Filter.cpp:25]   --->   Operation 68 'load' 'Line_Buffer_load' <Predicate = (!icmp_ln11)> <Delay = 3.25> <CoreInst = "RAM">   --->   Core 81 'RAM' <Latency = 1> <II = 1> <Delay = 3.25> <Storage> <Opcode : 'load' 'store'> <Ports = 2> <Width = 8> <Depth = 1920> <RAM>
ST_4 : Operation 69 [1/1] (1.24ns)   --->   "%Top_Pixel = select i1 %addr_cmp26, i8 %reuse_reg22_load, i8 %Line_Buffer_load" [Suppression_Filter.cpp:13]   --->   Operation 69 'select' 'Top_Pixel' <Predicate = (!icmp_ln11)> <Delay = 1.24> <CoreInst = "Sel">   --->   Core 73 'Sel' <Latency = 0> <II = 1> <Delay = 1.24> <FuncUnit> <Opcode : 'select'> <InPorts = 3> <OutPorts = 1>
ST_4 : Operation 70 [1/1] (0.00ns)   --->   "%reuse_reg_load = load i16 %reuse_reg"   --->   Operation 70 'load' 'reuse_reg_load' <Predicate = (!icmp_ln11 & addr_cmp)> <Delay = 0.00>
ST_4 : Operation 71 [1/2] ( I:3.25ns O:3.25ns )   --->   "%Line_Buffer_1_load = load i11 %Line_Buffer_1_addr" [Suppression_Filter.cpp:26]   --->   Operation 71 'load' 'Line_Buffer_1_load' <Predicate = (!icmp_ln11)> <Delay = 3.25> <CoreInst = "RAM">   --->   Core 81 'RAM' <Latency = 1> <II = 1> <Delay = 3.25> <Storage> <Opcode : 'load' 'store'> <Ports = 2> <Width = 16> <Depth = 1920> <RAM>
ST_4 : Operation 72 [1/1] (0.80ns)   --->   "%Mid_Pixel = select i1 %addr_cmp, i16 %reuse_reg_load, i16 %Line_Buffer_1_load" [Suppression_Filter.cpp:13]   --->   Operation 72 'select' 'Mid_Pixel' <Predicate = (!icmp_ln11)> <Delay = 0.80> <CoreInst = "Sel">   --->   Core 73 'Sel' <Latency = 0> <II = 1> <Delay = 0.80> <FuncUnit> <Opcode : 'select'> <InPorts = 3> <OutPorts = 1>
ST_4 : Operation 73 [1/1] (0.00ns)   --->   "%trunc_ln26 = trunc i16 %Mid_Pixel" [Suppression_Filter.cpp:26]   --->   Operation 73 'trunc' 'trunc_ln26' <Predicate = (!icmp_ln11)> <Delay = 0.00>
ST_4 : Operation 74 [1/1] ( I:3.25ns O:3.25ns )   --->   "%store_ln28 = store i8 %trunc_ln26, i11 %Line_Buffer_addr" [Suppression_Filter.cpp:28]   --->   Operation 74 'store' 'store_ln28' <Predicate = (!icmp_ln11)> <Delay = 3.25> <CoreInst = "RAM">   --->   Core 81 'RAM' <Latency = 1> <II = 1> <Delay = 3.25> <Storage> <Opcode : 'load' 'store'> <Ports = 2> <Width = 8> <Depth = 1920> <RAM>
ST_4 : Operation 75 [1/1] (1.58ns)   --->   "%store_ln26 = store i8 %trunc_ln26, i8 %reuse_reg22" [Suppression_Filter.cpp:26]   --->   Operation 75 'store' 'store_ln26' <Predicate = (!icmp_ln11)> <Delay = 1.58>
ST_4 : Operation 76 [1/1] (1.58ns)   --->   "%store_ln17 = store i16 %trunc_ln17_1, i16 %reuse_reg" [Suppression_Filter.cpp:17]   --->   Operation 76 'store' 'store_ln17' <Predicate = (!icmp_ln11)> <Delay = 1.58>
ST_4 : Operation 77 [1/1] (0.00ns)   --->   "%trunc_ln = partselect i8 @_ssdm_op_PartSelect.i8.i16.i32.i32, i16 %p_load19, i32 8, i32 15" [Suppression_Filter.cpp:36]   --->   Operation 77 'partselect' 'trunc_ln' <Predicate = (!icmp_ln11)> <Delay = 0.00>
ST_4 : Operation 78 [1/1] (1.91ns)   --->   "%switch_ln41 = switch i8 %trunc_ln, void %if.else66, i8 0, void %if.end74, i8 45, void %if.then50, i8 90, void %if.then59" [Suppression_Filter.cpp:41]   --->   Operation 78 'switch' 'switch_ln41' <Predicate = (!icmp_ln11)> <Delay = 1.91>
ST_4 : Operation 79 [1/1] (1.82ns)   --->   "%br_ln55 = br void %if.end74" [Suppression_Filter.cpp:55]   --->   Operation 79 'br' 'br_ln55' <Predicate = (!icmp_ln11 & trunc_ln == 90)> <Delay = 1.82>
ST_4 : Operation 80 [1/1] (1.82ns)   --->   "%br_ln50 = br void %if.end74" [Suppression_Filter.cpp:50]   --->   Operation 80 'br' 'br_ln50' <Predicate = (!icmp_ln11 & trunc_ln == 45)> <Delay = 1.82>
ST_4 : Operation 81 [1/1] (1.82ns)   --->   "%br_ln0 = br void %if.end74"   --->   Operation 81 'br' 'br_ln0' <Predicate = (!icmp_ln11 & trunc_ln != 0 & trunc_ln != 45 & trunc_ln != 90)> <Delay = 1.82>
ST_4 : Operation 82 [1/1] (0.00ns)   --->   "%store_ln0 = store i8 %p_load15, i8 %empty_53"   --->   Operation 82 'store' 'store_ln0' <Predicate = (!icmp_ln11)> <Delay = 0.00>
ST_4 : Operation 83 [1/1] (0.00ns)   --->   "%store_ln17 = store i8 %trunc_ln17, i8 %empty_52" [Suppression_Filter.cpp:17]   --->   Operation 83 'store' 'store_ln17' <Predicate = (!icmp_ln11)> <Delay = 0.00>
ST_4 : Operation 84 [1/1] (0.00ns)   --->   "%store_ln0 = store i8 %Center_Magnitude, i8 %empty_51"   --->   Operation 84 'store' 'store_ln0' <Predicate = (!icmp_ln11)> <Delay = 0.00>
ST_4 : Operation 85 [1/1] (0.00ns)   --->   "%store_ln0 = store i8 %p_load18, i8 %empty_50"   --->   Operation 85 'store' 'store_ln0' <Predicate = (!icmp_ln11)> <Delay = 0.00>
ST_4 : Operation 86 [1/1] (0.00ns)   --->   "%store_ln13 = store i8 %Top_Pixel, i8 %empty_49" [Suppression_Filter.cpp:13]   --->   Operation 86 'store' 'store_ln13' <Predicate = (!icmp_ln11)> <Delay = 0.00>
ST_4 : Operation 87 [1/1] (0.00ns)   --->   "%store_ln13 = store i16 %Mid_Pixel, i16 %empty" [Suppression_Filter.cpp:13]   --->   Operation 87 'store' 'store_ln13' <Predicate = (!icmp_ln11)> <Delay = 0.00>
ST_4 : Operation 99 [1/1] (1.58ns)   --->   "%ret_ln0 = ret"   --->   Operation 99 'ret' 'ret_ln0' <Predicate = (icmp_ln11)> <Delay = 1.58>

State 5 <SV = 4> <Delay = 6.71>
ST_5 : Operation 88 [1/1] (0.00ns)   --->   "%Magnitude_1 = phi i8 %p_load17, void %if.then50, i8 %p_load18, void %if.then59, i8 %p_load, void %if.else66, i8 %p_load16, void %for.inc80" [Suppression_Filter.cpp:13]   --->   Operation 88 'phi' 'Magnitude_1' <Predicate = true> <Delay = 0.00>
ST_5 : Operation 89 [1/1] (0.00ns)   --->   "%Magnitude_2 = phi i8 %trunc_ln17, void %if.then50, i8 %p_load15, void %if.then59, i8 %Top_Pixel, void %if.else66, i8 %trunc_ln26, void %for.inc80"   --->   Operation 89 'phi' 'Magnitude_2' <Predicate = true> <Delay = 0.00>
ST_5 : Operation 90 [1/1] (1.91ns)   --->   "%icmp_ln62 = icmp_ult  i8 %Center_Magnitude, i8 %Magnitude_1" [Suppression_Filter.cpp:62]   --->   Operation 90 'icmp' 'icmp_ln62' <Predicate = true> <Delay = 1.91> <CoreInst = "Cmp">   --->   Core 9 'Cmp' <Latency = 0> <II = 1> <Delay = 1.91> <FuncUnit> <Opcode : 'seteq' 'setne' 'setle' 'setge' 'setlt' 'setgt'> <InPorts = 2> <OutPorts = 1>
ST_5 : Operation 91 [1/1] (0.00ns) (grouped into LUT with out node Final_Magnitude)   --->   "%xor_ln62 = xor i1 %icmp_ln62, i1 1" [Suppression_Filter.cpp:62]   --->   Operation 91 'xor' 'xor_ln62' <Predicate = true> <Delay = 0.00> <CoreInst = "LogicGate">   --->   Core 74 'LogicGate' <Latency = 0> <II = 1> <Delay = 0.97> <FuncUnit> <Opcode : 'and' 'or' 'xor'> <InPorts = 2> <OutPorts = 1>
ST_5 : Operation 92 [1/1] (1.91ns)   --->   "%icmp_ln62_1 = icmp_ult  i8 %Center_Magnitude, i8 %Magnitude_2" [Suppression_Filter.cpp:62]   --->   Operation 92 'icmp' 'icmp_ln62_1' <Predicate = true> <Delay = 1.91> <CoreInst = "Cmp">   --->   Core 9 'Cmp' <Latency = 0> <II = 1> <Delay = 1.91> <FuncUnit> <Opcode : 'seteq' 'setne' 'setle' 'setge' 'setlt' 'setgt'> <InPorts = 2> <OutPorts = 1>
ST_5 : Operation 93 [1/1] (0.00ns) (grouped into LUT with out node Final_Magnitude)   --->   "%xor_ln62_1 = xor i1 %icmp_ln62_1, i1 1" [Suppression_Filter.cpp:62]   --->   Operation 93 'xor' 'xor_ln62_1' <Predicate = true> <Delay = 0.00> <CoreInst = "LogicGate">   --->   Core 74 'LogicGate' <Latency = 0> <II = 1> <Delay = 0.97> <FuncUnit> <Opcode : 'and' 'or' 'xor'> <InPorts = 2> <OutPorts = 1>
ST_5 : Operation 94 [1/1] (0.00ns) (grouped into LUT with out node Final_Magnitude)   --->   "%and_ln62 = and i1 %xor_ln62, i1 %xor_ln62_1" [Suppression_Filter.cpp:62]   --->   Operation 94 'and' 'and_ln62' <Predicate = true> <Delay = 0.00> <CoreInst = "LogicGate">   --->   Core 74 'LogicGate' <Latency = 0> <II = 1> <Delay = 0.97> <FuncUnit> <Opcode : 'and' 'or' 'xor'> <InPorts = 2> <OutPorts = 1>
ST_5 : Operation 95 [1/1] (1.24ns) (out node of the LUT)   --->   "%Final_Magnitude = select i1 %and_ln62, i8 %Center_Magnitude, i8 0" [Suppression_Filter.cpp:62]   --->   Operation 95 'select' 'Final_Magnitude' <Predicate = true> <Delay = 1.24> <CoreInst = "Sel">   --->   Core 73 'Sel' <Latency = 0> <II = 1> <Delay = 1.24> <FuncUnit> <Opcode : 'select'> <InPorts = 3> <OutPorts = 1>
ST_5 : Operation 96 [1/1] (0.00ns)   --->   "%zext_ln62 = zext i8 %Final_Magnitude" [Suppression_Filter.cpp:62]   --->   Operation 96 'zext' 'zext_ln62' <Predicate = true> <Delay = 0.00>
ST_5 : Operation 97 [1/1] ( I:3.54ns O:3.54ns )   --->   "%write_ln67 = write void @_ssdm_op_Write.ap_fifo.volatile.i32P0A, i32 %Suppression_to_Hysteresis, i32 %zext_ln62" [Suppression_Filter.cpp:67]   --->   Operation 97 'write' 'write_ln67' <Predicate = true> <Delay = 3.54> <CoreInst = "FIFO_SRL">   --->   Core 80 'FIFO_SRL' <Latency = 0> <II = 1> <Delay = 3.54> <Storage> <Opcode : 'read' 'write' 'nbread' 'nbwrite'> <Ports = 0> <Width = 32> <Depth = 8> <FIFO>
ST_5 : Operation 98 [1/1] (0.00ns)   --->   "%br_ln13 = br void %VITIS_LOOP_19_3" [Suppression_Filter.cpp:13]   --->   Operation 98 'br' 'br_ln13' <Predicate = true> <Delay = 0.00>


============================================================
+ Verbose Summary: Timing violations
============================================================
Target clock period: 10.000ns, clock uncertainty: 2.700ns.

 <State 1>: 1.588ns
The critical path consists of the following:
	'alloca' operation 62 bit ('indvar_flatten') [11]  (0.000 ns)
	'store' operation ('store_ln0') of constant 0 62 bit on local variable 'indvar_flatten' [23]  (1.588 ns)

 <State 2>: 5.056ns
The critical path consists of the following:
	'load' operation 62 bit ('indvar_flatten_load', Suppression_Filter.cpp:11) on local variable 'indvar_flatten' [32]  (0.000 ns)
	'add' operation 62 bit ('add_ln11', Suppression_Filter.cpp:11) [45]  (3.469 ns)
	'store' operation ('store_ln11', Suppression_Filter.cpp:11) of variable 'add_ln11', Suppression_Filter.cpp:11 62 bit on local variable 'indvar_flatten' [97]  (1.588 ns)

 <State 3>: 7.396ns
The critical path consists of the following:
	'load' operation 31 bit ('J_load', Suppression_Filter.cpp:13) on local variable 'J', Suppression_Filter.cpp:13 [42]  (0.000 ns)
	'icmp' operation 1 bit ('icmp_ln13', Suppression_Filter.cpp:13) [44]  (2.552 ns)
	'select' operation 31 bit ('select_ln11', Suppression_Filter.cpp:11) [47]  (0.733 ns)
	'add' operation 31 bit ('add_ln13', Suppression_Filter.cpp:13) [91]  (2.522 ns)
	'store' operation ('store_ln13', Suppression_Filter.cpp:13) of variable 'add_ln13', Suppression_Filter.cpp:13 31 bit on local variable 'J', Suppression_Filter.cpp:13 [98]  (1.588 ns)

 <State 4>: 7.313ns
The critical path consists of the following:
	'load' operation 16 bit ('Line_Buffer_1_load', Suppression_Filter.cpp:26) on array 'Line_Buffer', Suppression_Filter.cpp:5 [62]  (3.254 ns)
	'select' operation 16 bit ('Mid_Pixel', Suppression_Filter.cpp:13) [64]  (0.805 ns)
	'store' operation ('store_ln28', Suppression_Filter.cpp:28) of variable 'trunc_ln26', Suppression_Filter.cpp:26 8 bit on array 'Line_Buffer', Suppression_Filter.cpp:5 [66]  (3.254 ns)

 <State 5>: 6.712ns
The critical path consists of the following:
	'phi' operation 8 bit ('Magnitude_1', Suppression_Filter.cpp:13) with incoming values : ('p_load18') ('p_load17', Suppression_Filter.cpp:13) ('p_load16', Suppression_Filter.cpp:13) ('p_load', Suppression_Filter.cpp:13) [81]  (0.000 ns)
	'icmp' operation 1 bit ('icmp_ln62', Suppression_Filter.cpp:62) [83]  (1.915 ns)
	'xor' operation 1 bit ('xor_ln62', Suppression_Filter.cpp:62) [84]  (0.000 ns)
	'and' operation 1 bit ('and_ln62', Suppression_Filter.cpp:62) [87]  (0.000 ns)
	'select' operation 8 bit ('Final_Magnitude', Suppression_Filter.cpp:62) [88]  (1.248 ns)
	fifo write operation ('write_ln67', Suppression_Filter.cpp:67) on port 'Suppression_to_Hysteresis' (Suppression_Filter.cpp:67) [90]  (3.549 ns)


============================================================
+ Verbose Summary: Binding
============================================================
N/A
* FSMD analyzer results:
  - Output states:
 - Input state : 
  - Chain level:
	State 1
	State 2
	State 3
	State 4
	State 5


============================================================
+ Verbose Summary: Datapath Resource usage 
============================================================
N/A
