================================================================
== Vivado Place & Route Results
================================================================
+ General Information:
    * Date:            Tue Sep 08 00:08:34 +0530 2026
    * Version:         2026.1 (Build 6493734 on Jun 16 2026)
    * Project:         Vector_Mult_IP
    * Solution:        hls
    * Product family:  zynq
    * Target device:   xc7z020-clg400-1


================================================================
== Run Constraints & Options
================================================================
+ Design Constraints & Options:
    * Place & Route target clock:  10 ns
    * C-Synthesis uncertainty:     27%

+ RTL Synthesis Options:
    * config_export -vivado_synth_strategy:     default
    * config_export -vivado_synth_design_args:  -directive sdx_optimization_effort_high

+ Place & Route Options:
    * config_export -vivado_impl_strategy:  default
    * config_export -vivado_phys_opt:       auto

+ Reporting Options:
    * config_export -vivado_report_level:      2
    * config_export -vivado_max_timing_paths:  10


================================================================
== Place & Route Resource Summary
================================================================
LUT:              2119
FF:               3457
DSP:              3
BRAM:             2
URAM:             0
SRL:              264


================================================================
== Place & Route Timing Summary
================================================================
* Timing was met
+----------------+-------------+
| Timing         | Period (ns) |
+----------------+-------------+
| Target         | 10.000      |
| Post-Synthesis | 5.835       |
| Post-Route     | 6.214       |
+----------------+-------------+


================================================================
== Place & Route Resources
================================================================
+----------------------------+-----+----+-----+------+------+-----+--------+------+---------+----------+--------+
| Name                       | LUT | FF | DSP | BRAM | URAM | SRL | Pragma | Impl | Latency | Variable | Source |
+----------------------------+-----+----+-----+------+------+-----+--------+------+---------+----------+--------+
| inst                       |     |    |     |      |      | 264 |        |      |         |          |        |
|   (inst)                   |     |    |     |      |      | 51  |        |      |         |          |        |
|   control_s_axi_U          |     |    |     |      |      |     |        |      |         |          |        |
|   flow_control_loop_pipe_U |     |    |     |      |      |     |        |      |         |          |        |
|   gmem_A_m_axi_U           |     |    |     |      |      | 48  |        |      |         |          |        |
|   gmem_B_m_axi_U           |     |    |     |      |      | 48  |        |      |         |          |        |
|   gmem_C_m_axi_U           |     |    |     |      |      | 117 |        |      |         |          |        |
|   mul_32s_32s_32_2_1_U1    |     |    |     |      |      |     |        |      |         |          |        |
+----------------------------+-----+----+-----+------+------+-----+--------+------+---------+----------+--------+


================================================================
== Place & Route Fail Fast
================================================================
+-----------------------------------------------------------+-----------+--------+--------+
| Criteria                                                  | Guideline | Actual | Status |
+-----------------------------------------------------------+-----------+--------+--------+
| LUT                                                       | 70%       | 3.98%  | OK     |
| FD                                                        | 50%       | 3.25%  | OK     |
| LUTRAM+SRL                                                | 25%       | 1.55%  | OK     |
| MUXF7                                                     | 15%       | 0.01%  | OK     |
| DSP                                                       | 80%       | 1.36%  | OK     |
| RAMB/FIFO                                                 | 80%       | 0.71%  | OK     |
| DSP+RAMB+URAM (Avg)                                       | 70%       | 1.04%  | OK     |
| BUFGCE* + BUFGCTRL                                        | 24        | 0      | OK     |
| DONT_TOUCH (cells/nets)                                   | 0         | 6      | REVIEW |
| MARK_DEBUG (nets)                                         | 0         | 0      | OK     |
| Control Sets                                              | 998       | 106    | OK     |
| Average Fanout for modules > 100k cells                   | 4         | 2.82   | OK     |
| Max Average Fanout for modules > 100k cells               | 4         | 0      | OK     |
| Non-FD high fanout nets > 10k loads                       | 0         | 0      | OK     |
+-----------------------------------------------------------+-----------+--------+--------+
| TIMING-6 (No common primary clock between related clocks) | 0         | 0      | OK     |
| TIMING-7 (No common node between related clocks)          | 0         | 0      | OK     |
| TIMING-8 (No common period between related clocks)        | 0         | 0      | OK     |
| TIMING-14 (LUT on the clock tree)                         | 0         | 0      | OK     |
| TIMING-35 (No common node in paths with the same clock)   | 0         | 0      | OK     |
+-----------------------------------------------------------+-----------+--------+--------+
| Number of paths above max LUT budgeting (0.575ns)         | 0         | 0      | OK     |
| Number of paths above max Net budgeting (0.403ns)         | 0         | 0      | OK     |
+-----------------------------------------------------------+-----------+--------+--------+


================================================================
== Place & Route Timing Paths
================================================================
* Timing was met
+-------+-------+------------------------------------+--------------------+--------------+------------+----------------+----------------+--------------+
| Path  | SLACK | STARTPOINT PIN                     | ENDPOINT PIN       | LOGIC LEVELS | MAX FANOUT | DATAPATH DELAY | DATAPATH LOGIC | DATAPATH NET |
|       |       |                                    |                    |              |            |                |          DELAY |        DELAY |
+-------+-------+------------------------------------+--------------------+--------------+------------+----------------+----------------+--------------+
| Path1 | 3.786 | control_s_axi_U/int_ap_start_reg/C | i_fu_112_reg[25]/R |            6 |         74 |          5.701 |          1.634 |        4.067 |
| Path2 | 3.786 | control_s_axi_U/int_ap_start_reg/C | i_fu_112_reg[26]/R |            6 |         74 |          5.701 |          1.634 |        4.067 |
| Path3 | 3.786 | control_s_axi_U/int_ap_start_reg/C | i_fu_112_reg[27]/R |            6 |         74 |          5.701 |          1.634 |        4.067 |
| Path4 | 3.786 | control_s_axi_U/int_ap_start_reg/C | i_fu_112_reg[28]/R |            6 |         74 |          5.701 |          1.634 |        4.067 |
| Path5 | 3.853 | control_s_axi_U/int_ap_start_reg/C | i_fu_112_reg[29]/R |            6 |         74 |          5.634 |          1.634 |        4.000 |
+-------+-------+------------------------------------+--------------------+--------------+------------+----------------+----------------+--------------+

    +-------------------------------------------------+----------------------+
    | Path1 Cells                                     | Primitive Type       |
    +-------------------------------------------------+----------------------+
    | control_s_axi_U/int_ap_start_reg                | FLOP_LATCH.flop.FDRE |
    | control_s_axi_U/icmp_ln20_1_reg_348[0]_i_32     | LUT.others.LUT6      |
    | control_s_axi_U/icmp_ln20_1_reg_348_reg[0]_i_20 | CARRY.others.CARRY4  |
    | control_s_axi_U/icmp_ln20_1_reg_348_reg[0]_i_11 | CARRY.others.CARRY4  |
    | control_s_axi_U/icmp_ln20_1_reg_348_reg[0]_i_2  | CARRY.others.CARRY4  |
    | control_s_axi_U/icmp_ln20_1_reg_348_reg[0]_i_1  | CARRY.others.CARRY4  |
    | control_s_axi_U/i_fu_112[30]_i_1                | LUT.others.LUT5      |
    | i_fu_112_reg[25]                                | FLOP_LATCH.flop.FDRE |
    +-------------------------------------------------+----------------------+

    +-------------------------------------------------+----------------------+
    | Path2 Cells                                     | Primitive Type       |
    +-------------------------------------------------+----------------------+
    | control_s_axi_U/int_ap_start_reg                | FLOP_LATCH.flop.FDRE |
    | control_s_axi_U/icmp_ln20_1_reg_348[0]_i_32     | LUT.others.LUT6      |
    | control_s_axi_U/icmp_ln20_1_reg_348_reg[0]_i_20 | CARRY.others.CARRY4  |
    | control_s_axi_U/icmp_ln20_1_reg_348_reg[0]_i_11 | CARRY.others.CARRY4  |
    | control_s_axi_U/icmp_ln20_1_reg_348_reg[0]_i_2  | CARRY.others.CARRY4  |
    | control_s_axi_U/icmp_ln20_1_reg_348_reg[0]_i_1  | CARRY.others.CARRY4  |
    | control_s_axi_U/i_fu_112[30]_i_1                | LUT.others.LUT5      |
    | i_fu_112_reg[26]                                | FLOP_LATCH.flop.FDRE |
    +-------------------------------------------------+----------------------+

    +-------------------------------------------------+----------------------+
    | Path3 Cells                                     | Primitive Type       |
    +-------------------------------------------------+----------------------+
    | control_s_axi_U/int_ap_start_reg                | FLOP_LATCH.flop.FDRE |
    | control_s_axi_U/icmp_ln20_1_reg_348[0]_i_32     | LUT.others.LUT6      |
    | control_s_axi_U/icmp_ln20_1_reg_348_reg[0]_i_20 | CARRY.others.CARRY4  |
    | control_s_axi_U/icmp_ln20_1_reg_348_reg[0]_i_11 | CARRY.others.CARRY4  |
    | control_s_axi_U/icmp_ln20_1_reg_348_reg[0]_i_2  | CARRY.others.CARRY4  |
    | control_s_axi_U/icmp_ln20_1_reg_348_reg[0]_i_1  | CARRY.others.CARRY4  |
    | control_s_axi_U/i_fu_112[30]_i_1                | LUT.others.LUT5      |
    | i_fu_112_reg[27]                                | FLOP_LATCH.flop.FDRE |
    +-------------------------------------------------+----------------------+

    +-------------------------------------------------+----------------------+
    | Path4 Cells                                     | Primitive Type       |
    +-------------------------------------------------+----------------------+
    | control_s_axi_U/int_ap_start_reg                | FLOP_LATCH.flop.FDRE |
    | control_s_axi_U/icmp_ln20_1_reg_348[0]_i_32     | LUT.others.LUT6      |
    | control_s_axi_U/icmp_ln20_1_reg_348_reg[0]_i_20 | CARRY.others.CARRY4  |
    | control_s_axi_U/icmp_ln20_1_reg_348_reg[0]_i_11 | CARRY.others.CARRY4  |
    | control_s_axi_U/icmp_ln20_1_reg_348_reg[0]_i_2  | CARRY.others.CARRY4  |
    | control_s_axi_U/icmp_ln20_1_reg_348_reg[0]_i_1  | CARRY.others.CARRY4  |
    | control_s_axi_U/i_fu_112[30]_i_1                | LUT.others.LUT5      |
    | i_fu_112_reg[28]                                | FLOP_LATCH.flop.FDRE |
    +-------------------------------------------------+----------------------+

    +-------------------------------------------------+----------------------+
    | Path5 Cells                                     | Primitive Type       |
    +-------------------------------------------------+----------------------+
    | control_s_axi_U/int_ap_start_reg                | FLOP_LATCH.flop.FDRE |
    | control_s_axi_U/icmp_ln20_1_reg_348[0]_i_32     | LUT.others.LUT6      |
    | control_s_axi_U/icmp_ln20_1_reg_348_reg[0]_i_20 | CARRY.others.CARRY4  |
    | control_s_axi_U/icmp_ln20_1_reg_348_reg[0]_i_11 | CARRY.others.CARRY4  |
    | control_s_axi_U/icmp_ln20_1_reg_348_reg[0]_i_2  | CARRY.others.CARRY4  |
    | control_s_axi_U/icmp_ln20_1_reg_348_reg[0]_i_1  | CARRY.others.CARRY4  |
    | control_s_axi_U/i_fu_112[30]_i_1                | LUT.others.LUT5      |
    | i_fu_112_reg[29]                                | FLOP_LATCH.flop.FDRE |
    +-------------------------------------------------+----------------------+


================================================================
== Place & Route Vivado Reports
================================================================
+--------------------------+---------------------------------------------------------------------+
| Report Type              | Report Location                                                     |
+--------------------------+---------------------------------------------------------------------+
| design_analysis          | impl/verilog/report/vector_mult_design_analysis_routed.rpt          |
| failfast                 | impl/verilog/report/vector_mult_failfast_routed.rpt                 |
| power                    | impl/verilog/report/vector_mult_power_routed.rpt                    |
| status                   | impl/verilog/report/vector_mult_status_routed.rpt                   |
| timing                   | impl/verilog/report/vector_mult_timing_routed.rpt                   |
| timing_paths             | impl/verilog/report/vector_mult_timing_paths_routed.rpt             |
| utilization              | impl/verilog/report/vector_mult_utilization_routed.rpt              |
| utilization_hierarchical | impl/verilog/report/vector_mult_utilization_hierarchical_routed.rpt |
+--------------------------+---------------------------------------------------------------------+


