================================================================
== Vivado RTL Synthesis Results
================================================================
+ General Information:
    * Date:            Tue Sep 08 00:08:34 +0530 2026
    * Version:         2026.1 (Build 6493734 on Jun 16 2026)
    * Project:         Vector_Mult_IP
    * Solution:        hls
    * Product family:  zynq
    * Target device:   xc7z020-clg400-1


================================================================
== Run Constraints & Options
================================================================
+ Design Constraints & Options:
    * RTL Synthesis target clock:  10 ns
    * C-Synthesis uncertainty:     27%

+ RTL Synthesis Options:
    * config_export -vivado_synth_strategy:     default
    * config_export -vivado_synth_design_args:  -directive sdx_optimization_effort_high

+ Reporting Options:
    * config_export -vivado_report_level:      2
    * config_export -vivado_max_timing_paths:  10


================================================================
== RTL Synthesis Resource Summary
================================================================
LUT:              2354
FF:               3457
DSP:              3
BRAM:             2
URAM:             0
SRL:              474


================================================================
== RTL Synthesis Timing Summary
================================================================
* Timing was met
+----------------+-------------+
| Timing         | Period (ns) |
+----------------+-------------+
| Target         | 10.000      |
| Post-Synthesis | 5.835       |
+----------------+-------------+


================================================================
== RTL Synthesis Resources
================================================================
+----------------------------+-----+----+-----+------+------+-----+--------+------+---------+----------+--------+
| Name                       | LUT | FF | DSP | BRAM | URAM | SRL | Pragma | Impl | Latency | Variable | Source |
+----------------------------+-----+----+-----+------+------+-----+--------+------+---------+----------+--------+
| inst                       |     |    |     |      |      | 474 |        |      |         |          |        |
|   (inst)                   |     |    |     |      |      | 96  |        |      |         |          |        |
|   control_s_axi_U          |     |    |     |      |      |     |        |      |         |          |        |
|   flow_control_loop_pipe_U |     |    |     |      |      |     |        |      |         |          |        |
|   gmem_A_m_axi_U           |     |    |     |      |      | 93  |        |      |         |          |        |
|   gmem_B_m_axi_U           |     |    |     |      |      | 93  |        |      |         |          |        |
|   gmem_C_m_axi_U           |     |    |     |      |      | 192 |        |      |         |          |        |
|   mul_32s_32s_32_2_1_U1    |     |    |     |      |      |     |        |      |         |          |        |
+----------------------------+-----+----+-----+------+------+-----+--------+------+---------+----------+--------+


================================================================
== RTL Synthesis Fail Fast
================================================================
+-----------------------------------------------------------+-----------+--------+--------+
| Criteria                                                  | Guideline | Actual | Status |
+-----------------------------------------------------------+-----------+--------+--------+
| LUT                                                       | 70%       | 4.42%  | OK     |
| FD                                                        | 50%       | 3.25%  | OK     |
| LUTRAM+SRL                                                | 25%       | 2.76%  | OK     |
| MUXF7                                                     | 15%       | 0.01%  | OK     |
| DSP                                                       | 80%       | 1.36%  | OK     |
| RAMB/FIFO                                                 | 80%       | 0.71%  | OK     |
| DSP+RAMB+URAM (Avg)                                       | 70%       | 1.04%  | OK     |
| BUFGCE* + BUFGCTRL                                        | 24        | 0      | OK     |
| DONT_TOUCH (cells/nets)                                   | 0         | 6      | REVIEW |
| MARK_DEBUG (nets)                                         | 0         | 0      | OK     |
| Control Sets                                              | 998       | 106    | OK     |
| Average Fanout for modules > 100k cells                   | 4         | 2.82   | OK     |
| Max Average Fanout for modules > 100k cells               | 4         | 0      | OK     |
| Non-FD high fanout nets > 10k loads                       | 0         | 0      | OK     |
+-----------------------------------------------------------+-----------+--------+--------+
| TIMING-6 (No common primary clock between related clocks) | 0         | 0      | OK     |
| TIMING-7 (No common node between related clocks)          | 0         | 0      | OK     |
| TIMING-8 (No common period between related clocks)        | 0         | 0      | OK     |
| TIMING-14 (LUT on the clock tree)                         | 0         | 0      | OK     |
| TIMING-35 (No common node in paths with the same clock)   | 0         | 0      | OK     |
+-----------------------------------------------------------+-----------+--------+--------+
| Number of paths above max LUT budgeting (0.575ns)         | 0         | 0      | OK     |
| Number of paths above max Net budgeting (0.403ns)         | 0         | 0      | OK     |
+-----------------------------------------------------------+-----------+--------+--------+


================================================================
== RTL Synthesis Timing Paths
================================================================
* Timing was met
+-------+-------+-------------------+--------------------+--------------+------------+----------------+----------------+--------------+
| Path  | SLACK | STARTPOINT PIN    | ENDPOINT PIN       | LOGIC LEVELS | MAX FANOUT | DATAPATH DELAY | DATAPATH LOGIC | DATAPATH NET |
|       |       |                   |                    |              |            |                |          DELAY |        DELAY |
+-------+-------+-------------------+--------------------+--------------+------------+----------------+----------------+--------------+
| Path1 | 4.165 | i_fu_112_reg[2]/C | i_fu_112_reg[0]/R  |            6 |         31 |          5.227 |          1.800 |        3.427 |
| Path2 | 4.165 | i_fu_112_reg[2]/C | i_fu_112_reg[10]/R |            6 |         31 |          5.227 |          1.800 |        3.427 |
| Path3 | 4.165 | i_fu_112_reg[2]/C | i_fu_112_reg[11]/R |            6 |         31 |          5.227 |          1.800 |        3.427 |
| Path4 | 4.165 | i_fu_112_reg[2]/C | i_fu_112_reg[12]/R |            6 |         31 |          5.227 |          1.800 |        3.427 |
| Path5 | 4.165 | i_fu_112_reg[2]/C | i_fu_112_reg[13]/R |            6 |         31 |          5.227 |          1.800 |        3.427 |
+-------+-------+-------------------+--------------------+--------------+------------+----------------+----------------+--------------+

    +-------------------------------------------------+----------------------+
    | Path1 Cells                                     | Primitive Type       |
    +-------------------------------------------------+----------------------+
    | i_fu_112_reg[2]                                 | FLOP_LATCH.flop.FDRE |
    | control_s_axi_U/icmp_ln20_1_reg_348[0]_i_31     | LUT.others.LUT6      |
    | control_s_axi_U/icmp_ln20_1_reg_348_reg[0]_i_20 | CARRY.others.CARRY4  |
    | control_s_axi_U/icmp_ln20_1_reg_348_reg[0]_i_11 | CARRY.others.CARRY4  |
    | control_s_axi_U/icmp_ln20_1_reg_348_reg[0]_i_2  | CARRY.others.CARRY4  |
    | control_s_axi_U/icmp_ln20_1_reg_348_reg[0]_i_1  | CARRY.others.CARRY4  |
    | control_s_axi_U/i_fu_112[30]_i_1                | LUT.others.LUT5      |
    | i_fu_112_reg[0]                                 | FLOP_LATCH.flop.FDRE |
    +-------------------------------------------------+----------------------+

    +-------------------------------------------------+----------------------+
    | Path2 Cells                                     | Primitive Type       |
    +-------------------------------------------------+----------------------+
    | i_fu_112_reg[2]                                 | FLOP_LATCH.flop.FDRE |
    | control_s_axi_U/icmp_ln20_1_reg_348[0]_i_31     | LUT.others.LUT6      |
    | control_s_axi_U/icmp_ln20_1_reg_348_reg[0]_i_20 | CARRY.others.CARRY4  |
    | control_s_axi_U/icmp_ln20_1_reg_348_reg[0]_i_11 | CARRY.others.CARRY4  |
    | control_s_axi_U/icmp_ln20_1_reg_348_reg[0]_i_2  | CARRY.others.CARRY4  |
    | control_s_axi_U/icmp_ln20_1_reg_348_reg[0]_i_1  | CARRY.others.CARRY4  |
    | control_s_axi_U/i_fu_112[30]_i_1                | LUT.others.LUT5      |
    | i_fu_112_reg[10]                                | FLOP_LATCH.flop.FDRE |
    +-------------------------------------------------+----------------------+

    +-------------------------------------------------+----------------------+
    | Path3 Cells                                     | Primitive Type       |
    +-------------------------------------------------+----------------------+
    | i_fu_112_reg[2]                                 | FLOP_LATCH.flop.FDRE |
    | control_s_axi_U/icmp_ln20_1_reg_348[0]_i_31     | LUT.others.LUT6      |
    | control_s_axi_U/icmp_ln20_1_reg_348_reg[0]_i_20 | CARRY.others.CARRY4  |
    | control_s_axi_U/icmp_ln20_1_reg_348_reg[0]_i_11 | CARRY.others.CARRY4  |
    | control_s_axi_U/icmp_ln20_1_reg_348_reg[0]_i_2  | CARRY.others.CARRY4  |
    | control_s_axi_U/icmp_ln20_1_reg_348_reg[0]_i_1  | CARRY.others.CARRY4  |
    | control_s_axi_U/i_fu_112[30]_i_1                | LUT.others.LUT5      |
    | i_fu_112_reg[11]                                | FLOP_LATCH.flop.FDRE |
    +-------------------------------------------------+----------------------+

    +-------------------------------------------------+----------------------+
    | Path4 Cells                                     | Primitive Type       |
    +-------------------------------------------------+----------------------+
    | i_fu_112_reg[2]                                 | FLOP_LATCH.flop.FDRE |
    | control_s_axi_U/icmp_ln20_1_reg_348[0]_i_31     | LUT.others.LUT6      |
    | control_s_axi_U/icmp_ln20_1_reg_348_reg[0]_i_20 | CARRY.others.CARRY4  |
    | control_s_axi_U/icmp_ln20_1_reg_348_reg[0]_i_11 | CARRY.others.CARRY4  |
    | control_s_axi_U/icmp_ln20_1_reg_348_reg[0]_i_2  | CARRY.others.CARRY4  |
    | control_s_axi_U/icmp_ln20_1_reg_348_reg[0]_i_1  | CARRY.others.CARRY4  |
    | control_s_axi_U/i_fu_112[30]_i_1                | LUT.others.LUT5      |
    | i_fu_112_reg[12]                                | FLOP_LATCH.flop.FDRE |
    +-------------------------------------------------+----------------------+

    +-------------------------------------------------+----------------------+
    | Path5 Cells                                     | Primitive Type       |
    +-------------------------------------------------+----------------------+
    | i_fu_112_reg[2]                                 | FLOP_LATCH.flop.FDRE |
    | control_s_axi_U/icmp_ln20_1_reg_348[0]_i_31     | LUT.others.LUT6      |
    | control_s_axi_U/icmp_ln20_1_reg_348_reg[0]_i_20 | CARRY.others.CARRY4  |
    | control_s_axi_U/icmp_ln20_1_reg_348_reg[0]_i_11 | CARRY.others.CARRY4  |
    | control_s_axi_U/icmp_ln20_1_reg_348_reg[0]_i_2  | CARRY.others.CARRY4  |
    | control_s_axi_U/icmp_ln20_1_reg_348_reg[0]_i_1  | CARRY.others.CARRY4  |
    | control_s_axi_U/i_fu_112[30]_i_1                | LUT.others.LUT5      |
    | i_fu_112_reg[13]                                | FLOP_LATCH.flop.FDRE |
    +-------------------------------------------------+----------------------+


================================================================
== RTL Synthesis Vivado Reports
================================================================
+--------------------------+--------------------------------------------------------------------+
| Report Type              | Report Location                                                    |
+--------------------------+--------------------------------------------------------------------+
| design_analysis          | impl/verilog/report/vector_mult_design_analysis_synth.rpt          |
| failfast                 | impl/verilog/report/vector_mult_failfast_synth.rpt                 |
| power                    | impl/verilog/report/vector_mult_power_synth.rpt                    |
| timing                   | impl/verilog/report/vector_mult_timing_synth.rpt                   |
| timing_paths             | impl/verilog/report/vector_mult_timing_paths_synth.rpt             |
| utilization              | impl/verilog/report/vector_mult_utilization_synth.rpt              |
| utilization_hierarchical | impl/verilog/report/vector_mult_utilization_hierarchical_synth.rpt |
+--------------------------+--------------------------------------------------------------------+


