

Implementation tool: Xilinx Vivado v.2026.1
Project:             Vector_Mult_IP
Solution:            hls
Device target:       xc7z020-clg400-1
Report date:         Tue Sep 08 00:08:32 +0530 2026

#=== Post-Implementation Resource usage ===
SLICE:          911
LUT:           2119
FF:            3457
DSP:              3
BRAM:             2
URAM:             0
LATCH:            0
SRL:            264
CLB:              0

#=== Final timing ===
CP required:                     10.000
CP achieved post-synthesis:      5.835
CP achieved post-implementation: 6.214
Timing met
