

================================================================
== Synthesis Summary Report of 'sobel_filter'
================================================================
+ General Information: 
    * Date:           Wed Sep  9 01:53:17 2026
    * Version:        2026.1 (Build 6493734 on Jun 16 2026)
    * Project:        Sobel_IP
    * Solution:       hls
    * Product family: zynq
    * Target device:  xc7z020-clg400-1
    

* Performance & Resource Estimates: 
+----------------------------------------------------------+------+---------------+----------+---------+------+----------+---------+---------+------+------+--------+-----------+-----------+-----+
|                          Modules                         | Issue|               | Iteration|         | Trip |          |      Latency      |      |      |        |           |           |     |
|                          & Loops                         | Type | Violation Type|  Latency | Interval| Count| Pipelined| (cycles)|   (ns)  | Slack| BRAM |   DSP  |     FF    |    LUT    | URAM|
+----------------------------------------------------------+------+---------------+----------+---------+------+----------+---------+---------+------+------+--------+-----------+-----------+-----+
|+ sobel_filter                                            |     -|              -|         -|        -|     -|        no|        -|        -|  0.38|     -|  4 (1%)|  2092 (1%)|  3605 (6%)|    -|
| + sobel_filter_Pipeline_VITIS_LOOP_18_1_VITIS_LOOP_19_2  |     -|              -|         -|        -|     -|        no|        -|        -|  0.38|     -|       -|  1067 (1%)|  1934 (3%)|    -|
|  o VITIS_LOOP_18_1_VITIS_LOOP_19_2                       |     -|              -|         4|        1|     -|       yes|        -|        -|  7.30|     -|       -|          -|          -|    -|
| o Loop 1                                                 |     -|              -|         6|        -|     3|        no|       17|  170.000|  7.30|     -|       -|          -|          -|    -|
|  + sobel_filter_Pipeline_1                               |     -|              -|         -|        4|     -|       yes|        4|   40.000|  1.74|     -|       -|    4 (~0%)|   61 (~0%)|    -|
|   o Loop 1                                               |     -|              -|         1|        1|     3|       yes|        2|   20.000|  7.30|     -|       -|          -|          -|    -|
+----------------------------------------------------------+------+---------------+----------+---------+------+----------+---------+---------+------+------+--------+-----------+-----------+-----+
    Name Prefix: '+' for module, 'o' for loop, '*' for dataflow


================================================================
== HW Interfaces
================================================================
* S_AXILITE Interfaces
+---------------+------------+---------------+--------+----------+
| Interface     | Data Width | Address Width | Offset | Register |
+---------------+------------+---------------+--------+----------+
| s_axi_control | 32         | 5             | 16     | 0        |
+---------------+------------+---------------+--------+----------+

* S_AXILITE Registers
+---------------+----------+--------+-------+--------+----------------------------------+----------------------------------------------------------------------+
| Interface     | Register | Offset | Width | Access | Description                      | Bit Fields                                                           |
+---------------+----------+--------+-------+--------+----------------------------------+----------------------------------------------------------------------+
| s_axi_control | CTRL     | 0x00   | 32    | RW     | Control signals                  | 0=AP_START 1=AP_DONE 2=AP_IDLE 3=AP_READY 7=AUTO_RESTART 9=INTERRUPT |
| s_axi_control | GIER     | 0x04   | 32    | RW     | Global Interrupt Enable Register | 0=Enable                                                             |
| s_axi_control | IP_IER   | 0x08   | 32    | RW     | IP Interrupt Enable Register     | 0=CHAN0_INT_EN 1=CHAN1_INT_EN                                        |
| s_axi_control | IP_ISR   | 0x0c   | 32    | RW     | IP Interrupt Status Register     | 0=CHAN0_INT_ST 1=CHAN1_INT_ST                                        |
| s_axi_control | rows     | 0x10   | 32    | W      | Data signal of rows              |                                                                      |
| s_axi_control | cols     | 0x18   | 32    | W      | Data signal of cols              |                                                                      |
+---------------+----------+--------+-------+--------+----------------------------------+----------------------------------------------------------------------+

* AXIS
+-----------+-----------+---------------+-------+-------+-----+-------+-------+--------+-------+-------+--------+
| Interface | Direction | Register Mode | TDATA | TDEST | TID | TKEEP | TLAST | TREADY | TSTRB | TUSER | TVALID |
+-----------+-----------+---------------+-------+-------+-----+-------+-------+--------+-------+-------+--------+
| input_r   | in        | both          | 32    | 6     | 5   | 4     | 1     | 1      | 4     | 2     | 1      |
| output_r  | out       | both          | 32    | 6     | 5   | 4     | 1     | 1      | 4     | 2     | 1      |
+-----------+-----------+---------------+-------+-------+-----+-------+-------+--------+-------+-------+--------+

* TOP LEVEL CONTROL
+-----------+------------+-----------+
| Interface | Type       | Ports     |
+-----------+------------+-----------+
| ap_clk    | clock      | ap_clk    |
| ap_rst_n  | reset      | ap_rst_n  |
| interrupt | interrupt  | interrupt |
| ap_ctrl   | ap_ctrl_hs |           |
+-----------+------------+-----------+


================================================================
== SW I/O Information
================================================================
* Top Function Arguments
+----------+-----------+-----------------------------------------------------------------------------+
| Argument | Direction | Datatype                                                                    |
+----------+-----------+-----------------------------------------------------------------------------+
| input    | in        | stream<hls::axis<ap_int<32>, 2UL, 5UL, 6UL, (unsigned char)'8', false>, 0>& |
| output   | out       | stream<hls::axis<ap_int<32>, 2UL, 5UL, 6UL, (unsigned char)'8', false>, 0>& |
| rows     | in        | int                                                                         |
| cols     | in        | int                                                                         |
+----------+-----------+-----------------------------------------------------------------------------+

* SW-to-HW Mapping
+----------+---------------+-----------+--------------------------------+
| Argument | HW Interface  | HW Type   | HW Info                        |
+----------+---------------+-----------+--------------------------------+
| input    | input_r       | interface |                                |
| output   | output_r      | interface |                                |
| rows     | s_axi_control | register  | name=rows offset=0x10 range=32 |
| cols     | s_axi_control | register  | name=cols offset=0x18 range=32 |
+----------+---------------+-----------+--------------------------------+


================================================================
== Bind Op Report
================================================================
+----------------------------------------------------------+-----+--------+----------------+--------+----------+---------+
| Name                                                     | DSP | Pragma | Variable       | Op     | Impl     | Latency |
+----------------------------------------------------------+-----+--------+----------------+--------+----------+---------+
| + sobel_filter                                           | 4   |        |                |        |          |         |
|   sub_ln17_fu_1047_p2                                    |     |        | sub_ln17       | sub    | fabric   | 0       |
|   add_ln17_1_fu_1054_p2                                  |     |        | add_ln17_1     | add    | fabric   | 0       |
|   icmp_ln17_fu_1060_p2                                   |     |        | icmp_ln17      | seteq  | auto     | 0       |
|   icmp_ln19_fu_1076_p2                                   |     |        | icmp_ln19      | setgt  | auto     | 0       |
|   smax_fu_1081_p3                                        |     |        | smax           | select | auto_sel | 0       |
|   empty_16_fu_1071_p2                                    |     |        | empty_16       | setgt  | auto     | 0       |
|   smax1_fu_1088_p3                                       |     |        | smax1          | select | auto_sel | 0       |
|   mul_31ns_31ns_62_2_1_U132                              | 4   |        | mul_ln28       | mul    | auto     | 1       |
|  + sobel_filter_Pipeline_1                               | 0   |        |                |        |          |         |
|    add_ln17_1_fu_156_p2                                  |     |        | add_ln17_1     | add    | fabric   | 0       |
|    add_ln17_fu_172_p2                                    |     |        | add_ln17       | add    | fabric   | 0       |
|    icmp_ln17_fu_178_p2                                   |     |        | icmp_ln17      | seteq  | auto     | 0       |
|  + sobel_filter_Pipeline_VITIS_LOOP_18_1_VITIS_LOOP_19_2 | 0   |        |                |        |          |         |
|    icmp_ln19_fu_1454_p2                                  |     |        | icmp_ln19      | setgt  | auto     | 0       |
|    icmp_ln19_1_fu_1755_p2                                |     |        | icmp_ln19_1    | setlt  | auto     | 0       |
|    select_ln18_fu_1894_p3                                |     |        | select_ln18    | select | auto_sel | 0       |
|    select_ln18_1_fu_1901_p3                              |     |        | select_ln18_1  | select | auto_sel | 0       |
|    select_ln18_2_fu_1908_p3                              |     |        | select_ln18_2  | select | auto_sel | 0       |
|    select_ln18_3_fu_1915_p3                              |     |        | select_ln18_3  | select | auto_sel | 0       |
|    select_ln18_4_fu_1922_p3                              |     |        | select_ln18_4  | select | auto_sel | 0       |
|    select_ln18_5_fu_1929_p3                              |     |        | select_ln18_5  | select | auto_sel | 0       |
|    select_ln18_7_fu_1936_p3                              |     |        | select_ln18_7  | select | auto_sel | 0       |
|    select_ln18_8_fu_1943_p3                              |     |        | select_ln18_8  | select | auto_sel | 0       |
|    select_ln18_9_fu_1950_p3                              |     |        | select_ln18_9  | select | auto_sel | 0       |
|    select_ln18_10_fu_1957_p3                             |     |        | select_ln18_10 | select | auto_sel | 0       |
|    select_ln18_11_fu_1964_p3                             |     |        | select_ln18_11 | select | auto_sel | 0       |
|    select_ln18_12_fu_1971_p3                             |     |        | select_ln18_12 | select | auto_sel | 0       |
|    icmp_ln18_fu_1760_p2                                  |     |        | icmp_ln18      | seteq  | auto     | 0       |
|    add_ln18_fu_1765_p2                                   |     |        | add_ln18       | add    | fabric   | 0       |
|    select_ln18_6_fu_2017_p3                              |     |        | select_ln18_6  | select | auto_sel | 0       |
|    select_ln18_13_fu_2024_p3                             |     |        | select_ln18_13 | select | auto_sel | 0       |
|    select_ln18_14_fu_2031_p3                             |     |        | select_ln18_14 | select | auto_sel | 0       |
|    select_ln18_15_fu_2038_p3                             |     |        | select_ln18_15 | select | auto_sel | 0       |
|    select_ln18_16_fu_2045_p3                             |     |        | select_ln18_16 | select | auto_sel | 0       |
|    select_ln18_17_fu_2052_p3                             |     |        | select_ln18_17 | select | auto_sel | 0       |
|    select_ln18_18_fu_2059_p3                             |     |        | select_ln18_18 | select | auto_sel | 0       |
|    select_ln18_19_fu_2066_p3                             |     |        | select_ln18_19 | select | auto_sel | 0       |
|    select_ln18_20_fu_2073_p3                             |     |        | select_ln18_20 | select | auto_sel | 0       |
|    select_ln18_21_fu_2080_p3                             |     |        | select_ln18_21 | select | auto_sel | 0       |
|    select_ln18_22_fu_2087_p3                             |     |        | select_ln18_22 | select | auto_sel | 0       |
|    select_ln18_23_fu_2094_p3                             |     |        | select_ln18_23 | select | auto_sel | 0       |
|    select_ln18_24_fu_2101_p3                             |     |        | select_ln18_24 | select | auto_sel | 0       |
|    select_ln18_25_fu_2108_p3                             |     |        | select_ln18_25 | select | auto_sel | 0       |
|    select_ln18_26_fu_2115_p3                             |     |        | select_ln18_26 | select | auto_sel | 0       |
|    select_ln18_27_fu_2122_p3                             |     |        | select_ln18_27 | select | auto_sel | 0       |
|    select_ln18_28_fu_2129_p3                             |     |        | select_ln18_28 | select | auto_sel | 0       |
|    select_ln18_29_fu_2136_p3                             |     |        | select_ln18_29 | select | auto_sel | 0       |
|    select_ln18_30_fu_2143_p3                             |     |        | select_ln18_30 | select | auto_sel | 0       |
|    select_ln18_31_fu_2150_p3                             |     |        | select_ln18_31 | select | auto_sel | 0       |
|    select_ln18_32_fu_2157_p3                             |     |        | select_ln18_32 | select | auto_sel | 0       |
|    select_ln18_33_fu_2164_p3                             |     |        | select_ln18_33 | select | auto_sel | 0       |
|    select_ln18_34_fu_2171_p3                             |     |        | select_ln18_34 | select | auto_sel | 0       |
|    select_ln18_35_fu_2178_p3                             |     |        | select_ln18_35 | select | auto_sel | 0       |
|    select_ln18_36_fu_2185_p3                             |     |        | select_ln18_36 | select | auto_sel | 0       |
|    select_ln18_37_fu_2192_p3                             |     |        | select_ln18_37 | select | auto_sel | 0       |
|    select_ln18_38_fu_2199_p3                             |     |        | select_ln18_38 | select | auto_sel | 0       |
|    select_ln18_39_fu_2206_p3                             |     |        | select_ln18_39 | select | auto_sel | 0       |
|    select_ln18_40_fu_2213_p3                             |     |        | select_ln18_40 | select | auto_sel | 0       |
|    select_ln18_41_fu_2228_p3                             |     |        | select_ln18_41 | select | auto_sel | 0       |
|    sub_ln37_fu_2267_p2                                   |     |        | sub_ln37       | sub    | fabric   | 0       |
|    tmp5_fu_2273_p2                                       |     |        | tmp5           | sub    | fabric   | 0       |
|    tmp31_fu_2287_p2                                      |     |        | tmp31          | sub    | fabric   | 0       |
|    add_ln37_fu_2293_p2                                   |     |        | add_ln37       | add    | fabric   | 0       |
|    add_ln38_fu_2299_p2                                   |     |        | add_ln38       | add    | fabric   | 0       |
|    sub_ln43_fu_2636_p2                                   |     |        | sub_ln43       | sub    | fabric   | 0       |
|    abs_Gx_val_fu_2655_p3                                 |     |        | abs_Gx_val     | select | auto_sel | 0       |
|    sub_ln44_fu_2642_p2                                   |     |        | sub_ln44       | sub    | fabric   | 0       |
|    abs_Gy_val_fu_2668_p3                                 |     |        | abs_Gy_val     | select | auto_sel | 0       |
|    magnitude_fu_2674_p2                                  |     |        | magnitude      | add    | fabric   | 0       |
|    icmp_ln47_fu_2690_p2                                  |     |        | icmp_ln47      | setgt  | auto     | 0       |
|    output_r_TDATA                                        |     |        | select_ln47    | select | auto_sel | 0       |
|    add_ln19_fu_1771_p2                                   |     |        | add_ln19       | add    | fabric   | 0       |
|    j_3_fu_1777_p3                                        |     |        | j_3            | select | auto_sel | 0       |
+----------------------------------------------------------+-----+--------+----------------+--------+----------+---------+


================================================================
== Storage Report
================================================================
+-------------------+---------------+-----------+------+------+--------+--------+-------------+------+---------+------------------+
| Name              | Usage         | Type      | BRAM | URAM | CE_REG | Pragma | Variable    | Impl | Latency | Bitwidth, Depth, |
|                   |               |           |      |      |        |        |             |      |         | Banks            |
+-------------------+---------------+-----------+------+------+--------+--------+-------------+------+---------+------------------+
| + sobel_filter    |               |           | 0    | 0    |        |        |             |      |         |                  |
|   control_s_axi_U | interface     | s_axilite |      |      |        |        |             |      |         |                  |
|   window_keep_U   | ram_t2p array |           |      |      | N      |        | window_keep | auto | 1       | 4, 9, 1          |
|   window_strb_U   | ram_t2p array |           |      |      | N      |        | window_strb | auto | 1       | 4, 9, 1          |
|   window_user_U   | ram_t2p array |           |      |      | N      |        | window_user | auto | 1       | 2, 9, 1          |
|   window_last_U   | ram_t2p array |           |      |      | N      |        | window_last | auto | 1       | 1, 9, 1          |
|   window_id_U     | ram_t2p array |           |      |      | N      |        | window_id   | auto | 1       | 5, 9, 1          |
|   window_dest_U   | ram_t2p array |           |      |      | N      |        | window_dest | auto | 1       | 6, 9, 1          |
+-------------------+---------------+-----------+------+------+--------+--------+-------------+------+---------+------------------+


================================================================
== Pragma Report
================================================================
* Inferred Pragmas
+--------------+---------+-----------------------------------------------------------------------+-------------------------------+
| Type         | Options | Location                                                              | Inferred From                 |
+--------------+---------+-----------------------------------------------------------------------+-------------------------------+
| LOOP_FLATTEN |         | loop VITIS_LOOP_19_2 (Sobel.cpp:19:24) in sobel_filter (Sobel.cpp:19) | pipeline Sobel.cpp:20         |
| PIPELINE     |         | loop anonymous (Sobel.cpp:17:11) in sobel_filter (Sobel.cpp:17)       | syn.compile.pipeline_loops=64 |
+--------------+---------+-----------------------------------------------------------------------+-------------------------------+

* Valid Pragma Syntax
+-----------+-----------------------+--------------------------------+
| Type      | Options               | Location                       |
+-----------+-----------------------+--------------------------------+
| INTERFACE | axis port=input       | in sobel_filter (Sobel.cpp:8)  |
| INTERFACE | axis port=output      | in sobel_filter (Sobel.cpp:9)  |
| INTERFACE | s_axilite port=rows   | in sobel_filter (Sobel.cpp:10) |
| INTERFACE | s_axilite port=cols   | in sobel_filter (Sobel.cpp:11) |
| INTERFACE | s_axilite port=return | in sobel_filter (Sobel.cpp:12) |
| PIPELINE  |                       | in sobel_filter (Sobel.cpp:20) |
+-----------+-----------------------+--------------------------------+


