

================================================================
== Vitis HLS Report for 'Sobel_Filter'
================================================================
* Date:           Tue Sep 22 20:07:23 2026

* Version:        2026.1 (Build 6493734 on Jun 16 2026)
* Project:        Sobel_Filter_IP
* Solution:       hls
* Product family: zynq
* Target device:  xc7z020-clg400-1


================================================================
== Performance Estimates
================================================================
+ Timing: 
    * Summary: 
    +--------+----------+----------+------------+
    |  Clock |  Target  | Estimated| Uncertainty|
    +--------+----------+----------+------------+
    |ap_clk  |  10.00 ns|  7.206 ns|     2.70 ns|
    +--------+----------+----------+------------+

+ Latency: 
    * Summary: 
    +---------+---------+----------+----------+-----+-----+---------+
    |  Latency (cycles) |  Latency (absolute) |  Interval | Pipeline|
    |   min   |   max   |    min   |    max   | min | max |   Type  |
    +---------+---------+----------+----------+-----+-----+---------+
    |        ?|        ?|         ?|         ?|    ?|    ?|       no|
    +---------+---------+----------+----------+-----+-----+---------+

    + Detail: 
        * Instance: 
        +-----------------------------------------------------------------+-------------------------------------------------------+---------+---------+----------+----------+-----+-----+-------------------+
        |                                                                 |                                                       |  Latency (cycles) |  Latency (absolute) |  Interval |      Pipeline     |
        |                             Instance                            |                         Module                        |   min   |   max   |    min   |    max   | min | max |        Type       |
        +-----------------------------------------------------------------+-------------------------------------------------------+---------+---------+----------+----------+-----+-----+-------------------+
        |grp_Sobel_Filter_Pipeline_VITIS_LOOP_26_1_VITIS_LOOP_28_2_fu_86  |Sobel_Filter_Pipeline_VITIS_LOOP_26_1_VITIS_LOOP_28_2  |        ?|        ?|         ?|         ?|    0|    0|  loop pipeline stp|
        +-----------------------------------------------------------------+-------------------------------------------------------+---------+---------+----------+----------+-----+-----+-------------------+

        * Loop: 
        N/A

============================================================
+ Verbose Summary: Synthesis Manager
============================================================
InlineROM: 1
ExposeGlobal: 0
============================================================
+ Verbose Summary: CDFG Model
============================================================
IsTopModel: 1
ResetActiveHigh: 1
IsCombinational: 0
IsDatapathOnly: 0
HasWiredReturn: 1
HasMFsm: 0
HasVarLatency: 1
IsPipeline: 0
IsRtlPipelined: 0
IsInstanceOverlapped: 0
IsDontTouch: 0
HasImplIP: 0
IsGatedGlobalClock: 0


============================================================
+ Verbose Summary: Schedule
============================================================
* Number of FSM states : 6
* Pipeline : 0
* Dataflow Pipeline: 0

* FSM state transitions: 
1 --> 2 
2 --> 3 
3 --> 4 
4 --> 5 
5 --> 6 
6 --> 

* FSM state operations: 

State 1 <SV = 0> <Delay = 4.28>
ST_1 : Operation 7 [1/1] (1.00ns)   --->   "%Cols_read = read i32 @_ssdm_op_Read.s_axilite.i32, i32 %Cols" [Sobel_Filter.cpp:9]   --->   Operation 7 'read' 'Cols_read' <Predicate = true> <Delay = 1.00> <CoreInst = "s_axilite">   --->   Core 112 's_axilite' <Latency = 0> <II = 1> <Delay = 1.00> <Adapter> <Opcode : 'read' 'write'>
ST_1 : Operation 8 [1/1] (1.00ns)   --->   "%Rows_read = read i32 @_ssdm_op_Read.s_axilite.i32, i32 %Rows" [Sobel_Filter.cpp:9]   --->   Operation 8 'read' 'Rows_read' <Predicate = true> <Delay = 1.00> <CoreInst = "s_axilite">   --->   Core 112 's_axilite' <Latency = 0> <II = 1> <Delay = 1.00> <Adapter> <Opcode : 'read' 'write'>
ST_1 : Operation 9 [1/1] (0.00ns)   --->   "%trunc_ln9 = trunc i32 %Rows_read" [Sobel_Filter.cpp:9]   --->   Operation 9 'trunc' 'trunc_ln9' <Predicate = true> <Delay = 0.00>
ST_1 : Operation 10 [1/1] (0.00ns)   --->   "%trunc_ln9_1 = trunc i32 %Cols_read" [Sobel_Filter.cpp:9]   --->   Operation 10 'trunc' 'trunc_ln9_1' <Predicate = true> <Delay = 0.00>
ST_1 : Operation 11 [1/1] (2.55ns)   --->   "%empty = icmp_sgt  i32 %Cols_read, i32 0" [Sobel_Filter.cpp:9]   --->   Operation 11 'icmp' 'empty' <Predicate = true> <Delay = 2.55> <CoreInst = "Cmp">   --->   Core 9 'Cmp' <Latency = 0> <II = 1> <Delay = 2.55> <FuncUnit> <Opcode : 'seteq' 'setne' 'setle' 'setge' 'setlt' 'setgt'> <InPorts = 2> <OutPorts = 1>
ST_1 : Operation 12 [1/1] (0.73ns)   --->   "%smax = select i1 %empty, i31 %trunc_ln9_1, i31 0" [Sobel_Filter.cpp:9]   --->   Operation 12 'select' 'smax' <Predicate = true> <Delay = 0.73> <CoreInst = "Sel">   --->   Core 73 'Sel' <Latency = 0> <II = 1> <Delay = 0.73> <FuncUnit> <Opcode : 'select'> <InPorts = 3> <OutPorts = 1>
ST_1 : Operation 13 [1/1] (2.55ns)   --->   "%empty_27 = icmp_sgt  i32 %Rows_read, i32 0" [Sobel_Filter.cpp:9]   --->   Operation 13 'icmp' 'empty_27' <Predicate = true> <Delay = 2.55> <CoreInst = "Cmp">   --->   Core 9 'Cmp' <Latency = 0> <II = 1> <Delay = 2.55> <FuncUnit> <Opcode : 'seteq' 'setne' 'setle' 'setge' 'setlt' 'setgt'> <InPorts = 2> <OutPorts = 1>
ST_1 : Operation 14 [1/1] (0.73ns)   --->   "%smax1 = select i1 %empty_27, i31 %trunc_ln9, i31 0" [Sobel_Filter.cpp:9]   --->   Operation 14 'select' 'smax1' <Predicate = true> <Delay = 0.73> <CoreInst = "Sel">   --->   Core 73 'Sel' <Latency = 0> <II = 1> <Delay = 0.73> <FuncUnit> <Opcode : 'select'> <InPorts = 3> <OutPorts = 1>

State 2 <SV = 1> <Delay = 6.91>
ST_2 : Operation 15 [1/1] (0.00ns)   --->   "%cast = zext i31 %smax1" [Sobel_Filter.cpp:9]   --->   Operation 15 'zext' 'cast' <Predicate = true> <Delay = 0.00>
ST_2 : Operation 16 [1/1] (0.00ns)   --->   "%cast2 = zext i31 %smax" [Sobel_Filter.cpp:9]   --->   Operation 16 'zext' 'cast2' <Predicate = true> <Delay = 0.00>
ST_2 : Operation 17 [2/2] (6.91ns)   --->   "%bound = mul i62 %cast, i62 %cast2" [Sobel_Filter.cpp:9]   --->   Operation 17 'mul' 'bound' <Predicate = true> <Delay = 6.91> <CoreInst = "Multiplier">   --->   Core 3 'Multiplier' <Latency = 1> <II = 1> <Delay = 6.91> <FuncUnit> <Opcode : 'mul'> <InPorts = 2> <OutPorts = 1>

State 3 <SV = 2> <Delay = 6.91>
ST_3 : Operation 18 [1/2] (6.91ns)   --->   "%bound = mul i62 %cast, i62 %cast2" [Sobel_Filter.cpp:9]   --->   Operation 18 'mul' 'bound' <Predicate = true> <Delay = 6.91> <CoreInst = "Multiplier">   --->   Core 3 'Multiplier' <Latency = 1> <II = 1> <Delay = 6.91> <FuncUnit> <Opcode : 'mul'> <InPorts = 2> <OutPorts = 1>

State 4 <SV = 3> <Delay = 3.77>
ST_4 : Operation 19 [2/2] (3.77ns)   --->   "%call_ln9 = call void @Sobel_Filter_Pipeline_VITIS_LOOP_26_1_VITIS_LOOP_28_2, i32 %Cols_read, i62 %bound, i32 %Input_r_V_data_V, i4 %Input_r_V_keep_V, i4 %Input_r_V_strb_V, i3 %Input_r_V_user_V, i1 %Input_r_V_last_V, i5 %Input_r_V_id_V, i6 %Input_r_V_dest_V, i32 %Output_r_V_data_V, i4 %Output_r_V_keep_V, i4 %Output_r_V_strb_V, i3 %Output_r_V_user_V, i1 %Output_r_V_last_V, i5 %Output_r_V_id_V, i6 %Output_r_V_dest_V" [Sobel_Filter.cpp:9]   --->   Operation 19 'call' 'call_ln9' <Predicate = true> <Delay = 3.77> <CoreType = "Generic">   --->   Generic Core

State 5 <SV = 4> <Delay = 6.85>
ST_5 : Operation 20 [1/2] (6.85ns)   --->   "%call_ln9 = call void @Sobel_Filter_Pipeline_VITIS_LOOP_26_1_VITIS_LOOP_28_2, i32 %Cols_read, i62 %bound, i32 %Input_r_V_data_V, i4 %Input_r_V_keep_V, i4 %Input_r_V_strb_V, i3 %Input_r_V_user_V, i1 %Input_r_V_last_V, i5 %Input_r_V_id_V, i6 %Input_r_V_dest_V, i32 %Output_r_V_data_V, i4 %Output_r_V_keep_V, i4 %Output_r_V_strb_V, i3 %Output_r_V_user_V, i1 %Output_r_V_last_V, i5 %Output_r_V_id_V, i6 %Output_r_V_dest_V" [Sobel_Filter.cpp:9]   --->   Operation 20 'call' 'call_ln9' <Predicate = true> <Delay = 6.85> <CoreType = "Generic">   --->   Generic Core

State 6 <SV = 5> <Delay = 0.00>
ST_6 : Operation 21 [1/1] (0.00ns)   --->   "%spectopmodule_ln9 = spectopmodule void @_ssdm_op_SpecTopModule, void @empty_9" [Sobel_Filter.cpp:9]   --->   Operation 21 'spectopmodule' 'spectopmodule_ln9' <Predicate = true> <Delay = 0.00>
ST_6 : Operation 22 [1/1] (0.00ns)   --->   "%specinterface_ln0 = specinterface void @_ssdm_op_SpecInterface, i32 %Input_r_V_data_V, i4 %Input_r_V_keep_V, i4 %Input_r_V_strb_V, i3 %Input_r_V_user_V, i1 %Input_r_V_last_V, i5 %Input_r_V_id_V, i6 %Input_r_V_dest_V, void @empty, i32 1, i32 1, void @empty_0, i32 0, i32 0, void @empty_1, void @empty_1, void @empty_1, i32 0, i32 0, i32 0, i32 0, void @empty_1, void @empty_1, i32 4294967295, i32 0, i32 0, i32 0"   --->   Operation 22 'specinterface' 'specinterface_ln0' <Predicate = true> <Delay = 0.00>
ST_6 : Operation 23 [1/1] (0.00ns)   --->   "%specbitsmap_ln0 = specbitsmap void @_ssdm_op_SpecBitsMap, i32 %Input_r_V_data_V"   --->   Operation 23 'specbitsmap' 'specbitsmap_ln0' <Predicate = true> <Delay = 0.00>
ST_6 : Operation 24 [1/1] (0.00ns)   --->   "%specbitsmap_ln0 = specbitsmap void @_ssdm_op_SpecBitsMap, i4 %Input_r_V_keep_V"   --->   Operation 24 'specbitsmap' 'specbitsmap_ln0' <Predicate = true> <Delay = 0.00>
ST_6 : Operation 25 [1/1] (0.00ns)   --->   "%specbitsmap_ln0 = specbitsmap void @_ssdm_op_SpecBitsMap, i4 %Input_r_V_strb_V"   --->   Operation 25 'specbitsmap' 'specbitsmap_ln0' <Predicate = true> <Delay = 0.00>
ST_6 : Operation 26 [1/1] (0.00ns)   --->   "%specbitsmap_ln0 = specbitsmap void @_ssdm_op_SpecBitsMap, i3 %Input_r_V_user_V"   --->   Operation 26 'specbitsmap' 'specbitsmap_ln0' <Predicate = true> <Delay = 0.00>
ST_6 : Operation 27 [1/1] (0.00ns)   --->   "%specbitsmap_ln0 = specbitsmap void @_ssdm_op_SpecBitsMap, i1 %Input_r_V_last_V"   --->   Operation 27 'specbitsmap' 'specbitsmap_ln0' <Predicate = true> <Delay = 0.00>
ST_6 : Operation 28 [1/1] (0.00ns)   --->   "%specbitsmap_ln0 = specbitsmap void @_ssdm_op_SpecBitsMap, i5 %Input_r_V_id_V"   --->   Operation 28 'specbitsmap' 'specbitsmap_ln0' <Predicate = true> <Delay = 0.00>
ST_6 : Operation 29 [1/1] (0.00ns)   --->   "%specbitsmap_ln0 = specbitsmap void @_ssdm_op_SpecBitsMap, i6 %Input_r_V_dest_V"   --->   Operation 29 'specbitsmap' 'specbitsmap_ln0' <Predicate = true> <Delay = 0.00>
ST_6 : Operation 30 [1/1] (0.00ns)   --->   "%specinterface_ln0 = specinterface void @_ssdm_op_SpecInterface, i32 %Output_r_V_data_V, i4 %Output_r_V_keep_V, i4 %Output_r_V_strb_V, i3 %Output_r_V_user_V, i1 %Output_r_V_last_V, i5 %Output_r_V_id_V, i6 %Output_r_V_dest_V, void @empty, i32 1, i32 1, void @empty_0, i32 0, i32 0, void @empty_1, void @empty_1, void @empty_1, i32 0, i32 0, i32 0, i32 0, void @empty_1, void @empty_1, i32 4294967295, i32 0, i32 0, i32 0"   --->   Operation 30 'specinterface' 'specinterface_ln0' <Predicate = true> <Delay = 0.00>
ST_6 : Operation 31 [1/1] (0.00ns)   --->   "%specbitsmap_ln0 = specbitsmap void @_ssdm_op_SpecBitsMap, i32 %Output_r_V_data_V"   --->   Operation 31 'specbitsmap' 'specbitsmap_ln0' <Predicate = true> <Delay = 0.00>
ST_6 : Operation 32 [1/1] (0.00ns)   --->   "%specbitsmap_ln0 = specbitsmap void @_ssdm_op_SpecBitsMap, i4 %Output_r_V_keep_V"   --->   Operation 32 'specbitsmap' 'specbitsmap_ln0' <Predicate = true> <Delay = 0.00>
ST_6 : Operation 33 [1/1] (0.00ns)   --->   "%specbitsmap_ln0 = specbitsmap void @_ssdm_op_SpecBitsMap, i4 %Output_r_V_strb_V"   --->   Operation 33 'specbitsmap' 'specbitsmap_ln0' <Predicate = true> <Delay = 0.00>
ST_6 : Operation 34 [1/1] (0.00ns)   --->   "%specbitsmap_ln0 = specbitsmap void @_ssdm_op_SpecBitsMap, i3 %Output_r_V_user_V"   --->   Operation 34 'specbitsmap' 'specbitsmap_ln0' <Predicate = true> <Delay = 0.00>
ST_6 : Operation 35 [1/1] (0.00ns)   --->   "%specbitsmap_ln0 = specbitsmap void @_ssdm_op_SpecBitsMap, i1 %Output_r_V_last_V"   --->   Operation 35 'specbitsmap' 'specbitsmap_ln0' <Predicate = true> <Delay = 0.00>
ST_6 : Operation 36 [1/1] (0.00ns)   --->   "%specbitsmap_ln0 = specbitsmap void @_ssdm_op_SpecBitsMap, i5 %Output_r_V_id_V"   --->   Operation 36 'specbitsmap' 'specbitsmap_ln0' <Predicate = true> <Delay = 0.00>
ST_6 : Operation 37 [1/1] (0.00ns)   --->   "%specbitsmap_ln0 = specbitsmap void @_ssdm_op_SpecBitsMap, i6 %Output_r_V_dest_V"   --->   Operation 37 'specbitsmap' 'specbitsmap_ln0' <Predicate = true> <Delay = 0.00>
ST_6 : Operation 38 [1/1] (0.00ns)   --->   "%specbitsmap_ln0 = specbitsmap void @_ssdm_op_SpecBitsMap, i32 %Rows"   --->   Operation 38 'specbitsmap' 'specbitsmap_ln0' <Predicate = true> <Delay = 0.00>
ST_6 : Operation 39 [1/1] (0.00ns)   --->   "%specinterface_ln0 = specinterface void @_ssdm_op_SpecInterface, i32 %Rows, void @empty_2, i32 0, i32 0, void @empty_1, i32 0, i32 0, void @empty_3, void @empty_4, void @empty_1, i32 0, i32 0, i32 0, i32 0, void @empty_1, void @empty_1, i32 4294967295, i32 0, i32 0, i32 0"   --->   Operation 39 'specinterface' 'specinterface_ln0' <Predicate = true> <Delay = 0.00>
ST_6 : Operation 40 [1/1] (0.00ns)   --->   "%specinterface_ln0 = specinterface void @_ssdm_op_SpecInterface, i32 %Rows, void @empty_5, i32 0, i32 0, void @empty_1, i32 0, i32 0, void @empty_1, void @empty_1, void @empty_1, i32 0, i32 0, i32 0, i32 0, void @empty_1, void @empty_1, i32 4294967295, i32 0, i32 0, i32 0"   --->   Operation 40 'specinterface' 'specinterface_ln0' <Predicate = true> <Delay = 0.00>
ST_6 : Operation 41 [1/1] (0.00ns)   --->   "%specbitsmap_ln0 = specbitsmap void @_ssdm_op_SpecBitsMap, i32 %Cols"   --->   Operation 41 'specbitsmap' 'specbitsmap_ln0' <Predicate = true> <Delay = 0.00>
ST_6 : Operation 42 [1/1] (0.00ns)   --->   "%specinterface_ln0 = specinterface void @_ssdm_op_SpecInterface, i32 %Cols, void @empty_2, i32 0, i32 0, void @empty_1, i32 0, i32 0, void @empty_3, void @empty_6, void @empty_1, i32 0, i32 0, i32 0, i32 0, void @empty_1, void @empty_1, i32 4294967295, i32 0, i32 0, i32 0"   --->   Operation 42 'specinterface' 'specinterface_ln0' <Predicate = true> <Delay = 0.00>
ST_6 : Operation 43 [1/1] (0.00ns)   --->   "%specinterface_ln0 = specinterface void @_ssdm_op_SpecInterface, i32 %Cols, void @empty_5, i32 0, i32 0, void @empty_1, i32 0, i32 0, void @empty_1, void @empty_1, void @empty_1, i32 0, i32 0, i32 0, i32 0, void @empty_1, void @empty_1, i32 4294967295, i32 0, i32 0, i32 0"   --->   Operation 43 'specinterface' 'specinterface_ln0' <Predicate = true> <Delay = 0.00>
ST_6 : Operation 44 [1/1] (0.00ns)   --->   "%specinterface_ln0 = specinterface void @_ssdm_op_SpecInterface, i32 0, void @empty_2, i32 0, i32 0, void @empty_1, i32 0, i32 0, void @empty_3, void @empty_1, void @empty_1, i32 0, i32 0, i32 0, i32 0, void @empty_1, void @empty_1, i32 0, i32 0, i32 0, i32 0"   --->   Operation 44 'specinterface' 'specinterface_ln0' <Predicate = true> <Delay = 0.00>
ST_6 : Operation 45 [1/1] (0.00ns)   --->   "%specaxissidechannel_ln17 = specaxissidechannel void @_ssdm_op_SpecAXISSideChannel, i32 %Output_r_V_data_V, i4 %Output_r_V_keep_V, i4 %Output_r_V_strb_V, i3 %Output_r_V_user_V, i1 %Output_r_V_last_V, i5 %Output_r_V_id_V, i6 %Output_r_V_dest_V, void @empty_7" [Sobel_Filter.cpp:17]   --->   Operation 45 'specaxissidechannel' 'specaxissidechannel_ln17' <Predicate = true> <Delay = 0.00>
ST_6 : Operation 46 [1/1] (0.00ns)   --->   "%specaxissidechannel_ln17 = specaxissidechannel void @_ssdm_op_SpecAXISSideChannel, i32 %Input_r_V_data_V, i4 %Input_r_V_keep_V, i4 %Input_r_V_strb_V, i3 %Input_r_V_user_V, i1 %Input_r_V_last_V, i5 %Input_r_V_id_V, i6 %Input_r_V_dest_V, void @empty_8" [Sobel_Filter.cpp:17]   --->   Operation 46 'specaxissidechannel' 'specaxissidechannel_ln17' <Predicate = true> <Delay = 0.00>
ST_6 : Operation 47 [1/1] (0.00ns)   --->   "%ret_ln80 = ret" [Sobel_Filter.cpp:80]   --->   Operation 47 'ret' 'ret_ln80' <Predicate = true> <Delay = 0.00>


============================================================
+ Verbose Summary: Binding
============================================================
STG Binding: 
---------------- STG Properties BEGIN ----------------
- Is combinational: 0
- Is one-state seq: 0
- Is datapath-only: 0
- Is pipelined: 0
- Is top level: 1
Port [ Return ] is wired: 1; IO mode=ap_ctrl_hs:ce=0
Port [ Input_r_V_data_V]:  wired=1; compound=1; hidden=0; nouse=0; global=0; static=0; extern=0; dir=0; type=0; pingpong=0; private_global=0; IO mode=axis:ce=0
Port [ Input_r_V_keep_V]:  wired=1; compound=1; hidden=0; nouse=0; global=0; static=0; extern=0; dir=0; type=0; pingpong=0; private_global=0; IO mode=axis:ce=0
Port [ Input_r_V_strb_V]:  wired=1; compound=1; hidden=0; nouse=0; global=0; static=0; extern=0; dir=0; type=0; pingpong=0; private_global=0; IO mode=axis:ce=0
Port [ Input_r_V_user_V]:  wired=1; compound=1; hidden=0; nouse=0; global=0; static=0; extern=0; dir=0; type=0; pingpong=0; private_global=0; IO mode=axis:ce=0
Port [ Input_r_V_last_V]:  wired=1; compound=1; hidden=0; nouse=0; global=0; static=0; extern=0; dir=0; type=0; pingpong=0; private_global=0; IO mode=axis:ce=0
Port [ Input_r_V_id_V]:  wired=1; compound=1; hidden=0; nouse=0; global=0; static=0; extern=0; dir=0; type=0; pingpong=0; private_global=0; IO mode=axis:ce=0
Port [ Input_r_V_dest_V]:  wired=1; compound=1; hidden=0; nouse=0; global=0; static=0; extern=0; dir=0; type=0; pingpong=0; private_global=0; IO mode=axis:ce=0
Port [ Output_r_V_data_V]:  wired=1; compound=1; hidden=0; nouse=0; global=0; static=0; extern=0; dir=1; type=0; pingpong=0; private_global=0; IO mode=axis:ce=0
Port [ Output_r_V_keep_V]:  wired=1; compound=1; hidden=0; nouse=0; global=0; static=0; extern=0; dir=1; type=0; pingpong=0; private_global=0; IO mode=axis:ce=0
Port [ Output_r_V_strb_V]:  wired=1; compound=1; hidden=0; nouse=0; global=0; static=0; extern=0; dir=1; type=0; pingpong=0; private_global=0; IO mode=axis:ce=0
Port [ Output_r_V_user_V]:  wired=1; compound=1; hidden=0; nouse=0; global=0; static=0; extern=0; dir=1; type=0; pingpong=0; private_global=0; IO mode=axis:ce=0
Port [ Output_r_V_last_V]:  wired=1; compound=1; hidden=0; nouse=0; global=0; static=0; extern=0; dir=1; type=0; pingpong=0; private_global=0; IO mode=axis:ce=0
Port [ Output_r_V_id_V]:  wired=1; compound=1; hidden=0; nouse=0; global=0; static=0; extern=0; dir=1; type=0; pingpong=0; private_global=0; IO mode=axis:ce=0
Port [ Output_r_V_dest_V]:  wired=1; compound=1; hidden=0; nouse=0; global=0; static=0; extern=0; dir=1; type=0; pingpong=0; private_global=0; IO mode=axis:ce=0
Port [ Rows]:  wired=1; compound=0; hidden=0; nouse=0; global=0; static=0; extern=0; dir=0; type=0; pingpong=0; private_global=0; IO mode=ap_none:ce=0
Port [ Cols]:  wired=1; compound=0; hidden=0; nouse=0; global=0; static=0; extern=0; dir=0; type=0; pingpong=0; private_global=0; IO mode=ap_none:ce=0
---------------- STG Properties END ------------------

---------------- Datapath Model BEGIN ----------------

<LifeTime>
<method=bitvector/>
Cols_read                (read               ) [ 0011110]
Rows_read                (read               ) [ 0000000]
trunc_ln9                (trunc              ) [ 0000000]
trunc_ln9_1              (trunc              ) [ 0000000]
empty                    (icmp               ) [ 0000000]
smax                     (select             ) [ 0010000]
empty_27                 (icmp               ) [ 0000000]
smax1                    (select             ) [ 0010000]
cast                     (zext               ) [ 0001000]
cast2                    (zext               ) [ 0001000]
bound                    (mul                ) [ 0000110]
call_ln9                 (call               ) [ 0000000]
spectopmodule_ln9        (spectopmodule      ) [ 0000000]
specinterface_ln0        (specinterface      ) [ 0000000]
specbitsmap_ln0          (specbitsmap        ) [ 0000000]
specbitsmap_ln0          (specbitsmap        ) [ 0000000]
specbitsmap_ln0          (specbitsmap        ) [ 0000000]
specbitsmap_ln0          (specbitsmap        ) [ 0000000]
specbitsmap_ln0          (specbitsmap        ) [ 0000000]
specbitsmap_ln0          (specbitsmap        ) [ 0000000]
specbitsmap_ln0          (specbitsmap        ) [ 0000000]
specinterface_ln0        (specinterface      ) [ 0000000]
specbitsmap_ln0          (specbitsmap        ) [ 0000000]
specbitsmap_ln0          (specbitsmap        ) [ 0000000]
specbitsmap_ln0          (specbitsmap        ) [ 0000000]
specbitsmap_ln0          (specbitsmap        ) [ 0000000]
specbitsmap_ln0          (specbitsmap        ) [ 0000000]
specbitsmap_ln0          (specbitsmap        ) [ 0000000]
specbitsmap_ln0          (specbitsmap        ) [ 0000000]
specbitsmap_ln0          (specbitsmap        ) [ 0000000]
specinterface_ln0        (specinterface      ) [ 0000000]
specinterface_ln0        (specinterface      ) [ 0000000]
specbitsmap_ln0          (specbitsmap        ) [ 0000000]
specinterface_ln0        (specinterface      ) [ 0000000]
specinterface_ln0        (specinterface      ) [ 0000000]
specinterface_ln0        (specinterface      ) [ 0000000]
specaxissidechannel_ln17 (specaxissidechannel) [ 0000000]
specaxissidechannel_ln17 (specaxissidechannel) [ 0000000]
ret_ln80                 (ret                ) [ 0000000]
</LifeTime>

<model>

<comp_list>
<comp id="0" class="1000" name="Input_r_V_data_V">
<pin_list>
<pin id="1" dir="1" index="0" bw="1" slack="0"/>
</pin_list>
<bind>
<StgValue><ssdm name="Input_r_V_data_V"/></StgValue>
</bind>
</comp>

<comp id="2" class="1000" name="Input_r_V_keep_V">
<pin_list>
<pin id="3" dir="1" index="0" bw="1" slack="0"/>
</pin_list>
<bind>
<StgValue><ssdm name="Input_r_V_keep_V"/></StgValue>
</bind>
</comp>

<comp id="4" class="1000" name="Input_r_V_strb_V">
<pin_list>
<pin id="5" dir="1" index="0" bw="1" slack="0"/>
</pin_list>
<bind>
<StgValue><ssdm name="Input_r_V_strb_V"/></StgValue>
</bind>
</comp>

<comp id="6" class="1000" name="Input_r_V_user_V">
<pin_list>
<pin id="7" dir="1" index="0" bw="1" slack="0"/>
</pin_list>
<bind>
<StgValue><ssdm name="Input_r_V_user_V"/></StgValue>
</bind>
</comp>

<comp id="8" class="1000" name="Input_r_V_last_V">
<pin_list>
<pin id="9" dir="1" index="0" bw="1" slack="0"/>
</pin_list>
<bind>
<StgValue><ssdm name="Input_r_V_last_V"/></StgValue>
</bind>
</comp>

<comp id="10" class="1000" name="Input_r_V_id_V">
<pin_list>
<pin id="11" dir="1" index="0" bw="1" slack="0"/>
</pin_list>
<bind>
<StgValue><ssdm name="Input_r_V_id_V"/></StgValue>
</bind>
</comp>

<comp id="12" class="1000" name="Input_r_V_dest_V">
<pin_list>
<pin id="13" dir="1" index="0" bw="1" slack="0"/>
</pin_list>
<bind>
<StgValue><ssdm name="Input_r_V_dest_V"/></StgValue>
</bind>
</comp>

<comp id="14" class="1000" name="Output_r_V_data_V">
<pin_list>
<pin id="15" dir="1" index="0" bw="1" slack="0"/>
</pin_list>
<bind>
<StgValue><ssdm name="Output_r_V_data_V"/></StgValue>
</bind>
</comp>

<comp id="16" class="1000" name="Output_r_V_keep_V">
<pin_list>
<pin id="17" dir="1" index="0" bw="1" slack="0"/>
</pin_list>
<bind>
<StgValue><ssdm name="Output_r_V_keep_V"/></StgValue>
</bind>
</comp>

<comp id="18" class="1000" name="Output_r_V_strb_V">
<pin_list>
<pin id="19" dir="1" index="0" bw="1" slack="0"/>
</pin_list>
<bind>
<StgValue><ssdm name="Output_r_V_strb_V"/></StgValue>
</bind>
</comp>

<comp id="20" class="1000" name="Output_r_V_user_V">
<pin_list>
<pin id="21" dir="1" index="0" bw="1" slack="0"/>
</pin_list>
<bind>
<StgValue><ssdm name="Output_r_V_user_V"/></StgValue>
</bind>
</comp>

<comp id="22" class="1000" name="Output_r_V_last_V">
<pin_list>
<pin id="23" dir="1" index="0" bw="1" slack="0"/>
</pin_list>
<bind>
<StgValue><ssdm name="Output_r_V_last_V"/></StgValue>
</bind>
</comp>

<comp id="24" class="1000" name="Output_r_V_id_V">
<pin_list>
<pin id="25" dir="1" index="0" bw="1" slack="0"/>
</pin_list>
<bind>
<StgValue><ssdm name="Output_r_V_id_V"/></StgValue>
</bind>
</comp>

<comp id="26" class="1000" name="Output_r_V_dest_V">
<pin_list>
<pin id="27" dir="1" index="0" bw="1" slack="0"/>
</pin_list>
<bind>
<StgValue><ssdm name="Output_r_V_dest_V"/></StgValue>
</bind>
</comp>

<comp id="28" class="1000" name="Rows">
<pin_list>
<pin id="29" dir="1" index="0" bw="1" slack="0"/>
</pin_list>
<bind>
<StgValue><ssdm name="Rows"/></StgValue>
</bind>
</comp>

<comp id="30" class="1000" name="Cols">
<pin_list>
<pin id="31" dir="1" index="0" bw="1" slack="0"/>
</pin_list>
<bind>
<StgValue><ssdm name="Cols"/></StgValue>
</bind>
</comp>

<comp id="32" class="1001" name="const_32">
<pin_list>
<pin id="33" dir="1" index="0" bw="1" slack="0"/>
</pin_list>
<bind>
<StgValue><ssdm name="_ssdm_op_Read.s_axilite.i32"/></StgValue>
</bind>
</comp>

<comp id="34" class="1001" name="const_34">
<pin_list>
<pin id="35" dir="1" index="0" bw="1" slack="0"/>
</pin_list>
<bind>
<StgValue><ssdm name=""/></StgValue>
</bind>
</comp>

<comp id="36" class="1001" name="const_36">
<pin_list>
<pin id="37" dir="1" index="0" bw="1" slack="0"/>
</pin_list>
<bind>
<StgValue><ssdm name=""/></StgValue>
</bind>
</comp>

<comp id="38" class="1001" name="const_38">
<pin_list>
<pin id="39" dir="1" index="0" bw="1" slack="0"/>
</pin_list>
<bind>
<StgValue><ssdm name="Sobel_Filter_Pipeline_VITIS_LOOP_26_1_VITIS_LOOP_28_2"/></StgValue>
</bind>
</comp>

<comp id="40" class="1001" name="const_40">
<pin_list>
<pin id="41" dir="1" index="0" bw="1" slack="2147483647"/>
</pin_list>
<bind>
<StgValue><ssdm name="_ssdm_op_SpecTopModule"/></StgValue>
</bind>
</comp>

<comp id="42" class="1001" name="const_42">
<pin_list>
<pin id="43" dir="1" index="0" bw="1" slack="2147483647"/>
</pin_list>
<bind>
<StgValue><ssdm name="empty_9"/></StgValue>
</bind>
</comp>

<comp id="44" class="1001" name="const_44">
<pin_list>
<pin id="45" dir="1" index="0" bw="1" slack="2147483647"/>
</pin_list>
<bind>
<StgValue><ssdm name="_ssdm_op_SpecInterface"/></StgValue>
</bind>
</comp>

<comp id="46" class="1001" name="const_46">
<pin_list>
<pin id="47" dir="1" index="0" bw="1" slack="2147483647"/>
</pin_list>
<bind>
<StgValue><ssdm name="empty"/></StgValue>
</bind>
</comp>

<comp id="48" class="1001" name="const_48">
<pin_list>
<pin id="49" dir="1" index="0" bw="1" slack="2147483647"/>
</pin_list>
<bind>
<StgValue><ssdm name=""/></StgValue>
</bind>
</comp>

<comp id="50" class="1001" name="const_50">
<pin_list>
<pin id="51" dir="1" index="0" bw="1" slack="2147483647"/>
</pin_list>
<bind>
<StgValue><ssdm name="empty_0"/></StgValue>
</bind>
</comp>

<comp id="52" class="1001" name="const_52">
<pin_list>
<pin id="53" dir="1" index="0" bw="1" slack="2147483647"/>
</pin_list>
<bind>
<StgValue><ssdm name="empty_1"/></StgValue>
</bind>
</comp>

<comp id="54" class="1001" name="const_54">
<pin_list>
<pin id="55" dir="1" index="0" bw="1" slack="2147483647"/>
</pin_list>
<bind>
<StgValue><ssdm name=""/></StgValue>
</bind>
</comp>

<comp id="56" class="1001" name="const_56">
<pin_list>
<pin id="57" dir="1" index="0" bw="1" slack="2147483647"/>
</pin_list>
<bind>
<StgValue><ssdm name="_ssdm_op_SpecBitsMap"/></StgValue>
</bind>
</comp>

<comp id="58" class="1001" name="const_58">
<pin_list>
<pin id="59" dir="1" index="0" bw="1" slack="2147483647"/>
</pin_list>
<bind>
<StgValue><ssdm name="empty_2"/></StgValue>
</bind>
</comp>

<comp id="60" class="1001" name="const_60">
<pin_list>
<pin id="61" dir="1" index="0" bw="1" slack="2147483647"/>
</pin_list>
<bind>
<StgValue><ssdm name="empty_3"/></StgValue>
</bind>
</comp>

<comp id="62" class="1001" name="const_62">
<pin_list>
<pin id="63" dir="1" index="0" bw="1" slack="2147483647"/>
</pin_list>
<bind>
<StgValue><ssdm name="empty_4"/></StgValue>
</bind>
</comp>

<comp id="64" class="1001" name="const_64">
<pin_list>
<pin id="65" dir="1" index="0" bw="1" slack="2147483647"/>
</pin_list>
<bind>
<StgValue><ssdm name="empty_5"/></StgValue>
</bind>
</comp>

<comp id="66" class="1001" name="const_66">
<pin_list>
<pin id="67" dir="1" index="0" bw="1" slack="2147483647"/>
</pin_list>
<bind>
<StgValue><ssdm name="empty_6"/></StgValue>
</bind>
</comp>

<comp id="68" class="1001" name="const_68">
<pin_list>
<pin id="69" dir="1" index="0" bw="1" slack="2147483647"/>
</pin_list>
<bind>
<StgValue><ssdm name="_ssdm_op_SpecAXISSideChannel"/></StgValue>
</bind>
</comp>

<comp id="70" class="1001" name="const_70">
<pin_list>
<pin id="71" dir="1" index="0" bw="1" slack="2147483647"/>
</pin_list>
<bind>
<StgValue><ssdm name="empty_7"/></StgValue>
</bind>
</comp>

<comp id="72" class="1001" name="const_72">
<pin_list>
<pin id="73" dir="1" index="0" bw="1" slack="2147483647"/>
</pin_list>
<bind>
<StgValue><ssdm name="empty_8"/></StgValue>
</bind>
</comp>

<comp id="74" class="1004" name="Cols_read_read_fu_74">
<pin_list>
<pin id="75" dir="0" index="0" bw="32" slack="0"/>
<pin id="76" dir="0" index="1" bw="32" slack="0"/>
<pin id="77" dir="1" index="2" bw="32" slack="0"/>
</pin_list>
<bind>
<opcode="read(1150) " fcode="read"/>
<opset="Cols_read/1 "/>
</bind>
</comp>

<comp id="80" class="1004" name="Rows_read_read_fu_80">
<pin_list>
<pin id="81" dir="0" index="0" bw="32" slack="0"/>
<pin id="82" dir="0" index="1" bw="32" slack="0"/>
<pin id="83" dir="1" index="2" bw="32" slack="0"/>
</pin_list>
<bind>
<opcode="read(1150) " fcode="read"/>
<opset="Rows_read/1 "/>
</bind>
</comp>

<comp id="86" class="1004" name="grp_Sobel_Filter_Pipeline_VITIS_LOOP_26_1_VITIS_LOOP_28_2_fu_86">
<pin_list>
<pin id="87" dir="0" index="0" bw="0" slack="0"/>
<pin id="88" dir="0" index="1" bw="32" slack="3"/>
<pin id="89" dir="0" index="2" bw="62" slack="1"/>
<pin id="90" dir="0" index="3" bw="32" slack="0"/>
<pin id="91" dir="0" index="4" bw="4" slack="0"/>
<pin id="92" dir="0" index="5" bw="4" slack="0"/>
<pin id="93" dir="0" index="6" bw="3" slack="0"/>
<pin id="94" dir="0" index="7" bw="1" slack="0"/>
<pin id="95" dir="0" index="8" bw="5" slack="0"/>
<pin id="96" dir="0" index="9" bw="6" slack="0"/>
<pin id="97" dir="0" index="10" bw="32" slack="0"/>
<pin id="98" dir="0" index="11" bw="4" slack="0"/>
<pin id="99" dir="0" index="12" bw="4" slack="0"/>
<pin id="100" dir="0" index="13" bw="3" slack="0"/>
<pin id="101" dir="0" index="14" bw="1" slack="0"/>
<pin id="102" dir="0" index="15" bw="5" slack="0"/>
<pin id="103" dir="0" index="16" bw="6" slack="0"/>
<pin id="104" dir="1" index="17" bw="0" slack="2147483647"/>
</pin_list>
<bind>
<opcode="call(48) " fcode="call"/>
<opset="call_ln9/4 "/>
</bind>
</comp>

<comp id="120" class="1004" name="grp_fu_120">
<pin_list>
<pin id="121" dir="0" index="0" bw="31" slack="0"/>
<pin id="122" dir="0" index="1" bw="31" slack="0"/>
<pin id="123" dir="1" index="2" bw="62" slack="1"/>
</pin_list>
<bind>
<opcode="mul(12) " fcode="mul"/>
<opset="bound/2 "/>
</bind>
</comp>

<comp id="124" class="1004" name="trunc_ln9_fu_124">
<pin_list>
<pin id="125" dir="0" index="0" bw="32" slack="0"/>
<pin id="126" dir="1" index="1" bw="31" slack="0"/>
</pin_list>
<bind>
<opcode="trunc(33) " fcode="trunc"/>
<opset="trunc_ln9/1 "/>
</bind>
</comp>

<comp id="128" class="1004" name="trunc_ln9_1_fu_128">
<pin_list>
<pin id="129" dir="0" index="0" bw="32" slack="0"/>
<pin id="130" dir="1" index="1" bw="31" slack="0"/>
</pin_list>
<bind>
<opcode="trunc(33) " fcode="trunc"/>
<opset="trunc_ln9_1/1 "/>
</bind>
</comp>

<comp id="132" class="1004" name="empty_fu_132">
<pin_list>
<pin id="133" dir="0" index="0" bw="32" slack="0"/>
<pin id="134" dir="0" index="1" bw="1" slack="0"/>
<pin id="135" dir="1" index="2" bw="1" slack="0"/>
</pin_list>
<bind>
<opcode="icmp(45) " fcode="icmp"/>
<opset="empty/1 "/>
</bind>
</comp>

<comp id="138" class="1004" name="smax_fu_138">
<pin_list>
<pin id="139" dir="0" index="0" bw="1" slack="0"/>
<pin id="140" dir="0" index="1" bw="31" slack="0"/>
<pin id="141" dir="0" index="2" bw="1" slack="0"/>
<pin id="142" dir="1" index="3" bw="31" slack="1"/>
</pin_list>
<bind>
<opcode="select(49) " fcode="select"/>
<opset="smax/1 "/>
</bind>
</comp>

<comp id="146" class="1004" name="empty_27_fu_146">
<pin_list>
<pin id="147" dir="0" index="0" bw="32" slack="0"/>
<pin id="148" dir="0" index="1" bw="1" slack="0"/>
<pin id="149" dir="1" index="2" bw="1" slack="0"/>
</pin_list>
<bind>
<opcode="icmp(45) " fcode="icmp"/>
<opset="empty_27/1 "/>
</bind>
</comp>

<comp id="152" class="1004" name="smax1_fu_152">
<pin_list>
<pin id="153" dir="0" index="0" bw="1" slack="0"/>
<pin id="154" dir="0" index="1" bw="31" slack="0"/>
<pin id="155" dir="0" index="2" bw="1" slack="0"/>
<pin id="156" dir="1" index="3" bw="31" slack="1"/>
</pin_list>
<bind>
<opcode="select(49) " fcode="select"/>
<opset="smax1/1 "/>
</bind>
</comp>

<comp id="160" class="1004" name="cast_fu_160">
<pin_list>
<pin id="161" dir="0" index="0" bw="31" slack="1"/>
<pin id="162" dir="1" index="1" bw="62" slack="0"/>
</pin_list>
<bind>
<opcode="zext(34) " fcode="zext"/>
<opset="cast/2 "/>
</bind>
</comp>

<comp id="164" class="1004" name="cast2_fu_164">
<pin_list>
<pin id="165" dir="0" index="0" bw="31" slack="1"/>
<pin id="166" dir="1" index="1" bw="62" slack="0"/>
</pin_list>
<bind>
<opcode="zext(34) " fcode="zext"/>
<opset="cast2/2 "/>
</bind>
</comp>

<comp id="168" class="1005" name="Cols_read_reg_168">
<pin_list>
<pin id="169" dir="0" index="0" bw="32" slack="3"/>
<pin id="170" dir="1" index="1" bw="32" slack="3"/>
</pin_list>
<bind>
<opset="Cols_read "/>
</bind>
</comp>

<comp id="173" class="1005" name="smax_reg_173">
<pin_list>
<pin id="174" dir="0" index="0" bw="31" slack="1"/>
<pin id="175" dir="1" index="1" bw="31" slack="1"/>
</pin_list>
<bind>
<opset="smax "/>
</bind>
</comp>

<comp id="178" class="1005" name="smax1_reg_178">
<pin_list>
<pin id="179" dir="0" index="0" bw="31" slack="1"/>
<pin id="180" dir="1" index="1" bw="31" slack="1"/>
</pin_list>
<bind>
<opset="smax1 "/>
</bind>
</comp>

<comp id="183" class="1005" name="cast_reg_183">
<pin_list>
<pin id="184" dir="0" index="0" bw="62" slack="1"/>
<pin id="185" dir="1" index="1" bw="62" slack="1"/>
</pin_list>
<bind>
<opset="cast "/>
</bind>
</comp>

<comp id="188" class="1005" name="cast2_reg_188">
<pin_list>
<pin id="189" dir="0" index="0" bw="62" slack="1"/>
<pin id="190" dir="1" index="1" bw="62" slack="1"/>
</pin_list>
<bind>
<opset="cast2 "/>
</bind>
</comp>

<comp id="193" class="1005" name="bound_reg_193">
<pin_list>
<pin id="194" dir="0" index="0" bw="62" slack="1"/>
<pin id="195" dir="1" index="1" bw="62" slack="1"/>
</pin_list>
<bind>
<opset="bound "/>
</bind>
</comp>

</comp_list>

<net_list>
<net id="78"><net_src comp="32" pin="0"/><net_sink comp="74" pin=0"/></net>

<net id="79"><net_src comp="30" pin="0"/><net_sink comp="74" pin=1"/></net>

<net id="84"><net_src comp="32" pin="0"/><net_sink comp="80" pin=0"/></net>

<net id="85"><net_src comp="28" pin="0"/><net_sink comp="80" pin=1"/></net>

<net id="105"><net_src comp="38" pin="0"/><net_sink comp="86" pin=0"/></net>

<net id="106"><net_src comp="0" pin="0"/><net_sink comp="86" pin=3"/></net>

<net id="107"><net_src comp="2" pin="0"/><net_sink comp="86" pin=4"/></net>

<net id="108"><net_src comp="4" pin="0"/><net_sink comp="86" pin=5"/></net>

<net id="109"><net_src comp="6" pin="0"/><net_sink comp="86" pin=6"/></net>

<net id="110"><net_src comp="8" pin="0"/><net_sink comp="86" pin=7"/></net>

<net id="111"><net_src comp="10" pin="0"/><net_sink comp="86" pin=8"/></net>

<net id="112"><net_src comp="12" pin="0"/><net_sink comp="86" pin=9"/></net>

<net id="113"><net_src comp="14" pin="0"/><net_sink comp="86" pin=10"/></net>

<net id="114"><net_src comp="16" pin="0"/><net_sink comp="86" pin=11"/></net>

<net id="115"><net_src comp="18" pin="0"/><net_sink comp="86" pin=12"/></net>

<net id="116"><net_src comp="20" pin="0"/><net_sink comp="86" pin=13"/></net>

<net id="117"><net_src comp="22" pin="0"/><net_sink comp="86" pin=14"/></net>

<net id="118"><net_src comp="24" pin="0"/><net_sink comp="86" pin=15"/></net>

<net id="119"><net_src comp="26" pin="0"/><net_sink comp="86" pin=16"/></net>

<net id="127"><net_src comp="80" pin="2"/><net_sink comp="124" pin=0"/></net>

<net id="131"><net_src comp="74" pin="2"/><net_sink comp="128" pin=0"/></net>

<net id="136"><net_src comp="74" pin="2"/><net_sink comp="132" pin=0"/></net>

<net id="137"><net_src comp="34" pin="0"/><net_sink comp="132" pin=1"/></net>

<net id="143"><net_src comp="132" pin="2"/><net_sink comp="138" pin=0"/></net>

<net id="144"><net_src comp="128" pin="1"/><net_sink comp="138" pin=1"/></net>

<net id="145"><net_src comp="36" pin="0"/><net_sink comp="138" pin=2"/></net>

<net id="150"><net_src comp="80" pin="2"/><net_sink comp="146" pin=0"/></net>

<net id="151"><net_src comp="34" pin="0"/><net_sink comp="146" pin=1"/></net>

<net id="157"><net_src comp="146" pin="2"/><net_sink comp="152" pin=0"/></net>

<net id="158"><net_src comp="124" pin="1"/><net_sink comp="152" pin=1"/></net>

<net id="159"><net_src comp="36" pin="0"/><net_sink comp="152" pin=2"/></net>

<net id="163"><net_src comp="160" pin="1"/><net_sink comp="120" pin=0"/></net>

<net id="167"><net_src comp="164" pin="1"/><net_sink comp="120" pin=1"/></net>

<net id="171"><net_src comp="74" pin="2"/><net_sink comp="168" pin=0"/></net>

<net id="172"><net_src comp="168" pin="1"/><net_sink comp="86" pin=1"/></net>

<net id="176"><net_src comp="138" pin="3"/><net_sink comp="173" pin=0"/></net>

<net id="177"><net_src comp="173" pin="1"/><net_sink comp="164" pin=0"/></net>

<net id="181"><net_src comp="152" pin="3"/><net_sink comp="178" pin=0"/></net>

<net id="182"><net_src comp="178" pin="1"/><net_sink comp="160" pin=0"/></net>

<net id="186"><net_src comp="160" pin="1"/><net_sink comp="183" pin=0"/></net>

<net id="187"><net_src comp="183" pin="1"/><net_sink comp="120" pin=0"/></net>

<net id="191"><net_src comp="164" pin="1"/><net_sink comp="188" pin=0"/></net>

<net id="192"><net_src comp="188" pin="1"/><net_sink comp="120" pin=1"/></net>

<net id="196"><net_src comp="120" pin="2"/><net_sink comp="193" pin=0"/></net>

<net id="197"><net_src comp="193" pin="1"/><net_sink comp="86" pin=2"/></net>

</net_list>

</model> 
---------------- Datapath Model END ------------------

* FSMD analyzer results:
  - Output states:
	Port: Output_r_V_data_V | {4 5 }
	Port: Output_r_V_keep_V | {4 5 }
	Port: Output_r_V_strb_V | {4 5 }
	Port: Output_r_V_user_V | {4 5 }
	Port: Output_r_V_last_V | {4 5 }
	Port: Output_r_V_id_V | {4 5 }
	Port: Output_r_V_dest_V | {4 5 }
 - Input state : 
	Port: Sobel_Filter : Input_r_V_data_V | {4 5 }
	Port: Sobel_Filter : Input_r_V_keep_V | {4 5 }
	Port: Sobel_Filter : Input_r_V_strb_V | {4 5 }
	Port: Sobel_Filter : Input_r_V_user_V | {4 5 }
	Port: Sobel_Filter : Input_r_V_last_V | {4 5 }
	Port: Sobel_Filter : Input_r_V_id_V | {4 5 }
	Port: Sobel_Filter : Input_r_V_dest_V | {4 5 }
	Port: Sobel_Filter : Rows | {1 }
	Port: Sobel_Filter : Cols | {1 }
  - Chain level:
	State 1
		smax : 1
		smax1 : 1
	State 2
		bound : 1
	State 3
	State 4
	State 5
	State 6


============================================================
+ Verbose Summary: Datapath Resource usage 
============================================================

* Functional unit list:
|----------|-----------------------------------------------------------------|---------|---------|---------|---------|---------|---------|
| Operation|                         Functional Unit                         |   BRAM  |   DSP   |  Delay  |    FF   |   LUT   |   URAM  |
|----------|-----------------------------------------------------------------|---------|---------|---------|---------|---------|---------|
|   call   | grp_Sobel_Filter_Pipeline_VITIS_LOOP_26_1_VITIS_LOOP_28_2_fu_86 |    8    |    0    |  3.176  |   884   |   1000  |    0    |
|----------|-----------------------------------------------------------------|---------|---------|---------|---------|---------|---------|
|    mul   |                            grp_fu_120                           |    0    |    4    |    0    |   141   |    48   |    0    |
|----------|-----------------------------------------------------------------|---------|---------|---------|---------|---------|---------|
|   icmp   |                           empty_fu_132                          |    0    |    0    |    0    |    0    |    39   |    0    |
|          |                         empty_27_fu_146                         |    0    |    0    |    0    |    0    |    39   |    0    |
|----------|-----------------------------------------------------------------|---------|---------|---------|---------|---------|---------|
|  select  |                           smax_fu_138                           |    0    |    0    |    0    |    0    |    31   |    0    |
|          |                           smax1_fu_152                          |    0    |    0    |    0    |    0    |    31   |    0    |
|----------|-----------------------------------------------------------------|---------|---------|---------|---------|---------|---------|
|   read   |                       Cols_read_read_fu_74                      |    0    |    0    |    0    |    0    |    0    |    0    |
|          |                       Rows_read_read_fu_80                      |    0    |    0    |    0    |    0    |    0    |    0    |
|----------|-----------------------------------------------------------------|---------|---------|---------|---------|---------|---------|
|   trunc  |                         trunc_ln9_fu_124                        |    0    |    0    |    0    |    0    |    0    |    0    |
|          |                        trunc_ln9_1_fu_128                       |    0    |    0    |    0    |    0    |    0    |    0    |
|----------|-----------------------------------------------------------------|---------|---------|---------|---------|---------|---------|
|   zext   |                           cast_fu_160                           |    0    |    0    |    0    |    0    |    0    |    0    |
|          |                           cast2_fu_164                          |    0    |    0    |    0    |    0    |    0    |    0    |
|----------|-----------------------------------------------------------------|---------|---------|---------|---------|---------|---------|
|   Total  |                                                                 |    8    |    4    |  3.176  |   1025  |   1188  |    0    |
|----------|-----------------------------------------------------------------|---------|---------|---------|---------|---------|---------|

Memories:
N/A

* Register list:
+-----------------+--------+
|                 |   FF   |
+-----------------+--------+
|Cols_read_reg_168|   32   |
|  bound_reg_193  |   62   |
|  cast2_reg_188  |   62   |
|   cast_reg_183  |   62   |
|  smax1_reg_178  |   31   |
|   smax_reg_173  |   31   |
+-----------------+--------+
|      Total      |   280  |
+-----------------+--------+

* Multiplexer (MUX) list: 
|------------|------|------|------|--------||---------||---------||---------|
|    Comp    |  Pin | Size |  BW  | S x BW ||  Delay  ||    FF   ||   LUT   |
|------------|------|------|------|--------||---------||---------||---------|
| grp_fu_120 |  p0  |   2  |  31  |   62   ||    0    ||    9    |
| grp_fu_120 |  p1  |   2  |  31  |   62   ||    0    ||    9    |
|------------|------|------|------|--------||---------||---------||---------|
|    Total   |      |      |      |   124  ||  3.176  ||    0    ||    18   |
|------------|------|------|------|--------||---------||---------||---------|



* Summary:
+-----------+--------+--------+--------+--------+--------+--------+
|           |  BRAM  |   DSP  |  Delay |   FF   |   LUT  |  URAM  |
+-----------+--------+--------+--------+--------+--------+--------+
|  Function |    8   |    4   |    3   |  1025  |  1188  |    0   |
|   Memory  |    -   |    -   |    -   |    -   |    -   |    -   |
|Multiplexer|    -   |    -   |    3   |    0   |   18   |    -   |
|  Register |    -   |    -   |    -   |   280  |    -   |    -   |
+-----------+--------+--------+--------+--------+--------+--------+
|   Total   |    8   |    4   |    6   |  1305  |  1206  |    0   |
+-----------+--------+--------+--------+--------+--------+--------+
