

================================================================
== Vitis HLS Report for 'Sobel_Filter_Pipeline_VITIS_LOOP_26_1_VITIS_LOOP_28_2'
================================================================
* Date:           Tue Sep 22 20:07:23 2026

* Version:        2026.1 (Build 6493734 on Jun 16 2026)
* Project:        Sobel_Filter_IP
* Solution:       hls
* Product family: zynq
* Target device:  xc7z020-clg400-1


================================================================
== Performance Estimates
================================================================
+ Timing: 
    * Summary: 
    +--------+----------+----------+------------+
    |  Clock |  Target  | Estimated| Uncertainty|
    +--------+----------+----------+------------+
    |ap_clk  |  10.00 ns|  7.206 ns|     2.70 ns|
    +--------+----------+----------+------------+

+ Latency: 
    * Summary: 
    +---------+---------+----------+----------+-----+-----+-------------------+
    |  Latency (cycles) |  Latency (absolute) |  Interval |      Pipeline     |
    |   min   |   max   |    min   |    max   | min | max |        Type       |
    +---------+---------+----------+----------+-----+-----+-------------------+
    |        ?|        ?|         ?|         ?|    0|    0|  loop pipeline stp|
    +---------+---------+----------+----------+-----+-----+-------------------+

    + Detail: 
        * Instance: 
        N/A

        * Loop: 
        +-----------------------------------+---------+---------+----------+-----------+-----------+------+----------+
        |                                   |  Latency (cycles) | Iteration|  Initiation Interval  | Trip |          |
        |             Loop Name             |   min   |   max   |  Latency |  achieved |   target  | Count| Pipelined|
        +-----------------------------------+---------+---------+----------+-----------+-----------+------+----------+
        |- VITIS_LOOP_26_1_VITIS_LOOP_28_2  |        ?|        ?|         5|          1|          1|     ?|       yes|
        +-----------------------------------+---------+---------+----------+-----------+-----------+------+----------+

============================================================
+ Verbose Summary: Synthesis Manager
============================================================
InlineROM: 1
ExposeGlobal: 0
============================================================
+ Verbose Summary: CDFG Model
============================================================
IsTopModel: 0
ResetActiveHigh: 1
IsCombinational: 0
IsDatapathOnly: 0
HasWiredReturn: 1
HasMFsm: 2
HasVarLatency: 1
IsPipeline: 0
IsRtlPipelined: 0
IsInstanceOverlapped: 0
IsDontTouch: 0
HasImplIP: 0
IsGatedGlobalClock: 0

+ Individual pipeline summary: 
  * Pipeline-0: initiation interval (II) = 1, depth = 6


============================================================
+ Verbose Summary: Schedule
============================================================
* Number of FSM states : 6
* Pipeline : 1
  Pipeline-0 : II = 1, D = 6, States = { 1 2 3 4 5 6 }
* Dataflow Pipeline: 0

* FSM state transitions: 
1 --> 2 
2 --> 3 
3 --> 4 
4 --> 5 
5 --> 6 
6 --> 

* FSM state operations: 

State 1 <SV = 0> <Delay = 1.58>
ST_1 : Operation 8 [1/1] (0.00ns)   --->   "%reuse_addr_reg21 = alloca i32 1"   --->   Operation 8 'alloca' 'reuse_addr_reg21' <Predicate = true> <Delay = 0.00>
ST_1 : Operation 9 [1/1] (0.00ns)   --->   "%reuse_reg20 = alloca i32 1"   --->   Operation 9 'alloca' 'reuse_reg20' <Predicate = true> <Delay = 0.00>
ST_1 : Operation 10 [1/1] (0.00ns)   --->   "%reuse_addr_reg = alloca i32 1"   --->   Operation 10 'alloca' 'reuse_addr_reg' <Predicate = true> <Delay = 0.00>
ST_1 : Operation 11 [1/1] (0.00ns)   --->   "%reuse_reg = alloca i32 1"   --->   Operation 11 'alloca' 'reuse_reg' <Predicate = true> <Delay = 0.00>
ST_1 : Operation 12 [1/1] (0.00ns)   --->   "%Gy_Value = alloca i32 1" [Sobel_Filter.cpp:51]   --->   Operation 12 'alloca' 'Gy_Value' <Predicate = true> <Delay = 0.00>
ST_1 : Operation 13 [1/1] (0.00ns)   --->   "%p_0_0_0_0158_1441 = alloca i32 1"   --->   Operation 13 'alloca' 'p_0_0_0_0158_1441' <Predicate = true> <Delay = 0.00>
ST_1 : Operation 14 [1/1] (0.00ns)   --->   "%p_0_0_0_0158_2455 = alloca i32 1"   --->   Operation 14 'alloca' 'p_0_0_0_0158_2455' <Predicate = true> <Delay = 0.00>
ST_1 : Operation 15 [1/1] (0.00ns)   --->   "%J = alloca i32 1" [Sobel_Filter.cpp:28]   --->   Operation 15 'alloca' 'J' <Predicate = true> <Delay = 0.00>
ST_1 : Operation 16 [1/1] (0.00ns)   --->   "%indvar_flatten = alloca i32 1"   --->   Operation 16 'alloca' 'indvar_flatten' <Predicate = true> <Delay = 0.00>
ST_1 : Operation 17 [1/1] (0.00ns)   --->   "%p_0_0_0_0158434 = alloca i32 1"   --->   Operation 17 'alloca' 'p_0_0_0_0158434' <Predicate = true> <Delay = 0.00>
ST_1 : Operation 18 [1/1] (0.00ns)   --->   "%p_0_0_0_0158_1448 = alloca i32 1"   --->   Operation 18 'alloca' 'p_0_0_0_0158_1448' <Predicate = true> <Delay = 0.00>
ST_1 : Operation 19 [1/1] (0.00ns)   --->   "%p_0_0_0_0158_2462 = alloca i32 1"   --->   Operation 19 'alloca' 'p_0_0_0_0158_2462' <Predicate = true> <Delay = 0.00>
ST_1 : Operation 20 [1/1] (0.00ns)   --->   "%specaxissidechannel_ln0 = specaxissidechannel void @_ssdm_op_SpecAXISSideChannel, i32 %Output_r_V_data_V, i4 %Output_r_V_keep_V, i4 %Output_r_V_strb_V, i3 %Output_r_V_user_V, i1 %Output_r_V_last_V, i5 %Output_r_V_id_V, i6 %Output_r_V_dest_V, void @empty_7"   --->   Operation 20 'specaxissidechannel' 'specaxissidechannel_ln0' <Predicate = true> <Delay = 0.00>
ST_1 : Operation 21 [1/1] (0.00ns)   --->   "%specaxissidechannel_ln0 = specaxissidechannel void @_ssdm_op_SpecAXISSideChannel, i32 %Input_r_V_data_V, i4 %Input_r_V_keep_V, i4 %Input_r_V_strb_V, i3 %Input_r_V_user_V, i1 %Input_r_V_last_V, i5 %Input_r_V_id_V, i6 %Input_r_V_dest_V, void @empty_8"   --->   Operation 21 'specaxissidechannel' 'specaxissidechannel_ln0' <Predicate = true> <Delay = 0.00>
ST_1 : Operation 22 [1/1] (0.00ns)   --->   "%specinterface_ln0 = specinterface void @_ssdm_op_SpecInterface, i6 %Output_r_V_dest_V, i5 %Output_r_V_id_V, i1 %Output_r_V_last_V, i3 %Output_r_V_user_V, i4 %Output_r_V_strb_V, i4 %Output_r_V_keep_V, i32 %Output_r_V_data_V, void @empty, i32 0, i32 0, void @empty_0, i32 0, i32 0, void @empty_1, void @empty_1, void @empty_1, i32 0, i32 0, i32 0, i32 0, void @empty_1, void @empty_1, i32 4294967295, i32 0, i32 0, i32 0"   --->   Operation 22 'specinterface' 'specinterface_ln0' <Predicate = true> <Delay = 0.00>
ST_1 : Operation 23 [1/1] (0.00ns)   --->   "%specinterface_ln0 = specinterface void @_ssdm_op_SpecInterface, i6 %Input_r_V_dest_V, i5 %Input_r_V_id_V, i1 %Input_r_V_last_V, i3 %Input_r_V_user_V, i4 %Input_r_V_strb_V, i4 %Input_r_V_keep_V, i32 %Input_r_V_data_V, void @empty, i32 0, i32 0, void @empty_0, i32 0, i32 0, void @empty_1, void @empty_1, void @empty_1, i32 0, i32 0, i32 0, i32 0, void @empty_1, void @empty_1, i32 4294967295, i32 0, i32 0, i32 0"   --->   Operation 23 'specinterface' 'specinterface_ln0' <Predicate = true> <Delay = 0.00>
ST_1 : Operation 24 [1/1] (0.00ns)   --->   "%bound_read = read i62 @_ssdm_op_Read.ap_auto.i62, i62 %bound"   --->   Operation 24 'read' 'bound_read' <Predicate = true> <Delay = 0.00>
ST_1 : Operation 25 [1/1] (0.00ns)   --->   "%Cols_read = read i32 @_ssdm_op_Read.ap_auto.i32, i32 %Cols"   --->   Operation 25 'read' 'Cols_read' <Predicate = true> <Delay = 0.00>
ST_1 : Operation 26 [1/1] (0.00ns)   --->   "%Line_Buffer_data_1 = alloca i64 1" [Sobel_Filter.cpp:17]   --->   Operation 26 'alloca' 'Line_Buffer_data_1' <Predicate = true> <Delay = 0.00> <CoreInst = "RAM">   --->   Core 81 'RAM' <Latency = 1> <II = 1> <Delay = 3.25> <Storage> <Opcode : 'load' 'store'> <Ports = 2> <Width = 32> <Depth = 1920> <RAM>
ST_1 : Operation 27 [1/1] (0.00ns)   --->   "%Line_Buffer_data = alloca i64 1" [Sobel_Filter.cpp:17]   --->   Operation 27 'alloca' 'Line_Buffer_data' <Predicate = true> <Delay = 0.00> <CoreInst = "RAM">   --->   Core 81 'RAM' <Latency = 1> <II = 1> <Delay = 3.25> <Storage> <Opcode : 'load' 'store'> <Ports = 2> <Width = 32> <Depth = 1920> <RAM>
ST_1 : Operation 28 [1/1] (1.58ns)   --->   "%store_ln0 = store i62 0, i62 %indvar_flatten"   --->   Operation 28 'store' 'store_ln0' <Predicate = true> <Delay = 1.58>
ST_1 : Operation 29 [1/1] (1.58ns)   --->   "%store_ln28 = store i11 0, i11 %J" [Sobel_Filter.cpp:28]   --->   Operation 29 'store' 'store_ln28' <Predicate = true> <Delay = 1.58>
ST_1 : Operation 30 [1/1] (1.58ns)   --->   "%store_ln0 = store i32 0, i32 %reuse_reg"   --->   Operation 30 'store' 'store_ln0' <Predicate = true> <Delay = 1.58>
ST_1 : Operation 31 [1/1] (1.58ns)   --->   "%store_ln0 = store i64 18446744073709551615, i64 %reuse_addr_reg"   --->   Operation 31 'store' 'store_ln0' <Predicate = true> <Delay = 1.58>
ST_1 : Operation 32 [1/1] (1.58ns)   --->   "%store_ln0 = store i32 0, i32 %reuse_reg20"   --->   Operation 32 'store' 'store_ln0' <Predicate = true> <Delay = 1.58>
ST_1 : Operation 33 [1/1] (1.58ns)   --->   "%store_ln0 = store i64 18446744073709551615, i64 %reuse_addr_reg21"   --->   Operation 33 'store' 'store_ln0' <Predicate = true> <Delay = 1.58>
ST_1 : Operation 34 [1/1] (0.00ns)   --->   "%br_ln26 = br void %VITIS_LOOP_34_3" [Sobel_Filter.cpp:26]   --->   Operation 34 'br' 'br_ln26' <Predicate = true> <Delay = 0.00>

State 2 <SV = 1> <Delay = 5.05>
ST_2 : Operation 35 [1/1] (0.00ns)   --->   "%indvar_flatten_load = load i62 %indvar_flatten" [Sobel_Filter.cpp:26]   --->   Operation 35 'load' 'indvar_flatten_load' <Predicate = true> <Delay = 0.00>
ST_2 : Operation 36 [1/1] (3.46ns)   --->   "%icmp_ln26 = icmp_eq  i62 %indvar_flatten_load, i62 %bound_read" [Sobel_Filter.cpp:26]   --->   Operation 36 'icmp' 'icmp_ln26' <Predicate = true> <Delay = 3.46> <CoreInst = "Cmp">   --->   Core 9 'Cmp' <Latency = 0> <II = 1> <Delay = 3.46> <FuncUnit> <Opcode : 'seteq' 'setne' 'setle' 'setge' 'setlt' 'setgt'> <InPorts = 2> <OutPorts = 1>
ST_2 : Operation 37 [1/1] (3.46ns)   --->   "%add_ln26 = add i62 %indvar_flatten_load, i62 1" [Sobel_Filter.cpp:26]   --->   Operation 37 'add' 'add_ln26' <Predicate = true> <Delay = 3.46> <CoreInst = "Adder">   --->   Core 1 'Adder' <Latency = 0> <II = 1> <Delay = 3.46> <FuncUnit> <Opcode : 'add' 'sub'> <InPorts = 2> <OutPorts = 1>
ST_2 : Operation 38 [1/1] (0.00ns)   --->   "%br_ln26 = br i1 %icmp_ln26, void %for.inc119, void %for.end121.exitStub" [Sobel_Filter.cpp:26]   --->   Operation 38 'br' 'br_ln26' <Predicate = true> <Delay = 0.00>
ST_2 : Operation 39 [1/1] (1.58ns)   --->   "%store_ln26 = store i62 %add_ln26, i62 %indvar_flatten" [Sobel_Filter.cpp:26]   --->   Operation 39 'store' 'store_ln26' <Predicate = (!icmp_ln26)> <Delay = 1.58>

State 3 <SV = 2> <Delay = 6.76>
ST_3 : Operation 40 [1/1] (0.00ns)   --->   "%J_1 = load i11 %J" [Sobel_Filter.cpp:28]   --->   Operation 40 'load' 'J_1' <Predicate = true> <Delay = 0.00>
ST_3 : Operation 41 [1/1] (0.00ns)   --->   "%zext_ln28_1 = zext i11 %J_1" [Sobel_Filter.cpp:28]   --->   Operation 41 'zext' 'zext_ln28_1' <Predicate = true> <Delay = 0.00>
ST_3 : Operation 42 [1/1] (2.55ns)   --->   "%icmp_ln28 = icmp_slt  i32 %zext_ln28_1, i32 %Cols_read" [Sobel_Filter.cpp:28]   --->   Operation 42 'icmp' 'icmp_ln28' <Predicate = true> <Delay = 2.55> <CoreInst = "Cmp">   --->   Core 9 'Cmp' <Latency = 0> <II = 1> <Delay = 2.55> <FuncUnit> <Opcode : 'seteq' 'setne' 'setle' 'setge' 'setlt' 'setgt'> <InPorts = 2> <OutPorts = 1>
ST_3 : Operation 43 [1/1] (0.69ns)   --->   "%select_ln26 = select i1 %icmp_ln28, i11 %J_1, i11 0" [Sobel_Filter.cpp:26]   --->   Operation 43 'select' 'select_ln26' <Predicate = (!icmp_ln26)> <Delay = 0.69> <CoreInst = "Sel">   --->   Core 73 'Sel' <Latency = 0> <II = 1> <Delay = 0.69> <FuncUnit> <Opcode : 'select'> <InPorts = 3> <OutPorts = 1>
ST_3 : Operation 44 [1/1] (0.00ns)   --->   "%zext_ln28 = zext i11 %select_ln26" [Sobel_Filter.cpp:28]   --->   Operation 44 'zext' 'zext_ln28' <Predicate = (!icmp_ln26)> <Delay = 0.00>
ST_3 : Operation 45 [1/1] ( I:0.51ns O:0.51ns )   --->   "%empty = read i55 @_ssdm_op_Read.axis.volatile.i32P0A.i4P0A.i4P0A.i3P0A.i1P0A.i5P0A.i6P0A, i32 %Input_r_V_data_V, i4 %Input_r_V_keep_V, i4 %Input_r_V_strb_V, i3 %Input_r_V_user_V, i1 %Input_r_V_last_V, i5 %Input_r_V_id_V, i6 %Input_r_V_dest_V" [Sobel_Filter.cpp:32]   --->   Operation 45 'read' 'empty' <Predicate = (!icmp_ln26)> <Delay = 0.51> <CoreInst = "regslice">   --->   Core 135 'regslice' <Latency = 0> <II = 1> <Delay = 1.86> <Adapter> <Opcode : 'read' 'write'>
ST_3 : Operation 46 [1/1] (0.00ns)   --->   "%p_s = extractvalue i55 %empty" [Sobel_Filter.cpp:32]   --->   Operation 46 'extractvalue' 'p_s' <Predicate = (!icmp_ln26)> <Delay = 0.00>
ST_3 : Operation 47 [1/1] (0.00ns)   --->   "%p_1 = extractvalue i55 %empty" [Sobel_Filter.cpp:32]   --->   Operation 47 'extractvalue' 'p_1' <Predicate = (!icmp_ln26)> <Delay = 0.00>
ST_3 : Operation 48 [1/1] (0.00ns)   --->   "%p_2 = extractvalue i55 %empty" [Sobel_Filter.cpp:32]   --->   Operation 48 'extractvalue' 'p_2' <Predicate = (!icmp_ln26)> <Delay = 0.00>
ST_3 : Operation 49 [1/1] (0.00ns)   --->   "%p_3 = extractvalue i55 %empty" [Sobel_Filter.cpp:32]   --->   Operation 49 'extractvalue' 'p_3' <Predicate = (!icmp_ln26)> <Delay = 0.00>
ST_3 : Operation 50 [1/1] (0.00ns)   --->   "%p_4 = extractvalue i55 %empty" [Sobel_Filter.cpp:32]   --->   Operation 50 'extractvalue' 'p_4' <Predicate = (!icmp_ln26)> <Delay = 0.00>
ST_3 : Operation 51 [1/1] (0.00ns)   --->   "%p_5 = extractvalue i55 %empty" [Sobel_Filter.cpp:32]   --->   Operation 51 'extractvalue' 'p_5' <Predicate = (!icmp_ln26)> <Delay = 0.00>
ST_3 : Operation 52 [1/1] (0.00ns)   --->   "%p_0 = extractvalue i55 %empty" [Sobel_Filter.cpp:32]   --->   Operation 52 'extractvalue' 'p_0' <Predicate = (!icmp_ln26)> <Delay = 0.00>
ST_3 : Operation 53 [1/1] (0.00ns)   --->   "%Line_Buffer_data_addr = getelementptr i32 %Line_Buffer_data, i64 0, i64 %zext_ln28" [Sobel_Filter.cpp:40]   --->   Operation 53 'getelementptr' 'Line_Buffer_data_addr' <Predicate = (!icmp_ln26)> <Delay = 0.00>
ST_3 : Operation 54 [1/1] (0.00ns)   --->   "%reuse_addr_reg21_load = load i64 %reuse_addr_reg21"   --->   Operation 54 'load' 'reuse_addr_reg21_load' <Predicate = (!icmp_ln26)> <Delay = 0.00>
ST_3 : Operation 55 [2/2] (3.25ns)   --->   "%Line_Buffer_data_load = load i11 %Line_Buffer_data_addr" [Sobel_Filter.cpp:46]   --->   Operation 55 'load' 'Line_Buffer_data_load' <Predicate = (!icmp_ln26)> <Delay = 3.25> <CoreInst = "RAM">   --->   Core 81 'RAM' <Latency = 1> <II = 1> <Delay = 3.25> <Storage> <Opcode : 'load' 'store'> <Ports = 2> <Width = 32> <Depth = 1920> <RAM>
ST_3 : Operation 56 [1/1] (3.52ns)   --->   "%addr_cmp24 = icmp_eq  i64 %reuse_addr_reg21_load, i64 %zext_ln28" [Sobel_Filter.cpp:28]   --->   Operation 56 'icmp' 'addr_cmp24' <Predicate = (!icmp_ln26)> <Delay = 3.52> <CoreInst = "Cmp">   --->   Core 9 'Cmp' <Latency = 0> <II = 1> <Delay = 3.52> <FuncUnit> <Opcode : 'seteq' 'setne' 'setle' 'setge' 'setlt' 'setgt'> <InPorts = 2> <OutPorts = 1>
ST_3 : Operation 57 [1/1] (0.00ns)   --->   "%Line_Buffer_data_1_addr = getelementptr i32 %Line_Buffer_data_1, i64 0, i64 %zext_ln28" [Sobel_Filter.cpp:41]   --->   Operation 57 'getelementptr' 'Line_Buffer_data_1_addr' <Predicate = (!icmp_ln26)> <Delay = 0.00>
ST_3 : Operation 58 [1/1] (0.00ns)   --->   "%reuse_addr_reg_load = load i64 %reuse_addr_reg"   --->   Operation 58 'load' 'reuse_addr_reg_load' <Predicate = (!icmp_ln26)> <Delay = 0.00>
ST_3 : Operation 59 [2/2] (3.25ns)   --->   "%Line_Buffer_data_1_load = load i11 %Line_Buffer_data_1_addr" [Sobel_Filter.cpp:47]   --->   Operation 59 'load' 'Line_Buffer_data_1_load' <Predicate = (!icmp_ln26)> <Delay = 3.25> <CoreInst = "RAM">   --->   Core 81 'RAM' <Latency = 1> <II = 1> <Delay = 3.25> <Storage> <Opcode : 'load' 'store'> <Ports = 2> <Width = 32> <Depth = 1920> <RAM>
ST_3 : Operation 60 [1/1] (3.52ns)   --->   "%addr_cmp = icmp_eq  i64 %reuse_addr_reg_load, i64 %zext_ln28" [Sobel_Filter.cpp:28]   --->   Operation 60 'icmp' 'addr_cmp' <Predicate = (!icmp_ln26)> <Delay = 3.52> <CoreInst = "Cmp">   --->   Core 9 'Cmp' <Latency = 0> <II = 1> <Delay = 3.52> <FuncUnit> <Opcode : 'seteq' 'setne' 'setle' 'setge' 'setlt' 'setgt'> <InPorts = 2> <OutPorts = 1>
ST_3 : Operation 61 [1/1] (1.58ns)   --->   "%store_ln28 = store i64 %zext_ln28, i64 %reuse_addr_reg21" [Sobel_Filter.cpp:28]   --->   Operation 61 'store' 'store_ln28' <Predicate = (!icmp_ln26)> <Delay = 1.58>
ST_3 : Operation 62 [1/1] ( I:3.25ns O:3.25ns )   --->   "%store_ln44 = store i32 %p_s, i11 %Line_Buffer_data_1_addr" [Sobel_Filter.cpp:44]   --->   Operation 62 'store' 'store_ln44' <Predicate = (!icmp_ln26)> <Delay = 3.25> <CoreInst = "RAM">   --->   Core 81 'RAM' <Latency = 1> <II = 1> <Delay = 3.25> <Storage> <Opcode : 'load' 'store'> <Ports = 2> <Width = 32> <Depth = 1920> <RAM>
ST_3 : Operation 63 [1/1] (1.58ns)   --->   "%store_ln28 = store i64 %zext_ln28, i64 %reuse_addr_reg" [Sobel_Filter.cpp:28]   --->   Operation 63 'store' 'store_ln28' <Predicate = (!icmp_ln26)> <Delay = 1.58>
ST_3 : Operation 64 [1/1] (1.63ns)   --->   "%add_ln28 = add i11 %select_ln26, i11 1" [Sobel_Filter.cpp:28]   --->   Operation 64 'add' 'add_ln28' <Predicate = (!icmp_ln26)> <Delay = 1.63> <CoreInst = "Adder">   --->   Core 1 'Adder' <Latency = 0> <II = 1> <Delay = 1.63> <FuncUnit> <Opcode : 'add' 'sub'> <InPorts = 2> <OutPorts = 1>
ST_3 : Operation 65 [1/1] (1.58ns)   --->   "%store_ln28 = store i11 %add_ln28, i11 %J" [Sobel_Filter.cpp:28]   --->   Operation 65 'store' 'store_ln28' <Predicate = (!icmp_ln26)> <Delay = 1.58>

State 4 <SV = 3> <Delay = 7.20>
ST_4 : Operation 66 [1/1] (0.00ns)   --->   "%p_0_0_0_0158434_load = load i32 %p_0_0_0_0158434" [Sobel_Filter.cpp:28]   --->   Operation 66 'load' 'p_0_0_0_0158434_load' <Predicate = true> <Delay = 0.00>
ST_4 : Operation 67 [1/1] (0.00ns)   --->   "%p_0_0_0_0158_1448_load = load i31 %p_0_0_0_0158_1448" [Sobel_Filter.cpp:28]   --->   Operation 67 'load' 'p_0_0_0_0158_1448_load' <Predicate = true> <Delay = 0.00>
ST_4 : Operation 68 [1/1] (0.00ns)   --->   "%p_0_0_0_0158_2462_load = load i32 %p_0_0_0_0158_2462" [Sobel_Filter.cpp:28]   --->   Operation 68 'load' 'p_0_0_0_0158_2462_load' <Predicate = true> <Delay = 0.00>
ST_4 : Operation 69 [1/1] (0.00ns)   --->   "%Gy_Value_load = load i32 %Gy_Value" [Sobel_Filter.cpp:57]   --->   Operation 69 'load' 'Gy_Value_load' <Predicate = (!icmp_ln26)> <Delay = 0.00>
ST_4 : Operation 70 [1/1] (0.00ns)   --->   "%p_0_0_0_0158_1441_load = load i31 %p_0_0_0_0158_1441"   --->   Operation 70 'load' 'p_0_0_0_0158_1441_load' <Predicate = (!icmp_ln26)> <Delay = 0.00>
ST_4 : Operation 71 [1/1] (0.00ns)   --->   "%p_0_0_0_0158_2455_load = load i32 %p_0_0_0_0158_2455" [Sobel_Filter.cpp:57]   --->   Operation 71 'load' 'p_0_0_0_0158_2455_load' <Predicate = (!icmp_ln26)> <Delay = 0.00>
ST_4 : Operation 72 [1/1] (0.00ns)   --->   "%trunc_ln28 = trunc i32 %p_0_0_0_0158_2462_load" [Sobel_Filter.cpp:28]   --->   Operation 72 'trunc' 'trunc_ln28' <Predicate = (!icmp_ln26)> <Delay = 0.00>
ST_4 : Operation 73 [1/1] (0.00ns)   --->   "%trunc_ln28_1 = trunc i32 %p_0_0_0_0158434_load" [Sobel_Filter.cpp:28]   --->   Operation 73 'trunc' 'trunc_ln28_1' <Predicate = (!icmp_ln26)> <Delay = 0.00>
ST_4 : Operation 74 [1/1] (0.00ns)   --->   "%reuse_reg20_load = load i32 %reuse_reg20"   --->   Operation 74 'load' 'reuse_reg20_load' <Predicate = (!icmp_ln26 & addr_cmp24)> <Delay = 0.00>
ST_4 : Operation 75 [1/2] ( I:3.25ns O:3.25ns )   --->   "%Line_Buffer_data_load = load i11 %Line_Buffer_data_addr" [Sobel_Filter.cpp:46]   --->   Operation 75 'load' 'Line_Buffer_data_load' <Predicate = (!icmp_ln26)> <Delay = 3.25> <CoreInst = "RAM">   --->   Core 81 'RAM' <Latency = 1> <II = 1> <Delay = 3.25> <Storage> <Opcode : 'load' 'store'> <Ports = 2> <Width = 32> <Depth = 1920> <RAM>
ST_4 : Operation 76 [1/1] (0.69ns)   --->   "%reuse_select25 = select i1 %addr_cmp24, i32 %reuse_reg20_load, i32 %Line_Buffer_data_load" [Sobel_Filter.cpp:28]   --->   Operation 76 'select' 'reuse_select25' <Predicate = (!icmp_ln26)> <Delay = 0.69> <CoreInst = "Sel">   --->   Core 73 'Sel' <Latency = 0> <II = 1> <Delay = 0.69> <FuncUnit> <Opcode : 'select'> <InPorts = 3> <OutPorts = 1>
ST_4 : Operation 77 [1/1] (0.00ns)   --->   "%reuse_reg_load = load i32 %reuse_reg"   --->   Operation 77 'load' 'reuse_reg_load' <Predicate = (!icmp_ln26 & addr_cmp)> <Delay = 0.00>
ST_4 : Operation 78 [1/2] ( I:3.25ns O:3.25ns )   --->   "%Line_Buffer_data_1_load = load i11 %Line_Buffer_data_1_addr" [Sobel_Filter.cpp:47]   --->   Operation 78 'load' 'Line_Buffer_data_1_load' <Predicate = (!icmp_ln26)> <Delay = 3.25> <CoreInst = "RAM">   --->   Core 81 'RAM' <Latency = 1> <II = 1> <Delay = 3.25> <Storage> <Opcode : 'load' 'store'> <Ports = 2> <Width = 32> <Depth = 1920> <RAM>
ST_4 : Operation 79 [1/1] (0.69ns)   --->   "%reuse_select = select i1 %addr_cmp, i32 %reuse_reg_load, i32 %Line_Buffer_data_1_load" [Sobel_Filter.cpp:28]   --->   Operation 79 'select' 'reuse_select' <Predicate = (!icmp_ln26)> <Delay = 0.69> <CoreInst = "Sel">   --->   Core 73 'Sel' <Latency = 0> <II = 1> <Delay = 0.69> <FuncUnit> <Opcode : 'select'> <InPorts = 3> <OutPorts = 1>
ST_4 : Operation 80 [1/1] (0.00ns)   --->   "%trunc_ln43 = trunc i32 %reuse_select" [Sobel_Filter.cpp:43]   --->   Operation 80 'trunc' 'trunc_ln43' <Predicate = (!icmp_ln26)> <Delay = 0.00>
ST_4 : Operation 81 [1/1] ( I:3.25ns O:3.25ns )   --->   "%store_ln43 = store i32 %reuse_select, i11 %Line_Buffer_data_addr" [Sobel_Filter.cpp:43]   --->   Operation 81 'store' 'store_ln43' <Predicate = (!icmp_ln26)> <Delay = 3.25> <CoreInst = "RAM">   --->   Core 81 'RAM' <Latency = 1> <II = 1> <Delay = 3.25> <Storage> <Opcode : 'load' 'store'> <Ports = 2> <Width = 32> <Depth = 1920> <RAM>
ST_4 : Operation 82 [1/1] (1.58ns)   --->   "%store_ln28 = store i32 %reuse_select, i32 %reuse_reg20" [Sobel_Filter.cpp:28]   --->   Operation 82 'store' 'store_ln28' <Predicate = (!icmp_ln26)> <Delay = 1.58>
ST_4 : Operation 83 [1/1] (1.58ns)   --->   "%store_ln32 = store i32 %p_s, i32 %reuse_reg" [Sobel_Filter.cpp:32]   --->   Operation 83 'store' 'store_ln32' <Predicate = (!icmp_ln26)> <Delay = 1.58>
ST_4 : Operation 84 [1/1] (2.52ns)   --->   "%tmp5 = sub i31 %trunc_ln43, i31 %p_0_0_0_0158_1441_load" [Sobel_Filter.cpp:43]   --->   Operation 84 'sub' 'tmp5' <Predicate = (!icmp_ln26)> <Delay = 2.52> <CoreInst = "Adder">   --->   Core 1 'Adder' <Latency = 0> <II = 1> <Delay = 2.52> <FuncUnit> <Opcode : 'add' 'sub'> <InPorts = 2> <OutPorts = 1>
ST_4 : Operation 85 [1/1] (0.00ns) (grouped into TernaryAdder)   --->   "%sub_ln58 = sub i32 %Gy_Value_load, i32 %p_0_0_0_0158_2455_load" [Sobel_Filter.cpp:58]   --->   Operation 85 'sub' 'sub_ln58' <Predicate = (!icmp_ln26)> <Delay = 0.00> <CoreInst = "TAddSub">   --->   Core 10 'TAddSub' <Latency = 0> <II = 1> <Delay = 2.18> <IPBlock> <Opcode : 'add' 'sub'> <InPorts = 3> <OutPorts = 1> <Sync> <CReg>
ST_4 : Operation 86 [1/1] (2.52ns)   --->   "%tmp31 = sub i31 %trunc_ln28_1, i31 %trunc_ln28" [Sobel_Filter.cpp:28]   --->   Operation 86 'sub' 'tmp31' <Predicate = (!icmp_ln26)> <Delay = 2.52> <CoreInst = "Adder">   --->   Core 1 'Adder' <Latency = 0> <II = 1> <Delay = 2.52> <FuncUnit> <Opcode : 'add' 'sub'> <InPorts = 2> <OutPorts = 1>
ST_4 : Operation 87 [1/1] (0.00ns)   --->   "%tmp4 = bitconcatenate i32 @_ssdm_op_BitConcatenate.i32.i31.i1, i31 %tmp31, i1 0" [Sobel_Filter.cpp:28]   --->   Operation 87 'bitconcatenate' 'tmp4' <Predicate = (!icmp_ln26)> <Delay = 0.00>
ST_4 : Operation 88 [1/1] (0.00ns) (grouped into TernaryAdder)   --->   "%add_ln57 = add i32 %Gy_Value_load, i32 %p_0_0_0_0158_2455_load" [Sobel_Filter.cpp:57]   --->   Operation 88 'add' 'add_ln57' <Predicate = (!icmp_ln26)> <Delay = 0.00> <CoreInst = "TAddSub">   --->   Core 10 'TAddSub' <Latency = 0> <II = 1> <Delay = 2.18> <IPBlock> <Opcode : 'add' 'sub'> <InPorts = 3> <OutPorts = 1> <Sync> <CReg>
ST_4 : Operation 89 [1/1] (4.37ns) (root node of TernaryAdder)   --->   "%sub_ln57 = sub i32 %p_s, i32 %add_ln57" [Sobel_Filter.cpp:57]   --->   Operation 89 'sub' 'sub_ln57' <Predicate = (!icmp_ln26)> <Delay = 4.37> <CoreInst = "TAddSub">   --->   Core 10 'TAddSub' <Latency = 0> <II = 1> <Delay = 2.18> <IPBlock> <Opcode : 'add' 'sub'> <InPorts = 3> <OutPorts = 1> <Sync> <CReg>
ST_4 : Operation 90 [1/1] (4.37ns) (root node of TernaryAdder)   --->   "%add_ln58 = add i32 %sub_ln58, i32 %tmp4" [Sobel_Filter.cpp:58]   --->   Operation 90 'add' 'add_ln58' <Predicate = (!icmp_ln26)> <Delay = 4.37> <CoreInst = "TAddSub">   --->   Core 10 'TAddSub' <Latency = 0> <II = 1> <Delay = 2.18> <IPBlock> <Opcode : 'add' 'sub'> <InPorts = 3> <OutPorts = 1> <Sync> <CReg>
ST_4 : Operation 91 [1/1] (0.00ns)   --->   "%store_ln32 = store i32 %p_s, i32 %p_0_0_0_0158_2462" [Sobel_Filter.cpp:32]   --->   Operation 91 'store' 'store_ln32' <Predicate = (!icmp_ln26)> <Delay = 0.00>
ST_4 : Operation 92 [1/1] (0.00ns)   --->   "%store_ln43 = store i31 %trunc_ln43, i31 %p_0_0_0_0158_1448" [Sobel_Filter.cpp:43]   --->   Operation 92 'store' 'store_ln43' <Predicate = (!icmp_ln26)> <Delay = 0.00>
ST_4 : Operation 93 [1/1] (0.00ns)   --->   "%store_ln28 = store i32 %reuse_select25, i32 %p_0_0_0_0158434" [Sobel_Filter.cpp:28]   --->   Operation 93 'store' 'store_ln28' <Predicate = (!icmp_ln26)> <Delay = 0.00>
ST_4 : Operation 94 [1/1] (0.00ns)   --->   "%store_ln28 = store i32 %p_0_0_0_0158_2462_load, i32 %p_0_0_0_0158_2455" [Sobel_Filter.cpp:28]   --->   Operation 94 'store' 'store_ln28' <Predicate = (!icmp_ln26)> <Delay = 0.00>
ST_4 : Operation 95 [1/1] (0.00ns)   --->   "%store_ln28 = store i31 %p_0_0_0_0158_1448_load, i31 %p_0_0_0_0158_1441" [Sobel_Filter.cpp:28]   --->   Operation 95 'store' 'store_ln28' <Predicate = (!icmp_ln26)> <Delay = 0.00>
ST_4 : Operation 96 [1/1] (0.00ns)   --->   "%store_ln51 = store i32 %p_0_0_0_0158434_load, i32 %Gy_Value" [Sobel_Filter.cpp:51]   --->   Operation 96 'store' 'store_ln51' <Predicate = (!icmp_ln26)> <Delay = 0.00>

State 5 <SV = 4> <Delay = 6.92>
ST_5 : Operation 97 [1/1] (0.00ns)   --->   "%tmp1 = bitconcatenate i32 @_ssdm_op_BitConcatenate.i32.i31.i1, i31 %tmp5, i1 0" [Sobel_Filter.cpp:43]   --->   Operation 97 'bitconcatenate' 'tmp1' <Predicate = true> <Delay = 0.00>
ST_5 : Operation 98 [1/1] (0.00ns) (grouped into TernaryAdder)   --->   "%add_ln57_1 = add i32 %sub_ln57, i32 %tmp1" [Sobel_Filter.cpp:57]   --->   Operation 98 'add' 'add_ln57_1' <Predicate = true> <Delay = 0.00> <CoreInst = "TAddSub">   --->   Core 10 'TAddSub' <Latency = 0> <II = 1> <Delay = 2.18> <IPBlock> <Opcode : 'add' 'sub'> <InPorts = 3> <OutPorts = 1> <Sync> <CReg>
ST_5 : Operation 99 [1/1] (4.37ns) (root node of TernaryAdder)   --->   "%Gx_Value = add i32 %add_ln57_1, i32 %reuse_select25" [Sobel_Filter.cpp:57]   --->   Operation 99 'add' 'Gx_Value' <Predicate = true> <Delay = 4.37> <CoreInst = "TAddSub">   --->   Core 10 'TAddSub' <Latency = 0> <II = 1> <Delay = 2.18> <IPBlock> <Opcode : 'add' 'sub'> <InPorts = 3> <OutPorts = 1> <Sync> <CReg>
ST_5 : Operation 100 [1/1] (0.00ns) (grouped into TernaryAdder)   --->   "%Gy_Value_3 = sub i32 %add_ln58, i32 %p_s" [Sobel_Filter.cpp:58]   --->   Operation 100 'sub' 'Gy_Value_3' <Predicate = true> <Delay = 0.00> <CoreInst = "TAddSub">   --->   Core 10 'TAddSub' <Latency = 0> <II = 1> <Delay = 2.18> <IPBlock> <Opcode : 'add' 'sub'> <InPorts = 3> <OutPorts = 1> <Sync> <CReg>
ST_5 : Operation 101 [1/1] (4.37ns) (root node of TernaryAdder)   --->   "%Gy_Value_2 = add i32 %reuse_select25, i32 %Gy_Value_3" [Sobel_Filter.cpp:58]   --->   Operation 101 'add' 'Gy_Value_2' <Predicate = true> <Delay = 4.37> <CoreInst = "TAddSub">   --->   Core 10 'TAddSub' <Latency = 0> <II = 1> <Delay = 2.18> <IPBlock> <Opcode : 'add' 'sub'> <InPorts = 3> <OutPorts = 1> <Sync> <CReg>
ST_5 : Operation 102 [1/1] (2.55ns)   --->   "%sub_ln62 = sub i32 0, i32 %Gx_Value" [Sobel_Filter.cpp:62]   --->   Operation 102 'sub' 'sub_ln62' <Predicate = true> <Delay = 2.55> <CoreInst = "Adder">   --->   Core 1 'Adder' <Latency = 0> <II = 1> <Delay = 2.55> <FuncUnit> <Opcode : 'add' 'sub'> <InPorts = 2> <OutPorts = 1>
ST_5 : Operation 103 [1/1] (2.55ns)   --->   "%sub_ln63 = sub i32 0, i32 %Gy_Value_2" [Sobel_Filter.cpp:63]   --->   Operation 103 'sub' 'sub_ln63' <Predicate = true> <Delay = 2.55> <CoreInst = "Adder">   --->   Core 1 'Adder' <Latency = 0> <II = 1> <Delay = 2.55> <FuncUnit> <Opcode : 'add' 'sub'> <InPorts = 2> <OutPorts = 1>
ST_5 : Operation 116 [1/1] (1.58ns)   --->   "%ret_ln0 = ret"   --->   Operation 116 'ret' 'ret_ln0' <Predicate = (icmp_ln26)> <Delay = 1.58>

State 6 <SV = 5> <Delay = 6.85>
ST_6 : Operation 104 [1/1] (0.00ns)   --->   "%specloopname_ln0 = specloopname void @_ssdm_op_SpecLoopName, void @VITIS_LOOP_26_1_VITIS_LOOP_28_2_str"   --->   Operation 104 'specloopname' 'specloopname_ln0' <Predicate = true> <Delay = 0.00>
ST_6 : Operation 105 [1/1] (0.00ns)   --->   "%specpipeline_ln30 = specpipeline void @_ssdm_op_SpecPipeline, i32 1, i32 0, i32 0, i32 0, i32 4294967295, void @empty_1" [Sobel_Filter.cpp:30]   --->   Operation 105 'specpipeline' 'specpipeline_ln30' <Predicate = true> <Delay = 0.00>
ST_6 : Operation 106 [1/1] (0.00ns) (grouped into LUT with out node Magnitude)   --->   "%tmp = bitselect i1 @_ssdm_op_BitSelect.i1.i32.i32, i32 %Gx_Value, i32 31" [Sobel_Filter.cpp:62]   --->   Operation 106 'bitselect' 'tmp' <Predicate = true> <Delay = 0.00>
ST_6 : Operation 107 [1/1] (0.00ns) (grouped into LUT with out node Magnitude)   --->   "%Gx_Value_Abs = select i1 %tmp, i32 %sub_ln62, i32 %Gx_Value" [Sobel_Filter.cpp:62]   --->   Operation 107 'select' 'Gx_Value_Abs' <Predicate = true> <Delay = 0.00> <CoreInst = "Sel">   --->   Core 73 'Sel' <Latency = 0> <II = 1> <Delay = 0.69> <FuncUnit> <Opcode : 'select'> <InPorts = 3> <OutPorts = 1>
ST_6 : Operation 108 [1/1] (0.00ns) (grouped into LUT with out node Magnitude)   --->   "%tmp_1 = bitselect i1 @_ssdm_op_BitSelect.i1.i32.i32, i32 %Gy_Value_2, i32 31" [Sobel_Filter.cpp:63]   --->   Operation 108 'bitselect' 'tmp_1' <Predicate = true> <Delay = 0.00>
ST_6 : Operation 109 [1/1] (0.00ns) (grouped into LUT with out node Magnitude)   --->   "%Gy_Value_Abs = select i1 %tmp_1, i32 %sub_ln63, i32 %Gy_Value_2" [Sobel_Filter.cpp:63]   --->   Operation 109 'select' 'Gy_Value_Abs' <Predicate = true> <Delay = 0.00> <CoreInst = "Sel">   --->   Core 73 'Sel' <Latency = 0> <II = 1> <Delay = 0.69> <FuncUnit> <Opcode : 'select'> <InPorts = 3> <OutPorts = 1>
ST_6 : Operation 110 [1/1] (2.55ns) (out node of the LUT)   --->   "%Magnitude = add i32 %Gx_Value_Abs, i32 %Gy_Value_Abs" [Sobel_Filter.cpp:64]   --->   Operation 110 'add' 'Magnitude' <Predicate = true> <Delay = 2.55> <CoreInst = "Adder">   --->   Core 1 'Adder' <Latency = 0> <II = 1> <Delay = 2.55> <FuncUnit> <Opcode : 'add' 'sub'> <InPorts = 2> <OutPorts = 1>
ST_6 : Operation 111 [1/1] (0.00ns)   --->   "%tmp_2 = partselect i24 @_ssdm_op_PartSelect.i24.i32.i32.i32, i32 %Magnitude, i32 8, i32 31" [Sobel_Filter.cpp:68]   --->   Operation 111 'partselect' 'tmp_2' <Predicate = true> <Delay = 0.00>
ST_6 : Operation 112 [1/1] (2.31ns)   --->   "%icmp_ln68 = icmp_sgt  i24 %tmp_2, i24 0" [Sobel_Filter.cpp:68]   --->   Operation 112 'icmp' 'icmp_ln68' <Predicate = true> <Delay = 2.31> <CoreInst = "Cmp">   --->   Core 9 'Cmp' <Latency = 0> <II = 1> <Delay = 2.31> <FuncUnit> <Opcode : 'seteq' 'setne' 'setle' 'setge' 'setlt' 'setgt'> <InPorts = 2> <OutPorts = 1>
ST_6 : Operation 113 [1/1] (0.69ns)   --->   "%select_ln68 = select i1 %icmp_ln68, i32 255, i32 %Magnitude" [Sobel_Filter.cpp:68]   --->   Operation 113 'select' 'select_ln68' <Predicate = true> <Delay = 0.69> <CoreInst = "Sel">   --->   Core 73 'Sel' <Latency = 0> <II = 1> <Delay = 0.69> <FuncUnit> <Opcode : 'select'> <InPorts = 3> <OutPorts = 1>
ST_6 : Operation 114 [1/1] ( I:1.29ns O:1.29ns )   --->   "%write_ln77 = write void @_ssdm_op_Write.axis.volatile.i32P0A.i4P0A.i4P0A.i3P0A.i1P0A.i5P0A.i6P0A, i32 %Output_r_V_data_V, i4 %Output_r_V_keep_V, i4 %Output_r_V_strb_V, i3 %Output_r_V_user_V, i1 %Output_r_V_last_V, i5 %Output_r_V_id_V, i6 %Output_r_V_dest_V, i32 %select_ln68, i4 %p_1, i4 %p_2, i3 %p_3, i1 %p_4, i5 %p_5, i6 %p_0" [Sobel_Filter.cpp:77]   --->   Operation 114 'write' 'write_ln77' <Predicate = true> <Delay = 1.29> <CoreInst = "regslice">   --->   Core 135 'regslice' <Latency = 0> <II = 1> <Delay = 1.86> <Adapter> <Opcode : 'read' 'write'>
ST_6 : Operation 115 [1/1] (0.00ns)   --->   "%br_ln28 = br void %VITIS_LOOP_34_3" [Sobel_Filter.cpp:28]   --->   Operation 115 'br' 'br_ln28' <Predicate = true> <Delay = 0.00>


============================================================
+ Verbose Summary: Timing violations
============================================================
Target clock period: 10.000ns, clock uncertainty: 2.700ns.

 <State 1>: 1.588ns
The critical path consists of the following:
	'alloca' operation 62 bit ('indvar_flatten') [25]  (0.000 ns)
	'store' operation ('store_ln0') of constant 0 62 bit on local variable 'indvar_flatten' [37]  (1.588 ns)

 <State 2>: 5.056ns
The critical path consists of the following:
	'load' operation 62 bit ('indvar_flatten_load', Sobel_Filter.cpp:26) on local variable 'indvar_flatten' [46]  (0.000 ns)
	'add' operation 62 bit ('add_ln26', Sobel_Filter.cpp:26) [53]  (3.469 ns)
	'store' operation ('store_ln26', Sobel_Filter.cpp:26) of variable 'add_ln26', Sobel_Filter.cpp:26 62 bit on local variable 'indvar_flatten' [119]  (1.588 ns)

 <State 3>: 6.764ns
The critical path consists of the following:
	'load' operation 11 bit ('J', Sobel_Filter.cpp:28) on local variable 'J', Sobel_Filter.cpp:28 [45]  (0.000 ns)
	'icmp' operation 1 bit ('icmp_ln28', Sobel_Filter.cpp:28) [51]  (2.552 ns)
	'select' operation 11 bit ('select_ln26', Sobel_Filter.cpp:26) [60]  (0.692 ns)
	'icmp' operation 1 bit ('addr_cmp24', Sobel_Filter.cpp:28) [77]  (3.520 ns)

 <State 4>: 7.206ns
The critical path consists of the following:
	'load' operation 32 bit ('Line_Buffer_data_1_load', Sobel_Filter.cpp:47) on array 'Line_Buffer.data', Sobel_Filter.cpp:17 [82]  (3.254 ns)
	'select' operation 32 bit ('reuse_select', Sobel_Filter.cpp:28) [84]  (0.698 ns)
	'store' operation ('store_ln43', Sobel_Filter.cpp:43) of variable 'reuse_select', Sobel_Filter.cpp:28 32 bit on array 'Line_Buffer.data', Sobel_Filter.cpp:17 [86]  (3.254 ns)

 <State 5>: 6.923ns
The critical path consists of the following:
	'add' operation 32 bit ('add_ln57_1', Sobel_Filter.cpp:57) [99]  (0.000 ns)
	'add' operation 32 bit ('Gx_Value', Sobel_Filter.cpp:57) [100]  (4.371 ns)
	'sub' operation 32 bit ('sub_ln62', Sobel_Filter.cpp:62) [105]  (2.552 ns)

 <State 6>: 6.855ns
The critical path consists of the following:
	'select' operation 32 bit ('Gx_Value_Abs', Sobel_Filter.cpp:62) [106]  (0.000 ns)
	'add' operation 32 bit ('Magnitude', Sobel_Filter.cpp:64) [110]  (2.552 ns)
	'icmp' operation 1 bit ('icmp_ln68', Sobel_Filter.cpp:68) [112]  (2.314 ns)
	'select' operation 32 bit ('select_ln68', Sobel_Filter.cpp:68) [113]  (0.698 ns)
	axis write operation ('write_ln77', Sobel_Filter.cpp:77) on port 'Output_r_V_data_V' (Sobel_Filter.cpp:77) [114]  (1.290 ns)


============================================================
+ Verbose Summary: Binding
============================================================
N/A
* FSMD analyzer results:
  - Output states:
 - Input state : 
  - Chain level:
	State 1
	State 2
	State 3
	State 4
	State 5
	State 6


============================================================
+ Verbose Summary: Datapath Resource usage 
============================================================
N/A
