  **** HLS Build v2026.1 6493734
INFO: [HLS 200-2005] Using work_dir C:/F.A.L.C.O.N/Vitis_WS/Sobel_Filter_IP/Sobel_Filter_IP 
INFO: [HLS 200-2176] Writing Vitis IDE component file C:/F.A.L.C.O.N/Vitis_WS/Sobel_Filter_IP/Sobel_Filter_IP/vitis-comp.json
INFO: [HLS 200-10] Creating and opening component 'C:/F.A.L.C.O.N/Vitis_WS/Sobel_Filter_IP/Sobel_Filter_IP'.
INFO: [HLS 200-2174] Applying component config ini file hls_config.cfg
INFO: [HLS 200-1465] Applying config ini 'syn.file=Sobel_Filter.cpp' from hls_config.cfg(6)
INFO: [HLS 200-10] Adding design file 'C:/F.A.L.C.O.N/Vitis_WS/Sobel_Filter_IP/Sobel_Filter.cpp' to the project
INFO: [HLS 200-1465] Applying config ini 'syn.top=Sobel_Filter' from hls_config.cfg(7)
INFO: [HLS 200-1465] Applying config ini 'part=xc7z020clg400-1' from hls_config.cfg(1)
INFO: [HLS 200-1611] Setting target device to 'xc7z020-clg400-1'
INFO: [HLS 200-1465] Applying config ini 'package.output.format=ip_catalog' from hls_config.cfg(4)
INFO: [HLS 200-2176] Writing Vitis IDE component file C:/F.A.L.C.O.N/Vitis_WS/Sobel_Filter_IP/Sobel_Filter_IP/vitis-comp.json
INFO: [HLS 200-111] Finished File checks and directory preparation: CPU user time: 2 seconds. CPU system time: 1 seconds. Elapsed time: 4.6 seconds; current allocated memory: 138.887 MB.
INFO: [HLS 200-2191] C-Synthesis will use clang-16 as the compiler
INFO: [HLS 200-10] Analyzing design file 'Sobel_Filter.cpp' ... 
INFO: [HLS 200-111] Finished Source Code Analysis and Preprocessing: CPU user time: 0 seconds. CPU system time: 0 seconds. Elapsed time: 11.263 seconds; current allocated memory: 141.602 MB.
INFO: [HLS 200-1995] There were 1,278 instructions in the design after the 'Compile/Link' phase of compilation. See the Design Size Report for more details (C:/F.A.L.C.O.N/Vitis_WS/Sobel_Filter_IP/Sobel_Filter_IP/hls/syn/report/csynth_design_size.rpt:2)
INFO: [HLS 214-291] Loop 'VITIS_LOOP_34_3' is marked as complete unroll implied by the pipeline pragma (Sobel_Filter.cpp:34:30)
INFO: [HLS 214-291] Loop 'VITIS_LOOP_53_4' is marked as complete unroll implied by the pipeline pragma (Sobel_Filter.cpp:53:30)
INFO: [HLS 214-291] Loop 'VITIS_LOOP_55_5' is marked as complete unroll implied by the pipeline pragma (Sobel_Filter.cpp:55:34)
INFO: [HLS 214-186] Unrolling loop 'VITIS_LOOP_34_3' (Sobel_Filter.cpp:34:30) in function 'Sobel_Filter' completely with a factor of 3 (Sobel_Filter.cpp:10:0)
INFO: [HLS 214-186] Unrolling loop 'VITIS_LOOP_53_4' (Sobel_Filter.cpp:53:30) in function 'Sobel_Filter' completely with a factor of 3 (Sobel_Filter.cpp:10:0)
INFO: [HLS 214-186] Unrolling loop 'VITIS_LOOP_55_5' (Sobel_Filter.cpp:55:34) in function 'Sobel_Filter' completely with a factor of 3 (Sobel_Filter.cpp:10:0)
INFO: [HLS 200-1995] There were 686 instructions in the design after the 'Unroll/Inline' phase of compilation. See the Design Size Report for more details (C:/F.A.L.C.O.N/Vitis_WS/Sobel_Filter_IP/Sobel_Filter_IP/hls/syn/report/csynth_design_size.rpt:2)
INFO: [HLS 200-1995] There were 504 instructions in the design after the 'Unroll/Inline (step 2)' phase of compilation. See the Design Size Report for more details (C:/F.A.L.C.O.N/Vitis_WS/Sobel_Filter_IP/Sobel_Filter_IP/hls/syn/report/csynth_design_size.rpt:2)
WARNING: [HLS 214-366] Duplicating function 'hls::axis<ap_int<32>, 3ul, 5ul, 6ul, (unsigned char)56, false>::axis()' as different function signatures were detected between this call site and other call site(s). This may impact the resources used in the design. (Sobel_Filter.cpp:32:38)
WARNING: [HLS 214-366] Duplicating function 'hls::axis<ap_int<32>, 3ul, 5ul, 6ul, (unsigned char)56, false>::axis()' as different function signatures were detected between this call site and other call site(s). This may impact the resources used in the design. (Sobel_Filter.cpp:67:21)
INFO: [HLS 214-178] Inlining function 'hls::axis<ap_int<32>, 3ul, 5ul, 6ul, (unsigned char)56, false>::axis()' into 'Sobel_Filter(hls::stream<hls::axis<ap_int<32>, 3ul, 5ul, 6ul, (unsigned char)56, false>, 0>&, hls::stream<hls::axis<ap_int<32>, 3ul, 5ul, 6ul, (unsigned char)56, false>, 0>&, int, int)' (Sobel_Filter.cpp:10:0)
INFO: [HLS 214-178] Inlining function 'hls::axis<ap_int<32>, 3ul, 5ul, 6ul, (unsigned char)56, false>::axis() (.47)' into 'Sobel_Filter(hls::stream<hls::axis<ap_int<32>, 3ul, 5ul, 6ul, (unsigned char)56, false>, 0>&, hls::stream<hls::axis<ap_int<32>, 3ul, 5ul, 6ul, (unsigned char)56, false>, 0>&, int, int)' (Sobel_Filter.cpp:10:0)
INFO: [HLS 200-1995] There were 674 instructions in the design after the 'Unroll/Inline (step 3)' phase of compilation. See the Design Size Report for more details (C:/F.A.L.C.O.N/Vitis_WS/Sobel_Filter_IP/Sobel_Filter_IP/hls/syn/report/csynth_design_size.rpt:2)
INFO: [HLS 200-1995] There were 638 instructions in the design after the 'Unroll/Inline (step 4)' phase of compilation. See the Design Size Report for more details (C:/F.A.L.C.O.N/Vitis_WS/Sobel_Filter_IP/Sobel_Filter_IP/hls/syn/report/csynth_design_size.rpt:2)
INFO: [HLS 214-248] Applying array_partition to 'Line_Buffer.data': Complete partitioning on dimension 1. (Sobel_Filter.cpp:17:13)
INFO: [HLS 214-248] Applying array_partition to 'Line_Buffer.keep': Complete partitioning on dimension 1. (Sobel_Filter.cpp:17:13)
INFO: [HLS 214-248] Applying array_partition to 'Line_Buffer.strb': Complete partitioning on dimension 1. (Sobel_Filter.cpp:17:13)
INFO: [HLS 214-248] Applying array_partition to 'Line_Buffer.user': Complete partitioning on dimension 1. (Sobel_Filter.cpp:17:13)
INFO: [HLS 214-248] Applying array_partition to 'Line_Buffer.last': Complete partitioning on dimension 1. (Sobel_Filter.cpp:17:13)
INFO: [HLS 214-248] Applying array_partition to 'Line_Buffer.id': Complete partitioning on dimension 1. (Sobel_Filter.cpp:17:13)
INFO: [HLS 214-248] Applying array_partition to 'Line_Buffer.dest': Complete partitioning on dimension 1. (Sobel_Filter.cpp:17:13)
INFO: [HLS 214-248] Applying array_partition to 'Window.keep': Complete partitioning on dimension 1. Complete partitioning on dimension 2. (Sobel_Filter.cpp:20:13)
INFO: [HLS 214-248] Applying array_partition to 'Window.strb': Complete partitioning on dimension 1. Complete partitioning on dimension 2. (Sobel_Filter.cpp:20:13)
INFO: [HLS 214-248] Applying array_partition to 'Window.user': Complete partitioning on dimension 1. Complete partitioning on dimension 2. (Sobel_Filter.cpp:20:13)
INFO: [HLS 214-248] Applying array_partition to 'Window.last': Complete partitioning on dimension 1. Complete partitioning on dimension 2. (Sobel_Filter.cpp:20:13)
INFO: [HLS 214-248] Applying array_partition to 'Window.id': Complete partitioning on dimension 1. Complete partitioning on dimension 2. (Sobel_Filter.cpp:20:13)
INFO: [HLS 214-248] Applying array_partition to 'Window.dest': Complete partitioning on dimension 1. Complete partitioning on dimension 2. (Sobel_Filter.cpp:20:13)
INFO: [HLS 200-1995] There were 1,034 instructions in the design after the 'Array/Struct' phase of compilation. See the Design Size Report for more details (C:/F.A.L.C.O.N/Vitis_WS/Sobel_Filter_IP/Sobel_Filter_IP/hls/syn/report/csynth_design_size.rpt:2)
INFO: [HLS 200-1995] There were 401 instructions in the design after the 'Array/Struct (step 2)' phase of compilation. See the Design Size Report for more details (C:/F.A.L.C.O.N/Vitis_WS/Sobel_Filter_IP/Sobel_Filter_IP/hls/syn/report/csynth_design_size.rpt:2)
INFO: [HLS 200-1995] There were 401 instructions in the design after the 'Array/Struct (step 3)' phase of compilation. See the Design Size Report for more details (C:/F.A.L.C.O.N/Vitis_WS/Sobel_Filter_IP/Sobel_Filter_IP/hls/syn/report/csynth_design_size.rpt:2)
INFO: [HLS 200-1995] There were 371 instructions in the design after the 'Array/Struct (step 4)' phase of compilation. See the Design Size Report for more details (C:/F.A.L.C.O.N/Vitis_WS/Sobel_Filter_IP/Sobel_Filter_IP/hls/syn/report/csynth_design_size.rpt:2)
INFO: [HLS 200-1995] There were 469 instructions in the design after the 'Array/Struct (step 5)' phase of compilation. See the Design Size Report for more details (C:/F.A.L.C.O.N/Vitis_WS/Sobel_Filter_IP/Sobel_Filter_IP/hls/syn/report/csynth_design_size.rpt:2)
INFO: [HLS 200-1995] There were 458 instructions in the design after the 'Performance' phase of compilation. See the Design Size Report for more details (C:/F.A.L.C.O.N/Vitis_WS/Sobel_Filter_IP/Sobel_Filter_IP/hls/syn/report/csynth_design_size.rpt:2)
INFO: [HLS 214-376] Pipelining loop< unknown> at Sobel_Filter.cpp:17:13 due to pipeline_loops threshold
INFO: [HLS 214-376] Pipelining loop< unknown> at Sobel_Filter.cpp:20:13 due to pipeline_loops threshold
INFO: [HLS 214-291] Loop 'anonymous' is marked as complete unroll implied by the pipeline pragma (Sobel_Filter.cpp:20:13)
INFO: [HLS 214-186] Unrolling loop 'anonymous' (Sobel_Filter.cpp:20:13) in function 'Sobel_Filter' completely with a factor of 3 (Sobel_Filter.cpp:10:0)
INFO: [HLS 200-1995] There were 405 instructions in the design after the 'Performance (step 2)' phase of compilation. See the Design Size Report for more details (C:/F.A.L.C.O.N/Vitis_WS/Sobel_Filter_IP/Sobel_Filter_IP/hls/syn/report/csynth_design_size.rpt:2)
INFO: [HLS 200-1995] There were 334 instructions in the design after the 'Performance (step 3)' phase of compilation. See the Design Size Report for more details (C:/F.A.L.C.O.N/Vitis_WS/Sobel_Filter_IP/Sobel_Filter_IP/hls/syn/report/csynth_design_size.rpt:2)
INFO: [HLS 200-1995] There were 328 instructions in the design after the 'Performance (step 4)' phase of compilation. See the Design Size Report for more details (C:/F.A.L.C.O.N/Vitis_WS/Sobel_Filter_IP/Sobel_Filter_IP/hls/syn/report/csynth_design_size.rpt:2)
INFO: [HLS 200-1995] There were 248 instructions in the design after the 'HW Transforms' phase of compilation. See the Design Size Report for more details (C:/F.A.L.C.O.N/Vitis_WS/Sobel_Filter_IP/Sobel_Filter_IP/hls/syn/report/csynth_design_size.rpt:2)
INFO: [HLS 200-1995] There were 193 instructions in the design after the 'HW Transforms (step 2)' phase of compilation. See the Design Size Report for more details (C:/F.A.L.C.O.N/Vitis_WS/Sobel_Filter_IP/Sobel_Filter_IP/hls/syn/report/csynth_design_size.rpt:2)
INFO: [HLS 200-111] Finished Compiling Optimization and Transform: CPU user time: 0 seconds. CPU system time: 1 seconds. Elapsed time: 10.221 seconds; current allocated memory: 144.426 MB.
INFO: [HLS 200-111] Finished Checking Pragmas: CPU user time: 0 seconds. CPU system time: 0 seconds. Elapsed time: 0.007 seconds; current allocated memory: 144.426 MB.
INFO: [HLS 200-10] Starting code transformations ...
INFO: [HLS 200-111] Finished Standard Transforms: CPU user time: 1 seconds. CPU system time: 0 seconds. Elapsed time: 0.168 seconds; current allocated memory: 149.605 MB.
INFO: [HLS 200-10] Checking synthesizability ...
INFO: [HLS 200-111] Finished Checking Synthesizability: CPU user time: 0 seconds. CPU system time: 0 seconds. Elapsed time: 1.341 seconds; current allocated memory: 151.340 MB.
INFO: [XFORM 203-401] Performing if-conversion on hyperblock from (Sobel_Filter.cpp:17:13) to (Sobel_Filter.cpp:17:13) in function 'Sobel_Filter'... converting 3 basic blocks.
INFO: [XFORM 203-401] Performing if-conversion on hyperblock from (Sobel_Filter.cpp:20:13) to (Sobel_Filter.cpp:20:13) in function 'Sobel_Filter'... converting 3 basic blocks.
INFO: [HLS 200-111] Finished Loop, function and other optimizations: CPU user time: 0 seconds. CPU system time: 0 seconds. Elapsed time: 0.186 seconds; current allocated memory: 172.852 MB.
INFO: [HLS 200-2061] Successfully converted nested loops 'VITIS_LOOP_26_1'(Sobel_Filter.cpp:26:22) and 'VITIS_LOOP_28_2'(Sobel_Filter.cpp:28:26) in function 'Sobel_Filter' into perfectly nested loops.
INFO: [HLS 200-2259] Flattening a loop nest with inner loop 'VITIS_LOOP_28_2' (Sobel_Filter.cpp:28:26) and outer loop 'VITIS_LOOP_26_1' (Sobel_Filter.cpp:26:22) in function 'Sobel_Filter' successfully.
INFO: [HLS 200-111] Finished Architecture Synthesis: CPU user time: 0 seconds. CPU system time: 0 seconds. Elapsed time: 0.221 seconds; current allocated memory: 176.668 MB.
INFO: [HLS 200-2255] Checking Wire Delay Status: Wire Delay Mode is ON
INFO: [HLS 200-10] Starting hardware synthesis ...
INFO: [HLS 200-10] Synthesizing 'Sobel_Filter' ...
INFO: [SYN 201-201] Setting up clock 'default' with a period of 10ns.
INFO: [HLS 200-10] ----------------------------------------------------------------
INFO: [HLS 200-42] -- Implementing module 'Sobel_Filter_Pipeline_VITIS_LOOP_26_1_VITIS_LOOP_28_2' 
INFO: [HLS 200-10] ----------------------------------------------------------------
INFO: [SCHED 204-11] Starting scheduling ...
INFO: [SCHED 204-61] Pipelining loop 'VITIS_LOOP_26_1_VITIS_LOOP_28_2'.
INFO: [HLS 200-1470] Pipelining result : Target II = 1, Final II = 1, Depth = 6, loop 'VITIS_LOOP_26_1_VITIS_LOOP_28_2'
INFO: [SCHED 204-11] Finished scheduling.
INFO: [HLS 200-111] Finished Scheduling: CPU user time: 0 seconds. CPU system time: 0 seconds. Elapsed time: 0.456 seconds; current allocated memory: 180.742 MB.
INFO: [BIND 205-100] Starting micro-architecture generation ...
INFO: [BIND 205-101] Performing variable lifetime analysis.
INFO: [BIND 205-101] Exploring resource sharing.
INFO: [BIND 205-101] Binding ...
INFO: [BIND 205-100] Finished micro-architecture generation.
INFO: [HLS 200-111] Finished Binding: CPU user time: 0 seconds. CPU system time: 0 seconds. Elapsed time: 0.106 seconds; current allocated memory: 181.809 MB.
INFO: [HLS 200-10] ----------------------------------------------------------------
INFO: [HLS 200-42] -- Implementing module 'Sobel_Filter' 
INFO: [HLS 200-10] ----------------------------------------------------------------
INFO: [SCHED 204-11] Starting scheduling ...
INFO: [SCHED 204-11] Finished scheduling.
INFO: [HLS 200-111] Finished Scheduling: CPU user time: 0 seconds. CPU system time: 0 seconds. Elapsed time: 0.106 seconds; current allocated memory: 181.910 MB.
INFO: [BIND 205-100] Starting micro-architecture generation ...
INFO: [BIND 205-101] Performing variable lifetime analysis.
INFO: [BIND 205-101] Exploring resource sharing.
INFO: [BIND 205-101] Binding ...
INFO: [BIND 205-100] Finished micro-architecture generation.
INFO: [HLS 200-111] Finished Binding: CPU user time: 0 seconds. CPU system time: 0 seconds. Elapsed time: 0.041 seconds; current allocated memory: 181.977 MB.
INFO: [HLS 200-10] ----------------------------------------------------------------
INFO: [HLS 200-10] -- Generating RTL for module 'Sobel_Filter_Pipeline_VITIS_LOOP_26_1_VITIS_LOOP_28_2' 
INFO: [HLS 200-10] ----------------------------------------------------------------
INFO: [HLS 200-1030] Apply Unified Pipeline Control on module 'Sobel_Filter_Pipeline_VITIS_LOOP_26_1_VITIS_LOOP_28_2' pipeline 'VITIS_LOOP_26_1_VITIS_LOOP_28_2' pipeline type 'loop pipeline'
INFO: [SYN 201-210] Renamed object name 'Sobel_Filter_Pipeline_VITIS_LOOP_26_1_VITIS_LOOP_28_2_Line_Buffer_data_1_RAM_AUTO_1R1W' to 'Sobel_Filter_Pipeline_VITIS_LOOP_26_1_VITIS_LOOP_28_2_Line_Buffer_data_1_RAM_bkb' due to the length limit 80
INFO: [SYN 201-210] Renamed object name 'Sobel_Filter_Pipeline_VITIS_LOOP_26_1_VITIS_LOOP_28_2_Line_Buffer_data_RAM_AUTO_1R1W' to 'Sobel_Filter_Pipeline_VITIS_LOOP_26_1_VITIS_LOOP_28_2_Line_Buffer_data_RAM_AUcud' due to the length limit 80
INFO: [RTGEN 206-100] Finished creating RTL model for 'Sobel_Filter_Pipeline_VITIS_LOOP_26_1_VITIS_LOOP_28_2'.
INFO: [RTMG 210-278] Implementing memory 'Sobel_Filter_Sobel_Filter_Pipeline_VITIS_LOOP_26_1_VITIS_LOOP_28_2_Line_Buffer_data_1_RAM_bkb' using auto RAMs.
INFO: [RTMG 210-278] Implementing memory 'Sobel_Filter_Sobel_Filter_Pipeline_VITIS_LOOP_26_1_VITIS_LOOP_28_2_Line_Buffer_data_RAM_AUcud' using auto RAMs.
INFO: [HLS 200-111] Finished Creating RTL model: CPU user time: 0 seconds. CPU system time: 0 seconds. Elapsed time: 0.913 seconds; current allocated memory: 184.301 MB.
INFO: [HLS 200-10] ----------------------------------------------------------------
INFO: [HLS 200-10] -- Generating RTL for module 'Sobel_Filter' 
INFO: [HLS 200-10] ----------------------------------------------------------------
WARNING: [RTGEN 206-101] Design contains AXI ports. Reset is fixed to synchronous and active low.
INFO: [RTGEN 206-500] Setting interface mode on port 'Sobel_Filter/Input_r_V_data_V' to 'axis' (register, both mode).
INFO: [RTGEN 206-500] Setting interface mode on port 'Sobel_Filter/Input_r_V_keep_V' to 'axis' (register, both mode).
INFO: [RTGEN 206-500] Setting interface mode on port 'Sobel_Filter/Input_r_V_strb_V' to 'axis' (register, both mode).
INFO: [RTGEN 206-500] Setting interface mode on port 'Sobel_Filter/Input_r_V_user_V' to 'axis' (register, both mode).
INFO: [RTGEN 206-500] Setting interface mode on port 'Sobel_Filter/Input_r_V_last_V' to 'axis' (register, both mode).
INFO: [RTGEN 206-500] Setting interface mode on port 'Sobel_Filter/Input_r_V_id_V' to 'axis' (register, both mode).
INFO: [RTGEN 206-500] Setting interface mode on port 'Sobel_Filter/Input_r_V_dest_V' to 'axis' (register, both mode).
INFO: [RTGEN 206-500] Setting interface mode on port 'Sobel_Filter/Output_r_V_data_V' to 'axis' (register, both mode).
INFO: [RTGEN 206-500] Setting interface mode on port 'Sobel_Filter/Output_r_V_keep_V' to 'axis' (register, both mode).
INFO: [RTGEN 206-500] Setting interface mode on port 'Sobel_Filter/Output_r_V_strb_V' to 'axis' (register, both mode).
INFO: [RTGEN 206-500] Setting interface mode on port 'Sobel_Filter/Output_r_V_user_V' to 'axis' (register, both mode).
INFO: [RTGEN 206-500] Setting interface mode on port 'Sobel_Filter/Output_r_V_last_V' to 'axis' (register, both mode).
INFO: [RTGEN 206-500] Setting interface mode on port 'Sobel_Filter/Output_r_V_id_V' to 'axis' (register, both mode).
INFO: [RTGEN 206-500] Setting interface mode on port 'Sobel_Filter/Output_r_V_dest_V' to 'axis' (register, both mode).
INFO: [RTGEN 206-500] Setting interface mode on port 'Sobel_Filter/Rows' to 's_axilite & ap_none'.
INFO: [RTGEN 206-500] Setting interface mode on port 'Sobel_Filter/Cols' to 's_axilite & ap_none'.
INFO: [RTGEN 206-500] Setting interface mode on function 'Sobel_Filter' to 's_axilite & ap_ctrl_hs'.
INFO: [RTGEN 206-100] Bundling port 'Rows', 'Cols' and 'return' to AXI-Lite port control.
INFO: [RTGEN 206-100] Generating core module 'mul_31ns_31ns_62_2_1': 1 instance(s).
INFO: [RTGEN 206-100] Finished creating RTL model for 'Sobel_Filter'.
INFO: [HLS 200-111] Finished Creating RTL model: CPU user time: 0 seconds. CPU system time: 0 seconds. Elapsed time: 0.386 seconds; current allocated memory: 187.629 MB.
INFO: [HLS 200-111] Finished Generating all RTL models: CPU user time: 1 seconds. CPU system time: 0 seconds. Elapsed time: 0.994 seconds; current allocated memory: 191.559 MB.
INFO: [HLS 200-2225] Wrote inferred directives to file C:/F.A.L.C.O.N/Vitis_WS/Sobel_Filter_IP/Sobel_Filter_IP/hls/syn/inferred_directives.ini
INFO: [HLS 200-111] Finished Updating report files: CPU user time: 1 seconds. CPU system time: 1 seconds. Elapsed time: 1.913 seconds; current allocated memory: 195.730 MB.
INFO: [VHDL 208-304] Generating VHDL RTL for Sobel_Filter.
INFO: [VLOG 209-307] Generating Verilog RTL for Sobel_Filter.
INFO: [HLS 200-790] **** Loop Constraint Status: All loop constraints were satisfied.
INFO: [HLS 200-789] **** Estimated Fmax: 138.77 MHz
INFO: [HLS 200-112] Total CPU user time: 5 seconds. Total CPU system time: 3 seconds. Total elapsed time: 32.988 seconds; peak allocated memory: 195.801 MB.
INFO: [v++ 60-791] Total elapsed time: 0h 0m 37s
