# 
# Steps log generated by v++
# This log file contains a collection of steps that describe the kernel compilation flow
# Note: Some steps are tagged as internal, these steps are for debugging purposes and 
#       are not expected to be able to run independently.
# 

# The following environment variables are set when running v++
Environment variables :
------------------------------------------
ALLUSERSPROFILE=C:\ProgramData
APPDATA=C:\Users\Sriram Krishna\AppData\Roaming
arr.length=0
arr.Ubound=-1
CARBON_MEM_DISABLE=1
CHARPOP=1
CMAKE_OBJECT_PATH_MAX=4096
CommonProgramFiles=C:\Program Files\Common Files
CommonProgramFiles(x86)=C:\Program Files (x86)\Common Files
CommonProgramW6432=C:\Program Files\Common Files
COMPUTERNAME=DESKTOP-55UAODO
ComSpec=C:\WINDOWS\system32\cmd.exe
DriverData=C:\Windows\System32\Drivers\DriverData
EFC_2396_1262719628=1
EFC_2396_1592913036=1
EFC_2396_2283032206=1
EFC_2396_2775293581=1
EFC_2396_2946480783=1
EFC_2396_3789132940=1
EFC_2396_4126798990=1
FPS_BROWSER_APP_PROFILE_STRING=Internet Explorer
FPS_BROWSER_USER_PROFILE_STRING=Default
HDI_APPROOT=C:/AMDDesignTools/2026.1/Vitis
HDI_PROCESSOR=i686
HOMEDRIVE=C:
HOMEPATH=\Users\Sriram Krishna
HW_SERVER_DJTG_DISABLE=1
HW_SERVER_FTDIMGR_DISABLE=1
IDE_SKIP_SERVER_LICENSE=1
IGCCSVC_DB=AQAAANCMnd8BFdERjHoAwE/Cl+sBAAAAFTIEoObHzkCgUeYhvvPeDwQAAAACAAAAAAAQZgAAAAEAACAAAAA9+hfohaV/emnW6/9rLY84e1VWWup9zaROnLCAbcf4OQAAAAAOgAAAAAIAACAAAACGvTJSKnvWx/Duky5fJF5OtsctfqHKd1i/29e41jAy/mAAAAAtu5WoSz98QqYYEUKbkvkcljQ0FDm8NqK+Q5+I+hBbykHLupHClZL+siw/1QJ8dJ0MAiRYdTi2v6Ot+NWx6yQ7W+u0U6S+lNTJEVf6Dm4iWOI60QnfuFjXFcm3050eTp9AAAAAIrLx9r0Xyo1PIXCbGOFhSJbm4EQh98peS1mUfTbKpAPL1YH/8+ChFxHiKeR+cSCOMxSLhFyib6u2dkDbupQfow==
INT_VARIABLE_NAME=XILINX_PATH
ISL_IOSTREAMS_RSA=C:/AMDDesignTools/2026.1/Vitis/tps/isl
JAVA_EXE=C:/AMDDesignTools/2026.1/Vitis\tps\win64\jre24.0.2_12\bin\java.exe
JAVA_HOME=C:/AMDDesignTools/2026.1/Vitis\tps\win64\jre24.0.2_12
LC_NUMERIC=C
LOCALAPPDATA=C:\Users\Sriram Krishna\AppData\Local
LOGONSERVER=\\DESKTOP-55UAODO
LOPPER_DTC_FLAGS=-b 0 -@
MOSQUITTO_DIR=C:\Program Files\Mosquitto
NOSPLASH=false
NUMBER_OF_PROCESSORS=16
OneDrive=C:\Users\Sriram Krishna\OneDrive
ORIGINAL_XDG_CURRENT_DESKTOP=undefined
OS=Windows_NT
PATH=C:/AMDDesignTools/2026.1/Vivado/tps/win64/binutils-2.44/bin;C:/AMDDesignTools/2026.1/Vitis/bin/../gnu/aarch64/nt/aarch64-linux/bin;C:/AMDDesignTools/2026.1/Vitis/bin/../gnu/ppc64le/4.9.3/win64/bin;C:/AMDDesignTools/2026.1/Vitis/bin/../gnu/aarch32/nt/gcc-arm-linux-gnueabi/bin;C:/AMDDesignTools/2026.1/Vitis/tps/mingw/6.2.0/win64.o/nt/bin;C:/AMDDesignTools/2026.1/Vivado\gnuwin\bin;C:/AMDDesignTools/2026.1/Vivado\gnu\microblaze\nt\bin;C:/AMDDesignTools/2026.1/Vitis/bin;C:/AMDDesignTools/2026.1/Vitis\tps\win64;C:/AMDDesignTools/2026.1/Vitis/tps/win64/javafx-sdk-11.0.2/lib;C:/AMDDesignTools/2026.1/Vitis/tps/win64/javafx-sdk-11.0.2/bin;C:/AMDDesignTools/2026.1/Vitis/lib/win64.o;C:/AMDDesignTools/2026.1/Vitis/tps/win64/jre11.0.16_1/bin/server;C:/AMDDesignTools/2026.1/Vitis/tps/win64/jre11.0.16_1/bin;C:/AMDDesignTools/2026.1/Vitis\tps\win64\cmake-3.24.2\bin;C:/AMDDesignTools/2026.1/Vitis\gnu\microblaze\nt\bin;C:/AMDDesignTools/2026.1/Vitis\gnu\microblaze\linux_toolchain\nt64_le\bin;C:/AMDDesignTools/2026.1/Vitis\gnu\aarch32\nt\gcc-arm-linux-gnueabi\bin;C:/AMDDesignTools/2026.1/Vitis\gnu\aarch32\nt\gcc-arm-none-eabi\bin;C:/AMDDesignTools/2026.1/Vitis\gnu\aarch64\nt\aarch64-linux\bin;C:/AMDDesignTools/2026.1/Vitis\gnu\aarch64\nt\aarch64-none\bin;C:/AMDDesignTools/2026.1/Vitis\gnu\armr5\nt\gcc-arm-none-eabi\bin;C:/AMDDesignTools/2026.1/Vitis\gnuwin\bin;C:/AMDDesignTools/2026.1/Vitis\tps\win64\python-3.13.0;C:/AMDDesignTools/2026.1/Vitis\tps\win64\jre24.0.2_12\bin;C:/AMDDesignTools/2026.1/Vitis\tps\win64\libxslt\bin;C:/AMDDesignTools/2026.1/Vitis\gnu\arm\nt\bin;C:/AMDDesignTools/2026.1/Vitis\gnu\microblaze\linux_toolchain\nt64_be\bin;C:/AMDDesignTools/2026.1/Vitis\gnu\riscv\nt\bin;C:/AMDDesignTools/2026.1/Vitis\gnu\riscv\linux_toolchain\nt64\bin;C:/AMDDesignTools/2026.1/Vitis\gnu\riscv\linux_toolchain\nt32\bin;C:/AMDDesignTools/2026.1/Vivado\tps\win64\python-3.13.0;C:/AMDDesignTools/2026.1/Vivado\tps\win64\jre24.0.2_12\bin\server;C:/AMDDesignTools/2026.1/Vivado\tps\win64\git-2.53.0\bin;C:/AMDDesignTools/2026.1/Vivado\tps\win64\cmake-4.0.1\bin;C:/AMDDesignTools/2026.1/Vitis\win64\tools\clang-16\bin;C:/AMDDesignTools/2026.1/Vivado\tps\win64\jre24.0.2_12\bin;C:/AMDDesignTools/2026.1/Vivado\tps\win64\libxslt/bin;C:\Python311\Scripts\;C:\Python311\;C:\Program Files\Common Files\Oracle\Java\javapath;C:\Program Files (x86)\Common Files\Oracle\Java\java8path;C:\Program Files (x86)\Common Files\Oracle\Java\javapath;C:\Windows\system32;C:\Windows;C:\Windows\System32\Wbem;C:\Windows\System32\WindowsPowerShell\v1.0\;C:\Windows\System32\OpenSSH\;C:\Program Files\dotnet\;C:\Program Files (x86)\NVIDIA Corporation\PhysX\Common;C:\Program Files\MATLAB\R2024b\bin;C:\Program Files\NVIDIA Corporation\NVIDIA app\NvDLISR;C:\Program Files\Git\cmd;C:\Program Files\nodejs\;C:\Users\Sriram Krishna\AppData\Local\Microsoft\WindowsApps;C:\Users\Sriram Krishna\AppData\Local\Programs\Microsoft VS Code\bin;C:\Users\Sriram Krishna\AppData\Roaming\npm;C:\Users\Sriram Krishna\AppData\Local\Microsoft\WinGet\Packages\Fastfetch-cli.Fastfetch_Microsoft.Winget.Source_8wekyb3d8bbwe;C:\Users\Sriram Krishna\AppData\Local\Programs\MiKTeX\miktex\bin\x64\;C:\altera_lite\25.1std\questa_fse\win64;C:/AMDDesignTools/2026.1/Vitis\tps\mingw\6.2.0\win64.o\nt\bin;C:/AMDDesignTools/2026.1/Vitis\tps\mingw\6.2.0\win64.o\nt\libexec\gcc\x86_64-w64-mingw32\6.2.0
PATHEXT=.COM;.EXE;.BAT;.CMD;.VBS;.VBE;.JS;.JSE;.WSF;.WSH;.MSC;.PY;.PYW
PROCESSOR_ARCHITECTURE=AMD64
PROCESSOR_IDENTIFIER=Intel64 Family 6 Model 183 Stepping 1, GenuineIntel
PROCESSOR_LEVEL=6
PROCESSOR_REVISION=b701
PRODVERSION_EXE=C:/AMDDesignTools/2026.1/Vitis/bin/unwrapped/win64.o/prodversion.exe
ProgramData=C:\ProgramData
ProgramFiles=C:\Program Files
ProgramFiles(x86)=C:\Program Files (x86)
ProgramW6432=C:\Program Files
PROMPT=$P$G
PSModulePath=C:\Program Files\WindowsPowerShell\Modules;C:\WINDOWS\system32\WindowsPowerShell\v1.0\Modules
PUBLIC=C:\Users\Public
QSYS_ROOTDIR=C:/altera_lite/25.1std\quartus\sopc_builder\bin
QUARTUS_ROOTDIR=C:\altera_lite\25.1std\quartus
RDI_APPROOT=C:/AMDDesignTools/2026.1/Vitis
RDI_ARGS= -c --mode hls --config C:\F.A.L.C.O.N\Vitis_WS\Sobel_Filter_IP\hls_config.cfg --work_dir Sobel_Filter_IP
RDI_ARGS_FUNCTION=RDI_EXEC_DEFAULT
RDI_BASEROOT=C:/AMDDesignTools/2026.1
RDI_BINDIR=C:/AMDDesignTools/2026.1/Vitis/bin
RDI_BINROOT=C:/AMDDesignTools/2026.1/Vitis/bin
RDI_BUILD=yes
RDI_CHECK_PROG=True
RDI_DATADIR=C:/AMDDesignTools/2026.1/Vitis/data
RDI_INSTALLROOT=C:/AMDDesignTools
RDI_INSTALLVER=Vitis
RDI_INSTALLVERSION=2026.1
RDI_JAVACEFROOT=C:/AMDDesignTools/2026.1/Vitis/tps/win64/java-cef-95.0.4638.69
RDI_JAVAFXROOT=C:/AMDDesignTools/2026.1/Vitis/tps/win64/javafx-sdk-11.0.2
RDI_JAVAROOT=C:/AMDDesignTools/2026.1/Vitis/tps/win64/jre11.0.16_1
RDI_JAVA_VERSION=11.0.16_1
RDI_LIBDIR=C:/AMDDesignTools/2026.1/Vitis/lib/win64.o
RDI_MINGW_LIB=C:/AMDDesignTools/2026.1/Vitis\tps\mingw\6.2.0\win64.o\nt\bin;C:/AMDDesignTools/2026.1/Vitis\tps\mingw\6.2.0\win64.o\nt\libexec\gcc\x86_64-w64-mingw32\6.2.0
RDI_OPT_EXT=.o
RDI_OS_ARCH=64
RDI_PLATFORM=win64
RDI_PREPEND_PATH=C:/AMDDesignTools/2026.1/Vitis/bin
RDI_PROG=C:/AMDDesignTools/2026.1/Vitis/bin/unwrapped/win64.o/v++.exe
RDI_PROGNAME=v++.exe
RDI_SESSION_INFO=C:\AMDDesignTools\2026.1\Vitis\bin:DESKTOP-55UAODO-22-09-2026_18-14-37.75
RDI_SHARED_DATA=C:/AMDDesignTools/SharedData/2026.1/data
RDI_TEMPINSTALL=C:\AMDDesignTools\2026.1
RDI_TPS_ROOT=C:/AMDDesignTools/2026.1/Vivado/tps/win64
RDI_USE_JDK11=1
RDI_VERBOSE=False
RT_LIBPATH=C:/AMDDesignTools/2026.1/Vitis/scripts/rt/data
RT_TCL_PATH=C:/AMDDesignTools/2026.1/Vitis/scripts/rt/base_tcl/tcl
SALT_LICENSE_SERVER=C:/Users/Sriram Krishna/questa_lic.dat
SESSIONNAME=Console
session_string=C:\F.A.L.C.O.N\Vitis_WS\Sobel_Filter_IP:DESKTOP-55UAODO-22-09-2026_19-53-44.61
SOPC_KIT_NIOS2=C:\altera_lite\25.1std\nios2eds
STM32CubeMX_PATH=C:\Users\Sriram Krishna\AppData\Local\Programs\STM32CubeMX
STM32_PRG_PATH=C:\Program Files\STMicroelectronics\STM32Cube\STM32CubeProgrammer\bin
supports_classic_ide=true
SYNTH_COMMON=C:/AMDDesignTools/2026.1/Vitis/scripts/rt/data
SystemDrive=C:
SystemRoot=C:\WINDOWS
TCL_LIBRARY=C:/AMDDesignTools/2026.1/Vitis/tps/tcl/tcl8.6
TCMALLOC_LARGE_ALLOC_REPORT_THRESHOLD=4294967296
TEMP=C:\Users\Sriram Krishna\AppData\Local\Temp
THEIA_APP_PROJECT_PATH=C:\AMDDesignTools\2026.1\Vitis\ide\electron-app\win64\resources\app
THEIA_DEFAULT_PLUGINS=local-dir:C:\AMDDesignTools\2026.1\Vitis\ide\electron-app\win64\resources\app\plugins
THEIA_ELECTRON_TOKEN={"value":"5ceb6b56-381d-4ddd-974d-2321db747396"}
THEIA_ELECTRON_VERSION=30.1.2
THEIA_PLUGINS=local-dir:C:\Users\Sriram Krishna\.theia\plugins
TMP=C:\Users\Sriram Krishna\AppData\Local\Temp
tooldir=tps\win64\git-2.53.0
TOOLS_CLANGD=C:/AMDDesignTools/2026.1/Vitis\win64\tools\clang-16\bin
TPS_CMAKE=C:/AMDDesignTools/2026.1/Vivado\tps\win64\cmake-4.0.1
TPS_GIT=C:/AMDDesignTools/2026.1/Vivado\tps\win64\git-2.53.0
TPS_LIBXSLT=C:/AMDDesignTools/2026.1/Vivado\tps\win64\libxslt
TPS_PYTHON=C:/AMDDesignTools/2026.1/Vivado\tps\win64\python-3.13.0
USERDOMAIN=DESKTOP-55UAODO
USERDOMAIN_ROAMINGPROFILE=DESKTOP-55UAODO
USERNAME=Sriram Krishna
USERPROFILE=C:\Users\Sriram Krishna
VALIDATE_ARGS="False"
VBOX_MSI_INSTALL_PATH=C:\Program Files\Oracle\VirtualBox\
VITISNEW=true
VSCODE_API_VERSION=1.99.3
windir=C:\WINDOWS
XILINX_HLS=C:/AMDDesignTools/2026.1/Vitis
XILINX_PLANAHEAD=C:/AMDDesignTools/2026.1/Vitis
XILINX_SDK=C:/AMDDesignTools/2026.1/Vitis
XILINX_VERSION_DEFAULT=2026.1
XILINX_VERSION_VITIS=2026.1
XILINX_VITIS=C:/AMDDesignTools/2026.1/Vitis
XILINX_VITIS_GIT=C:/AMDDesignTools/2026.1/Vivado\tps\win64\git-2.53.0\bin
XILINX_VITIS_VERSION=Vitis v2026.1 (64-bit)
XILINX_VIVADO=C:/AMDDesignTools/2026.1/Vivado
XIL_CHECK_TCL_DEBUG=False
XIL_NO_OVERRIDE=0
XIL_SUPPRESS_OVERRIDE_WARNINGS=1
XVREDIST=C:/AMDDesignTools/2026.1/Vitis\tps\win64\xvcredist.exe
ZES_ENABLE_SYSMAN=1
_RDI_BINROOT=C:\AMDDesignTools\2026.1\Vitis\bin
_RDI_CWD=C:\F.A.L.C.O.N\Vitis_WS\Sobel_Filter_IP
_RDI_DONT_SET_XILINX_AS_PATH=True
_RDI_VERSION_PROG=v++
_valid=False
XILINX_CD_CONNECT_ID=51526
XILINX_CD_SESSION=00702fa9-edbc-4a5c-af99-82af1345bc27


V++ command line:
------------------------------------------
C:/AMDDesignTools/2026.1/Vitis/bin/unwrapped/win64.o/v++.exe -c --mode hls --config C:\F.A.L.C.O.N\Vitis_WS\Sobel_Filter_IP\hls_config.cfg --work_dir Sobel_Filter_IP 

FINAL PROGRAM OPTIONS
--compile
--config C:\F.A.L.C.O.N\Vitis_WS\Sobel_Filter_IP\hls_config.cfg
--hls.package.output.format ip_catalog
--hls.package.output.syn false
--hls.syn.file Sobel_Filter.cpp
--hls.syn.top Sobel_Filter
--mode hls
--part xc7z020clg400-1
--target hw
--work_dir Sobel_Filter_IP

PARSED COMMAND LINE OPTIONS
-c 
--mode hls 
--config C:\F.A.L.C.O.N\Vitis_WS\Sobel_Filter_IP\hls_config.cfg 
--work_dir Sobel_Filter_IP 

PARSED CONFIG FILE (1) OPTIONS
file: C:\F.A.L.C.O.N\Vitis_WS\Sobel_Filter_IP\hls_config.cfg
part xc7z020clg400-1 
hls.package.output.format ip_catalog 
hls.package.output.syn false 
hls.syn.file Sobel_Filter.cpp 
hls.syn.top Sobel_Filter 


==========================================
new:  steps log generated by v++ for new launch 
timestamp: 22 Sep 2026 19:53:48

------------------------------------------
V++ command line :
------------------------------------------
C:/AMDDesignTools/2026.1/Vitis/bin/unwrapped/win64.o/v++.exe -c --mode hls --config C:\F.A.L.C.O.N\Vitis_WS\Sobel_Filter_IP\hls_config.cfg --work_dir Sobel_Filter_IP 
  Options from -O    : 
  Options from *.ini : 
  Options from Hw Platform : 

==========================================
new:  steps log generated by v++ for new launch 
timestamp: 22 Sep 2026 19:54:33

------------------------------------------
VITIS-RUN command line :
------------------------------------------
C:/AMDDesignTools/2026.1/Vitis/bin/unwrapped/win64.o/vitis-run.exe --mode hls --impl --config C:\F.A.L.C.O.N\Vitis_WS\Sobel_Filter_IP\hls_config.cfg --work_dir Sobel_Filter_IP 
  Options from -O    : 
  Options from *.ini : 
  Options from Hw Platform : 

==========================================
new:  steps log generated by v++ for new launch 
timestamp: 22 Sep 2026 19:55:29

------------------------------------------
V++ command line :
------------------------------------------
C:/AMDDesignTools/2026.1/Vitis/bin/unwrapped/win64.o/v++.exe -c --mode hls --config C:\F.A.L.C.O.N\Vitis_WS\Sobel_Filter_IP\hls_config.cfg --work_dir Sobel_Filter_IP 
  Options from -O    : 
  Options from *.ini : 
  Options from Hw Platform : 

==========================================
new:  steps log generated by v++ for new launch 
timestamp: 22 Sep 2026 20:06:53

------------------------------------------
VITIS-RUN command line :
------------------------------------------
C:/AMDDesignTools/2026.1/Vitis/bin/unwrapped/win64.o/vitis-run.exe --mode hls --package --config C:\F.A.L.C.O.N\Vitis_WS\Sobel_Filter_IP\hls_config.cfg --work_dir Sobel_Filter_IP 
  Options from -O    : 
  Options from *.ini : 
  Options from Hw Platform : 

==========================================
new:  steps log generated by v++ for new launch 
timestamp: 22 Sep 2026 20:07:58

------------------------------------------
VITIS-RUN command line :
------------------------------------------
C:/AMDDesignTools/2026.1/Vitis/bin/unwrapped/win64.o/vitis-run.exe --mode hls --impl --config C:\F.A.L.C.O.N\Vitis_WS\Sobel_Filter_IP\hls_config.cfg --work_dir Sobel_Filter_IP 
  Options from -O    : 
  Options from *.ini : 
  Options from Hw Platform : 

==========================================
new:  steps log generated by v++ for new launch 
timestamp: 22 Sep 2026 20:08:35
