
*** Running vivado
    with args -log bd_0_hls_inst_0.vds -m64 -product Vivado -mode batch -messageDb vivado.pb -notrace -source bd_0_hls_inst_0.tcl


INFO: [Common 17-3922] A valid Vivado Design Suite BASIC license has been detected. Your current license is active and will expire on 22-aug-2027.
#-----------------------------------------------------------
# Vivado v2026.1 (64-bit)
# SW Build 6511674 on Tue Jun 16 11:02:23 MDT 2026
# IP Build 6504888 on Tue Jun 09 09:05:25 MDT 2026
# SharedData Build 6501428 on Mon Jun 08 17:34:18 MDT 2026
# Start of session at: Tue Sep  8 00:00:50 2026
# Process ID         : 26664
# Current directory  : C:/Vitis_WS/Vector_Mult_IP/Vector_Mult_IP/hls/impl/verilog/project.runs/bd_0_hls_inst_0_synth_1
# Command line       : vivado.exe -log bd_0_hls_inst_0.vds -product Vivado -mode batch -messageDb vivado.pb -notrace -source bd_0_hls_inst_0.tcl
# Log file           : C:/Vitis_WS/Vector_Mult_IP/Vector_Mult_IP/hls/impl/verilog/project.runs/bd_0_hls_inst_0_synth_1/bd_0_hls_inst_0.vds
# Journal file       : C:/Vitis_WS/Vector_Mult_IP/Vector_Mult_IP/hls/impl/verilog/project.runs/bd_0_hls_inst_0_synth_1\vivado.jou
# Running On         : DESKTOP-55UAODO
# Platform           : Windows 11
# Operating System   : 26200
# Processor Detail   : 13th Gen Intel(R) Core(TM) i5-13450HX
# CPU Frequency      : 2611 MHz
# CPU Physical cores : 10
# CPU Logical cores  : 16
# Host memory        : 16849 MB
# Swap memory        : 23903 MB
# Total Virtual      : 40752 MB
# Available Virtual  : 11100 MB
#-----------------------------------------------------------

****** Vivado v2026.1 (64-bit)
  **** SW Build 6511674 on Tue Jun 16 11:02:23 MDT 2026
  **** IP Build 6504888 on Tue Jun 09 09:05:25 MDT 2026
  **** SharedData Build 6501428 on Mon Jun 08 17:34:18 MDT 2026
  **** Start of session at: Tue Sep  8 00:00:50 2026
    ** Copyright 1986-2022 Xilinx, Inc. All Rights Reserved.
    ** Copyright 2022-2026 Advanced Micro Devices, Inc. All Rights Reserved.

source bd_0_hls_inst_0.tcl -notrace
INFO: Dispatch client connection id - 55374
create_project: Time (s): cpu = 00:00:16 ; elapsed = 00:00:13 . Memory (MB): peak = 583.102 ; gain = 266.215
INFO: [IP_Flow 19-234] Refreshing IP repositories
INFO: [IP_Flow 19-1700] Loaded user IP repository 'c:/Vitis_WS/Vector_Mult_IP/Vector_Mult_IP/hls/impl/ip'.
INFO: [IP_Flow 19-2313] Loaded Vivado IP repository 'C:/AMDDesignTools/2026.1/Vivado/data/ip'.
Command: synth_design -top bd_0_hls_inst_0 -part xc7z020clg400-1 -directive sdx_optimization_effort_high -incremental_mode off -mode out_of_context
INFO: [Vivado_Tcl 97-128] Directive used for synth_design is: sdx_optimization_effort_high
Starting synth_design
Attempting to get a license for feature 'Vivado_Synthesis' and/or device 'xc7z020'
INFO: [Common 17-349] Got license for feature 'Vivado_Synthesis' and/or device 'xc7z020'
INFO: [Device 21-403] Loading part xc7z020clg400-1
INFO: [Designutils 20-5008] Incremental synthesis strategy off
INFO: [Synth 8-7079] Multithreading enabled for synth_design using a maximum of 2 processes.
INFO: [Synth 8-7078] Launching helper process for spawning children vivado processes
INFO: [Synth 8-7075] Helper process launched with PID 27540
---------------------------------------------------------------------------------
Starting RTL Elaboration : Time (s): cpu = 00:00:08 ; elapsed = 00:00:10 . Memory (MB): peak = 1397.109 ; gain = 577.539
---------------------------------------------------------------------------------
INFO: [Synth 8-6157] synthesizing module 'bd_0_hls_inst_0' [c:/Vitis_WS/Vector_Mult_IP/Vector_Mult_IP/hls/impl/verilog/project.gen/sources_1/bd/bd_0/ip/bd_0_hls_inst_0/synth/bd_0_hls_inst_0.v:53]
INFO: [Synth 8-6157] synthesizing module 'vector_mult' [c:/Vitis_WS/Vector_Mult_IP/Vector_Mult_IP/hls/impl/verilog/project.gen/sources_1/bd/bd_0/ipshared/ead6/hdl/verilog/vector_mult.v:9]
INFO: [Synth 8-6157] synthesizing module 'vector_mult_control_s_axi' [c:/Vitis_WS/Vector_Mult_IP/Vector_Mult_IP/hls/impl/verilog/project.gen/sources_1/bd/bd_0/ipshared/ead6/hdl/verilog/vector_mult_control_s_axi.v:9]
INFO: [Synth 8-155] case statement is not full and has no default [c:/Vitis_WS/Vector_Mult_IP/Vector_Mult_IP/hls/impl/verilog/project.gen/sources_1/bd/bd_0/ipshared/ead6/hdl/verilog/vector_mult_control_s_axi.v:234]
INFO: [Synth 8-6155] done synthesizing module 'vector_mult_control_s_axi' (0#1) [c:/Vitis_WS/Vector_Mult_IP/Vector_Mult_IP/hls/impl/verilog/project.gen/sources_1/bd/bd_0/ipshared/ead6/hdl/verilog/vector_mult_control_s_axi.v:9]
INFO: [Synth 8-6157] synthesizing module 'vector_mult_gmem_A_m_axi' [c:/Vitis_WS/Vector_Mult_IP/Vector_Mult_IP/hls/impl/verilog/project.gen/sources_1/bd/bd_0/ipshared/ead6/hdl/verilog/vector_mult_gmem_A_m_axi.v:9]
INFO: [Synth 8-6157] synthesizing module 'vector_mult_gmem_A_m_axi_load' [c:/Vitis_WS/Vector_Mult_IP/Vector_Mult_IP/hls/impl/verilog/project.gen/sources_1/bd/bd_0/ipshared/ead6/hdl/verilog/vector_mult_gmem_A_m_axi.v:284]
INFO: [Synth 8-6157] synthesizing module 'vector_mult_gmem_A_m_axi_fifo' [c:/Vitis_WS/Vector_Mult_IP/Vector_Mult_IP/hls/impl/verilog/project.gen/sources_1/bd/bd_0/ipshared/ead6/hdl/verilog/vector_mult_gmem_A_m_axi.v:2167]
INFO: [Synth 8-6157] synthesizing module 'vector_mult_gmem_A_m_axi_srl' [c:/Vitis_WS/Vector_Mult_IP/Vector_Mult_IP/hls/impl/verilog/project.gen/sources_1/bd/bd_0/ipshared/ead6/hdl/verilog/vector_mult_gmem_A_m_axi.v:2385]
INFO: [Synth 8-6155] done synthesizing module 'vector_mult_gmem_A_m_axi_srl' (0#1) [c:/Vitis_WS/Vector_Mult_IP/Vector_Mult_IP/hls/impl/verilog/project.gen/sources_1/bd/bd_0/ipshared/ead6/hdl/verilog/vector_mult_gmem_A_m_axi.v:2385]
INFO: [Synth 8-6155] done synthesizing module 'vector_mult_gmem_A_m_axi_fifo' (0#1) [c:/Vitis_WS/Vector_Mult_IP/Vector_Mult_IP/hls/impl/verilog/project.gen/sources_1/bd/bd_0/ipshared/ead6/hdl/verilog/vector_mult_gmem_A_m_axi.v:2167]
INFO: [Synth 8-6157] synthesizing module 'vector_mult_gmem_A_m_axi_fifo__parameterized0' [c:/Vitis_WS/Vector_Mult_IP/Vector_Mult_IP/hls/impl/verilog/project.gen/sources_1/bd/bd_0/ipshared/ead6/hdl/verilog/vector_mult_gmem_A_m_axi.v:2167]
INFO: [Synth 8-6157] synthesizing module 'vector_mult_gmem_A_m_axi_mem' [c:/Vitis_WS/Vector_Mult_IP/Vector_Mult_IP/hls/impl/verilog/project.gen/sources_1/bd/bd_0/ipshared/ead6/hdl/verilog/vector_mult_gmem_A_m_axi.v:2425]
INFO: [Synth 8-6155] done synthesizing module 'vector_mult_gmem_A_m_axi_mem' (0#1) [c:/Vitis_WS/Vector_Mult_IP/Vector_Mult_IP/hls/impl/verilog/project.gen/sources_1/bd/bd_0/ipshared/ead6/hdl/verilog/vector_mult_gmem_A_m_axi.v:2425]
INFO: [Synth 8-6155] done synthesizing module 'vector_mult_gmem_A_m_axi_fifo__parameterized0' (0#1) [c:/Vitis_WS/Vector_Mult_IP/Vector_Mult_IP/hls/impl/verilog/project.gen/sources_1/bd/bd_0/ipshared/ead6/hdl/verilog/vector_mult_gmem_A_m_axi.v:2167]
INFO: [Synth 8-6155] done synthesizing module 'vector_mult_gmem_A_m_axi_load' (0#1) [c:/Vitis_WS/Vector_Mult_IP/Vector_Mult_IP/hls/impl/verilog/project.gen/sources_1/bd/bd_0/ipshared/ead6/hdl/verilog/vector_mult_gmem_A_m_axi.v:284]
INFO: [Synth 8-6157] synthesizing module 'vector_mult_gmem_A_m_axi_read' [c:/Vitis_WS/Vector_Mult_IP/Vector_Mult_IP/hls/impl/verilog/project.gen/sources_1/bd/bd_0/ipshared/ead6/hdl/verilog/vector_mult_gmem_A_m_axi.v:797]
INFO: [Synth 8-6157] synthesizing module 'vector_mult_gmem_A_m_axi_fifo__parameterized1' [c:/Vitis_WS/Vector_Mult_IP/Vector_Mult_IP/hls/impl/verilog/project.gen/sources_1/bd/bd_0/ipshared/ead6/hdl/verilog/vector_mult_gmem_A_m_axi.v:2167]
INFO: [Synth 8-6157] synthesizing module 'vector_mult_gmem_A_m_axi_srl__parameterized0' [c:/Vitis_WS/Vector_Mult_IP/Vector_Mult_IP/hls/impl/verilog/project.gen/sources_1/bd/bd_0/ipshared/ead6/hdl/verilog/vector_mult_gmem_A_m_axi.v:2385]
INFO: [Synth 8-6155] done synthesizing module 'vector_mult_gmem_A_m_axi_srl__parameterized0' (0#1) [c:/Vitis_WS/Vector_Mult_IP/Vector_Mult_IP/hls/impl/verilog/project.gen/sources_1/bd/bd_0/ipshared/ead6/hdl/verilog/vector_mult_gmem_A_m_axi.v:2385]
INFO: [Synth 8-6155] done synthesizing module 'vector_mult_gmem_A_m_axi_fifo__parameterized1' (0#1) [c:/Vitis_WS/Vector_Mult_IP/Vector_Mult_IP/hls/impl/verilog/project.gen/sources_1/bd/bd_0/ipshared/ead6/hdl/verilog/vector_mult_gmem_A_m_axi.v:2167]
INFO: [Synth 8-6157] synthesizing module 'vector_mult_gmem_A_m_axi_burst_converter' [c:/Vitis_WS/Vector_Mult_IP/Vector_Mult_IP/hls/impl/verilog/project.gen/sources_1/bd/bd_0/ipshared/ead6/hdl/verilog/vector_mult_gmem_A_m_axi.v:1051]
INFO: [Synth 8-6157] synthesizing module 'vector_mult_gmem_A_m_axi_burst_sequential' [c:/Vitis_WS/Vector_Mult_IP/Vector_Mult_IP/hls/impl/verilog/project.gen/sources_1/bd/bd_0/ipshared/ead6/hdl/verilog/vector_mult_gmem_A_m_axi.v:1663]
INFO: [Synth 8-6157] synthesizing module 'vector_mult_gmem_A_m_axi_reg_slice' [c:/Vitis_WS/Vector_Mult_IP/Vector_Mult_IP/hls/impl/verilog/project.gen/sources_1/bd/bd_0/ipshared/ead6/hdl/verilog/vector_mult_gmem_A_m_axi.v:2063]
INFO: [Synth 8-6155] done synthesizing module 'vector_mult_gmem_A_m_axi_reg_slice' (0#1) [c:/Vitis_WS/Vector_Mult_IP/Vector_Mult_IP/hls/impl/verilog/project.gen/sources_1/bd/bd_0/ipshared/ead6/hdl/verilog/vector_mult_gmem_A_m_axi.v:2063]
INFO: [Synth 8-6155] done synthesizing module 'vector_mult_gmem_A_m_axi_burst_sequential' (0#1) [c:/Vitis_WS/Vector_Mult_IP/Vector_Mult_IP/hls/impl/verilog/project.gen/sources_1/bd/bd_0/ipshared/ead6/hdl/verilog/vector_mult_gmem_A_m_axi.v:1663]
INFO: [Synth 8-6155] done synthesizing module 'vector_mult_gmem_A_m_axi_burst_converter' (0#1) [c:/Vitis_WS/Vector_Mult_IP/Vector_Mult_IP/hls/impl/verilog/project.gen/sources_1/bd/bd_0/ipshared/ead6/hdl/verilog/vector_mult_gmem_A_m_axi.v:1051]
INFO: [Synth 8-6157] synthesizing module 'vector_mult_gmem_A_m_axi_reg_slice__parameterized0' [c:/Vitis_WS/Vector_Mult_IP/Vector_Mult_IP/hls/impl/verilog/project.gen/sources_1/bd/bd_0/ipshared/ead6/hdl/verilog/vector_mult_gmem_A_m_axi.v:2063]
INFO: [Synth 8-6155] done synthesizing module 'vector_mult_gmem_A_m_axi_reg_slice__parameterized0' (0#1) [c:/Vitis_WS/Vector_Mult_IP/Vector_Mult_IP/hls/impl/verilog/project.gen/sources_1/bd/bd_0/ipshared/ead6/hdl/verilog/vector_mult_gmem_A_m_axi.v:2063]
INFO: [Synth 8-6155] done synthesizing module 'vector_mult_gmem_A_m_axi_read' (0#1) [c:/Vitis_WS/Vector_Mult_IP/Vector_Mult_IP/hls/impl/verilog/project.gen/sources_1/bd/bd_0/ipshared/ead6/hdl/verilog/vector_mult_gmem_A_m_axi.v:797]
INFO: [Synth 8-6155] done synthesizing module 'vector_mult_gmem_A_m_axi' (0#1) [c:/Vitis_WS/Vector_Mult_IP/Vector_Mult_IP/hls/impl/verilog/project.gen/sources_1/bd/bd_0/ipshared/ead6/hdl/verilog/vector_mult_gmem_A_m_axi.v:9]
INFO: [Synth 8-6157] synthesizing module 'vector_mult_gmem_B_m_axi' [c:/Vitis_WS/Vector_Mult_IP/Vector_Mult_IP/hls/impl/verilog/project.gen/sources_1/bd/bd_0/ipshared/ead6/hdl/verilog/vector_mult_gmem_B_m_axi.v:9]
INFO: [Synth 8-6157] synthesizing module 'vector_mult_gmem_B_m_axi_load' [c:/Vitis_WS/Vector_Mult_IP/Vector_Mult_IP/hls/impl/verilog/project.gen/sources_1/bd/bd_0/ipshared/ead6/hdl/verilog/vector_mult_gmem_B_m_axi.v:284]
INFO: [Synth 8-6157] synthesizing module 'vector_mult_gmem_B_m_axi_fifo' [c:/Vitis_WS/Vector_Mult_IP/Vector_Mult_IP/hls/impl/verilog/project.gen/sources_1/bd/bd_0/ipshared/ead6/hdl/verilog/vector_mult_gmem_B_m_axi.v:2167]
INFO: [Synth 8-6157] synthesizing module 'vector_mult_gmem_B_m_axi_srl' [c:/Vitis_WS/Vector_Mult_IP/Vector_Mult_IP/hls/impl/verilog/project.gen/sources_1/bd/bd_0/ipshared/ead6/hdl/verilog/vector_mult_gmem_B_m_axi.v:2385]
INFO: [Synth 8-6155] done synthesizing module 'vector_mult_gmem_B_m_axi_srl' (0#1) [c:/Vitis_WS/Vector_Mult_IP/Vector_Mult_IP/hls/impl/verilog/project.gen/sources_1/bd/bd_0/ipshared/ead6/hdl/verilog/vector_mult_gmem_B_m_axi.v:2385]
INFO: [Synth 8-6155] done synthesizing module 'vector_mult_gmem_B_m_axi_fifo' (0#1) [c:/Vitis_WS/Vector_Mult_IP/Vector_Mult_IP/hls/impl/verilog/project.gen/sources_1/bd/bd_0/ipshared/ead6/hdl/verilog/vector_mult_gmem_B_m_axi.v:2167]
INFO: [Synth 8-6157] synthesizing module 'vector_mult_gmem_B_m_axi_fifo__parameterized0' [c:/Vitis_WS/Vector_Mult_IP/Vector_Mult_IP/hls/impl/verilog/project.gen/sources_1/bd/bd_0/ipshared/ead6/hdl/verilog/vector_mult_gmem_B_m_axi.v:2167]
INFO: [Synth 8-6157] synthesizing module 'vector_mult_gmem_B_m_axi_mem' [c:/Vitis_WS/Vector_Mult_IP/Vector_Mult_IP/hls/impl/verilog/project.gen/sources_1/bd/bd_0/ipshared/ead6/hdl/verilog/vector_mult_gmem_B_m_axi.v:2425]
INFO: [Synth 8-6155] done synthesizing module 'vector_mult_gmem_B_m_axi_mem' (0#1) [c:/Vitis_WS/Vector_Mult_IP/Vector_Mult_IP/hls/impl/verilog/project.gen/sources_1/bd/bd_0/ipshared/ead6/hdl/verilog/vector_mult_gmem_B_m_axi.v:2425]
INFO: [Synth 8-6155] done synthesizing module 'vector_mult_gmem_B_m_axi_fifo__parameterized0' (0#1) [c:/Vitis_WS/Vector_Mult_IP/Vector_Mult_IP/hls/impl/verilog/project.gen/sources_1/bd/bd_0/ipshared/ead6/hdl/verilog/vector_mult_gmem_B_m_axi.v:2167]
INFO: [Synth 8-6155] done synthesizing module 'vector_mult_gmem_B_m_axi_load' (0#1) [c:/Vitis_WS/Vector_Mult_IP/Vector_Mult_IP/hls/impl/verilog/project.gen/sources_1/bd/bd_0/ipshared/ead6/hdl/verilog/vector_mult_gmem_B_m_axi.v:284]
INFO: [Synth 8-6157] synthesizing module 'vector_mult_gmem_B_m_axi_read' [c:/Vitis_WS/Vector_Mult_IP/Vector_Mult_IP/hls/impl/verilog/project.gen/sources_1/bd/bd_0/ipshared/ead6/hdl/verilog/vector_mult_gmem_B_m_axi.v:797]
INFO: [Synth 8-6157] synthesizing module 'vector_mult_gmem_B_m_axi_fifo__parameterized1' [c:/Vitis_WS/Vector_Mult_IP/Vector_Mult_IP/hls/impl/verilog/project.gen/sources_1/bd/bd_0/ipshared/ead6/hdl/verilog/vector_mult_gmem_B_m_axi.v:2167]
INFO: [Synth 8-6157] synthesizing module 'vector_mult_gmem_B_m_axi_srl__parameterized0' [c:/Vitis_WS/Vector_Mult_IP/Vector_Mult_IP/hls/impl/verilog/project.gen/sources_1/bd/bd_0/ipshared/ead6/hdl/verilog/vector_mult_gmem_B_m_axi.v:2385]
INFO: [Synth 8-6155] done synthesizing module 'vector_mult_gmem_B_m_axi_srl__parameterized0' (0#1) [c:/Vitis_WS/Vector_Mult_IP/Vector_Mult_IP/hls/impl/verilog/project.gen/sources_1/bd/bd_0/ipshared/ead6/hdl/verilog/vector_mult_gmem_B_m_axi.v:2385]
INFO: [Synth 8-6155] done synthesizing module 'vector_mult_gmem_B_m_axi_fifo__parameterized1' (0#1) [c:/Vitis_WS/Vector_Mult_IP/Vector_Mult_IP/hls/impl/verilog/project.gen/sources_1/bd/bd_0/ipshared/ead6/hdl/verilog/vector_mult_gmem_B_m_axi.v:2167]
INFO: [Synth 8-6157] synthesizing module 'vector_mult_gmem_B_m_axi_burst_converter' [c:/Vitis_WS/Vector_Mult_IP/Vector_Mult_IP/hls/impl/verilog/project.gen/sources_1/bd/bd_0/ipshared/ead6/hdl/verilog/vector_mult_gmem_B_m_axi.v:1051]
INFO: [Synth 8-6157] synthesizing module 'vector_mult_gmem_B_m_axi_burst_sequential' [c:/Vitis_WS/Vector_Mult_IP/Vector_Mult_IP/hls/impl/verilog/project.gen/sources_1/bd/bd_0/ipshared/ead6/hdl/verilog/vector_mult_gmem_B_m_axi.v:1663]
INFO: [Synth 8-6157] synthesizing module 'vector_mult_gmem_B_m_axi_reg_slice' [c:/Vitis_WS/Vector_Mult_IP/Vector_Mult_IP/hls/impl/verilog/project.gen/sources_1/bd/bd_0/ipshared/ead6/hdl/verilog/vector_mult_gmem_B_m_axi.v:2063]
INFO: [Synth 8-6155] done synthesizing module 'vector_mult_gmem_B_m_axi_reg_slice' (0#1) [c:/Vitis_WS/Vector_Mult_IP/Vector_Mult_IP/hls/impl/verilog/project.gen/sources_1/bd/bd_0/ipshared/ead6/hdl/verilog/vector_mult_gmem_B_m_axi.v:2063]
INFO: [Synth 8-6155] done synthesizing module 'vector_mult_gmem_B_m_axi_burst_sequential' (0#1) [c:/Vitis_WS/Vector_Mult_IP/Vector_Mult_IP/hls/impl/verilog/project.gen/sources_1/bd/bd_0/ipshared/ead6/hdl/verilog/vector_mult_gmem_B_m_axi.v:1663]
INFO: [Synth 8-6155] done synthesizing module 'vector_mult_gmem_B_m_axi_burst_converter' (0#1) [c:/Vitis_WS/Vector_Mult_IP/Vector_Mult_IP/hls/impl/verilog/project.gen/sources_1/bd/bd_0/ipshared/ead6/hdl/verilog/vector_mult_gmem_B_m_axi.v:1051]
INFO: [Synth 8-6157] synthesizing module 'vector_mult_gmem_B_m_axi_reg_slice__parameterized0' [c:/Vitis_WS/Vector_Mult_IP/Vector_Mult_IP/hls/impl/verilog/project.gen/sources_1/bd/bd_0/ipshared/ead6/hdl/verilog/vector_mult_gmem_B_m_axi.v:2063]
INFO: [Synth 8-6155] done synthesizing module 'vector_mult_gmem_B_m_axi_reg_slice__parameterized0' (0#1) [c:/Vitis_WS/Vector_Mult_IP/Vector_Mult_IP/hls/impl/verilog/project.gen/sources_1/bd/bd_0/ipshared/ead6/hdl/verilog/vector_mult_gmem_B_m_axi.v:2063]
INFO: [Synth 8-6155] done synthesizing module 'vector_mult_gmem_B_m_axi_read' (0#1) [c:/Vitis_WS/Vector_Mult_IP/Vector_Mult_IP/hls/impl/verilog/project.gen/sources_1/bd/bd_0/ipshared/ead6/hdl/verilog/vector_mult_gmem_B_m_axi.v:797]
INFO: [Synth 8-6155] done synthesizing module 'vector_mult_gmem_B_m_axi' (0#1) [c:/Vitis_WS/Vector_Mult_IP/Vector_Mult_IP/hls/impl/verilog/project.gen/sources_1/bd/bd_0/ipshared/ead6/hdl/verilog/vector_mult_gmem_B_m_axi.v:9]
INFO: [Synth 8-6157] synthesizing module 'vector_mult_gmem_C_m_axi' [c:/Vitis_WS/Vector_Mult_IP/Vector_Mult_IP/hls/impl/verilog/project.gen/sources_1/bd/bd_0/ipshared/ead6/hdl/verilog/vector_mult_gmem_C_m_axi.v:9]
INFO: [Synth 8-6157] synthesizing module 'vector_mult_gmem_C_m_axi_store' [c:/Vitis_WS/Vector_Mult_IP/Vector_Mult_IP/hls/impl/verilog/project.gen/sources_1/bd/bd_0/ipshared/ead6/hdl/verilog/vector_mult_gmem_C_m_axi.v:318]
INFO: [Synth 8-6157] synthesizing module 'vector_mult_gmem_C_m_axi_fifo' [c:/Vitis_WS/Vector_Mult_IP/Vector_Mult_IP/hls/impl/verilog/project.gen/sources_1/bd/bd_0/ipshared/ead6/hdl/verilog/vector_mult_gmem_C_m_axi.v:2814]
INFO: [Synth 8-6157] synthesizing module 'vector_mult_gmem_C_m_axi_mem' [c:/Vitis_WS/Vector_Mult_IP/Vector_Mult_IP/hls/impl/verilog/project.gen/sources_1/bd/bd_0/ipshared/ead6/hdl/verilog/vector_mult_gmem_C_m_axi.v:3072]
INFO: [Synth 8-6155] done synthesizing module 'vector_mult_gmem_C_m_axi_mem' (0#1) [c:/Vitis_WS/Vector_Mult_IP/Vector_Mult_IP/hls/impl/verilog/project.gen/sources_1/bd/bd_0/ipshared/ead6/hdl/verilog/vector_mult_gmem_C_m_axi.v:3072]
INFO: [Synth 8-6155] done synthesizing module 'vector_mult_gmem_C_m_axi_fifo' (0#1) [c:/Vitis_WS/Vector_Mult_IP/Vector_Mult_IP/hls/impl/verilog/project.gen/sources_1/bd/bd_0/ipshared/ead6/hdl/verilog/vector_mult_gmem_C_m_axi.v:2814]
INFO: [Synth 8-6157] synthesizing module 'vector_mult_gmem_C_m_axi_fifo__parameterized0' [c:/Vitis_WS/Vector_Mult_IP/Vector_Mult_IP/hls/impl/verilog/project.gen/sources_1/bd/bd_0/ipshared/ead6/hdl/verilog/vector_mult_gmem_C_m_axi.v:2814]
INFO: [Synth 8-6157] synthesizing module 'vector_mult_gmem_C_m_axi_srl' [c:/Vitis_WS/Vector_Mult_IP/Vector_Mult_IP/hls/impl/verilog/project.gen/sources_1/bd/bd_0/ipshared/ead6/hdl/verilog/vector_mult_gmem_C_m_axi.v:3032]
INFO: [Synth 8-6155] done synthesizing module 'vector_mult_gmem_C_m_axi_srl' (0#1) [c:/Vitis_WS/Vector_Mult_IP/Vector_Mult_IP/hls/impl/verilog/project.gen/sources_1/bd/bd_0/ipshared/ead6/hdl/verilog/vector_mult_gmem_C_m_axi.v:3032]
INFO: [Synth 8-6155] done synthesizing module 'vector_mult_gmem_C_m_axi_fifo__parameterized0' (0#1) [c:/Vitis_WS/Vector_Mult_IP/Vector_Mult_IP/hls/impl/verilog/project.gen/sources_1/bd/bd_0/ipshared/ead6/hdl/verilog/vector_mult_gmem_C_m_axi.v:2814]
INFO: [Synth 8-6157] synthesizing module 'vector_mult_gmem_C_m_axi_fifo__parameterized1' [c:/Vitis_WS/Vector_Mult_IP/Vector_Mult_IP/hls/impl/verilog/project.gen/sources_1/bd/bd_0/ipshared/ead6/hdl/verilog/vector_mult_gmem_C_m_axi.v:2814]
INFO: [Synth 8-6157] synthesizing module 'vector_mult_gmem_C_m_axi_srl__parameterized0' [c:/Vitis_WS/Vector_Mult_IP/Vector_Mult_IP/hls/impl/verilog/project.gen/sources_1/bd/bd_0/ipshared/ead6/hdl/verilog/vector_mult_gmem_C_m_axi.v:3032]
INFO: [Synth 8-6155] done synthesizing module 'vector_mult_gmem_C_m_axi_srl__parameterized0' (0#1) [c:/Vitis_WS/Vector_Mult_IP/Vector_Mult_IP/hls/impl/verilog/project.gen/sources_1/bd/bd_0/ipshared/ead6/hdl/verilog/vector_mult_gmem_C_m_axi.v:3032]
INFO: [Synth 8-6155] done synthesizing module 'vector_mult_gmem_C_m_axi_fifo__parameterized1' (0#1) [c:/Vitis_WS/Vector_Mult_IP/Vector_Mult_IP/hls/impl/verilog/project.gen/sources_1/bd/bd_0/ipshared/ead6/hdl/verilog/vector_mult_gmem_C_m_axi.v:2814]
INFO: [Synth 8-6157] synthesizing module 'vector_mult_gmem_C_m_axi_fifo__parameterized2' [c:/Vitis_WS/Vector_Mult_IP/Vector_Mult_IP/hls/impl/verilog/project.gen/sources_1/bd/bd_0/ipshared/ead6/hdl/verilog/vector_mult_gmem_C_m_axi.v:2814]
INFO: [Synth 8-6157] synthesizing module 'vector_mult_gmem_C_m_axi_mem__parameterized0' [c:/Vitis_WS/Vector_Mult_IP/Vector_Mult_IP/hls/impl/verilog/project.gen/sources_1/bd/bd_0/ipshared/ead6/hdl/verilog/vector_mult_gmem_C_m_axi.v:3072]
INFO: [Synth 8-6155] done synthesizing module 'vector_mult_gmem_C_m_axi_mem__parameterized0' (0#1) [c:/Vitis_WS/Vector_Mult_IP/Vector_Mult_IP/hls/impl/verilog/project.gen/sources_1/bd/bd_0/ipshared/ead6/hdl/verilog/vector_mult_gmem_C_m_axi.v:3072]
INFO: [Synth 8-6155] done synthesizing module 'vector_mult_gmem_C_m_axi_fifo__parameterized2' (0#1) [c:/Vitis_WS/Vector_Mult_IP/Vector_Mult_IP/hls/impl/verilog/project.gen/sources_1/bd/bd_0/ipshared/ead6/hdl/verilog/vector_mult_gmem_C_m_axi.v:2814]
INFO: [Synth 8-6157] synthesizing module 'vector_mult_gmem_C_m_axi_fifo__parameterized3' [c:/Vitis_WS/Vector_Mult_IP/Vector_Mult_IP/hls/impl/verilog/project.gen/sources_1/bd/bd_0/ipshared/ead6/hdl/verilog/vector_mult_gmem_C_m_axi.v:2814]
INFO: [Synth 8-6157] synthesizing module 'vector_mult_gmem_C_m_axi_mem__parameterized1' [c:/Vitis_WS/Vector_Mult_IP/Vector_Mult_IP/hls/impl/verilog/project.gen/sources_1/bd/bd_0/ipshared/ead6/hdl/verilog/vector_mult_gmem_C_m_axi.v:3072]
INFO: [Synth 8-6155] done synthesizing module 'vector_mult_gmem_C_m_axi_mem__parameterized1' (0#1) [c:/Vitis_WS/Vector_Mult_IP/Vector_Mult_IP/hls/impl/verilog/project.gen/sources_1/bd/bd_0/ipshared/ead6/hdl/verilog/vector_mult_gmem_C_m_axi.v:3072]
INFO: [Synth 8-6155] done synthesizing module 'vector_mult_gmem_C_m_axi_fifo__parameterized3' (0#1) [c:/Vitis_WS/Vector_Mult_IP/Vector_Mult_IP/hls/impl/verilog/project.gen/sources_1/bd/bd_0/ipshared/ead6/hdl/verilog/vector_mult_gmem_C_m_axi.v:2814]
INFO: [Synth 8-6155] done synthesizing module 'vector_mult_gmem_C_m_axi_store' (0#1) [c:/Vitis_WS/Vector_Mult_IP/Vector_Mult_IP/hls/impl/verilog/project.gen/sources_1/bd/bd_0/ipshared/ead6/hdl/verilog/vector_mult_gmem_C_m_axi.v:318]
INFO: [Synth 8-6157] synthesizing module 'vector_mult_gmem_C_m_axi_write' [c:/Vitis_WS/Vector_Mult_IP/Vector_Mult_IP/hls/impl/verilog/project.gen/sources_1/bd/bd_0/ipshared/ead6/hdl/verilog/vector_mult_gmem_C_m_axi.v:1136]
INFO: [Synth 8-6157] synthesizing module 'vector_mult_gmem_C_m_axi_fifo__parameterized4' [c:/Vitis_WS/Vector_Mult_IP/Vector_Mult_IP/hls/impl/verilog/project.gen/sources_1/bd/bd_0/ipshared/ead6/hdl/verilog/vector_mult_gmem_C_m_axi.v:2814]
INFO: [Synth 8-6157] synthesizing module 'vector_mult_gmem_C_m_axi_srl__parameterized1' [c:/Vitis_WS/Vector_Mult_IP/Vector_Mult_IP/hls/impl/verilog/project.gen/sources_1/bd/bd_0/ipshared/ead6/hdl/verilog/vector_mult_gmem_C_m_axi.v:3032]
INFO: [Synth 8-6155] done synthesizing module 'vector_mult_gmem_C_m_axi_srl__parameterized1' (0#1) [c:/Vitis_WS/Vector_Mult_IP/Vector_Mult_IP/hls/impl/verilog/project.gen/sources_1/bd/bd_0/ipshared/ead6/hdl/verilog/vector_mult_gmem_C_m_axi.v:3032]
INFO: [Synth 8-6155] done synthesizing module 'vector_mult_gmem_C_m_axi_fifo__parameterized4' (0#1) [c:/Vitis_WS/Vector_Mult_IP/Vector_Mult_IP/hls/impl/verilog/project.gen/sources_1/bd/bd_0/ipshared/ead6/hdl/verilog/vector_mult_gmem_C_m_axi.v:2814]
INFO: [Synth 8-6157] synthesizing module 'vector_mult_gmem_C_m_axi_burst_converter' [c:/Vitis_WS/Vector_Mult_IP/Vector_Mult_IP/hls/impl/verilog/project.gen/sources_1/bd/bd_0/ipshared/ead6/hdl/verilog/vector_mult_gmem_C_m_axi.v:1431]
INFO: [Synth 8-6157] synthesizing module 'vector_mult_gmem_C_m_axi_burst_sequential' [c:/Vitis_WS/Vector_Mult_IP/Vector_Mult_IP/hls/impl/verilog/project.gen/sources_1/bd/bd_0/ipshared/ead6/hdl/verilog/vector_mult_gmem_C_m_axi.v:2043]
INFO: [Synth 8-6157] synthesizing module 'vector_mult_gmem_C_m_axi_reg_slice' [c:/Vitis_WS/Vector_Mult_IP/Vector_Mult_IP/hls/impl/verilog/project.gen/sources_1/bd/bd_0/ipshared/ead6/hdl/verilog/vector_mult_gmem_C_m_axi.v:2710]
INFO: [Synth 8-6155] done synthesizing module 'vector_mult_gmem_C_m_axi_reg_slice' (0#1) [c:/Vitis_WS/Vector_Mult_IP/Vector_Mult_IP/hls/impl/verilog/project.gen/sources_1/bd/bd_0/ipshared/ead6/hdl/verilog/vector_mult_gmem_C_m_axi.v:2710]
INFO: [Synth 8-6155] done synthesizing module 'vector_mult_gmem_C_m_axi_burst_sequential' (0#1) [c:/Vitis_WS/Vector_Mult_IP/Vector_Mult_IP/hls/impl/verilog/project.gen/sources_1/bd/bd_0/ipshared/ead6/hdl/verilog/vector_mult_gmem_C_m_axi.v:2043]
INFO: [Synth 8-6155] done synthesizing module 'vector_mult_gmem_C_m_axi_burst_converter' (0#1) [c:/Vitis_WS/Vector_Mult_IP/Vector_Mult_IP/hls/impl/verilog/project.gen/sources_1/bd/bd_0/ipshared/ead6/hdl/verilog/vector_mult_gmem_C_m_axi.v:1431]
INFO: [Synth 8-6157] synthesizing module 'vector_mult_gmem_C_m_axi_throttle' [c:/Vitis_WS/Vector_Mult_IP/Vector_Mult_IP/hls/impl/verilog/project.gen/sources_1/bd/bd_0/ipshared/ead6/hdl/verilog/vector_mult_gmem_C_m_axi.v:2441]
INFO: [Synth 8-6157] synthesizing module 'vector_mult_gmem_C_m_axi_fifo__parameterized5' [c:/Vitis_WS/Vector_Mult_IP/Vector_Mult_IP/hls/impl/verilog/project.gen/sources_1/bd/bd_0/ipshared/ead6/hdl/verilog/vector_mult_gmem_C_m_axi.v:2814]
INFO: [Synth 8-6157] synthesizing module 'vector_mult_gmem_C_m_axi_srl__parameterized2' [c:/Vitis_WS/Vector_Mult_IP/Vector_Mult_IP/hls/impl/verilog/project.gen/sources_1/bd/bd_0/ipshared/ead6/hdl/verilog/vector_mult_gmem_C_m_axi.v:3032]
INFO: [Synth 8-6155] done synthesizing module 'vector_mult_gmem_C_m_axi_srl__parameterized2' (0#1) [c:/Vitis_WS/Vector_Mult_IP/Vector_Mult_IP/hls/impl/verilog/project.gen/sources_1/bd/bd_0/ipshared/ead6/hdl/verilog/vector_mult_gmem_C_m_axi.v:3032]
INFO: [Synth 8-6155] done synthesizing module 'vector_mult_gmem_C_m_axi_fifo__parameterized5' (0#1) [c:/Vitis_WS/Vector_Mult_IP/Vector_Mult_IP/hls/impl/verilog/project.gen/sources_1/bd/bd_0/ipshared/ead6/hdl/verilog/vector_mult_gmem_C_m_axi.v:2814]
INFO: [Synth 8-6157] synthesizing module 'vector_mult_gmem_C_m_axi_reg_slice__parameterized0' [c:/Vitis_WS/Vector_Mult_IP/Vector_Mult_IP/hls/impl/verilog/project.gen/sources_1/bd/bd_0/ipshared/ead6/hdl/verilog/vector_mult_gmem_C_m_axi.v:2710]
INFO: [Synth 8-6155] done synthesizing module 'vector_mult_gmem_C_m_axi_reg_slice__parameterized0' (0#1) [c:/Vitis_WS/Vector_Mult_IP/Vector_Mult_IP/hls/impl/verilog/project.gen/sources_1/bd/bd_0/ipshared/ead6/hdl/verilog/vector_mult_gmem_C_m_axi.v:2710]
INFO: [Synth 8-6157] synthesizing module 'vector_mult_gmem_C_m_axi_reg_slice__parameterized1' [c:/Vitis_WS/Vector_Mult_IP/Vector_Mult_IP/hls/impl/verilog/project.gen/sources_1/bd/bd_0/ipshared/ead6/hdl/verilog/vector_mult_gmem_C_m_axi.v:2710]
INFO: [Synth 8-6155] done synthesizing module 'vector_mult_gmem_C_m_axi_reg_slice__parameterized1' (0#1) [c:/Vitis_WS/Vector_Mult_IP/Vector_Mult_IP/hls/impl/verilog/project.gen/sources_1/bd/bd_0/ipshared/ead6/hdl/verilog/vector_mult_gmem_C_m_axi.v:2710]
INFO: [Synth 8-6155] done synthesizing module 'vector_mult_gmem_C_m_axi_throttle' (0#1) [c:/Vitis_WS/Vector_Mult_IP/Vector_Mult_IP/hls/impl/verilog/project.gen/sources_1/bd/bd_0/ipshared/ead6/hdl/verilog/vector_mult_gmem_C_m_axi.v:2441]
INFO: [Synth 8-6157] synthesizing module 'vector_mult_gmem_C_m_axi_reg_slice__parameterized2' [c:/Vitis_WS/Vector_Mult_IP/Vector_Mult_IP/hls/impl/verilog/project.gen/sources_1/bd/bd_0/ipshared/ead6/hdl/verilog/vector_mult_gmem_C_m_axi.v:2710]
INFO: [Synth 8-6155] done synthesizing module 'vector_mult_gmem_C_m_axi_reg_slice__parameterized2' (0#1) [c:/Vitis_WS/Vector_Mult_IP/Vector_Mult_IP/hls/impl/verilog/project.gen/sources_1/bd/bd_0/ipshared/ead6/hdl/verilog/vector_mult_gmem_C_m_axi.v:2710]
INFO: [Synth 8-6155] done synthesizing module 'vector_mult_gmem_C_m_axi_write' (0#1) [c:/Vitis_WS/Vector_Mult_IP/Vector_Mult_IP/hls/impl/verilog/project.gen/sources_1/bd/bd_0/ipshared/ead6/hdl/verilog/vector_mult_gmem_C_m_axi.v:1136]
INFO: [Synth 8-6155] done synthesizing module 'vector_mult_gmem_C_m_axi' (0#1) [c:/Vitis_WS/Vector_Mult_IP/Vector_Mult_IP/hls/impl/verilog/project.gen/sources_1/bd/bd_0/ipshared/ead6/hdl/verilog/vector_mult_gmem_C_m_axi.v:9]
INFO: [Synth 8-6157] synthesizing module 'vector_mult_mul_32s_32s_32_2_1' [c:/Vitis_WS/Vector_Mult_IP/Vector_Mult_IP/hls/impl/verilog/project.gen/sources_1/bd/bd_0/ipshared/ead6/hdl/verilog/vector_mult_mul_32s_32s_32_2_1.v:5]
INFO: [Synth 8-6155] done synthesizing module 'vector_mult_mul_32s_32s_32_2_1' (0#1) [c:/Vitis_WS/Vector_Mult_IP/Vector_Mult_IP/hls/impl/verilog/project.gen/sources_1/bd/bd_0/ipshared/ead6/hdl/verilog/vector_mult_mul_32s_32s_32_2_1.v:5]
INFO: [Synth 8-6157] synthesizing module 'vector_mult_flow_control_loop_pipe' [c:/Vitis_WS/Vector_Mult_IP/Vector_Mult_IP/hls/impl/verilog/project.gen/sources_1/bd/bd_0/ipshared/ead6/hdl/verilog/vector_mult_flow_control_loop_pipe.v:11]
INFO: [Synth 8-6155] done synthesizing module 'vector_mult_flow_control_loop_pipe' (0#1) [c:/Vitis_WS/Vector_Mult_IP/Vector_Mult_IP/hls/impl/verilog/project.gen/sources_1/bd/bd_0/ipshared/ead6/hdl/verilog/vector_mult_flow_control_loop_pipe.v:11]
INFO: [Synth 8-6155] done synthesizing module 'vector_mult' (0#1) [c:/Vitis_WS/Vector_Mult_IP/Vector_Mult_IP/hls/impl/verilog/project.gen/sources_1/bd/bd_0/ipshared/ead6/hdl/verilog/vector_mult.v:9]
INFO: [Synth 8-6155] done synthesizing module 'bd_0_hls_inst_0' (0#1) [c:/Vitis_WS/Vector_Mult_IP/Vector_Mult_IP/hls/impl/verilog/project.gen/sources_1/bd/bd_0/ip/bd_0_hls_inst_0/synth/bd_0_hls_inst_0.v:53]
INFO: [Synth 8-6014] Unused sequential element int_ap_done_reg was removed.  [c:/Vitis_WS/Vector_Mult_IP/Vector_Mult_IP/hls/impl/verilog/project.gen/sources_1/bd/bd_0/ipshared/ead6/hdl/verilog/vector_mult_control_s_axi.v:316]
INFO: [Synth 8-7129] Port ap_done_int in module vector_mult_flow_control_loop_pipe is either unconnected or has no load
INFO: [Synth 8-7129] Port reset in module vector_mult_mul_32s_32s_32_2_1 is either unconnected or has no load
INFO: [Synth 8-7129] Port in_BURST_AWLEN[7] in module vector_mult_gmem_C_m_axi_throttle is either unconnected or has no load
INFO: [Synth 8-7129] Port in_BURST_AWLEN[6] in module vector_mult_gmem_C_m_axi_throttle is either unconnected or has no load
INFO: [Synth 8-7129] Port in_BURST_AWLEN[5] in module vector_mult_gmem_C_m_axi_throttle is either unconnected or has no load
INFO: [Synth 8-7129] Port in_BURST_AWLEN[4] in module vector_mult_gmem_C_m_axi_throttle is either unconnected or has no load
INFO: [Synth 8-7129] Port in_BURST_AWLEN[3] in module vector_mult_gmem_C_m_axi_throttle is either unconnected or has no load
INFO: [Synth 8-7129] Port in_BURST_AWLEN[2] in module vector_mult_gmem_C_m_axi_throttle is either unconnected or has no load
INFO: [Synth 8-7129] Port in_BURST_AWLEN[1] in module vector_mult_gmem_C_m_axi_throttle is either unconnected or has no load
INFO: [Synth 8-7129] Port in_BURST_AWLEN[0] in module vector_mult_gmem_C_m_axi_throttle is either unconnected or has no load
INFO: [Synth 8-7129] Port in_BUS_BID[0] in module vector_mult_gmem_C_m_axi_write is either unconnected or has no load
INFO: [Synth 8-7129] Port in_BUS_BRESP[1] in module vector_mult_gmem_C_m_axi_write is either unconnected or has no load
INFO: [Synth 8-7129] Port in_BUS_BRESP[0] in module vector_mult_gmem_C_m_axi_write is either unconnected or has no load
INFO: [Synth 8-7129] Port in_BUS_BUSER[0] in module vector_mult_gmem_C_m_axi_write is either unconnected or has no load
INFO: [Synth 8-7129] Port ARREADY in module vector_mult_gmem_C_m_axi is either unconnected or has no load
INFO: [Synth 8-7129] Port RID[0] in module vector_mult_gmem_C_m_axi is either unconnected or has no load
INFO: [Synth 8-7129] Port RDATA[31] in module vector_mult_gmem_C_m_axi is either unconnected or has no load
INFO: [Synth 8-7129] Port RDATA[30] in module vector_mult_gmem_C_m_axi is either unconnected or has no load
INFO: [Synth 8-7129] Port RDATA[29] in module vector_mult_gmem_C_m_axi is either unconnected or has no load
INFO: [Synth 8-7129] Port RDATA[28] in module vector_mult_gmem_C_m_axi is either unconnected or has no load
INFO: [Synth 8-7129] Port RDATA[27] in module vector_mult_gmem_C_m_axi is either unconnected or has no load
INFO: [Synth 8-7129] Port RDATA[26] in module vector_mult_gmem_C_m_axi is either unconnected or has no load
INFO: [Synth 8-7129] Port RDATA[25] in module vector_mult_gmem_C_m_axi is either unconnected or has no load
INFO: [Synth 8-7129] Port RDATA[24] in module vector_mult_gmem_C_m_axi is either unconnected or has no load
INFO: [Synth 8-7129] Port RDATA[23] in module vector_mult_gmem_C_m_axi is either unconnected or has no load
INFO: [Synth 8-7129] Port RDATA[22] in module vector_mult_gmem_C_m_axi is either unconnected or has no load
INFO: [Synth 8-7129] Port RDATA[21] in module vector_mult_gmem_C_m_axi is either unconnected or has no load
INFO: [Synth 8-7129] Port RDATA[20] in module vector_mult_gmem_C_m_axi is either unconnected or has no load
INFO: [Synth 8-7129] Port RDATA[19] in module vector_mult_gmem_C_m_axi is either unconnected or has no load
INFO: [Synth 8-7129] Port RDATA[18] in module vector_mult_gmem_C_m_axi is either unconnected or has no load
INFO: [Synth 8-7129] Port RDATA[17] in module vector_mult_gmem_C_m_axi is either unconnected or has no load
INFO: [Synth 8-7129] Port RDATA[16] in module vector_mult_gmem_C_m_axi is either unconnected or has no load
INFO: [Synth 8-7129] Port RDATA[15] in module vector_mult_gmem_C_m_axi is either unconnected or has no load
INFO: [Synth 8-7129] Port RDATA[14] in module vector_mult_gmem_C_m_axi is either unconnected or has no load
INFO: [Synth 8-7129] Port RDATA[13] in module vector_mult_gmem_C_m_axi is either unconnected or has no load
INFO: [Synth 8-7129] Port RDATA[12] in module vector_mult_gmem_C_m_axi is either unconnected or has no load
INFO: [Synth 8-7129] Port RDATA[11] in module vector_mult_gmem_C_m_axi is either unconnected or has no load
INFO: [Synth 8-7129] Port RDATA[10] in module vector_mult_gmem_C_m_axi is either unconnected or has no load
INFO: [Synth 8-7129] Port RDATA[9] in module vector_mult_gmem_C_m_axi is either unconnected or has no load
INFO: [Synth 8-7129] Port RDATA[8] in module vector_mult_gmem_C_m_axi is either unconnected or has no load
INFO: [Synth 8-7129] Port RDATA[7] in module vector_mult_gmem_C_m_axi is either unconnected or has no load
INFO: [Synth 8-7129] Port RDATA[6] in module vector_mult_gmem_C_m_axi is either unconnected or has no load
INFO: [Synth 8-7129] Port RDATA[5] in module vector_mult_gmem_C_m_axi is either unconnected or has no load
INFO: [Synth 8-7129] Port RDATA[4] in module vector_mult_gmem_C_m_axi is either unconnected or has no load
INFO: [Synth 8-7129] Port RDATA[3] in module vector_mult_gmem_C_m_axi is either unconnected or has no load
INFO: [Synth 8-7129] Port RDATA[2] in module vector_mult_gmem_C_m_axi is either unconnected or has no load
INFO: [Synth 8-7129] Port RDATA[1] in module vector_mult_gmem_C_m_axi is either unconnected or has no load
INFO: [Synth 8-7129] Port RDATA[0] in module vector_mult_gmem_C_m_axi is either unconnected or has no load
INFO: [Synth 8-7129] Port RRESP[1] in module vector_mult_gmem_C_m_axi is either unconnected or has no load
INFO: [Synth 8-7129] Port RRESP[0] in module vector_mult_gmem_C_m_axi is either unconnected or has no load
INFO: [Synth 8-7129] Port RLAST in module vector_mult_gmem_C_m_axi is either unconnected or has no load
INFO: [Synth 8-7129] Port RUSER[0] in module vector_mult_gmem_C_m_axi is either unconnected or has no load
INFO: [Synth 8-7129] Port RVALID in module vector_mult_gmem_C_m_axi is either unconnected or has no load
INFO: [Synth 8-7129] Port I_CH0_ARADDR[63] in module vector_mult_gmem_C_m_axi is either unconnected or has no load
INFO: [Synth 8-7129] Port I_CH0_ARADDR[62] in module vector_mult_gmem_C_m_axi is either unconnected or has no load
INFO: [Synth 8-7129] Port I_CH0_ARADDR[61] in module vector_mult_gmem_C_m_axi is either unconnected or has no load
INFO: [Synth 8-7129] Port I_CH0_ARADDR[60] in module vector_mult_gmem_C_m_axi is either unconnected or has no load
INFO: [Synth 8-7129] Port I_CH0_ARADDR[59] in module vector_mult_gmem_C_m_axi is either unconnected or has no load
INFO: [Synth 8-7129] Port I_CH0_ARADDR[58] in module vector_mult_gmem_C_m_axi is either unconnected or has no load
INFO: [Synth 8-7129] Port I_CH0_ARADDR[57] in module vector_mult_gmem_C_m_axi is either unconnected or has no load
INFO: [Synth 8-7129] Port I_CH0_ARADDR[56] in module vector_mult_gmem_C_m_axi is either unconnected or has no load
INFO: [Synth 8-7129] Port I_CH0_ARADDR[55] in module vector_mult_gmem_C_m_axi is either unconnected or has no load
INFO: [Synth 8-7129] Port I_CH0_ARADDR[54] in module vector_mult_gmem_C_m_axi is either unconnected or has no load
INFO: [Synth 8-7129] Port I_CH0_ARADDR[53] in module vector_mult_gmem_C_m_axi is either unconnected or has no load
INFO: [Synth 8-7129] Port I_CH0_ARADDR[52] in module vector_mult_gmem_C_m_axi is either unconnected or has no load
INFO: [Synth 8-7129] Port I_CH0_ARADDR[51] in module vector_mult_gmem_C_m_axi is either unconnected or has no load
INFO: [Synth 8-7129] Port I_CH0_ARADDR[50] in module vector_mult_gmem_C_m_axi is either unconnected or has no load
INFO: [Synth 8-7129] Port I_CH0_ARADDR[49] in module vector_mult_gmem_C_m_axi is either unconnected or has no load
INFO: [Synth 8-7129] Port I_CH0_ARADDR[48] in module vector_mult_gmem_C_m_axi is either unconnected or has no load
INFO: [Synth 8-7129] Port I_CH0_ARADDR[47] in module vector_mult_gmem_C_m_axi is either unconnected or has no load
INFO: [Synth 8-7129] Port I_CH0_ARADDR[46] in module vector_mult_gmem_C_m_axi is either unconnected or has no load
INFO: [Synth 8-7129] Port I_CH0_ARADDR[45] in module vector_mult_gmem_C_m_axi is either unconnected or has no load
INFO: [Synth 8-7129] Port I_CH0_ARADDR[44] in module vector_mult_gmem_C_m_axi is either unconnected or has no load
INFO: [Synth 8-7129] Port I_CH0_ARADDR[43] in module vector_mult_gmem_C_m_axi is either unconnected or has no load
INFO: [Synth 8-7129] Port I_CH0_ARADDR[42] in module vector_mult_gmem_C_m_axi is either unconnected or has no load
INFO: [Synth 8-7129] Port I_CH0_ARADDR[41] in module vector_mult_gmem_C_m_axi is either unconnected or has no load
INFO: [Synth 8-7129] Port I_CH0_ARADDR[40] in module vector_mult_gmem_C_m_axi is either unconnected or has no load
INFO: [Synth 8-7129] Port I_CH0_ARADDR[39] in module vector_mult_gmem_C_m_axi is either unconnected or has no load
INFO: [Synth 8-7129] Port I_CH0_ARADDR[38] in module vector_mult_gmem_C_m_axi is either unconnected or has no load
INFO: [Synth 8-7129] Port I_CH0_ARADDR[37] in module vector_mult_gmem_C_m_axi is either unconnected or has no load
INFO: [Synth 8-7129] Port I_CH0_ARADDR[36] in module vector_mult_gmem_C_m_axi is either unconnected or has no load
INFO: [Synth 8-7129] Port I_CH0_ARADDR[35] in module vector_mult_gmem_C_m_axi is either unconnected or has no load
INFO: [Synth 8-7129] Port I_CH0_ARADDR[34] in module vector_mult_gmem_C_m_axi is either unconnected or has no load
INFO: [Synth 8-7129] Port I_CH0_ARADDR[33] in module vector_mult_gmem_C_m_axi is either unconnected or has no load
INFO: [Synth 8-7129] Port I_CH0_ARADDR[32] in module vector_mult_gmem_C_m_axi is either unconnected or has no load
INFO: [Synth 8-7129] Port I_CH0_ARADDR[31] in module vector_mult_gmem_C_m_axi is either unconnected or has no load
INFO: [Synth 8-7129] Port I_CH0_ARADDR[30] in module vector_mult_gmem_C_m_axi is either unconnected or has no load
INFO: [Synth 8-7129] Port I_CH0_ARADDR[29] in module vector_mult_gmem_C_m_axi is either unconnected or has no load
INFO: [Synth 8-7129] Port I_CH0_ARADDR[28] in module vector_mult_gmem_C_m_axi is either unconnected or has no load
INFO: [Synth 8-7129] Port I_CH0_ARADDR[27] in module vector_mult_gmem_C_m_axi is either unconnected or has no load
INFO: [Synth 8-7129] Port I_CH0_ARADDR[26] in module vector_mult_gmem_C_m_axi is either unconnected or has no load
INFO: [Synth 8-7129] Port I_CH0_ARADDR[25] in module vector_mult_gmem_C_m_axi is either unconnected or has no load
INFO: [Synth 8-7129] Port I_CH0_ARADDR[24] in module vector_mult_gmem_C_m_axi is either unconnected or has no load
INFO: [Synth 8-7129] Port I_CH0_ARADDR[23] in module vector_mult_gmem_C_m_axi is either unconnected or has no load
INFO: [Synth 8-7129] Port I_CH0_ARADDR[22] in module vector_mult_gmem_C_m_axi is either unconnected or has no load
INFO: [Synth 8-7129] Port I_CH0_ARADDR[21] in module vector_mult_gmem_C_m_axi is either unconnected or has no load
INFO: [Synth 8-7129] Port I_CH0_ARADDR[20] in module vector_mult_gmem_C_m_axi is either unconnected or has no load
INFO: [Synth 8-7129] Port I_CH0_ARADDR[19] in module vector_mult_gmem_C_m_axi is either unconnected or has no load
INFO: [Synth 8-7129] Port I_CH0_ARADDR[18] in module vector_mult_gmem_C_m_axi is either unconnected or has no load
INFO: [Synth 8-7129] Port I_CH0_ARADDR[17] in module vector_mult_gmem_C_m_axi is either unconnected or has no load
INFO: [Common 17-14] Message 'Synth 8-7129' appears 100 times and further instances of the messages will be disabled. Use the Tcl command set_msg_config to change the current settings.
---------------------------------------------------------------------------------
Finished RTL Elaboration : Time (s): cpu = 00:00:14 ; elapsed = 00:00:17 . Memory (MB): peak = 1568.961 ; gain = 749.391
---------------------------------------------------------------------------------
---------------------------------------------------------------------------------
Start Handling Custom Attributes
---------------------------------------------------------------------------------
---------------------------------------------------------------------------------
Finished Handling Custom Attributes : Time (s): cpu = 00:00:14 ; elapsed = 00:00:17 . Memory (MB): peak = 1568.961 ; gain = 749.391
---------------------------------------------------------------------------------
---------------------------------------------------------------------------------
Finished RTL Optimization Phase 1 : Time (s): cpu = 00:00:14 ; elapsed = 00:00:17 . Memory (MB): peak = 1568.961 ; gain = 749.391
---------------------------------------------------------------------------------
Netlist sorting complete. Time (s): cpu = 00:00:00 ; elapsed = 00:00:00.139 . Memory (MB): peak = 1568.961 ; gain = 0.000
INFO: [Project 1-570] Preparing netlist for logic optimization

Processing XDC Constraints
Initializing timing engine
Parsing XDC File [c:/Vitis_WS/Vector_Mult_IP/Vector_Mult_IP/hls/impl/verilog/project.gen/sources_1/bd/bd_0/ip/bd_0_hls_inst_0/constraints/vector_mult_ooc.xdc] for cell 'inst'
Finished Parsing XDC File [c:/Vitis_WS/Vector_Mult_IP/Vector_Mult_IP/hls/impl/verilog/project.gen/sources_1/bd/bd_0/ip/bd_0_hls_inst_0/constraints/vector_mult_ooc.xdc] for cell 'inst'
Parsing XDC File [C:/Vitis_WS/Vector_Mult_IP/Vector_Mult_IP/hls/impl/verilog/project.runs/bd_0_hls_inst_0_synth_1/dont_touch.xdc]
Finished Parsing XDC File [C:/Vitis_WS/Vector_Mult_IP/Vector_Mult_IP/hls/impl/verilog/project.runs/bd_0_hls_inst_0_synth_1/dont_touch.xdc]
Completed Processing XDC Constraints

Netlist sorting complete. Time (s): cpu = 00:00:00 ; elapsed = 00:00:00.017 . Memory (MB): peak = 1634.895 ; gain = 0.000
INFO: [Project 1-111] Unisim Transformation Summary:
No Unisim elements were transformed.

Constraint Validation Runtime : Time (s): cpu = 00:00:00 ; elapsed = 00:00:00.505 . Memory (MB): peak = 1637.520 ; gain = 0.000
INFO: [Designutils 20-5008] Incremental synthesis strategy off
---------------------------------------------------------------------------------
Finished Constraint Validation : Time (s): cpu = 00:00:37 ; elapsed = 00:00:47 . Memory (MB): peak = 1637.520 ; gain = 817.949
---------------------------------------------------------------------------------
---------------------------------------------------------------------------------
Start Loading Part and Timing Information
---------------------------------------------------------------------------------
Loading part: xc7z020clg400-1
---------------------------------------------------------------------------------
Finished Loading Part and Timing Information : Time (s): cpu = 00:00:37 ; elapsed = 00:00:47 . Memory (MB): peak = 1637.520 ; gain = 817.949
---------------------------------------------------------------------------------
---------------------------------------------------------------------------------
Start Applying 'set_property' XDC Constraints
---------------------------------------------------------------------------------
---------------------------------------------------------------------------------
Finished applying 'set_property' XDC Constraints : Time (s): cpu = 00:00:37 ; elapsed = 00:00:47 . Memory (MB): peak = 1637.520 ; gain = 817.949
---------------------------------------------------------------------------------
INFO: [Synth 8-802] inferred FSM for state register 'wstate_reg' in module 'vector_mult_control_s_axi'
INFO: [Synth 8-802] inferred FSM for state register 'rstate_reg' in module 'vector_mult_control_s_axi'
INFO: [Synth 8-802] inferred FSM for state register 'state_reg' in module 'vector_mult_gmem_A_m_axi_reg_slice'
INFO: [Synth 8-802] inferred FSM for state register 'state_reg' in module 'vector_mult_gmem_A_m_axi_reg_slice__parameterized0'
INFO: [Synth 8-802] inferred FSM for state register 'state_reg' in module 'vector_mult_gmem_B_m_axi_reg_slice'
INFO: [Synth 8-802] inferred FSM for state register 'state_reg' in module 'vector_mult_gmem_B_m_axi_reg_slice__parameterized0'
INFO: [Synth 8-802] inferred FSM for state register 'state_reg' in module 'vector_mult_gmem_C_m_axi_reg_slice'
INFO: [Synth 8-802] inferred FSM for state register 'state_reg' in module 'vector_mult_gmem_C_m_axi_reg_slice__parameterized0'
INFO: [Synth 8-802] inferred FSM for state register 'state_reg' in module 'vector_mult_gmem_C_m_axi_reg_slice__parameterized1'
INFO: [Synth 8-802] inferred FSM for state register 'state_reg' in module 'vector_mult_gmem_C_m_axi_reg_slice__parameterized2'
---------------------------------------------------------------------------------------------------
                   State |                     New Encoding |                Previous Encoding 
---------------------------------------------------------------------------------------------------
                  iSTATE |                             0001 |                               11
*
                  WRIDLE |                             0010 |                               00
                  WRDATA |                             0100 |                               01
                  WRRESP |                             1000 |                               10
---------------------------------------------------------------------------------------------------
INFO: [Synth 8-3354] encoded FSM with state register 'wstate_reg' using encoding 'one-hot' in module 'vector_mult_control_s_axi'
---------------------------------------------------------------------------------------------------
                   State |                     New Encoding |                Previous Encoding 
---------------------------------------------------------------------------------------------------
                  iSTATE |                              001 |                               10
*
                  RDIDLE |                              010 |                               00
                  RDDATA |                              100 |                               01
---------------------------------------------------------------------------------------------------
INFO: [Synth 8-3354] encoded FSM with state register 'rstate_reg' using encoding 'one-hot' in module 'vector_mult_control_s_axi'
---------------------------------------------------------------------------------------------------
                   State |                     New Encoding |                Previous Encoding 
---------------------------------------------------------------------------------------------------
                    ZERO |                               00 |                               10
                     ONE |                               10 |                               11
                     TWO |                               01 |                               01
---------------------------------------------------------------------------------------------------
INFO: [Synth 8-3354] encoded FSM with state register 'state_reg' using encoding 'sequential' in module 'vector_mult_gmem_A_m_axi_reg_slice'
---------------------------------------------------------------------------------------------------
                   State |                     New Encoding |                Previous Encoding 
---------------------------------------------------------------------------------------------------
                    ZERO |                               00 |                               10
                     ONE |                               10 |                               11
                     TWO |                               01 |                               01
---------------------------------------------------------------------------------------------------
INFO: [Synth 8-3354] encoded FSM with state register 'state_reg' using encoding 'sequential' in module 'vector_mult_gmem_A_m_axi_reg_slice__parameterized0'
---------------------------------------------------------------------------------------------------
                   State |                     New Encoding |                Previous Encoding 
---------------------------------------------------------------------------------------------------
                    ZERO |                               00 |                               10
                     ONE |                               10 |                               11
                     TWO |                               01 |                               01
---------------------------------------------------------------------------------------------------
INFO: [Synth 8-3354] encoded FSM with state register 'state_reg' using encoding 'sequential' in module 'vector_mult_gmem_B_m_axi_reg_slice'
---------------------------------------------------------------------------------------------------
                   State |                     New Encoding |                Previous Encoding 
---------------------------------------------------------------------------------------------------
                    ZERO |                               00 |                               10
                     ONE |                               10 |                               11
                     TWO |                               01 |                               01
---------------------------------------------------------------------------------------------------
INFO: [Synth 8-3354] encoded FSM with state register 'state_reg' using encoding 'sequential' in module 'vector_mult_gmem_B_m_axi_reg_slice__parameterized0'
---------------------------------------------------------------------------------------------------
                   State |                     New Encoding |                Previous Encoding 
---------------------------------------------------------------------------------------------------
                    ZERO |                               00 |                               10
                     ONE |                               10 |                               11
                     TWO |                               01 |                               01
---------------------------------------------------------------------------------------------------
INFO: [Synth 8-3354] encoded FSM with state register 'state_reg' using encoding 'sequential' in module 'vector_mult_gmem_C_m_axi_reg_slice'
---------------------------------------------------------------------------------------------------
                   State |                     New Encoding |                Previous Encoding 
---------------------------------------------------------------------------------------------------
                    ZERO |                               00 |                               10
                     ONE |                               10 |                               11
                     TWO |                               01 |                               01
---------------------------------------------------------------------------------------------------
INFO: [Synth 8-3354] encoded FSM with state register 'state_reg' using encoding 'sequential' in module 'vector_mult_gmem_C_m_axi_reg_slice__parameterized0'
---------------------------------------------------------------------------------------------------
                   State |                     New Encoding |                Previous Encoding 
---------------------------------------------------------------------------------------------------
                    ZERO |                               00 |                               10
                     ONE |                               10 |                               11
                     TWO |                               01 |                               01
---------------------------------------------------------------------------------------------------
INFO: [Synth 8-3354] encoded FSM with state register 'state_reg' using encoding 'sequential' in module 'vector_mult_gmem_C_m_axi_reg_slice__parameterized1'
---------------------------------------------------------------------------------------------------
                   State |                     New Encoding |                Previous Encoding 
---------------------------------------------------------------------------------------------------
                    ZERO |                               00 |                               10
                     ONE |                               10 |                               11
                     TWO |                               01 |                               01
---------------------------------------------------------------------------------------------------
INFO: [Synth 8-3354] encoded FSM with state register 'state_reg' using encoding 'sequential' in module 'vector_mult_gmem_C_m_axi_reg_slice__parameterized2'
---------------------------------------------------------------------------------
Finished RTL Optimization Phase 2 : Time (s): cpu = 00:00:40 ; elapsed = 00:00:51 . Memory (MB): peak = 1637.520 ; gain = 817.949
---------------------------------------------------------------------------------
---------------------------------------------------------------------------------
Start RTL Component Statistics 
---------------------------------------------------------------------------------
Detailed RTL Component Info : 
+---Adders : 
	   2 Input   32 Bit       Adders := 9     
	   2 Input   31 Bit       Adders := 1     
	   2 Input   20 Bit       Adders := 3     
	   2 Input   12 Bit       Adders := 3     
	   2 Input    9 Bit       Adders := 4     
	   3 Input    9 Bit       Adders := 1     
	   2 Input    8 Bit       Adders := 5     
	   3 Input    8 Bit       Adders := 1     
	   2 Input    6 Bit       Adders := 8     
	   2 Input    5 Bit       Adders := 17    
	   2 Input    4 Bit       Adders := 14    
	   2 Input    3 Bit       Adders := 12    
	   2 Input    2 Bit       Adders := 4     
+---XORs : 
	   2 Input      1 Bit         XORs := 2     
+---Registers : 
	               97 Bit    Registers := 6     
	               96 Bit    Registers := 3     
	               73 Bit    Registers := 2     
	               64 Bit    Registers := 23    
	               52 Bit    Registers := 3     
	               36 Bit    Registers := 1     
	               34 Bit    Registers := 6     
	               33 Bit    Registers := 1     
	               32 Bit    Registers := 19    
	               31 Bit    Registers := 12    
	               20 Bit    Registers := 6     
	               12 Bit    Registers := 3     
	               10 Bit    Registers := 9     
	                9 Bit    Registers := 6     
	                8 Bit    Registers := 11    
	                6 Bit    Registers := 6     
	                5 Bit    Registers := 17    
	                4 Bit    Registers := 18    
	                3 Bit    Registers := 6     
	                2 Bit    Registers := 12    
	                1 Bit    Registers := 188   
+---Multipliers : 
	              32x32  Multipliers := 1     
+---RAMs : 
	               8K Bit	(255 X 34 bit)          RAMs := 2     
+---Muxes : 
	   2 Input   97 Bit        Muxes := 3     
	   2 Input   73 Bit        Muxes := 1     
	   2 Input   64 Bit        Muxes := 9     
	   2 Input   34 Bit        Muxes := 2     
	   2 Input   32 Bit        Muxes := 5     
	   2 Input   31 Bit        Muxes := 1     
	   2 Input   20 Bit        Muxes := 6     
	   4 Input   12 Bit        Muxes := 6     
	   2 Input   12 Bit        Muxes := 3     
	   2 Input   10 Bit        Muxes := 9     
	   2 Input    9 Bit        Muxes := 3     
	   2 Input    8 Bit        Muxes := 6     
	   4 Input    8 Bit        Muxes := 5     
	   2 Input    6 Bit        Muxes := 4     
	   2 Input    5 Bit        Muxes := 11    
	   4 Input    4 Bit        Muxes := 1     
	   2 Input    4 Bit        Muxes := 11    
	   3 Input    3 Bit        Muxes := 1     
	   2 Input    3 Bit        Muxes := 10    
	   2 Input    2 Bit        Muxes := 122   
	   3 Input    2 Bit        Muxes := 24    
	   4 Input    2 Bit        Muxes := 8     
	   2 Input    1 Bit        Muxes := 161   
	   4 Input    1 Bit        Muxes := 1     
---------------------------------------------------------------------------------
Finished RTL Component Statistics 
---------------------------------------------------------------------------------
---------------------------------------------------------------------------------
Start Part Resource Summary
---------------------------------------------------------------------------------
Part Resources:
DSPs: 220 (col length:60)
BRAMs: 280 (col length: RAMB18 60 RAMB36 30)
---------------------------------------------------------------------------------
Finished Part Resource Summary
---------------------------------------------------------------------------------
---------------------------------------------------------------------------------
Start Cross Boundary and Area Optimization
---------------------------------------------------------------------------------
INFO: [Synth 8-6014] Unused sequential element store_unit_0/user_resp/U_fifo_mem/mem_reg was removed. 
INFO: [Synth 8-3936] Found unconnected internal register 'bus_write/wreq_throttle/rs_req/data_p1_reg' and it is trimmed from '73' to '72' bits. [c:/Vitis_WS/Vector_Mult_IP/Vector_Mult_IP/hls/impl/verilog/project.gen/sources_1/bd/bd_0/ipshared/ead6/hdl/verilog/vector_mult_gmem_C_m_axi.v:2743]
INFO: [Synth 8-3936] Found unconnected internal register 'bus_write/wreq_throttle/rs_req/data_p2_reg' and it is trimmed from '73' to '72' bits. [c:/Vitis_WS/Vector_Mult_IP/Vector_Mult_IP/hls/impl/verilog/project.gen/sources_1/bd/bd_0/ipshared/ead6/hdl/verilog/vector_mult_gmem_C_m_axi.v:2764]
DSP Report: Generating DSP mul_32s_32s_32_2_1_U1/tmp_product, operation Mode is: A2*B.
DSP Report: register mul_32s_32s_32_2_1_U1/tmp_product is absorbed into DSP mul_32s_32s_32_2_1_U1/tmp_product.
DSP Report: operator mul_32s_32s_32_2_1_U1/tmp_product is absorbed into DSP mul_32s_32s_32_2_1_U1/tmp_product.
DSP Report: operator mul_32s_32s_32_2_1_U1/tmp_product is absorbed into DSP mul_32s_32s_32_2_1_U1/tmp_product.
DSP Report: Generating DSP mul_32s_32s_32_2_1_U1/buff0_reg, operation Mode is: (PCIN>>17)+A*B.
DSP Report: register mul_32s_32s_32_2_1_U1/buff0_reg is absorbed into DSP mul_32s_32s_32_2_1_U1/buff0_reg.
DSP Report: operator mul_32s_32s_32_2_1_U1/tmp_product is absorbed into DSP mul_32s_32s_32_2_1_U1/buff0_reg.
DSP Report: operator mul_32s_32s_32_2_1_U1/tmp_product is absorbed into DSP mul_32s_32s_32_2_1_U1/buff0_reg.
DSP Report: Generating DSP mul_32s_32s_32_2_1_U1/tmp_product, operation Mode is: A2*B2.
DSP Report: register mul_32s_32s_32_2_1_U1/tmp_product is absorbed into DSP mul_32s_32s_32_2_1_U1/tmp_product.
DSP Report: register mul_32s_32s_32_2_1_U1/tmp_product is absorbed into DSP mul_32s_32s_32_2_1_U1/tmp_product.
DSP Report: operator mul_32s_32s_32_2_1_U1/tmp_product is absorbed into DSP mul_32s_32s_32_2_1_U1/tmp_product.
DSP Report: operator mul_32s_32s_32_2_1_U1/tmp_product is absorbed into DSP mul_32s_32s_32_2_1_U1/tmp_product.
DSP Report: Generating DSP mul_32s_32s_32_2_1_U1/buff0_reg, operation Mode is: (PCIN>>17)+A2*B.
DSP Report: register mul_32s_32s_32_2_1_U1/buff0_reg is absorbed into DSP mul_32s_32s_32_2_1_U1/buff0_reg.
DSP Report: register mul_32s_32s_32_2_1_U1/buff0_reg is absorbed into DSP mul_32s_32s_32_2_1_U1/buff0_reg.
DSP Report: operator mul_32s_32s_32_2_1_U1/tmp_product is absorbed into DSP mul_32s_32s_32_2_1_U1/buff0_reg.
DSP Report: operator mul_32s_32s_32_2_1_U1/tmp_product is absorbed into DSP mul_32s_32s_32_2_1_U1/buff0_reg.
INFO: [Synth 8-12589] Found 1 bits of RAM  (inst/gmem_A_m_axi_U/U_fifo_memi_1) with no load. RAM width may be reduced from 34 to 33 
INFO: [Synth 8-12589] Found 1 bits of RAM  (inst/gmem_B_m_axi_U/U_fifo_memi_1) with no load. RAM width may be reduced from 34 to 33 
INFO: [Synth 8-3332] Sequential element (FSM_onehot_wstate_reg[0]) is unused and will be removed from module vector_mult_control_s_axi.
INFO: [Synth 8-3332] Sequential element (FSM_onehot_rstate_reg[0]) is unused and will be removed from module vector_mult_control_s_axi.
INFO: [Synth 8-3332] Sequential element (mul_32s_32s_32_2_1_U1/buff0_reg[47]) is unused and will be removed from module vector_mult.
INFO: [Synth 8-3332] Sequential element (mul_32s_32s_32_2_1_U1/buff0_reg[46]) is unused and will be removed from module vector_mult.
INFO: [Synth 8-3332] Sequential element (mul_32s_32s_32_2_1_U1/buff0_reg[45]) is unused and will be removed from module vector_mult.
INFO: [Synth 8-3332] Sequential element (mul_32s_32s_32_2_1_U1/buff0_reg[44]) is unused and will be removed from module vector_mult.
INFO: [Synth 8-3332] Sequential element (mul_32s_32s_32_2_1_U1/buff0_reg[43]) is unused and will be removed from module vector_mult.
INFO: [Synth 8-3332] Sequential element (mul_32s_32s_32_2_1_U1/buff0_reg[42]) is unused and will be removed from module vector_mult.
INFO: [Synth 8-3332] Sequential element (mul_32s_32s_32_2_1_U1/buff0_reg[41]) is unused and will be removed from module vector_mult.
INFO: [Synth 8-3332] Sequential element (mul_32s_32s_32_2_1_U1/buff0_reg[40]) is unused and will be removed from module vector_mult.
INFO: [Synth 8-3332] Sequential element (mul_32s_32s_32_2_1_U1/buff0_reg[39]) is unused and will be removed from module vector_mult.
INFO: [Synth 8-3332] Sequential element (mul_32s_32s_32_2_1_U1/buff0_reg[38]) is unused and will be removed from module vector_mult.
INFO: [Synth 8-3332] Sequential element (mul_32s_32s_32_2_1_U1/buff0_reg[37]) is unused and will be removed from module vector_mult.
INFO: [Synth 8-3332] Sequential element (mul_32s_32s_32_2_1_U1/buff0_reg[36]) is unused and will be removed from module vector_mult.
INFO: [Synth 8-3332] Sequential element (mul_32s_32s_32_2_1_U1/buff0_reg[35]) is unused and will be removed from module vector_mult.
INFO: [Synth 8-3332] Sequential element (mul_32s_32s_32_2_1_U1/buff0_reg[34]) is unused and will be removed from module vector_mult.
INFO: [Synth 8-3332] Sequential element (mul_32s_32s_32_2_1_U1/buff0_reg[33]) is unused and will be removed from module vector_mult.
INFO: [Synth 8-3332] Sequential element (mul_32s_32s_32_2_1_U1/buff0_reg[32]) is unused and will be removed from module vector_mult.
INFO: [Synth 8-3332] Sequential element (mul_32s_32s_32_2_1_U1/buff0_reg[31]) is unused and will be removed from module vector_mult.
INFO: [Synth 8-3332] Sequential element (mul_32s_32s_32_2_1_U1/buff0_reg[30]) is unused and will be removed from module vector_mult.
INFO: [Synth 8-3332] Sequential element (mul_32s_32s_32_2_1_U1/buff0_reg[29]) is unused and will be removed from module vector_mult.
INFO: [Synth 8-3332] Sequential element (mul_32s_32s_32_2_1_U1/buff0_reg[28]) is unused and will be removed from module vector_mult.
INFO: [Synth 8-3332] Sequential element (mul_32s_32s_32_2_1_U1/buff0_reg[27]) is unused and will be removed from module vector_mult.
INFO: [Synth 8-3332] Sequential element (mul_32s_32s_32_2_1_U1/buff0_reg[26]) is unused and will be removed from module vector_mult.
INFO: [Synth 8-3332] Sequential element (mul_32s_32s_32_2_1_U1/buff0_reg[25]) is unused and will be removed from module vector_mult.
INFO: [Synth 8-3332] Sequential element (mul_32s_32s_32_2_1_U1/buff0_reg[24]) is unused and will be removed from module vector_mult.
INFO: [Synth 8-3332] Sequential element (mul_32s_32s_32_2_1_U1/buff0_reg[23]) is unused and will be removed from module vector_mult.
INFO: [Synth 8-3332] Sequential element (mul_32s_32s_32_2_1_U1/buff0_reg[22]) is unused and will be removed from module vector_mult.
INFO: [Synth 8-3332] Sequential element (mul_32s_32s_32_2_1_U1/buff0_reg[21]) is unused and will be removed from module vector_mult.
INFO: [Synth 8-3332] Sequential element (mul_32s_32s_32_2_1_U1/buff0_reg[20]) is unused and will be removed from module vector_mult.
INFO: [Synth 8-3332] Sequential element (mul_32s_32s_32_2_1_U1/buff0_reg[19]) is unused and will be removed from module vector_mult.
INFO: [Synth 8-3332] Sequential element (mul_32s_32s_32_2_1_U1/buff0_reg[18]) is unused and will be removed from module vector_mult.
INFO: [Synth 8-3332] Sequential element (mul_32s_32s_32_2_1_U1/buff0_reg[17]) is unused and will be removed from module vector_mult.
INFO: [Synth 8-3332] Sequential element (mul_32s_32s_32_2_1_U1/buff0_reg[16]) is unused and will be removed from module vector_mult.
INFO: [Synth 8-3332] Sequential element (mul_32s_32s_32_2_1_U1/buff0_reg[15]) is unused and will be removed from module vector_mult.
WARNING: [Synth 8-13373] Removed Macro Instance : inst/\mul_32s_32s_32_2_1_U1/buff0_reg /\mul_32s_32s_32_2_1_U1/buff0_reg , of type : DSP48E1 in constant propagation
INFO: [Synth 8-3332] Sequential element (mul_32s_32s_32_2_1_U1/buff0_reg[47]__0) is unused and will be removed from module vector_mult.
INFO: [Synth 8-3332] Sequential element (mul_32s_32s_32_2_1_U1/buff0_reg[46]__0) is unused and will be removed from module vector_mult.
INFO: [Synth 8-3332] Sequential element (mul_32s_32s_32_2_1_U1/buff0_reg[45]__0) is unused and will be removed from module vector_mult.
INFO: [Synth 8-3332] Sequential element (mul_32s_32s_32_2_1_U1/buff0_reg[44]__0) is unused and will be removed from module vector_mult.
INFO: [Synth 8-3332] Sequential element (mul_32s_32s_32_2_1_U1/buff0_reg[43]__0) is unused and will be removed from module vector_mult.
INFO: [Synth 8-3332] Sequential element (mul_32s_32s_32_2_1_U1/buff0_reg[42]__0) is unused and will be removed from module vector_mult.
INFO: [Synth 8-3332] Sequential element (mul_32s_32s_32_2_1_U1/buff0_reg[41]__0) is unused and will be removed from module vector_mult.
INFO: [Synth 8-3332] Sequential element (mul_32s_32s_32_2_1_U1/buff0_reg[40]__0) is unused and will be removed from module vector_mult.
INFO: [Synth 8-3332] Sequential element (mul_32s_32s_32_2_1_U1/buff0_reg[39]__0) is unused and will be removed from module vector_mult.
INFO: [Synth 8-3332] Sequential element (mul_32s_32s_32_2_1_U1/buff0_reg[38]__0) is unused and will be removed from module vector_mult.
INFO: [Synth 8-3332] Sequential element (mul_32s_32s_32_2_1_U1/buff0_reg[37]__0) is unused and will be removed from module vector_mult.
INFO: [Synth 8-3332] Sequential element (mul_32s_32s_32_2_1_U1/buff0_reg[36]__0) is unused and will be removed from module vector_mult.
INFO: [Synth 8-3332] Sequential element (mul_32s_32s_32_2_1_U1/buff0_reg[35]__0) is unused and will be removed from module vector_mult.
INFO: [Synth 8-3332] Sequential element (mul_32s_32s_32_2_1_U1/buff0_reg[34]__0) is unused and will be removed from module vector_mult.
INFO: [Synth 8-3332] Sequential element (mul_32s_32s_32_2_1_U1/buff0_reg[33]__0) is unused and will be removed from module vector_mult.
INFO: [Synth 8-3332] Sequential element (mul_32s_32s_32_2_1_U1/buff0_reg[32]__0) is unused and will be removed from module vector_mult.
INFO: [Synth 8-3332] Sequential element (mul_32s_32s_32_2_1_U1/buff0_reg[31]__0) is unused and will be removed from module vector_mult.
INFO: [Synth 8-3332] Sequential element (mul_32s_32s_32_2_1_U1/buff0_reg[30]__0) is unused and will be removed from module vector_mult.
INFO: [Synth 8-3332] Sequential element (mul_32s_32s_32_2_1_U1/buff0_reg[29]__0) is unused and will be removed from module vector_mult.
INFO: [Synth 8-3332] Sequential element (mul_32s_32s_32_2_1_U1/buff0_reg[28]__0) is unused and will be removed from module vector_mult.
INFO: [Synth 8-3332] Sequential element (mul_32s_32s_32_2_1_U1/buff0_reg[27]__0) is unused and will be removed from module vector_mult.
INFO: [Synth 8-3332] Sequential element (mul_32s_32s_32_2_1_U1/buff0_reg[26]__0) is unused and will be removed from module vector_mult.
INFO: [Synth 8-3332] Sequential element (mul_32s_32s_32_2_1_U1/buff0_reg[25]__0) is unused and will be removed from module vector_mult.
INFO: [Synth 8-3332] Sequential element (mul_32s_32s_32_2_1_U1/buff0_reg[24]__0) is unused and will be removed from module vector_mult.
INFO: [Synth 8-3332] Sequential element (mul_32s_32s_32_2_1_U1/buff0_reg[23]__0) is unused and will be removed from module vector_mult.
INFO: [Synth 8-3332] Sequential element (mul_32s_32s_32_2_1_U1/buff0_reg[22]__0) is unused and will be removed from module vector_mult.
INFO: [Synth 8-3332] Sequential element (mul_32s_32s_32_2_1_U1/buff0_reg[21]__0) is unused and will be removed from module vector_mult.
INFO: [Synth 8-3332] Sequential element (mul_32s_32s_32_2_1_U1/buff0_reg[20]__0) is unused and will be removed from module vector_mult.
INFO: [Synth 8-3332] Sequential element (mul_32s_32s_32_2_1_U1/buff0_reg[19]__0) is unused and will be removed from module vector_mult.
INFO: [Synth 8-3332] Sequential element (mul_32s_32s_32_2_1_U1/buff0_reg[18]__0) is unused and will be removed from module vector_mult.
INFO: [Synth 8-3332] Sequential element (mul_32s_32s_32_2_1_U1/buff0_reg[17]__0) is unused and will be removed from module vector_mult.
---------------------------------------------------------------------------------
Finished Cross Boundary and Area Optimization : Time (s): cpu = 00:01:01 ; elapsed = 00:01:15 . Memory (MB): peak = 1684.336 ; gain = 864.766
---------------------------------------------------------------------------------
 Sort Area is  mul_32s_32s_32_2_1_U1/tmp_product_0 : 0 0 : 3137 5856 : Used 1 time 100
 Sort Area is  mul_32s_32s_32_2_1_U1/tmp_product_0 : 0 1 : 2719 5856 : Used 1 time 100
 Sort Area is  mul_32s_32s_32_2_1_U1/tmp_product_3 : 0 0 : 2652 5185 : Used 1 time 100
 Sort Area is  mul_32s_32s_32_2_1_U1/tmp_product_3 : 0 1 : 2533 5185 : Used 1 time 100
---------------------------------------------------------------------------------
Start ROM, RAM, DSP, Shift Register and Retiming Reporting
---------------------------------------------------------------------------------

Block RAM: Preliminary Mapping Report (see note below)
+--------------------+-------------------------------------------+------------------------+---+---+------------------------+---+---+------------------+--------+--------+
|Module Name         | RTL Object                                | PORT A (Depth x Width) | W | R | PORT B (Depth x Width) | W | R | Ports driving FF | RAMB18 | RAMB36 | 
+--------------------+-------------------------------------------+------------------------+---+---+------------------------+---+---+------------------+--------+--------+
|inst/gmem_A_m_axi_U | load_unit_0/buff_rdata/U_fifo_mem/mem_reg | 255 x 33(READ_FIRST)   | W |   | 255 x 33(WRITE_FIRST)  |   | R | Port A and B     | 1      | 0      | 
|inst/gmem_B_m_axi_U | load_unit_0/buff_rdata/U_fifo_mem/mem_reg | 255 x 33(READ_FIRST)   | W |   | 255 x 33(WRITE_FIRST)  |   | R | Port A and B     | 1      | 0      | 
+--------------------+-------------------------------------------+------------------------+---+---+------------------------+---+---+------------------+--------+--------+

Note: The table above is a preliminary report that shows the Block RAMs at the current stage of the synthesis flow. Some Block RAMs may be reimplemented as non Block RAM primitives later in the synthesis flow. Multiple instantiated Block RAMs are reported only once. 

Distributed RAM: Preliminary Mapping Report (see note below)
+--------------------+-------------------------------------------------------------+----------------+----------------------+---------------+
|Module Name         | RTL Object                                                  | Inference      | Size (Depth x Width) | Primitives    | 
+--------------------+-------------------------------------------------------------+----------------+----------------------+---------------+
|inst/gmem_C_m_axi_U | store_unit_0/fifo_wrsp/U_fifo_mem/mem_reg                   | User Attribute | 16 x 1               | RAM16X1D x 1  | 
|inst/gmem_C_m_axi_U | store_unit_0/conservative_gen.fifo_burst/U_fifo_mem/mem_reg | User Attribute | 16 x 8               | RAM32M x 2    | 
+--------------------+-------------------------------------------------------------+----------------+----------------------+---------------+

Note: The table above is a preliminary report that shows the Distributed RAMs at the current stage of the synthesis flow. Some Distributed RAMs may be reimplemented as non Distributed RAM primitives later in the synthesis flow. Multiple instantiated RAMs are reported only once.

DSP: Preliminary Mapping Report (see note below. The ' indicates corresponding REG is set)
+------------+-----------------+--------+--------+--------+--------+--------+------+------+------+------+-------+------+------+
|Module Name | DSP Mapping     | A Size | B Size | C Size | D Size | P Size | AREG | BREG | CREG | DREG | ADREG | MREG | PREG | 
+------------+-----------------+--------+--------+--------+--------+--------+------+------+------+------+-------+------+------+
|vector_mult | A2*B            | 18     | 15     | -      | -      | 48     | 1    | 0    | -    | -    | -     | 0    | 0    | 
|vector_mult | (PCIN>>17)+A*B  | 15     | 15     | -      | -      | 48     | 0    | 0    | -    | -    | -     | 0    | 1    | 
|vector_mult | A2*B2           | 18     | 18     | -      | -      | 48     | 1    | 1    | -    | -    | -     | 0    | 0    | 
|vector_mult | (PCIN>>17)+A2*B | 18     | 15     | -      | -      | 48     | 1    | 0    | -    | -    | -     | 0    | 1    | 
+------------+-----------------+--------+--------+--------+--------+--------+------+------+------+------+-------+------+------+

Note: The table above is a preliminary report that shows the DSPs inferred at the current stage of the synthesis flow. Some DSP may be reimplemented as non DSP primitives later in the synthesis flow. Multiple instantiated DSPs are reported only once.
---------------------------------------------------------------------------------
Finished ROM, RAM, DSP, Shift Register and Retiming Reporting
---------------------------------------------------------------------------------
---------------------------------------------------------------------------------
Start Applying XDC Timing Constraints
---------------------------------------------------------------------------------
---------------------------------------------------------------------------------
Finished Applying XDC Timing Constraints : Time (s): cpu = 00:01:14 ; elapsed = 00:01:31 . Memory (MB): peak = 1823.891 ; gain = 1004.320
---------------------------------------------------------------------------------
---------------------------------------------------------------------------------
Start Timing Optimization
---------------------------------------------------------------------------------
---------------------------------------------------------------------------------
Finished Timing Optimization : Time (s): cpu = 00:01:16 ; elapsed = 00:01:33 . Memory (MB): peak = 1842.102 ; gain = 1022.531
---------------------------------------------------------------------------------
---------------------------------------------------------------------------------
Start ROM, RAM, DSP, Shift Register and Retiming Reporting
---------------------------------------------------------------------------------

Block RAM: Final Mapping Report
+--------------------+-------------------------------------------+------------------------+---+---+------------------------+---+---+------------------+--------+--------+
|Module Name         | RTL Object                                | PORT A (Depth x Width) | W | R | PORT B (Depth x Width) | W | R | Ports driving FF | RAMB18 | RAMB36 | 
+--------------------+-------------------------------------------+------------------------+---+---+------------------------+---+---+------------------+--------+--------+
|inst/gmem_A_m_axi_U | load_unit_0/buff_rdata/U_fifo_mem/mem_reg | 255 x 33(READ_FIRST)   | W |   | 255 x 33(WRITE_FIRST)  |   | R | Port A and B     | 1      | 0      | 
|inst/gmem_B_m_axi_U | load_unit_0/buff_rdata/U_fifo_mem/mem_reg | 255 x 33(READ_FIRST)   | W |   | 255 x 33(WRITE_FIRST)  |   | R | Port A and B     | 1      | 0      | 
+--------------------+-------------------------------------------+------------------------+---+---+------------------------+---+---+------------------+--------+--------+


Distributed RAM: Final Mapping Report
+--------------------+-------------------------------------------------------------+----------------+----------------------+---------------+
|Module Name         | RTL Object                                                  | Inference      | Size (Depth x Width) | Primitives    | 
+--------------------+-------------------------------------------------------------+----------------+----------------------+---------------+
|inst/gmem_C_m_axi_U | store_unit_0/fifo_wrsp/U_fifo_mem/mem_reg                   | User Attribute | 16 x 1               | RAM16X1D x 1  | 
|inst/gmem_C_m_axi_U | store_unit_0/conservative_gen.fifo_burst/U_fifo_mem/mem_reg | User Attribute | 16 x 8               | RAM32M x 2    | 
+--------------------+-------------------------------------------------------------+----------------+----------------------+---------------+

---------------------------------------------------------------------------------
Finished ROM, RAM, DSP, Shift Register and Retiming Reporting
---------------------------------------------------------------------------------
---------------------------------------------------------------------------------
Start Technology Mapping
---------------------------------------------------------------------------------
INFO: [Synth 8-7052] The timing for the instance inst/gmem_A_m_axi_U/load_unit_0/buff_rdata/U_fifo_mem/mem_reg (implemented as a Block RAM) might be sub-optimal as no optional output register could be merged into the ram block. Providing additional output register may help in improving timing.
INFO: [Synth 8-7052] The timing for the instance inst/gmem_B_m_axi_U/load_unit_0/buff_rdata/U_fifo_mem/mem_reg (implemented as a Block RAM) might be sub-optimal as no optional output register could be merged into the ram block. Providing additional output register may help in improving timing.
---------------------------------------------------------------------------------
Finished Technology Mapping : Time (s): cpu = 00:01:19 ; elapsed = 00:01:36 . Memory (MB): peak = 1877.824 ; gain = 1058.254
---------------------------------------------------------------------------------
---------------------------------------------------------------------------------
Start IO Insertion
---------------------------------------------------------------------------------
---------------------------------------------------------------------------------
Start Flattening Before IO Insertion
---------------------------------------------------------------------------------
---------------------------------------------------------------------------------
Finished Flattening Before IO Insertion
---------------------------------------------------------------------------------
---------------------------------------------------------------------------------
Start Final Netlist Cleanup
---------------------------------------------------------------------------------
---------------------------------------------------------------------------------
Finished Final Netlist Cleanup
---------------------------------------------------------------------------------
---------------------------------------------------------------------------------
Finished IO Insertion : Time (s): cpu = 00:01:26 ; elapsed = 00:01:44 . Memory (MB): peak = 2116.488 ; gain = 1296.918
---------------------------------------------------------------------------------
---------------------------------------------------------------------------------
Start Renaming Generated Instances
---------------------------------------------------------------------------------
---------------------------------------------------------------------------------
Finished Renaming Generated Instances : Time (s): cpu = 00:01:26 ; elapsed = 00:01:44 . Memory (MB): peak = 2116.488 ; gain = 1296.918
---------------------------------------------------------------------------------
---------------------------------------------------------------------------------
Start Rebuilding User Hierarchy
---------------------------------------------------------------------------------
---------------------------------------------------------------------------------
Finished Rebuilding User Hierarchy : Time (s): cpu = 00:01:27 ; elapsed = 00:01:45 . Memory (MB): peak = 2116.488 ; gain = 1296.918
---------------------------------------------------------------------------------
---------------------------------------------------------------------------------
Start Renaming Generated Ports
---------------------------------------------------------------------------------
---------------------------------------------------------------------------------
Finished Renaming Generated Ports : Time (s): cpu = 00:01:27 ; elapsed = 00:01:45 . Memory (MB): peak = 2116.488 ; gain = 1296.918
---------------------------------------------------------------------------------
---------------------------------------------------------------------------------
Start Handling Custom Attributes
---------------------------------------------------------------------------------
---------------------------------------------------------------------------------
Finished Handling Custom Attributes : Time (s): cpu = 00:01:27 ; elapsed = 00:01:45 . Memory (MB): peak = 2121.500 ; gain = 1301.930
---------------------------------------------------------------------------------
---------------------------------------------------------------------------------
Start Renaming Generated Nets
---------------------------------------------------------------------------------
---------------------------------------------------------------------------------
Finished Renaming Generated Nets : Time (s): cpu = 00:01:27 ; elapsed = 00:01:45 . Memory (MB): peak = 2121.500 ; gain = 1301.930
---------------------------------------------------------------------------------
---------------------------------------------------------------------------------
Start ROM, RAM, DSP, Shift Register and Retiming Reporting
---------------------------------------------------------------------------------

Static Shift Register Report:
+------------+--------------------------------------------+--------+-------+--------------+--------------------+-------------------+--------+---------+
|Module Name | RTL Name                                   | Length | Width | Reset Signal | Pull out first Reg | Pull out last Reg | SRL16E | SRLC32E | 
+------------+--------------------------------------------+--------+-------+--------------+--------------------+-------------------+--------+---------+
|vector_mult | first_iter_0_reg_181_pp0_iter10_reg_reg[0] | 10     | 1     | NO           | NO                 | YES               | 1      | 0       | 
|vector_mult | icmp_ln20_2_reg_352_pp0_iter16_reg_reg[0]  | 17     | 1     | NO           | YES                | YES               | 1      | 0       | 
|vector_mult | gmem_C_addr_reg_341_pp0_iter10_reg_reg[61] | 11     | 62    | NO           | NO                 | YES               | 62     | 0       | 
|vector_mult | zext_ln20_reg_362_pp0_iter10_reg_reg[30]   | 10     | 31    | NO           | NO                 | YES               | 31     | 0       | 
|vector_mult | ap_loop_exit_ready_pp0_iter16_reg_reg      | 16     | 1     | NO           | NO                 | YES               | 1      | 0       | 
+------------+--------------------------------------------+--------+-------+--------------+--------------------+-------------------+--------+---------+


Dynamic Shift Register Report:
+------------+-------------+--------+------------+--------+---------+--------+--------+--------+
|Module Name | RTL Name    | Length | Data Width | SRL16E | SRLC32E | Mux F7 | Mux F8 | Mux F9 | 
+------------+-------------+--------+------------+--------+---------+--------+--------+--------+
|dsrl        | mem_reg[5]  | 96     | 96         | 96     | 0       | 0      | 0      | 0      | 
|dsrl__1     | mem_reg[14] | 1      | 1          | 1      | 0       | 0      | 0      | 0      | 
|dsrl__2     | mem_reg[5]  | 96     | 96         | 96     | 0       | 0      | 0      | 0      | 
|dsrl__3     | mem_reg[14] | 1      | 1          | 1      | 0       | 0      | 0      | 0      | 
|dsrl__4     | mem_reg[2]  | 96     | 96         | 96     | 0       | 0      | 0      | 0      | 
|dsrl__5     | mem_reg[30] | 36     | 36         | 0      | 36      | 0      | 0      | 0      | 
|dsrl__6     | mem_reg[14] | 1      | 1          | 1      | 0       | 0      | 0      | 0      | 
|dsrl__7     | mem_reg[14] | 64     | 64         | 64     | 0       | 0      | 0      | 0      | 
+------------+-------------+--------+------------+--------+---------+--------+--------+--------+

---------------------------------------------------------------------------------
Finished ROM, RAM, DSP, Shift Register and Retiming Reporting
---------------------------------------------------------------------------------
---------------------------------------------------------------------------------
Start Writing Synthesis Report
---------------------------------------------------------------------------------

DSP Final Report (the ' indicates corresponding REG is set)
+------------+------------------+--------+--------+--------+--------+--------+------+------+------+------+-------+------+------+
|Module Name | DSP Mapping      | A Size | B Size | C Size | D Size | P Size | AREG | BREG | CREG | DREG | ADREG | MREG | PREG | 
+------------+------------------+--------+--------+--------+--------+--------+------+------+------+------+-------+------+------+
|vector_mult | (A'*B')'         | 17     | 18     | -      | -      | 48     | 1    | 1    | -    | -    | -     | 0    | 1    | 
|vector_mult | A'*B'            | 17     | 17     | -      | -      | 48     | 1    | 1    | -    | -    | -     | 0    | 0    | 
|vector_mult | (PCIN>>17+A*B')' | 0      | 18     | -      | -      | 48     | 0    | 1    | -    | -    | -     | 0    | 1    | 
+------------+------------------+--------+--------+--------+--------+--------+------+------+------+------+-------+------+------+


Report BlackBoxes: 
+-+--------------+----------+
| |BlackBox name |Instances |
+-+--------------+----------+
+-+--------------+----------+

Report Cell Usage: 
+------+---------+------+
|      |Cell     |Count |
+------+---------+------+
|1     |CARRY4   |   139|
|2     |DSP48E1  |     3|
|4     |LUT1     |   155|
|5     |LUT2     |   162|
|6     |LUT3     |   686|
|7     |LUT4     |   611|
|8     |LUT5     |   253|
|9     |LUT6     |   325|
|10    |MUXF7    |     3|
|11    |RAM16X1D |     1|
|12    |RAM32M   |     1|
|13    |RAMB18E1 |     2|
|14    |SRL16E   |   438|
|15    |SRLC32E  |    36|
|16    |FDRE     |  3436|
|17    |FDSE     |    21|
+------+---------+------+
---------------------------------------------------------------------------------
Finished Writing Synthesis Report : Time (s): cpu = 00:01:27 ; elapsed = 00:01:45 . Memory (MB): peak = 2121.500 ; gain = 1301.930
---------------------------------------------------------------------------------
Synthesis finished with 0 errors, 0 critical warnings and 1 warnings.
Synthesis Optimization Runtime : Time (s): cpu = 00:01:05 ; elapsed = 00:01:34 . Memory (MB): peak = 2121.500 ; gain = 1233.371
Synthesis Optimization Complete : Time (s): cpu = 00:01:28 ; elapsed = 00:01:45 . Memory (MB): peak = 2121.500 ; gain = 1301.930
INFO: [Project 1-571] Translating synthesized netlist
Netlist sorting complete. Time (s): cpu = 00:00:01 ; elapsed = 00:00:00.048 . Memory (MB): peak = 2130.590 ; gain = 0.000
INFO: [Netlist 29-17] Analyzing 149 Unisim elements for replacement
INFO: [Netlist 29-28] Unisim Transformation completed in 0 CPU seconds
INFO: [Project 1-570] Preparing netlist for logic optimization
INFO: [Opt 31-138] Pushed 0 inverter(s) to 0 load pin(s).
Netlist sorting complete. Time (s): cpu = 00:00:00 ; elapsed = 00:00:00.007 . Memory (MB): peak = 2134.227 ; gain = 0.000
INFO: [Project 1-111] Unisim Transformation Summary:
  A total of 2 instances were transformed.
  RAM16X1D => RAM32X1D (RAMD32(x2)): 1 instance 
  RAM32M => RAM32M (RAMD32(x6), RAMS32(x2)): 1 instance 

Synth Design complete | Checksum: f9fc2896
INFO: [Common 17-83] Releasing license: Vivado_Synthesis
326 Infos, 1 Warnings, 0 Critical Warnings and 0 Errors encountered.
synth_design completed successfully
synth_design: Time (s): cpu = 00:01:37 ; elapsed = 00:01:59 . Memory (MB): peak = 2134.273 ; gain = 1530.617
Write ShapeDB Complete: Time (s): cpu = 00:00:00 ; elapsed = 00:00:00.017 . Memory (MB): peak = 2134.273 ; gain = 0.000
INFO: [Common 17-1381] The checkpoint 'C:/Vitis_WS/Vector_Mult_IP/Vector_Mult_IP/hls/impl/verilog/project.runs/bd_0_hls_inst_0_synth_1/bd_0_hls_inst_0.dcp' has been generated.
INFO: [Ipptcl 7-1612] Added synthesis output to IP cache for IP bd_0_hls_inst_0, cache-ID = 829fb015064b2fd8
INFO: [Coretcl 2-1174] Renamed 51 cell refs.
Write ShapeDB Complete: Time (s): cpu = 00:00:00 ; elapsed = 00:00:00.018 . Memory (MB): peak = 2134.273 ; gain = 0.000
INFO: [Common 17-1381] The checkpoint 'C:/Vitis_WS/Vector_Mult_IP/Vector_Mult_IP/hls/impl/verilog/project.runs/bd_0_hls_inst_0_synth_1/bd_0_hls_inst_0.dcp' has been generated.
INFO: [Vivado 12-24828] Executing command : report_utilization -file bd_0_hls_inst_0_utilization_synth.rpt -pb bd_0_hls_inst_0_utilization_synth.pb
INFO: [Common 17-206] Exiting Vivado at Tue Sep  8 00:03:15 2026...
