

================================================================
== Vitis HLS Report for 'vector_mult'
================================================================
* Date:           Mon Sep  7 23:58:30 2026

* Version:        2026.1 (Build 6493734 on Jun 16 2026)
* Project:        Vector_Mult_IP
* Solution:       hls
* Product family: zynq
* Target device:  xc7z020-clg400-1


================================================================
== Performance Estimates
================================================================
+ Timing: 
    * Summary: 
    +--------+----------+----------+------------+
    |  Clock |  Target  | Estimated| Uncertainty|
    +--------+----------+----------+------------+
    |ap_clk  |  10.00 ns|  7.300 ns|     2.70 ns|
    +--------+----------+----------+------------+

+ Latency: 
    * Summary: 
    +---------+---------+----------+----------+-----+-----+-----------------------------------------+
    |  Latency (cycles) |  Latency (absolute) |  Interval |                 Pipeline                |
    |   min   |   max   |    min   |    max   | min | max |                   Type                  |
    +---------+---------+----------+----------+-----+-----+-----------------------------------------+
    |        ?|        ?|         ?|         ?|    0|    0|  loop auto-rewind stp (delay=0 cycle(s))|
    +---------+---------+----------+----------+-----+-----+-----------------------------------------+

    + Detail: 
        * Instance: 
        N/A

        * Loop: 
        +-------------------+---------+---------+----------+-----------+-----------+------+----------+
        |                   |  Latency (cycles) | Iteration|  Initiation Interval  | Trip |          |
        |     Loop Name     |   min   |   max   |  Latency |  achieved |   target  | Count| Pipelined|
        +-------------------+---------+---------+----------+-----------+-----------+------+----------+
        |- VITIS_LOOP_20_1  |        ?|        ?|        18|          1|          1|     ?|       yes|
        +-------------------+---------+---------+----------+-----------+-----------+------+----------+



================================================================
== Utilization Estimates
================================================================
* Summary: 
+-----------------+---------+-----+--------+-------+-----+
|       Name      | BRAM_18K| DSP |   FF   |  LUT  | URAM|
+-----------------+---------+-----+--------+-------+-----+
|DSP              |        -|    -|       -|      -|    -|
|Expression       |        -|    -|       0|    204|    -|
|FIFO             |        -|    -|       -|      -|    -|
|Instance         |        4|    3|    2271|   2514|    -|
|Memory           |        -|    -|       -|      -|    -|
|Multiplexer      |        -|    -|       0|     99|    -|
|Register         |        -|    -|     675|    128|    -|
+-----------------+---------+-----+--------+-------+-----+
|Total            |        4|    3|    2946|   2945|    0|
+-----------------+---------+-----+--------+-------+-----+
|Available        |      280|  220|  106400|  53200|    0|
+-----------------+---------+-----+--------+-------+-----+
|Utilization (%)  |        1|    1|       2|      5|    0|
+-----------------+---------+-----+--------+-------+-----+

+ Detail: 
    * Instance: 
    +-----------------------+--------------------+---------+----+-----+-----+-----+
    |        Instance       |       Module       | BRAM_18K| DSP|  FF | LUT | URAM|
    +-----------------------+--------------------+---------+----+-----+-----+-----+
    |control_s_axi_U        |control_s_axi       |        0|   0|  284|  488|    0|
    |gmem_A_m_axi_U         |gmem_A_m_axi        |        2|   0|  671|  657|    0|
    |gmem_B_m_axi_U         |gmem_B_m_axi        |        2|   0|  671|  657|    0|
    |gmem_C_m_axi_U         |gmem_C_m_axi        |        0|   0|  611|  665|    0|
    |mul_32s_32s_32_2_1_U1  |mul_32s_32s_32_2_1  |        0|   3|   34|   47|    0|
    +-----------------------+--------------------+---------+----+-----+-----+-----+
    |Total                  |                    |        4|   3| 2271| 2514|    0|
    +-----------------------+--------------------+---------+----+-----+-----+-----+

    * DSP: 
    N/A

    * Memory: 
    N/A

    * FIFO: 
    N/A

    * Expression: 
    +-----------------------------------------+----------+----+---+----+------------+------------+
    |              Variable Name              | Operation| DSP| FF| LUT| Bitwidth P0| Bitwidth P1|
    +-----------------------------------------+----------+----+---+----+------------+------------+
    |add_ln20_fu_253_p2                       |         +|   0|  0|  38|          31|           1|
    |ap_block_state12_io_grp1                 |       and|   0|  0|   2|           1|           1|
    |ap_block_state18_pp0_stage0_iter17_grp1  |       and|   0|  0|   2|           1|           1|
    |ap_condition_725                         |       and|   0|  0|   2|           1|           1|
    |ap_condition_847                         |       and|   0|  0|   2|           1|           1|
    |icmp_ln20_1_fu_247_p2                    |      icmp|   0|  0|  39|          32|          32|
    |icmp_ln20_2_fu_263_p2                    |      icmp|   0|  0|  39|          32|          32|
    |icmp_ln20_fu_197_p2                      |      icmp|   0|  0|  39|          32|           1|
    |ap_block_pp0_stage0_01001_grp1           |        or|   0|  0|   2|           1|           1|
    |ap_block_pp0_stage0_11001                |        or|   0|  0|   2|           1|           1|
    |ap_block_state10_pp0_stage0_iter9_grp1   |        or|   0|  0|   2|           1|           1|
    |ap_block_state2_io_grp1                  |        or|   0|  0|   2|           1|           1|
    |empty_fu_207_p3                          |    select|   0|  0|  31|           1|          31|
    |ap_enable_pp0                            |       xor|   0|  0|   2|           1|           2|
    +-----------------------------------------+----------+----+---+----+------------+------------+
    |Total                                    |          |   0|  0| 204|         137|         107|
    +-----------------------------------------+----------+----+---+----+------------+------------+

    * Multiplexer: 
    +-------------------------+----+-----------+-----+-----------+
    |           Name          | LUT| Input Size| Bits| Total Bits|
    +-------------------------+----+-----------+-----+-----------+
    |ap_done_int              |   9|          2|    1|          2|
    |ap_enable_reg_pp0_iter1  |   9|          2|    1|          2|
    |ap_sig_allocacmp_i_load  |   9|          2|   31|         62|
    |gmem_A_blk_n_AR          |   9|          2|    1|          2|
    |gmem_A_blk_n_R           |   9|          2|    1|          2|
    |gmem_B_blk_n_AR          |   9|          2|    1|          2|
    |gmem_B_blk_n_R           |   9|          2|    1|          2|
    |gmem_C_blk_n_AW          |   9|          2|    1|          2|
    |gmem_C_blk_n_B           |   9|          2|    1|          2|
    |gmem_C_blk_n_W           |   9|          2|    1|          2|
    |i_fu_112                 |   9|          2|   31|         62|
    +-------------------------+----+-----------+-----+-----------+
    |Total                    |  99|         22|   71|        142|
    +-------------------------+----+-----------+-----+-----------+

    * Register: 
    +-----------------------------------+----+----+-----+-----------+
    |                Name               | FF | LUT| Bits| Const Bits|
    +-----------------------------------+----+----+-----+-----------+
    |A_read_reg_331                     |  64|   0|   64|          0|
    |B_read_reg_326                     |  64|   0|   64|          0|
    |ap_CS_fsm                          |   1|   0|    1|          0|
    |ap_done_reg                        |   1|   0|    1|          0|
    |ap_enable_reg_pp0_iter1            |   1|   0|    1|          0|
    |ap_enable_reg_pp0_iter10           |   1|   0|    1|          0|
    |ap_enable_reg_pp0_iter11           |   1|   0|    1|          0|
    |ap_enable_reg_pp0_iter12           |   1|   0|    1|          0|
    |ap_enable_reg_pp0_iter13           |   1|   0|    1|          0|
    |ap_enable_reg_pp0_iter14           |   1|   0|    1|          0|
    |ap_enable_reg_pp0_iter15           |   1|   0|    1|          0|
    |ap_enable_reg_pp0_iter16           |   1|   0|    1|          0|
    |ap_enable_reg_pp0_iter17           |   1|   0|    1|          0|
    |ap_enable_reg_pp0_iter2            |   1|   0|    1|          0|
    |ap_enable_reg_pp0_iter3            |   1|   0|    1|          0|
    |ap_enable_reg_pp0_iter4            |   1|   0|    1|          0|
    |ap_enable_reg_pp0_iter5            |   1|   0|    1|          0|
    |ap_enable_reg_pp0_iter6            |   1|   0|    1|          0|
    |ap_enable_reg_pp0_iter7            |   1|   0|    1|          0|
    |ap_enable_reg_pp0_iter8            |   1|   0|    1|          0|
    |ap_enable_reg_pp0_iter9            |   1|   0|    1|          0|
    |ap_loop_exit_ready_pp0_iter10_reg  |   1|   0|    1|          0|
    |ap_loop_exit_ready_pp0_iter11_reg  |   1|   0|    1|          0|
    |ap_loop_exit_ready_pp0_iter12_reg  |   1|   0|    1|          0|
    |ap_loop_exit_ready_pp0_iter13_reg  |   1|   0|    1|          0|
    |ap_loop_exit_ready_pp0_iter14_reg  |   1|   0|    1|          0|
    |ap_loop_exit_ready_pp0_iter15_reg  |   1|   0|    1|          0|
    |ap_loop_exit_ready_pp0_iter16_reg  |   1|   0|    1|          0|
    |ap_loop_exit_ready_pp0_iter1_reg   |   1|   0|    1|          0|
    |ap_loop_exit_ready_pp0_iter2_reg   |   1|   0|    1|          0|
    |ap_loop_exit_ready_pp0_iter3_reg   |   1|   0|    1|          0|
    |ap_loop_exit_ready_pp0_iter4_reg   |   1|   0|    1|          0|
    |ap_loop_exit_ready_pp0_iter5_reg   |   1|   0|    1|          0|
    |ap_loop_exit_ready_pp0_iter6_reg   |   1|   0|    1|          0|
    |ap_loop_exit_ready_pp0_iter7_reg   |   1|   0|    1|          0|
    |ap_loop_exit_ready_pp0_iter8_reg   |   1|   0|    1|          0|
    |ap_loop_exit_ready_pp0_iter9_reg   |   1|   0|    1|          0|
    |empty_reg_336                      |  31|   0|   31|          0|
    |first_iter_0_reg_181               |   1|   0|    1|          0|
    |gmem_A_addr_read_reg_375           |  32|   0|   32|          0|
    |gmem_B_addr_read_reg_380           |  32|   0|   32|          0|
    |gmem_C_addr_reg_341                |  64|   0|   64|          0|
    |i_fu_112                           |  31|   0|   31|          0|
    |icmp_ln20_1_reg_348                |   1|   0|    1|          0|
    |icmp_ln20_2_reg_352                |   1|   0|    1|          0|
    |result_reg_385                     |  32|   0|   32|          0|
    |zext_ln20_reg_362                  |  31|   0|   64|         33|
    |first_iter_0_reg_181               |  64|  32|    1|          0|
    |gmem_C_addr_reg_341                |  64|  32|   64|          0|
    |icmp_ln20_2_reg_352                |  64|  32|    1|          0|
    |zext_ln20_reg_362                  |  64|  32|   64|         33|
    +-----------------------------------+----+----+-----+-----------+
    |Total                              | 675| 128|  582|         66|
    +-----------------------------------+----+----+-----+-----------+



================================================================
== Interface
================================================================
* Summary: 
+-----------------------+-----+-----+------------+--------------+--------------+
|       RTL Ports       | Dir | Bits|  Protocol  | Source Object|    C Type    |
+-----------------------+-----+-----+------------+--------------+--------------+
|s_axi_control_AWVALID  |   in|    1|       s_axi|       control|        scalar|
|s_axi_control_AWREADY  |  out|    1|       s_axi|       control|        scalar|
|s_axi_control_AWADDR   |   in|    6|       s_axi|       control|        scalar|
|s_axi_control_WVALID   |   in|    1|       s_axi|       control|        scalar|
|s_axi_control_WREADY   |  out|    1|       s_axi|       control|        scalar|
|s_axi_control_WDATA    |   in|   32|       s_axi|       control|        scalar|
|s_axi_control_WSTRB    |   in|    4|       s_axi|       control|        scalar|
|s_axi_control_ARVALID  |   in|    1|       s_axi|       control|        scalar|
|s_axi_control_ARREADY  |  out|    1|       s_axi|       control|        scalar|
|s_axi_control_ARADDR   |   in|    6|       s_axi|       control|        scalar|
|s_axi_control_RVALID   |  out|    1|       s_axi|       control|        scalar|
|s_axi_control_RREADY   |   in|    1|       s_axi|       control|        scalar|
|s_axi_control_RDATA    |  out|   32|       s_axi|       control|        scalar|
|s_axi_control_RRESP    |  out|    2|       s_axi|       control|        scalar|
|s_axi_control_BVALID   |  out|    1|       s_axi|       control|        scalar|
|s_axi_control_BREADY   |   in|    1|       s_axi|       control|        scalar|
|s_axi_control_BRESP    |  out|    2|       s_axi|       control|        scalar|
|ap_clk                 |   in|    1|  ap_ctrl_hs|   vector_mult|  return value|
|ap_rst_n               |   in|    1|  ap_ctrl_hs|   vector_mult|  return value|
|interrupt              |  out|    1|  ap_ctrl_hs|   vector_mult|  return value|
|m_axi_gmem_A_AWVALID   |  out|    1|       m_axi|        gmem_A|       pointer|
|m_axi_gmem_A_AWREADY   |   in|    1|       m_axi|        gmem_A|       pointer|
|m_axi_gmem_A_AWADDR    |  out|   64|       m_axi|        gmem_A|       pointer|
|m_axi_gmem_A_AWID      |  out|    1|       m_axi|        gmem_A|       pointer|
|m_axi_gmem_A_AWLEN     |  out|    8|       m_axi|        gmem_A|       pointer|
|m_axi_gmem_A_AWSIZE    |  out|    3|       m_axi|        gmem_A|       pointer|
|m_axi_gmem_A_AWBURST   |  out|    2|       m_axi|        gmem_A|       pointer|
|m_axi_gmem_A_AWLOCK    |  out|    2|       m_axi|        gmem_A|       pointer|
|m_axi_gmem_A_AWCACHE   |  out|    4|       m_axi|        gmem_A|       pointer|
|m_axi_gmem_A_AWPROT    |  out|    3|       m_axi|        gmem_A|       pointer|
|m_axi_gmem_A_AWQOS     |  out|    4|       m_axi|        gmem_A|       pointer|
|m_axi_gmem_A_AWREGION  |  out|    4|       m_axi|        gmem_A|       pointer|
|m_axi_gmem_A_AWUSER    |  out|    1|       m_axi|        gmem_A|       pointer|
|m_axi_gmem_A_WVALID    |  out|    1|       m_axi|        gmem_A|       pointer|
|m_axi_gmem_A_WREADY    |   in|    1|       m_axi|        gmem_A|       pointer|
|m_axi_gmem_A_WDATA     |  out|   32|       m_axi|        gmem_A|       pointer|
|m_axi_gmem_A_WSTRB     |  out|    4|       m_axi|        gmem_A|       pointer|
|m_axi_gmem_A_WLAST     |  out|    1|       m_axi|        gmem_A|       pointer|
|m_axi_gmem_A_WID       |  out|    1|       m_axi|        gmem_A|       pointer|
|m_axi_gmem_A_WUSER     |  out|    1|       m_axi|        gmem_A|       pointer|
|m_axi_gmem_A_ARVALID   |  out|    1|       m_axi|        gmem_A|       pointer|
|m_axi_gmem_A_ARREADY   |   in|    1|       m_axi|        gmem_A|       pointer|
|m_axi_gmem_A_ARADDR    |  out|   64|       m_axi|        gmem_A|       pointer|
|m_axi_gmem_A_ARID      |  out|    1|       m_axi|        gmem_A|       pointer|
|m_axi_gmem_A_ARLEN     |  out|    8|       m_axi|        gmem_A|       pointer|
|m_axi_gmem_A_ARSIZE    |  out|    3|       m_axi|        gmem_A|       pointer|
|m_axi_gmem_A_ARBURST   |  out|    2|       m_axi|        gmem_A|       pointer|
|m_axi_gmem_A_ARLOCK    |  out|    2|       m_axi|        gmem_A|       pointer|
|m_axi_gmem_A_ARCACHE   |  out|    4|       m_axi|        gmem_A|       pointer|
|m_axi_gmem_A_ARPROT    |  out|    3|       m_axi|        gmem_A|       pointer|
|m_axi_gmem_A_ARQOS     |  out|    4|       m_axi|        gmem_A|       pointer|
|m_axi_gmem_A_ARREGION  |  out|    4|       m_axi|        gmem_A|       pointer|
|m_axi_gmem_A_ARUSER    |  out|    1|       m_axi|        gmem_A|       pointer|
|m_axi_gmem_A_RVALID    |   in|    1|       m_axi|        gmem_A|       pointer|
|m_axi_gmem_A_RREADY    |  out|    1|       m_axi|        gmem_A|       pointer|
|m_axi_gmem_A_RDATA     |   in|   32|       m_axi|        gmem_A|       pointer|
|m_axi_gmem_A_RLAST     |   in|    1|       m_axi|        gmem_A|       pointer|
|m_axi_gmem_A_RID       |   in|    1|       m_axi|        gmem_A|       pointer|
|m_axi_gmem_A_RUSER     |   in|    1|       m_axi|        gmem_A|       pointer|
|m_axi_gmem_A_RRESP     |   in|    2|       m_axi|        gmem_A|       pointer|
|m_axi_gmem_A_BVALID    |   in|    1|       m_axi|        gmem_A|       pointer|
|m_axi_gmem_A_BREADY    |  out|    1|       m_axi|        gmem_A|       pointer|
|m_axi_gmem_A_BRESP     |   in|    2|       m_axi|        gmem_A|       pointer|
|m_axi_gmem_A_BID       |   in|    1|       m_axi|        gmem_A|       pointer|
|m_axi_gmem_A_BUSER     |   in|    1|       m_axi|        gmem_A|       pointer|
|m_axi_gmem_B_AWVALID   |  out|    1|       m_axi|        gmem_B|       pointer|
|m_axi_gmem_B_AWREADY   |   in|    1|       m_axi|        gmem_B|       pointer|
|m_axi_gmem_B_AWADDR    |  out|   64|       m_axi|        gmem_B|       pointer|
|m_axi_gmem_B_AWID      |  out|    1|       m_axi|        gmem_B|       pointer|
|m_axi_gmem_B_AWLEN     |  out|    8|       m_axi|        gmem_B|       pointer|
|m_axi_gmem_B_AWSIZE    |  out|    3|       m_axi|        gmem_B|       pointer|
|m_axi_gmem_B_AWBURST   |  out|    2|       m_axi|        gmem_B|       pointer|
|m_axi_gmem_B_AWLOCK    |  out|    2|       m_axi|        gmem_B|       pointer|
|m_axi_gmem_B_AWCACHE   |  out|    4|       m_axi|        gmem_B|       pointer|
|m_axi_gmem_B_AWPROT    |  out|    3|       m_axi|        gmem_B|       pointer|
|m_axi_gmem_B_AWQOS     |  out|    4|       m_axi|        gmem_B|       pointer|
|m_axi_gmem_B_AWREGION  |  out|    4|       m_axi|        gmem_B|       pointer|
|m_axi_gmem_B_AWUSER    |  out|    1|       m_axi|        gmem_B|       pointer|
|m_axi_gmem_B_WVALID    |  out|    1|       m_axi|        gmem_B|       pointer|
|m_axi_gmem_B_WREADY    |   in|    1|       m_axi|        gmem_B|       pointer|
|m_axi_gmem_B_WDATA     |  out|   32|       m_axi|        gmem_B|       pointer|
|m_axi_gmem_B_WSTRB     |  out|    4|       m_axi|        gmem_B|       pointer|
|m_axi_gmem_B_WLAST     |  out|    1|       m_axi|        gmem_B|       pointer|
|m_axi_gmem_B_WID       |  out|    1|       m_axi|        gmem_B|       pointer|
|m_axi_gmem_B_WUSER     |  out|    1|       m_axi|        gmem_B|       pointer|
|m_axi_gmem_B_ARVALID   |  out|    1|       m_axi|        gmem_B|       pointer|
|m_axi_gmem_B_ARREADY   |   in|    1|       m_axi|        gmem_B|       pointer|
|m_axi_gmem_B_ARADDR    |  out|   64|       m_axi|        gmem_B|       pointer|
|m_axi_gmem_B_ARID      |  out|    1|       m_axi|        gmem_B|       pointer|
|m_axi_gmem_B_ARLEN     |  out|    8|       m_axi|        gmem_B|       pointer|
|m_axi_gmem_B_ARSIZE    |  out|    3|       m_axi|        gmem_B|       pointer|
|m_axi_gmem_B_ARBURST   |  out|    2|       m_axi|        gmem_B|       pointer|
|m_axi_gmem_B_ARLOCK    |  out|    2|       m_axi|        gmem_B|       pointer|
|m_axi_gmem_B_ARCACHE   |  out|    4|       m_axi|        gmem_B|       pointer|
|m_axi_gmem_B_ARPROT    |  out|    3|       m_axi|        gmem_B|       pointer|
|m_axi_gmem_B_ARQOS     |  out|    4|       m_axi|        gmem_B|       pointer|
|m_axi_gmem_B_ARREGION  |  out|    4|       m_axi|        gmem_B|       pointer|
|m_axi_gmem_B_ARUSER    |  out|    1|       m_axi|        gmem_B|       pointer|
|m_axi_gmem_B_RVALID    |   in|    1|       m_axi|        gmem_B|       pointer|
|m_axi_gmem_B_RREADY    |  out|    1|       m_axi|        gmem_B|       pointer|
|m_axi_gmem_B_RDATA     |   in|   32|       m_axi|        gmem_B|       pointer|
|m_axi_gmem_B_RLAST     |   in|    1|       m_axi|        gmem_B|       pointer|
|m_axi_gmem_B_RID       |   in|    1|       m_axi|        gmem_B|       pointer|
|m_axi_gmem_B_RUSER     |   in|    1|       m_axi|        gmem_B|       pointer|
|m_axi_gmem_B_RRESP     |   in|    2|       m_axi|        gmem_B|       pointer|
|m_axi_gmem_B_BVALID    |   in|    1|       m_axi|        gmem_B|       pointer|
|m_axi_gmem_B_BREADY    |  out|    1|       m_axi|        gmem_B|       pointer|
|m_axi_gmem_B_BRESP     |   in|    2|       m_axi|        gmem_B|       pointer|
|m_axi_gmem_B_BID       |   in|    1|       m_axi|        gmem_B|       pointer|
|m_axi_gmem_B_BUSER     |   in|    1|       m_axi|        gmem_B|       pointer|
|m_axi_gmem_C_AWVALID   |  out|    1|       m_axi|        gmem_C|       pointer|
|m_axi_gmem_C_AWREADY   |   in|    1|       m_axi|        gmem_C|       pointer|
|m_axi_gmem_C_AWADDR    |  out|   64|       m_axi|        gmem_C|       pointer|
|m_axi_gmem_C_AWID      |  out|    1|       m_axi|        gmem_C|       pointer|
|m_axi_gmem_C_AWLEN     |  out|    8|       m_axi|        gmem_C|       pointer|
|m_axi_gmem_C_AWSIZE    |  out|    3|       m_axi|        gmem_C|       pointer|
|m_axi_gmem_C_AWBURST   |  out|    2|       m_axi|        gmem_C|       pointer|
|m_axi_gmem_C_AWLOCK    |  out|    2|       m_axi|        gmem_C|       pointer|
|m_axi_gmem_C_AWCACHE   |  out|    4|       m_axi|        gmem_C|       pointer|
|m_axi_gmem_C_AWPROT    |  out|    3|       m_axi|        gmem_C|       pointer|
|m_axi_gmem_C_AWQOS     |  out|    4|       m_axi|        gmem_C|       pointer|
|m_axi_gmem_C_AWREGION  |  out|    4|       m_axi|        gmem_C|       pointer|
|m_axi_gmem_C_AWUSER    |  out|    1|       m_axi|        gmem_C|       pointer|
|m_axi_gmem_C_WVALID    |  out|    1|       m_axi|        gmem_C|       pointer|
|m_axi_gmem_C_WREADY    |   in|    1|       m_axi|        gmem_C|       pointer|
|m_axi_gmem_C_WDATA     |  out|   32|       m_axi|        gmem_C|       pointer|
|m_axi_gmem_C_WSTRB     |  out|    4|       m_axi|        gmem_C|       pointer|
|m_axi_gmem_C_WLAST     |  out|    1|       m_axi|        gmem_C|       pointer|
|m_axi_gmem_C_WID       |  out|    1|       m_axi|        gmem_C|       pointer|
|m_axi_gmem_C_WUSER     |  out|    1|       m_axi|        gmem_C|       pointer|
|m_axi_gmem_C_ARVALID   |  out|    1|       m_axi|        gmem_C|       pointer|
|m_axi_gmem_C_ARREADY   |   in|    1|       m_axi|        gmem_C|       pointer|
|m_axi_gmem_C_ARADDR    |  out|   64|       m_axi|        gmem_C|       pointer|
|m_axi_gmem_C_ARID      |  out|    1|       m_axi|        gmem_C|       pointer|
|m_axi_gmem_C_ARLEN     |  out|    8|       m_axi|        gmem_C|       pointer|
|m_axi_gmem_C_ARSIZE    |  out|    3|       m_axi|        gmem_C|       pointer|
|m_axi_gmem_C_ARBURST   |  out|    2|       m_axi|        gmem_C|       pointer|
|m_axi_gmem_C_ARLOCK    |  out|    2|       m_axi|        gmem_C|       pointer|
|m_axi_gmem_C_ARCACHE   |  out|    4|       m_axi|        gmem_C|       pointer|
|m_axi_gmem_C_ARPROT    |  out|    3|       m_axi|        gmem_C|       pointer|
|m_axi_gmem_C_ARQOS     |  out|    4|       m_axi|        gmem_C|       pointer|
|m_axi_gmem_C_ARREGION  |  out|    4|       m_axi|        gmem_C|       pointer|
|m_axi_gmem_C_ARUSER    |  out|    1|       m_axi|        gmem_C|       pointer|
|m_axi_gmem_C_RVALID    |   in|    1|       m_axi|        gmem_C|       pointer|
|m_axi_gmem_C_RREADY    |  out|    1|       m_axi|        gmem_C|       pointer|
|m_axi_gmem_C_RDATA     |   in|   32|       m_axi|        gmem_C|       pointer|
|m_axi_gmem_C_RLAST     |   in|    1|       m_axi|        gmem_C|       pointer|
|m_axi_gmem_C_RID       |   in|    1|       m_axi|        gmem_C|       pointer|
|m_axi_gmem_C_RUSER     |   in|    1|       m_axi|        gmem_C|       pointer|
|m_axi_gmem_C_RRESP     |   in|    2|       m_axi|        gmem_C|       pointer|
|m_axi_gmem_C_BVALID    |   in|    1|       m_axi|        gmem_C|       pointer|
|m_axi_gmem_C_BREADY    |  out|    1|       m_axi|        gmem_C|       pointer|
|m_axi_gmem_C_BRESP     |   in|    2|       m_axi|        gmem_C|       pointer|
|m_axi_gmem_C_BID       |   in|    1|       m_axi|        gmem_C|       pointer|
|m_axi_gmem_C_BUSER     |   in|    1|       m_axi|        gmem_C|       pointer|
+-----------------------+-----+-----+------------+--------------+--------------+

============================================================
+ Verbose Summary: Synthesis Manager
============================================================
InlineROM: 1
ExposeGlobal: 0
============================================================
+ Verbose Summary: CDFG Model
============================================================
IsTopModel: 1
ResetActiveHigh: 1
IsCombinational: 2
IsDatapathOnly: 2
HasWiredReturn: 1
HasMFsm: 2
HasVarLatency: 1
IsPipeline: 0
IsRtlPipelined: 0
IsInstanceOverlapped: 0
IsDontTouch: 0
HasImplIP: 0
IsGatedGlobalClock: 0

+ Individual pipeline summary: 
  * Pipeline-0: initiation interval (II) = 1, depth = 18


============================================================
+ Verbose Summary: Schedule
============================================================
* Number of FSM states : 18
* Pipeline : 1
  Pipeline-0 : II = 1, D = 18, States = { 1 2 3 4 5 6 7 8 9 10 11 12 13 14 15 16 17 18 }
* Dataflow Pipeline: 0

* FSM state transitions: 
1 --> 2 
2 --> 3 
3 --> 4 
4 --> 5 
5 --> 6 
6 --> 7 
7 --> 8 
8 --> 9 
9 --> 10 
10 --> 11 
11 --> 12 
12 --> 13 
13 --> 14 
14 --> 15 
15 --> 16 
16 --> 17 
17 --> 18 
18 --> 

* FSM state operations: 

State 1 <SV = 0> <Delay = 6.66>
ST_1 : Operation 21 [1/1] (0.00ns)   --->   "%i = alloca i32 1"   --->   Operation 21 'alloca' 'i' <Predicate = true> <Delay = 0.00>
ST_1 : Operation 22 [1/1] (0.00ns)   --->   "%spectopmodule_ln6 = spectopmodule void @_ssdm_op_SpecTopModule, void @empty_14" [Vector_Mult.cpp:6]   --->   Operation 22 'spectopmodule' 'spectopmodule_ln6' <Predicate = true> <Delay = 0.00>
ST_1 : Operation 23 [1/1] (0.00ns)   --->   "%specinterface_ln0 = specinterface void @_ssdm_op_SpecInterface, i32 %gmem_A, void @empty_0, i32 0, i32 0, void @empty_1, i32 0, i32 1000000, void @empty_2, void @empty_3, void @empty_1, i32 16, i32 16, i32 16, i32 16, void @empty_1, void @empty_1, i32 4294967295, i32 0, i32 0, i32 4"   --->   Operation 23 'specinterface' 'specinterface_ln0' <Predicate = true> <Delay = 0.00>
ST_1 : Operation 24 [1/1] (0.00ns)   --->   "%specbitsmap_ln0 = specbitsmap void @_ssdm_op_SpecBitsMap, i32 %gmem_A"   --->   Operation 24 'specbitsmap' 'specbitsmap_ln0' <Predicate = true> <Delay = 0.00>
ST_1 : Operation 25 [1/1] (0.00ns)   --->   "%specinterface_ln0 = specinterface void @_ssdm_op_SpecInterface, i32 %gmem_B, void @empty_0, i32 0, i32 0, void @empty_1, i32 0, i32 1000000, void @empty_4, void @empty_3, void @empty_1, i32 16, i32 16, i32 16, i32 16, void @empty_1, void @empty_1, i32 4294967295, i32 0, i32 0, i32 4"   --->   Operation 25 'specinterface' 'specinterface_ln0' <Predicate = true> <Delay = 0.00>
ST_1 : Operation 26 [1/1] (0.00ns)   --->   "%specbitsmap_ln0 = specbitsmap void @_ssdm_op_SpecBitsMap, i32 %gmem_B"   --->   Operation 26 'specbitsmap' 'specbitsmap_ln0' <Predicate = true> <Delay = 0.00>
ST_1 : Operation 27 [1/1] (0.00ns)   --->   "%specinterface_ln0 = specinterface void @_ssdm_op_SpecInterface, i32 %gmem_C, void @empty_0, i32 0, i32 0, void @empty_1, i32 0, i32 1000000, void @empty_5, void @empty_3, void @empty_1, i32 16, i32 16, i32 16, i32 16, void @empty_1, void @empty_1, i32 4294967295, i32 0, i32 0, i32 4"   --->   Operation 27 'specinterface' 'specinterface_ln0' <Predicate = true> <Delay = 0.00>
ST_1 : Operation 28 [1/1] (0.00ns)   --->   "%specbitsmap_ln0 = specbitsmap void @_ssdm_op_SpecBitsMap, i32 %gmem_C"   --->   Operation 28 'specbitsmap' 'specbitsmap_ln0' <Predicate = true> <Delay = 0.00>
ST_1 : Operation 29 [1/1] (0.00ns)   --->   "%specinterface_ln0 = specinterface void @_ssdm_op_SpecInterface, i64 %A, void @empty_6, i32 0, i32 0, void @empty_1, i32 0, i32 0, void @empty_7, void @empty_8, void @empty_1, i32 0, i32 0, i32 0, i32 0, void @empty_1, void @empty_9, i32 4294967295, i32 0, i32 0, i32 0"   --->   Operation 29 'specinterface' 'specinterface_ln0' <Predicate = true> <Delay = 0.00>
ST_1 : Operation 30 [1/1] (0.00ns)   --->   "%specinterface_ln0 = specinterface void @_ssdm_op_SpecInterface, i64 %A, void @empty_10, i32 0, i32 0, void @empty_1, i32 0, i32 0, void @empty_1, void @empty_1, void @empty_1, i32 0, i32 0, i32 0, i32 0, void @empty_1, void @empty_9, i32 4294967295, i32 0, i32 0, i32 0"   --->   Operation 30 'specinterface' 'specinterface_ln0' <Predicate = true> <Delay = 0.00>
ST_1 : Operation 31 [1/1] (0.00ns)   --->   "%specinterface_ln0 = specinterface void @_ssdm_op_SpecInterface, i64 %B, void @empty_6, i32 0, i32 0, void @empty_1, i32 0, i32 0, void @empty_7, void @empty_11, void @empty_1, i32 0, i32 0, i32 0, i32 0, void @empty_1, void @empty_9, i32 4294967295, i32 0, i32 0, i32 0"   --->   Operation 31 'specinterface' 'specinterface_ln0' <Predicate = true> <Delay = 0.00>
ST_1 : Operation 32 [1/1] (0.00ns)   --->   "%specinterface_ln0 = specinterface void @_ssdm_op_SpecInterface, i64 %B, void @empty_10, i32 0, i32 0, void @empty_1, i32 0, i32 0, void @empty_1, void @empty_1, void @empty_1, i32 0, i32 0, i32 0, i32 0, void @empty_1, void @empty_9, i32 4294967295, i32 0, i32 0, i32 0"   --->   Operation 32 'specinterface' 'specinterface_ln0' <Predicate = true> <Delay = 0.00>
ST_1 : Operation 33 [1/1] (0.00ns)   --->   "%specinterface_ln0 = specinterface void @_ssdm_op_SpecInterface, i64 %C, void @empty_6, i32 0, i32 0, void @empty_1, i32 0, i32 0, void @empty_7, void @empty_12, void @empty_1, i32 0, i32 0, i32 0, i32 0, void @empty_1, void @empty_9, i32 4294967295, i32 0, i32 0, i32 0"   --->   Operation 33 'specinterface' 'specinterface_ln0' <Predicate = true> <Delay = 0.00>
ST_1 : Operation 34 [1/1] (0.00ns)   --->   "%specinterface_ln0 = specinterface void @_ssdm_op_SpecInterface, i64 %C, void @empty_10, i32 0, i32 0, void @empty_1, i32 0, i32 0, void @empty_1, void @empty_1, void @empty_1, i32 0, i32 0, i32 0, i32 0, void @empty_1, void @empty_9, i32 4294967295, i32 0, i32 0, i32 0"   --->   Operation 34 'specinterface' 'specinterface_ln0' <Predicate = true> <Delay = 0.00>
ST_1 : Operation 35 [1/1] (0.00ns)   --->   "%specbitsmap_ln0 = specbitsmap void @_ssdm_op_SpecBitsMap, i32 %length_r"   --->   Operation 35 'specbitsmap' 'specbitsmap_ln0' <Predicate = true> <Delay = 0.00>
ST_1 : Operation 36 [1/1] (0.00ns)   --->   "%specinterface_ln0 = specinterface void @_ssdm_op_SpecInterface, i32 %length_r, void @empty_6, i32 0, i32 0, void @empty_1, i32 0, i32 0, void @empty_7, void @empty_13, void @empty_1, i32 0, i32 0, i32 0, i32 0, void @empty_1, void @empty_1, i32 4294967295, i32 0, i32 0, i32 0"   --->   Operation 36 'specinterface' 'specinterface_ln0' <Predicate = true> <Delay = 0.00>
ST_1 : Operation 37 [1/1] (0.00ns)   --->   "%specinterface_ln0 = specinterface void @_ssdm_op_SpecInterface, i32 %length_r, void @empty_10, i32 0, i32 0, void @empty_1, i32 0, i32 0, void @empty_1, void @empty_1, void @empty_1, i32 0, i32 0, i32 0, i32 0, void @empty_1, void @empty_1, i32 4294967295, i32 0, i32 0, i32 0"   --->   Operation 37 'specinterface' 'specinterface_ln0' <Predicate = true> <Delay = 0.00>
ST_1 : Operation 38 [1/1] (0.00ns)   --->   "%specinterface_ln0 = specinterface void @_ssdm_op_SpecInterface, i32 0, void @empty_6, i32 0, i32 0, void @empty_1, i32 0, i32 0, void @empty_7, void @empty_1, void @empty_1, i32 0, i32 0, i32 0, i32 0, void @empty_1, void @empty_1, i32 0, i32 0, i32 0, i32 0"   --->   Operation 38 'specinterface' 'specinterface_ln0' <Predicate = true> <Delay = 0.00>
ST_1 : Operation 39 [1/1] (1.00ns)   --->   "%length_r_read = read i32 @_ssdm_op_Read.s_axilite.i32, i32 %length_r" [Vector_Mult.cpp:6]   --->   Operation 39 'read' 'length_r_read' <Predicate = true> <Delay = 1.00> <CoreInst = "s_axilite">   --->   Core 112 's_axilite' <Latency = 0> <II = 1> <Delay = 1.00> <Adapter> <Opcode : 'read' 'write'>
ST_1 : Operation 40 [1/1] (1.00ns)   --->   "%C_read = read i64 @_ssdm_op_Read.s_axilite.i64, i64 %C" [Vector_Mult.cpp:6]   --->   Operation 40 'read' 'C_read' <Predicate = true> <Delay = 1.00> <CoreInst = "s_axilite">   --->   Core 112 's_axilite' <Latency = 0> <II = 1> <Delay = 1.00> <Adapter> <Opcode : 'read' 'write'>
ST_1 : Operation 41 [1/1] (1.00ns)   --->   "%B_read = read i64 @_ssdm_op_Read.s_axilite.i64, i64 %B" [Vector_Mult.cpp:6]   --->   Operation 41 'read' 'B_read' <Predicate = true> <Delay = 1.00> <CoreInst = "s_axilite">   --->   Core 112 's_axilite' <Latency = 0> <II = 1> <Delay = 1.00> <Adapter> <Opcode : 'read' 'write'>
ST_1 : Operation 42 [1/1] (1.00ns)   --->   "%A_read = read i64 @_ssdm_op_Read.s_axilite.i64, i64 %A" [Vector_Mult.cpp:6]   --->   Operation 42 'read' 'A_read' <Predicate = true> <Delay = 1.00> <CoreInst = "s_axilite">   --->   Core 112 's_axilite' <Latency = 0> <II = 1> <Delay = 1.00> <Adapter> <Opcode : 'read' 'write'>
ST_1 : Operation 43 [1/1] (2.55ns)   --->   "%icmp_ln20 = icmp_sgt  i32 %length_r_read, i32 0" [Vector_Mult.cpp:20]   --->   Operation 43 'icmp' 'icmp_ln20' <Predicate = true> <Delay = 2.55> <CoreInst = "Cmp">   --->   Core 9 'Cmp' <Latency = 0> <II = 1> <Delay = 2.55> <FuncUnit> <Opcode : 'seteq' 'setne' 'setle' 'setge' 'setlt' 'setgt'> <InPorts = 2> <OutPorts = 1>
ST_1 : Operation 44 [1/1] (0.00ns)   --->   "%trunc_ln20 = trunc i32 %length_r_read" [Vector_Mult.cpp:20]   --->   Operation 44 'trunc' 'trunc_ln20' <Predicate = true> <Delay = 0.00>
ST_1 : Operation 45 [1/1] (0.73ns)   --->   "%empty = select i1 %icmp_ln20, i31 %trunc_ln20, i31 0" [Vector_Mult.cpp:20]   --->   Operation 45 'select' 'empty' <Predicate = true> <Delay = 0.73> <CoreInst = "Sel">   --->   Core 73 'Sel' <Latency = 0> <II = 1> <Delay = 0.73> <FuncUnit> <Opcode : 'select'> <InPorts = 3> <OutPorts = 1>
ST_1 : Operation 46 [1/1] (0.00ns)   --->   "%trunc_ln20_2 = partselect i62 @_ssdm_op_PartSelect.i62.i64.i32.i32, i64 %C_read, i32 2, i32 63" [Vector_Mult.cpp:20]   --->   Operation 46 'partselect' 'trunc_ln20_2' <Predicate = true> <Delay = 0.00>
ST_1 : Operation 47 [1/1] (0.00ns)   --->   "%sext_ln20_2 = sext i62 %trunc_ln20_2" [Vector_Mult.cpp:20]   --->   Operation 47 'sext' 'sext_ln20_2' <Predicate = true> <Delay = 0.00>
ST_1 : Operation 48 [1/1] (0.00ns)   --->   "%gmem_C_addr = getelementptr i32 %gmem_C, i64 %sext_ln20_2" [Vector_Mult.cpp:20]   --->   Operation 48 'getelementptr' 'gmem_C_addr' <Predicate = true> <Delay = 0.00>
ST_1 : Operation 49 [1/1] (1.58ns)   --->   "%store_ln0 = store i31 0, i31 %i"   --->   Operation 49 'store' 'store_ln0' <Predicate = true> <Delay = 1.58>
ST_1 : Operation 50 [1/1] (1.58ns)   --->   "%br_ln20 = br void %for.inc" [Vector_Mult.cpp:20]   --->   Operation 50 'br' 'br_ln20' <Predicate = true> <Delay = 1.58>
ST_1 : Operation 51 [1/1] (0.00ns)   --->   "%first_iter_0 = phi i1 0, void %new.latch.fpga_resource_hint.for.inc.0, i1 1, void %entry"   --->   Operation 51 'phi' 'first_iter_0' <Predicate = true> <Delay = 0.00>
ST_1 : Operation 52 [1/1] (0.00ns)   --->   "%i_load = load i31 %i" [Vector_Mult.cpp:20]   --->   Operation 52 'load' 'i_load' <Predicate = true> <Delay = 0.00>
ST_1 : Operation 53 [1/1] (0.00ns)   --->   "%zext_ln20_1 = zext i31 %i_load" [Vector_Mult.cpp:20]   --->   Operation 53 'zext' 'zext_ln20_1' <Predicate = true> <Delay = 0.00>
ST_1 : Operation 54 [1/1] (2.55ns)   --->   "%icmp_ln20_1 = icmp_slt  i32 %zext_ln20_1, i32 %length_r_read" [Vector_Mult.cpp:20]   --->   Operation 54 'icmp' 'icmp_ln20_1' <Predicate = true> <Delay = 2.55> <CoreInst = "Cmp">   --->   Core 9 'Cmp' <Latency = 0> <II = 1> <Delay = 2.55> <FuncUnit> <Opcode : 'seteq' 'setne' 'setle' 'setge' 'setlt' 'setgt'> <InPorts = 2> <OutPorts = 1>
ST_1 : Operation 55 [1/1] (0.00ns)   --->   "%br_ln20 = br i1 %icmp_ln20_1, void %for.end.loopexit, void %new.body.for.inc" [Vector_Mult.cpp:20]   --->   Operation 55 'br' 'br_ln20' <Predicate = true> <Delay = 0.00>
ST_1 : Operation 56 [1/1] (0.00ns)   --->   "%br_ln20 = br i1 %first_iter_0, void %fpga_resource_hint.for.inc.0, void %for.first.iter.for.inc" [Vector_Mult.cpp:20]   --->   Operation 56 'br' 'br_ln20' <Predicate = (icmp_ln20_1)> <Delay = 0.00>
ST_1 : Operation 57 [1/1] (2.52ns)   --->   "%add_ln20 = add i31 %i_load, i31 1" [Vector_Mult.cpp:20]   --->   Operation 57 'add' 'add_ln20' <Predicate = (icmp_ln20_1)> <Delay = 2.52> <CoreInst = "Adder">   --->   Core 1 'Adder' <Latency = 0> <II = 1> <Delay = 2.52> <FuncUnit> <Opcode : 'add' 'sub'> <InPorts = 2> <OutPorts = 1>
ST_1 : Operation 58 [1/1] (0.00ns)   --->   "%zext_ln21 = zext i31 %add_ln20" [Vector_Mult.cpp:21]   --->   Operation 58 'zext' 'zext_ln21' <Predicate = (icmp_ln20_1)> <Delay = 0.00>
ST_1 : Operation 59 [1/1] (2.55ns)   --->   "%icmp_ln20_2 = icmp_slt  i32 %zext_ln21, i32 %length_r_read" [Vector_Mult.cpp:20]   --->   Operation 59 'icmp' 'icmp_ln20_2' <Predicate = (icmp_ln20_1)> <Delay = 2.55> <CoreInst = "Cmp">   --->   Core 9 'Cmp' <Latency = 0> <II = 1> <Delay = 2.55> <FuncUnit> <Opcode : 'seteq' 'setne' 'setle' 'setge' 'setlt' 'setgt'> <InPorts = 2> <OutPorts = 1>
ST_1 : Operation 60 [1/1] (0.00ns)   --->   "%br_ln20 = br i1 %icmp_ln20_2, void %last.iter.fpga_resource_hint.for.inc.0, void %new.latch.fpga_resource_hint.for.inc.0" [Vector_Mult.cpp:20]   --->   Operation 60 'br' 'br_ln20' <Predicate = (icmp_ln20_1)> <Delay = 0.00>
ST_1 : Operation 61 [1/1] (1.58ns)   --->   "%store_ln20 = store i31 %add_ln20, i31 %i" [Vector_Mult.cpp:20]   --->   Operation 61 'store' 'store_ln20' <Predicate = (icmp_ln20_1)> <Delay = 1.58>
ST_1 : Operation 62 [1/1] (0.00ns)   --->   "%br_ln20 = br void %for.inc" [Vector_Mult.cpp:20]   --->   Operation 62 'br' 'br_ln20' <Predicate = (icmp_ln20_1)> <Delay = 0.00>

State 2 <SV = 1> <Delay = 7.30>
ST_2 : Operation 63 [1/1] (0.00ns)   --->   "%trunc_ln = partselect i62 @_ssdm_op_PartSelect.i62.i64.i32.i32, i64 %A_read, i32 2, i32 63" [Vector_Mult.cpp:20]   --->   Operation 63 'partselect' 'trunc_ln' <Predicate = true> <Delay = 0.00>
ST_2 : Operation 64 [1/1] (0.00ns)   --->   "%sext_ln20 = sext i62 %trunc_ln" [Vector_Mult.cpp:20]   --->   Operation 64 'sext' 'sext_ln20' <Predicate = true> <Delay = 0.00>
ST_2 : Operation 65 [1/1] (0.00ns)   --->   "%gmem_A_addr = getelementptr i32 %gmem_A, i64 %sext_ln20" [Vector_Mult.cpp:20]   --->   Operation 65 'getelementptr' 'gmem_A_addr' <Predicate = true> <Delay = 0.00>
ST_2 : Operation 66 [1/1] (0.00ns)   --->   "%zext_ln20 = zext i31 %empty" [Vector_Mult.cpp:20]   --->   Operation 66 'zext' 'zext_ln20' <Predicate = true> <Delay = 0.00>
ST_2 : Operation 67 [1/1] (0.00ns)   --->   "%trunc_ln20_1 = partselect i62 @_ssdm_op_PartSelect.i62.i64.i32.i32, i64 %B_read, i32 2, i32 63" [Vector_Mult.cpp:20]   --->   Operation 67 'partselect' 'trunc_ln20_1' <Predicate = true> <Delay = 0.00>
ST_2 : Operation 68 [1/1] (0.00ns)   --->   "%sext_ln20_1 = sext i62 %trunc_ln20_1" [Vector_Mult.cpp:20]   --->   Operation 68 'sext' 'sext_ln20_1' <Predicate = true> <Delay = 0.00>
ST_2 : Operation 69 [1/1] (0.00ns)   --->   "%gmem_B_addr = getelementptr i32 %gmem_B, i64 %sext_ln20_1" [Vector_Mult.cpp:20]   --->   Operation 69 'getelementptr' 'gmem_B_addr' <Predicate = true> <Delay = 0.00>
ST_2 : Operation 70 [8/8] (7.30ns)   --->   "%empty_20 = readreq i1 @_ssdm_op_ReadReq.m_axi.p1i32, i64 %gmem_A_addr, i64 %zext_ln20" [Vector_Mult.cpp:20]   --->   Operation 70 'readreq' 'empty_20' <Predicate = (first_iter_0)> <Delay = 7.30> <CoreInst = "m_axi">   --->   Core 111 'm_axi' <Latency = 6> <II = 1> <Delay = 1.00> <Adapter> <Opcode : 'readrequnaligned' 'writerequnaligned' 'read' 'write' 'readreq' 'writereq' 'writeresp'>
ST_2 : Operation 71 [8/8] (7.30ns)   --->   "%empty_21 = readreq i1 @_ssdm_op_ReadReq.m_axi.p1i32, i64 %gmem_B_addr, i64 %zext_ln20" [Vector_Mult.cpp:20]   --->   Operation 71 'readreq' 'empty_21' <Predicate = (first_iter_0)> <Delay = 7.30> <CoreInst = "m_axi">   --->   Core 111 'm_axi' <Latency = 6> <II = 1> <Delay = 1.00> <Adapter> <Opcode : 'readrequnaligned' 'writerequnaligned' 'read' 'write' 'readreq' 'writereq' 'writeresp'>

State 3 <SV = 2> <Delay = 0.00>
ST_3 : Operation 72 [7/8] (7.30ns)   --->   "%empty_20 = readreq i1 @_ssdm_op_ReadReq.m_axi.p1i32, i64 %gmem_A_addr, i64 %zext_ln20" [Vector_Mult.cpp:20]   --->   Operation 72 'readreq' 'empty_20' <Predicate = (first_iter_0)> <Delay = 7.30> <CoreInst = "m_axi">   --->   Core 111 'm_axi' <Latency = 6> <II = 1> <Delay = 1.00> <Adapter> <Opcode : 'readrequnaligned' 'writerequnaligned' 'read' 'write' 'readreq' 'writereq' 'writeresp'>
ST_3 : Operation 73 [7/8] (7.30ns)   --->   "%empty_21 = readreq i1 @_ssdm_op_ReadReq.m_axi.p1i32, i64 %gmem_B_addr, i64 %zext_ln20" [Vector_Mult.cpp:20]   --->   Operation 73 'readreq' 'empty_21' <Predicate = (first_iter_0)> <Delay = 7.30> <CoreInst = "m_axi">   --->   Core 111 'm_axi' <Latency = 6> <II = 1> <Delay = 1.00> <Adapter> <Opcode : 'readrequnaligned' 'writerequnaligned' 'read' 'write' 'readreq' 'writereq' 'writeresp'>

State 4 <SV = 3> <Delay = 0.00>
ST_4 : Operation 74 [6/8] (7.30ns)   --->   "%empty_20 = readreq i1 @_ssdm_op_ReadReq.m_axi.p1i32, i64 %gmem_A_addr, i64 %zext_ln20" [Vector_Mult.cpp:20]   --->   Operation 74 'readreq' 'empty_20' <Predicate = (first_iter_0)> <Delay = 7.30> <CoreInst = "m_axi">   --->   Core 111 'm_axi' <Latency = 6> <II = 1> <Delay = 1.00> <Adapter> <Opcode : 'readrequnaligned' 'writerequnaligned' 'read' 'write' 'readreq' 'writereq' 'writeresp'>
ST_4 : Operation 75 [6/8] (7.30ns)   --->   "%empty_21 = readreq i1 @_ssdm_op_ReadReq.m_axi.p1i32, i64 %gmem_B_addr, i64 %zext_ln20" [Vector_Mult.cpp:20]   --->   Operation 75 'readreq' 'empty_21' <Predicate = (first_iter_0)> <Delay = 7.30> <CoreInst = "m_axi">   --->   Core 111 'm_axi' <Latency = 6> <II = 1> <Delay = 1.00> <Adapter> <Opcode : 'readrequnaligned' 'writerequnaligned' 'read' 'write' 'readreq' 'writereq' 'writeresp'>

State 5 <SV = 4> <Delay = 0.00>
ST_5 : Operation 76 [5/8] (7.30ns)   --->   "%empty_20 = readreq i1 @_ssdm_op_ReadReq.m_axi.p1i32, i64 %gmem_A_addr, i64 %zext_ln20" [Vector_Mult.cpp:20]   --->   Operation 76 'readreq' 'empty_20' <Predicate = (first_iter_0)> <Delay = 7.30> <CoreInst = "m_axi">   --->   Core 111 'm_axi' <Latency = 6> <II = 1> <Delay = 1.00> <Adapter> <Opcode : 'readrequnaligned' 'writerequnaligned' 'read' 'write' 'readreq' 'writereq' 'writeresp'>
ST_5 : Operation 77 [5/8] (7.30ns)   --->   "%empty_21 = readreq i1 @_ssdm_op_ReadReq.m_axi.p1i32, i64 %gmem_B_addr, i64 %zext_ln20" [Vector_Mult.cpp:20]   --->   Operation 77 'readreq' 'empty_21' <Predicate = (first_iter_0)> <Delay = 7.30> <CoreInst = "m_axi">   --->   Core 111 'm_axi' <Latency = 6> <II = 1> <Delay = 1.00> <Adapter> <Opcode : 'readrequnaligned' 'writerequnaligned' 'read' 'write' 'readreq' 'writereq' 'writeresp'>

State 6 <SV = 5> <Delay = 0.00>
ST_6 : Operation 78 [4/8] (7.30ns)   --->   "%empty_20 = readreq i1 @_ssdm_op_ReadReq.m_axi.p1i32, i64 %gmem_A_addr, i64 %zext_ln20" [Vector_Mult.cpp:20]   --->   Operation 78 'readreq' 'empty_20' <Predicate = (first_iter_0)> <Delay = 7.30> <CoreInst = "m_axi">   --->   Core 111 'm_axi' <Latency = 6> <II = 1> <Delay = 1.00> <Adapter> <Opcode : 'readrequnaligned' 'writerequnaligned' 'read' 'write' 'readreq' 'writereq' 'writeresp'>
ST_6 : Operation 79 [4/8] (7.30ns)   --->   "%empty_21 = readreq i1 @_ssdm_op_ReadReq.m_axi.p1i32, i64 %gmem_B_addr, i64 %zext_ln20" [Vector_Mult.cpp:20]   --->   Operation 79 'readreq' 'empty_21' <Predicate = (first_iter_0)> <Delay = 7.30> <CoreInst = "m_axi">   --->   Core 111 'm_axi' <Latency = 6> <II = 1> <Delay = 1.00> <Adapter> <Opcode : 'readrequnaligned' 'writerequnaligned' 'read' 'write' 'readreq' 'writereq' 'writeresp'>

State 7 <SV = 6> <Delay = 0.00>
ST_7 : Operation 80 [3/8] (7.30ns)   --->   "%empty_20 = readreq i1 @_ssdm_op_ReadReq.m_axi.p1i32, i64 %gmem_A_addr, i64 %zext_ln20" [Vector_Mult.cpp:20]   --->   Operation 80 'readreq' 'empty_20' <Predicate = (first_iter_0)> <Delay = 7.30> <CoreInst = "m_axi">   --->   Core 111 'm_axi' <Latency = 6> <II = 1> <Delay = 1.00> <Adapter> <Opcode : 'readrequnaligned' 'writerequnaligned' 'read' 'write' 'readreq' 'writereq' 'writeresp'>
ST_7 : Operation 81 [3/8] (7.30ns)   --->   "%empty_21 = readreq i1 @_ssdm_op_ReadReq.m_axi.p1i32, i64 %gmem_B_addr, i64 %zext_ln20" [Vector_Mult.cpp:20]   --->   Operation 81 'readreq' 'empty_21' <Predicate = (first_iter_0)> <Delay = 7.30> <CoreInst = "m_axi">   --->   Core 111 'm_axi' <Latency = 6> <II = 1> <Delay = 1.00> <Adapter> <Opcode : 'readrequnaligned' 'writerequnaligned' 'read' 'write' 'readreq' 'writereq' 'writeresp'>

State 8 <SV = 7> <Delay = 0.00>
ST_8 : Operation 82 [2/8] (7.30ns)   --->   "%empty_20 = readreq i1 @_ssdm_op_ReadReq.m_axi.p1i32, i64 %gmem_A_addr, i64 %zext_ln20" [Vector_Mult.cpp:20]   --->   Operation 82 'readreq' 'empty_20' <Predicate = (first_iter_0)> <Delay = 7.30> <CoreInst = "m_axi">   --->   Core 111 'm_axi' <Latency = 6> <II = 1> <Delay = 1.00> <Adapter> <Opcode : 'readrequnaligned' 'writerequnaligned' 'read' 'write' 'readreq' 'writereq' 'writeresp'>
ST_8 : Operation 83 [2/8] (7.30ns)   --->   "%empty_21 = readreq i1 @_ssdm_op_ReadReq.m_axi.p1i32, i64 %gmem_B_addr, i64 %zext_ln20" [Vector_Mult.cpp:20]   --->   Operation 83 'readreq' 'empty_21' <Predicate = (first_iter_0)> <Delay = 7.30> <CoreInst = "m_axi">   --->   Core 111 'm_axi' <Latency = 6> <II = 1> <Delay = 1.00> <Adapter> <Opcode : 'readrequnaligned' 'writerequnaligned' 'read' 'write' 'readreq' 'writereq' 'writeresp'>

State 9 <SV = 8> <Delay = 7.30>
ST_9 : Operation 84 [1/8] ( I:7.30ns O:7.30ns )   --->   "%empty_20 = readreq i1 @_ssdm_op_ReadReq.m_axi.p1i32, i64 %gmem_A_addr, i64 %zext_ln20" [Vector_Mult.cpp:20]   --->   Operation 84 'readreq' 'empty_20' <Predicate = (first_iter_0)> <Delay = 7.30> <CoreInst = "m_axi">   --->   Core 111 'm_axi' <Latency = 6> <II = 1> <Delay = 1.00> <Adapter> <Opcode : 'readrequnaligned' 'writerequnaligned' 'read' 'write' 'readreq' 'writereq' 'writeresp'>
ST_9 : Operation 85 [1/8] ( I:7.30ns O:7.30ns )   --->   "%empty_21 = readreq i1 @_ssdm_op_ReadReq.m_axi.p1i32, i64 %gmem_B_addr, i64 %zext_ln20" [Vector_Mult.cpp:20]   --->   Operation 85 'readreq' 'empty_21' <Predicate = (first_iter_0)> <Delay = 7.30> <CoreInst = "m_axi">   --->   Core 111 'm_axi' <Latency = 6> <II = 1> <Delay = 1.00> <Adapter> <Opcode : 'readrequnaligned' 'writerequnaligned' 'read' 'write' 'readreq' 'writereq' 'writeresp'>

State 10 <SV = 9> <Delay = 7.30>
ST_10 : Operation 86 [1/1] ( I:7.30ns O:7.30ns )   --->   "%gmem_A_addr_read = read i32 @_ssdm_op_Read.m_axi.i32.p1i32, i64 %gmem_A_addr" [Vector_Mult.cpp:22]   --->   Operation 86 'read' 'gmem_A_addr_read' <Predicate = true> <Delay = 7.30> <CoreInst = "m_axi">   --->   Core 111 'm_axi' <Latency = 3> <II = 1> <Delay = 1.00> <Adapter> <Opcode : 'readrequnaligned' 'writerequnaligned' 'read' 'write' 'readreq' 'writereq' 'writeresp'>
ST_10 : Operation 87 [1/1] ( I:7.30ns O:7.30ns )   --->   "%gmem_B_addr_read = read i32 @_ssdm_op_Read.m_axi.i32.p1i32, i64 %gmem_B_addr" [Vector_Mult.cpp:22]   --->   Operation 87 'read' 'gmem_B_addr_read' <Predicate = true> <Delay = 7.30> <CoreInst = "m_axi">   --->   Core 111 'm_axi' <Latency = 3> <II = 1> <Delay = 1.00> <Adapter> <Opcode : 'readrequnaligned' 'writerequnaligned' 'read' 'write' 'readreq' 'writereq' 'writeresp'>

State 11 <SV = 10> <Delay = 6.59>
ST_11 : Operation 88 [2/2] (6.59ns)   --->   "%result = mul i32 %gmem_B_addr_read, i32 %gmem_A_addr_read" [Vector_Mult.cpp:22]   --->   Operation 88 'mul' 'result' <Predicate = true> <Delay = 6.59> <CoreInst = "Mul_DSP">   --->   Core 5 'Mul_DSP' <Latency = 1> <II = 1> <Delay = 6.59> <FuncUnit> <Opcode : 'mul'> <InPorts = 2> <OutPorts = 1>

State 12 <SV = 11> <Delay = 7.30>
ST_12 : Operation 89 [1/1] ( I:7.30ns O:7.30ns )   --->   "%empty_22 = writereq i1 @_ssdm_op_WriteReq.m_axi.p1i32, i64 %gmem_C_addr, i64 %zext_ln20" [Vector_Mult.cpp:20]   --->   Operation 89 'writereq' 'empty_22' <Predicate = (first_iter_0)> <Delay = 7.30> <CoreInst = "m_axi">   --->   Core 111 'm_axi' <Latency = 9> <II = 1> <Delay = 1.00> <Adapter> <Opcode : 'readrequnaligned' 'writerequnaligned' 'read' 'write' 'readreq' 'writereq' 'writeresp'>
ST_12 : Operation 90 [1/1] (0.00ns)   --->   "%br_ln20 = br void %fpga_resource_hint.for.inc.0" [Vector_Mult.cpp:20]   --->   Operation 90 'br' 'br_ln20' <Predicate = (first_iter_0)> <Delay = 0.00>
ST_12 : Operation 91 [1/2] (6.59ns)   --->   "%result = mul i32 %gmem_B_addr_read, i32 %gmem_A_addr_read" [Vector_Mult.cpp:22]   --->   Operation 91 'mul' 'result' <Predicate = true> <Delay = 6.59> <CoreInst = "Mul_DSP">   --->   Core 5 'Mul_DSP' <Latency = 1> <II = 1> <Delay = 6.59> <FuncUnit> <Opcode : 'mul'> <InPorts = 2> <OutPorts = 1>
ST_12 : Operation 92 [1/1] (0.00ns)   --->   "%specfucore_ln23 = specfucore void @_ssdm_op_SpecFUCore, i32 %result, i64 12, i64 3, i64 18446744073709551615, i1 0" [Vector_Mult.cpp:23]   --->   Operation 92 'specfucore' 'specfucore_ln23' <Predicate = true> <Delay = 0.00>

State 13 <SV = 12> <Delay = 7.30>
ST_13 : Operation 93 [1/1] (0.00ns)   --->   "%specpipeline_ln21 = specpipeline void @_ssdm_op_SpecPipeline, i32 1, i32 0, i32 0, i32 0, i32 4294967295, void @empty_1" [Vector_Mult.cpp:21]   --->   Operation 93 'specpipeline' 'specpipeline_ln21' <Predicate = true> <Delay = 0.00>
ST_13 : Operation 94 [1/1] (0.00ns)   --->   "%specloopname_ln20 = specloopname void @_ssdm_op_SpecLoopName, void @empty_15" [Vector_Mult.cpp:20]   --->   Operation 94 'specloopname' 'specloopname_ln20' <Predicate = true> <Delay = 0.00>
ST_13 : Operation 95 [1/1] (0.00ns)   --->   "%rbegin = specregionbegin i32 @_ssdm_op_SpecRegionBegin, void @empty" [Vector_Mult.cpp:22]   --->   Operation 95 'specregionbegin' 'rbegin' <Predicate = true> <Delay = 0.00>
ST_13 : Operation 96 [1/1] (0.00ns)   --->   "%rend = specregionend i32 @_ssdm_op_SpecRegionEnd, void @empty, i32 %rbegin" [Vector_Mult.cpp:22]   --->   Operation 96 'specregionend' 'rend' <Predicate = true> <Delay = 0.00>
ST_13 : Operation 97 [1/1] ( I:7.30ns O:7.30ns )   --->   "%write_ln24 = write void @_ssdm_op_Write.m_axi.p1i32.i32, i64 %gmem_C_addr, i32 %result, i4 15" [Vector_Mult.cpp:24]   --->   Operation 97 'write' 'write_ln24' <Predicate = true> <Delay = 7.30> <CoreInst = "m_axi">   --->   Core 111 'm_axi' <Latency = 5> <II = 1> <Delay = 1.00> <Adapter> <Opcode : 'readrequnaligned' 'writerequnaligned' 'read' 'write' 'readreq' 'writereq' 'writeresp'>

State 14 <SV = 13> <Delay = 0.00>
ST_14 : Operation 98 [5/5] (7.30ns)   --->   "%empty_23 = writeresp i1 @_ssdm_op_WriteResp.m_axi.p1i32, i64 %gmem_C_addr" [Vector_Mult.cpp:26]   --->   Operation 98 'writeresp' 'empty_23' <Predicate = (!icmp_ln20_2)> <Delay = 7.30> <CoreInst = "m_axi">   --->   Core 111 'm_axi' <Latency = 3> <II = 1> <Delay = 1.00> <Adapter> <Opcode : 'readrequnaligned' 'writerequnaligned' 'read' 'write' 'readreq' 'writereq' 'writeresp'>

State 15 <SV = 14> <Delay = 0.00>
ST_15 : Operation 99 [4/5] (7.30ns)   --->   "%empty_23 = writeresp i1 @_ssdm_op_WriteResp.m_axi.p1i32, i64 %gmem_C_addr" [Vector_Mult.cpp:26]   --->   Operation 99 'writeresp' 'empty_23' <Predicate = (!icmp_ln20_2)> <Delay = 7.30> <CoreInst = "m_axi">   --->   Core 111 'm_axi' <Latency = 3> <II = 1> <Delay = 1.00> <Adapter> <Opcode : 'readrequnaligned' 'writerequnaligned' 'read' 'write' 'readreq' 'writereq' 'writeresp'>

State 16 <SV = 15> <Delay = 0.00>
ST_16 : Operation 100 [3/5] (7.30ns)   --->   "%empty_23 = writeresp i1 @_ssdm_op_WriteResp.m_axi.p1i32, i64 %gmem_C_addr" [Vector_Mult.cpp:26]   --->   Operation 100 'writeresp' 'empty_23' <Predicate = (!icmp_ln20_2)> <Delay = 7.30> <CoreInst = "m_axi">   --->   Core 111 'm_axi' <Latency = 3> <II = 1> <Delay = 1.00> <Adapter> <Opcode : 'readrequnaligned' 'writerequnaligned' 'read' 'write' 'readreq' 'writereq' 'writeresp'>

State 17 <SV = 16> <Delay = 1.58>
ST_17 : Operation 101 [2/5] (7.30ns)   --->   "%empty_23 = writeresp i1 @_ssdm_op_WriteResp.m_axi.p1i32, i64 %gmem_C_addr" [Vector_Mult.cpp:26]   --->   Operation 101 'writeresp' 'empty_23' <Predicate = (!icmp_ln20_2)> <Delay = 7.30> <CoreInst = "m_axi">   --->   Core 111 'm_axi' <Latency = 3> <II = 1> <Delay = 1.00> <Adapter> <Opcode : 'readrequnaligned' 'writerequnaligned' 'read' 'write' 'readreq' 'writereq' 'writeresp'>
ST_17 : Operation 104 [1/1] (1.58ns)   --->   "%ret_ln26 = ret" [Vector_Mult.cpp:26]   --->   Operation 104 'ret' 'ret_ln26' <Predicate = (!icmp_ln20_1)> <Delay = 1.58>

State 18 <SV = 17> <Delay = 7.30>
ST_18 : Operation 102 [1/5] ( I:7.30ns O:7.30ns )   --->   "%empty_23 = writeresp i1 @_ssdm_op_WriteResp.m_axi.p1i32, i64 %gmem_C_addr" [Vector_Mult.cpp:26]   --->   Operation 102 'writeresp' 'empty_23' <Predicate = (!icmp_ln20_2)> <Delay = 7.30> <CoreInst = "m_axi">   --->   Core 111 'm_axi' <Latency = 3> <II = 1> <Delay = 1.00> <Adapter> <Opcode : 'readrequnaligned' 'writerequnaligned' 'read' 'write' 'readreq' 'writereq' 'writeresp'>
ST_18 : Operation 103 [1/1] (0.00ns)   --->   "%br_ln20 = br void %new.latch.fpga_resource_hint.for.inc.0" [Vector_Mult.cpp:20]   --->   Operation 103 'br' 'br_ln20' <Predicate = (!icmp_ln20_2)> <Delay = 0.00>


============================================================
+ Verbose Summary: Binding
============================================================
STG Binding: 
---------------- STG Properties BEGIN ----------------
- Is combinational: 0
- Is one-state seq: 0
- Is datapath-only: 0
- Is pipelined: 0
- Is top level: 1
Port [ Return ] is wired: 1; IO mode=ap_ctrl_hs:ce=0
Port [ gmem_A]:  wired=1; compound=1; hidden=0; nouse=0; global=0; static=0; extern=0; dir=0; type=4; pingpong=0; private_global=0; IO mode=m_axi:ce=0
Port [ gmem_B]:  wired=1; compound=1; hidden=0; nouse=0; global=0; static=0; extern=0; dir=0; type=4; pingpong=0; private_global=0; IO mode=m_axi:ce=0
Port [ gmem_C]:  wired=1; compound=1; hidden=0; nouse=0; global=0; static=0; extern=0; dir=1; type=4; pingpong=0; private_global=0; IO mode=m_axi:ce=0
Port [ A]:  wired=1; compound=0; hidden=0; nouse=0; global=0; static=0; extern=0; dir=0; type=0; pingpong=0; private_global=0; IO mode=ap_none:ce=0
Port [ B]:  wired=1; compound=0; hidden=0; nouse=0; global=0; static=0; extern=0; dir=0; type=0; pingpong=0; private_global=0; IO mode=ap_none:ce=0
Port [ C]:  wired=1; compound=0; hidden=0; nouse=0; global=0; static=0; extern=0; dir=0; type=0; pingpong=0; private_global=0; IO mode=ap_none:ce=0
Port [ length_r]:  wired=1; compound=0; hidden=0; nouse=0; global=0; static=0; extern=0; dir=0; type=0; pingpong=0; private_global=0; IO mode=ap_none:ce=0
---------------- STG Properties END ------------------

---------------- Datapath Model BEGIN ----------------

<LifeTime>
<method=bitvector/>
i                 (alloca         ) [ 0100000000000000000]
spectopmodule_ln6 (spectopmodule  ) [ 0000000000000000000]
specinterface_ln0 (specinterface  ) [ 0000000000000000000]
specbitsmap_ln0   (specbitsmap    ) [ 0000000000000000000]
specinterface_ln0 (specinterface  ) [ 0000000000000000000]
specbitsmap_ln0   (specbitsmap    ) [ 0000000000000000000]
specinterface_ln0 (specinterface  ) [ 0000000000000000000]
specbitsmap_ln0   (specbitsmap    ) [ 0000000000000000000]
specinterface_ln0 (specinterface  ) [ 0000000000000000000]
specinterface_ln0 (specinterface  ) [ 0000000000000000000]
specinterface_ln0 (specinterface  ) [ 0000000000000000000]
specinterface_ln0 (specinterface  ) [ 0000000000000000000]
specinterface_ln0 (specinterface  ) [ 0000000000000000000]
specinterface_ln0 (specinterface  ) [ 0000000000000000000]
specbitsmap_ln0   (specbitsmap    ) [ 0000000000000000000]
specinterface_ln0 (specinterface  ) [ 0000000000000000000]
specinterface_ln0 (specinterface  ) [ 0000000000000000000]
specinterface_ln0 (specinterface  ) [ 0000000000000000000]
length_r_read     (read           ) [ 0000000000000000000]
C_read            (read           ) [ 0000000000000000000]
B_read            (read           ) [ 0110000000000000000]
A_read            (read           ) [ 0110000000000000000]
icmp_ln20         (icmp           ) [ 0000000000000000000]
trunc_ln20        (trunc          ) [ 0000000000000000000]
empty             (select         ) [ 0110000000000000000]
trunc_ln20_2      (partselect     ) [ 0000000000000000000]
sext_ln20_2       (sext           ) [ 0000000000000000000]
gmem_C_addr       (getelementptr  ) [ 0111111111111111111]
store_ln0         (store          ) [ 0000000000000000000]
br_ln20           (br             ) [ 0000000000000000000]
first_iter_0      (phi            ) [ 0111111111111000000]
i_load            (load           ) [ 0000000000000000000]
zext_ln20_1       (zext           ) [ 0000000000000000000]
icmp_ln20_1       (icmp           ) [ 0111111111111111111]
br_ln20           (br             ) [ 0000000000000000000]
br_ln20           (br             ) [ 0000000000000000000]
add_ln20          (add            ) [ 0000000000000000000]
zext_ln21         (zext           ) [ 0000000000000000000]
icmp_ln20_2       (icmp           ) [ 0111111111111111111]
br_ln20           (br             ) [ 0000000000000000000]
store_ln20        (store          ) [ 0000000000000000000]
br_ln20           (br             ) [ 0100000000000000000]
trunc_ln          (partselect     ) [ 0000000000000000000]
sext_ln20         (sext           ) [ 0000000000000000000]
gmem_A_addr       (getelementptr  ) [ 0101111111100000000]
zext_ln20         (zext           ) [ 0101111111111000000]
trunc_ln20_1      (partselect     ) [ 0000000000000000000]
sext_ln20_1       (sext           ) [ 0000000000000000000]
gmem_B_addr       (getelementptr  ) [ 0101111111100000000]
empty_20          (readreq        ) [ 0000000000000000000]
empty_21          (readreq        ) [ 0000000000000000000]
gmem_A_addr_read  (read           ) [ 0100000000011000000]
gmem_B_addr_read  (read           ) [ 0100000000011000000]
empty_22          (writereq       ) [ 0000000000000000000]
br_ln20           (br             ) [ 0000000000000000000]
result            (mul            ) [ 0100000000000100000]
specfucore_ln23   (specfucore     ) [ 0000000000000000000]
specpipeline_ln21 (specpipeline   ) [ 0000000000000000000]
specloopname_ln20 (specloopname   ) [ 0000000000000000000]
rbegin            (specregionbegin) [ 0000000000000000000]
rend              (specregionend  ) [ 0000000000000000000]
write_ln24        (write          ) [ 0000000000000000000]
empty_23          (writeresp      ) [ 0000000000000000000]
br_ln20           (br             ) [ 0000000000000000000]
ret_ln26          (ret            ) [ 0000000000000000000]
</LifeTime>

<model>

<comp_list>
<comp id="0" class="1000" name="gmem_A">
<pin_list>
<pin id="1" dir="1" index="0" bw="1" slack="0"/>
</pin_list>
<bind>
<StgValue><ssdm name="gmem_A"/><MemPortTyVec>0 </MemPortTyVec>
</StgValue>
</bind>
</comp>

<comp id="2" class="1000" name="gmem_B">
<pin_list>
<pin id="3" dir="1" index="0" bw="1" slack="0"/>
</pin_list>
<bind>
<StgValue><ssdm name="gmem_B"/><MemPortTyVec>0 </MemPortTyVec>
</StgValue>
</bind>
</comp>

<comp id="4" class="1000" name="gmem_C">
<pin_list>
<pin id="5" dir="1" index="0" bw="1" slack="0"/>
</pin_list>
<bind>
<StgValue><ssdm name="gmem_C"/><MemPortTyVec>1 </MemPortTyVec>
</StgValue>
</bind>
</comp>

<comp id="6" class="1000" name="A">
<pin_list>
<pin id="7" dir="1" index="0" bw="1" slack="0"/>
</pin_list>
<bind>
<StgValue><ssdm name="A"/></StgValue>
</bind>
</comp>

<comp id="8" class="1000" name="B">
<pin_list>
<pin id="9" dir="1" index="0" bw="1" slack="0"/>
</pin_list>
<bind>
<StgValue><ssdm name="B"/></StgValue>
</bind>
</comp>

<comp id="10" class="1000" name="C">
<pin_list>
<pin id="11" dir="1" index="0" bw="1" slack="0"/>
</pin_list>
<bind>
<StgValue><ssdm name="C"/></StgValue>
</bind>
</comp>

<comp id="12" class="1000" name="length_r">
<pin_list>
<pin id="13" dir="1" index="0" bw="1" slack="0"/>
</pin_list>
<bind>
<StgValue><ssdm name="length_r"/></StgValue>
</bind>
</comp>

<comp id="14" class="1001" name="const_14">
<pin_list>
<pin id="15" dir="1" index="0" bw="1" slack="0"/>
</pin_list>
<bind>
<StgValue><ssdm name=""/></StgValue>
</bind>
</comp>

<comp id="16" class="1001" name="const_16">
<pin_list>
<pin id="17" dir="1" index="0" bw="1" slack="2147483647"/>
</pin_list>
<bind>
<StgValue><ssdm name="_ssdm_op_SpecTopModule"/></StgValue>
</bind>
</comp>

<comp id="18" class="1001" name="const_18">
<pin_list>
<pin id="19" dir="1" index="0" bw="1" slack="2147483647"/>
</pin_list>
<bind>
<StgValue><ssdm name="empty_14"/></StgValue>
</bind>
</comp>

<comp id="20" class="1001" name="const_20">
<pin_list>
<pin id="21" dir="1" index="0" bw="1" slack="2147483647"/>
</pin_list>
<bind>
<StgValue><ssdm name="_ssdm_op_SpecInterface"/></StgValue>
</bind>
</comp>

<comp id="22" class="1001" name="const_22">
<pin_list>
<pin id="23" dir="1" index="0" bw="1" slack="2147483647"/>
</pin_list>
<bind>
<StgValue><ssdm name="empty_0"/></StgValue>
</bind>
</comp>

<comp id="24" class="1001" name="const_24">
<pin_list>
<pin id="25" dir="1" index="0" bw="1" slack="0"/>
</pin_list>
<bind>
<StgValue><ssdm name=""/></StgValue>
</bind>
</comp>

<comp id="26" class="1001" name="const_26">
<pin_list>
<pin id="27" dir="1" index="0" bw="1" slack="2147483647"/>
</pin_list>
<bind>
<StgValue><ssdm name="empty_1"/></StgValue>
</bind>
</comp>

<comp id="28" class="1001" name="const_28">
<pin_list>
<pin id="29" dir="1" index="0" bw="1" slack="2147483647"/>
</pin_list>
<bind>
<StgValue><ssdm name=""/></StgValue>
</bind>
</comp>

<comp id="30" class="1001" name="const_30">
<pin_list>
<pin id="31" dir="1" index="0" bw="1" slack="2147483647"/>
</pin_list>
<bind>
<StgValue><ssdm name="empty_2"/></StgValue>
</bind>
</comp>

<comp id="32" class="1001" name="const_32">
<pin_list>
<pin id="33" dir="1" index="0" bw="1" slack="2147483647"/>
</pin_list>
<bind>
<StgValue><ssdm name="empty_3"/></StgValue>
</bind>
</comp>

<comp id="34" class="1001" name="const_34">
<pin_list>
<pin id="35" dir="1" index="0" bw="1" slack="2147483647"/>
</pin_list>
<bind>
<StgValue><ssdm name=""/></StgValue>
</bind>
</comp>

<comp id="36" class="1001" name="const_36">
<pin_list>
<pin id="37" dir="1" index="0" bw="1" slack="2147483647"/>
</pin_list>
<bind>
<StgValue><ssdm name=""/></StgValue>
</bind>
</comp>

<comp id="38" class="1001" name="const_38">
<pin_list>
<pin id="39" dir="1" index="0" bw="1" slack="2147483647"/>
</pin_list>
<bind>
<StgValue><ssdm name=""/></StgValue>
</bind>
</comp>

<comp id="40" class="1001" name="const_40">
<pin_list>
<pin id="41" dir="1" index="0" bw="1" slack="2147483647"/>
</pin_list>
<bind>
<StgValue><ssdm name="_ssdm_op_SpecBitsMap"/></StgValue>
</bind>
</comp>

<comp id="42" class="1001" name="const_42">
<pin_list>
<pin id="43" dir="1" index="0" bw="1" slack="2147483647"/>
</pin_list>
<bind>
<StgValue><ssdm name="empty_4"/></StgValue>
</bind>
</comp>

<comp id="44" class="1001" name="const_44">
<pin_list>
<pin id="45" dir="1" index="0" bw="1" slack="2147483647"/>
</pin_list>
<bind>
<StgValue><ssdm name="empty_5"/></StgValue>
</bind>
</comp>

<comp id="46" class="1001" name="const_46">
<pin_list>
<pin id="47" dir="1" index="0" bw="1" slack="2147483647"/>
</pin_list>
<bind>
<StgValue><ssdm name="empty_6"/></StgValue>
</bind>
</comp>

<comp id="48" class="1001" name="const_48">
<pin_list>
<pin id="49" dir="1" index="0" bw="1" slack="2147483647"/>
</pin_list>
<bind>
<StgValue><ssdm name="empty_7"/></StgValue>
</bind>
</comp>

<comp id="50" class="1001" name="const_50">
<pin_list>
<pin id="51" dir="1" index="0" bw="1" slack="2147483647"/>
</pin_list>
<bind>
<StgValue><ssdm name="empty_8"/></StgValue>
</bind>
</comp>

<comp id="52" class="1001" name="const_52">
<pin_list>
<pin id="53" dir="1" index="0" bw="1" slack="2147483647"/>
</pin_list>
<bind>
<StgValue><ssdm name="empty_9"/></StgValue>
</bind>
</comp>

<comp id="54" class="1001" name="const_54">
<pin_list>
<pin id="55" dir="1" index="0" bw="1" slack="2147483647"/>
</pin_list>
<bind>
<StgValue><ssdm name="empty_10"/></StgValue>
</bind>
</comp>

<comp id="56" class="1001" name="const_56">
<pin_list>
<pin id="57" dir="1" index="0" bw="1" slack="2147483647"/>
</pin_list>
<bind>
<StgValue><ssdm name="empty_11"/></StgValue>
</bind>
</comp>

<comp id="58" class="1001" name="const_58">
<pin_list>
<pin id="59" dir="1" index="0" bw="1" slack="2147483647"/>
</pin_list>
<bind>
<StgValue><ssdm name="empty_12"/></StgValue>
</bind>
</comp>

<comp id="60" class="1001" name="const_60">
<pin_list>
<pin id="61" dir="1" index="0" bw="1" slack="2147483647"/>
</pin_list>
<bind>
<StgValue><ssdm name="empty_13"/></StgValue>
</bind>
</comp>

<comp id="62" class="1001" name="const_62">
<pin_list>
<pin id="63" dir="1" index="0" bw="1" slack="0"/>
</pin_list>
<bind>
<StgValue><ssdm name="_ssdm_op_Read.s_axilite.i32"/></StgValue>
</bind>
</comp>

<comp id="64" class="1001" name="const_64">
<pin_list>
<pin id="65" dir="1" index="0" bw="1" slack="0"/>
</pin_list>
<bind>
<StgValue><ssdm name="_ssdm_op_Read.s_axilite.i64"/></StgValue>
</bind>
</comp>

<comp id="66" class="1001" name="const_66">
<pin_list>
<pin id="67" dir="1" index="0" bw="1" slack="0"/>
</pin_list>
<bind>
<StgValue><ssdm name=""/></StgValue>
</bind>
</comp>

<comp id="68" class="1001" name="const_68">
<pin_list>
<pin id="69" dir="1" index="0" bw="1" slack="0"/>
</pin_list>
<bind>
<StgValue><ssdm name="_ssdm_op_PartSelect.i62.i64.i32.i32"/></StgValue>
</bind>
</comp>

<comp id="70" class="1001" name="const_70">
<pin_list>
<pin id="71" dir="1" index="0" bw="1" slack="0"/>
</pin_list>
<bind>
<StgValue><ssdm name=""/></StgValue>
</bind>
</comp>

<comp id="72" class="1001" name="const_72">
<pin_list>
<pin id="73" dir="1" index="0" bw="1" slack="0"/>
</pin_list>
<bind>
<StgValue><ssdm name=""/></StgValue>
</bind>
</comp>

<comp id="74" class="1001" name="const_74">
<pin_list>
<pin id="75" dir="1" index="0" bw="1" slack="0"/>
</pin_list>
<bind>
<StgValue><ssdm name=""/></StgValue>
</bind>
</comp>

<comp id="76" class="1001" name="const_76">
<pin_list>
<pin id="77" dir="1" index="0" bw="1" slack="0"/>
</pin_list>
<bind>
<StgValue><ssdm name=""/></StgValue>
</bind>
</comp>

<comp id="78" class="1001" name="const_78">
<pin_list>
<pin id="79" dir="1" index="0" bw="1" slack="0"/>
</pin_list>
<bind>
<StgValue><ssdm name=""/></StgValue>
</bind>
</comp>

<comp id="80" class="1001" name="const_80">
<pin_list>
<pin id="81" dir="1" index="0" bw="1" slack="0"/>
</pin_list>
<bind>
<StgValue><ssdm name="_ssdm_op_ReadReq.m_axi.p1i32"/></StgValue>
</bind>
</comp>

<comp id="82" class="1001" name="const_82">
<pin_list>
<pin id="83" dir="1" index="0" bw="1" slack="0"/>
</pin_list>
<bind>
<StgValue><ssdm name="_ssdm_op_Read.m_axi.i32.p1i32"/></StgValue>
</bind>
</comp>

<comp id="84" class="1001" name="const_84">
<pin_list>
<pin id="85" dir="1" index="0" bw="1" slack="0"/>
</pin_list>
<bind>
<StgValue><ssdm name="_ssdm_op_WriteReq.m_axi.p1i32"/></StgValue>
</bind>
</comp>

<comp id="86" class="1001" name="const_86">
<pin_list>
<pin id="87" dir="1" index="0" bw="1" slack="2147483647"/>
</pin_list>
<bind>
<StgValue><ssdm name="_ssdm_op_SpecFUCore"/></StgValue>
</bind>
</comp>

<comp id="88" class="1001" name="const_88">
<pin_list>
<pin id="89" dir="1" index="0" bw="1" slack="2147483647"/>
</pin_list>
<bind>
<StgValue><ssdm name=""/></StgValue>
</bind>
</comp>

<comp id="90" class="1001" name="const_90">
<pin_list>
<pin id="91" dir="1" index="0" bw="1" slack="2147483647"/>
</pin_list>
<bind>
<StgValue><ssdm name=""/></StgValue>
</bind>
</comp>

<comp id="92" class="1001" name="const_92">
<pin_list>
<pin id="93" dir="1" index="0" bw="1" slack="2147483647"/>
</pin_list>
<bind>
<StgValue><ssdm name=""/></StgValue>
</bind>
</comp>

<comp id="94" class="1001" name="const_94">
<pin_list>
<pin id="95" dir="1" index="0" bw="1" slack="2147483647"/>
</pin_list>
<bind>
<StgValue><ssdm name="_ssdm_op_SpecPipeline"/></StgValue>
</bind>
</comp>

<comp id="96" class="1001" name="const_96">
<pin_list>
<pin id="97" dir="1" index="0" bw="1" slack="2147483647"/>
</pin_list>
<bind>
<StgValue><ssdm name="_ssdm_op_SpecLoopName"/></StgValue>
</bind>
</comp>

<comp id="98" class="1001" name="const_98">
<pin_list>
<pin id="99" dir="1" index="0" bw="1" slack="2147483647"/>
</pin_list>
<bind>
<StgValue><ssdm name="empty_15"/></StgValue>
</bind>
</comp>

<comp id="100" class="1001" name="const_100">
<pin_list>
<pin id="101" dir="1" index="0" bw="1" slack="2147483647"/>
</pin_list>
<bind>
<StgValue><ssdm name="_ssdm_op_SpecRegionBegin"/></StgValue>
</bind>
</comp>

<comp id="102" class="1001" name="const_102">
<pin_list>
<pin id="103" dir="1" index="0" bw="1" slack="2147483647"/>
</pin_list>
<bind>
<StgValue><ssdm name="empty"/></StgValue>
</bind>
</comp>

<comp id="104" class="1001" name="const_104">
<pin_list>
<pin id="105" dir="1" index="0" bw="1" slack="2147483647"/>
</pin_list>
<bind>
<StgValue><ssdm name="_ssdm_op_SpecRegionEnd"/></StgValue>
</bind>
</comp>

<comp id="106" class="1001" name="const_106">
<pin_list>
<pin id="107" dir="1" index="0" bw="1" slack="0"/>
</pin_list>
<bind>
<StgValue><ssdm name="_ssdm_op_Write.m_axi.p1i32.i32"/></StgValue>
</bind>
</comp>

<comp id="108" class="1001" name="const_108">
<pin_list>
<pin id="109" dir="1" index="0" bw="1" slack="0"/>
</pin_list>
<bind>
<StgValue><ssdm name=""/></StgValue>
</bind>
</comp>

<comp id="110" class="1001" name="const_110">
<pin_list>
<pin id="111" dir="1" index="0" bw="1" slack="0"/>
</pin_list>
<bind>
<StgValue><ssdm name="_ssdm_op_WriteResp.m_axi.p1i32"/></StgValue>
</bind>
</comp>

<comp id="112" class="1004" name="i_fu_112">
<pin_list>
<pin id="113" dir="0" index="0" bw="1" slack="0"/>
<pin id="114" dir="1" index="1" bw="31" slack="0"/>
</pin_list>
<bind>
<opcode="alloca(26) " fcode="alloca"/>
<opset="i/1 "/>
</bind>
</comp>

<comp id="116" class="1004" name="length_r_read_read_fu_116">
<pin_list>
<pin id="117" dir="0" index="0" bw="32" slack="0"/>
<pin id="118" dir="0" index="1" bw="32" slack="0"/>
<pin id="119" dir="1" index="2" bw="32" slack="0"/>
</pin_list>
<bind>
<opcode="read(1150) " fcode="read"/>
<opset="length_r_read/1 "/>
</bind>
</comp>

<comp id="122" class="1004" name="C_read_read_fu_122">
<pin_list>
<pin id="123" dir="0" index="0" bw="64" slack="0"/>
<pin id="124" dir="0" index="1" bw="64" slack="0"/>
<pin id="125" dir="1" index="2" bw="64" slack="0"/>
</pin_list>
<bind>
<opcode="read(1150) " fcode="read"/>
<opset="C_read/1 "/>
</bind>
</comp>

<comp id="128" class="1004" name="B_read_read_fu_128">
<pin_list>
<pin id="129" dir="0" index="0" bw="64" slack="0"/>
<pin id="130" dir="0" index="1" bw="64" slack="0"/>
<pin id="131" dir="1" index="2" bw="64" slack="1"/>
</pin_list>
<bind>
<opcode="read(1150) " fcode="read"/>
<opset="B_read/1 "/>
</bind>
</comp>

<comp id="134" class="1004" name="A_read_read_fu_134">
<pin_list>
<pin id="135" dir="0" index="0" bw="64" slack="0"/>
<pin id="136" dir="0" index="1" bw="64" slack="0"/>
<pin id="137" dir="1" index="2" bw="64" slack="1"/>
</pin_list>
<bind>
<opcode="read(1150) " fcode="read"/>
<opset="A_read/1 "/>
</bind>
</comp>

<comp id="140" class="1004" name="grp_readreq_fu_140">
<pin_list>
<pin id="141" dir="0" index="0" bw="1" slack="0"/>
<pin id="142" dir="0" index="1" bw="32" slack="0"/>
<pin id="143" dir="0" index="2" bw="31" slack="0"/>
<pin id="144" dir="1" index="3" bw="1" slack="2147483647"/>
</pin_list>
<bind>
<opcode="readreq(1154) " fcode="readreq"/>
<opset="empty_20/2 "/>
</bind>
</comp>

<comp id="146" class="1004" name="grp_readreq_fu_146">
<pin_list>
<pin id="147" dir="0" index="0" bw="1" slack="0"/>
<pin id="148" dir="0" index="1" bw="32" slack="0"/>
<pin id="149" dir="0" index="2" bw="31" slack="0"/>
<pin id="150" dir="1" index="3" bw="1" slack="2147483647"/>
</pin_list>
<bind>
<opcode="readreq(1154) " fcode="readreq"/>
<opset="empty_21/2 "/>
</bind>
</comp>

<comp id="152" class="1004" name="gmem_A_addr_read_read_fu_152">
<pin_list>
<pin id="153" dir="0" index="0" bw="32" slack="0"/>
<pin id="154" dir="0" index="1" bw="32" slack="8"/>
<pin id="155" dir="1" index="2" bw="32" slack="1"/>
</pin_list>
<bind>
<opcode="read(1150) " fcode="read"/>
<opset="gmem_A_addr_read/10 "/>
</bind>
</comp>

<comp id="157" class="1004" name="gmem_B_addr_read_read_fu_157">
<pin_list>
<pin id="158" dir="0" index="0" bw="32" slack="0"/>
<pin id="159" dir="0" index="1" bw="32" slack="8"/>
<pin id="160" dir="1" index="2" bw="32" slack="1"/>
</pin_list>
<bind>
<opcode="read(1150) " fcode="read"/>
<opset="gmem_B_addr_read/10 "/>
</bind>
</comp>

<comp id="162" class="1004" name="empty_22_writereq_fu_162">
<pin_list>
<pin id="163" dir="0" index="0" bw="1" slack="0"/>
<pin id="164" dir="0" index="1" bw="32" slack="11"/>
<pin id="165" dir="0" index="2" bw="31" slack="10"/>
<pin id="166" dir="1" index="3" bw="1" slack="2147483647"/>
</pin_list>
<bind>
<opcode="writereq(1155) " fcode="writereq"/>
<opset="empty_22/12 "/>
</bind>
</comp>

<comp id="168" class="1004" name="write_ln24_write_fu_168">
<pin_list>
<pin id="169" dir="0" index="0" bw="0" slack="0"/>
<pin id="170" dir="0" index="1" bw="32" slack="12"/>
<pin id="171" dir="0" index="2" bw="32" slack="1"/>
<pin id="172" dir="0" index="3" bw="1" slack="0"/>
<pin id="173" dir="1" index="4" bw="0" slack="2147483647"/>
</pin_list>
<bind>
<opcode="write(1151) " fcode="write"/>
<opset="write_ln24/13 "/>
</bind>
</comp>

<comp id="176" class="1004" name="grp_writeresp_fu_176">
<pin_list>
<pin id="177" dir="0" index="0" bw="1" slack="0"/>
<pin id="178" dir="0" index="1" bw="32" slack="13"/>
<pin id="179" dir="1" index="2" bw="1" slack="2147483647"/>
</pin_list>
<bind>
<opcode="writeresp(1158) " fcode="writeresp"/>
<opset="empty_23/14 "/>
</bind>
</comp>

<comp id="181" class="1005" name="first_iter_0_reg_181">
<pin_list>
<pin id="182" dir="0" index="0" bw="1" slack="1"/>
<pin id="183" dir="1" index="1" bw="1" slack="2147483647"/>
</pin_list>
<bind>
<opset="first_iter_0 (phireg) "/>
</bind>
</comp>

<comp id="184" class="1004" name="first_iter_0_phi_fu_184">
<pin_list>
<pin id="185" dir="0" index="0" bw="1" slack="0"/>
<pin id="186" dir="0" index="1" bw="0" slack="2147483647"/>
<pin id="187" dir="0" index="2" bw="1" slack="0"/>
<pin id="188" dir="0" index="3" bw="0" slack="2147483647"/>
<pin id="189" dir="1" index="4" bw="1" slack="1"/>
</pin_list>
<bind>
<opcode="phi(47) " fcode="phi"/>
<opset="first_iter_0/1 "/>
</bind>
</comp>

<comp id="193" class="1004" name="grp_fu_193">
<pin_list>
<pin id="194" dir="0" index="0" bw="32" slack="1"/>
<pin id="195" dir="0" index="1" bw="32" slack="1"/>
<pin id="196" dir="1" index="2" bw="32" slack="1"/>
</pin_list>
<bind>
<opcode="mul(12) " fcode="mul"/>
<opset="result/11 "/>
</bind>
</comp>

<comp id="197" class="1004" name="icmp_ln20_fu_197">
<pin_list>
<pin id="198" dir="0" index="0" bw="32" slack="0"/>
<pin id="199" dir="0" index="1" bw="32" slack="0"/>
<pin id="200" dir="1" index="2" bw="1" slack="0"/>
</pin_list>
<bind>
<opcode="icmp(45) " fcode="icmp"/>
<opset="icmp_ln20/1 "/>
</bind>
</comp>

<comp id="203" class="1004" name="trunc_ln20_fu_203">
<pin_list>
<pin id="204" dir="0" index="0" bw="32" slack="0"/>
<pin id="205" dir="1" index="1" bw="31" slack="0"/>
</pin_list>
<bind>
<opcode="trunc(33) " fcode="trunc"/>
<opset="trunc_ln20/1 "/>
</bind>
</comp>

<comp id="207" class="1004" name="empty_fu_207">
<pin_list>
<pin id="208" dir="0" index="0" bw="1" slack="0"/>
<pin id="209" dir="0" index="1" bw="31" slack="0"/>
<pin id="210" dir="0" index="2" bw="31" slack="0"/>
<pin id="211" dir="1" index="3" bw="31" slack="1"/>
</pin_list>
<bind>
<opcode="select(49) " fcode="select"/>
<opset="empty/1 "/>
</bind>
</comp>

<comp id="215" class="1004" name="trunc_ln20_2_fu_215">
<pin_list>
<pin id="216" dir="0" index="0" bw="62" slack="0"/>
<pin id="217" dir="0" index="1" bw="64" slack="0"/>
<pin id="218" dir="0" index="2" bw="3" slack="0"/>
<pin id="219" dir="0" index="3" bw="7" slack="0"/>
<pin id="220" dir="1" index="4" bw="62" slack="0"/>
</pin_list>
<bind>
<opcode="partselect(1002) " fcode="partselect"/>
<opset="trunc_ln20_2/1 "/>
</bind>
</comp>

<comp id="225" class="1004" name="sext_ln20_2_fu_225">
<pin_list>
<pin id="226" dir="0" index="0" bw="62" slack="0"/>
<pin id="227" dir="1" index="1" bw="64" slack="0"/>
</pin_list>
<bind>
<opcode="sext(35) " fcode="sext"/>
<opset="sext_ln20_2/1 "/>
</bind>
</comp>

<comp id="229" class="1004" name="gmem_C_addr_fu_229">
<pin_list>
<pin id="230" dir="0" index="0" bw="64" slack="0"/>
<pin id="231" dir="0" index="1" bw="64" slack="0"/>
<pin id="232" dir="1" index="2" bw="64" slack="11"/>
</pin_list>
<bind>
<opcode="getelementptr(29) " fcode="getelementptr"/>
<opset="gmem_C_addr/1 "/>
</bind>
</comp>

<comp id="235" class="1004" name="store_ln0_store_fu_235">
<pin_list>
<pin id="236" dir="0" index="0" bw="1" slack="0"/>
<pin id="237" dir="0" index="1" bw="31" slack="0"/>
<pin id="238" dir="1" index="2" bw="0" slack="2147483647"/>
</pin_list>
<bind>
<opcode="store(28) " fcode="store"/>
<opset="store_ln0/1 "/>
</bind>
</comp>

<comp id="240" class="1004" name="i_load_load_fu_240">
<pin_list>
<pin id="241" dir="0" index="0" bw="31" slack="0"/>
<pin id="242" dir="1" index="1" bw="31" slack="0"/>
</pin_list>
<bind>
<opcode="load(27) " fcode="load"/>
<opset="i_load/1 "/>
</bind>
</comp>

<comp id="243" class="1004" name="zext_ln20_1_fu_243">
<pin_list>
<pin id="244" dir="0" index="0" bw="31" slack="0"/>
<pin id="245" dir="1" index="1" bw="32" slack="0"/>
</pin_list>
<bind>
<opcode="zext(34) " fcode="zext"/>
<opset="zext_ln20_1/1 "/>
</bind>
</comp>

<comp id="247" class="1004" name="icmp_ln20_1_fu_247">
<pin_list>
<pin id="248" dir="0" index="0" bw="32" slack="0"/>
<pin id="249" dir="0" index="1" bw="32" slack="0"/>
<pin id="250" dir="1" index="2" bw="1" slack="1"/>
</pin_list>
<bind>
<opcode="icmp(45) " fcode="icmp"/>
<opset="icmp_ln20_1/1 "/>
</bind>
</comp>

<comp id="253" class="1004" name="add_ln20_fu_253">
<pin_list>
<pin id="254" dir="0" index="0" bw="31" slack="0"/>
<pin id="255" dir="0" index="1" bw="1" slack="0"/>
<pin id="256" dir="1" index="2" bw="31" slack="0"/>
</pin_list>
<bind>
<opcode="add(8) " fcode="add"/>
<opset="add_ln20/1 "/>
</bind>
</comp>

<comp id="259" class="1004" name="zext_ln21_fu_259">
<pin_list>
<pin id="260" dir="0" index="0" bw="31" slack="0"/>
<pin id="261" dir="1" index="1" bw="32" slack="0"/>
</pin_list>
<bind>
<opcode="zext(34) " fcode="zext"/>
<opset="zext_ln21/1 "/>
</bind>
</comp>

<comp id="263" class="1004" name="icmp_ln20_2_fu_263">
<pin_list>
<pin id="264" dir="0" index="0" bw="32" slack="0"/>
<pin id="265" dir="0" index="1" bw="32" slack="0"/>
<pin id="266" dir="1" index="2" bw="1" slack="13"/>
</pin_list>
<bind>
<opcode="icmp(45) " fcode="icmp"/>
<opset="icmp_ln20_2/1 "/>
</bind>
</comp>

<comp id="269" class="1004" name="store_ln20_store_fu_269">
<pin_list>
<pin id="270" dir="0" index="0" bw="31" slack="0"/>
<pin id="271" dir="0" index="1" bw="31" slack="0"/>
<pin id="272" dir="1" index="2" bw="0" slack="2147483647"/>
</pin_list>
<bind>
<opcode="store(28) " fcode="store"/>
<opset="store_ln20/1 "/>
</bind>
</comp>

<comp id="274" class="1004" name="trunc_ln_fu_274">
<pin_list>
<pin id="275" dir="0" index="0" bw="62" slack="0"/>
<pin id="276" dir="0" index="1" bw="64" slack="1"/>
<pin id="277" dir="0" index="2" bw="3" slack="0"/>
<pin id="278" dir="0" index="3" bw="7" slack="0"/>
<pin id="279" dir="1" index="4" bw="62" slack="0"/>
</pin_list>
<bind>
<opcode="partselect(1002) " fcode="partselect"/>
<opset="trunc_ln/2 "/>
</bind>
</comp>

<comp id="283" class="1004" name="sext_ln20_fu_283">
<pin_list>
<pin id="284" dir="0" index="0" bw="62" slack="0"/>
<pin id="285" dir="1" index="1" bw="64" slack="0"/>
</pin_list>
<bind>
<opcode="sext(35) " fcode="sext"/>
<opset="sext_ln20/2 "/>
</bind>
</comp>

<comp id="287" class="1004" name="gmem_A_addr_fu_287">
<pin_list>
<pin id="288" dir="0" index="0" bw="64" slack="0"/>
<pin id="289" dir="0" index="1" bw="64" slack="0"/>
<pin id="290" dir="1" index="2" bw="64" slack="0"/>
</pin_list>
<bind>
<opcode="getelementptr(29) " fcode="getelementptr"/>
<opset="gmem_A_addr/2 "/>
</bind>
</comp>

<comp id="294" class="1004" name="zext_ln20_fu_294">
<pin_list>
<pin id="295" dir="0" index="0" bw="31" slack="1"/>
<pin id="296" dir="1" index="1" bw="64" slack="0"/>
</pin_list>
<bind>
<opcode="zext(34) " fcode="zext"/>
<opset="zext_ln20/2 "/>
</bind>
</comp>

<comp id="299" class="1004" name="trunc_ln20_1_fu_299">
<pin_list>
<pin id="300" dir="0" index="0" bw="62" slack="0"/>
<pin id="301" dir="0" index="1" bw="64" slack="1"/>
<pin id="302" dir="0" index="2" bw="3" slack="0"/>
<pin id="303" dir="0" index="3" bw="7" slack="0"/>
<pin id="304" dir="1" index="4" bw="62" slack="0"/>
</pin_list>
<bind>
<opcode="partselect(1002) " fcode="partselect"/>
<opset="trunc_ln20_1/2 "/>
</bind>
</comp>

<comp id="308" class="1004" name="sext_ln20_1_fu_308">
<pin_list>
<pin id="309" dir="0" index="0" bw="62" slack="0"/>
<pin id="310" dir="1" index="1" bw="64" slack="0"/>
</pin_list>
<bind>
<opcode="sext(35) " fcode="sext"/>
<opset="sext_ln20_1/2 "/>
</bind>
</comp>

<comp id="312" class="1004" name="gmem_B_addr_fu_312">
<pin_list>
<pin id="313" dir="0" index="0" bw="64" slack="0"/>
<pin id="314" dir="0" index="1" bw="64" slack="0"/>
<pin id="315" dir="1" index="2" bw="64" slack="0"/>
</pin_list>
<bind>
<opcode="getelementptr(29) " fcode="getelementptr"/>
<opset="gmem_B_addr/2 "/>
</bind>
</comp>

<comp id="319" class="1005" name="i_reg_319">
<pin_list>
<pin id="320" dir="0" index="0" bw="31" slack="0"/>
<pin id="321" dir="1" index="1" bw="31" slack="0"/>
</pin_list>
<bind>
<opset="i "/>
</bind>
</comp>

<comp id="326" class="1005" name="B_read_reg_326">
<pin_list>
<pin id="327" dir="0" index="0" bw="64" slack="1"/>
<pin id="328" dir="1" index="1" bw="64" slack="1"/>
</pin_list>
<bind>
<opset="B_read "/>
</bind>
</comp>

<comp id="331" class="1005" name="A_read_reg_331">
<pin_list>
<pin id="332" dir="0" index="0" bw="64" slack="1"/>
<pin id="333" dir="1" index="1" bw="64" slack="1"/>
</pin_list>
<bind>
<opset="A_read "/>
</bind>
</comp>

<comp id="336" class="1005" name="empty_reg_336">
<pin_list>
<pin id="337" dir="0" index="0" bw="31" slack="1"/>
<pin id="338" dir="1" index="1" bw="31" slack="1"/>
</pin_list>
<bind>
<opset="empty "/>
</bind>
</comp>

<comp id="341" class="1005" name="gmem_C_addr_reg_341">
<pin_list>
<pin id="342" dir="0" index="0" bw="32" slack="11"/>
<pin id="343" dir="1" index="1" bw="32" slack="11"/>
</pin_list>
<bind>
<opset="gmem_C_addr "/>
</bind>
</comp>

<comp id="348" class="1005" name="icmp_ln20_1_reg_348">
<pin_list>
<pin id="349" dir="0" index="0" bw="1" slack="1"/>
<pin id="350" dir="1" index="1" bw="1" slack="2147483647"/>
</pin_list>
<bind>
<opset="icmp_ln20_1 "/>
</bind>
</comp>

<comp id="352" class="1005" name="icmp_ln20_2_reg_352">
<pin_list>
<pin id="353" dir="0" index="0" bw="1" slack="13"/>
<pin id="354" dir="1" index="1" bw="1" slack="2147483647"/>
</pin_list>
<bind>
<opset="icmp_ln20_2 "/>
</bind>
</comp>

<comp id="356" class="1005" name="gmem_A_addr_reg_356">
<pin_list>
<pin id="357" dir="0" index="0" bw="32" slack="1"/>
<pin id="358" dir="1" index="1" bw="32" slack="1"/>
</pin_list>
<bind>
<opset="gmem_A_addr "/>
</bind>
</comp>

<comp id="362" class="1005" name="zext_ln20_reg_362">
<pin_list>
<pin id="363" dir="0" index="0" bw="64" slack="1"/>
<pin id="364" dir="1" index="1" bw="64" slack="1"/>
</pin_list>
<bind>
<opset="zext_ln20 "/>
</bind>
</comp>

<comp id="369" class="1005" name="gmem_B_addr_reg_369">
<pin_list>
<pin id="370" dir="0" index="0" bw="32" slack="1"/>
<pin id="371" dir="1" index="1" bw="32" slack="1"/>
</pin_list>
<bind>
<opset="gmem_B_addr "/>
</bind>
</comp>

<comp id="375" class="1005" name="gmem_A_addr_read_reg_375">
<pin_list>
<pin id="376" dir="0" index="0" bw="32" slack="1"/>
<pin id="377" dir="1" index="1" bw="32" slack="1"/>
</pin_list>
<bind>
<opset="gmem_A_addr_read "/>
</bind>
</comp>

<comp id="380" class="1005" name="gmem_B_addr_read_reg_380">
<pin_list>
<pin id="381" dir="0" index="0" bw="32" slack="1"/>
<pin id="382" dir="1" index="1" bw="32" slack="1"/>
</pin_list>
<bind>
<opset="gmem_B_addr_read "/>
</bind>
</comp>

<comp id="385" class="1005" name="result_reg_385">
<pin_list>
<pin id="386" dir="0" index="0" bw="32" slack="1"/>
<pin id="387" dir="1" index="1" bw="32" slack="1"/>
</pin_list>
<bind>
<opset="result "/>
</bind>
</comp>

</comp_list>

<net_list>
<net id="115"><net_src comp="14" pin="0"/><net_sink comp="112" pin=0"/></net>

<net id="120"><net_src comp="62" pin="0"/><net_sink comp="116" pin=0"/></net>

<net id="121"><net_src comp="12" pin="0"/><net_sink comp="116" pin=1"/></net>

<net id="126"><net_src comp="64" pin="0"/><net_sink comp="122" pin=0"/></net>

<net id="127"><net_src comp="10" pin="0"/><net_sink comp="122" pin=1"/></net>

<net id="132"><net_src comp="64" pin="0"/><net_sink comp="128" pin=0"/></net>

<net id="133"><net_src comp="8" pin="0"/><net_sink comp="128" pin=1"/></net>

<net id="138"><net_src comp="64" pin="0"/><net_sink comp="134" pin=0"/></net>

<net id="139"><net_src comp="6" pin="0"/><net_sink comp="134" pin=1"/></net>

<net id="145"><net_src comp="80" pin="0"/><net_sink comp="140" pin=0"/></net>

<net id="151"><net_src comp="80" pin="0"/><net_sink comp="146" pin=0"/></net>

<net id="156"><net_src comp="82" pin="0"/><net_sink comp="152" pin=0"/></net>

<net id="161"><net_src comp="82" pin="0"/><net_sink comp="157" pin=0"/></net>

<net id="167"><net_src comp="84" pin="0"/><net_sink comp="162" pin=0"/></net>

<net id="174"><net_src comp="106" pin="0"/><net_sink comp="168" pin=0"/></net>

<net id="175"><net_src comp="108" pin="0"/><net_sink comp="168" pin=3"/></net>

<net id="180"><net_src comp="110" pin="0"/><net_sink comp="176" pin=0"/></net>

<net id="190"><net_src comp="74" pin="0"/><net_sink comp="184" pin=0"/></net>

<net id="191"><net_src comp="76" pin="0"/><net_sink comp="184" pin=2"/></net>

<net id="192"><net_src comp="184" pin="4"/><net_sink comp="181" pin=0"/></net>

<net id="201"><net_src comp="116" pin="2"/><net_sink comp="197" pin=0"/></net>

<net id="202"><net_src comp="24" pin="0"/><net_sink comp="197" pin=1"/></net>

<net id="206"><net_src comp="116" pin="2"/><net_sink comp="203" pin=0"/></net>

<net id="212"><net_src comp="197" pin="2"/><net_sink comp="207" pin=0"/></net>

<net id="213"><net_src comp="203" pin="1"/><net_sink comp="207" pin=1"/></net>

<net id="214"><net_src comp="66" pin="0"/><net_sink comp="207" pin=2"/></net>

<net id="221"><net_src comp="68" pin="0"/><net_sink comp="215" pin=0"/></net>

<net id="222"><net_src comp="122" pin="2"/><net_sink comp="215" pin=1"/></net>

<net id="223"><net_src comp="70" pin="0"/><net_sink comp="215" pin=2"/></net>

<net id="224"><net_src comp="72" pin="0"/><net_sink comp="215" pin=3"/></net>

<net id="228"><net_src comp="215" pin="4"/><net_sink comp="225" pin=0"/></net>

<net id="233"><net_src comp="4" pin="0"/><net_sink comp="229" pin=0"/></net>

<net id="234"><net_src comp="225" pin="1"/><net_sink comp="229" pin=1"/></net>

<net id="239"><net_src comp="66" pin="0"/><net_sink comp="235" pin=0"/></net>

<net id="246"><net_src comp="240" pin="1"/><net_sink comp="243" pin=0"/></net>

<net id="251"><net_src comp="243" pin="1"/><net_sink comp="247" pin=0"/></net>

<net id="252"><net_src comp="116" pin="2"/><net_sink comp="247" pin=1"/></net>

<net id="257"><net_src comp="240" pin="1"/><net_sink comp="253" pin=0"/></net>

<net id="258"><net_src comp="78" pin="0"/><net_sink comp="253" pin=1"/></net>

<net id="262"><net_src comp="253" pin="2"/><net_sink comp="259" pin=0"/></net>

<net id="267"><net_src comp="259" pin="1"/><net_sink comp="263" pin=0"/></net>

<net id="268"><net_src comp="116" pin="2"/><net_sink comp="263" pin=1"/></net>

<net id="273"><net_src comp="253" pin="2"/><net_sink comp="269" pin=0"/></net>

<net id="280"><net_src comp="68" pin="0"/><net_sink comp="274" pin=0"/></net>

<net id="281"><net_src comp="70" pin="0"/><net_sink comp="274" pin=2"/></net>

<net id="282"><net_src comp="72" pin="0"/><net_sink comp="274" pin=3"/></net>

<net id="286"><net_src comp="274" pin="4"/><net_sink comp="283" pin=0"/></net>

<net id="291"><net_src comp="0" pin="0"/><net_sink comp="287" pin=0"/></net>

<net id="292"><net_src comp="283" pin="1"/><net_sink comp="287" pin=1"/></net>

<net id="293"><net_src comp="287" pin="2"/><net_sink comp="140" pin=1"/></net>

<net id="297"><net_src comp="294" pin="1"/><net_sink comp="140" pin=2"/></net>

<net id="298"><net_src comp="294" pin="1"/><net_sink comp="146" pin=2"/></net>

<net id="305"><net_src comp="68" pin="0"/><net_sink comp="299" pin=0"/></net>

<net id="306"><net_src comp="70" pin="0"/><net_sink comp="299" pin=2"/></net>

<net id="307"><net_src comp="72" pin="0"/><net_sink comp="299" pin=3"/></net>

<net id="311"><net_src comp="299" pin="4"/><net_sink comp="308" pin=0"/></net>

<net id="316"><net_src comp="2" pin="0"/><net_sink comp="312" pin=0"/></net>

<net id="317"><net_src comp="308" pin="1"/><net_sink comp="312" pin=1"/></net>

<net id="318"><net_src comp="312" pin="2"/><net_sink comp="146" pin=1"/></net>

<net id="322"><net_src comp="112" pin="1"/><net_sink comp="319" pin=0"/></net>

<net id="323"><net_src comp="319" pin="1"/><net_sink comp="235" pin=1"/></net>

<net id="324"><net_src comp="319" pin="1"/><net_sink comp="240" pin=0"/></net>

<net id="325"><net_src comp="319" pin="1"/><net_sink comp="269" pin=1"/></net>

<net id="329"><net_src comp="128" pin="2"/><net_sink comp="326" pin=0"/></net>

<net id="330"><net_src comp="326" pin="1"/><net_sink comp="299" pin=1"/></net>

<net id="334"><net_src comp="134" pin="2"/><net_sink comp="331" pin=0"/></net>

<net id="335"><net_src comp="331" pin="1"/><net_sink comp="274" pin=1"/></net>

<net id="339"><net_src comp="207" pin="3"/><net_sink comp="336" pin=0"/></net>

<net id="340"><net_src comp="336" pin="1"/><net_sink comp="294" pin=0"/></net>

<net id="344"><net_src comp="229" pin="2"/><net_sink comp="341" pin=0"/></net>

<net id="345"><net_src comp="341" pin="1"/><net_sink comp="162" pin=1"/></net>

<net id="346"><net_src comp="341" pin="1"/><net_sink comp="168" pin=1"/></net>

<net id="347"><net_src comp="341" pin="1"/><net_sink comp="176" pin=1"/></net>

<net id="351"><net_src comp="247" pin="2"/><net_sink comp="348" pin=0"/></net>

<net id="355"><net_src comp="263" pin="2"/><net_sink comp="352" pin=0"/></net>

<net id="359"><net_src comp="287" pin="2"/><net_sink comp="356" pin=0"/></net>

<net id="360"><net_src comp="356" pin="1"/><net_sink comp="140" pin=1"/></net>

<net id="361"><net_src comp="356" pin="1"/><net_sink comp="152" pin=1"/></net>

<net id="365"><net_src comp="294" pin="1"/><net_sink comp="362" pin=0"/></net>

<net id="366"><net_src comp="362" pin="1"/><net_sink comp="140" pin=2"/></net>

<net id="367"><net_src comp="362" pin="1"/><net_sink comp="146" pin=2"/></net>

<net id="368"><net_src comp="362" pin="1"/><net_sink comp="162" pin=2"/></net>

<net id="372"><net_src comp="312" pin="2"/><net_sink comp="369" pin=0"/></net>

<net id="373"><net_src comp="369" pin="1"/><net_sink comp="146" pin=1"/></net>

<net id="374"><net_src comp="369" pin="1"/><net_sink comp="157" pin=1"/></net>

<net id="378"><net_src comp="152" pin="2"/><net_sink comp="375" pin=0"/></net>

<net id="379"><net_src comp="375" pin="1"/><net_sink comp="193" pin=1"/></net>

<net id="383"><net_src comp="157" pin="2"/><net_sink comp="380" pin=0"/></net>

<net id="384"><net_src comp="380" pin="1"/><net_sink comp="193" pin=0"/></net>

<net id="388"><net_src comp="193" pin="2"/><net_sink comp="385" pin=0"/></net>

<net id="389"><net_src comp="385" pin="1"/><net_sink comp="168" pin=2"/></net>

</net_list>

</model> 
---------------- Datapath Model END ------------------

* FSMD analyzer results:
  - Output states:
	Port: gmem_C | {12 13 14 15 16 17 18 }
 - Input state : 
	Port: vector_mult : gmem_A | {2 3 4 5 6 7 8 9 10 }
	Port: vector_mult : gmem_B | {2 3 4 5 6 7 8 9 10 }
	Port: vector_mult : A | {1 }
	Port: vector_mult : B | {1 }
	Port: vector_mult : C | {1 }
	Port: vector_mult : length_r | {1 }
  - Chain level:
	State 1
		empty : 1
		sext_ln20_2 : 1
		gmem_C_addr : 2
		store_ln0 : 1
		first_iter_0 : 1
		i_load : 1
		zext_ln20_1 : 2
		icmp_ln20_1 : 3
		br_ln20 : 4
		br_ln20 : 2
		add_ln20 : 2
		zext_ln21 : 3
		icmp_ln20_2 : 4
		br_ln20 : 5
		store_ln20 : 3
	State 2
		sext_ln20 : 1
		gmem_A_addr : 2
		sext_ln20_1 : 1
		gmem_B_addr : 2
		empty_20 : 3
		empty_21 : 3
	State 3
	State 4
	State 5
	State 6
	State 7
	State 8
	State 9
	State 10
	State 11
	State 12
		specfucore_ln23 : 1
	State 13
		rend : 1
	State 14
	State 15
	State 16
	State 17
	State 18


============================================================
+ Verbose Summary: Datapath Resource usage 
============================================================

* Functional unit list:
|----------|------------------------------|---------|---------|---------|
| Operation|        Functional Unit       |   DSP   |    FF   |   LUT   |
|----------|------------------------------|---------|---------|---------|
|          |       icmp_ln20_fu_197       |    0    |    0    |    39   |
|   icmp   |      icmp_ln20_1_fu_247      |    0    |    0    |    39   |
|          |      icmp_ln20_2_fu_263      |    0    |    0    |    39   |
|----------|------------------------------|---------|---------|---------|
|    mul   |          grp_fu_193          |    3    |    34   |    47   |
|----------|------------------------------|---------|---------|---------|
|    add   |        add_ln20_fu_253       |    0    |    0    |    38   |
|----------|------------------------------|---------|---------|---------|
|  select  |         empty_fu_207         |    0    |    0    |    31   |
|----------|------------------------------|---------|---------|---------|
|          |   length_r_read_read_fu_116  |    0    |    0    |    0    |
|          |      C_read_read_fu_122      |    0    |    0    |    0    |
|   read   |      B_read_read_fu_128      |    0    |    0    |    0    |
|          |      A_read_read_fu_134      |    0    |    0    |    0    |
|          | gmem_A_addr_read_read_fu_152 |    0    |    0    |    0    |
|          | gmem_B_addr_read_read_fu_157 |    0    |    0    |    0    |
|----------|------------------------------|---------|---------|---------|
|  readreq |      grp_readreq_fu_140      |    0    |    0    |    0    |
|          |      grp_readreq_fu_146      |    0    |    0    |    0    |
|----------|------------------------------|---------|---------|---------|
| writereq |   empty_22_writereq_fu_162   |    0    |    0    |    0    |
|----------|------------------------------|---------|---------|---------|
|   write  |    write_ln24_write_fu_168   |    0    |    0    |    0    |
|----------|------------------------------|---------|---------|---------|
| writeresp|     grp_writeresp_fu_176     |    0    |    0    |    0    |
|----------|------------------------------|---------|---------|---------|
|   trunc  |       trunc_ln20_fu_203      |    0    |    0    |    0    |
|----------|------------------------------|---------|---------|---------|
|          |      trunc_ln20_2_fu_215     |    0    |    0    |    0    |
|partselect|        trunc_ln_fu_274       |    0    |    0    |    0    |
|          |      trunc_ln20_1_fu_299     |    0    |    0    |    0    |
|----------|------------------------------|---------|---------|---------|
|          |      sext_ln20_2_fu_225      |    0    |    0    |    0    |
|   sext   |       sext_ln20_fu_283       |    0    |    0    |    0    |
|          |      sext_ln20_1_fu_308      |    0    |    0    |    0    |
|----------|------------------------------|---------|---------|---------|
|          |      zext_ln20_1_fu_243      |    0    |    0    |    0    |
|   zext   |       zext_ln21_fu_259       |    0    |    0    |    0    |
|          |       zext_ln20_fu_294       |    0    |    0    |    0    |
|----------|------------------------------|---------|---------|---------|
|   Total  |                              |    3    |    34   |   233   |
|----------|------------------------------|---------|---------|---------|

Memories:
N/A

* Register list:
+------------------------+--------+
|                        |   FF   |
+------------------------+--------+
|     A_read_reg_331     |   64   |
|     B_read_reg_326     |   64   |
|      empty_reg_336     |   31   |
|  first_iter_0_reg_181  |    1   |
|gmem_A_addr_read_reg_375|   32   |
|   gmem_A_addr_reg_356  |   32   |
|gmem_B_addr_read_reg_380|   32   |
|   gmem_B_addr_reg_369  |   32   |
|   gmem_C_addr_reg_341  |   32   |
|        i_reg_319       |   31   |
|   icmp_ln20_1_reg_348  |    1   |
|   icmp_ln20_2_reg_352  |    1   |
|     result_reg_385     |   32   |
|    zext_ln20_reg_362   |   64   |
+------------------------+--------+
|          Total         |   449  |
+------------------------+--------+

* Multiplexer (MUX) list: 
|--------------------|------|------|------|--------||---------||---------||---------|
|        Comp        |  Pin | Size |  BW  | S x BW ||  Delay  ||    FF   ||   LUT   |
|--------------------|------|------|------|--------||---------||---------||---------|
| grp_readreq_fu_140 |  p1  |   2  |  32  |   64   ||    0    ||    9    |
| grp_readreq_fu_140 |  p2  |   2  |  31  |   62   ||    0    ||    9    |
| grp_readreq_fu_146 |  p1  |   2  |  32  |   64   ||    0    ||    9    |
| grp_readreq_fu_146 |  p2  |   2  |  31  |   62   ||    0    ||    9    |
|--------------------|------|------|------|--------||---------||---------||---------|
|        Total       |      |      |      |   252  ||  6.352  ||    0    ||    36   |
|--------------------|------|------|------|--------||---------||---------||---------|



* Summary:
+-----------+--------+--------+--------+--------+
|           |   DSP  |  Delay |   FF   |   LUT  |
+-----------+--------+--------+--------+--------+
|  Function |    3   |    -   |   34   |   233  |
|   Memory  |    -   |    -   |    -   |    -   |
|Multiplexer|    -   |    6   |    0   |   36   |
|  Register |    -   |    -   |   449  |    -   |
+-----------+--------+--------+--------+--------+
|   Total   |    3   |    6   |   483  |   269  |
+-----------+--------+--------+--------+--------+
