Copyright 1986-2022 Xilinx, Inc. All Rights Reserved. Copyright 2022-2026 Advanced Micro Devices, Inc. All Rights Reserved.
---------------------------------------------------------------------------------------------------------------------------------------------
| Tool Version : Vivado v.2026.1 (win64) Build 6511674 Tue Jun 16 11:02:23 MDT 2026
| Date         : Tue Sep 22 20:12:16 2026
| Host         : DESKTOP-55UAODO running 64-bit major release  (build 9200)
| Command      : report_timing_summary -file ./report/Sobel_Filter_timing_synth.rpt
| Design       : bd_0_wrapper
| Device       : 7z020-clg400
| Speed File   : -1  PRODUCTION 1.12 2019-11-22
| Design State : Synthesized
---------------------------------------------------------------------------------------------------------------------------------------------

Timing Summary Report

------------------------------------------------------------------------------------------------
| Timer Settings
| --------------
------------------------------------------------------------------------------------------------

  Enable Multi Corner Analysis               :  Yes
  Enable Pessimism Removal                   :  Yes
  Pessimism Removal Resolution               :  Nearest Common Node
  Enable Input Delay Default Clock           :  No
  Enable Preset / Clear Arcs                 :  No
  Disable Flight Delays                      :  No
  Ignore I/O Paths                           :  No
  Timing Early Launch at Borrowing Latches   :  No
  Borrow Time for Max Delay Exceptions       :  Yes
  Merge Timing Exceptions                    :  Yes
  Inter-SLR Compensation                     :  Conservative

  Corner  Analyze    Analyze    
  Name    Max Paths  Min Paths  
  ------  ---------  ---------  
  Slow    Yes        Yes        
  Fast    Yes        Yes        


------------------------------------------------------------------------------------------------
| Report Methodology
| ------------------
------------------------------------------------------------------------------------------------

No report available as report_methodology has not been run prior. Run report_methodology on the current design for the summary of methodology violations.



check_timing report

Table of Contents
-----------------
1. checking no_clock (0)
2. checking constant_clock (0)
3. checking pulse_width_clock (0)
4. checking unconstrained_internal_endpoints (0)
5. checking no_input_delay (107)
6. checking no_output_delay (95)
7. checking multiple_clock (0)
8. checking generated_clocks (0)
9. checking loops (0)
10. checking partial_input_delay (0)
11. checking partial_output_delay (0)
12. checking latch_loops (0)

1. checking no_clock (0)
------------------------
 There are 0 register/latch pins with no clock.


2. checking constant_clock (0)
------------------------------
 There are 0 register/latch pins with constant_clock.


3. checking pulse_width_clock (0)
---------------------------------
 There are 0 register/latch pins which need pulse_width check


4. checking unconstrained_internal_endpoints (0)
------------------------------------------------
 There are 0 pins that are not constrained for maximum delay.

 There are 0 pins that are not constrained for maximum delay due to constant clock.


5. checking no_input_delay (107)
--------------------------------
 There are 107 input ports with no input delay specified. (HIGH)

 There are 0 input ports with no input delay but user has a false path constraint.


6. checking no_output_delay (95)
--------------------------------
 There are 95 ports with no output delay specified. (HIGH)

 There are 0 ports with no output delay but user has a false path constraint

 There are 0 ports with no output delay but with a timing clock defined on it or propagating through it


7. checking multiple_clock (0)
------------------------------
 There are 0 register/latch pins with multiple clocks.


8. checking generated_clocks (0)
--------------------------------
 There are 0 generated clocks that are not connected to a clock source.


9. checking loops (0)
---------------------
 There are 0 combinational loops in the design.


10. checking partial_input_delay (0)
------------------------------------
 There are 0 input ports with partial input delay specified.


11. checking partial_output_delay (0)
-------------------------------------
 There are 0 ports with partial output delay specified.


12. checking latch_loops (0)
----------------------------
 There are 0 combinational latch loops in the design through latch input



------------------------------------------------------------------------------------------------
| Design Timing Summary
| ---------------------
------------------------------------------------------------------------------------------------

    WNS(ns)      TNS(ns)  TNS Failing Endpoints  TNS Total Endpoints      WHS(ns)      THS(ns)  THS Failing Endpoints  THS Total Endpoints     WPWS(ns)     TPWS(ns)  TPWS Failing Endpoints  TPWS Total Endpoints  
    -------      -------  ---------------------  -------------------      -------      -------  ---------------------  -------------------     --------     --------  ----------------------  --------------------  
      2.271        0.000                      0                 2989        0.219        0.000                      0                 2989        4.020        0.000                       0                  1307  


All user specified timing constraints are met.


------------------------------------------------------------------------------------------------
| Clock Summary
| -------------
------------------------------------------------------------------------------------------------

Clock   Waveform(ns)       Period(ns)      Frequency(MHz)
-----   ------------       ----------      --------------
ap_clk  {0.000 5.000}      10.000          100.000         


------------------------------------------------------------------------------------------------
| Intra Clock Table
| -----------------
------------------------------------------------------------------------------------------------

Clock             WNS(ns)      TNS(ns)  TNS Failing Endpoints  TNS Total Endpoints      WHS(ns)      THS(ns)  THS Failing Endpoints  THS Total Endpoints     WPWS(ns)     TPWS(ns)  TPWS Failing Endpoints  TPWS Total Endpoints  
-----             -------      -------  ---------------------  -------------------      -------      -------  ---------------------  -------------------     --------     --------  ----------------------  --------------------  
ap_clk              2.271        0.000                      0                 2989        0.219        0.000                      0                 2989        4.020        0.000                       0                  1307  


------------------------------------------------------------------------------------------------
| Inter Clock Table
| -----------------
------------------------------------------------------------------------------------------------

From Clock    To Clock          WNS(ns)      TNS(ns)  TNS Failing Endpoints  TNS Total Endpoints      WHS(ns)      THS(ns)  THS Failing Endpoints  THS Total Endpoints  
----------    --------          -------      -------  ---------------------  -------------------      -------      -------  ---------------------  -------------------  


------------------------------------------------------------------------------------------------
| Other Path Groups Table
| -----------------------
------------------------------------------------------------------------------------------------

Path Group    From Clock    To Clock          WNS(ns)      TNS(ns)  TNS Failing Endpoints  TNS Total Endpoints      WHS(ns)      THS(ns)  THS Failing Endpoints  THS Total Endpoints  
----------    ----------    --------          -------      -------  ---------------------  -------------------      -------      -------  ---------------------  -------------------  


------------------------------------------------------------------------------------------------
| Timing Details
| --------------
------------------------------------------------------------------------------------------------


---------------------------------------------------------------------------------------------------
From Clock:  ap_clk
  To Clock:  ap_clk

Setup :            0  Failing Endpoints,  Worst Slack        2.271ns,  Total Violation        0.000ns
Hold  :            0  Failing Endpoints,  Worst Slack        0.219ns,  Total Violation        0.000ns
PW    :            0  Failing Endpoints,  Worst Slack        4.020ns,  Total Violation        0.000ns
---------------------------------------------------------------------------------------------------


Max Delay Paths
--------------------------------------------------------------------------------------
Slack (MET) :             2.271ns  (required time - arrival time)
  Source:                 bd_0_i/hls_inst/inst/grp_Sobel_Filter_Pipeline_VITIS_LOOP_26_1_VITIS_LOOP_28_2_fu_86/sub_ln62_reg_789_reg[1]/C
                            (rising edge-triggered cell FDRE clocked by ap_clk  {rise@0.000ns fall@5.000ns period=10.000ns})
  Destination:            bd_0_i/hls_inst/inst/Output_r_TDATA_reg_reg[0]/S
                            (rising edge-triggered cell FDSE clocked by ap_clk  {rise@0.000ns fall@5.000ns period=10.000ns})
  Path Group:             ap_clk
  Path Type:              Setup (Max at Slow Process Corner)
  Requirement:            10.000ns  (ap_clk rise@10.000ns - ap_clk rise@0.000ns)
  Data Path Delay:        7.121ns  (logic 3.221ns (45.232%)  route 3.900ns (54.768%))
  Logic Levels:           12  (CARRY4=9 LUT2=2 LUT3=1)
  Clock Path Skew:        -0.049ns (DCD - SCD + CPR)
    Destination Clock Delay (DCD):    0.924ns = ( 10.924 - 10.000 ) 
    Source Clock Delay      (SCD):    0.973ns
    Clock Pessimism Removal (CPR):    0.000ns
  Clock Uncertainty:      0.035ns  ((TSJ^2 + TIJ^2)^1/2 + DJ) / 2 + PE
    Total System Jitter     (TSJ):    0.071ns
    Total Input Jitter      (TIJ):    0.000ns
    Discrete Jitter          (DJ):    0.000ns
    Phase Error              (PE):    0.000ns

    Location             Delay type                Incr(ns)  Path(ns)    Netlist Resource(s)
  -------------------------------------------------------------------    -------------------
                         (clock ap_clk rise edge)     0.000     0.000 r  <hidden>
                                                      0.000     0.000 r  ap_clk
                         net (fo=1308, unset)         0.973     0.973    bd_0_i/hls_inst/inst/grp_Sobel_Filter_Pipeline_VITIS_LOOP_26_1_VITIS_LOOP_28_2_fu_86/ap_clk
                         FDRE                                         r  bd_0_i/hls_inst/inst/grp_Sobel_Filter_Pipeline_VITIS_LOOP_26_1_VITIS_LOOP_28_2_fu_86/sub_ln62_reg_789_reg[1]/C
  -------------------------------------------------------------------    -------------------
                         FDRE (Prop_fdre_C_Q)         0.518     1.491 r  bd_0_i/hls_inst/inst/grp_Sobel_Filter_Pipeline_VITIS_LOOP_26_1_VITIS_LOOP_28_2_fu_86/sub_ln62_reg_789_reg[1]/Q
                         net (fo=2, unplaced)         0.752     2.243    bd_0_i/hls_inst/inst/grp_Sobel_Filter_Pipeline_VITIS_LOOP_26_1_VITIS_LOOP_28_2_fu_86/sub_ln62_reg_789[1]
                         LUT3 (Prop_lut3_I0_O)        0.295     2.538 r  bd_0_i/hls_inst/inst/grp_Sobel_Filter_Pipeline_VITIS_LOOP_26_1_VITIS_LOOP_28_2_fu_86/Magnitude_fu_574_p2_carry_i_3/O
                         net (fo=1, unplaced)         0.639     3.177    bd_0_i/hls_inst/inst/grp_Sobel_Filter_Pipeline_VITIS_LOOP_26_1_VITIS_LOOP_28_2_fu_86/Gx_Value_Abs_fu_555_p3[1]
                         CARRY4 (Prop_carry4_DI[1]_CO[3])
                                                      0.520     3.697 r  bd_0_i/hls_inst/inst/grp_Sobel_Filter_Pipeline_VITIS_LOOP_26_1_VITIS_LOOP_28_2_fu_86/Magnitude_fu_574_p2_carry/CO[3]
                         net (fo=1, unplaced)         0.009     3.706    bd_0_i/hls_inst/inst/grp_Sobel_Filter_Pipeline_VITIS_LOOP_26_1_VITIS_LOOP_28_2_fu_86/Magnitude_fu_574_p2_carry_n_0
                         CARRY4 (Prop_carry4_CI_CO[3])
                                                      0.117     3.823 r  bd_0_i/hls_inst/inst/grp_Sobel_Filter_Pipeline_VITIS_LOOP_26_1_VITIS_LOOP_28_2_fu_86/Magnitude_fu_574_p2_carry__0/CO[3]
                         net (fo=1, unplaced)         0.000     3.823    bd_0_i/hls_inst/inst/grp_Sobel_Filter_Pipeline_VITIS_LOOP_26_1_VITIS_LOOP_28_2_fu_86/Magnitude_fu_574_p2_carry__0_n_0
                         CARRY4 (Prop_carry4_CI_CO[3])
                                                      0.117     3.940 r  bd_0_i/hls_inst/inst/grp_Sobel_Filter_Pipeline_VITIS_LOOP_26_1_VITIS_LOOP_28_2_fu_86/Magnitude_fu_574_p2_carry__1/CO[3]
                         net (fo=1, unplaced)         0.000     3.940    bd_0_i/hls_inst/inst/grp_Sobel_Filter_Pipeline_VITIS_LOOP_26_1_VITIS_LOOP_28_2_fu_86/Magnitude_fu_574_p2_carry__1_n_0
                         CARRY4 (Prop_carry4_CI_CO[3])
                                                      0.117     4.057 r  bd_0_i/hls_inst/inst/grp_Sobel_Filter_Pipeline_VITIS_LOOP_26_1_VITIS_LOOP_28_2_fu_86/Magnitude_fu_574_p2_carry__2/CO[3]
                         net (fo=1, unplaced)         0.000     4.057    bd_0_i/hls_inst/inst/grp_Sobel_Filter_Pipeline_VITIS_LOOP_26_1_VITIS_LOOP_28_2_fu_86/Magnitude_fu_574_p2_carry__2_n_0
                         CARRY4 (Prop_carry4_CI_CO[3])
                                                      0.117     4.174 r  bd_0_i/hls_inst/inst/grp_Sobel_Filter_Pipeline_VITIS_LOOP_26_1_VITIS_LOOP_28_2_fu_86/Magnitude_fu_574_p2_carry__3/CO[3]
                         net (fo=1, unplaced)         0.000     4.174    bd_0_i/hls_inst/inst/grp_Sobel_Filter_Pipeline_VITIS_LOOP_26_1_VITIS_LOOP_28_2_fu_86/Magnitude_fu_574_p2_carry__3_n_0
                         CARRY4 (Prop_carry4_CI_CO[3])
                                                      0.117     4.291 r  bd_0_i/hls_inst/inst/grp_Sobel_Filter_Pipeline_VITIS_LOOP_26_1_VITIS_LOOP_28_2_fu_86/Magnitude_fu_574_p2_carry__4/CO[3]
                         net (fo=1, unplaced)         0.000     4.291    bd_0_i/hls_inst/inst/grp_Sobel_Filter_Pipeline_VITIS_LOOP_26_1_VITIS_LOOP_28_2_fu_86/Magnitude_fu_574_p2_carry__4_n_0
                         CARRY4 (Prop_carry4_CI_CO[3])
                                                      0.117     4.408 r  bd_0_i/hls_inst/inst/grp_Sobel_Filter_Pipeline_VITIS_LOOP_26_1_VITIS_LOOP_28_2_fu_86/Magnitude_fu_574_p2_carry__5/CO[3]
                         net (fo=1, unplaced)         0.000     4.408    bd_0_i/hls_inst/inst/grp_Sobel_Filter_Pipeline_VITIS_LOOP_26_1_VITIS_LOOP_28_2_fu_86/Magnitude_fu_574_p2_carry__5_n_0
                         CARRY4 (Prop_carry4_CI_O[3])
                                                      0.331     4.739 f  bd_0_i/hls_inst/inst/grp_Sobel_Filter_Pipeline_VITIS_LOOP_26_1_VITIS_LOOP_28_2_fu_86/Magnitude_fu_574_p2_carry__6/O[3]
                         net (fo=5, unplaced)         0.646     5.385    bd_0_i/hls_inst/inst/grp_Sobel_Filter_Pipeline_VITIS_LOOP_26_1_VITIS_LOOP_28_2_fu_86/tmp_2_fu_580_p4[23]
                         LUT2 (Prop_lut2_I1_O)        0.302     5.687 r  bd_0_i/hls_inst/inst/grp_Sobel_Filter_Pipeline_VITIS_LOOP_26_1_VITIS_LOOP_28_2_fu_86/icmp_ln68_fu_590_p2_carry__1_i_1/O
                         net (fo=1, unplaced)         0.000     5.687    bd_0_i/hls_inst/inst/grp_Sobel_Filter_Pipeline_VITIS_LOOP_26_1_VITIS_LOOP_28_2_fu_86/icmp_ln68_fu_590_p2_carry__1_i_1_n_0
                         CARRY4 (Prop_carry4_DI[3]_CO[3])
                                                      0.429     6.116 r  bd_0_i/hls_inst/inst/grp_Sobel_Filter_Pipeline_VITIS_LOOP_26_1_VITIS_LOOP_28_2_fu_86/icmp_ln68_fu_590_p2_carry__1/CO[3]
                         net (fo=65, unplaced)        1.007     7.123    bd_0_i/hls_inst/inst/grp_Sobel_Filter_Pipeline_VITIS_LOOP_26_1_VITIS_LOOP_28_2_fu_86/icmp_ln68_fu_590_p2_carry__1_n_0
                         LUT2 (Prop_lut2_I0_O)        0.124     7.247 r  bd_0_i/hls_inst/inst/grp_Sobel_Filter_Pipeline_VITIS_LOOP_26_1_VITIS_LOOP_28_2_fu_86/Output_r_TDATA_reg[31]_i_1/O
                         net (fo=32, unplaced)        0.847     8.094    bd_0_i/hls_inst/inst/grp_Sobel_Filter_Pipeline_VITIS_LOOP_26_1_VITIS_LOOP_28_2_fu_86_n_60
                         FDSE                                         r  bd_0_i/hls_inst/inst/Output_r_TDATA_reg_reg[0]/S
  -------------------------------------------------------------------    -------------------

                         (clock ap_clk rise edge)    10.000    10.000 r  <hidden>
                                                      0.000    10.000 r  ap_clk
                         net (fo=1308, unset)         0.924    10.924    bd_0_i/hls_inst/inst/ap_clk
                         FDSE                                         r  bd_0_i/hls_inst/inst/Output_r_TDATA_reg_reg[0]/C
                         clock pessimism              0.000    10.924    <hidden>
                         clock uncertainty           -0.035    10.889    <hidden>
                         FDSE (Setup_fdse_C_S)       -0.524    10.365    bd_0_i/hls_inst/inst/Output_r_TDATA_reg_reg[0]
  -------------------------------------------------------------------
                         required time                         10.365    <hidden>
                         arrival time                          -8.094    <hidden>
  -------------------------------------------------------------------
                         slack                                  2.271    <hidden>





Min Delay Paths
--------------------------------------------------------------------------------------
Slack (MET) :             0.219ns  (arrival time - required time)
  Source:                 bd_0_i/hls_inst/inst/regslice_both_Input_r_V_dest_V_U/data_p1_reg[0]/C
                            (rising edge-triggered cell FDRE clocked by ap_clk  {rise@0.000ns fall@5.000ns period=10.000ns})
  Destination:            bd_0_i/hls_inst/inst/grp_Sobel_Filter_Pipeline_VITIS_LOOP_26_1_VITIS_LOOP_28_2_fu_86/p_0_reg_730_pp0_iter3_reg_reg[0]_srl2/D
                            (rising edge-triggered cell SRL16E clocked by ap_clk  {rise@0.000ns fall@5.000ns period=10.000ns})
  Path Group:             ap_clk
  Path Type:              Hold (Min at Fast Process Corner)
  Requirement:            0.000ns  (ap_clk rise@0.000ns - ap_clk rise@0.000ns)
  Data Path Delay:        0.305ns  (logic 0.164ns (53.808%)  route 0.141ns (46.192%))
  Logic Levels:           0  
  Clock Path Skew:        0.022ns (DCD - SCD - CPR)
    Destination Clock Delay (DCD):    0.432ns
    Source Clock Delay      (SCD):    0.410ns
    Clock Pessimism Removal (CPR):    -0.000ns

    Location             Delay type                Incr(ns)  Path(ns)    Netlist Resource(s)
  -------------------------------------------------------------------    -------------------
                         (clock ap_clk rise edge)     0.000     0.000 r  <hidden>
                                                      0.000     0.000 r  ap_clk
                         net (fo=1308, unset)         0.410     0.410    bd_0_i/hls_inst/inst/regslice_both_Input_r_V_dest_V_U/ap_clk
                         FDRE                                         r  bd_0_i/hls_inst/inst/regslice_both_Input_r_V_dest_V_U/data_p1_reg[0]/C
  -------------------------------------------------------------------    -------------------
                         FDRE (Prop_fdre_C_Q)         0.164     0.574 r  bd_0_i/hls_inst/inst/regslice_both_Input_r_V_dest_V_U/data_p1_reg[0]/Q
                         net (fo=1, unplaced)         0.141     0.715    bd_0_i/hls_inst/inst/grp_Sobel_Filter_Pipeline_VITIS_LOOP_26_1_VITIS_LOOP_28_2_fu_86/p_0_reg_730_pp0_iter4_reg_reg[5]__0_1[0]
                         SRL16E                                       r  bd_0_i/hls_inst/inst/grp_Sobel_Filter_Pipeline_VITIS_LOOP_26_1_VITIS_LOOP_28_2_fu_86/p_0_reg_730_pp0_iter3_reg_reg[0]_srl2/D
  -------------------------------------------------------------------    -------------------

                         (clock ap_clk rise edge)     0.000     0.000 r  <hidden>
                                                      0.000     0.000 r  ap_clk
                         net (fo=1308, unset)         0.432     0.432    bd_0_i/hls_inst/inst/grp_Sobel_Filter_Pipeline_VITIS_LOOP_26_1_VITIS_LOOP_28_2_fu_86/ap_clk
                         SRL16E                                       r  bd_0_i/hls_inst/inst/grp_Sobel_Filter_Pipeline_VITIS_LOOP_26_1_VITIS_LOOP_28_2_fu_86/p_0_reg_730_pp0_iter3_reg_reg[0]_srl2/CLK
                         clock pessimism              0.000     0.432    <hidden>
                         SRL16E (Hold_srl16e_CLK_D)
                                                      0.064     0.496    bd_0_i/hls_inst/inst/grp_Sobel_Filter_Pipeline_VITIS_LOOP_26_1_VITIS_LOOP_28_2_fu_86/p_0_reg_730_pp0_iter3_reg_reg[0]_srl2
  -------------------------------------------------------------------
                         required time                         -0.496    <hidden>
                         arrival time                           0.715    <hidden>
  -------------------------------------------------------------------
                         slack                                  0.219    <hidden>





Pulse Width Checks
--------------------------------------------------------------------------------------
Clock Name:         ap_clk
Waveform(ns):       { 0.000 5.000 }
Period(ns):         10.000
Sources:            { ap_clk }

Check Type        Corner  Lib Pin      Reference Pin  Required(ns)  Actual(ns)  Slack(ns)  Location  Pin
Min Period        n/a     DSP48E1/CLK  n/a            3.884         10.000      6.116                bd_0_i/hls_inst/inst/mul_31ns_31ns_62_2_1_U19/buff0_reg/CLK
Low Pulse Width   Slow    SRL16E/CLK   n/a            0.980         5.000       4.020                bd_0_i/hls_inst/inst/grp_Sobel_Filter_Pipeline_VITIS_LOOP_26_1_VITIS_LOOP_28_2_fu_86/ap_loop_exit_ready_pp0_iter3_reg_reg_srl2/CLK
High Pulse Width  Slow    SRL16E/CLK   n/a            0.980         5.000       4.020                bd_0_i/hls_inst/inst/grp_Sobel_Filter_Pipeline_VITIS_LOOP_26_1_VITIS_LOOP_28_2_fu_86/ap_loop_exit_ready_pp0_iter3_reg_reg_srl2/CLK



