Copyright 1986-2022 Xilinx, Inc. All Rights Reserved. Copyright 2022-2026 Advanced Micro Devices, Inc. All Rights Reserved.
---------------------------------------------------------------------------------------------------------------------------------------------
| Tool Version : Vivado v.2026.1 (win64) Build 6511674 Tue Jun 16 11:02:23 MDT 2026
| Date         : Tue Sep 22 20:14:30 2026
| Host         : DESKTOP-55UAODO running 64-bit major release  (build 9200)
| Command      : report_utilization -hierarchical -hierarchical_depth 6 -file ./report/Sobel_Filter_utilization_hierarchical_routed.rpt
| Design       : bd_0_wrapper
| Device       : xc7z020clg400-1
| Speed File   : -1
| Design State : Routed
---------------------------------------------------------------------------------------------------------------------------------------------

Utilization Design Information

Table of Contents
-----------------
1. Utilization by Hierarchy

1. Utilization by Hierarchy
---------------------------

+-----------------------------------------------------------------------------+------------------------------------------------------------------------------------+------------+------------+---------+------+------+--------+--------+------------+
|                                   Instance                                  |                                       Module                                       | Total LUTs | Logic LUTs | LUTRAMs | SRLs |  FFs | RAMB36 | RAMB18 | DSP Blocks |
+-----------------------------------------------------------------------------+------------------------------------------------------------------------------------+------------+------------+---------+------+------+--------+--------+------------+
| bd_0_wrapper                                                                |                                                                              (top) |        879 |        859 |       0 |   20 | 1275 |      4 |      0 |          4 |
|   bd_0_i                                                                    |                                                                               bd_0 |        879 |        859 |       0 |   20 | 1275 |      4 |      0 |          4 |
|     hls_inst                                                                |                                                                    bd_0_hls_inst_0 |        879 |        859 |       0 |   20 | 1275 |      4 |      0 |          4 |
|       inst                                                                  |                                                       bd_0_hls_inst_0_Sobel_Filter |        879 |        859 |       0 |   20 | 1275 |      4 |      0 |          4 |
|         (inst)                                                              |                                                       bd_0_hls_inst_0_Sobel_Filter |          0 |          0 |       0 |    0 |  156 |      0 |      0 |          0 |
|         control_s_axi_U                                                     |                                         bd_0_hls_inst_0_Sobel_Filter_control_s_axi |        159 |        159 |       0 |    0 |  116 |      0 |      0 |          0 |
|         grp_Sobel_Filter_Pipeline_VITIS_LOOP_26_1_VITIS_LOOP_28_2_fu_86     | bd_0_hls_inst_0_Sobel_Filter_Sobel_Filter_Pipeline_VITIS_LOOP_26_1_VITIS_LOOP_28_2 |        548 |        528 |       0 |   20 |  703 |      4 |      0 |          0 |
|           (grp_Sobel_Filter_Pipeline_VITIS_LOOP_26_1_VITIS_LOOP_28_2_fu_86) | bd_0_hls_inst_0_Sobel_Filter_Sobel_Filter_Pipeline_VITIS_LOOP_26_1_VITIS_LOOP_28_2 |        528 |        508 |       0 |   20 |  701 |      0 |      0 |          0 |
|         regslice_both_Input_r_V_data_V_U                                    |                                         bd_0_hls_inst_0_Sobel_Filter_regslice_both |         37 |         37 |       0 |    0 |   69 |      0 |      0 |          0 |
|         regslice_both_Output_r_V_data_V_U                                   |                                       bd_0_hls_inst_0_Sobel_Filter_regslice_both_1 |          6 |          6 |       0 |    0 |   69 |      0 |      0 |          0 |
+-----------------------------------------------------------------------------+------------------------------------------------------------------------------------+------------+------------+---------+------+------+--------+--------+------------+
* Note: The sum of lower-level cells may be larger than their parent cells total, due to cross-hierarchy LUT combining


