Copyright 1986-2022 Xilinx, Inc. All Rights Reserved. Copyright 2022-2026 Advanced Micro Devices, Inc. All Rights Reserved.
---------------------------------------------------------------------------------------------------------------------------------------------
| Tool Version : Vivado v.2026.1 (win64) Build 6511674 Tue Jun 16 11:02:23 MDT 2026
| Date         : Tue Sep 22 20:12:17 2026
| Host         : DESKTOP-55UAODO running 64-bit major release  (build 9200)
| Command      : report_design_analysis -file ./report/Sobel_Filter_design_analysis_synth.rpt
| Design       : bd_0_wrapper
| Device       : xc7z020
| Design State : Synthesized
---------------------------------------------------------------------------------------------------------------------------------------------

Report Design Analysis

Table of Contents
-----------------
1. Setup Path Characteristics 1-1
2. Logic Level Distribution
3. Placer Final Level Congestion Reporting

1. Setup Path Characteristics 1-1
---------------------------------

+---------------------------+------------------------------------------------------------------------------------------------------------------+
|      Characteristics      |                                                      Path #1                                                     |
+---------------------------+------------------------------------------------------------------------------------------------------------------+
| Requirement               | 10.000                                                                                                           |
| Path Delay                | 7.121                                                                                                            |
| Logic Delay               | 3.221(46%)                                                                                                       |
| Net Delay                 | 3.900(54%)                                                                                                       |
| Clock Skew                | -0.049                                                                                                           |
| Slack                     | 2.271                                                                                                            |
| Clock Uncertainty         | 0.035                                                                                                            |
| Clock Relationship        | Safely Timed                                                                                                     |
| Clock Delay Group         | Same Clock                                                                                                       |
| Logic Levels              | 12                                                                                                               |
| Routes                    | NA                                                                                                               |
| Logical Path              | FDRE/C-(2)-LUT3-(1)-CARRY4-(1)-CARRY4-CARRY4-CARRY4-CARRY4-CARRY4-CARRY4-CARRY4-LUT2-(1)-CARRY4-LUT2-(32)-FDSE/S |
| Start Point Clock         | ap_clk                                                                                                           |
| End Point Clock           | ap_clk                                                                                                           |
| DSP Block                 | None                                                                                                             |
| RAM Registers             | None-None                                                                                                        |
| IO Crossings              | 0                                                                                                                |
| Config Crossings          | 0                                                                                                                |
| SLR Crossings             | 0                                                                                                                |
| PBlocks                   | 0                                                                                                                |
| High Fanout               | 32                                                                                                               |
| ASYNC REG                 | 0                                                                                                                |
| Dont Touch                | 0                                                                                                                |
| Mark Debug                | 0                                                                                                                |
| Start Point Pin Primitive | FDRE/C                                                                                                           |
| End Point Pin Primitive   | FDSE/S                                                                                                           |
| Start Point Pin           | sub_ln62_reg_789_reg[1]/C                                                                                        |
| End Point Pin             | Output_r_TDATA_reg_reg[0]/S                                                                                      |
+---------------------------+------------------------------------------------------------------------------------------------------------------+
* Bounding box calculated as % of dimensions for the target device (308, 299)


2. Logic Level Distribution
---------------------------

+-----------------+-------------+-----+-----+-----+---+----+----+-----+----+----+----+----+----+-----+----+----+----+----+
| End Point Clock | Requirement |  0  |  1  |  2  | 3 |  4 |  5 |  6  |  7 |  8 |  9 | 10 | 11 |  12 | 13 | 14 | 15 | 16 |
+-----------------+-------------+-----+-----+-----+---+----+----+-----+----+----+----+----+----+-----+----+----+----+----+
| ap_clk          | 10.000ns    | 130 | 141 | 158 | 6 | 19 | 16 | 210 | 44 | 99 | 31 | 16 | 10 | 105 |  5 |  4 |  4 |  2 |
+-----------------+-------------+-----+-----+-----+---+----+----+-----+----+----+----+----+----+-----+----+----+----+----+
* Columns represent the logic levels per end point clock
** Distribution is for top worst 1000 paths


3. Placer Final Level Congestion Reporting
------------------------------------------

+-----------+------+-------+------------+--------+---------------+----------------+-----+--------+------+------+------+-----+-------+-----+------------+
| Direction | Type | Level | Congestion | Window | Combined LUTs | Avg LUT Inputs | LUT | LUTRAM | Flop | MUXF | RAMB | DSP | CARRY | SRL | Cell Names |
+-----------+------+-------+------------+--------+---------------+----------------+-----+--------+------+------+------+-----+-------+-----+------------+
* The design has not been placed, hence congestion data is not available. The command report_design_analysis -congestion should be run only after place_design has completed.


