Copyright 1986-2022 Xilinx, Inc. All Rights Reserved. Copyright 2022-2026 Advanced Micro Devices, Inc. All Rights Reserved.
---------------------------------------------------------------------------------------------------------------------------------------------
| Tool Version : Vivado v.2026.1 (win64) Build 6511674 Tue Jun 16 11:02:23 MDT 2026
| Date         : Tue Sep 22 20:12:16 2026
| Host         : DESKTOP-55UAODO running 64-bit major release  (build 9200)
| Command      : report_timing -max_paths 10 -file ./report/Sobel_Filter_timing_paths_synth.rpt
| Design       : bd_0_wrapper
| Device       : 7z020-clg400
| Speed File   : -1  PRODUCTION 1.12 2019-11-22
| Design State : Synthesized
---------------------------------------------------------------------------------------------------------------------------------------------

Timing Report

Slack (MET) :             2.271ns  (required time - arrival time)
  Source:                 bd_0_i/hls_inst/inst/grp_Sobel_Filter_Pipeline_VITIS_LOOP_26_1_VITIS_LOOP_28_2_fu_86/sub_ln62_reg_789_reg[1]/C
                            (rising edge-triggered cell FDRE clocked by ap_clk  {rise@0.000ns fall@5.000ns period=10.000ns})
  Destination:            bd_0_i/hls_inst/inst/Output_r_TDATA_reg_reg[0]/S
                            (rising edge-triggered cell FDSE clocked by ap_clk  {rise@0.000ns fall@5.000ns period=10.000ns})
  Path Group:             ap_clk
  Path Type:              Setup (Max at Slow Process Corner)
  Requirement:            10.000ns  (ap_clk rise@10.000ns - ap_clk rise@0.000ns)
  Data Path Delay:        7.121ns  (logic 3.221ns (45.232%)  route 3.900ns (54.768%))
  Logic Levels:           12  (CARRY4=9 LUT2=2 LUT3=1)
  Clock Path Skew:        -0.049ns (DCD - SCD + CPR)
    Destination Clock Delay (DCD):    0.924ns = ( 10.924 - 10.000 ) 
    Source Clock Delay      (SCD):    0.973ns
    Clock Pessimism Removal (CPR):    0.000ns
  Clock Uncertainty:      0.035ns  ((TSJ^2 + TIJ^2)^1/2 + DJ) / 2 + PE
    Total System Jitter     (TSJ):    0.071ns
    Total Input Jitter      (TIJ):    0.000ns
    Discrete Jitter          (DJ):    0.000ns
    Phase Error              (PE):    0.000ns

    Location             Delay type                Incr(ns)  Path(ns)    Netlist Resource(s)
  -------------------------------------------------------------------    -------------------
                         (clock ap_clk rise edge)     0.000     0.000 r  <hidden>
                                                      0.000     0.000 r  ap_clk
                         net (fo=1308, unset)         0.973     0.973    bd_0_i/hls_inst/inst/grp_Sobel_Filter_Pipeline_VITIS_LOOP_26_1_VITIS_LOOP_28_2_fu_86/ap_clk
                         FDRE                                         r  bd_0_i/hls_inst/inst/grp_Sobel_Filter_Pipeline_VITIS_LOOP_26_1_VITIS_LOOP_28_2_fu_86/sub_ln62_reg_789_reg[1]/C
  -------------------------------------------------------------------    -------------------
                         FDRE (Prop_fdre_C_Q)         0.518     1.491 r  bd_0_i/hls_inst/inst/grp_Sobel_Filter_Pipeline_VITIS_LOOP_26_1_VITIS_LOOP_28_2_fu_86/sub_ln62_reg_789_reg[1]/Q
                         net (fo=2, unplaced)         0.752     2.243    bd_0_i/hls_inst/inst/grp_Sobel_Filter_Pipeline_VITIS_LOOP_26_1_VITIS_LOOP_28_2_fu_86/sub_ln62_reg_789[1]
                         LUT3 (Prop_lut3_I0_O)        0.295     2.538 r  bd_0_i/hls_inst/inst/grp_Sobel_Filter_Pipeline_VITIS_LOOP_26_1_VITIS_LOOP_28_2_fu_86/Magnitude_fu_574_p2_carry_i_3/O
                         net (fo=1, unplaced)         0.639     3.177    bd_0_i/hls_inst/inst/grp_Sobel_Filter_Pipeline_VITIS_LOOP_26_1_VITIS_LOOP_28_2_fu_86/Gx_Value_Abs_fu_555_p3[1]
                         CARRY4 (Prop_carry4_DI[1]_CO[3])
                                                      0.520     3.697 r  bd_0_i/hls_inst/inst/grp_Sobel_Filter_Pipeline_VITIS_LOOP_26_1_VITIS_LOOP_28_2_fu_86/Magnitude_fu_574_p2_carry/CO[3]
                         net (fo=1, unplaced)         0.009     3.706    bd_0_i/hls_inst/inst/grp_Sobel_Filter_Pipeline_VITIS_LOOP_26_1_VITIS_LOOP_28_2_fu_86/Magnitude_fu_574_p2_carry_n_0
                         CARRY4 (Prop_carry4_CI_CO[3])
                                                      0.117     3.823 r  bd_0_i/hls_inst/inst/grp_Sobel_Filter_Pipeline_VITIS_LOOP_26_1_VITIS_LOOP_28_2_fu_86/Magnitude_fu_574_p2_carry__0/CO[3]
                         net (fo=1, unplaced)         0.000     3.823    bd_0_i/hls_inst/inst/grp_Sobel_Filter_Pipeline_VITIS_LOOP_26_1_VITIS_LOOP_28_2_fu_86/Magnitude_fu_574_p2_carry__0_n_0
                         CARRY4 (Prop_carry4_CI_CO[3])
                                                      0.117     3.940 r  bd_0_i/hls_inst/inst/grp_Sobel_Filter_Pipeline_VITIS_LOOP_26_1_VITIS_LOOP_28_2_fu_86/Magnitude_fu_574_p2_carry__1/CO[3]
                         net (fo=1, unplaced)         0.000     3.940    bd_0_i/hls_inst/inst/grp_Sobel_Filter_Pipeline_VITIS_LOOP_26_1_VITIS_LOOP_28_2_fu_86/Magnitude_fu_574_p2_carry__1_n_0
                         CARRY4 (Prop_carry4_CI_CO[3])
                                                      0.117     4.057 r  bd_0_i/hls_inst/inst/grp_Sobel_Filter_Pipeline_VITIS_LOOP_26_1_VITIS_LOOP_28_2_fu_86/Magnitude_fu_574_p2_carry__2/CO[3]
                         net (fo=1, unplaced)         0.000     4.057    bd_0_i/hls_inst/inst/grp_Sobel_Filter_Pipeline_VITIS_LOOP_26_1_VITIS_LOOP_28_2_fu_86/Magnitude_fu_574_p2_carry__2_n_0
                         CARRY4 (Prop_carry4_CI_CO[3])
                                                      0.117     4.174 r  bd_0_i/hls_inst/inst/grp_Sobel_Filter_Pipeline_VITIS_LOOP_26_1_VITIS_LOOP_28_2_fu_86/Magnitude_fu_574_p2_carry__3/CO[3]
                         net (fo=1, unplaced)         0.000     4.174    bd_0_i/hls_inst/inst/grp_Sobel_Filter_Pipeline_VITIS_LOOP_26_1_VITIS_LOOP_28_2_fu_86/Magnitude_fu_574_p2_carry__3_n_0
                         CARRY4 (Prop_carry4_CI_CO[3])
                                                      0.117     4.291 r  bd_0_i/hls_inst/inst/grp_Sobel_Filter_Pipeline_VITIS_LOOP_26_1_VITIS_LOOP_28_2_fu_86/Magnitude_fu_574_p2_carry__4/CO[3]
                         net (fo=1, unplaced)         0.000     4.291    bd_0_i/hls_inst/inst/grp_Sobel_Filter_Pipeline_VITIS_LOOP_26_1_VITIS_LOOP_28_2_fu_86/Magnitude_fu_574_p2_carry__4_n_0
                         CARRY4 (Prop_carry4_CI_CO[3])
                                                      0.117     4.408 r  bd_0_i/hls_inst/inst/grp_Sobel_Filter_Pipeline_VITIS_LOOP_26_1_VITIS_LOOP_28_2_fu_86/Magnitude_fu_574_p2_carry__5/CO[3]
                         net (fo=1, unplaced)         0.000     4.408    bd_0_i/hls_inst/inst/grp_Sobel_Filter_Pipeline_VITIS_LOOP_26_1_VITIS_LOOP_28_2_fu_86/Magnitude_fu_574_p2_carry__5_n_0
                         CARRY4 (Prop_carry4_CI_O[3])
                                                      0.331     4.739 f  bd_0_i/hls_inst/inst/grp_Sobel_Filter_Pipeline_VITIS_LOOP_26_1_VITIS_LOOP_28_2_fu_86/Magnitude_fu_574_p2_carry__6/O[3]
                         net (fo=5, unplaced)         0.646     5.385    bd_0_i/hls_inst/inst/grp_Sobel_Filter_Pipeline_VITIS_LOOP_26_1_VITIS_LOOP_28_2_fu_86/tmp_2_fu_580_p4[23]
                         LUT2 (Prop_lut2_I1_O)        0.302     5.687 r  bd_0_i/hls_inst/inst/grp_Sobel_Filter_Pipeline_VITIS_LOOP_26_1_VITIS_LOOP_28_2_fu_86/icmp_ln68_fu_590_p2_carry__1_i_1/O
                         net (fo=1, unplaced)         0.000     5.687    bd_0_i/hls_inst/inst/grp_Sobel_Filter_Pipeline_VITIS_LOOP_26_1_VITIS_LOOP_28_2_fu_86/icmp_ln68_fu_590_p2_carry__1_i_1_n_0
                         CARRY4 (Prop_carry4_DI[3]_CO[3])
                                                      0.429     6.116 r  bd_0_i/hls_inst/inst/grp_Sobel_Filter_Pipeline_VITIS_LOOP_26_1_VITIS_LOOP_28_2_fu_86/icmp_ln68_fu_590_p2_carry__1/CO[3]
                         net (fo=65, unplaced)        1.007     7.123    bd_0_i/hls_inst/inst/grp_Sobel_Filter_Pipeline_VITIS_LOOP_26_1_VITIS_LOOP_28_2_fu_86/icmp_ln68_fu_590_p2_carry__1_n_0
                         LUT2 (Prop_lut2_I0_O)        0.124     7.247 r  bd_0_i/hls_inst/inst/grp_Sobel_Filter_Pipeline_VITIS_LOOP_26_1_VITIS_LOOP_28_2_fu_86/Output_r_TDATA_reg[31]_i_1/O
                         net (fo=32, unplaced)        0.847     8.094    bd_0_i/hls_inst/inst/grp_Sobel_Filter_Pipeline_VITIS_LOOP_26_1_VITIS_LOOP_28_2_fu_86_n_60
                         FDSE                                         r  bd_0_i/hls_inst/inst/Output_r_TDATA_reg_reg[0]/S
  -------------------------------------------------------------------    -------------------

                         (clock ap_clk rise edge)    10.000    10.000 r  <hidden>
                                                      0.000    10.000 r  ap_clk
                         net (fo=1308, unset)         0.924    10.924    bd_0_i/hls_inst/inst/ap_clk
                         FDSE                                         r  bd_0_i/hls_inst/inst/Output_r_TDATA_reg_reg[0]/C
                         clock pessimism              0.000    10.924    <hidden>
                         clock uncertainty           -0.035    10.889    <hidden>
                         FDSE (Setup_fdse_C_S)       -0.524    10.365    bd_0_i/hls_inst/inst/Output_r_TDATA_reg_reg[0]
  -------------------------------------------------------------------
                         required time                         10.365    <hidden>
                         arrival time                          -8.094    <hidden>
  -------------------------------------------------------------------
                         slack                                  2.271    <hidden>

Slack (MET) :             2.271ns  (required time - arrival time)
  Source:                 bd_0_i/hls_inst/inst/grp_Sobel_Filter_Pipeline_VITIS_LOOP_26_1_VITIS_LOOP_28_2_fu_86/sub_ln62_reg_789_reg[1]/C
                            (rising edge-triggered cell FDRE clocked by ap_clk  {rise@0.000ns fall@5.000ns period=10.000ns})
  Destination:            bd_0_i/hls_inst/inst/Output_r_TDATA_reg_reg[10]/R
                            (rising edge-triggered cell FDRE clocked by ap_clk  {rise@0.000ns fall@5.000ns period=10.000ns})
  Path Group:             ap_clk
  Path Type:              Setup (Max at Slow Process Corner)
  Requirement:            10.000ns  (ap_clk rise@10.000ns - ap_clk rise@0.000ns)
  Data Path Delay:        7.121ns  (logic 3.221ns (45.232%)  route 3.900ns (54.768%))
  Logic Levels:           12  (CARRY4=9 LUT2=2 LUT3=1)
  Clock Path Skew:        -0.049ns (DCD - SCD + CPR)
    Destination Clock Delay (DCD):    0.924ns = ( 10.924 - 10.000 ) 
    Source Clock Delay      (SCD):    0.973ns
    Clock Pessimism Removal (CPR):    0.000ns
  Clock Uncertainty:      0.035ns  ((TSJ^2 + TIJ^2)^1/2 + DJ) / 2 + PE
    Total System Jitter     (TSJ):    0.071ns
    Total Input Jitter      (TIJ):    0.000ns
    Discrete Jitter          (DJ):    0.000ns
    Phase Error              (PE):    0.000ns

    Location             Delay type                Incr(ns)  Path(ns)    Netlist Resource(s)
  -------------------------------------------------------------------    -------------------
                         (clock ap_clk rise edge)     0.000     0.000 r  <hidden>
                                                      0.000     0.000 r  ap_clk
                         net (fo=1308, unset)         0.973     0.973    bd_0_i/hls_inst/inst/grp_Sobel_Filter_Pipeline_VITIS_LOOP_26_1_VITIS_LOOP_28_2_fu_86/ap_clk
                         FDRE                                         r  bd_0_i/hls_inst/inst/grp_Sobel_Filter_Pipeline_VITIS_LOOP_26_1_VITIS_LOOP_28_2_fu_86/sub_ln62_reg_789_reg[1]/C
  -------------------------------------------------------------------    -------------------
                         FDRE (Prop_fdre_C_Q)         0.518     1.491 r  bd_0_i/hls_inst/inst/grp_Sobel_Filter_Pipeline_VITIS_LOOP_26_1_VITIS_LOOP_28_2_fu_86/sub_ln62_reg_789_reg[1]/Q
                         net (fo=2, unplaced)         0.752     2.243    bd_0_i/hls_inst/inst/grp_Sobel_Filter_Pipeline_VITIS_LOOP_26_1_VITIS_LOOP_28_2_fu_86/sub_ln62_reg_789[1]
                         LUT3 (Prop_lut3_I0_O)        0.295     2.538 r  bd_0_i/hls_inst/inst/grp_Sobel_Filter_Pipeline_VITIS_LOOP_26_1_VITIS_LOOP_28_2_fu_86/Magnitude_fu_574_p2_carry_i_3/O
                         net (fo=1, unplaced)         0.639     3.177    bd_0_i/hls_inst/inst/grp_Sobel_Filter_Pipeline_VITIS_LOOP_26_1_VITIS_LOOP_28_2_fu_86/Gx_Value_Abs_fu_555_p3[1]
                         CARRY4 (Prop_carry4_DI[1]_CO[3])
                                                      0.520     3.697 r  bd_0_i/hls_inst/inst/grp_Sobel_Filter_Pipeline_VITIS_LOOP_26_1_VITIS_LOOP_28_2_fu_86/Magnitude_fu_574_p2_carry/CO[3]
                         net (fo=1, unplaced)         0.009     3.706    bd_0_i/hls_inst/inst/grp_Sobel_Filter_Pipeline_VITIS_LOOP_26_1_VITIS_LOOP_28_2_fu_86/Magnitude_fu_574_p2_carry_n_0
                         CARRY4 (Prop_carry4_CI_CO[3])
                                                      0.117     3.823 r  bd_0_i/hls_inst/inst/grp_Sobel_Filter_Pipeline_VITIS_LOOP_26_1_VITIS_LOOP_28_2_fu_86/Magnitude_fu_574_p2_carry__0/CO[3]
                         net (fo=1, unplaced)         0.000     3.823    bd_0_i/hls_inst/inst/grp_Sobel_Filter_Pipeline_VITIS_LOOP_26_1_VITIS_LOOP_28_2_fu_86/Magnitude_fu_574_p2_carry__0_n_0
                         CARRY4 (Prop_carry4_CI_CO[3])
                                                      0.117     3.940 r  bd_0_i/hls_inst/inst/grp_Sobel_Filter_Pipeline_VITIS_LOOP_26_1_VITIS_LOOP_28_2_fu_86/Magnitude_fu_574_p2_carry__1/CO[3]
                         net (fo=1, unplaced)         0.000     3.940    bd_0_i/hls_inst/inst/grp_Sobel_Filter_Pipeline_VITIS_LOOP_26_1_VITIS_LOOP_28_2_fu_86/Magnitude_fu_574_p2_carry__1_n_0
                         CARRY4 (Prop_carry4_CI_CO[3])
                                                      0.117     4.057 r  bd_0_i/hls_inst/inst/grp_Sobel_Filter_Pipeline_VITIS_LOOP_26_1_VITIS_LOOP_28_2_fu_86/Magnitude_fu_574_p2_carry__2/CO[3]
                         net (fo=1, unplaced)         0.000     4.057    bd_0_i/hls_inst/inst/grp_Sobel_Filter_Pipeline_VITIS_LOOP_26_1_VITIS_LOOP_28_2_fu_86/Magnitude_fu_574_p2_carry__2_n_0
                         CARRY4 (Prop_carry4_CI_CO[3])
                                                      0.117     4.174 r  bd_0_i/hls_inst/inst/grp_Sobel_Filter_Pipeline_VITIS_LOOP_26_1_VITIS_LOOP_28_2_fu_86/Magnitude_fu_574_p2_carry__3/CO[3]
                         net (fo=1, unplaced)         0.000     4.174    bd_0_i/hls_inst/inst/grp_Sobel_Filter_Pipeline_VITIS_LOOP_26_1_VITIS_LOOP_28_2_fu_86/Magnitude_fu_574_p2_carry__3_n_0
                         CARRY4 (Prop_carry4_CI_CO[3])
                                                      0.117     4.291 r  bd_0_i/hls_inst/inst/grp_Sobel_Filter_Pipeline_VITIS_LOOP_26_1_VITIS_LOOP_28_2_fu_86/Magnitude_fu_574_p2_carry__4/CO[3]
                         net (fo=1, unplaced)         0.000     4.291    bd_0_i/hls_inst/inst/grp_Sobel_Filter_Pipeline_VITIS_LOOP_26_1_VITIS_LOOP_28_2_fu_86/Magnitude_fu_574_p2_carry__4_n_0
                         CARRY4 (Prop_carry4_CI_CO[3])
                                                      0.117     4.408 r  bd_0_i/hls_inst/inst/grp_Sobel_Filter_Pipeline_VITIS_LOOP_26_1_VITIS_LOOP_28_2_fu_86/Magnitude_fu_574_p2_carry__5/CO[3]
                         net (fo=1, unplaced)         0.000     4.408    bd_0_i/hls_inst/inst/grp_Sobel_Filter_Pipeline_VITIS_LOOP_26_1_VITIS_LOOP_28_2_fu_86/Magnitude_fu_574_p2_carry__5_n_0
                         CARRY4 (Prop_carry4_CI_O[3])
                                                      0.331     4.739 f  bd_0_i/hls_inst/inst/grp_Sobel_Filter_Pipeline_VITIS_LOOP_26_1_VITIS_LOOP_28_2_fu_86/Magnitude_fu_574_p2_carry__6/O[3]
                         net (fo=5, unplaced)         0.646     5.385    bd_0_i/hls_inst/inst/grp_Sobel_Filter_Pipeline_VITIS_LOOP_26_1_VITIS_LOOP_28_2_fu_86/tmp_2_fu_580_p4[23]
                         LUT2 (Prop_lut2_I1_O)        0.302     5.687 r  bd_0_i/hls_inst/inst/grp_Sobel_Filter_Pipeline_VITIS_LOOP_26_1_VITIS_LOOP_28_2_fu_86/icmp_ln68_fu_590_p2_carry__1_i_1/O
                         net (fo=1, unplaced)         0.000     5.687    bd_0_i/hls_inst/inst/grp_Sobel_Filter_Pipeline_VITIS_LOOP_26_1_VITIS_LOOP_28_2_fu_86/icmp_ln68_fu_590_p2_carry__1_i_1_n_0
                         CARRY4 (Prop_carry4_DI[3]_CO[3])
                                                      0.429     6.116 r  bd_0_i/hls_inst/inst/grp_Sobel_Filter_Pipeline_VITIS_LOOP_26_1_VITIS_LOOP_28_2_fu_86/icmp_ln68_fu_590_p2_carry__1/CO[3]
                         net (fo=65, unplaced)        1.007     7.123    bd_0_i/hls_inst/inst/grp_Sobel_Filter_Pipeline_VITIS_LOOP_26_1_VITIS_LOOP_28_2_fu_86/icmp_ln68_fu_590_p2_carry__1_n_0
                         LUT2 (Prop_lut2_I0_O)        0.124     7.247 r  bd_0_i/hls_inst/inst/grp_Sobel_Filter_Pipeline_VITIS_LOOP_26_1_VITIS_LOOP_28_2_fu_86/Output_r_TDATA_reg[31]_i_1/O
                         net (fo=32, unplaced)        0.847     8.094    bd_0_i/hls_inst/inst/grp_Sobel_Filter_Pipeline_VITIS_LOOP_26_1_VITIS_LOOP_28_2_fu_86_n_60
                         FDRE                                         r  bd_0_i/hls_inst/inst/Output_r_TDATA_reg_reg[10]/R
  -------------------------------------------------------------------    -------------------

                         (clock ap_clk rise edge)    10.000    10.000 r  <hidden>
                                                      0.000    10.000 r  ap_clk
                         net (fo=1308, unset)         0.924    10.924    bd_0_i/hls_inst/inst/ap_clk
                         FDRE                                         r  bd_0_i/hls_inst/inst/Output_r_TDATA_reg_reg[10]/C
                         clock pessimism              0.000    10.924    <hidden>
                         clock uncertainty           -0.035    10.889    <hidden>
                         FDRE (Setup_fdre_C_R)       -0.524    10.365    bd_0_i/hls_inst/inst/Output_r_TDATA_reg_reg[10]
  -------------------------------------------------------------------
                         required time                         10.365    <hidden>
                         arrival time                          -8.094    <hidden>
  -------------------------------------------------------------------
                         slack                                  2.271    <hidden>

Slack (MET) :             2.271ns  (required time - arrival time)
  Source:                 bd_0_i/hls_inst/inst/grp_Sobel_Filter_Pipeline_VITIS_LOOP_26_1_VITIS_LOOP_28_2_fu_86/sub_ln62_reg_789_reg[1]/C
                            (rising edge-triggered cell FDRE clocked by ap_clk  {rise@0.000ns fall@5.000ns period=10.000ns})
  Destination:            bd_0_i/hls_inst/inst/Output_r_TDATA_reg_reg[11]/R
                            (rising edge-triggered cell FDRE clocked by ap_clk  {rise@0.000ns fall@5.000ns period=10.000ns})
  Path Group:             ap_clk
  Path Type:              Setup (Max at Slow Process Corner)
  Requirement:            10.000ns  (ap_clk rise@10.000ns - ap_clk rise@0.000ns)
  Data Path Delay:        7.121ns  (logic 3.221ns (45.232%)  route 3.900ns (54.768%))
  Logic Levels:           12  (CARRY4=9 LUT2=2 LUT3=1)
  Clock Path Skew:        -0.049ns (DCD - SCD + CPR)
    Destination Clock Delay (DCD):    0.924ns = ( 10.924 - 10.000 ) 
    Source Clock Delay      (SCD):    0.973ns
    Clock Pessimism Removal (CPR):    0.000ns
  Clock Uncertainty:      0.035ns  ((TSJ^2 + TIJ^2)^1/2 + DJ) / 2 + PE
    Total System Jitter     (TSJ):    0.071ns
    Total Input Jitter      (TIJ):    0.000ns
    Discrete Jitter          (DJ):    0.000ns
    Phase Error              (PE):    0.000ns

    Location             Delay type                Incr(ns)  Path(ns)    Netlist Resource(s)
  -------------------------------------------------------------------    -------------------
                         (clock ap_clk rise edge)     0.000     0.000 r  <hidden>
                                                      0.000     0.000 r  ap_clk
                         net (fo=1308, unset)         0.973     0.973    bd_0_i/hls_inst/inst/grp_Sobel_Filter_Pipeline_VITIS_LOOP_26_1_VITIS_LOOP_28_2_fu_86/ap_clk
                         FDRE                                         r  bd_0_i/hls_inst/inst/grp_Sobel_Filter_Pipeline_VITIS_LOOP_26_1_VITIS_LOOP_28_2_fu_86/sub_ln62_reg_789_reg[1]/C
  -------------------------------------------------------------------    -------------------
                         FDRE (Prop_fdre_C_Q)         0.518     1.491 r  bd_0_i/hls_inst/inst/grp_Sobel_Filter_Pipeline_VITIS_LOOP_26_1_VITIS_LOOP_28_2_fu_86/sub_ln62_reg_789_reg[1]/Q
                         net (fo=2, unplaced)         0.752     2.243    bd_0_i/hls_inst/inst/grp_Sobel_Filter_Pipeline_VITIS_LOOP_26_1_VITIS_LOOP_28_2_fu_86/sub_ln62_reg_789[1]
                         LUT3 (Prop_lut3_I0_O)        0.295     2.538 r  bd_0_i/hls_inst/inst/grp_Sobel_Filter_Pipeline_VITIS_LOOP_26_1_VITIS_LOOP_28_2_fu_86/Magnitude_fu_574_p2_carry_i_3/O
                         net (fo=1, unplaced)         0.639     3.177    bd_0_i/hls_inst/inst/grp_Sobel_Filter_Pipeline_VITIS_LOOP_26_1_VITIS_LOOP_28_2_fu_86/Gx_Value_Abs_fu_555_p3[1]
                         CARRY4 (Prop_carry4_DI[1]_CO[3])
                                                      0.520     3.697 r  bd_0_i/hls_inst/inst/grp_Sobel_Filter_Pipeline_VITIS_LOOP_26_1_VITIS_LOOP_28_2_fu_86/Magnitude_fu_574_p2_carry/CO[3]
                         net (fo=1, unplaced)         0.009     3.706    bd_0_i/hls_inst/inst/grp_Sobel_Filter_Pipeline_VITIS_LOOP_26_1_VITIS_LOOP_28_2_fu_86/Magnitude_fu_574_p2_carry_n_0
                         CARRY4 (Prop_carry4_CI_CO[3])
                                                      0.117     3.823 r  bd_0_i/hls_inst/inst/grp_Sobel_Filter_Pipeline_VITIS_LOOP_26_1_VITIS_LOOP_28_2_fu_86/Magnitude_fu_574_p2_carry__0/CO[3]
                         net (fo=1, unplaced)         0.000     3.823    bd_0_i/hls_inst/inst/grp_Sobel_Filter_Pipeline_VITIS_LOOP_26_1_VITIS_LOOP_28_2_fu_86/Magnitude_fu_574_p2_carry__0_n_0
                         CARRY4 (Prop_carry4_CI_CO[3])
                                                      0.117     3.940 r  bd_0_i/hls_inst/inst/grp_Sobel_Filter_Pipeline_VITIS_LOOP_26_1_VITIS_LOOP_28_2_fu_86/Magnitude_fu_574_p2_carry__1/CO[3]
                         net (fo=1, unplaced)         0.000     3.940    bd_0_i/hls_inst/inst/grp_Sobel_Filter_Pipeline_VITIS_LOOP_26_1_VITIS_LOOP_28_2_fu_86/Magnitude_fu_574_p2_carry__1_n_0
                         CARRY4 (Prop_carry4_CI_CO[3])
                                                      0.117     4.057 r  bd_0_i/hls_inst/inst/grp_Sobel_Filter_Pipeline_VITIS_LOOP_26_1_VITIS_LOOP_28_2_fu_86/Magnitude_fu_574_p2_carry__2/CO[3]
                         net (fo=1, unplaced)         0.000     4.057    bd_0_i/hls_inst/inst/grp_Sobel_Filter_Pipeline_VITIS_LOOP_26_1_VITIS_LOOP_28_2_fu_86/Magnitude_fu_574_p2_carry__2_n_0
                         CARRY4 (Prop_carry4_CI_CO[3])
                                                      0.117     4.174 r  bd_0_i/hls_inst/inst/grp_Sobel_Filter_Pipeline_VITIS_LOOP_26_1_VITIS_LOOP_28_2_fu_86/Magnitude_fu_574_p2_carry__3/CO[3]
                         net (fo=1, unplaced)         0.000     4.174    bd_0_i/hls_inst/inst/grp_Sobel_Filter_Pipeline_VITIS_LOOP_26_1_VITIS_LOOP_28_2_fu_86/Magnitude_fu_574_p2_carry__3_n_0
                         CARRY4 (Prop_carry4_CI_CO[3])
                                                      0.117     4.291 r  bd_0_i/hls_inst/inst/grp_Sobel_Filter_Pipeline_VITIS_LOOP_26_1_VITIS_LOOP_28_2_fu_86/Magnitude_fu_574_p2_carry__4/CO[3]
                         net (fo=1, unplaced)         0.000     4.291    bd_0_i/hls_inst/inst/grp_Sobel_Filter_Pipeline_VITIS_LOOP_26_1_VITIS_LOOP_28_2_fu_86/Magnitude_fu_574_p2_carry__4_n_0
                         CARRY4 (Prop_carry4_CI_CO[3])
                                                      0.117     4.408 r  bd_0_i/hls_inst/inst/grp_Sobel_Filter_Pipeline_VITIS_LOOP_26_1_VITIS_LOOP_28_2_fu_86/Magnitude_fu_574_p2_carry__5/CO[3]
                         net (fo=1, unplaced)         0.000     4.408    bd_0_i/hls_inst/inst/grp_Sobel_Filter_Pipeline_VITIS_LOOP_26_1_VITIS_LOOP_28_2_fu_86/Magnitude_fu_574_p2_carry__5_n_0
                         CARRY4 (Prop_carry4_CI_O[3])
                                                      0.331     4.739 f  bd_0_i/hls_inst/inst/grp_Sobel_Filter_Pipeline_VITIS_LOOP_26_1_VITIS_LOOP_28_2_fu_86/Magnitude_fu_574_p2_carry__6/O[3]
                         net (fo=5, unplaced)         0.646     5.385    bd_0_i/hls_inst/inst/grp_Sobel_Filter_Pipeline_VITIS_LOOP_26_1_VITIS_LOOP_28_2_fu_86/tmp_2_fu_580_p4[23]
                         LUT2 (Prop_lut2_I1_O)        0.302     5.687 r  bd_0_i/hls_inst/inst/grp_Sobel_Filter_Pipeline_VITIS_LOOP_26_1_VITIS_LOOP_28_2_fu_86/icmp_ln68_fu_590_p2_carry__1_i_1/O
                         net (fo=1, unplaced)         0.000     5.687    bd_0_i/hls_inst/inst/grp_Sobel_Filter_Pipeline_VITIS_LOOP_26_1_VITIS_LOOP_28_2_fu_86/icmp_ln68_fu_590_p2_carry__1_i_1_n_0
                         CARRY4 (Prop_carry4_DI[3]_CO[3])
                                                      0.429     6.116 r  bd_0_i/hls_inst/inst/grp_Sobel_Filter_Pipeline_VITIS_LOOP_26_1_VITIS_LOOP_28_2_fu_86/icmp_ln68_fu_590_p2_carry__1/CO[3]
                         net (fo=65, unplaced)        1.007     7.123    bd_0_i/hls_inst/inst/grp_Sobel_Filter_Pipeline_VITIS_LOOP_26_1_VITIS_LOOP_28_2_fu_86/icmp_ln68_fu_590_p2_carry__1_n_0
                         LUT2 (Prop_lut2_I0_O)        0.124     7.247 r  bd_0_i/hls_inst/inst/grp_Sobel_Filter_Pipeline_VITIS_LOOP_26_1_VITIS_LOOP_28_2_fu_86/Output_r_TDATA_reg[31]_i_1/O
                         net (fo=32, unplaced)        0.847     8.094    bd_0_i/hls_inst/inst/grp_Sobel_Filter_Pipeline_VITIS_LOOP_26_1_VITIS_LOOP_28_2_fu_86_n_60
                         FDRE                                         r  bd_0_i/hls_inst/inst/Output_r_TDATA_reg_reg[11]/R
  -------------------------------------------------------------------    -------------------

                         (clock ap_clk rise edge)    10.000    10.000 r  <hidden>
                                                      0.000    10.000 r  ap_clk
                         net (fo=1308, unset)         0.924    10.924    bd_0_i/hls_inst/inst/ap_clk
                         FDRE                                         r  bd_0_i/hls_inst/inst/Output_r_TDATA_reg_reg[11]/C
                         clock pessimism              0.000    10.924    <hidden>
                         clock uncertainty           -0.035    10.889    <hidden>
                         FDRE (Setup_fdre_C_R)       -0.524    10.365    bd_0_i/hls_inst/inst/Output_r_TDATA_reg_reg[11]
  -------------------------------------------------------------------
                         required time                         10.365    <hidden>
                         arrival time                          -8.094    <hidden>
  -------------------------------------------------------------------
                         slack                                  2.271    <hidden>

Slack (MET) :             2.271ns  (required time - arrival time)
  Source:                 bd_0_i/hls_inst/inst/grp_Sobel_Filter_Pipeline_VITIS_LOOP_26_1_VITIS_LOOP_28_2_fu_86/sub_ln62_reg_789_reg[1]/C
                            (rising edge-triggered cell FDRE clocked by ap_clk  {rise@0.000ns fall@5.000ns period=10.000ns})
  Destination:            bd_0_i/hls_inst/inst/Output_r_TDATA_reg_reg[12]/R
                            (rising edge-triggered cell FDRE clocked by ap_clk  {rise@0.000ns fall@5.000ns period=10.000ns})
  Path Group:             ap_clk
  Path Type:              Setup (Max at Slow Process Corner)
  Requirement:            10.000ns  (ap_clk rise@10.000ns - ap_clk rise@0.000ns)
  Data Path Delay:        7.121ns  (logic 3.221ns (45.232%)  route 3.900ns (54.768%))
  Logic Levels:           12  (CARRY4=9 LUT2=2 LUT3=1)
  Clock Path Skew:        -0.049ns (DCD - SCD + CPR)
    Destination Clock Delay (DCD):    0.924ns = ( 10.924 - 10.000 ) 
    Source Clock Delay      (SCD):    0.973ns
    Clock Pessimism Removal (CPR):    0.000ns
  Clock Uncertainty:      0.035ns  ((TSJ^2 + TIJ^2)^1/2 + DJ) / 2 + PE
    Total System Jitter     (TSJ):    0.071ns
    Total Input Jitter      (TIJ):    0.000ns
    Discrete Jitter          (DJ):    0.000ns
    Phase Error              (PE):    0.000ns

    Location             Delay type                Incr(ns)  Path(ns)    Netlist Resource(s)
  -------------------------------------------------------------------    -------------------
                         (clock ap_clk rise edge)     0.000     0.000 r  <hidden>
                                                      0.000     0.000 r  ap_clk
                         net (fo=1308, unset)         0.973     0.973    bd_0_i/hls_inst/inst/grp_Sobel_Filter_Pipeline_VITIS_LOOP_26_1_VITIS_LOOP_28_2_fu_86/ap_clk
                         FDRE                                         r  bd_0_i/hls_inst/inst/grp_Sobel_Filter_Pipeline_VITIS_LOOP_26_1_VITIS_LOOP_28_2_fu_86/sub_ln62_reg_789_reg[1]/C
  -------------------------------------------------------------------    -------------------
                         FDRE (Prop_fdre_C_Q)         0.518     1.491 r  bd_0_i/hls_inst/inst/grp_Sobel_Filter_Pipeline_VITIS_LOOP_26_1_VITIS_LOOP_28_2_fu_86/sub_ln62_reg_789_reg[1]/Q
                         net (fo=2, unplaced)         0.752     2.243    bd_0_i/hls_inst/inst/grp_Sobel_Filter_Pipeline_VITIS_LOOP_26_1_VITIS_LOOP_28_2_fu_86/sub_ln62_reg_789[1]
                         LUT3 (Prop_lut3_I0_O)        0.295     2.538 r  bd_0_i/hls_inst/inst/grp_Sobel_Filter_Pipeline_VITIS_LOOP_26_1_VITIS_LOOP_28_2_fu_86/Magnitude_fu_574_p2_carry_i_3/O
                         net (fo=1, unplaced)         0.639     3.177    bd_0_i/hls_inst/inst/grp_Sobel_Filter_Pipeline_VITIS_LOOP_26_1_VITIS_LOOP_28_2_fu_86/Gx_Value_Abs_fu_555_p3[1]
                         CARRY4 (Prop_carry4_DI[1]_CO[3])
                                                      0.520     3.697 r  bd_0_i/hls_inst/inst/grp_Sobel_Filter_Pipeline_VITIS_LOOP_26_1_VITIS_LOOP_28_2_fu_86/Magnitude_fu_574_p2_carry/CO[3]
                         net (fo=1, unplaced)         0.009     3.706    bd_0_i/hls_inst/inst/grp_Sobel_Filter_Pipeline_VITIS_LOOP_26_1_VITIS_LOOP_28_2_fu_86/Magnitude_fu_574_p2_carry_n_0
                         CARRY4 (Prop_carry4_CI_CO[3])
                                                      0.117     3.823 r  bd_0_i/hls_inst/inst/grp_Sobel_Filter_Pipeline_VITIS_LOOP_26_1_VITIS_LOOP_28_2_fu_86/Magnitude_fu_574_p2_carry__0/CO[3]
                         net (fo=1, unplaced)         0.000     3.823    bd_0_i/hls_inst/inst/grp_Sobel_Filter_Pipeline_VITIS_LOOP_26_1_VITIS_LOOP_28_2_fu_86/Magnitude_fu_574_p2_carry__0_n_0
                         CARRY4 (Prop_carry4_CI_CO[3])
                                                      0.117     3.940 r  bd_0_i/hls_inst/inst/grp_Sobel_Filter_Pipeline_VITIS_LOOP_26_1_VITIS_LOOP_28_2_fu_86/Magnitude_fu_574_p2_carry__1/CO[3]
                         net (fo=1, unplaced)         0.000     3.940    bd_0_i/hls_inst/inst/grp_Sobel_Filter_Pipeline_VITIS_LOOP_26_1_VITIS_LOOP_28_2_fu_86/Magnitude_fu_574_p2_carry__1_n_0
                         CARRY4 (Prop_carry4_CI_CO[3])
                                                      0.117     4.057 r  bd_0_i/hls_inst/inst/grp_Sobel_Filter_Pipeline_VITIS_LOOP_26_1_VITIS_LOOP_28_2_fu_86/Magnitude_fu_574_p2_carry__2/CO[3]
                         net (fo=1, unplaced)         0.000     4.057    bd_0_i/hls_inst/inst/grp_Sobel_Filter_Pipeline_VITIS_LOOP_26_1_VITIS_LOOP_28_2_fu_86/Magnitude_fu_574_p2_carry__2_n_0
                         CARRY4 (Prop_carry4_CI_CO[3])
                                                      0.117     4.174 r  bd_0_i/hls_inst/inst/grp_Sobel_Filter_Pipeline_VITIS_LOOP_26_1_VITIS_LOOP_28_2_fu_86/Magnitude_fu_574_p2_carry__3/CO[3]
                         net (fo=1, unplaced)         0.000     4.174    bd_0_i/hls_inst/inst/grp_Sobel_Filter_Pipeline_VITIS_LOOP_26_1_VITIS_LOOP_28_2_fu_86/Magnitude_fu_574_p2_carry__3_n_0
                         CARRY4 (Prop_carry4_CI_CO[3])
                                                      0.117     4.291 r  bd_0_i/hls_inst/inst/grp_Sobel_Filter_Pipeline_VITIS_LOOP_26_1_VITIS_LOOP_28_2_fu_86/Magnitude_fu_574_p2_carry__4/CO[3]
                         net (fo=1, unplaced)         0.000     4.291    bd_0_i/hls_inst/inst/grp_Sobel_Filter_Pipeline_VITIS_LOOP_26_1_VITIS_LOOP_28_2_fu_86/Magnitude_fu_574_p2_carry__4_n_0
                         CARRY4 (Prop_carry4_CI_CO[3])
                                                      0.117     4.408 r  bd_0_i/hls_inst/inst/grp_Sobel_Filter_Pipeline_VITIS_LOOP_26_1_VITIS_LOOP_28_2_fu_86/Magnitude_fu_574_p2_carry__5/CO[3]
                         net (fo=1, unplaced)         0.000     4.408    bd_0_i/hls_inst/inst/grp_Sobel_Filter_Pipeline_VITIS_LOOP_26_1_VITIS_LOOP_28_2_fu_86/Magnitude_fu_574_p2_carry__5_n_0
                         CARRY4 (Prop_carry4_CI_O[3])
                                                      0.331     4.739 f  bd_0_i/hls_inst/inst/grp_Sobel_Filter_Pipeline_VITIS_LOOP_26_1_VITIS_LOOP_28_2_fu_86/Magnitude_fu_574_p2_carry__6/O[3]
                         net (fo=5, unplaced)         0.646     5.385    bd_0_i/hls_inst/inst/grp_Sobel_Filter_Pipeline_VITIS_LOOP_26_1_VITIS_LOOP_28_2_fu_86/tmp_2_fu_580_p4[23]
                         LUT2 (Prop_lut2_I1_O)        0.302     5.687 r  bd_0_i/hls_inst/inst/grp_Sobel_Filter_Pipeline_VITIS_LOOP_26_1_VITIS_LOOP_28_2_fu_86/icmp_ln68_fu_590_p2_carry__1_i_1/O
                         net (fo=1, unplaced)         0.000     5.687    bd_0_i/hls_inst/inst/grp_Sobel_Filter_Pipeline_VITIS_LOOP_26_1_VITIS_LOOP_28_2_fu_86/icmp_ln68_fu_590_p2_carry__1_i_1_n_0
                         CARRY4 (Prop_carry4_DI[3]_CO[3])
                                                      0.429     6.116 r  bd_0_i/hls_inst/inst/grp_Sobel_Filter_Pipeline_VITIS_LOOP_26_1_VITIS_LOOP_28_2_fu_86/icmp_ln68_fu_590_p2_carry__1/CO[3]
                         net (fo=65, unplaced)        1.007     7.123    bd_0_i/hls_inst/inst/grp_Sobel_Filter_Pipeline_VITIS_LOOP_26_1_VITIS_LOOP_28_2_fu_86/icmp_ln68_fu_590_p2_carry__1_n_0
                         LUT2 (Prop_lut2_I0_O)        0.124     7.247 r  bd_0_i/hls_inst/inst/grp_Sobel_Filter_Pipeline_VITIS_LOOP_26_1_VITIS_LOOP_28_2_fu_86/Output_r_TDATA_reg[31]_i_1/O
                         net (fo=32, unplaced)        0.847     8.094    bd_0_i/hls_inst/inst/grp_Sobel_Filter_Pipeline_VITIS_LOOP_26_1_VITIS_LOOP_28_2_fu_86_n_60
                         FDRE                                         r  bd_0_i/hls_inst/inst/Output_r_TDATA_reg_reg[12]/R
  -------------------------------------------------------------------    -------------------

                         (clock ap_clk rise edge)    10.000    10.000 r  <hidden>
                                                      0.000    10.000 r  ap_clk
                         net (fo=1308, unset)         0.924    10.924    bd_0_i/hls_inst/inst/ap_clk
                         FDRE                                         r  bd_0_i/hls_inst/inst/Output_r_TDATA_reg_reg[12]/C
                         clock pessimism              0.000    10.924    <hidden>
                         clock uncertainty           -0.035    10.889    <hidden>
                         FDRE (Setup_fdre_C_R)       -0.524    10.365    bd_0_i/hls_inst/inst/Output_r_TDATA_reg_reg[12]
  -------------------------------------------------------------------
                         required time                         10.365    <hidden>
                         arrival time                          -8.094    <hidden>
  -------------------------------------------------------------------
                         slack                                  2.271    <hidden>

Slack (MET) :             2.271ns  (required time - arrival time)
  Source:                 bd_0_i/hls_inst/inst/grp_Sobel_Filter_Pipeline_VITIS_LOOP_26_1_VITIS_LOOP_28_2_fu_86/sub_ln62_reg_789_reg[1]/C
                            (rising edge-triggered cell FDRE clocked by ap_clk  {rise@0.000ns fall@5.000ns period=10.000ns})
  Destination:            bd_0_i/hls_inst/inst/Output_r_TDATA_reg_reg[13]/R
                            (rising edge-triggered cell FDRE clocked by ap_clk  {rise@0.000ns fall@5.000ns period=10.000ns})
  Path Group:             ap_clk
  Path Type:              Setup (Max at Slow Process Corner)
  Requirement:            10.000ns  (ap_clk rise@10.000ns - ap_clk rise@0.000ns)
  Data Path Delay:        7.121ns  (logic 3.221ns (45.232%)  route 3.900ns (54.768%))
  Logic Levels:           12  (CARRY4=9 LUT2=2 LUT3=1)
  Clock Path Skew:        -0.049ns (DCD - SCD + CPR)
    Destination Clock Delay (DCD):    0.924ns = ( 10.924 - 10.000 ) 
    Source Clock Delay      (SCD):    0.973ns
    Clock Pessimism Removal (CPR):    0.000ns
  Clock Uncertainty:      0.035ns  ((TSJ^2 + TIJ^2)^1/2 + DJ) / 2 + PE
    Total System Jitter     (TSJ):    0.071ns
    Total Input Jitter      (TIJ):    0.000ns
    Discrete Jitter          (DJ):    0.000ns
    Phase Error              (PE):    0.000ns

    Location             Delay type                Incr(ns)  Path(ns)    Netlist Resource(s)
  -------------------------------------------------------------------    -------------------
                         (clock ap_clk rise edge)     0.000     0.000 r  <hidden>
                                                      0.000     0.000 r  ap_clk
                         net (fo=1308, unset)         0.973     0.973    bd_0_i/hls_inst/inst/grp_Sobel_Filter_Pipeline_VITIS_LOOP_26_1_VITIS_LOOP_28_2_fu_86/ap_clk
                         FDRE                                         r  bd_0_i/hls_inst/inst/grp_Sobel_Filter_Pipeline_VITIS_LOOP_26_1_VITIS_LOOP_28_2_fu_86/sub_ln62_reg_789_reg[1]/C
  -------------------------------------------------------------------    -------------------
                         FDRE (Prop_fdre_C_Q)         0.518     1.491 r  bd_0_i/hls_inst/inst/grp_Sobel_Filter_Pipeline_VITIS_LOOP_26_1_VITIS_LOOP_28_2_fu_86/sub_ln62_reg_789_reg[1]/Q
                         net (fo=2, unplaced)         0.752     2.243    bd_0_i/hls_inst/inst/grp_Sobel_Filter_Pipeline_VITIS_LOOP_26_1_VITIS_LOOP_28_2_fu_86/sub_ln62_reg_789[1]
                         LUT3 (Prop_lut3_I0_O)        0.295     2.538 r  bd_0_i/hls_inst/inst/grp_Sobel_Filter_Pipeline_VITIS_LOOP_26_1_VITIS_LOOP_28_2_fu_86/Magnitude_fu_574_p2_carry_i_3/O
                         net (fo=1, unplaced)         0.639     3.177    bd_0_i/hls_inst/inst/grp_Sobel_Filter_Pipeline_VITIS_LOOP_26_1_VITIS_LOOP_28_2_fu_86/Gx_Value_Abs_fu_555_p3[1]
                         CARRY4 (Prop_carry4_DI[1]_CO[3])
                                                      0.520     3.697 r  bd_0_i/hls_inst/inst/grp_Sobel_Filter_Pipeline_VITIS_LOOP_26_1_VITIS_LOOP_28_2_fu_86/Magnitude_fu_574_p2_carry/CO[3]
                         net (fo=1, unplaced)         0.009     3.706    bd_0_i/hls_inst/inst/grp_Sobel_Filter_Pipeline_VITIS_LOOP_26_1_VITIS_LOOP_28_2_fu_86/Magnitude_fu_574_p2_carry_n_0
                         CARRY4 (Prop_carry4_CI_CO[3])
                                                      0.117     3.823 r  bd_0_i/hls_inst/inst/grp_Sobel_Filter_Pipeline_VITIS_LOOP_26_1_VITIS_LOOP_28_2_fu_86/Magnitude_fu_574_p2_carry__0/CO[3]
                         net (fo=1, unplaced)         0.000     3.823    bd_0_i/hls_inst/inst/grp_Sobel_Filter_Pipeline_VITIS_LOOP_26_1_VITIS_LOOP_28_2_fu_86/Magnitude_fu_574_p2_carry__0_n_0
                         CARRY4 (Prop_carry4_CI_CO[3])
                                                      0.117     3.940 r  bd_0_i/hls_inst/inst/grp_Sobel_Filter_Pipeline_VITIS_LOOP_26_1_VITIS_LOOP_28_2_fu_86/Magnitude_fu_574_p2_carry__1/CO[3]
                         net (fo=1, unplaced)         0.000     3.940    bd_0_i/hls_inst/inst/grp_Sobel_Filter_Pipeline_VITIS_LOOP_26_1_VITIS_LOOP_28_2_fu_86/Magnitude_fu_574_p2_carry__1_n_0
                         CARRY4 (Prop_carry4_CI_CO[3])
                                                      0.117     4.057 r  bd_0_i/hls_inst/inst/grp_Sobel_Filter_Pipeline_VITIS_LOOP_26_1_VITIS_LOOP_28_2_fu_86/Magnitude_fu_574_p2_carry__2/CO[3]
                         net (fo=1, unplaced)         0.000     4.057    bd_0_i/hls_inst/inst/grp_Sobel_Filter_Pipeline_VITIS_LOOP_26_1_VITIS_LOOP_28_2_fu_86/Magnitude_fu_574_p2_carry__2_n_0
                         CARRY4 (Prop_carry4_CI_CO[3])
                                                      0.117     4.174 r  bd_0_i/hls_inst/inst/grp_Sobel_Filter_Pipeline_VITIS_LOOP_26_1_VITIS_LOOP_28_2_fu_86/Magnitude_fu_574_p2_carry__3/CO[3]
                         net (fo=1, unplaced)         0.000     4.174    bd_0_i/hls_inst/inst/grp_Sobel_Filter_Pipeline_VITIS_LOOP_26_1_VITIS_LOOP_28_2_fu_86/Magnitude_fu_574_p2_carry__3_n_0
                         CARRY4 (Prop_carry4_CI_CO[3])
                                                      0.117     4.291 r  bd_0_i/hls_inst/inst/grp_Sobel_Filter_Pipeline_VITIS_LOOP_26_1_VITIS_LOOP_28_2_fu_86/Magnitude_fu_574_p2_carry__4/CO[3]
                         net (fo=1, unplaced)         0.000     4.291    bd_0_i/hls_inst/inst/grp_Sobel_Filter_Pipeline_VITIS_LOOP_26_1_VITIS_LOOP_28_2_fu_86/Magnitude_fu_574_p2_carry__4_n_0
                         CARRY4 (Prop_carry4_CI_CO[3])
                                                      0.117     4.408 r  bd_0_i/hls_inst/inst/grp_Sobel_Filter_Pipeline_VITIS_LOOP_26_1_VITIS_LOOP_28_2_fu_86/Magnitude_fu_574_p2_carry__5/CO[3]
                         net (fo=1, unplaced)         0.000     4.408    bd_0_i/hls_inst/inst/grp_Sobel_Filter_Pipeline_VITIS_LOOP_26_1_VITIS_LOOP_28_2_fu_86/Magnitude_fu_574_p2_carry__5_n_0
                         CARRY4 (Prop_carry4_CI_O[3])
                                                      0.331     4.739 f  bd_0_i/hls_inst/inst/grp_Sobel_Filter_Pipeline_VITIS_LOOP_26_1_VITIS_LOOP_28_2_fu_86/Magnitude_fu_574_p2_carry__6/O[3]
                         net (fo=5, unplaced)         0.646     5.385    bd_0_i/hls_inst/inst/grp_Sobel_Filter_Pipeline_VITIS_LOOP_26_1_VITIS_LOOP_28_2_fu_86/tmp_2_fu_580_p4[23]
                         LUT2 (Prop_lut2_I1_O)        0.302     5.687 r  bd_0_i/hls_inst/inst/grp_Sobel_Filter_Pipeline_VITIS_LOOP_26_1_VITIS_LOOP_28_2_fu_86/icmp_ln68_fu_590_p2_carry__1_i_1/O
                         net (fo=1, unplaced)         0.000     5.687    bd_0_i/hls_inst/inst/grp_Sobel_Filter_Pipeline_VITIS_LOOP_26_1_VITIS_LOOP_28_2_fu_86/icmp_ln68_fu_590_p2_carry__1_i_1_n_0
                         CARRY4 (Prop_carry4_DI[3]_CO[3])
                                                      0.429     6.116 r  bd_0_i/hls_inst/inst/grp_Sobel_Filter_Pipeline_VITIS_LOOP_26_1_VITIS_LOOP_28_2_fu_86/icmp_ln68_fu_590_p2_carry__1/CO[3]
                         net (fo=65, unplaced)        1.007     7.123    bd_0_i/hls_inst/inst/grp_Sobel_Filter_Pipeline_VITIS_LOOP_26_1_VITIS_LOOP_28_2_fu_86/icmp_ln68_fu_590_p2_carry__1_n_0
                         LUT2 (Prop_lut2_I0_O)        0.124     7.247 r  bd_0_i/hls_inst/inst/grp_Sobel_Filter_Pipeline_VITIS_LOOP_26_1_VITIS_LOOP_28_2_fu_86/Output_r_TDATA_reg[31]_i_1/O
                         net (fo=32, unplaced)        0.847     8.094    bd_0_i/hls_inst/inst/grp_Sobel_Filter_Pipeline_VITIS_LOOP_26_1_VITIS_LOOP_28_2_fu_86_n_60
                         FDRE                                         r  bd_0_i/hls_inst/inst/Output_r_TDATA_reg_reg[13]/R
  -------------------------------------------------------------------    -------------------

                         (clock ap_clk rise edge)    10.000    10.000 r  <hidden>
                                                      0.000    10.000 r  ap_clk
                         net (fo=1308, unset)         0.924    10.924    bd_0_i/hls_inst/inst/ap_clk
                         FDRE                                         r  bd_0_i/hls_inst/inst/Output_r_TDATA_reg_reg[13]/C
                         clock pessimism              0.000    10.924    <hidden>
                         clock uncertainty           -0.035    10.889    <hidden>
                         FDRE (Setup_fdre_C_R)       -0.524    10.365    bd_0_i/hls_inst/inst/Output_r_TDATA_reg_reg[13]
  -------------------------------------------------------------------
                         required time                         10.365    <hidden>
                         arrival time                          -8.094    <hidden>
  -------------------------------------------------------------------
                         slack                                  2.271    <hidden>

Slack (MET) :             2.271ns  (required time - arrival time)
  Source:                 bd_0_i/hls_inst/inst/grp_Sobel_Filter_Pipeline_VITIS_LOOP_26_1_VITIS_LOOP_28_2_fu_86/sub_ln62_reg_789_reg[1]/C
                            (rising edge-triggered cell FDRE clocked by ap_clk  {rise@0.000ns fall@5.000ns period=10.000ns})
  Destination:            bd_0_i/hls_inst/inst/Output_r_TDATA_reg_reg[14]/R
                            (rising edge-triggered cell FDRE clocked by ap_clk  {rise@0.000ns fall@5.000ns period=10.000ns})
  Path Group:             ap_clk
  Path Type:              Setup (Max at Slow Process Corner)
  Requirement:            10.000ns  (ap_clk rise@10.000ns - ap_clk rise@0.000ns)
  Data Path Delay:        7.121ns  (logic 3.221ns (45.232%)  route 3.900ns (54.768%))
  Logic Levels:           12  (CARRY4=9 LUT2=2 LUT3=1)
  Clock Path Skew:        -0.049ns (DCD - SCD + CPR)
    Destination Clock Delay (DCD):    0.924ns = ( 10.924 - 10.000 ) 
    Source Clock Delay      (SCD):    0.973ns
    Clock Pessimism Removal (CPR):    0.000ns
  Clock Uncertainty:      0.035ns  ((TSJ^2 + TIJ^2)^1/2 + DJ) / 2 + PE
    Total System Jitter     (TSJ):    0.071ns
    Total Input Jitter      (TIJ):    0.000ns
    Discrete Jitter          (DJ):    0.000ns
    Phase Error              (PE):    0.000ns

    Location             Delay type                Incr(ns)  Path(ns)    Netlist Resource(s)
  -------------------------------------------------------------------    -------------------
                         (clock ap_clk rise edge)     0.000     0.000 r  <hidden>
                                                      0.000     0.000 r  ap_clk
                         net (fo=1308, unset)         0.973     0.973    bd_0_i/hls_inst/inst/grp_Sobel_Filter_Pipeline_VITIS_LOOP_26_1_VITIS_LOOP_28_2_fu_86/ap_clk
                         FDRE                                         r  bd_0_i/hls_inst/inst/grp_Sobel_Filter_Pipeline_VITIS_LOOP_26_1_VITIS_LOOP_28_2_fu_86/sub_ln62_reg_789_reg[1]/C
  -------------------------------------------------------------------    -------------------
                         FDRE (Prop_fdre_C_Q)         0.518     1.491 r  bd_0_i/hls_inst/inst/grp_Sobel_Filter_Pipeline_VITIS_LOOP_26_1_VITIS_LOOP_28_2_fu_86/sub_ln62_reg_789_reg[1]/Q
                         net (fo=2, unplaced)         0.752     2.243    bd_0_i/hls_inst/inst/grp_Sobel_Filter_Pipeline_VITIS_LOOP_26_1_VITIS_LOOP_28_2_fu_86/sub_ln62_reg_789[1]
                         LUT3 (Prop_lut3_I0_O)        0.295     2.538 r  bd_0_i/hls_inst/inst/grp_Sobel_Filter_Pipeline_VITIS_LOOP_26_1_VITIS_LOOP_28_2_fu_86/Magnitude_fu_574_p2_carry_i_3/O
                         net (fo=1, unplaced)         0.639     3.177    bd_0_i/hls_inst/inst/grp_Sobel_Filter_Pipeline_VITIS_LOOP_26_1_VITIS_LOOP_28_2_fu_86/Gx_Value_Abs_fu_555_p3[1]
                         CARRY4 (Prop_carry4_DI[1]_CO[3])
                                                      0.520     3.697 r  bd_0_i/hls_inst/inst/grp_Sobel_Filter_Pipeline_VITIS_LOOP_26_1_VITIS_LOOP_28_2_fu_86/Magnitude_fu_574_p2_carry/CO[3]
                         net (fo=1, unplaced)         0.009     3.706    bd_0_i/hls_inst/inst/grp_Sobel_Filter_Pipeline_VITIS_LOOP_26_1_VITIS_LOOP_28_2_fu_86/Magnitude_fu_574_p2_carry_n_0
                         CARRY4 (Prop_carry4_CI_CO[3])
                                                      0.117     3.823 r  bd_0_i/hls_inst/inst/grp_Sobel_Filter_Pipeline_VITIS_LOOP_26_1_VITIS_LOOP_28_2_fu_86/Magnitude_fu_574_p2_carry__0/CO[3]
                         net (fo=1, unplaced)         0.000     3.823    bd_0_i/hls_inst/inst/grp_Sobel_Filter_Pipeline_VITIS_LOOP_26_1_VITIS_LOOP_28_2_fu_86/Magnitude_fu_574_p2_carry__0_n_0
                         CARRY4 (Prop_carry4_CI_CO[3])
                                                      0.117     3.940 r  bd_0_i/hls_inst/inst/grp_Sobel_Filter_Pipeline_VITIS_LOOP_26_1_VITIS_LOOP_28_2_fu_86/Magnitude_fu_574_p2_carry__1/CO[3]
                         net (fo=1, unplaced)         0.000     3.940    bd_0_i/hls_inst/inst/grp_Sobel_Filter_Pipeline_VITIS_LOOP_26_1_VITIS_LOOP_28_2_fu_86/Magnitude_fu_574_p2_carry__1_n_0
                         CARRY4 (Prop_carry4_CI_CO[3])
                                                      0.117     4.057 r  bd_0_i/hls_inst/inst/grp_Sobel_Filter_Pipeline_VITIS_LOOP_26_1_VITIS_LOOP_28_2_fu_86/Magnitude_fu_574_p2_carry__2/CO[3]
                         net (fo=1, unplaced)         0.000     4.057    bd_0_i/hls_inst/inst/grp_Sobel_Filter_Pipeline_VITIS_LOOP_26_1_VITIS_LOOP_28_2_fu_86/Magnitude_fu_574_p2_carry__2_n_0
                         CARRY4 (Prop_carry4_CI_CO[3])
                                                      0.117     4.174 r  bd_0_i/hls_inst/inst/grp_Sobel_Filter_Pipeline_VITIS_LOOP_26_1_VITIS_LOOP_28_2_fu_86/Magnitude_fu_574_p2_carry__3/CO[3]
                         net (fo=1, unplaced)         0.000     4.174    bd_0_i/hls_inst/inst/grp_Sobel_Filter_Pipeline_VITIS_LOOP_26_1_VITIS_LOOP_28_2_fu_86/Magnitude_fu_574_p2_carry__3_n_0
                         CARRY4 (Prop_carry4_CI_CO[3])
                                                      0.117     4.291 r  bd_0_i/hls_inst/inst/grp_Sobel_Filter_Pipeline_VITIS_LOOP_26_1_VITIS_LOOP_28_2_fu_86/Magnitude_fu_574_p2_carry__4/CO[3]
                         net (fo=1, unplaced)         0.000     4.291    bd_0_i/hls_inst/inst/grp_Sobel_Filter_Pipeline_VITIS_LOOP_26_1_VITIS_LOOP_28_2_fu_86/Magnitude_fu_574_p2_carry__4_n_0
                         CARRY4 (Prop_carry4_CI_CO[3])
                                                      0.117     4.408 r  bd_0_i/hls_inst/inst/grp_Sobel_Filter_Pipeline_VITIS_LOOP_26_1_VITIS_LOOP_28_2_fu_86/Magnitude_fu_574_p2_carry__5/CO[3]
                         net (fo=1, unplaced)         0.000     4.408    bd_0_i/hls_inst/inst/grp_Sobel_Filter_Pipeline_VITIS_LOOP_26_1_VITIS_LOOP_28_2_fu_86/Magnitude_fu_574_p2_carry__5_n_0
                         CARRY4 (Prop_carry4_CI_O[3])
                                                      0.331     4.739 f  bd_0_i/hls_inst/inst/grp_Sobel_Filter_Pipeline_VITIS_LOOP_26_1_VITIS_LOOP_28_2_fu_86/Magnitude_fu_574_p2_carry__6/O[3]
                         net (fo=5, unplaced)         0.646     5.385    bd_0_i/hls_inst/inst/grp_Sobel_Filter_Pipeline_VITIS_LOOP_26_1_VITIS_LOOP_28_2_fu_86/tmp_2_fu_580_p4[23]
                         LUT2 (Prop_lut2_I1_O)        0.302     5.687 r  bd_0_i/hls_inst/inst/grp_Sobel_Filter_Pipeline_VITIS_LOOP_26_1_VITIS_LOOP_28_2_fu_86/icmp_ln68_fu_590_p2_carry__1_i_1/O
                         net (fo=1, unplaced)         0.000     5.687    bd_0_i/hls_inst/inst/grp_Sobel_Filter_Pipeline_VITIS_LOOP_26_1_VITIS_LOOP_28_2_fu_86/icmp_ln68_fu_590_p2_carry__1_i_1_n_0
                         CARRY4 (Prop_carry4_DI[3]_CO[3])
                                                      0.429     6.116 r  bd_0_i/hls_inst/inst/grp_Sobel_Filter_Pipeline_VITIS_LOOP_26_1_VITIS_LOOP_28_2_fu_86/icmp_ln68_fu_590_p2_carry__1/CO[3]
                         net (fo=65, unplaced)        1.007     7.123    bd_0_i/hls_inst/inst/grp_Sobel_Filter_Pipeline_VITIS_LOOP_26_1_VITIS_LOOP_28_2_fu_86/icmp_ln68_fu_590_p2_carry__1_n_0
                         LUT2 (Prop_lut2_I0_O)        0.124     7.247 r  bd_0_i/hls_inst/inst/grp_Sobel_Filter_Pipeline_VITIS_LOOP_26_1_VITIS_LOOP_28_2_fu_86/Output_r_TDATA_reg[31]_i_1/O
                         net (fo=32, unplaced)        0.847     8.094    bd_0_i/hls_inst/inst/grp_Sobel_Filter_Pipeline_VITIS_LOOP_26_1_VITIS_LOOP_28_2_fu_86_n_60
                         FDRE                                         r  bd_0_i/hls_inst/inst/Output_r_TDATA_reg_reg[14]/R
  -------------------------------------------------------------------    -------------------

                         (clock ap_clk rise edge)    10.000    10.000 r  <hidden>
                                                      0.000    10.000 r  ap_clk
                         net (fo=1308, unset)         0.924    10.924    bd_0_i/hls_inst/inst/ap_clk
                         FDRE                                         r  bd_0_i/hls_inst/inst/Output_r_TDATA_reg_reg[14]/C
                         clock pessimism              0.000    10.924    <hidden>
                         clock uncertainty           -0.035    10.889    <hidden>
                         FDRE (Setup_fdre_C_R)       -0.524    10.365    bd_0_i/hls_inst/inst/Output_r_TDATA_reg_reg[14]
  -------------------------------------------------------------------
                         required time                         10.365    <hidden>
                         arrival time                          -8.094    <hidden>
  -------------------------------------------------------------------
                         slack                                  2.271    <hidden>

Slack (MET) :             2.271ns  (required time - arrival time)
  Source:                 bd_0_i/hls_inst/inst/grp_Sobel_Filter_Pipeline_VITIS_LOOP_26_1_VITIS_LOOP_28_2_fu_86/sub_ln62_reg_789_reg[1]/C
                            (rising edge-triggered cell FDRE clocked by ap_clk  {rise@0.000ns fall@5.000ns period=10.000ns})
  Destination:            bd_0_i/hls_inst/inst/Output_r_TDATA_reg_reg[15]/R
                            (rising edge-triggered cell FDRE clocked by ap_clk  {rise@0.000ns fall@5.000ns period=10.000ns})
  Path Group:             ap_clk
  Path Type:              Setup (Max at Slow Process Corner)
  Requirement:            10.000ns  (ap_clk rise@10.000ns - ap_clk rise@0.000ns)
  Data Path Delay:        7.121ns  (logic 3.221ns (45.232%)  route 3.900ns (54.768%))
  Logic Levels:           12  (CARRY4=9 LUT2=2 LUT3=1)
  Clock Path Skew:        -0.049ns (DCD - SCD + CPR)
    Destination Clock Delay (DCD):    0.924ns = ( 10.924 - 10.000 ) 
    Source Clock Delay      (SCD):    0.973ns
    Clock Pessimism Removal (CPR):    0.000ns
  Clock Uncertainty:      0.035ns  ((TSJ^2 + TIJ^2)^1/2 + DJ) / 2 + PE
    Total System Jitter     (TSJ):    0.071ns
    Total Input Jitter      (TIJ):    0.000ns
    Discrete Jitter          (DJ):    0.000ns
    Phase Error              (PE):    0.000ns

    Location             Delay type                Incr(ns)  Path(ns)    Netlist Resource(s)
  -------------------------------------------------------------------    -------------------
                         (clock ap_clk rise edge)     0.000     0.000 r  <hidden>
                                                      0.000     0.000 r  ap_clk
                         net (fo=1308, unset)         0.973     0.973    bd_0_i/hls_inst/inst/grp_Sobel_Filter_Pipeline_VITIS_LOOP_26_1_VITIS_LOOP_28_2_fu_86/ap_clk
                         FDRE                                         r  bd_0_i/hls_inst/inst/grp_Sobel_Filter_Pipeline_VITIS_LOOP_26_1_VITIS_LOOP_28_2_fu_86/sub_ln62_reg_789_reg[1]/C
  -------------------------------------------------------------------    -------------------
                         FDRE (Prop_fdre_C_Q)         0.518     1.491 r  bd_0_i/hls_inst/inst/grp_Sobel_Filter_Pipeline_VITIS_LOOP_26_1_VITIS_LOOP_28_2_fu_86/sub_ln62_reg_789_reg[1]/Q
                         net (fo=2, unplaced)         0.752     2.243    bd_0_i/hls_inst/inst/grp_Sobel_Filter_Pipeline_VITIS_LOOP_26_1_VITIS_LOOP_28_2_fu_86/sub_ln62_reg_789[1]
                         LUT3 (Prop_lut3_I0_O)        0.295     2.538 r  bd_0_i/hls_inst/inst/grp_Sobel_Filter_Pipeline_VITIS_LOOP_26_1_VITIS_LOOP_28_2_fu_86/Magnitude_fu_574_p2_carry_i_3/O
                         net (fo=1, unplaced)         0.639     3.177    bd_0_i/hls_inst/inst/grp_Sobel_Filter_Pipeline_VITIS_LOOP_26_1_VITIS_LOOP_28_2_fu_86/Gx_Value_Abs_fu_555_p3[1]
                         CARRY4 (Prop_carry4_DI[1]_CO[3])
                                                      0.520     3.697 r  bd_0_i/hls_inst/inst/grp_Sobel_Filter_Pipeline_VITIS_LOOP_26_1_VITIS_LOOP_28_2_fu_86/Magnitude_fu_574_p2_carry/CO[3]
                         net (fo=1, unplaced)         0.009     3.706    bd_0_i/hls_inst/inst/grp_Sobel_Filter_Pipeline_VITIS_LOOP_26_1_VITIS_LOOP_28_2_fu_86/Magnitude_fu_574_p2_carry_n_0
                         CARRY4 (Prop_carry4_CI_CO[3])
                                                      0.117     3.823 r  bd_0_i/hls_inst/inst/grp_Sobel_Filter_Pipeline_VITIS_LOOP_26_1_VITIS_LOOP_28_2_fu_86/Magnitude_fu_574_p2_carry__0/CO[3]
                         net (fo=1, unplaced)         0.000     3.823    bd_0_i/hls_inst/inst/grp_Sobel_Filter_Pipeline_VITIS_LOOP_26_1_VITIS_LOOP_28_2_fu_86/Magnitude_fu_574_p2_carry__0_n_0
                         CARRY4 (Prop_carry4_CI_CO[3])
                                                      0.117     3.940 r  bd_0_i/hls_inst/inst/grp_Sobel_Filter_Pipeline_VITIS_LOOP_26_1_VITIS_LOOP_28_2_fu_86/Magnitude_fu_574_p2_carry__1/CO[3]
                         net (fo=1, unplaced)         0.000     3.940    bd_0_i/hls_inst/inst/grp_Sobel_Filter_Pipeline_VITIS_LOOP_26_1_VITIS_LOOP_28_2_fu_86/Magnitude_fu_574_p2_carry__1_n_0
                         CARRY4 (Prop_carry4_CI_CO[3])
                                                      0.117     4.057 r  bd_0_i/hls_inst/inst/grp_Sobel_Filter_Pipeline_VITIS_LOOP_26_1_VITIS_LOOP_28_2_fu_86/Magnitude_fu_574_p2_carry__2/CO[3]
                         net (fo=1, unplaced)         0.000     4.057    bd_0_i/hls_inst/inst/grp_Sobel_Filter_Pipeline_VITIS_LOOP_26_1_VITIS_LOOP_28_2_fu_86/Magnitude_fu_574_p2_carry__2_n_0
                         CARRY4 (Prop_carry4_CI_CO[3])
                                                      0.117     4.174 r  bd_0_i/hls_inst/inst/grp_Sobel_Filter_Pipeline_VITIS_LOOP_26_1_VITIS_LOOP_28_2_fu_86/Magnitude_fu_574_p2_carry__3/CO[3]
                         net (fo=1, unplaced)         0.000     4.174    bd_0_i/hls_inst/inst/grp_Sobel_Filter_Pipeline_VITIS_LOOP_26_1_VITIS_LOOP_28_2_fu_86/Magnitude_fu_574_p2_carry__3_n_0
                         CARRY4 (Prop_carry4_CI_CO[3])
                                                      0.117     4.291 r  bd_0_i/hls_inst/inst/grp_Sobel_Filter_Pipeline_VITIS_LOOP_26_1_VITIS_LOOP_28_2_fu_86/Magnitude_fu_574_p2_carry__4/CO[3]
                         net (fo=1, unplaced)         0.000     4.291    bd_0_i/hls_inst/inst/grp_Sobel_Filter_Pipeline_VITIS_LOOP_26_1_VITIS_LOOP_28_2_fu_86/Magnitude_fu_574_p2_carry__4_n_0
                         CARRY4 (Prop_carry4_CI_CO[3])
                                                      0.117     4.408 r  bd_0_i/hls_inst/inst/grp_Sobel_Filter_Pipeline_VITIS_LOOP_26_1_VITIS_LOOP_28_2_fu_86/Magnitude_fu_574_p2_carry__5/CO[3]
                         net (fo=1, unplaced)         0.000     4.408    bd_0_i/hls_inst/inst/grp_Sobel_Filter_Pipeline_VITIS_LOOP_26_1_VITIS_LOOP_28_2_fu_86/Magnitude_fu_574_p2_carry__5_n_0
                         CARRY4 (Prop_carry4_CI_O[3])
                                                      0.331     4.739 f  bd_0_i/hls_inst/inst/grp_Sobel_Filter_Pipeline_VITIS_LOOP_26_1_VITIS_LOOP_28_2_fu_86/Magnitude_fu_574_p2_carry__6/O[3]
                         net (fo=5, unplaced)         0.646     5.385    bd_0_i/hls_inst/inst/grp_Sobel_Filter_Pipeline_VITIS_LOOP_26_1_VITIS_LOOP_28_2_fu_86/tmp_2_fu_580_p4[23]
                         LUT2 (Prop_lut2_I1_O)        0.302     5.687 r  bd_0_i/hls_inst/inst/grp_Sobel_Filter_Pipeline_VITIS_LOOP_26_1_VITIS_LOOP_28_2_fu_86/icmp_ln68_fu_590_p2_carry__1_i_1/O
                         net (fo=1, unplaced)         0.000     5.687    bd_0_i/hls_inst/inst/grp_Sobel_Filter_Pipeline_VITIS_LOOP_26_1_VITIS_LOOP_28_2_fu_86/icmp_ln68_fu_590_p2_carry__1_i_1_n_0
                         CARRY4 (Prop_carry4_DI[3]_CO[3])
                                                      0.429     6.116 r  bd_0_i/hls_inst/inst/grp_Sobel_Filter_Pipeline_VITIS_LOOP_26_1_VITIS_LOOP_28_2_fu_86/icmp_ln68_fu_590_p2_carry__1/CO[3]
                         net (fo=65, unplaced)        1.007     7.123    bd_0_i/hls_inst/inst/grp_Sobel_Filter_Pipeline_VITIS_LOOP_26_1_VITIS_LOOP_28_2_fu_86/icmp_ln68_fu_590_p2_carry__1_n_0
                         LUT2 (Prop_lut2_I0_O)        0.124     7.247 r  bd_0_i/hls_inst/inst/grp_Sobel_Filter_Pipeline_VITIS_LOOP_26_1_VITIS_LOOP_28_2_fu_86/Output_r_TDATA_reg[31]_i_1/O
                         net (fo=32, unplaced)        0.847     8.094    bd_0_i/hls_inst/inst/grp_Sobel_Filter_Pipeline_VITIS_LOOP_26_1_VITIS_LOOP_28_2_fu_86_n_60
                         FDRE                                         r  bd_0_i/hls_inst/inst/Output_r_TDATA_reg_reg[15]/R
  -------------------------------------------------------------------    -------------------

                         (clock ap_clk rise edge)    10.000    10.000 r  <hidden>
                                                      0.000    10.000 r  ap_clk
                         net (fo=1308, unset)         0.924    10.924    bd_0_i/hls_inst/inst/ap_clk
                         FDRE                                         r  bd_0_i/hls_inst/inst/Output_r_TDATA_reg_reg[15]/C
                         clock pessimism              0.000    10.924    <hidden>
                         clock uncertainty           -0.035    10.889    <hidden>
                         FDRE (Setup_fdre_C_R)       -0.524    10.365    bd_0_i/hls_inst/inst/Output_r_TDATA_reg_reg[15]
  -------------------------------------------------------------------
                         required time                         10.365    <hidden>
                         arrival time                          -8.094    <hidden>
  -------------------------------------------------------------------
                         slack                                  2.271    <hidden>

Slack (MET) :             2.271ns  (required time - arrival time)
  Source:                 bd_0_i/hls_inst/inst/grp_Sobel_Filter_Pipeline_VITIS_LOOP_26_1_VITIS_LOOP_28_2_fu_86/sub_ln62_reg_789_reg[1]/C
                            (rising edge-triggered cell FDRE clocked by ap_clk  {rise@0.000ns fall@5.000ns period=10.000ns})
  Destination:            bd_0_i/hls_inst/inst/Output_r_TDATA_reg_reg[16]/R
                            (rising edge-triggered cell FDRE clocked by ap_clk  {rise@0.000ns fall@5.000ns period=10.000ns})
  Path Group:             ap_clk
  Path Type:              Setup (Max at Slow Process Corner)
  Requirement:            10.000ns  (ap_clk rise@10.000ns - ap_clk rise@0.000ns)
  Data Path Delay:        7.121ns  (logic 3.221ns (45.232%)  route 3.900ns (54.768%))
  Logic Levels:           12  (CARRY4=9 LUT2=2 LUT3=1)
  Clock Path Skew:        -0.049ns (DCD - SCD + CPR)
    Destination Clock Delay (DCD):    0.924ns = ( 10.924 - 10.000 ) 
    Source Clock Delay      (SCD):    0.973ns
    Clock Pessimism Removal (CPR):    0.000ns
  Clock Uncertainty:      0.035ns  ((TSJ^2 + TIJ^2)^1/2 + DJ) / 2 + PE
    Total System Jitter     (TSJ):    0.071ns
    Total Input Jitter      (TIJ):    0.000ns
    Discrete Jitter          (DJ):    0.000ns
    Phase Error              (PE):    0.000ns

    Location             Delay type                Incr(ns)  Path(ns)    Netlist Resource(s)
  -------------------------------------------------------------------    -------------------
                         (clock ap_clk rise edge)     0.000     0.000 r  <hidden>
                                                      0.000     0.000 r  ap_clk
                         net (fo=1308, unset)         0.973     0.973    bd_0_i/hls_inst/inst/grp_Sobel_Filter_Pipeline_VITIS_LOOP_26_1_VITIS_LOOP_28_2_fu_86/ap_clk
                         FDRE                                         r  bd_0_i/hls_inst/inst/grp_Sobel_Filter_Pipeline_VITIS_LOOP_26_1_VITIS_LOOP_28_2_fu_86/sub_ln62_reg_789_reg[1]/C
  -------------------------------------------------------------------    -------------------
                         FDRE (Prop_fdre_C_Q)         0.518     1.491 r  bd_0_i/hls_inst/inst/grp_Sobel_Filter_Pipeline_VITIS_LOOP_26_1_VITIS_LOOP_28_2_fu_86/sub_ln62_reg_789_reg[1]/Q
                         net (fo=2, unplaced)         0.752     2.243    bd_0_i/hls_inst/inst/grp_Sobel_Filter_Pipeline_VITIS_LOOP_26_1_VITIS_LOOP_28_2_fu_86/sub_ln62_reg_789[1]
                         LUT3 (Prop_lut3_I0_O)        0.295     2.538 r  bd_0_i/hls_inst/inst/grp_Sobel_Filter_Pipeline_VITIS_LOOP_26_1_VITIS_LOOP_28_2_fu_86/Magnitude_fu_574_p2_carry_i_3/O
                         net (fo=1, unplaced)         0.639     3.177    bd_0_i/hls_inst/inst/grp_Sobel_Filter_Pipeline_VITIS_LOOP_26_1_VITIS_LOOP_28_2_fu_86/Gx_Value_Abs_fu_555_p3[1]
                         CARRY4 (Prop_carry4_DI[1]_CO[3])
                                                      0.520     3.697 r  bd_0_i/hls_inst/inst/grp_Sobel_Filter_Pipeline_VITIS_LOOP_26_1_VITIS_LOOP_28_2_fu_86/Magnitude_fu_574_p2_carry/CO[3]
                         net (fo=1, unplaced)         0.009     3.706    bd_0_i/hls_inst/inst/grp_Sobel_Filter_Pipeline_VITIS_LOOP_26_1_VITIS_LOOP_28_2_fu_86/Magnitude_fu_574_p2_carry_n_0
                         CARRY4 (Prop_carry4_CI_CO[3])
                                                      0.117     3.823 r  bd_0_i/hls_inst/inst/grp_Sobel_Filter_Pipeline_VITIS_LOOP_26_1_VITIS_LOOP_28_2_fu_86/Magnitude_fu_574_p2_carry__0/CO[3]
                         net (fo=1, unplaced)         0.000     3.823    bd_0_i/hls_inst/inst/grp_Sobel_Filter_Pipeline_VITIS_LOOP_26_1_VITIS_LOOP_28_2_fu_86/Magnitude_fu_574_p2_carry__0_n_0
                         CARRY4 (Prop_carry4_CI_CO[3])
                                                      0.117     3.940 r  bd_0_i/hls_inst/inst/grp_Sobel_Filter_Pipeline_VITIS_LOOP_26_1_VITIS_LOOP_28_2_fu_86/Magnitude_fu_574_p2_carry__1/CO[3]
                         net (fo=1, unplaced)         0.000     3.940    bd_0_i/hls_inst/inst/grp_Sobel_Filter_Pipeline_VITIS_LOOP_26_1_VITIS_LOOP_28_2_fu_86/Magnitude_fu_574_p2_carry__1_n_0
                         CARRY4 (Prop_carry4_CI_CO[3])
                                                      0.117     4.057 r  bd_0_i/hls_inst/inst/grp_Sobel_Filter_Pipeline_VITIS_LOOP_26_1_VITIS_LOOP_28_2_fu_86/Magnitude_fu_574_p2_carry__2/CO[3]
                         net (fo=1, unplaced)         0.000     4.057    bd_0_i/hls_inst/inst/grp_Sobel_Filter_Pipeline_VITIS_LOOP_26_1_VITIS_LOOP_28_2_fu_86/Magnitude_fu_574_p2_carry__2_n_0
                         CARRY4 (Prop_carry4_CI_CO[3])
                                                      0.117     4.174 r  bd_0_i/hls_inst/inst/grp_Sobel_Filter_Pipeline_VITIS_LOOP_26_1_VITIS_LOOP_28_2_fu_86/Magnitude_fu_574_p2_carry__3/CO[3]
                         net (fo=1, unplaced)         0.000     4.174    bd_0_i/hls_inst/inst/grp_Sobel_Filter_Pipeline_VITIS_LOOP_26_1_VITIS_LOOP_28_2_fu_86/Magnitude_fu_574_p2_carry__3_n_0
                         CARRY4 (Prop_carry4_CI_CO[3])
                                                      0.117     4.291 r  bd_0_i/hls_inst/inst/grp_Sobel_Filter_Pipeline_VITIS_LOOP_26_1_VITIS_LOOP_28_2_fu_86/Magnitude_fu_574_p2_carry__4/CO[3]
                         net (fo=1, unplaced)         0.000     4.291    bd_0_i/hls_inst/inst/grp_Sobel_Filter_Pipeline_VITIS_LOOP_26_1_VITIS_LOOP_28_2_fu_86/Magnitude_fu_574_p2_carry__4_n_0
                         CARRY4 (Prop_carry4_CI_CO[3])
                                                      0.117     4.408 r  bd_0_i/hls_inst/inst/grp_Sobel_Filter_Pipeline_VITIS_LOOP_26_1_VITIS_LOOP_28_2_fu_86/Magnitude_fu_574_p2_carry__5/CO[3]
                         net (fo=1, unplaced)         0.000     4.408    bd_0_i/hls_inst/inst/grp_Sobel_Filter_Pipeline_VITIS_LOOP_26_1_VITIS_LOOP_28_2_fu_86/Magnitude_fu_574_p2_carry__5_n_0
                         CARRY4 (Prop_carry4_CI_O[3])
                                                      0.331     4.739 f  bd_0_i/hls_inst/inst/grp_Sobel_Filter_Pipeline_VITIS_LOOP_26_1_VITIS_LOOP_28_2_fu_86/Magnitude_fu_574_p2_carry__6/O[3]
                         net (fo=5, unplaced)         0.646     5.385    bd_0_i/hls_inst/inst/grp_Sobel_Filter_Pipeline_VITIS_LOOP_26_1_VITIS_LOOP_28_2_fu_86/tmp_2_fu_580_p4[23]
                         LUT2 (Prop_lut2_I1_O)        0.302     5.687 r  bd_0_i/hls_inst/inst/grp_Sobel_Filter_Pipeline_VITIS_LOOP_26_1_VITIS_LOOP_28_2_fu_86/icmp_ln68_fu_590_p2_carry__1_i_1/O
                         net (fo=1, unplaced)         0.000     5.687    bd_0_i/hls_inst/inst/grp_Sobel_Filter_Pipeline_VITIS_LOOP_26_1_VITIS_LOOP_28_2_fu_86/icmp_ln68_fu_590_p2_carry__1_i_1_n_0
                         CARRY4 (Prop_carry4_DI[3]_CO[3])
                                                      0.429     6.116 r  bd_0_i/hls_inst/inst/grp_Sobel_Filter_Pipeline_VITIS_LOOP_26_1_VITIS_LOOP_28_2_fu_86/icmp_ln68_fu_590_p2_carry__1/CO[3]
                         net (fo=65, unplaced)        1.007     7.123    bd_0_i/hls_inst/inst/grp_Sobel_Filter_Pipeline_VITIS_LOOP_26_1_VITIS_LOOP_28_2_fu_86/icmp_ln68_fu_590_p2_carry__1_n_0
                         LUT2 (Prop_lut2_I0_O)        0.124     7.247 r  bd_0_i/hls_inst/inst/grp_Sobel_Filter_Pipeline_VITIS_LOOP_26_1_VITIS_LOOP_28_2_fu_86/Output_r_TDATA_reg[31]_i_1/O
                         net (fo=32, unplaced)        0.847     8.094    bd_0_i/hls_inst/inst/grp_Sobel_Filter_Pipeline_VITIS_LOOP_26_1_VITIS_LOOP_28_2_fu_86_n_60
                         FDRE                                         r  bd_0_i/hls_inst/inst/Output_r_TDATA_reg_reg[16]/R
  -------------------------------------------------------------------    -------------------

                         (clock ap_clk rise edge)    10.000    10.000 r  <hidden>
                                                      0.000    10.000 r  ap_clk
                         net (fo=1308, unset)         0.924    10.924    bd_0_i/hls_inst/inst/ap_clk
                         FDRE                                         r  bd_0_i/hls_inst/inst/Output_r_TDATA_reg_reg[16]/C
                         clock pessimism              0.000    10.924    <hidden>
                         clock uncertainty           -0.035    10.889    <hidden>
                         FDRE (Setup_fdre_C_R)       -0.524    10.365    bd_0_i/hls_inst/inst/Output_r_TDATA_reg_reg[16]
  -------------------------------------------------------------------
                         required time                         10.365    <hidden>
                         arrival time                          -8.094    <hidden>
  -------------------------------------------------------------------
                         slack                                  2.271    <hidden>

Slack (MET) :             2.271ns  (required time - arrival time)
  Source:                 bd_0_i/hls_inst/inst/grp_Sobel_Filter_Pipeline_VITIS_LOOP_26_1_VITIS_LOOP_28_2_fu_86/sub_ln62_reg_789_reg[1]/C
                            (rising edge-triggered cell FDRE clocked by ap_clk  {rise@0.000ns fall@5.000ns period=10.000ns})
  Destination:            bd_0_i/hls_inst/inst/Output_r_TDATA_reg_reg[17]/R
                            (rising edge-triggered cell FDRE clocked by ap_clk  {rise@0.000ns fall@5.000ns period=10.000ns})
  Path Group:             ap_clk
  Path Type:              Setup (Max at Slow Process Corner)
  Requirement:            10.000ns  (ap_clk rise@10.000ns - ap_clk rise@0.000ns)
  Data Path Delay:        7.121ns  (logic 3.221ns (45.232%)  route 3.900ns (54.768%))
  Logic Levels:           12  (CARRY4=9 LUT2=2 LUT3=1)
  Clock Path Skew:        -0.049ns (DCD - SCD + CPR)
    Destination Clock Delay (DCD):    0.924ns = ( 10.924 - 10.000 ) 
    Source Clock Delay      (SCD):    0.973ns
    Clock Pessimism Removal (CPR):    0.000ns
  Clock Uncertainty:      0.035ns  ((TSJ^2 + TIJ^2)^1/2 + DJ) / 2 + PE
    Total System Jitter     (TSJ):    0.071ns
    Total Input Jitter      (TIJ):    0.000ns
    Discrete Jitter          (DJ):    0.000ns
    Phase Error              (PE):    0.000ns

    Location             Delay type                Incr(ns)  Path(ns)    Netlist Resource(s)
  -------------------------------------------------------------------    -------------------
                         (clock ap_clk rise edge)     0.000     0.000 r  <hidden>
                                                      0.000     0.000 r  ap_clk
                         net (fo=1308, unset)         0.973     0.973    bd_0_i/hls_inst/inst/grp_Sobel_Filter_Pipeline_VITIS_LOOP_26_1_VITIS_LOOP_28_2_fu_86/ap_clk
                         FDRE                                         r  bd_0_i/hls_inst/inst/grp_Sobel_Filter_Pipeline_VITIS_LOOP_26_1_VITIS_LOOP_28_2_fu_86/sub_ln62_reg_789_reg[1]/C
  -------------------------------------------------------------------    -------------------
                         FDRE (Prop_fdre_C_Q)         0.518     1.491 r  bd_0_i/hls_inst/inst/grp_Sobel_Filter_Pipeline_VITIS_LOOP_26_1_VITIS_LOOP_28_2_fu_86/sub_ln62_reg_789_reg[1]/Q
                         net (fo=2, unplaced)         0.752     2.243    bd_0_i/hls_inst/inst/grp_Sobel_Filter_Pipeline_VITIS_LOOP_26_1_VITIS_LOOP_28_2_fu_86/sub_ln62_reg_789[1]
                         LUT3 (Prop_lut3_I0_O)        0.295     2.538 r  bd_0_i/hls_inst/inst/grp_Sobel_Filter_Pipeline_VITIS_LOOP_26_1_VITIS_LOOP_28_2_fu_86/Magnitude_fu_574_p2_carry_i_3/O
                         net (fo=1, unplaced)         0.639     3.177    bd_0_i/hls_inst/inst/grp_Sobel_Filter_Pipeline_VITIS_LOOP_26_1_VITIS_LOOP_28_2_fu_86/Gx_Value_Abs_fu_555_p3[1]
                         CARRY4 (Prop_carry4_DI[1]_CO[3])
                                                      0.520     3.697 r  bd_0_i/hls_inst/inst/grp_Sobel_Filter_Pipeline_VITIS_LOOP_26_1_VITIS_LOOP_28_2_fu_86/Magnitude_fu_574_p2_carry/CO[3]
                         net (fo=1, unplaced)         0.009     3.706    bd_0_i/hls_inst/inst/grp_Sobel_Filter_Pipeline_VITIS_LOOP_26_1_VITIS_LOOP_28_2_fu_86/Magnitude_fu_574_p2_carry_n_0
                         CARRY4 (Prop_carry4_CI_CO[3])
                                                      0.117     3.823 r  bd_0_i/hls_inst/inst/grp_Sobel_Filter_Pipeline_VITIS_LOOP_26_1_VITIS_LOOP_28_2_fu_86/Magnitude_fu_574_p2_carry__0/CO[3]
                         net (fo=1, unplaced)         0.000     3.823    bd_0_i/hls_inst/inst/grp_Sobel_Filter_Pipeline_VITIS_LOOP_26_1_VITIS_LOOP_28_2_fu_86/Magnitude_fu_574_p2_carry__0_n_0
                         CARRY4 (Prop_carry4_CI_CO[3])
                                                      0.117     3.940 r  bd_0_i/hls_inst/inst/grp_Sobel_Filter_Pipeline_VITIS_LOOP_26_1_VITIS_LOOP_28_2_fu_86/Magnitude_fu_574_p2_carry__1/CO[3]
                         net (fo=1, unplaced)         0.000     3.940    bd_0_i/hls_inst/inst/grp_Sobel_Filter_Pipeline_VITIS_LOOP_26_1_VITIS_LOOP_28_2_fu_86/Magnitude_fu_574_p2_carry__1_n_0
                         CARRY4 (Prop_carry4_CI_CO[3])
                                                      0.117     4.057 r  bd_0_i/hls_inst/inst/grp_Sobel_Filter_Pipeline_VITIS_LOOP_26_1_VITIS_LOOP_28_2_fu_86/Magnitude_fu_574_p2_carry__2/CO[3]
                         net (fo=1, unplaced)         0.000     4.057    bd_0_i/hls_inst/inst/grp_Sobel_Filter_Pipeline_VITIS_LOOP_26_1_VITIS_LOOP_28_2_fu_86/Magnitude_fu_574_p2_carry__2_n_0
                         CARRY4 (Prop_carry4_CI_CO[3])
                                                      0.117     4.174 r  bd_0_i/hls_inst/inst/grp_Sobel_Filter_Pipeline_VITIS_LOOP_26_1_VITIS_LOOP_28_2_fu_86/Magnitude_fu_574_p2_carry__3/CO[3]
                         net (fo=1, unplaced)         0.000     4.174    bd_0_i/hls_inst/inst/grp_Sobel_Filter_Pipeline_VITIS_LOOP_26_1_VITIS_LOOP_28_2_fu_86/Magnitude_fu_574_p2_carry__3_n_0
                         CARRY4 (Prop_carry4_CI_CO[3])
                                                      0.117     4.291 r  bd_0_i/hls_inst/inst/grp_Sobel_Filter_Pipeline_VITIS_LOOP_26_1_VITIS_LOOP_28_2_fu_86/Magnitude_fu_574_p2_carry__4/CO[3]
                         net (fo=1, unplaced)         0.000     4.291    bd_0_i/hls_inst/inst/grp_Sobel_Filter_Pipeline_VITIS_LOOP_26_1_VITIS_LOOP_28_2_fu_86/Magnitude_fu_574_p2_carry__4_n_0
                         CARRY4 (Prop_carry4_CI_CO[3])
                                                      0.117     4.408 r  bd_0_i/hls_inst/inst/grp_Sobel_Filter_Pipeline_VITIS_LOOP_26_1_VITIS_LOOP_28_2_fu_86/Magnitude_fu_574_p2_carry__5/CO[3]
                         net (fo=1, unplaced)         0.000     4.408    bd_0_i/hls_inst/inst/grp_Sobel_Filter_Pipeline_VITIS_LOOP_26_1_VITIS_LOOP_28_2_fu_86/Magnitude_fu_574_p2_carry__5_n_0
                         CARRY4 (Prop_carry4_CI_O[3])
                                                      0.331     4.739 f  bd_0_i/hls_inst/inst/grp_Sobel_Filter_Pipeline_VITIS_LOOP_26_1_VITIS_LOOP_28_2_fu_86/Magnitude_fu_574_p2_carry__6/O[3]
                         net (fo=5, unplaced)         0.646     5.385    bd_0_i/hls_inst/inst/grp_Sobel_Filter_Pipeline_VITIS_LOOP_26_1_VITIS_LOOP_28_2_fu_86/tmp_2_fu_580_p4[23]
                         LUT2 (Prop_lut2_I1_O)        0.302     5.687 r  bd_0_i/hls_inst/inst/grp_Sobel_Filter_Pipeline_VITIS_LOOP_26_1_VITIS_LOOP_28_2_fu_86/icmp_ln68_fu_590_p2_carry__1_i_1/O
                         net (fo=1, unplaced)         0.000     5.687    bd_0_i/hls_inst/inst/grp_Sobel_Filter_Pipeline_VITIS_LOOP_26_1_VITIS_LOOP_28_2_fu_86/icmp_ln68_fu_590_p2_carry__1_i_1_n_0
                         CARRY4 (Prop_carry4_DI[3]_CO[3])
                                                      0.429     6.116 r  bd_0_i/hls_inst/inst/grp_Sobel_Filter_Pipeline_VITIS_LOOP_26_1_VITIS_LOOP_28_2_fu_86/icmp_ln68_fu_590_p2_carry__1/CO[3]
                         net (fo=65, unplaced)        1.007     7.123    bd_0_i/hls_inst/inst/grp_Sobel_Filter_Pipeline_VITIS_LOOP_26_1_VITIS_LOOP_28_2_fu_86/icmp_ln68_fu_590_p2_carry__1_n_0
                         LUT2 (Prop_lut2_I0_O)        0.124     7.247 r  bd_0_i/hls_inst/inst/grp_Sobel_Filter_Pipeline_VITIS_LOOP_26_1_VITIS_LOOP_28_2_fu_86/Output_r_TDATA_reg[31]_i_1/O
                         net (fo=32, unplaced)        0.847     8.094    bd_0_i/hls_inst/inst/grp_Sobel_Filter_Pipeline_VITIS_LOOP_26_1_VITIS_LOOP_28_2_fu_86_n_60
                         FDRE                                         r  bd_0_i/hls_inst/inst/Output_r_TDATA_reg_reg[17]/R
  -------------------------------------------------------------------    -------------------

                         (clock ap_clk rise edge)    10.000    10.000 r  <hidden>
                                                      0.000    10.000 r  ap_clk
                         net (fo=1308, unset)         0.924    10.924    bd_0_i/hls_inst/inst/ap_clk
                         FDRE                                         r  bd_0_i/hls_inst/inst/Output_r_TDATA_reg_reg[17]/C
                         clock pessimism              0.000    10.924    <hidden>
                         clock uncertainty           -0.035    10.889    <hidden>
                         FDRE (Setup_fdre_C_R)       -0.524    10.365    bd_0_i/hls_inst/inst/Output_r_TDATA_reg_reg[17]
  -------------------------------------------------------------------
                         required time                         10.365    <hidden>
                         arrival time                          -8.094    <hidden>
  -------------------------------------------------------------------
                         slack                                  2.271    <hidden>

Slack (MET) :             2.271ns  (required time - arrival time)
  Source:                 bd_0_i/hls_inst/inst/grp_Sobel_Filter_Pipeline_VITIS_LOOP_26_1_VITIS_LOOP_28_2_fu_86/sub_ln62_reg_789_reg[1]/C
                            (rising edge-triggered cell FDRE clocked by ap_clk  {rise@0.000ns fall@5.000ns period=10.000ns})
  Destination:            bd_0_i/hls_inst/inst/Output_r_TDATA_reg_reg[18]/R
                            (rising edge-triggered cell FDRE clocked by ap_clk  {rise@0.000ns fall@5.000ns period=10.000ns})
  Path Group:             ap_clk
  Path Type:              Setup (Max at Slow Process Corner)
  Requirement:            10.000ns  (ap_clk rise@10.000ns - ap_clk rise@0.000ns)
  Data Path Delay:        7.121ns  (logic 3.221ns (45.232%)  route 3.900ns (54.768%))
  Logic Levels:           12  (CARRY4=9 LUT2=2 LUT3=1)
  Clock Path Skew:        -0.049ns (DCD - SCD + CPR)
    Destination Clock Delay (DCD):    0.924ns = ( 10.924 - 10.000 ) 
    Source Clock Delay      (SCD):    0.973ns
    Clock Pessimism Removal (CPR):    0.000ns
  Clock Uncertainty:      0.035ns  ((TSJ^2 + TIJ^2)^1/2 + DJ) / 2 + PE
    Total System Jitter     (TSJ):    0.071ns
    Total Input Jitter      (TIJ):    0.000ns
    Discrete Jitter          (DJ):    0.000ns
    Phase Error              (PE):    0.000ns

    Location             Delay type                Incr(ns)  Path(ns)    Netlist Resource(s)
  -------------------------------------------------------------------    -------------------
                         (clock ap_clk rise edge)     0.000     0.000 r  <hidden>
                                                      0.000     0.000 r  ap_clk
                         net (fo=1308, unset)         0.973     0.973    bd_0_i/hls_inst/inst/grp_Sobel_Filter_Pipeline_VITIS_LOOP_26_1_VITIS_LOOP_28_2_fu_86/ap_clk
                         FDRE                                         r  bd_0_i/hls_inst/inst/grp_Sobel_Filter_Pipeline_VITIS_LOOP_26_1_VITIS_LOOP_28_2_fu_86/sub_ln62_reg_789_reg[1]/C
  -------------------------------------------------------------------    -------------------
                         FDRE (Prop_fdre_C_Q)         0.518     1.491 r  bd_0_i/hls_inst/inst/grp_Sobel_Filter_Pipeline_VITIS_LOOP_26_1_VITIS_LOOP_28_2_fu_86/sub_ln62_reg_789_reg[1]/Q
                         net (fo=2, unplaced)         0.752     2.243    bd_0_i/hls_inst/inst/grp_Sobel_Filter_Pipeline_VITIS_LOOP_26_1_VITIS_LOOP_28_2_fu_86/sub_ln62_reg_789[1]
                         LUT3 (Prop_lut3_I0_O)        0.295     2.538 r  bd_0_i/hls_inst/inst/grp_Sobel_Filter_Pipeline_VITIS_LOOP_26_1_VITIS_LOOP_28_2_fu_86/Magnitude_fu_574_p2_carry_i_3/O
                         net (fo=1, unplaced)         0.639     3.177    bd_0_i/hls_inst/inst/grp_Sobel_Filter_Pipeline_VITIS_LOOP_26_1_VITIS_LOOP_28_2_fu_86/Gx_Value_Abs_fu_555_p3[1]
                         CARRY4 (Prop_carry4_DI[1]_CO[3])
                                                      0.520     3.697 r  bd_0_i/hls_inst/inst/grp_Sobel_Filter_Pipeline_VITIS_LOOP_26_1_VITIS_LOOP_28_2_fu_86/Magnitude_fu_574_p2_carry/CO[3]
                         net (fo=1, unplaced)         0.009     3.706    bd_0_i/hls_inst/inst/grp_Sobel_Filter_Pipeline_VITIS_LOOP_26_1_VITIS_LOOP_28_2_fu_86/Magnitude_fu_574_p2_carry_n_0
                         CARRY4 (Prop_carry4_CI_CO[3])
                                                      0.117     3.823 r  bd_0_i/hls_inst/inst/grp_Sobel_Filter_Pipeline_VITIS_LOOP_26_1_VITIS_LOOP_28_2_fu_86/Magnitude_fu_574_p2_carry__0/CO[3]
                         net (fo=1, unplaced)         0.000     3.823    bd_0_i/hls_inst/inst/grp_Sobel_Filter_Pipeline_VITIS_LOOP_26_1_VITIS_LOOP_28_2_fu_86/Magnitude_fu_574_p2_carry__0_n_0
                         CARRY4 (Prop_carry4_CI_CO[3])
                                                      0.117     3.940 r  bd_0_i/hls_inst/inst/grp_Sobel_Filter_Pipeline_VITIS_LOOP_26_1_VITIS_LOOP_28_2_fu_86/Magnitude_fu_574_p2_carry__1/CO[3]
                         net (fo=1, unplaced)         0.000     3.940    bd_0_i/hls_inst/inst/grp_Sobel_Filter_Pipeline_VITIS_LOOP_26_1_VITIS_LOOP_28_2_fu_86/Magnitude_fu_574_p2_carry__1_n_0
                         CARRY4 (Prop_carry4_CI_CO[3])
                                                      0.117     4.057 r  bd_0_i/hls_inst/inst/grp_Sobel_Filter_Pipeline_VITIS_LOOP_26_1_VITIS_LOOP_28_2_fu_86/Magnitude_fu_574_p2_carry__2/CO[3]
                         net (fo=1, unplaced)         0.000     4.057    bd_0_i/hls_inst/inst/grp_Sobel_Filter_Pipeline_VITIS_LOOP_26_1_VITIS_LOOP_28_2_fu_86/Magnitude_fu_574_p2_carry__2_n_0
                         CARRY4 (Prop_carry4_CI_CO[3])
                                                      0.117     4.174 r  bd_0_i/hls_inst/inst/grp_Sobel_Filter_Pipeline_VITIS_LOOP_26_1_VITIS_LOOP_28_2_fu_86/Magnitude_fu_574_p2_carry__3/CO[3]
                         net (fo=1, unplaced)         0.000     4.174    bd_0_i/hls_inst/inst/grp_Sobel_Filter_Pipeline_VITIS_LOOP_26_1_VITIS_LOOP_28_2_fu_86/Magnitude_fu_574_p2_carry__3_n_0
                         CARRY4 (Prop_carry4_CI_CO[3])
                                                      0.117     4.291 r  bd_0_i/hls_inst/inst/grp_Sobel_Filter_Pipeline_VITIS_LOOP_26_1_VITIS_LOOP_28_2_fu_86/Magnitude_fu_574_p2_carry__4/CO[3]
                         net (fo=1, unplaced)         0.000     4.291    bd_0_i/hls_inst/inst/grp_Sobel_Filter_Pipeline_VITIS_LOOP_26_1_VITIS_LOOP_28_2_fu_86/Magnitude_fu_574_p2_carry__4_n_0
                         CARRY4 (Prop_carry4_CI_CO[3])
                                                      0.117     4.408 r  bd_0_i/hls_inst/inst/grp_Sobel_Filter_Pipeline_VITIS_LOOP_26_1_VITIS_LOOP_28_2_fu_86/Magnitude_fu_574_p2_carry__5/CO[3]
                         net (fo=1, unplaced)         0.000     4.408    bd_0_i/hls_inst/inst/grp_Sobel_Filter_Pipeline_VITIS_LOOP_26_1_VITIS_LOOP_28_2_fu_86/Magnitude_fu_574_p2_carry__5_n_0
                         CARRY4 (Prop_carry4_CI_O[3])
                                                      0.331     4.739 f  bd_0_i/hls_inst/inst/grp_Sobel_Filter_Pipeline_VITIS_LOOP_26_1_VITIS_LOOP_28_2_fu_86/Magnitude_fu_574_p2_carry__6/O[3]
                         net (fo=5, unplaced)         0.646     5.385    bd_0_i/hls_inst/inst/grp_Sobel_Filter_Pipeline_VITIS_LOOP_26_1_VITIS_LOOP_28_2_fu_86/tmp_2_fu_580_p4[23]
                         LUT2 (Prop_lut2_I1_O)        0.302     5.687 r  bd_0_i/hls_inst/inst/grp_Sobel_Filter_Pipeline_VITIS_LOOP_26_1_VITIS_LOOP_28_2_fu_86/icmp_ln68_fu_590_p2_carry__1_i_1/O
                         net (fo=1, unplaced)         0.000     5.687    bd_0_i/hls_inst/inst/grp_Sobel_Filter_Pipeline_VITIS_LOOP_26_1_VITIS_LOOP_28_2_fu_86/icmp_ln68_fu_590_p2_carry__1_i_1_n_0
                         CARRY4 (Prop_carry4_DI[3]_CO[3])
                                                      0.429     6.116 r  bd_0_i/hls_inst/inst/grp_Sobel_Filter_Pipeline_VITIS_LOOP_26_1_VITIS_LOOP_28_2_fu_86/icmp_ln68_fu_590_p2_carry__1/CO[3]
                         net (fo=65, unplaced)        1.007     7.123    bd_0_i/hls_inst/inst/grp_Sobel_Filter_Pipeline_VITIS_LOOP_26_1_VITIS_LOOP_28_2_fu_86/icmp_ln68_fu_590_p2_carry__1_n_0
                         LUT2 (Prop_lut2_I0_O)        0.124     7.247 r  bd_0_i/hls_inst/inst/grp_Sobel_Filter_Pipeline_VITIS_LOOP_26_1_VITIS_LOOP_28_2_fu_86/Output_r_TDATA_reg[31]_i_1/O
                         net (fo=32, unplaced)        0.847     8.094    bd_0_i/hls_inst/inst/grp_Sobel_Filter_Pipeline_VITIS_LOOP_26_1_VITIS_LOOP_28_2_fu_86_n_60
                         FDRE                                         r  bd_0_i/hls_inst/inst/Output_r_TDATA_reg_reg[18]/R
  -------------------------------------------------------------------    -------------------

                         (clock ap_clk rise edge)    10.000    10.000 r  <hidden>
                                                      0.000    10.000 r  ap_clk
                         net (fo=1308, unset)         0.924    10.924    bd_0_i/hls_inst/inst/ap_clk
                         FDRE                                         r  bd_0_i/hls_inst/inst/Output_r_TDATA_reg_reg[18]/C
                         clock pessimism              0.000    10.924    <hidden>
                         clock uncertainty           -0.035    10.889    <hidden>
                         FDRE (Setup_fdre_C_R)       -0.524    10.365    bd_0_i/hls_inst/inst/Output_r_TDATA_reg_reg[18]
  -------------------------------------------------------------------
                         required time                         10.365    <hidden>
                         arrival time                          -8.094    <hidden>
  -------------------------------------------------------------------
                         slack                                  2.271    <hidden>




