Copyright 1986-2022 Xilinx, Inc. All Rights Reserved. Copyright 2022-2026 Advanced Micro Devices, Inc. All Rights Reserved.
---------------------------------------------------------------------------------------------------------------------------------------------
| Tool Version : Vivado v.2026.1 (win64) Build 6511674 Tue Jun 16 11:02:23 MDT 2026
| Date         : Tue Sep 22 20:14:30 2026
| Host         : DESKTOP-55UAODO running 64-bit major release  (build 9200)
| Command      : report_timing_summary -file ./report/Sobel_Filter_timing_routed.rpt
| Design       : bd_0_wrapper
| Device       : 7z020-clg400
| Speed File   : -1  PRODUCTION 1.12 2019-11-22
| Design State : Routed
---------------------------------------------------------------------------------------------------------------------------------------------

Timing Summary Report

------------------------------------------------------------------------------------------------
| Timer Settings
| --------------
------------------------------------------------------------------------------------------------

  Enable Multi Corner Analysis               :  Yes
  Enable Pessimism Removal                   :  Yes
  Pessimism Removal Resolution               :  Nearest Common Node
  Enable Input Delay Default Clock           :  No
  Enable Preset / Clear Arcs                 :  No
  Disable Flight Delays                      :  No
  Ignore I/O Paths                           :  No
  Timing Early Launch at Borrowing Latches   :  No
  Borrow Time for Max Delay Exceptions       :  Yes
  Merge Timing Exceptions                    :  Yes
  Inter-SLR Compensation                     :  Conservative

  Corner  Analyze    Analyze    
  Name    Max Paths  Min Paths  
  ------  ---------  ---------  
  Slow    Yes        Yes        
  Fast    Yes        Yes        


------------------------------------------------------------------------------------------------
| Report Methodology
| ------------------
------------------------------------------------------------------------------------------------

Rule       Severity  Description                    Violations  
---------  --------  -----------------------------  ----------  
TIMING-18  Warning   Missing input or output delay  204         

Note: This report is based on the most recent report_methodology run and may not be up-to-date. Run report_methodology on the current design for the latest report.



check_timing report

Table of Contents
-----------------
1. checking no_clock (0)
2. checking constant_clock (0)
3. checking pulse_width_clock (0)
4. checking unconstrained_internal_endpoints (0)
5. checking no_input_delay (107)
6. checking no_output_delay (95)
7. checking multiple_clock (0)
8. checking generated_clocks (0)
9. checking loops (0)
10. checking partial_input_delay (0)
11. checking partial_output_delay (0)
12. checking latch_loops (0)

1. checking no_clock (0)
------------------------
 There are 0 register/latch pins with no clock.


2. checking constant_clock (0)
------------------------------
 There are 0 register/latch pins with constant_clock.


3. checking pulse_width_clock (0)
---------------------------------
 There are 0 register/latch pins which need pulse_width check


4. checking unconstrained_internal_endpoints (0)
------------------------------------------------
 There are 0 pins that are not constrained for maximum delay.

 There are 0 pins that are not constrained for maximum delay due to constant clock.


5. checking no_input_delay (107)
--------------------------------
 There are 107 input ports with no input delay specified. (HIGH)

 There are 0 input ports with no input delay but user has a false path constraint.


6. checking no_output_delay (95)
--------------------------------
 There are 95 ports with no output delay specified. (HIGH)

 There are 0 ports with no output delay but user has a false path constraint

 There are 0 ports with no output delay but with a timing clock defined on it or propagating through it


7. checking multiple_clock (0)
------------------------------
 There are 0 register/latch pins with multiple clocks.


8. checking generated_clocks (0)
--------------------------------
 There are 0 generated clocks that are not connected to a clock source.


9. checking loops (0)
---------------------
 There are 0 combinational loops in the design.


10. checking partial_input_delay (0)
------------------------------------
 There are 0 input ports with partial input delay specified.


11. checking partial_output_delay (0)
-------------------------------------
 There are 0 ports with partial output delay specified.


12. checking latch_loops (0)
----------------------------
 There are 0 combinational latch loops in the design through latch input



------------------------------------------------------------------------------------------------
| Design Timing Summary
| ---------------------
------------------------------------------------------------------------------------------------

    WNS(ns)      TNS(ns)  TNS Failing Endpoints  TNS Total Endpoints      WHS(ns)      THS(ns)  THS Failing Endpoints  THS Total Endpoints     WPWS(ns)     TPWS(ns)  TPWS Failing Endpoints  TPWS Total Endpoints  
    -------      -------  ---------------------  -------------------      -------      -------  ---------------------  -------------------     --------     --------  ----------------------  --------------------  
      1.234        0.000                      0                 2989        0.069        0.000                      0                 2989        4.020        0.000                       0                  1307  


All user specified timing constraints are met.


------------------------------------------------------------------------------------------------
| Clock Summary
| -------------
------------------------------------------------------------------------------------------------

Clock   Waveform(ns)       Period(ns)      Frequency(MHz)
-----   ------------       ----------      --------------
ap_clk  {0.000 5.000}      10.000          100.000         


------------------------------------------------------------------------------------------------
| Intra Clock Table
| -----------------
------------------------------------------------------------------------------------------------

Clock             WNS(ns)      TNS(ns)  TNS Failing Endpoints  TNS Total Endpoints      WHS(ns)      THS(ns)  THS Failing Endpoints  THS Total Endpoints     WPWS(ns)     TPWS(ns)  TPWS Failing Endpoints  TPWS Total Endpoints  
-----             -------      -------  ---------------------  -------------------      -------      -------  ---------------------  -------------------     --------     --------  ----------------------  --------------------  
ap_clk              1.234        0.000                      0                 2989        0.069        0.000                      0                 2989        4.020        0.000                       0                  1307  


------------------------------------------------------------------------------------------------
| Inter Clock Table
| -----------------
------------------------------------------------------------------------------------------------

From Clock    To Clock          WNS(ns)      TNS(ns)  TNS Failing Endpoints  TNS Total Endpoints      WHS(ns)      THS(ns)  THS Failing Endpoints  THS Total Endpoints  
----------    --------          -------      -------  ---------------------  -------------------      -------      -------  ---------------------  -------------------  


------------------------------------------------------------------------------------------------
| Other Path Groups Table
| -----------------------
------------------------------------------------------------------------------------------------

Path Group    From Clock    To Clock          WNS(ns)      TNS(ns)  TNS Failing Endpoints  TNS Total Endpoints      WHS(ns)      THS(ns)  THS Failing Endpoints  THS Total Endpoints  
----------    ----------    --------          -------      -------  ---------------------  -------------------      -------      -------  ---------------------  -------------------  


------------------------------------------------------------------------------------------------
| Timing Details
| --------------
------------------------------------------------------------------------------------------------


---------------------------------------------------------------------------------------------------
From Clock:  ap_clk
  To Clock:  ap_clk

Setup :            0  Failing Endpoints,  Worst Slack        1.234ns,  Total Violation        0.000ns
Hold  :            0  Failing Endpoints,  Worst Slack        0.069ns,  Total Violation        0.000ns
PW    :            0  Failing Endpoints,  Worst Slack        4.020ns,  Total Violation        0.000ns
---------------------------------------------------------------------------------------------------


Max Delay Paths
--------------------------------------------------------------------------------------
Slack (MET) :             1.234ns  (required time - arrival time)
  Source:                 bd_0_i/hls_inst/inst/grp_Sobel_Filter_Pipeline_VITIS_LOOP_26_1_VITIS_LOOP_28_2_fu_86/Gx_Value_reg_777_reg[31]/C
                            (rising edge-triggered cell FDRE clocked by ap_clk  {rise@0.000ns fall@5.000ns period=10.000ns})
  Destination:            bd_0_i/hls_inst/inst/Output_r_TDATA_reg_reg[12]/R
                            (rising edge-triggered cell FDRE clocked by ap_clk  {rise@0.000ns fall@5.000ns period=10.000ns})
  Path Group:             ap_clk
  Path Type:              Setup (Max at Slow Process Corner)
  Requirement:            10.000ns  (ap_clk rise@10.000ns - ap_clk rise@0.000ns)
  Data Path Delay:        8.049ns  (logic 3.122ns (38.788%)  route 4.927ns (61.212%))
  Logic Levels:           10  (CARRY4=7 LUT2=2 LUT3=1)
  Clock Path Skew:        -0.049ns (DCD - SCD + CPR)
    Destination Clock Delay (DCD):    0.924ns = ( 10.924 - 10.000 ) 
    Source Clock Delay      (SCD):    0.973ns
    Clock Pessimism Removal (CPR):    0.000ns
  Clock Uncertainty:      0.035ns  ((TSJ^2 + TIJ^2)^1/2 + DJ) / 2 + PE
    Total System Jitter     (TSJ):    0.071ns
    Total Input Jitter      (TIJ):    0.000ns
    Discrete Jitter          (DJ):    0.000ns
    Phase Error              (PE):    0.000ns

    Location             Delay type                Incr(ns)  Path(ns)    Netlist Resource(s)
  -------------------------------------------------------------------    -------------------
                         (clock ap_clk rise edge)     0.000     0.000 r  <hidden>
                                                      0.000     0.000 r  ap_clk
                         net (fo=1308, unset)         0.973     0.973    bd_0_i/hls_inst/inst/grp_Sobel_Filter_Pipeline_VITIS_LOOP_26_1_VITIS_LOOP_28_2_fu_86/ap_clk
    SLICE_X33Y45         FDRE                                         r  bd_0_i/hls_inst/inst/grp_Sobel_Filter_Pipeline_VITIS_LOOP_26_1_VITIS_LOOP_28_2_fu_86/Gx_Value_reg_777_reg[31]/C
  -------------------------------------------------------------------    -------------------
    SLICE_X33Y45         FDRE (Prop_fdre_C_Q)         0.419     1.392 r  bd_0_i/hls_inst/inst/grp_Sobel_Filter_Pipeline_VITIS_LOOP_26_1_VITIS_LOOP_28_2_fu_86/Gx_Value_reg_777_reg[31]/Q
                         net (fo=63, routed)          1.239     2.631    bd_0_i/hls_inst/inst/grp_Sobel_Filter_Pipeline_VITIS_LOOP_26_1_VITIS_LOOP_28_2_fu_86/Gx_Value_reg_777[31]
    SLICE_X34Y37         LUT3 (Prop_lut3_I1_O)        0.326     2.957 r  bd_0_i/hls_inst/inst/grp_Sobel_Filter_Pipeline_VITIS_LOOP_26_1_VITIS_LOOP_28_2_fu_86/Magnitude_fu_574_p2_carry__0_i_3/O
                         net (fo=1, routed)           0.638     3.595    bd_0_i/hls_inst/inst/grp_Sobel_Filter_Pipeline_VITIS_LOOP_26_1_VITIS_LOOP_28_2_fu_86/Gx_Value_Abs_fu_555_p3[5]
    SLICE_X35Y39         CARRY4 (Prop_carry4_DI[1]_CO[3])
                                                      0.714     4.309 r  bd_0_i/hls_inst/inst/grp_Sobel_Filter_Pipeline_VITIS_LOOP_26_1_VITIS_LOOP_28_2_fu_86/Magnitude_fu_574_p2_carry__0/CO[3]
                         net (fo=1, routed)           0.000     4.309    bd_0_i/hls_inst/inst/grp_Sobel_Filter_Pipeline_VITIS_LOOP_26_1_VITIS_LOOP_28_2_fu_86/Magnitude_fu_574_p2_carry__0_n_0
    SLICE_X35Y40         CARRY4 (Prop_carry4_CI_CO[3])
                                                      0.114     4.423 r  bd_0_i/hls_inst/inst/grp_Sobel_Filter_Pipeline_VITIS_LOOP_26_1_VITIS_LOOP_28_2_fu_86/Magnitude_fu_574_p2_carry__1/CO[3]
                         net (fo=1, routed)           0.000     4.423    bd_0_i/hls_inst/inst/grp_Sobel_Filter_Pipeline_VITIS_LOOP_26_1_VITIS_LOOP_28_2_fu_86/Magnitude_fu_574_p2_carry__1_n_0
    SLICE_X35Y41         CARRY4 (Prop_carry4_CI_CO[3])
                                                      0.114     4.537 r  bd_0_i/hls_inst/inst/grp_Sobel_Filter_Pipeline_VITIS_LOOP_26_1_VITIS_LOOP_28_2_fu_86/Magnitude_fu_574_p2_carry__2/CO[3]
                         net (fo=1, routed)           0.000     4.537    bd_0_i/hls_inst/inst/grp_Sobel_Filter_Pipeline_VITIS_LOOP_26_1_VITIS_LOOP_28_2_fu_86/Magnitude_fu_574_p2_carry__2_n_0
    SLICE_X35Y42         CARRY4 (Prop_carry4_CI_CO[3])
                                                      0.114     4.651 r  bd_0_i/hls_inst/inst/grp_Sobel_Filter_Pipeline_VITIS_LOOP_26_1_VITIS_LOOP_28_2_fu_86/Magnitude_fu_574_p2_carry__3/CO[3]
                         net (fo=1, routed)           0.000     4.651    bd_0_i/hls_inst/inst/grp_Sobel_Filter_Pipeline_VITIS_LOOP_26_1_VITIS_LOOP_28_2_fu_86/Magnitude_fu_574_p2_carry__3_n_0
    SLICE_X35Y43         CARRY4 (Prop_carry4_CI_CO[3])
                                                      0.114     4.765 r  bd_0_i/hls_inst/inst/grp_Sobel_Filter_Pipeline_VITIS_LOOP_26_1_VITIS_LOOP_28_2_fu_86/Magnitude_fu_574_p2_carry__4/CO[3]
                         net (fo=1, routed)           0.000     4.765    bd_0_i/hls_inst/inst/grp_Sobel_Filter_Pipeline_VITIS_LOOP_26_1_VITIS_LOOP_28_2_fu_86/Magnitude_fu_574_p2_carry__4_n_0
    SLICE_X35Y44         CARRY4 (Prop_carry4_CI_O[2])
                                                      0.256     5.021 f  bd_0_i/hls_inst/inst/grp_Sobel_Filter_Pipeline_VITIS_LOOP_26_1_VITIS_LOOP_28_2_fu_86/Magnitude_fu_574_p2_carry__5/O[2]
                         net (fo=5, routed)           0.848     5.870    bd_0_i/hls_inst/inst/grp_Sobel_Filter_Pipeline_VITIS_LOOP_26_1_VITIS_LOOP_28_2_fu_86/tmp_2_fu_580_p4[18]
    SLICE_X36Y43         LUT2 (Prop_lut2_I0_O)        0.302     6.172 r  bd_0_i/hls_inst/inst/grp_Sobel_Filter_Pipeline_VITIS_LOOP_26_1_VITIS_LOOP_28_2_fu_86/icmp_ln68_fu_590_p2_carry__1_i_7/O
                         net (fo=1, routed)           0.000     6.172    bd_0_i/hls_inst/inst/grp_Sobel_Filter_Pipeline_VITIS_LOOP_26_1_VITIS_LOOP_28_2_fu_86/icmp_ln68_fu_590_p2_carry__1_i_7_n_0
    SLICE_X36Y43         CARRY4 (Prop_carry4_S[1]_CO[3])
                                                      0.533     6.705 r  bd_0_i/hls_inst/inst/grp_Sobel_Filter_Pipeline_VITIS_LOOP_26_1_VITIS_LOOP_28_2_fu_86/icmp_ln68_fu_590_p2_carry__1/CO[3]
                         net (fo=65, routed)          1.341     8.045    bd_0_i/hls_inst/inst/grp_Sobel_Filter_Pipeline_VITIS_LOOP_26_1_VITIS_LOOP_28_2_fu_86/icmp_ln68_fu_590_p2_carry__1_n_0
    SLICE_X38Y38         LUT2 (Prop_lut2_I0_O)        0.116     8.161 r  bd_0_i/hls_inst/inst/grp_Sobel_Filter_Pipeline_VITIS_LOOP_26_1_VITIS_LOOP_28_2_fu_86/Output_r_TDATA_reg[31]_i_1/O
                         net (fo=32, routed)          0.861     9.022    bd_0_i/hls_inst/inst/grp_Sobel_Filter_Pipeline_VITIS_LOOP_26_1_VITIS_LOOP_28_2_fu_86_n_60
    SLICE_X35Y41         FDRE                                         r  bd_0_i/hls_inst/inst/Output_r_TDATA_reg_reg[12]/R
  -------------------------------------------------------------------    -------------------

                         (clock ap_clk rise edge)    10.000    10.000 r  <hidden>
                                                      0.000    10.000 r  ap_clk
                         net (fo=1308, unset)         0.924    10.924    bd_0_i/hls_inst/inst/ap_clk
    SLICE_X35Y41         FDRE                                         r  bd_0_i/hls_inst/inst/Output_r_TDATA_reg_reg[12]/C
                         clock pessimism              0.000    10.924    <hidden>
                         clock uncertainty           -0.035    10.889    <hidden>
    SLICE_X35Y41         FDRE (Setup_fdre_C_R)       -0.633    10.256    bd_0_i/hls_inst/inst/Output_r_TDATA_reg_reg[12]
  -------------------------------------------------------------------
                         required time                         10.256    <hidden>
                         arrival time                          -9.022    <hidden>
  -------------------------------------------------------------------
                         slack                                  1.234    <hidden>





Min Delay Paths
--------------------------------------------------------------------------------------
Slack (MET) :             0.069ns  (arrival time - required time)
  Source:                 bd_0_i/hls_inst/inst/regslice_both_Input_r_V_last_V_U/data_p1_reg[0]/C
                            (rising edge-triggered cell FDRE clocked by ap_clk  {rise@0.000ns fall@5.000ns period=10.000ns})
  Destination:            bd_0_i/hls_inst/inst/grp_Sobel_Filter_Pipeline_VITIS_LOOP_26_1_VITIS_LOOP_28_2_fu_86/p_4_reg_720_pp0_iter3_reg_reg[0]_srl2/D
                            (rising edge-triggered cell SRL16E clocked by ap_clk  {rise@0.000ns fall@5.000ns period=10.000ns})
  Path Group:             ap_clk
  Path Type:              Hold (Min at Fast Process Corner)
  Requirement:            0.000ns  (ap_clk rise@0.000ns - ap_clk rise@0.000ns)
  Data Path Delay:        0.208ns  (logic 0.141ns (67.788%)  route 0.067ns (32.212%))
  Logic Levels:           0  
  Clock Path Skew:        0.022ns (DCD - SCD - CPR)
    Destination Clock Delay (DCD):    0.432ns
    Source Clock Delay      (SCD):    0.410ns
    Clock Pessimism Removal (CPR):    -0.000ns

    Location             Delay type                Incr(ns)  Path(ns)    Netlist Resource(s)
  -------------------------------------------------------------------    -------------------
                         (clock ap_clk rise edge)     0.000     0.000 r  <hidden>
                                                      0.000     0.000 r  ap_clk
                         net (fo=1308, unset)         0.410     0.410    bd_0_i/hls_inst/inst/regslice_both_Input_r_V_last_V_U/ap_clk
    SLICE_X43Y37         FDRE                                         r  bd_0_i/hls_inst/inst/regslice_both_Input_r_V_last_V_U/data_p1_reg[0]/C
  -------------------------------------------------------------------    -------------------
    SLICE_X43Y37         FDRE (Prop_fdre_C_Q)         0.141     0.551 r  bd_0_i/hls_inst/inst/regslice_both_Input_r_V_last_V_U/data_p1_reg[0]/Q
                         net (fo=2, routed)           0.067     0.618    bd_0_i/hls_inst/inst/grp_Sobel_Filter_Pipeline_VITIS_LOOP_26_1_VITIS_LOOP_28_2_fu_86/Input_r_TLAST_int_regslice[0]
    SLICE_X42Y37         SRL16E                                       r  bd_0_i/hls_inst/inst/grp_Sobel_Filter_Pipeline_VITIS_LOOP_26_1_VITIS_LOOP_28_2_fu_86/p_4_reg_720_pp0_iter3_reg_reg[0]_srl2/D
  -------------------------------------------------------------------    -------------------

                         (clock ap_clk rise edge)     0.000     0.000 r  <hidden>
                                                      0.000     0.000 r  ap_clk
                         net (fo=1308, unset)         0.432     0.432    bd_0_i/hls_inst/inst/grp_Sobel_Filter_Pipeline_VITIS_LOOP_26_1_VITIS_LOOP_28_2_fu_86/ap_clk
    SLICE_X42Y37         SRL16E                                       r  bd_0_i/hls_inst/inst/grp_Sobel_Filter_Pipeline_VITIS_LOOP_26_1_VITIS_LOOP_28_2_fu_86/p_4_reg_720_pp0_iter3_reg_reg[0]_srl2/CLK
                         clock pessimism              0.000     0.432    <hidden>
    SLICE_X42Y37         SRL16E (Hold_srl16e_CLK_D)
                                                      0.117     0.549    bd_0_i/hls_inst/inst/grp_Sobel_Filter_Pipeline_VITIS_LOOP_26_1_VITIS_LOOP_28_2_fu_86/p_4_reg_720_pp0_iter3_reg_reg[0]_srl2
  -------------------------------------------------------------------
                         required time                         -0.549    <hidden>
                         arrival time                           0.618    <hidden>
  -------------------------------------------------------------------
                         slack                                  0.069    <hidden>





Pulse Width Checks
--------------------------------------------------------------------------------------
Clock Name:         ap_clk
Waveform(ns):       { 0.000 5.000 }
Period(ns):         10.000
Sources:            { ap_clk }

Check Type        Corner  Lib Pin      Reference Pin  Required(ns)  Actual(ns)  Slack(ns)  Location      Pin
Min Period        n/a     DSP48E1/CLK  n/a            3.884         10.000      6.116      DSP48_X2Y13   bd_0_i/hls_inst/inst/mul_31ns_31ns_62_2_1_U19/buff0_reg/CLK
Low Pulse Width   Slow    SRL16E/CLK   n/a            0.980         5.000       4.020      SLICE_X30Y36  bd_0_i/hls_inst/inst/grp_Sobel_Filter_Pipeline_VITIS_LOOP_26_1_VITIS_LOOP_28_2_fu_86/ap_loop_exit_ready_pp0_iter3_reg_reg_srl2/CLK
High Pulse Width  Slow    SRL16E/CLK   n/a            0.980         5.000       4.020      SLICE_X30Y36  bd_0_i/hls_inst/inst/grp_Sobel_Filter_Pipeline_VITIS_LOOP_26_1_VITIS_LOOP_28_2_fu_86/ap_loop_exit_ready_pp0_iter3_reg_reg_srl2/CLK



