

================================================================
== Synthesis Summary Report of 'Sobel_Filter'
================================================================
+ General Information: 
    * Date:           Tue Sep 22 20:07:25 2026
    * Version:        2026.1 (Build 6493734 on Jun 16 2026)
    * Project:        Sobel_Filter_IP
    * Solution:       hls
    * Product family: zynq
    * Target device:  xc7z020-clg400-1
    

* Performance & Resource Estimates: 
+----------------------------------------------------------+------+---------------+----------+---------+------+----------+---------+-----+------+--------+--------+-----------+-----------+-----+
|                          Modules                         | Issue|               | Iteration|         | Trip |          |    Latency    |      |        |        |           |           |     |
|                          & Loops                         | Type | Violation Type|  Latency | Interval| Count| Pipelined| (cycles)| (ns)| Slack|  BRAM  |   DSP  |     FF    |    LUT    | URAM|
+----------------------------------------------------------+------+---------------+----------+---------+------+----------+---------+-----+------+--------+--------+-----------+-----------+-----+
|+ Sobel_Filter                                            |     -|              -|         -|        -|     -|        no|        -|    -|  0.09|  8 (2%)|  4 (1%)|  1740 (1%)|  1780 (3%)|    -|
| + Sobel_Filter_Pipeline_VITIS_LOOP_26_1_VITIS_LOOP_28_2  |     -|              -|         -|        -|     -|       yes|        -|    -|  0.09|  8 (2%)|       -|  1269 (1%)|  1313 (2%)|    -|
|  o VITIS_LOOP_26_1_VITIS_LOOP_28_2                       |     -|              -|         5|        1|     -|       yes|        -|    -|  7.30|       -|       -|          -|          -|    -|
+----------------------------------------------------------+------+---------------+----------+---------+------+----------+---------+-----+------+--------+--------+-----------+-----------+-----+
    Name Prefix: '+' for module, 'o' for loop, '*' for dataflow


================================================================
== HW Interfaces
================================================================
* S_AXILITE Interfaces
+---------------+------------+---------------+--------+----------+
| Interface     | Data Width | Address Width | Offset | Register |
+---------------+------------+---------------+--------+----------+
| s_axi_control | 32         | 5             | 16     | 0        |
+---------------+------------+---------------+--------+----------+

* S_AXILITE Registers
+---------------+----------+--------+-------+--------+----------------------------------+----------------------------------------------------------------------+
| Interface     | Register | Offset | Width | Access | Description                      | Bit Fields                                                           |
+---------------+----------+--------+-------+--------+----------------------------------+----------------------------------------------------------------------+
| s_axi_control | CTRL     | 0x00   | 32    | RW     | Control signals                  | 0=AP_START 1=AP_DONE 2=AP_IDLE 3=AP_READY 7=AUTO_RESTART 9=INTERRUPT |
| s_axi_control | GIER     | 0x04   | 32    | RW     | Global Interrupt Enable Register | 0=Enable                                                             |
| s_axi_control | IP_IER   | 0x08   | 32    | RW     | IP Interrupt Enable Register     | 0=CHAN0_INT_EN 1=CHAN1_INT_EN                                        |
| s_axi_control | IP_ISR   | 0x0c   | 32    | RW     | IP Interrupt Status Register     | 0=CHAN0_INT_ST 1=CHAN1_INT_ST                                        |
| s_axi_control | Rows     | 0x10   | 32    | W      | Data signal of Rows              |                                                                      |
| s_axi_control | Cols     | 0x18   | 32    | W      | Data signal of Cols              |                                                                      |
+---------------+----------+--------+-------+--------+----------------------------------+----------------------------------------------------------------------+

* AXIS
+-----------+-----------+---------------+-------+-------+-----+-------+-------+--------+-------+-------+--------+
| Interface | Direction | Register Mode | TDATA | TDEST | TID | TKEEP | TLAST | TREADY | TSTRB | TUSER | TVALID |
+-----------+-----------+---------------+-------+-------+-----+-------+-------+--------+-------+-------+--------+
| Input_r   | in        | both          | 32    | 6     | 5   | 4     | 1     | 1      | 4     | 3     | 1      |
| Output_r  | out       | both          | 32    | 6     | 5   | 4     | 1     | 1      | 4     | 3     | 1      |
+-----------+-----------+---------------+-------+-------+-----+-------+-------+--------+-------+-------+--------+

* TOP LEVEL CONTROL
+-----------+------------+-----------+
| Interface | Type       | Ports     |
+-----------+------------+-----------+
| ap_clk    | clock      | ap_clk    |
| ap_rst_n  | reset      | ap_rst_n  |
| interrupt | interrupt  | interrupt |
| ap_ctrl   | ap_ctrl_hs |           |
+-----------+------------+-----------+


================================================================
== SW I/O Information
================================================================
* Top Function Arguments
+----------+-----------+-----------------------------------------------------------------------------+
| Argument | Direction | Datatype                                                                    |
+----------+-----------+-----------------------------------------------------------------------------+
| Input    | in        | stream<hls::axis<ap_int<32>, 3UL, 5UL, 6UL, (unsigned char)'8', false>, 0>& |
| Output   | out       | stream<hls::axis<ap_int<32>, 3UL, 5UL, 6UL, (unsigned char)'8', false>, 0>& |
| Rows     | in        | int                                                                         |
| Cols     | in        | int                                                                         |
+----------+-----------+-----------------------------------------------------------------------------+

* SW-to-HW Mapping
+----------+---------------+-----------+--------------------------------+
| Argument | HW Interface  | HW Type   | HW Info                        |
+----------+---------------+-----------+--------------------------------+
| Input    | Input_r       | interface |                                |
| Output   | Output_r      | interface |                                |
| Rows     | s_axi_control | register  | name=Rows offset=0x10 range=32 |
| Cols     | s_axi_control | register  | name=Cols offset=0x18 range=32 |
+----------+---------------+-----------+--------------------------------+


================================================================
== Bind Op Report
================================================================
+----------------------------------------------------------+-----+--------+----------------+--------+----------+---------+
| Name                                                     | DSP | Pragma | Variable       | Op     | Impl     | Latency |
+----------------------------------------------------------+-----+--------+----------------+--------+----------+---------+
| + Sobel_Filter                                           | 4   |        |                |        |          |         |
|   empty_fu_132_p2                                        |     |        | empty          | setgt  | auto     | 0       |
|   smax_fu_138_p3                                         |     |        | smax           | select | auto_sel | 0       |
|   empty_27_fu_146_p2                                     |     |        | empty_27       | setgt  | auto     | 0       |
|   smax1_fu_152_p3                                        |     |        | smax1          | select | auto_sel | 0       |
|   mul_31ns_31ns_62_2_1_U19                               | 4   |        | bound          | mul    | auto     | 1       |
|  + Sobel_Filter_Pipeline_VITIS_LOOP_26_1_VITIS_LOOP_28_2 | 0   |        |                |        |          |         |
|    icmp_ln28_fu_291_p2                                   |     |        | icmp_ln28      | setlt  | auto     | 0       |
|    icmp_ln26_fu_268_p2                                   |     |        | icmp_ln26      | seteq  | auto     | 0       |
|    add_ln26_fu_273_p2                                    |     |        | add_ln26       | add    | fabric   | 0       |
|    select_ln26_fu_296_p3                                 |     |        | select_ln26    | select | auto_sel | 0       |
|    addr_cmp24_fu_342_p2                                  |     |        | addr_cmp24     | seteq  | auto     | 0       |
|    reuse_select25_fu_407_p3                              |     |        | reuse_select25 | select | auto_sel | 0       |
|    addr_cmp_fu_351_p2                                    |     |        | addr_cmp       | seteq  | auto     | 0       |
|    reuse_select_fu_417_p3                                |     |        | reuse_select   | select | auto_sel | 0       |
|    tmp5_fu_438_p2                                        |     |        | tmp5           | sub    | fabric   | 0       |
|    tmp31_fu_450_p2                                       |     |        | tmp31          | sub    | fabric   | 0       |
|    sub_ln62_fu_536_p2                                    |     |        | sub_ln62       | sub    | fabric   | 0       |
|    Gx_Value_Abs_fu_555_p3                                |     |        | Gx_Value_Abs   | select | auto_sel | 0       |
|    sub_ln63_fu_542_p2                                    |     |        | sub_ln63       | sub    | fabric   | 0       |
|    Gy_Value_Abs_fu_568_p3                                |     |        | Gy_Value_Abs   | select | auto_sel | 0       |
|    Magnitude_fu_574_p2                                   |     |        | Magnitude      | add    | fabric   | 0       |
|    icmp_ln68_fu_590_p2                                   |     |        | icmp_ln68      | setgt  | auto     | 0       |
|    Output_r_TDATA                                        |     |        | select_ln68    | select | auto_sel | 0       |
|    add_ln28_fu_367_p2                                    |     |        | add_ln28       | add    | fabric   | 0       |
+----------------------------------------------------------+-----+--------+----------------+--------+----------+---------+


================================================================
== Storage Report
================================================================
+----------------------------------------------------------+---------------+-----------+------+------+--------+--------+--------------------+------+---------+------------------+
| Name                                                     | Usage         | Type      | BRAM | URAM | CE_REG | Pragma | Variable           | Impl | Latency | Bitwidth, Depth, |
|                                                          |               |           |      |      |        |        |                    |      |         | Banks            |
+----------------------------------------------------------+---------------+-----------+------+------+--------+--------+--------------------+------+---------+------------------+
| + Sobel_Filter                                           |               |           | 8    | 0    |        |        |                    |      |         |                  |
|   control_s_axi_U                                        | interface     | s_axilite |      |      |        |        |                    |      |         |                  |
|  + Sobel_Filter_Pipeline_VITIS_LOOP_26_1_VITIS_LOOP_28_2 |               |           | 8    | 0    |        |        |                    |      |         |                  |
|    Line_Buffer_data_1_U                                  | ram_1p array  |           | 4    |      | N      |        | Line_Buffer_data_1 | auto | 1       | 32, 1920, 1      |
|    Line_Buffer_data_U                                    | ram_s2p array |           | 4    |      | N      |        | Line_Buffer_data   | auto | 1       | 32, 1920, 1      |
+----------------------------------------------------------+---------------+-----------+------+------+--------+--------+--------------------+------+---------+------------------+


================================================================
== Pragma Report
================================================================
* Inferred Pragmas
+--------------+---------+-------------------------------------------------------------------------------------+-------------------------------+
| Type         | Options | Location                                                                            | Inferred From                 |
+--------------+---------+-------------------------------------------------------------------------------------+-------------------------------+
| LOOP_FLATTEN |         | loop VITIS_LOOP_28_2 (Sobel_Filter.cpp:28:26) in sobel_filter (Sobel_Filter.cpp:28) | pipeline Sobel_Filter.cpp:30  |
| PIPELINE     |         | loop anonymous (Sobel_Filter.cpp:17:13) in sobel_filter (Sobel_Filter.cpp:17)       | syn.compile.pipeline_loops=64 |
| PIPELINE     |         | loop anonymous (Sobel_Filter.cpp:20:13) in sobel_filter (Sobel_Filter.cpp:20)       | syn.compile.pipeline_loops=64 |
+--------------+---------+-------------------------------------------------------------------------------------+-------------------------------+

* Implemented Pragmas
+-----------------+-----------------------------------------------+---------------------------------------+
| Type            | Options                                       | Location                              |
+-----------------+-----------------------------------------------+---------------------------------------+
| ARRAY_PARTITION | dim=1 type=complete variable=Line_Buffer.dest | in sobel_filter (Sobel_Filter.cpp:18) |
| ARRAY_PARTITION | dim=0 type=complete variable=Window.dest      | in sobel_filter (Sobel_Filter.cpp:21) |
+-----------------+-----------------------------------------------+---------------------------------------+

* Valid Pragma Syntax
+-----------------+-------------------------------------+---------------------------------------+
| Type            | Options                             | Location                              |
+-----------------+-------------------------------------+---------------------------------------+
| INTERFACE       | axis port=Input                     | in sobel_filter (Sobel_Filter.cpp:11) |
| INTERFACE       | axis port=Output                    | in sobel_filter (Sobel_Filter.cpp:12) |
| INTERFACE       | s_axilite port=Rows                 | in sobel_filter (Sobel_Filter.cpp:13) |
| INTERFACE       | s_axilite port=Cols                 | in sobel_filter (Sobel_Filter.cpp:14) |
| INTERFACE       | s_axilite port=return               | in sobel_filter (Sobel_Filter.cpp:15) |
| ARRAY_PARTITION | variable=Line_Buffer complete dim=1 | in sobel_filter (Sobel_Filter.cpp:18) |
| ARRAY_PARTITION | variable=Window complete dim=0      | in sobel_filter (Sobel_Filter.cpp:21) |
| PIPELINE        | ii=1                                | in sobel_filter (Sobel_Filter.cpp:30) |
+-----------------+-------------------------------------+---------------------------------------+


