Copyright 1986-2022 Xilinx, Inc. All Rights Reserved. Copyright 2022-2026 Advanced Micro Devices, Inc. All Rights Reserved.
---------------------------------------------------------------------------------------------------------------------------------------------
| Tool Version : Vivado v.2026.1 (win64) Build 6511674 Tue Jun 16 11:02:23 MDT 2026
| Date         : Thu Sep 24 15:05:39 2026
| Host         : DESKTOP-55UAODO running 64-bit major release  (build 9200)
| Command      : report_design_analysis -file ./report/Canny_Filter_design_analysis_routed.rpt
| Design       : bd_0_wrapper
| Device       : xc7z020
| Design State : Routed
---------------------------------------------------------------------------------------------------------------------------------------------

Report Design Analysis

Table of Contents
-----------------
1. Setup Path Characteristics 1-1
2. Logic Level Distribution
3. Placer Final Level Congestion Reporting
4. Initial Estimated Router Congestion Reporting

1. Setup Path Characteristics 1-1
---------------------------------

+---------------------------+------------------------------------------------------------------------+
|      Characteristics      |                                 Path #1                                |
+---------------------------+------------------------------------------------------------------------+
| Requirement               | 10.000                                                                 |
| Path Delay                | 6.591                                                                  |
| Logic Delay               | 1.509(23%)                                                             |
| Net Delay                 | 5.082(77%)                                                             |
| Clock Skew                | -0.049                                                                 |
| Slack                     | 2.875                                                                  |
| Clock Uncertainty         | 0.035                                                                  |
| Clock Relationship        | Safely Timed                                                           |
| Clock Delay Group         | Same Clock                                                             |
| Logic Levels              | 6                                                                      |
| Routes                    | 6                                                                      |
| Logical Path              | FDRE/C-(96)-LUT5-(1)-CARRY4-CARRY4-CARRY4-CARRY4-LUT4-(2)-DSP48E1/B[4] |
| Start Point Clock         | ap_clk                                                                 |
| End Point Clock           | ap_clk                                                                 |
| DSP Block                 | Seq                                                                    |
| RAM Registers             | None-None                                                              |
| IO Crossings              | 0                                                                      |
| Config Crossings          | 0                                                                      |
| SLR Crossings             | 0                                                                      |
| PBlocks                   | 0                                                                      |
| High Fanout               | 96                                                                     |
| ASYNC REG                 | 0                                                                      |
| Dont Touch                | 0                                                                      |
| Mark Debug                | 0                                                                      |
| Start Point Pin Primitive | FDRE/C                                                                 |
| End Point Pin Primitive   | DSP48E1/B[4]                                                           |
| Start Point Pin           | addr_reg[0]/C                                                          |
| End Point Pin             | buff0_reg/B[4]                                                         |
+---------------------------+------------------------------------------------------------------------+
* Bounding box calculated as % of dimensions for the target device (308, 299)


2. Logic Level Distribution
---------------------------

+-----------------+-------------+----+-----+-----+----+----+----+-----+---+----+----+----+----+----+----+----+
| End Point Clock | Requirement |  0 |  1  |  2  |  3 |  4 |  5 |  6  | 7 |  8 |  9 | 10 | 11 | 12 | 13 | 14 |
+-----------------+-------------+----+-----+-----+----+----+----+-----+---+----+----+----+----+----+----+----+
| ap_clk          | 10.000ns    | 77 | 152 | 246 | 15 | 23 | 59 | 258 | 2 | 67 | 17 | 21 | 16 | 20 | 19 |  8 |
+-----------------+-------------+----+-----+-----+----+----+----+-----+---+----+----+----+----+----+----+----+
* Columns represent the logic levels per end point clock
** Distribution is for top worst 1000 paths


3. Placer Final Level Congestion Reporting
------------------------------------------

+-----------+------+-------+------------+--------+---------------+----------------+-----+--------+------+------+------+-----+-------+-----+------------+
| Direction | Type | Level | Congestion | Window | Combined LUTs | Avg LUT Inputs | LUT | LUTRAM | Flop | MUXF | RAMB | DSP | CARRY | SRL | Cell Names |
+-----------+------+-------+------------+--------+---------------+----------------+-----+--------+------+------+------+-----+-------+-----+------------+
* No congestion windows are found above level 5


4. Initial Estimated Router Congestion Reporting
------------------------------------------------

+-----------+------+-------+------------------+--------+---------------+----------------+-----+--------+------+------+------+-----+-------+-----+------------+
| Direction | Type | Level | Percentage Tiles | Window | Combined LUTs | Avg LUT Inputs | LUT | LUTRAM | Flop | MUXF | RAMB | DSP | CARRY | SRL | Cell Names |
+-----------+------+-------+------------------+--------+---------------+----------------+-----+--------+------+------+------+-----+-------+-----+------------+
* No initial estimated congestion windows are found above level 5


