Copyright 1986-2022 Xilinx, Inc. All Rights Reserved. Copyright 2022-2026 Advanced Micro Devices, Inc. All Rights Reserved.
---------------------------------------------------------------------------------------------------------------------------------------------
| Tool Version : Vivado v.2026.1 (win64) Build 6511674 Tue Jun 16 11:02:23 MDT 2026
| Date         : Thu Sep 24 15:03:04 2026
| Host         : DESKTOP-55UAODO running 64-bit major release  (build 9200)
| Command      : report_design_analysis -file ./report/Canny_Filter_design_analysis_synth.rpt
| Design       : bd_0_wrapper
| Device       : xc7z020
| Design State : Synthesized
---------------------------------------------------------------------------------------------------------------------------------------------

Report Design Analysis

Table of Contents
-----------------
1. Setup Path Characteristics 1-1
2. Logic Level Distribution
3. Placer Final Level Congestion Reporting

1. Setup Path Characteristics 1-1
---------------------------------

+---------------------------+--------------------------------------------------------------------------------------------------------------------+
|      Characteristics      |                                                       Path #1                                                      |
+---------------------------+--------------------------------------------------------------------------------------------------------------------+
| Requirement               | 10.000                                                                                                             |
| Path Delay                | 5.919                                                                                                              |
| Logic Delay               | 3.192(54%)                                                                                                         |
| Net Delay                 | 2.727(46%)                                                                                                         |
| Clock Skew                | -0.049                                                                                                             |
| Slack                     | 4.091                                                                                                              |
| Clock Uncertainty         | 0.035                                                                                                              |
| Clock Relationship        | Safely Timed                                                                                                       |
| Clock Delay Group         | Same Clock                                                                                                         |
| Logic Levels              | 13                                                                                                                 |
| Routes                    | NA                                                                                                                 |
| Logical Path              | FDRE/C-(5)-LUT4-(1)-CARRY4-CARRY4-CARRY4-CARRY4-LUT2-(6)-LUT6-(1)-CARRY4-CARRY4-CARRY4-CARRY4-CARRY4-CARRY4-FDRE/D |
| Start Point Clock         | ap_clk                                                                                                             |
| End Point Clock           | ap_clk                                                                                                             |
| DSP Block                 | None                                                                                                               |
| RAM Registers             | None-None                                                                                                          |
| IO Crossings              | 0                                                                                                                  |
| Config Crossings          | 0                                                                                                                  |
| SLR Crossings             | 0                                                                                                                  |
| PBlocks                   | 0                                                                                                                  |
| High Fanout               | 6                                                                                                                  |
| ASYNC REG                 | 0                                                                                                                  |
| Dont Touch                | 0                                                                                                                  |
| Mark Debug                | 0                                                                                                                  |
| Start Point Pin Primitive | FDRE/C                                                                                                             |
| End Point Pin Primitive   | FDRE/D                                                                                                             |
| Start Point Pin           | J_fu_128_reg[0]/C                                                                                                  |
| End Point Pin             | addr_cmp31_reg_864_reg[0]/D                                                                                        |
+---------------------------+--------------------------------------------------------------------------------------------------------------------+
* Bounding box calculated as % of dimensions for the target device (308, 299)


2. Logic Level Distribution
---------------------------

+-----------------+-------------+-----+-----+----+----+----+----+----+----+
| End Point Clock | Requirement |  0  |  6  |  9 | 10 | 11 | 12 | 13 | 14 |
+-----------------+-------------+-----+-----+----+----+----+----+----+----+
| ap_clk          | 10.000ns    | 384 | 509 | 20 | 25 | 18 | 16 | 20 |  8 |
+-----------------+-------------+-----+-----+----+----+----+----+----+----+
* Columns represent the logic levels per end point clock
** Distribution is for top worst 1000 paths


3. Placer Final Level Congestion Reporting
------------------------------------------

+-----------+------+-------+------------+--------+---------------+----------------+-----+--------+------+------+------+-----+-------+-----+------------+
| Direction | Type | Level | Congestion | Window | Combined LUTs | Avg LUT Inputs | LUT | LUTRAM | Flop | MUXF | RAMB | DSP | CARRY | SRL | Cell Names |
+-----------+------+-------+------------+--------+---------------+----------------+-----+--------+------+------+------+-----+-------+-----+------------+
* The design has not been placed, hence congestion data is not available. The command report_design_analysis -congestion should be run only after place_design has completed.


