Copyright 1986-2022 Xilinx, Inc. All Rights Reserved. Copyright 2022-2026 Advanced Micro Devices, Inc. All Rights Reserved.
---------------------------------------------------------------------------------------------------------------------------------------------
| Tool Version : Vivado v.2026.1 (win64) Build 6511674 Tue Jun 16 11:02:23 MDT 2026
| Date         : Thu Sep 24 15:03:02 2026
| Host         : DESKTOP-55UAODO running 64-bit major release  (build 9200)
| Command      : report_timing_summary -file ./report/Canny_Filter_timing_synth.rpt
| Design       : bd_0_wrapper
| Device       : 7z020-clg400
| Speed File   : -1  PRODUCTION 1.12 2019-11-22
| Design State : Synthesized
---------------------------------------------------------------------------------------------------------------------------------------------

Timing Summary Report

------------------------------------------------------------------------------------------------
| Timer Settings
| --------------
------------------------------------------------------------------------------------------------

  Enable Multi Corner Analysis               :  Yes
  Enable Pessimism Removal                   :  Yes
  Pessimism Removal Resolution               :  Nearest Common Node
  Enable Input Delay Default Clock           :  No
  Enable Preset / Clear Arcs                 :  No
  Disable Flight Delays                      :  No
  Ignore I/O Paths                           :  No
  Timing Early Launch at Borrowing Latches   :  No
  Borrow Time for Max Delay Exceptions       :  Yes
  Merge Timing Exceptions                    :  Yes
  Inter-SLR Compensation                     :  Conservative

  Corner  Analyze    Analyze    
  Name    Max Paths  Min Paths  
  ------  ---------  ---------  
  Slow    Yes        Yes        
  Fast    Yes        Yes        


------------------------------------------------------------------------------------------------
| Report Methodology
| ------------------
------------------------------------------------------------------------------------------------

No report available as report_methodology has not been run prior. Run report_methodology on the current design for the summary of methodology violations.



check_timing report

Table of Contents
-----------------
1. checking no_clock (0)
2. checking constant_clock (0)
3. checking pulse_width_clock (0)
4. checking unconstrained_internal_endpoints (0)
5. checking no_input_delay (86)
6. checking no_output_delay (58)
7. checking multiple_clock (0)
8. checking generated_clocks (0)
9. checking loops (0)
10. checking partial_input_delay (0)
11. checking partial_output_delay (0)
12. checking latch_loops (0)

1. checking no_clock (0)
------------------------
 There are 0 register/latch pins with no clock.


2. checking constant_clock (0)
------------------------------
 There are 0 register/latch pins with constant_clock.


3. checking pulse_width_clock (0)
---------------------------------
 There are 0 register/latch pins which need pulse_width check


4. checking unconstrained_internal_endpoints (0)
------------------------------------------------
 There are 0 pins that are not constrained for maximum delay.

 There are 0 pins that are not constrained for maximum delay due to constant clock.


5. checking no_input_delay (86)
-------------------------------
 There are 86 input ports with no input delay specified. (HIGH)

 There are 0 input ports with no input delay but user has a false path constraint.


6. checking no_output_delay (58)
--------------------------------
 There are 58 ports with no output delay specified. (HIGH)

 There are 0 ports with no output delay but user has a false path constraint

 There are 0 ports with no output delay but with a timing clock defined on it or propagating through it


7. checking multiple_clock (0)
------------------------------
 There are 0 register/latch pins with multiple clocks.


8. checking generated_clocks (0)
--------------------------------
 There are 0 generated clocks that are not connected to a clock source.


9. checking loops (0)
---------------------
 There are 0 combinational loops in the design.


10. checking partial_input_delay (0)
------------------------------------
 There are 0 input ports with partial input delay specified.


11. checking partial_output_delay (0)
-------------------------------------
 There are 0 ports with partial output delay specified.


12. checking latch_loops (0)
----------------------------
 There are 0 combinational latch loops in the design through latch input



------------------------------------------------------------------------------------------------
| Design Timing Summary
| ---------------------
------------------------------------------------------------------------------------------------

    WNS(ns)      TNS(ns)  TNS Failing Endpoints  TNS Total Endpoints      WHS(ns)      THS(ns)  THS Failing Endpoints  THS Total Endpoints     WPWS(ns)     TPWS(ns)  TPWS Failing Endpoints  TPWS Total Endpoints  
    -------      -------  ---------------------  -------------------      -------      -------  ---------------------  -------------------     --------     --------  ----------------------  --------------------  
      4.091        0.000                      0                 9583        0.191        0.000                      0                 9583        4.020        0.000                       0                  3965  


All user specified timing constraints are met.


------------------------------------------------------------------------------------------------
| Clock Summary
| -------------
------------------------------------------------------------------------------------------------

Clock   Waveform(ns)       Period(ns)      Frequency(MHz)
-----   ------------       ----------      --------------
ap_clk  {0.000 5.000}      10.000          100.000         


------------------------------------------------------------------------------------------------
| Intra Clock Table
| -----------------
------------------------------------------------------------------------------------------------

Clock             WNS(ns)      TNS(ns)  TNS Failing Endpoints  TNS Total Endpoints      WHS(ns)      THS(ns)  THS Failing Endpoints  THS Total Endpoints     WPWS(ns)     TPWS(ns)  TPWS Failing Endpoints  TPWS Total Endpoints  
-----             -------      -------  ---------------------  -------------------      -------      -------  ---------------------  -------------------     --------     --------  ----------------------  --------------------  
ap_clk              4.091        0.000                      0                 9583        0.191        0.000                      0                 9583        4.020        0.000                       0                  3965  


------------------------------------------------------------------------------------------------
| Inter Clock Table
| -----------------
------------------------------------------------------------------------------------------------

From Clock    To Clock          WNS(ns)      TNS(ns)  TNS Failing Endpoints  TNS Total Endpoints      WHS(ns)      THS(ns)  THS Failing Endpoints  THS Total Endpoints  
----------    --------          -------      -------  ---------------------  -------------------      -------      -------  ---------------------  -------------------  


------------------------------------------------------------------------------------------------
| Other Path Groups Table
| -----------------------
------------------------------------------------------------------------------------------------

Path Group    From Clock    To Clock          WNS(ns)      TNS(ns)  TNS Failing Endpoints  TNS Total Endpoints      WHS(ns)      THS(ns)  THS Failing Endpoints  THS Total Endpoints  
----------    ----------    --------          -------      -------  ---------------------  -------------------      -------      -------  ---------------------  -------------------  


------------------------------------------------------------------------------------------------
| Timing Details
| --------------
------------------------------------------------------------------------------------------------


---------------------------------------------------------------------------------------------------
From Clock:  ap_clk
  To Clock:  ap_clk

Setup :            0  Failing Endpoints,  Worst Slack        4.091ns,  Total Violation        0.000ns
Hold  :            0  Failing Endpoints,  Worst Slack        0.191ns,  Total Violation        0.000ns
PW    :            0  Failing Endpoints,  Worst Slack        4.020ns,  Total Violation        0.000ns
---------------------------------------------------------------------------------------------------


Max Delay Paths
--------------------------------------------------------------------------------------
Slack (MET) :             4.091ns  (required time - arrival time)
  Source:                 bd_0_i/hls_inst/inst/Sobel_Filter_U0/grp_Sobel_Filter_Pipeline_VITIS_LOOP_14_1_VITIS_LOOP_16_2_fu_68/J_fu_128_reg[0]/C
                            (rising edge-triggered cell FDRE clocked by ap_clk  {rise@0.000ns fall@5.000ns period=10.000ns})
  Destination:            bd_0_i/hls_inst/inst/Sobel_Filter_U0/grp_Sobel_Filter_Pipeline_VITIS_LOOP_14_1_VITIS_LOOP_16_2_fu_68/addr_cmp31_reg_864_reg[0]/D
                            (rising edge-triggered cell FDRE clocked by ap_clk  {rise@0.000ns fall@5.000ns period=10.000ns})
  Path Group:             ap_clk
  Path Type:              Setup (Max at Slow Process Corner)
  Requirement:            10.000ns  (ap_clk rise@10.000ns - ap_clk rise@0.000ns)
  Data Path Delay:        5.919ns  (logic 3.192ns (53.928%)  route 2.727ns (46.072%))
  Logic Levels:           13  (CARRY4=10 LUT2=1 LUT4=1 LUT6=1)
  Clock Path Skew:        -0.049ns (DCD - SCD + CPR)
    Destination Clock Delay (DCD):    0.924ns = ( 10.924 - 10.000 ) 
    Source Clock Delay      (SCD):    0.973ns
    Clock Pessimism Removal (CPR):    0.000ns
  Clock Uncertainty:      0.035ns  ((TSJ^2 + TIJ^2)^1/2 + DJ) / 2 + PE
    Total System Jitter     (TSJ):    0.071ns
    Total Input Jitter      (TIJ):    0.000ns
    Discrete Jitter          (DJ):    0.000ns
    Phase Error              (PE):    0.000ns

    Location             Delay type                Incr(ns)  Path(ns)    Netlist Resource(s)
  -------------------------------------------------------------------    -------------------
                         (clock ap_clk rise edge)     0.000     0.000 r  <hidden>
                                                      0.000     0.000 r  ap_clk
                         net (fo=3972, unset)         0.973     0.973    bd_0_i/hls_inst/inst/Sobel_Filter_U0/grp_Sobel_Filter_Pipeline_VITIS_LOOP_14_1_VITIS_LOOP_16_2_fu_68/ap_clk
                         FDRE                                         r  bd_0_i/hls_inst/inst/Sobel_Filter_U0/grp_Sobel_Filter_Pipeline_VITIS_LOOP_14_1_VITIS_LOOP_16_2_fu_68/J_fu_128_reg[0]/C
  -------------------------------------------------------------------    -------------------
                         FDRE (Prop_fdre_C_Q)         0.518     1.491 f  bd_0_i/hls_inst/inst/Sobel_Filter_U0/grp_Sobel_Filter_Pipeline_VITIS_LOOP_14_1_VITIS_LOOP_16_2_fu_68/J_fu_128_reg[0]/Q
                         net (fo=5, unplaced)         0.769     2.260    bd_0_i/hls_inst/inst/Sobel_Filter_U0/grp_Sobel_Filter_Pipeline_VITIS_LOOP_14_1_VITIS_LOOP_16_2_fu_68/p_0_in[0]
                         LUT4 (Prop_lut4_I1_O)        0.319     2.579 r  bd_0_i/hls_inst/inst/Sobel_Filter_U0/grp_Sobel_Filter_Pipeline_VITIS_LOOP_14_1_VITIS_LOOP_16_2_fu_68/icmp_ln16_fu_266_p2_carry_i_4/O
                         net (fo=1, unplaced)         0.000     2.579    bd_0_i/hls_inst/inst/Sobel_Filter_U0/grp_Sobel_Filter_Pipeline_VITIS_LOOP_14_1_VITIS_LOOP_16_2_fu_68/icmp_ln16_fu_266_p2_carry_i_4_n_0
                         CARRY4 (Prop_carry4_DI[0]_CO[3])
                                                      0.576     3.155 r  bd_0_i/hls_inst/inst/Sobel_Filter_U0/grp_Sobel_Filter_Pipeline_VITIS_LOOP_14_1_VITIS_LOOP_16_2_fu_68/icmp_ln16_fu_266_p2_carry/CO[3]
                         net (fo=1, unplaced)         0.009     3.164    bd_0_i/hls_inst/inst/Sobel_Filter_U0/grp_Sobel_Filter_Pipeline_VITIS_LOOP_14_1_VITIS_LOOP_16_2_fu_68/icmp_ln16_fu_266_p2_carry_n_0
                         CARRY4 (Prop_carry4_CI_CO[3])
                                                      0.117     3.281 r  bd_0_i/hls_inst/inst/Sobel_Filter_U0/grp_Sobel_Filter_Pipeline_VITIS_LOOP_14_1_VITIS_LOOP_16_2_fu_68/icmp_ln16_fu_266_p2_carry__0/CO[3]
                         net (fo=1, unplaced)         0.000     3.281    bd_0_i/hls_inst/inst/Sobel_Filter_U0/grp_Sobel_Filter_Pipeline_VITIS_LOOP_14_1_VITIS_LOOP_16_2_fu_68/icmp_ln16_fu_266_p2_carry__0_n_0
                         CARRY4 (Prop_carry4_CI_CO[3])
                                                      0.117     3.398 r  bd_0_i/hls_inst/inst/Sobel_Filter_U0/grp_Sobel_Filter_Pipeline_VITIS_LOOP_14_1_VITIS_LOOP_16_2_fu_68/icmp_ln16_fu_266_p2_carry__1/CO[3]
                         net (fo=1, unplaced)         0.000     3.398    bd_0_i/hls_inst/inst/Sobel_Filter_U0/grp_Sobel_Filter_Pipeline_VITIS_LOOP_14_1_VITIS_LOOP_16_2_fu_68/icmp_ln16_fu_266_p2_carry__1_n_0
                         CARRY4 (Prop_carry4_CI_CO[3])
                                                      0.117     3.515 r  bd_0_i/hls_inst/inst/Sobel_Filter_U0/grp_Sobel_Filter_Pipeline_VITIS_LOOP_14_1_VITIS_LOOP_16_2_fu_68/icmp_ln16_fu_266_p2_carry__2/CO[3]
                         net (fo=64, unplaced)        1.006     4.521    bd_0_i/hls_inst/inst/Sobel_Filter_U0/grp_Sobel_Filter_Pipeline_VITIS_LOOP_14_1_VITIS_LOOP_16_2_fu_68/Line_Buffer_U/CO[0]
                         LUT2 (Prop_lut2_I0_O)        0.124     4.645 r  bd_0_i/hls_inst/inst/Sobel_Filter_U0/grp_Sobel_Filter_Pipeline_VITIS_LOOP_14_1_VITIS_LOOP_16_2_fu_68/Line_Buffer_U/ram_reg_0_i_9__0/O
                         net (fo=6, unplaced)         0.934     5.579    bd_0_i/hls_inst/inst/Sobel_Filter_U0/grp_Sobel_Filter_Pipeline_VITIS_LOOP_14_1_VITIS_LOOP_16_2_fu_68/select_ln14_fu_271_p3[3]
                         LUT6 (Prop_lut6_I1_O)        0.124     5.703 r  bd_0_i/hls_inst/inst/Sobel_Filter_U0/grp_Sobel_Filter_Pipeline_VITIS_LOOP_14_1_VITIS_LOOP_16_2_fu_68/addr_cmp31_fu_288_p2_carry_i_3/O
                         net (fo=1, unplaced)         0.000     5.703    bd_0_i/hls_inst/inst/Sobel_Filter_U0/grp_Sobel_Filter_Pipeline_VITIS_LOOP_14_1_VITIS_LOOP_16_2_fu_68/addr_cmp31_fu_288_p2_carry_i_3_n_0
                         CARRY4 (Prop_carry4_S[1]_CO[3])
                                                      0.533     6.236 r  bd_0_i/hls_inst/inst/Sobel_Filter_U0/grp_Sobel_Filter_Pipeline_VITIS_LOOP_14_1_VITIS_LOOP_16_2_fu_68/addr_cmp31_fu_288_p2_carry/CO[3]
                         net (fo=1, unplaced)         0.009     6.245    bd_0_i/hls_inst/inst/Sobel_Filter_U0/grp_Sobel_Filter_Pipeline_VITIS_LOOP_14_1_VITIS_LOOP_16_2_fu_68/addr_cmp31_fu_288_p2_carry_n_0
                         CARRY4 (Prop_carry4_CI_CO[3])
                                                      0.117     6.362 r  bd_0_i/hls_inst/inst/Sobel_Filter_U0/grp_Sobel_Filter_Pipeline_VITIS_LOOP_14_1_VITIS_LOOP_16_2_fu_68/addr_cmp31_fu_288_p2_carry__0/CO[3]
                         net (fo=1, unplaced)         0.000     6.362    bd_0_i/hls_inst/inst/Sobel_Filter_U0/grp_Sobel_Filter_Pipeline_VITIS_LOOP_14_1_VITIS_LOOP_16_2_fu_68/addr_cmp31_fu_288_p2_carry__0_n_0
                         CARRY4 (Prop_carry4_CI_CO[3])
                                                      0.117     6.479 r  bd_0_i/hls_inst/inst/Sobel_Filter_U0/grp_Sobel_Filter_Pipeline_VITIS_LOOP_14_1_VITIS_LOOP_16_2_fu_68/addr_cmp31_fu_288_p2_carry__1/CO[3]
                         net (fo=1, unplaced)         0.000     6.479    bd_0_i/hls_inst/inst/Sobel_Filter_U0/grp_Sobel_Filter_Pipeline_VITIS_LOOP_14_1_VITIS_LOOP_16_2_fu_68/addr_cmp31_fu_288_p2_carry__1_n_0
                         CARRY4 (Prop_carry4_CI_CO[3])
                                                      0.117     6.596 r  bd_0_i/hls_inst/inst/Sobel_Filter_U0/grp_Sobel_Filter_Pipeline_VITIS_LOOP_14_1_VITIS_LOOP_16_2_fu_68/addr_cmp31_fu_288_p2_carry__2/CO[3]
                         net (fo=1, unplaced)         0.000     6.596    bd_0_i/hls_inst/inst/Sobel_Filter_U0/grp_Sobel_Filter_Pipeline_VITIS_LOOP_14_1_VITIS_LOOP_16_2_fu_68/addr_cmp31_fu_288_p2_carry__2_n_0
                         CARRY4 (Prop_carry4_CI_CO[3])
                                                      0.117     6.713 r  bd_0_i/hls_inst/inst/Sobel_Filter_U0/grp_Sobel_Filter_Pipeline_VITIS_LOOP_14_1_VITIS_LOOP_16_2_fu_68/addr_cmp31_fu_288_p2_carry__3/CO[3]
                         net (fo=1, unplaced)         0.000     6.713    bd_0_i/hls_inst/inst/Sobel_Filter_U0/grp_Sobel_Filter_Pipeline_VITIS_LOOP_14_1_VITIS_LOOP_16_2_fu_68/addr_cmp31_fu_288_p2_carry__3_n_0
                         CARRY4 (Prop_carry4_CI_CO[1])
                                                      0.179     6.892 r  bd_0_i/hls_inst/inst/Sobel_Filter_U0/grp_Sobel_Filter_Pipeline_VITIS_LOOP_14_1_VITIS_LOOP_16_2_fu_68/addr_cmp31_fu_288_p2_carry__4/CO[1]
                         net (fo=1, unplaced)         0.000     6.892    bd_0_i/hls_inst/inst/Sobel_Filter_U0/grp_Sobel_Filter_Pipeline_VITIS_LOOP_14_1_VITIS_LOOP_16_2_fu_68/addr_cmp_fu_297_p2[0]
                         FDRE                                         r  bd_0_i/hls_inst/inst/Sobel_Filter_U0/grp_Sobel_Filter_Pipeline_VITIS_LOOP_14_1_VITIS_LOOP_16_2_fu_68/addr_cmp31_reg_864_reg[0]/D
  -------------------------------------------------------------------    -------------------

                         (clock ap_clk rise edge)    10.000    10.000 r  <hidden>
                                                      0.000    10.000 r  ap_clk
                         net (fo=3972, unset)         0.924    10.924    bd_0_i/hls_inst/inst/Sobel_Filter_U0/grp_Sobel_Filter_Pipeline_VITIS_LOOP_14_1_VITIS_LOOP_16_2_fu_68/ap_clk
                         FDRE                                         r  bd_0_i/hls_inst/inst/Sobel_Filter_U0/grp_Sobel_Filter_Pipeline_VITIS_LOOP_14_1_VITIS_LOOP_16_2_fu_68/addr_cmp31_reg_864_reg[0]/C
                         clock pessimism              0.000    10.924    <hidden>
                         clock uncertainty           -0.035    10.889    <hidden>
                         FDRE (Setup_fdre_C_D)        0.094    10.983    bd_0_i/hls_inst/inst/Sobel_Filter_U0/grp_Sobel_Filter_Pipeline_VITIS_LOOP_14_1_VITIS_LOOP_16_2_fu_68/addr_cmp31_reg_864_reg[0]
  -------------------------------------------------------------------
                         required time                         10.983    <hidden>
                         arrival time                          -6.892    <hidden>
  -------------------------------------------------------------------
                         slack                                  4.091    <hidden>





Min Delay Paths
--------------------------------------------------------------------------------------
Slack (MET) :             0.191ns  (arrival time - required time)
  Source:                 bd_0_i/hls_inst/inst/Hysteresis_Filter_U0/grp_Hysteresis_Filter_Pipeline_VITIS_LOOP_11_1_VITIS_LOOP_13_2_fu_84/I_fu_132_reg[0]/C
                            (rising edge-triggered cell FDRE clocked by ap_clk  {rise@0.000ns fall@5.000ns period=10.000ns})
  Destination:            bd_0_i/hls_inst/inst/Hysteresis_Filter_U0/grp_Hysteresis_Filter_Pipeline_VITIS_LOOP_11_1_VITIS_LOOP_13_2_fu_84/I_fu_132_reg[1]/D
                            (rising edge-triggered cell FDRE clocked by ap_clk  {rise@0.000ns fall@5.000ns period=10.000ns})
  Path Group:             ap_clk
  Path Type:              Hold (Min at Fast Process Corner)
  Requirement:            0.000ns  (ap_clk rise@0.000ns - ap_clk rise@0.000ns)
  Data Path Delay:        0.347ns  (logic 0.256ns (73.765%)  route 0.091ns (26.235%))
  Logic Levels:           1  (CARRY4=1)
  Clock Path Skew:        0.022ns (DCD - SCD - CPR)
    Destination Clock Delay (DCD):    0.432ns
    Source Clock Delay      (SCD):    0.410ns
    Clock Pessimism Removal (CPR):    -0.000ns

    Location             Delay type                Incr(ns)  Path(ns)    Netlist Resource(s)
  -------------------------------------------------------------------    -------------------
                         (clock ap_clk rise edge)     0.000     0.000 r  <hidden>
                                                      0.000     0.000 r  ap_clk
                         net (fo=3972, unset)         0.410     0.410    bd_0_i/hls_inst/inst/Hysteresis_Filter_U0/grp_Hysteresis_Filter_Pipeline_VITIS_LOOP_11_1_VITIS_LOOP_13_2_fu_84/ap_clk
                         FDRE                                         r  bd_0_i/hls_inst/inst/Hysteresis_Filter_U0/grp_Hysteresis_Filter_Pipeline_VITIS_LOOP_11_1_VITIS_LOOP_13_2_fu_84/I_fu_132_reg[0]/C
  -------------------------------------------------------------------    -------------------
                         FDRE (Prop_fdre_C_Q)         0.164     0.574 r  bd_0_i/hls_inst/inst/Hysteresis_Filter_U0/grp_Hysteresis_Filter_Pipeline_VITIS_LOOP_11_1_VITIS_LOOP_13_2_fu_84/I_fu_132_reg[0]/Q
                         net (fo=4, unplaced)         0.091     0.665    bd_0_i/hls_inst/inst/Hysteresis_Filter_U0/grp_Hysteresis_Filter_Pipeline_VITIS_LOOP_11_1_VITIS_LOOP_13_2_fu_84/I_fu_132_reg[0]
                         CARRY4 (Prop_carry4_DI[0]_O[1])
                                                      0.092     0.757 r  bd_0_i/hls_inst/inst/Hysteresis_Filter_U0/grp_Hysteresis_Filter_Pipeline_VITIS_LOOP_11_1_VITIS_LOOP_13_2_fu_84/I_fu_132_reg[0]_i_1/O[1]
                         net (fo=1, unplaced)         0.000     0.757    bd_0_i/hls_inst/inst/Hysteresis_Filter_U0/grp_Hysteresis_Filter_Pipeline_VITIS_LOOP_11_1_VITIS_LOOP_13_2_fu_84/I_fu_132_reg[0]_i_1_n_6
                         FDRE                                         r  bd_0_i/hls_inst/inst/Hysteresis_Filter_U0/grp_Hysteresis_Filter_Pipeline_VITIS_LOOP_11_1_VITIS_LOOP_13_2_fu_84/I_fu_132_reg[1]/D
  -------------------------------------------------------------------    -------------------

                         (clock ap_clk rise edge)     0.000     0.000 r  <hidden>
                                                      0.000     0.000 r  ap_clk
                         net (fo=3972, unset)         0.432     0.432    bd_0_i/hls_inst/inst/Hysteresis_Filter_U0/grp_Hysteresis_Filter_Pipeline_VITIS_LOOP_11_1_VITIS_LOOP_13_2_fu_84/ap_clk
                         FDRE                                         r  bd_0_i/hls_inst/inst/Hysteresis_Filter_U0/grp_Hysteresis_Filter_Pipeline_VITIS_LOOP_11_1_VITIS_LOOP_13_2_fu_84/I_fu_132_reg[1]/C
                         clock pessimism              0.000     0.432    <hidden>
                         FDRE (Hold_fdre_C_D)         0.134     0.566    bd_0_i/hls_inst/inst/Hysteresis_Filter_U0/grp_Hysteresis_Filter_Pipeline_VITIS_LOOP_11_1_VITIS_LOOP_13_2_fu_84/I_fu_132_reg[1]
  -------------------------------------------------------------------
                         required time                         -0.566    <hidden>
                         arrival time                           0.757    <hidden>
  -------------------------------------------------------------------
                         slack                                  0.191    <hidden>





Pulse Width Checks
--------------------------------------------------------------------------------------
Clock Name:         ap_clk
Waveform(ns):       { 0.000 5.000 }
Period(ns):         10.000
Sources:            { ap_clk }

Check Type        Corner  Lib Pin      Reference Pin  Required(ns)  Actual(ns)  Slack(ns)  Location  Pin
Min Period        n/a     DSP48E1/CLK  n/a            3.884         10.000      6.116                bd_0_i/hls_inst/inst/Gaussian_Filter_U0/mul_31ns_31ns_62_2_1_U16/buff0_reg/CLK
Low Pulse Width   Slow    SRL16E/CLK   n/a            0.980         5.000       4.020                bd_0_i/hls_inst/inst/Gaussian_Filter_U0/grp_Gaussian_Filter_Pipeline_VITIS_LOOP_13_1_VITIS_LOOP_15_2_fu_90/ap_loop_exit_ready_pp0_iter5_reg_reg_srl4/CLK
High Pulse Width  Slow    SRL16E/CLK   n/a            0.980         5.000       4.020                bd_0_i/hls_inst/inst/Gaussian_Filter_U0/grp_Gaussian_Filter_Pipeline_VITIS_LOOP_13_1_VITIS_LOOP_15_2_fu_90/ap_loop_exit_ready_pp0_iter5_reg_reg_srl4/CLK



