Copyright 1986-2022 Xilinx, Inc. All Rights Reserved. Copyright 2022-2026 Advanced Micro Devices, Inc. All Rights Reserved.
---------------------------------------------------------------------------------------------------------------------------------------------
| Tool Version : Vivado v.2026.1 (win64) Build 6511674 Tue Jun 16 11:02:23 MDT 2026
| Date         : Thu Sep 24 15:05:39 2026
| Host         : DESKTOP-55UAODO running 64-bit major release  (build 9200)
| Command      : report_timing -max_paths 10 -file ./report/Canny_Filter_timing_paths_routed.rpt
| Design       : bd_0_wrapper
| Device       : 7z020-clg400
| Speed File   : -1  PRODUCTION 1.12 2019-11-22
| Design State : Routed
---------------------------------------------------------------------------------------------------------------------------------------------

Timing Report

Slack (MET) :             2.875ns  (required time - arrival time)
  Source:                 bd_0_i/hls_inst/inst/Cols_c_U/addr_reg[0]/C
                            (rising edge-triggered cell FDRE clocked by ap_clk  {rise@0.000ns fall@5.000ns period=10.000ns})
  Destination:            bd_0_i/hls_inst/inst/Hysteresis_Filter_U0/mul_31ns_31ns_62_2_1_U80/buff0_reg/B[4]
                            (rising edge-triggered cell DSP48E1 clocked by ap_clk  {rise@0.000ns fall@5.000ns period=10.000ns})
  Path Group:             ap_clk
  Path Type:              Setup (Max at Slow Process Corner)
  Requirement:            10.000ns  (ap_clk rise@10.000ns - ap_clk rise@0.000ns)
  Data Path Delay:        6.591ns  (logic 1.509ns (22.894%)  route 5.082ns (77.106%))
  Logic Levels:           6  (CARRY4=4 LUT4=1 LUT5=1)
  Clock Path Skew:        -0.049ns (DCD - SCD + CPR)
    Destination Clock Delay (DCD):    0.924ns = ( 10.924 - 10.000 ) 
    Source Clock Delay      (SCD):    0.973ns
    Clock Pessimism Removal (CPR):    0.000ns
  Clock Uncertainty:      0.035ns  ((TSJ^2 + TIJ^2)^1/2 + DJ) / 2 + PE
    Total System Jitter     (TSJ):    0.071ns
    Total Input Jitter      (TIJ):    0.000ns
    Discrete Jitter          (DJ):    0.000ns
    Phase Error              (PE):    0.000ns

    Location             Delay type                Incr(ns)  Path(ns)    Netlist Resource(s)
  -------------------------------------------------------------------    -------------------
                         (clock ap_clk rise edge)     0.000     0.000 r  <hidden>
                                                      0.000     0.000 r  ap_clk
                         net (fo=3972, unset)         0.973     0.973    bd_0_i/hls_inst/inst/Cols_c_U/ap_clk
    SLICE_X38Y18         FDRE                                         r  bd_0_i/hls_inst/inst/Cols_c_U/addr_reg[0]/C
  -------------------------------------------------------------------    -------------------
    SLICE_X38Y18         FDRE (Prop_fdre_C_Q)         0.518     1.491 r  bd_0_i/hls_inst/inst/Cols_c_U/addr_reg[0]/Q
                         net (fo=96, routed)          2.839     4.330    bd_0_i/hls_inst/inst/Cols_c_U/U_Canny_Filter_fifo_w32_d2_S_ShiftReg/tmp_product
    SLICE_X31Y2          LUT5 (Prop_lut5_I2_O)        0.124     4.454 r  bd_0_i/hls_inst/inst/Cols_c_U/U_Canny_Filter_fifo_w32_d2_S_ShiftReg/tmp_product_i_100__1/O
                         net (fo=1, routed)           0.000     4.454    bd_0_i/hls_inst/inst/Cols_c_U/U_Canny_Filter_fifo_w32_d2_S_ShiftReg/tmp_product_i_100__1_n_0
    SLICE_X31Y2          CARRY4 (Prop_carry4_S[3]_CO[3])
                                                      0.401     4.855 r  bd_0_i/hls_inst/inst/Cols_c_U/U_Canny_Filter_fifo_w32_d2_S_ShiftReg/tmp_product_i_79__1/CO[3]
                         net (fo=1, routed)           0.000     4.855    bd_0_i/hls_inst/inst/Cols_c_U/U_Canny_Filter_fifo_w32_d2_S_ShiftReg/tmp_product_i_79__1_n_0
    SLICE_X31Y3          CARRY4 (Prop_carry4_CI_CO[3])
                                                      0.114     4.969 r  bd_0_i/hls_inst/inst/Cols_c_U/U_Canny_Filter_fifo_w32_d2_S_ShiftReg/tmp_product_i_61__1/CO[3]
                         net (fo=1, routed)           0.000     4.969    bd_0_i/hls_inst/inst/Cols_c_U/U_Canny_Filter_fifo_w32_d2_S_ShiftReg/tmp_product_i_61__1_n_0
    SLICE_X31Y4          CARRY4 (Prop_carry4_CI_CO[3])
                                                      0.114     5.083 r  bd_0_i/hls_inst/inst/Cols_c_U/U_Canny_Filter_fifo_w32_d2_S_ShiftReg/tmp_product_i_43__1/CO[3]
                         net (fo=1, routed)           0.000     5.083    bd_0_i/hls_inst/inst/Cols_c_U/U_Canny_Filter_fifo_w32_d2_S_ShiftReg/tmp_product_i_43__1_n_0
    SLICE_X31Y5          CARRY4 (Prop_carry4_CI_CO[3])
                                                      0.114     5.197 r  bd_0_i/hls_inst/inst/Cols_c_U/U_Canny_Filter_fifo_w32_d2_S_ShiftReg/tmp_product_i_33__2/CO[3]
                         net (fo=31, routed)          1.358     6.555    bd_0_i/hls_inst/inst/Cols_c_U/U_Canny_Filter_fifo_w32_d2_S_ShiftReg/tmp_product_i_33__2_n_0
    SLICE_X32Y3          LUT4 (Prop_lut4_I0_O)        0.124     6.679 r  bd_0_i/hls_inst/inst/Cols_c_U/U_Canny_Filter_fifo_w32_d2_S_ShiftReg/buff0_reg_i_10__1/O
                         net (fo=2, routed)           0.885     7.564    bd_0_i/hls_inst/inst/Hysteresis_Filter_U0/mul_31ns_31ns_62_2_1_U80/buff0_reg_0[4]
    DSP48_X2Y5           DSP48E1                                      r  bd_0_i/hls_inst/inst/Hysteresis_Filter_U0/mul_31ns_31ns_62_2_1_U80/buff0_reg/B[4]
  -------------------------------------------------------------------    -------------------

                         (clock ap_clk rise edge)    10.000    10.000 r  <hidden>
                                                      0.000    10.000 r  ap_clk
                         net (fo=3972, unset)         0.924    10.924    bd_0_i/hls_inst/inst/Hysteresis_Filter_U0/mul_31ns_31ns_62_2_1_U80/ap_clk
    DSP48_X2Y5           DSP48E1                                      r  bd_0_i/hls_inst/inst/Hysteresis_Filter_U0/mul_31ns_31ns_62_2_1_U80/buff0_reg/CLK
                         clock pessimism              0.000    10.924    <hidden>
                         clock uncertainty           -0.035    10.889    <hidden>
    DSP48_X2Y5           DSP48E1 (Setup_dsp48e1_CLK_B[4])
                                                     -0.450    10.439    bd_0_i/hls_inst/inst/Hysteresis_Filter_U0/mul_31ns_31ns_62_2_1_U80/buff0_reg
  -------------------------------------------------------------------
                         required time                         10.439    <hidden>
                         arrival time                          -7.564    <hidden>
  -------------------------------------------------------------------
                         slack                                  2.875    <hidden>

Slack (MET) :             2.903ns  (required time - arrival time)
  Source:                 bd_0_i/hls_inst/inst/Cols_c_U/addr_reg[0]/C
                            (rising edge-triggered cell FDRE clocked by ap_clk  {rise@0.000ns fall@5.000ns period=10.000ns})
  Destination:            bd_0_i/hls_inst/inst/Hysteresis_Filter_U0/mul_31ns_31ns_62_2_1_U80/buff0_reg/B[13]
                            (rising edge-triggered cell DSP48E1 clocked by ap_clk  {rise@0.000ns fall@5.000ns period=10.000ns})
  Path Group:             ap_clk
  Path Type:              Setup (Max at Slow Process Corner)
  Requirement:            10.000ns  (ap_clk rise@10.000ns - ap_clk rise@0.000ns)
  Data Path Delay:        6.563ns  (logic 1.509ns (22.994%)  route 5.054ns (77.006%))
  Logic Levels:           6  (CARRY4=4 LUT4=1 LUT5=1)
  Clock Path Skew:        -0.049ns (DCD - SCD + CPR)
    Destination Clock Delay (DCD):    0.924ns = ( 10.924 - 10.000 ) 
    Source Clock Delay      (SCD):    0.973ns
    Clock Pessimism Removal (CPR):    0.000ns
  Clock Uncertainty:      0.035ns  ((TSJ^2 + TIJ^2)^1/2 + DJ) / 2 + PE
    Total System Jitter     (TSJ):    0.071ns
    Total Input Jitter      (TIJ):    0.000ns
    Discrete Jitter          (DJ):    0.000ns
    Phase Error              (PE):    0.000ns

    Location             Delay type                Incr(ns)  Path(ns)    Netlist Resource(s)
  -------------------------------------------------------------------    -------------------
                         (clock ap_clk rise edge)     0.000     0.000 r  <hidden>
                                                      0.000     0.000 r  ap_clk
                         net (fo=3972, unset)         0.973     0.973    bd_0_i/hls_inst/inst/Cols_c_U/ap_clk
    SLICE_X38Y18         FDRE                                         r  bd_0_i/hls_inst/inst/Cols_c_U/addr_reg[0]/C
  -------------------------------------------------------------------    -------------------
    SLICE_X38Y18         FDRE (Prop_fdre_C_Q)         0.518     1.491 r  bd_0_i/hls_inst/inst/Cols_c_U/addr_reg[0]/Q
                         net (fo=96, routed)          2.839     4.330    bd_0_i/hls_inst/inst/Cols_c_U/U_Canny_Filter_fifo_w32_d2_S_ShiftReg/tmp_product
    SLICE_X31Y2          LUT5 (Prop_lut5_I2_O)        0.124     4.454 r  bd_0_i/hls_inst/inst/Cols_c_U/U_Canny_Filter_fifo_w32_d2_S_ShiftReg/tmp_product_i_100__1/O
                         net (fo=1, routed)           0.000     4.454    bd_0_i/hls_inst/inst/Cols_c_U/U_Canny_Filter_fifo_w32_d2_S_ShiftReg/tmp_product_i_100__1_n_0
    SLICE_X31Y2          CARRY4 (Prop_carry4_S[3]_CO[3])
                                                      0.401     4.855 r  bd_0_i/hls_inst/inst/Cols_c_U/U_Canny_Filter_fifo_w32_d2_S_ShiftReg/tmp_product_i_79__1/CO[3]
                         net (fo=1, routed)           0.000     4.855    bd_0_i/hls_inst/inst/Cols_c_U/U_Canny_Filter_fifo_w32_d2_S_ShiftReg/tmp_product_i_79__1_n_0
    SLICE_X31Y3          CARRY4 (Prop_carry4_CI_CO[3])
                                                      0.114     4.969 r  bd_0_i/hls_inst/inst/Cols_c_U/U_Canny_Filter_fifo_w32_d2_S_ShiftReg/tmp_product_i_61__1/CO[3]
                         net (fo=1, routed)           0.000     4.969    bd_0_i/hls_inst/inst/Cols_c_U/U_Canny_Filter_fifo_w32_d2_S_ShiftReg/tmp_product_i_61__1_n_0
    SLICE_X31Y4          CARRY4 (Prop_carry4_CI_CO[3])
                                                      0.114     5.083 r  bd_0_i/hls_inst/inst/Cols_c_U/U_Canny_Filter_fifo_w32_d2_S_ShiftReg/tmp_product_i_43__1/CO[3]
                         net (fo=1, routed)           0.000     5.083    bd_0_i/hls_inst/inst/Cols_c_U/U_Canny_Filter_fifo_w32_d2_S_ShiftReg/tmp_product_i_43__1_n_0
    SLICE_X31Y5          CARRY4 (Prop_carry4_CI_CO[3])
                                                      0.114     5.197 r  bd_0_i/hls_inst/inst/Cols_c_U/U_Canny_Filter_fifo_w32_d2_S_ShiftReg/tmp_product_i_33__2/CO[3]
                         net (fo=31, routed)          1.481     6.678    bd_0_i/hls_inst/inst/Cols_c_U/U_Canny_Filter_fifo_w32_d2_S_ShiftReg/tmp_product_i_33__2_n_0
    SLICE_X35Y7          LUT4 (Prop_lut4_I0_O)        0.124     6.802 r  bd_0_i/hls_inst/inst/Cols_c_U/U_Canny_Filter_fifo_w32_d2_S_ShiftReg/buff0_reg_i_1__1/O
                         net (fo=2, routed)           0.734     7.536    bd_0_i/hls_inst/inst/Hysteresis_Filter_U0/mul_31ns_31ns_62_2_1_U80/buff0_reg_0[13]
    DSP48_X2Y5           DSP48E1                                      r  bd_0_i/hls_inst/inst/Hysteresis_Filter_U0/mul_31ns_31ns_62_2_1_U80/buff0_reg/B[13]
  -------------------------------------------------------------------    -------------------

                         (clock ap_clk rise edge)    10.000    10.000 r  <hidden>
                                                      0.000    10.000 r  ap_clk
                         net (fo=3972, unset)         0.924    10.924    bd_0_i/hls_inst/inst/Hysteresis_Filter_U0/mul_31ns_31ns_62_2_1_U80/ap_clk
    DSP48_X2Y5           DSP48E1                                      r  bd_0_i/hls_inst/inst/Hysteresis_Filter_U0/mul_31ns_31ns_62_2_1_U80/buff0_reg/CLK
                         clock pessimism              0.000    10.924    <hidden>
                         clock uncertainty           -0.035    10.889    <hidden>
    DSP48_X2Y5           DSP48E1 (Setup_dsp48e1_CLK_B[13])
                                                     -0.450    10.439    bd_0_i/hls_inst/inst/Hysteresis_Filter_U0/mul_31ns_31ns_62_2_1_U80/buff0_reg
  -------------------------------------------------------------------
                         required time                         10.439    <hidden>
                         arrival time                          -7.536    <hidden>
  -------------------------------------------------------------------
                         slack                                  2.903    <hidden>

Slack (MET) :             2.916ns  (required time - arrival time)
  Source:                 bd_0_i/hls_inst/inst/Cols_c_U/addr_reg[0]/C
                            (rising edge-triggered cell FDRE clocked by ap_clk  {rise@0.000ns fall@5.000ns period=10.000ns})
  Destination:            bd_0_i/hls_inst/inst/Hysteresis_Filter_U0/mul_31ns_31ns_62_2_1_U80/buff0_reg__0/B[4]
                            (rising edge-triggered cell DSP48E1 clocked by ap_clk  {rise@0.000ns fall@5.000ns period=10.000ns})
  Path Group:             ap_clk
  Path Type:              Setup (Max at Slow Process Corner)
  Requirement:            10.000ns  (ap_clk rise@10.000ns - ap_clk rise@0.000ns)
  Data Path Delay:        6.550ns  (logic 1.509ns (23.039%)  route 5.041ns (76.961%))
  Logic Levels:           6  (CARRY4=4 LUT4=1 LUT5=1)
  Clock Path Skew:        -0.049ns (DCD - SCD + CPR)
    Destination Clock Delay (DCD):    0.924ns = ( 10.924 - 10.000 ) 
    Source Clock Delay      (SCD):    0.973ns
    Clock Pessimism Removal (CPR):    0.000ns
  Clock Uncertainty:      0.035ns  ((TSJ^2 + TIJ^2)^1/2 + DJ) / 2 + PE
    Total System Jitter     (TSJ):    0.071ns
    Total Input Jitter      (TIJ):    0.000ns
    Discrete Jitter          (DJ):    0.000ns
    Phase Error              (PE):    0.000ns

    Location             Delay type                Incr(ns)  Path(ns)    Netlist Resource(s)
  -------------------------------------------------------------------    -------------------
                         (clock ap_clk rise edge)     0.000     0.000 r  <hidden>
                                                      0.000     0.000 r  ap_clk
                         net (fo=3972, unset)         0.973     0.973    bd_0_i/hls_inst/inst/Cols_c_U/ap_clk
    SLICE_X38Y18         FDRE                                         r  bd_0_i/hls_inst/inst/Cols_c_U/addr_reg[0]/C
  -------------------------------------------------------------------    -------------------
    SLICE_X38Y18         FDRE (Prop_fdre_C_Q)         0.518     1.491 r  bd_0_i/hls_inst/inst/Cols_c_U/addr_reg[0]/Q
                         net (fo=96, routed)          2.839     4.330    bd_0_i/hls_inst/inst/Cols_c_U/U_Canny_Filter_fifo_w32_d2_S_ShiftReg/tmp_product
    SLICE_X31Y2          LUT5 (Prop_lut5_I2_O)        0.124     4.454 r  bd_0_i/hls_inst/inst/Cols_c_U/U_Canny_Filter_fifo_w32_d2_S_ShiftReg/tmp_product_i_100__1/O
                         net (fo=1, routed)           0.000     4.454    bd_0_i/hls_inst/inst/Cols_c_U/U_Canny_Filter_fifo_w32_d2_S_ShiftReg/tmp_product_i_100__1_n_0
    SLICE_X31Y2          CARRY4 (Prop_carry4_S[3]_CO[3])
                                                      0.401     4.855 r  bd_0_i/hls_inst/inst/Cols_c_U/U_Canny_Filter_fifo_w32_d2_S_ShiftReg/tmp_product_i_79__1/CO[3]
                         net (fo=1, routed)           0.000     4.855    bd_0_i/hls_inst/inst/Cols_c_U/U_Canny_Filter_fifo_w32_d2_S_ShiftReg/tmp_product_i_79__1_n_0
    SLICE_X31Y3          CARRY4 (Prop_carry4_CI_CO[3])
                                                      0.114     4.969 r  bd_0_i/hls_inst/inst/Cols_c_U/U_Canny_Filter_fifo_w32_d2_S_ShiftReg/tmp_product_i_61__1/CO[3]
                         net (fo=1, routed)           0.000     4.969    bd_0_i/hls_inst/inst/Cols_c_U/U_Canny_Filter_fifo_w32_d2_S_ShiftReg/tmp_product_i_61__1_n_0
    SLICE_X31Y4          CARRY4 (Prop_carry4_CI_CO[3])
                                                      0.114     5.083 r  bd_0_i/hls_inst/inst/Cols_c_U/U_Canny_Filter_fifo_w32_d2_S_ShiftReg/tmp_product_i_43__1/CO[3]
                         net (fo=1, routed)           0.000     5.083    bd_0_i/hls_inst/inst/Cols_c_U/U_Canny_Filter_fifo_w32_d2_S_ShiftReg/tmp_product_i_43__1_n_0
    SLICE_X31Y5          CARRY4 (Prop_carry4_CI_CO[3])
                                                      0.114     5.197 r  bd_0_i/hls_inst/inst/Cols_c_U/U_Canny_Filter_fifo_w32_d2_S_ShiftReg/tmp_product_i_33__2/CO[3]
                         net (fo=31, routed)          1.358     6.555    bd_0_i/hls_inst/inst/Cols_c_U/U_Canny_Filter_fifo_w32_d2_S_ShiftReg/tmp_product_i_33__2_n_0
    SLICE_X32Y3          LUT4 (Prop_lut4_I0_O)        0.124     6.679 r  bd_0_i/hls_inst/inst/Cols_c_U/U_Canny_Filter_fifo_w32_d2_S_ShiftReg/buff0_reg_i_10__1/O
                         net (fo=2, routed)           0.844     7.523    bd_0_i/hls_inst/inst/Hysteresis_Filter_U0/mul_31ns_31ns_62_2_1_U80/buff0_reg_0[4]
    DSP48_X2Y3           DSP48E1                                      r  bd_0_i/hls_inst/inst/Hysteresis_Filter_U0/mul_31ns_31ns_62_2_1_U80/buff0_reg__0/B[4]
  -------------------------------------------------------------------    -------------------

                         (clock ap_clk rise edge)    10.000    10.000 r  <hidden>
                                                      0.000    10.000 r  ap_clk
                         net (fo=3972, unset)         0.924    10.924    bd_0_i/hls_inst/inst/Hysteresis_Filter_U0/mul_31ns_31ns_62_2_1_U80/ap_clk
    DSP48_X2Y3           DSP48E1                                      r  bd_0_i/hls_inst/inst/Hysteresis_Filter_U0/mul_31ns_31ns_62_2_1_U80/buff0_reg__0/CLK
                         clock pessimism              0.000    10.924    <hidden>
                         clock uncertainty           -0.035    10.889    <hidden>
    DSP48_X2Y3           DSP48E1 (Setup_dsp48e1_CLK_B[4])
                                                     -0.450    10.439    bd_0_i/hls_inst/inst/Hysteresis_Filter_U0/mul_31ns_31ns_62_2_1_U80/buff0_reg__0
  -------------------------------------------------------------------
                         required time                         10.439    <hidden>
                         arrival time                          -7.523    <hidden>
  -------------------------------------------------------------------
                         slack                                  2.916    <hidden>

Slack (MET) :             2.930ns  (required time - arrival time)
  Source:                 bd_0_i/hls_inst/inst/Cols_c_U/addr_reg[0]/C
                            (rising edge-triggered cell FDRE clocked by ap_clk  {rise@0.000ns fall@5.000ns period=10.000ns})
  Destination:            bd_0_i/hls_inst/inst/Hysteresis_Filter_U0/mul_31ns_31ns_62_2_1_U80/buff0_reg/B[8]
                            (rising edge-triggered cell DSP48E1 clocked by ap_clk  {rise@0.000ns fall@5.000ns period=10.000ns})
  Path Group:             ap_clk
  Path Type:              Setup (Max at Slow Process Corner)
  Requirement:            10.000ns  (ap_clk rise@10.000ns - ap_clk rise@0.000ns)
  Data Path Delay:        6.536ns  (logic 1.509ns (23.087%)  route 5.027ns (76.913%))
  Logic Levels:           6  (CARRY4=4 LUT4=1 LUT5=1)
  Clock Path Skew:        -0.049ns (DCD - SCD + CPR)
    Destination Clock Delay (DCD):    0.924ns = ( 10.924 - 10.000 ) 
    Source Clock Delay      (SCD):    0.973ns
    Clock Pessimism Removal (CPR):    0.000ns
  Clock Uncertainty:      0.035ns  ((TSJ^2 + TIJ^2)^1/2 + DJ) / 2 + PE
    Total System Jitter     (TSJ):    0.071ns
    Total Input Jitter      (TIJ):    0.000ns
    Discrete Jitter          (DJ):    0.000ns
    Phase Error              (PE):    0.000ns

    Location             Delay type                Incr(ns)  Path(ns)    Netlist Resource(s)
  -------------------------------------------------------------------    -------------------
                         (clock ap_clk rise edge)     0.000     0.000 r  <hidden>
                                                      0.000     0.000 r  ap_clk
                         net (fo=3972, unset)         0.973     0.973    bd_0_i/hls_inst/inst/Cols_c_U/ap_clk
    SLICE_X38Y18         FDRE                                         r  bd_0_i/hls_inst/inst/Cols_c_U/addr_reg[0]/C
  -------------------------------------------------------------------    -------------------
    SLICE_X38Y18         FDRE (Prop_fdre_C_Q)         0.518     1.491 r  bd_0_i/hls_inst/inst/Cols_c_U/addr_reg[0]/Q
                         net (fo=96, routed)          2.839     4.330    bd_0_i/hls_inst/inst/Cols_c_U/U_Canny_Filter_fifo_w32_d2_S_ShiftReg/tmp_product
    SLICE_X31Y2          LUT5 (Prop_lut5_I2_O)        0.124     4.454 r  bd_0_i/hls_inst/inst/Cols_c_U/U_Canny_Filter_fifo_w32_d2_S_ShiftReg/tmp_product_i_100__1/O
                         net (fo=1, routed)           0.000     4.454    bd_0_i/hls_inst/inst/Cols_c_U/U_Canny_Filter_fifo_w32_d2_S_ShiftReg/tmp_product_i_100__1_n_0
    SLICE_X31Y2          CARRY4 (Prop_carry4_S[3]_CO[3])
                                                      0.401     4.855 r  bd_0_i/hls_inst/inst/Cols_c_U/U_Canny_Filter_fifo_w32_d2_S_ShiftReg/tmp_product_i_79__1/CO[3]
                         net (fo=1, routed)           0.000     4.855    bd_0_i/hls_inst/inst/Cols_c_U/U_Canny_Filter_fifo_w32_d2_S_ShiftReg/tmp_product_i_79__1_n_0
    SLICE_X31Y3          CARRY4 (Prop_carry4_CI_CO[3])
                                                      0.114     4.969 r  bd_0_i/hls_inst/inst/Cols_c_U/U_Canny_Filter_fifo_w32_d2_S_ShiftReg/tmp_product_i_61__1/CO[3]
                         net (fo=1, routed)           0.000     4.969    bd_0_i/hls_inst/inst/Cols_c_U/U_Canny_Filter_fifo_w32_d2_S_ShiftReg/tmp_product_i_61__1_n_0
    SLICE_X31Y4          CARRY4 (Prop_carry4_CI_CO[3])
                                                      0.114     5.083 r  bd_0_i/hls_inst/inst/Cols_c_U/U_Canny_Filter_fifo_w32_d2_S_ShiftReg/tmp_product_i_43__1/CO[3]
                         net (fo=1, routed)           0.000     5.083    bd_0_i/hls_inst/inst/Cols_c_U/U_Canny_Filter_fifo_w32_d2_S_ShiftReg/tmp_product_i_43__1_n_0
    SLICE_X31Y5          CARRY4 (Prop_carry4_CI_CO[3])
                                                      0.114     5.197 r  bd_0_i/hls_inst/inst/Cols_c_U/U_Canny_Filter_fifo_w32_d2_S_ShiftReg/tmp_product_i_33__2/CO[3]
                         net (fo=31, routed)          0.981     6.178    bd_0_i/hls_inst/inst/Cols_c_U/U_Canny_Filter_fifo_w32_d2_S_ShiftReg/tmp_product_i_33__2_n_0
    SLICE_X31Y7          LUT4 (Prop_lut4_I0_O)        0.124     6.302 r  bd_0_i/hls_inst/inst/Cols_c_U/U_Canny_Filter_fifo_w32_d2_S_ShiftReg/buff0_reg_i_6__1/O
                         net (fo=2, routed)           1.207     7.509    bd_0_i/hls_inst/inst/Hysteresis_Filter_U0/mul_31ns_31ns_62_2_1_U80/buff0_reg_0[8]
    DSP48_X2Y5           DSP48E1                                      r  bd_0_i/hls_inst/inst/Hysteresis_Filter_U0/mul_31ns_31ns_62_2_1_U80/buff0_reg/B[8]
  -------------------------------------------------------------------    -------------------

                         (clock ap_clk rise edge)    10.000    10.000 r  <hidden>
                                                      0.000    10.000 r  ap_clk
                         net (fo=3972, unset)         0.924    10.924    bd_0_i/hls_inst/inst/Hysteresis_Filter_U0/mul_31ns_31ns_62_2_1_U80/ap_clk
    DSP48_X2Y5           DSP48E1                                      r  bd_0_i/hls_inst/inst/Hysteresis_Filter_U0/mul_31ns_31ns_62_2_1_U80/buff0_reg/CLK
                         clock pessimism              0.000    10.924    <hidden>
                         clock uncertainty           -0.035    10.889    <hidden>
    DSP48_X2Y5           DSP48E1 (Setup_dsp48e1_CLK_B[8])
                                                     -0.450    10.439    bd_0_i/hls_inst/inst/Hysteresis_Filter_U0/mul_31ns_31ns_62_2_1_U80/buff0_reg
  -------------------------------------------------------------------
                         required time                         10.439    <hidden>
                         arrival time                          -7.509    <hidden>
  -------------------------------------------------------------------
                         slack                                  2.930    <hidden>

Slack (MET) :             2.946ns  (required time - arrival time)
  Source:                 bd_0_i/hls_inst/inst/Cols_c_U/addr_reg[0]/C
                            (rising edge-triggered cell FDRE clocked by ap_clk  {rise@0.000ns fall@5.000ns period=10.000ns})
  Destination:            bd_0_i/hls_inst/inst/Hysteresis_Filter_U0/mul_31ns_31ns_62_2_1_U80/buff0_reg/B[12]
                            (rising edge-triggered cell DSP48E1 clocked by ap_clk  {rise@0.000ns fall@5.000ns period=10.000ns})
  Path Group:             ap_clk
  Path Type:              Setup (Max at Slow Process Corner)
  Requirement:            10.000ns  (ap_clk rise@10.000ns - ap_clk rise@0.000ns)
  Data Path Delay:        6.520ns  (logic 1.509ns (23.144%)  route 5.011ns (76.856%))
  Logic Levels:           6  (CARRY4=4 LUT4=1 LUT5=1)
  Clock Path Skew:        -0.049ns (DCD - SCD + CPR)
    Destination Clock Delay (DCD):    0.924ns = ( 10.924 - 10.000 ) 
    Source Clock Delay      (SCD):    0.973ns
    Clock Pessimism Removal (CPR):    0.000ns
  Clock Uncertainty:      0.035ns  ((TSJ^2 + TIJ^2)^1/2 + DJ) / 2 + PE
    Total System Jitter     (TSJ):    0.071ns
    Total Input Jitter      (TIJ):    0.000ns
    Discrete Jitter          (DJ):    0.000ns
    Phase Error              (PE):    0.000ns

    Location             Delay type                Incr(ns)  Path(ns)    Netlist Resource(s)
  -------------------------------------------------------------------    -------------------
                         (clock ap_clk rise edge)     0.000     0.000 r  <hidden>
                                                      0.000     0.000 r  ap_clk
                         net (fo=3972, unset)         0.973     0.973    bd_0_i/hls_inst/inst/Cols_c_U/ap_clk
    SLICE_X38Y18         FDRE                                         r  bd_0_i/hls_inst/inst/Cols_c_U/addr_reg[0]/C
  -------------------------------------------------------------------    -------------------
    SLICE_X38Y18         FDRE (Prop_fdre_C_Q)         0.518     1.491 r  bd_0_i/hls_inst/inst/Cols_c_U/addr_reg[0]/Q
                         net (fo=96, routed)          2.839     4.330    bd_0_i/hls_inst/inst/Cols_c_U/U_Canny_Filter_fifo_w32_d2_S_ShiftReg/tmp_product
    SLICE_X31Y2          LUT5 (Prop_lut5_I2_O)        0.124     4.454 r  bd_0_i/hls_inst/inst/Cols_c_U/U_Canny_Filter_fifo_w32_d2_S_ShiftReg/tmp_product_i_100__1/O
                         net (fo=1, routed)           0.000     4.454    bd_0_i/hls_inst/inst/Cols_c_U/U_Canny_Filter_fifo_w32_d2_S_ShiftReg/tmp_product_i_100__1_n_0
    SLICE_X31Y2          CARRY4 (Prop_carry4_S[3]_CO[3])
                                                      0.401     4.855 r  bd_0_i/hls_inst/inst/Cols_c_U/U_Canny_Filter_fifo_w32_d2_S_ShiftReg/tmp_product_i_79__1/CO[3]
                         net (fo=1, routed)           0.000     4.855    bd_0_i/hls_inst/inst/Cols_c_U/U_Canny_Filter_fifo_w32_d2_S_ShiftReg/tmp_product_i_79__1_n_0
    SLICE_X31Y3          CARRY4 (Prop_carry4_CI_CO[3])
                                                      0.114     4.969 r  bd_0_i/hls_inst/inst/Cols_c_U/U_Canny_Filter_fifo_w32_d2_S_ShiftReg/tmp_product_i_61__1/CO[3]
                         net (fo=1, routed)           0.000     4.969    bd_0_i/hls_inst/inst/Cols_c_U/U_Canny_Filter_fifo_w32_d2_S_ShiftReg/tmp_product_i_61__1_n_0
    SLICE_X31Y4          CARRY4 (Prop_carry4_CI_CO[3])
                                                      0.114     5.083 r  bd_0_i/hls_inst/inst/Cols_c_U/U_Canny_Filter_fifo_w32_d2_S_ShiftReg/tmp_product_i_43__1/CO[3]
                         net (fo=1, routed)           0.000     5.083    bd_0_i/hls_inst/inst/Cols_c_U/U_Canny_Filter_fifo_w32_d2_S_ShiftReg/tmp_product_i_43__1_n_0
    SLICE_X31Y5          CARRY4 (Prop_carry4_CI_CO[3])
                                                      0.114     5.197 r  bd_0_i/hls_inst/inst/Cols_c_U/U_Canny_Filter_fifo_w32_d2_S_ShiftReg/tmp_product_i_33__2/CO[3]
                         net (fo=31, routed)          1.349     6.546    bd_0_i/hls_inst/inst/Cols_c_U/U_Canny_Filter_fifo_w32_d2_S_ShiftReg/tmp_product_i_33__2_n_0
    SLICE_X35Y7          LUT4 (Prop_lut4_I0_O)        0.124     6.670 r  bd_0_i/hls_inst/inst/Cols_c_U/U_Canny_Filter_fifo_w32_d2_S_ShiftReg/buff0_reg_i_2__1/O
                         net (fo=2, routed)           0.823     7.493    bd_0_i/hls_inst/inst/Hysteresis_Filter_U0/mul_31ns_31ns_62_2_1_U80/buff0_reg_0[12]
    DSP48_X2Y5           DSP48E1                                      r  bd_0_i/hls_inst/inst/Hysteresis_Filter_U0/mul_31ns_31ns_62_2_1_U80/buff0_reg/B[12]
  -------------------------------------------------------------------    -------------------

                         (clock ap_clk rise edge)    10.000    10.000 r  <hidden>
                                                      0.000    10.000 r  ap_clk
                         net (fo=3972, unset)         0.924    10.924    bd_0_i/hls_inst/inst/Hysteresis_Filter_U0/mul_31ns_31ns_62_2_1_U80/ap_clk
    DSP48_X2Y5           DSP48E1                                      r  bd_0_i/hls_inst/inst/Hysteresis_Filter_U0/mul_31ns_31ns_62_2_1_U80/buff0_reg/CLK
                         clock pessimism              0.000    10.924    <hidden>
                         clock uncertainty           -0.035    10.889    <hidden>
    DSP48_X2Y5           DSP48E1 (Setup_dsp48e1_CLK_B[12])
                                                     -0.450    10.439    bd_0_i/hls_inst/inst/Hysteresis_Filter_U0/mul_31ns_31ns_62_2_1_U80/buff0_reg
  -------------------------------------------------------------------
                         required time                         10.439    <hidden>
                         arrival time                          -7.493    <hidden>
  -------------------------------------------------------------------
                         slack                                  2.946    <hidden>

Slack (MET) :             2.955ns  (required time - arrival time)
  Source:                 bd_0_i/hls_inst/inst/Cols_c_U/addr_reg[0]/C
                            (rising edge-triggered cell FDRE clocked by ap_clk  {rise@0.000ns fall@5.000ns period=10.000ns})
  Destination:            bd_0_i/hls_inst/inst/Hysteresis_Filter_U0/mul_31ns_31ns_62_2_1_U80/tmp_product/A[9]
                            (rising edge-triggered cell DSP48E1 clocked by ap_clk  {rise@0.000ns fall@5.000ns period=10.000ns})
  Path Group:             ap_clk
  Path Type:              Setup (Max at Slow Process Corner)
  Requirement:            10.000ns  (ap_clk rise@10.000ns - ap_clk rise@0.000ns)
  Data Path Delay:        6.599ns  (logic 1.509ns (22.866%)  route 5.090ns (77.134%))
  Logic Levels:           6  (CARRY4=4 LUT4=1 LUT5=1)
  Clock Path Skew:        -0.049ns (DCD - SCD + CPR)
    Destination Clock Delay (DCD):    0.924ns = ( 10.924 - 10.000 ) 
    Source Clock Delay      (SCD):    0.973ns
    Clock Pessimism Removal (CPR):    0.000ns
  Clock Uncertainty:      0.035ns  ((TSJ^2 + TIJ^2)^1/2 + DJ) / 2 + PE
    Total System Jitter     (TSJ):    0.071ns
    Total Input Jitter      (TIJ):    0.000ns
    Discrete Jitter          (DJ):    0.000ns
    Phase Error              (PE):    0.000ns

    Location             Delay type                Incr(ns)  Path(ns)    Netlist Resource(s)
  -------------------------------------------------------------------    -------------------
                         (clock ap_clk rise edge)     0.000     0.000 r  <hidden>
                                                      0.000     0.000 r  ap_clk
                         net (fo=3972, unset)         0.973     0.973    bd_0_i/hls_inst/inst/Cols_c_U/ap_clk
    SLICE_X38Y18         FDRE                                         r  bd_0_i/hls_inst/inst/Cols_c_U/addr_reg[0]/C
  -------------------------------------------------------------------    -------------------
    SLICE_X38Y18         FDRE (Prop_fdre_C_Q)         0.518     1.491 r  bd_0_i/hls_inst/inst/Cols_c_U/addr_reg[0]/Q
                         net (fo=96, routed)          2.839     4.330    bd_0_i/hls_inst/inst/Cols_c_U/U_Canny_Filter_fifo_w32_d2_S_ShiftReg/tmp_product
    SLICE_X31Y2          LUT5 (Prop_lut5_I2_O)        0.124     4.454 r  bd_0_i/hls_inst/inst/Cols_c_U/U_Canny_Filter_fifo_w32_d2_S_ShiftReg/tmp_product_i_100__1/O
                         net (fo=1, routed)           0.000     4.454    bd_0_i/hls_inst/inst/Cols_c_U/U_Canny_Filter_fifo_w32_d2_S_ShiftReg/tmp_product_i_100__1_n_0
    SLICE_X31Y2          CARRY4 (Prop_carry4_S[3]_CO[3])
                                                      0.401     4.855 r  bd_0_i/hls_inst/inst/Cols_c_U/U_Canny_Filter_fifo_w32_d2_S_ShiftReg/tmp_product_i_79__1/CO[3]
                         net (fo=1, routed)           0.000     4.855    bd_0_i/hls_inst/inst/Cols_c_U/U_Canny_Filter_fifo_w32_d2_S_ShiftReg/tmp_product_i_79__1_n_0
    SLICE_X31Y3          CARRY4 (Prop_carry4_CI_CO[3])
                                                      0.114     4.969 r  bd_0_i/hls_inst/inst/Cols_c_U/U_Canny_Filter_fifo_w32_d2_S_ShiftReg/tmp_product_i_61__1/CO[3]
                         net (fo=1, routed)           0.000     4.969    bd_0_i/hls_inst/inst/Cols_c_U/U_Canny_Filter_fifo_w32_d2_S_ShiftReg/tmp_product_i_61__1_n_0
    SLICE_X31Y4          CARRY4 (Prop_carry4_CI_CO[3])
                                                      0.114     5.083 r  bd_0_i/hls_inst/inst/Cols_c_U/U_Canny_Filter_fifo_w32_d2_S_ShiftReg/tmp_product_i_43__1/CO[3]
                         net (fo=1, routed)           0.000     5.083    bd_0_i/hls_inst/inst/Cols_c_U/U_Canny_Filter_fifo_w32_d2_S_ShiftReg/tmp_product_i_43__1_n_0
    SLICE_X31Y5          CARRY4 (Prop_carry4_CI_CO[3])
                                                      0.114     5.197 r  bd_0_i/hls_inst/inst/Cols_c_U/U_Canny_Filter_fifo_w32_d2_S_ShiftReg/tmp_product_i_33__2/CO[3]
                         net (fo=31, routed)          1.369     6.566    bd_0_i/hls_inst/inst/Cols_c_U/U_Canny_Filter_fifo_w32_d2_S_ShiftReg/tmp_product_i_33__2_n_0
    SLICE_X32Y3          LUT4 (Prop_lut4_I0_O)        0.124     6.690 r  bd_0_i/hls_inst/inst/Cols_c_U/U_Canny_Filter_fifo_w32_d2_S_ShiftReg/tmp_product_i_22__1/O
                         net (fo=2, routed)           0.882     7.572    bd_0_i/hls_inst/inst/Hysteresis_Filter_U0/mul_31ns_31ns_62_2_1_U80/A[9]
    DSP48_X2Y4           DSP48E1                                      r  bd_0_i/hls_inst/inst/Hysteresis_Filter_U0/mul_31ns_31ns_62_2_1_U80/tmp_product/A[9]
  -------------------------------------------------------------------    -------------------

                         (clock ap_clk rise edge)    10.000    10.000 r  <hidden>
                                                      0.000    10.000 r  ap_clk
                         net (fo=3972, unset)         0.924    10.924    bd_0_i/hls_inst/inst/Hysteresis_Filter_U0/mul_31ns_31ns_62_2_1_U80/ap_clk
    DSP48_X2Y4           DSP48E1                                      r  bd_0_i/hls_inst/inst/Hysteresis_Filter_U0/mul_31ns_31ns_62_2_1_U80/tmp_product/CLK
                         clock pessimism              0.000    10.924    <hidden>
                         clock uncertainty           -0.035    10.889    <hidden>
    DSP48_X2Y4           DSP48E1 (Setup_dsp48e1_CLK_A[9])
                                                     -0.362    10.527    bd_0_i/hls_inst/inst/Hysteresis_Filter_U0/mul_31ns_31ns_62_2_1_U80/tmp_product
  -------------------------------------------------------------------
                         required time                         10.527    <hidden>
                         arrival time                          -7.572    <hidden>
  -------------------------------------------------------------------
                         slack                                  2.955    <hidden>

Slack (MET) :             2.982ns  (required time - arrival time)
  Source:                 bd_0_i/hls_inst/inst/Cols_c_U/addr_reg[0]/C
                            (rising edge-triggered cell FDRE clocked by ap_clk  {rise@0.000ns fall@5.000ns period=10.000ns})
  Destination:            bd_0_i/hls_inst/inst/Hysteresis_Filter_U0/mul_31ns_31ns_62_2_1_U80/tmp_product/A[1]
                            (rising edge-triggered cell DSP48E1 clocked by ap_clk  {rise@0.000ns fall@5.000ns period=10.000ns})
  Path Group:             ap_clk
  Path Type:              Setup (Max at Slow Process Corner)
  Requirement:            10.000ns  (ap_clk rise@10.000ns - ap_clk rise@0.000ns)
  Data Path Delay:        6.572ns  (logic 1.509ns (22.961%)  route 5.063ns (77.039%))
  Logic Levels:           6  (CARRY4=4 LUT4=1 LUT5=1)
  Clock Path Skew:        -0.049ns (DCD - SCD + CPR)
    Destination Clock Delay (DCD):    0.924ns = ( 10.924 - 10.000 ) 
    Source Clock Delay      (SCD):    0.973ns
    Clock Pessimism Removal (CPR):    0.000ns
  Clock Uncertainty:      0.035ns  ((TSJ^2 + TIJ^2)^1/2 + DJ) / 2 + PE
    Total System Jitter     (TSJ):    0.071ns
    Total Input Jitter      (TIJ):    0.000ns
    Discrete Jitter          (DJ):    0.000ns
    Phase Error              (PE):    0.000ns

    Location             Delay type                Incr(ns)  Path(ns)    Netlist Resource(s)
  -------------------------------------------------------------------    -------------------
                         (clock ap_clk rise edge)     0.000     0.000 r  <hidden>
                                                      0.000     0.000 r  ap_clk
                         net (fo=3972, unset)         0.973     0.973    bd_0_i/hls_inst/inst/Cols_c_U/ap_clk
    SLICE_X38Y18         FDRE                                         r  bd_0_i/hls_inst/inst/Cols_c_U/addr_reg[0]/C
  -------------------------------------------------------------------    -------------------
    SLICE_X38Y18         FDRE (Prop_fdre_C_Q)         0.518     1.491 r  bd_0_i/hls_inst/inst/Cols_c_U/addr_reg[0]/Q
                         net (fo=96, routed)          2.839     4.330    bd_0_i/hls_inst/inst/Cols_c_U/U_Canny_Filter_fifo_w32_d2_S_ShiftReg/tmp_product
    SLICE_X31Y2          LUT5 (Prop_lut5_I2_O)        0.124     4.454 r  bd_0_i/hls_inst/inst/Cols_c_U/U_Canny_Filter_fifo_w32_d2_S_ShiftReg/tmp_product_i_100__1/O
                         net (fo=1, routed)           0.000     4.454    bd_0_i/hls_inst/inst/Cols_c_U/U_Canny_Filter_fifo_w32_d2_S_ShiftReg/tmp_product_i_100__1_n_0
    SLICE_X31Y2          CARRY4 (Prop_carry4_S[3]_CO[3])
                                                      0.401     4.855 r  bd_0_i/hls_inst/inst/Cols_c_U/U_Canny_Filter_fifo_w32_d2_S_ShiftReg/tmp_product_i_79__1/CO[3]
                         net (fo=1, routed)           0.000     4.855    bd_0_i/hls_inst/inst/Cols_c_U/U_Canny_Filter_fifo_w32_d2_S_ShiftReg/tmp_product_i_79__1_n_0
    SLICE_X31Y3          CARRY4 (Prop_carry4_CI_CO[3])
                                                      0.114     4.969 r  bd_0_i/hls_inst/inst/Cols_c_U/U_Canny_Filter_fifo_w32_d2_S_ShiftReg/tmp_product_i_61__1/CO[3]
                         net (fo=1, routed)           0.000     4.969    bd_0_i/hls_inst/inst/Cols_c_U/U_Canny_Filter_fifo_w32_d2_S_ShiftReg/tmp_product_i_61__1_n_0
    SLICE_X31Y4          CARRY4 (Prop_carry4_CI_CO[3])
                                                      0.114     5.083 r  bd_0_i/hls_inst/inst/Cols_c_U/U_Canny_Filter_fifo_w32_d2_S_ShiftReg/tmp_product_i_43__1/CO[3]
                         net (fo=1, routed)           0.000     5.083    bd_0_i/hls_inst/inst/Cols_c_U/U_Canny_Filter_fifo_w32_d2_S_ShiftReg/tmp_product_i_43__1_n_0
    SLICE_X31Y5          CARRY4 (Prop_carry4_CI_CO[3])
                                                      0.114     5.197 r  bd_0_i/hls_inst/inst/Cols_c_U/U_Canny_Filter_fifo_w32_d2_S_ShiftReg/tmp_product_i_33__2/CO[3]
                         net (fo=31, routed)          1.098     6.295    bd_0_i/hls_inst/inst/Cols_c_U/U_Canny_Filter_fifo_w32_d2_S_ShiftReg/tmp_product_i_33__2_n_0
    SLICE_X32Y2          LUT4 (Prop_lut4_I0_O)        0.124     6.419 r  bd_0_i/hls_inst/inst/Cols_c_U/U_Canny_Filter_fifo_w32_d2_S_ShiftReg/tmp_product_i_30__1/O
                         net (fo=2, routed)           1.126     7.545    bd_0_i/hls_inst/inst/Hysteresis_Filter_U0/mul_31ns_31ns_62_2_1_U80/A[1]
    DSP48_X2Y4           DSP48E1                                      r  bd_0_i/hls_inst/inst/Hysteresis_Filter_U0/mul_31ns_31ns_62_2_1_U80/tmp_product/A[1]
  -------------------------------------------------------------------    -------------------

                         (clock ap_clk rise edge)    10.000    10.000 r  <hidden>
                                                      0.000    10.000 r  ap_clk
                         net (fo=3972, unset)         0.924    10.924    bd_0_i/hls_inst/inst/Hysteresis_Filter_U0/mul_31ns_31ns_62_2_1_U80/ap_clk
    DSP48_X2Y4           DSP48E1                                      r  bd_0_i/hls_inst/inst/Hysteresis_Filter_U0/mul_31ns_31ns_62_2_1_U80/tmp_product/CLK
                         clock pessimism              0.000    10.924    <hidden>
                         clock uncertainty           -0.035    10.889    <hidden>
    DSP48_X2Y4           DSP48E1 (Setup_dsp48e1_CLK_A[1])
                                                     -0.362    10.527    bd_0_i/hls_inst/inst/Hysteresis_Filter_U0/mul_31ns_31ns_62_2_1_U80/tmp_product
  -------------------------------------------------------------------
                         required time                         10.527    <hidden>
                         arrival time                          -7.545    <hidden>
  -------------------------------------------------------------------
                         slack                                  2.982    <hidden>

Slack (MET) :             2.991ns  (required time - arrival time)
  Source:                 bd_0_i/hls_inst/inst/Cols_c_U/addr_reg[0]/C
                            (rising edge-triggered cell FDRE clocked by ap_clk  {rise@0.000ns fall@5.000ns period=10.000ns})
  Destination:            bd_0_i/hls_inst/inst/Hysteresis_Filter_U0/mul_31ns_31ns_62_2_1_U80/buff0_reg/B[11]
                            (rising edge-triggered cell DSP48E1 clocked by ap_clk  {rise@0.000ns fall@5.000ns period=10.000ns})
  Path Group:             ap_clk
  Path Type:              Setup (Max at Slow Process Corner)
  Requirement:            10.000ns  (ap_clk rise@10.000ns - ap_clk rise@0.000ns)
  Data Path Delay:        6.475ns  (logic 1.509ns (23.304%)  route 4.966ns (76.696%))
  Logic Levels:           6  (CARRY4=4 LUT4=1 LUT5=1)
  Clock Path Skew:        -0.049ns (DCD - SCD + CPR)
    Destination Clock Delay (DCD):    0.924ns = ( 10.924 - 10.000 ) 
    Source Clock Delay      (SCD):    0.973ns
    Clock Pessimism Removal (CPR):    0.000ns
  Clock Uncertainty:      0.035ns  ((TSJ^2 + TIJ^2)^1/2 + DJ) / 2 + PE
    Total System Jitter     (TSJ):    0.071ns
    Total Input Jitter      (TIJ):    0.000ns
    Discrete Jitter          (DJ):    0.000ns
    Phase Error              (PE):    0.000ns

    Location             Delay type                Incr(ns)  Path(ns)    Netlist Resource(s)
  -------------------------------------------------------------------    -------------------
                         (clock ap_clk rise edge)     0.000     0.000 r  <hidden>
                                                      0.000     0.000 r  ap_clk
                         net (fo=3972, unset)         0.973     0.973    bd_0_i/hls_inst/inst/Cols_c_U/ap_clk
    SLICE_X38Y18         FDRE                                         r  bd_0_i/hls_inst/inst/Cols_c_U/addr_reg[0]/C
  -------------------------------------------------------------------    -------------------
    SLICE_X38Y18         FDRE (Prop_fdre_C_Q)         0.518     1.491 r  bd_0_i/hls_inst/inst/Cols_c_U/addr_reg[0]/Q
                         net (fo=96, routed)          2.839     4.330    bd_0_i/hls_inst/inst/Cols_c_U/U_Canny_Filter_fifo_w32_d2_S_ShiftReg/tmp_product
    SLICE_X31Y2          LUT5 (Prop_lut5_I2_O)        0.124     4.454 r  bd_0_i/hls_inst/inst/Cols_c_U/U_Canny_Filter_fifo_w32_d2_S_ShiftReg/tmp_product_i_100__1/O
                         net (fo=1, routed)           0.000     4.454    bd_0_i/hls_inst/inst/Cols_c_U/U_Canny_Filter_fifo_w32_d2_S_ShiftReg/tmp_product_i_100__1_n_0
    SLICE_X31Y2          CARRY4 (Prop_carry4_S[3]_CO[3])
                                                      0.401     4.855 r  bd_0_i/hls_inst/inst/Cols_c_U/U_Canny_Filter_fifo_w32_d2_S_ShiftReg/tmp_product_i_79__1/CO[3]
                         net (fo=1, routed)           0.000     4.855    bd_0_i/hls_inst/inst/Cols_c_U/U_Canny_Filter_fifo_w32_d2_S_ShiftReg/tmp_product_i_79__1_n_0
    SLICE_X31Y3          CARRY4 (Prop_carry4_CI_CO[3])
                                                      0.114     4.969 r  bd_0_i/hls_inst/inst/Cols_c_U/U_Canny_Filter_fifo_w32_d2_S_ShiftReg/tmp_product_i_61__1/CO[3]
                         net (fo=1, routed)           0.000     4.969    bd_0_i/hls_inst/inst/Cols_c_U/U_Canny_Filter_fifo_w32_d2_S_ShiftReg/tmp_product_i_61__1_n_0
    SLICE_X31Y4          CARRY4 (Prop_carry4_CI_CO[3])
                                                      0.114     5.083 r  bd_0_i/hls_inst/inst/Cols_c_U/U_Canny_Filter_fifo_w32_d2_S_ShiftReg/tmp_product_i_43__1/CO[3]
                         net (fo=1, routed)           0.000     5.083    bd_0_i/hls_inst/inst/Cols_c_U/U_Canny_Filter_fifo_w32_d2_S_ShiftReg/tmp_product_i_43__1_n_0
    SLICE_X31Y5          CARRY4 (Prop_carry4_CI_CO[3])
                                                      0.114     5.197 r  bd_0_i/hls_inst/inst/Cols_c_U/U_Canny_Filter_fifo_w32_d2_S_ShiftReg/tmp_product_i_33__2/CO[3]
                         net (fo=31, routed)          1.228     6.425    bd_0_i/hls_inst/inst/Cols_c_U/U_Canny_Filter_fifo_w32_d2_S_ShiftReg/tmp_product_i_33__2_n_0
    SLICE_X35Y7          LUT4 (Prop_lut4_I0_O)        0.124     6.549 r  bd_0_i/hls_inst/inst/Cols_c_U/U_Canny_Filter_fifo_w32_d2_S_ShiftReg/buff0_reg_i_3__1/O
                         net (fo=2, routed)           0.900     7.448    bd_0_i/hls_inst/inst/Hysteresis_Filter_U0/mul_31ns_31ns_62_2_1_U80/buff0_reg_0[11]
    DSP48_X2Y5           DSP48E1                                      r  bd_0_i/hls_inst/inst/Hysteresis_Filter_U0/mul_31ns_31ns_62_2_1_U80/buff0_reg/B[11]
  -------------------------------------------------------------------    -------------------

                         (clock ap_clk rise edge)    10.000    10.000 r  <hidden>
                                                      0.000    10.000 r  ap_clk
                         net (fo=3972, unset)         0.924    10.924    bd_0_i/hls_inst/inst/Hysteresis_Filter_U0/mul_31ns_31ns_62_2_1_U80/ap_clk
    DSP48_X2Y5           DSP48E1                                      r  bd_0_i/hls_inst/inst/Hysteresis_Filter_U0/mul_31ns_31ns_62_2_1_U80/buff0_reg/CLK
                         clock pessimism              0.000    10.924    <hidden>
                         clock uncertainty           -0.035    10.889    <hidden>
    DSP48_X2Y5           DSP48E1 (Setup_dsp48e1_CLK_B[11])
                                                     -0.450    10.439    bd_0_i/hls_inst/inst/Hysteresis_Filter_U0/mul_31ns_31ns_62_2_1_U80/buff0_reg
  -------------------------------------------------------------------
                         required time                         10.439    <hidden>
                         arrival time                          -7.448    <hidden>
  -------------------------------------------------------------------
                         slack                                  2.991    <hidden>

Slack (MET) :             3.016ns  (required time - arrival time)
  Source:                 bd_0_i/hls_inst/inst/Cols_c_U/addr_reg[0]/C
                            (rising edge-triggered cell FDRE clocked by ap_clk  {rise@0.000ns fall@5.000ns period=10.000ns})
  Destination:            bd_0_i/hls_inst/inst/Hysteresis_Filter_U0/mul_31ns_31ns_62_2_1_U80/tmp_product/A[12]
                            (rising edge-triggered cell DSP48E1 clocked by ap_clk  {rise@0.000ns fall@5.000ns period=10.000ns})
  Path Group:             ap_clk
  Path Type:              Setup (Max at Slow Process Corner)
  Requirement:            10.000ns  (ap_clk rise@10.000ns - ap_clk rise@0.000ns)
  Data Path Delay:        6.538ns  (logic 1.509ns (23.081%)  route 5.029ns (76.919%))
  Logic Levels:           6  (CARRY4=4 LUT4=1 LUT5=1)
  Clock Path Skew:        -0.049ns (DCD - SCD + CPR)
    Destination Clock Delay (DCD):    0.924ns = ( 10.924 - 10.000 ) 
    Source Clock Delay      (SCD):    0.973ns
    Clock Pessimism Removal (CPR):    0.000ns
  Clock Uncertainty:      0.035ns  ((TSJ^2 + TIJ^2)^1/2 + DJ) / 2 + PE
    Total System Jitter     (TSJ):    0.071ns
    Total Input Jitter      (TIJ):    0.000ns
    Discrete Jitter          (DJ):    0.000ns
    Phase Error              (PE):    0.000ns

    Location             Delay type                Incr(ns)  Path(ns)    Netlist Resource(s)
  -------------------------------------------------------------------    -------------------
                         (clock ap_clk rise edge)     0.000     0.000 r  <hidden>
                                                      0.000     0.000 r  ap_clk
                         net (fo=3972, unset)         0.973     0.973    bd_0_i/hls_inst/inst/Cols_c_U/ap_clk
    SLICE_X38Y18         FDRE                                         r  bd_0_i/hls_inst/inst/Cols_c_U/addr_reg[0]/C
  -------------------------------------------------------------------    -------------------
    SLICE_X38Y18         FDRE (Prop_fdre_C_Q)         0.518     1.491 r  bd_0_i/hls_inst/inst/Cols_c_U/addr_reg[0]/Q
                         net (fo=96, routed)          2.839     4.330    bd_0_i/hls_inst/inst/Cols_c_U/U_Canny_Filter_fifo_w32_d2_S_ShiftReg/tmp_product
    SLICE_X31Y2          LUT5 (Prop_lut5_I2_O)        0.124     4.454 r  bd_0_i/hls_inst/inst/Cols_c_U/U_Canny_Filter_fifo_w32_d2_S_ShiftReg/tmp_product_i_100__1/O
                         net (fo=1, routed)           0.000     4.454    bd_0_i/hls_inst/inst/Cols_c_U/U_Canny_Filter_fifo_w32_d2_S_ShiftReg/tmp_product_i_100__1_n_0
    SLICE_X31Y2          CARRY4 (Prop_carry4_S[3]_CO[3])
                                                      0.401     4.855 r  bd_0_i/hls_inst/inst/Cols_c_U/U_Canny_Filter_fifo_w32_d2_S_ShiftReg/tmp_product_i_79__1/CO[3]
                         net (fo=1, routed)           0.000     4.855    bd_0_i/hls_inst/inst/Cols_c_U/U_Canny_Filter_fifo_w32_d2_S_ShiftReg/tmp_product_i_79__1_n_0
    SLICE_X31Y3          CARRY4 (Prop_carry4_CI_CO[3])
                                                      0.114     4.969 r  bd_0_i/hls_inst/inst/Cols_c_U/U_Canny_Filter_fifo_w32_d2_S_ShiftReg/tmp_product_i_61__1/CO[3]
                         net (fo=1, routed)           0.000     4.969    bd_0_i/hls_inst/inst/Cols_c_U/U_Canny_Filter_fifo_w32_d2_S_ShiftReg/tmp_product_i_61__1_n_0
    SLICE_X31Y4          CARRY4 (Prop_carry4_CI_CO[3])
                                                      0.114     5.083 r  bd_0_i/hls_inst/inst/Cols_c_U/U_Canny_Filter_fifo_w32_d2_S_ShiftReg/tmp_product_i_43__1/CO[3]
                         net (fo=1, routed)           0.000     5.083    bd_0_i/hls_inst/inst/Cols_c_U/U_Canny_Filter_fifo_w32_d2_S_ShiftReg/tmp_product_i_43__1_n_0
    SLICE_X31Y5          CARRY4 (Prop_carry4_CI_CO[3])
                                                      0.114     5.197 r  bd_0_i/hls_inst/inst/Cols_c_U/U_Canny_Filter_fifo_w32_d2_S_ShiftReg/tmp_product_i_33__2/CO[3]
                         net (fo=31, routed)          0.964     6.161    bd_0_i/hls_inst/inst/Cols_c_U/U_Canny_Filter_fifo_w32_d2_S_ShiftReg/tmp_product_i_33__2_n_0
    SLICE_X35Y4          LUT4 (Prop_lut4_I0_O)        0.124     6.285 r  bd_0_i/hls_inst/inst/Cols_c_U/U_Canny_Filter_fifo_w32_d2_S_ShiftReg/tmp_product_i_19__1/O
                         net (fo=2, routed)           1.226     7.511    bd_0_i/hls_inst/inst/Hysteresis_Filter_U0/mul_31ns_31ns_62_2_1_U80/A[12]
    DSP48_X2Y4           DSP48E1                                      r  bd_0_i/hls_inst/inst/Hysteresis_Filter_U0/mul_31ns_31ns_62_2_1_U80/tmp_product/A[12]
  -------------------------------------------------------------------    -------------------

                         (clock ap_clk rise edge)    10.000    10.000 r  <hidden>
                                                      0.000    10.000 r  ap_clk
                         net (fo=3972, unset)         0.924    10.924    bd_0_i/hls_inst/inst/Hysteresis_Filter_U0/mul_31ns_31ns_62_2_1_U80/ap_clk
    DSP48_X2Y4           DSP48E1                                      r  bd_0_i/hls_inst/inst/Hysteresis_Filter_U0/mul_31ns_31ns_62_2_1_U80/tmp_product/CLK
                         clock pessimism              0.000    10.924    <hidden>
                         clock uncertainty           -0.035    10.889    <hidden>
    DSP48_X2Y4           DSP48E1 (Setup_dsp48e1_CLK_A[12])
                                                     -0.362    10.527    bd_0_i/hls_inst/inst/Hysteresis_Filter_U0/mul_31ns_31ns_62_2_1_U80/tmp_product
  -------------------------------------------------------------------
                         required time                         10.527    <hidden>
                         arrival time                          -7.511    <hidden>
  -------------------------------------------------------------------
                         slack                                  3.016    <hidden>

Slack (MET) :             3.060ns  (required time - arrival time)
  Source:                 bd_0_i/hls_inst/inst/Cols_c_U/addr_reg[0]/C
                            (rising edge-triggered cell FDRE clocked by ap_clk  {rise@0.000ns fall@5.000ns period=10.000ns})
  Destination:            bd_0_i/hls_inst/inst/Hysteresis_Filter_U0/mul_31ns_31ns_62_2_1_U80/tmp_product__0/B[9]
                            (rising edge-triggered cell DSP48E1 clocked by ap_clk  {rise@0.000ns fall@5.000ns period=10.000ns})
  Path Group:             ap_clk
  Path Type:              Setup (Max at Slow Process Corner)
  Requirement:            10.000ns  (ap_clk rise@10.000ns - ap_clk rise@0.000ns)
  Data Path Delay:        6.406ns  (logic 1.509ns (23.556%)  route 4.897ns (76.444%))
  Logic Levels:           6  (CARRY4=4 LUT4=1 LUT5=1)
  Clock Path Skew:        -0.049ns (DCD - SCD + CPR)
    Destination Clock Delay (DCD):    0.924ns = ( 10.924 - 10.000 ) 
    Source Clock Delay      (SCD):    0.973ns
    Clock Pessimism Removal (CPR):    0.000ns
  Clock Uncertainty:      0.035ns  ((TSJ^2 + TIJ^2)^1/2 + DJ) / 2 + PE
    Total System Jitter     (TSJ):    0.071ns
    Total Input Jitter      (TIJ):    0.000ns
    Discrete Jitter          (DJ):    0.000ns
    Phase Error              (PE):    0.000ns

    Location             Delay type                Incr(ns)  Path(ns)    Netlist Resource(s)
  -------------------------------------------------------------------    -------------------
                         (clock ap_clk rise edge)     0.000     0.000 r  <hidden>
                                                      0.000     0.000 r  ap_clk
                         net (fo=3972, unset)         0.973     0.973    bd_0_i/hls_inst/inst/Cols_c_U/ap_clk
    SLICE_X38Y18         FDRE                                         r  bd_0_i/hls_inst/inst/Cols_c_U/addr_reg[0]/C
  -------------------------------------------------------------------    -------------------
    SLICE_X38Y18         FDRE (Prop_fdre_C_Q)         0.518     1.491 r  bd_0_i/hls_inst/inst/Cols_c_U/addr_reg[0]/Q
                         net (fo=96, routed)          2.839     4.330    bd_0_i/hls_inst/inst/Cols_c_U/U_Canny_Filter_fifo_w32_d2_S_ShiftReg/tmp_product
    SLICE_X31Y2          LUT5 (Prop_lut5_I2_O)        0.124     4.454 r  bd_0_i/hls_inst/inst/Cols_c_U/U_Canny_Filter_fifo_w32_d2_S_ShiftReg/tmp_product_i_100__1/O
                         net (fo=1, routed)           0.000     4.454    bd_0_i/hls_inst/inst/Cols_c_U/U_Canny_Filter_fifo_w32_d2_S_ShiftReg/tmp_product_i_100__1_n_0
    SLICE_X31Y2          CARRY4 (Prop_carry4_S[3]_CO[3])
                                                      0.401     4.855 r  bd_0_i/hls_inst/inst/Cols_c_U/U_Canny_Filter_fifo_w32_d2_S_ShiftReg/tmp_product_i_79__1/CO[3]
                         net (fo=1, routed)           0.000     4.855    bd_0_i/hls_inst/inst/Cols_c_U/U_Canny_Filter_fifo_w32_d2_S_ShiftReg/tmp_product_i_79__1_n_0
    SLICE_X31Y3          CARRY4 (Prop_carry4_CI_CO[3])
                                                      0.114     4.969 r  bd_0_i/hls_inst/inst/Cols_c_U/U_Canny_Filter_fifo_w32_d2_S_ShiftReg/tmp_product_i_61__1/CO[3]
                         net (fo=1, routed)           0.000     4.969    bd_0_i/hls_inst/inst/Cols_c_U/U_Canny_Filter_fifo_w32_d2_S_ShiftReg/tmp_product_i_61__1_n_0
    SLICE_X31Y4          CARRY4 (Prop_carry4_CI_CO[3])
                                                      0.114     5.083 r  bd_0_i/hls_inst/inst/Cols_c_U/U_Canny_Filter_fifo_w32_d2_S_ShiftReg/tmp_product_i_43__1/CO[3]
                         net (fo=1, routed)           0.000     5.083    bd_0_i/hls_inst/inst/Cols_c_U/U_Canny_Filter_fifo_w32_d2_S_ShiftReg/tmp_product_i_43__1_n_0
    SLICE_X31Y5          CARRY4 (Prop_carry4_CI_CO[3])
                                                      0.114     5.197 r  bd_0_i/hls_inst/inst/Cols_c_U/U_Canny_Filter_fifo_w32_d2_S_ShiftReg/tmp_product_i_33__2/CO[3]
                         net (fo=31, routed)          1.369     6.566    bd_0_i/hls_inst/inst/Cols_c_U/U_Canny_Filter_fifo_w32_d2_S_ShiftReg/tmp_product_i_33__2_n_0
    SLICE_X32Y3          LUT4 (Prop_lut4_I0_O)        0.124     6.690 r  bd_0_i/hls_inst/inst/Cols_c_U/U_Canny_Filter_fifo_w32_d2_S_ShiftReg/tmp_product_i_22__1/O
                         net (fo=2, routed)           0.689     7.379    bd_0_i/hls_inst/inst/Hysteresis_Filter_U0/mul_31ns_31ns_62_2_1_U80/A[9]
    DSP48_X2Y2           DSP48E1                                      r  bd_0_i/hls_inst/inst/Hysteresis_Filter_U0/mul_31ns_31ns_62_2_1_U80/tmp_product__0/B[9]
  -------------------------------------------------------------------    -------------------

                         (clock ap_clk rise edge)    10.000    10.000 r  <hidden>
                                                      0.000    10.000 r  ap_clk
                         net (fo=3972, unset)         0.924    10.924    bd_0_i/hls_inst/inst/Hysteresis_Filter_U0/mul_31ns_31ns_62_2_1_U80/ap_clk
    DSP48_X2Y2           DSP48E1                                      r  bd_0_i/hls_inst/inst/Hysteresis_Filter_U0/mul_31ns_31ns_62_2_1_U80/tmp_product__0/CLK
                         clock pessimism              0.000    10.924    <hidden>
                         clock uncertainty           -0.035    10.889    <hidden>
    DSP48_X2Y2           DSP48E1 (Setup_dsp48e1_CLK_B[9])
                                                     -0.450    10.439    bd_0_i/hls_inst/inst/Hysteresis_Filter_U0/mul_31ns_31ns_62_2_1_U80/tmp_product__0
  -------------------------------------------------------------------
                         required time                         10.439    <hidden>
                         arrival time                          -7.379    <hidden>
  -------------------------------------------------------------------
                         slack                                  3.060    <hidden>




