Copyright 1986-2022 Xilinx, Inc. All Rights Reserved. Copyright 2022-2026 Advanced Micro Devices, Inc. All Rights Reserved.
---------------------------------------------------------------------------------------------------------------------------------------------
| Tool Version : Vivado v.2026.1 (win64) Build 6511674 Tue Jun 16 11:02:23 MDT 2026
| Date         : Wed Sep 23 01:33:30 2026
| Host         : DESKTOP-55UAODO running 64-bit major release  (build 9200)
| Command      : report_control_sets -verbose -file bd_0_wrapper_control_sets_placed.rpt
| Design       : bd_0_wrapper
| Device       : xc7z020
---------------------------------------------------------------------------------------------------------------------------------------------

Control Set Information

Table of Contents
-----------------
1. Summary
2. Histogram
3. Flip-Flop Distribution
4. Detailed Control Set Information

1. Summary
----------

+----------------------------------------------------------+-------+
|                          Status                          | Count |
+----------------------------------------------------------+-------+
| Total control sets                                       |    36 |
|    Minimum number of control sets                        |    36 |
|    Addition due to synthesis replication                 |     0 |
|    Addition due to physical synthesis replication        |     0 |
| Unused register locations in slices containing registers |    95 |
+----------------------------------------------------------+-------+
* Control sets can be merged at opt_design using control_set_merge or merge_equivalent_drivers
** Run report_qor_suggestions for automated merging and remapping suggestions


2. Histogram
------------

+--------------------+-------+
|       Fanout       | Count |
+--------------------+-------+
| Total control sets |    36 |
| >= 0 to < 4        |     0 |
| >= 4 to < 6        |    13 |
| >= 6 to < 8        |     4 |
| >= 8 to < 10       |     0 |
| >= 10 to < 12      |     1 |
| >= 12 to < 14      |     0 |
| >= 14 to < 16      |     0 |
| >= 16              |    18 |
+--------------------+-------+
* Control sets can be remapped at either synth_design or opt_design


3. Flip-Flop Distribution
-------------------------

+--------------+-----------------------+------------------------+-----------------+--------------+
| Clock Enable | Synchronous Set/Reset | Asynchronous Set/Reset | Total Registers | Total Slices |
+--------------+-----------------------+------------------------+-----------------+--------------+
| No           | No                    | No                     |              57 |           15 |
| No           | No                    | Yes                    |               0 |            0 |
| No           | Yes                   | No                     |              71 |           25 |
| Yes          | No                    | No                     |             942 |          222 |
| Yes          | No                    | Yes                    |               0 |            0 |
| Yes          | Yes                   | No                     |             259 |           71 |
+--------------+-----------------------+------------------------+-----------------+--------------+


4. Detailed Control Set Information
-----------------------------------

+--------------+------------------------------------------------------------------------------------------------------------------------------+----------------------------------------------------------------------------------------------------------------------------------------------------------------------------------------------------------------------+------------------+----------------+--------------+
| Clock Signal |                                                         Enable Signal                                                        |                                                                                                   Set/Reset Signal                                                                                                   | Slice Load Count | Bel Load Count | Bels / Slice |
+--------------+------------------------------------------------------------------------------------------------------------------------------+----------------------------------------------------------------------------------------------------------------------------------------------------------------------------------------------------------------------+------------------+----------------+--------------+
|  ap_clk      | bd_0_i/hls_inst/inst/regslice_both_Output_r_V_strb_V_U/load_p1                                                               |                                                                                                                                                                                                                      |                1 |              4 |         4.00 |
|  ap_clk      | bd_0_i/hls_inst/inst/regslice_both_Input_r_V_strb_V_U/load_p1                                                                |                                                                                                                                                                                                                      |                1 |              4 |         4.00 |
|  ap_clk      | bd_0_i/hls_inst/inst/regslice_both_Output_r_V_keep_V_U/load_p1                                                               |                                                                                                                                                                                                                      |                1 |              4 |         4.00 |
|  ap_clk      | bd_0_i/hls_inst/inst/regslice_both_Input_r_V_keep_V_U/load_p2                                                                |                                                                                                                                                                                                                      |                2 |              4 |         2.00 |
|  ap_clk      | bd_0_i/hls_inst/inst/grp_Gaussian_Filter_Pipeline_VITIS_LOOP_25_1_VITIS_LOOP_27_2_fu_86/ack_in_t_reg[0]                      |                                                                                                                                                                                                                      |                1 |              4 |         4.00 |
|  ap_clk      | bd_0_i/hls_inst/inst/grp_Gaussian_Filter_Pipeline_VITIS_LOOP_25_1_VITIS_LOOP_27_2_fu_86/ack_in_t_reg_0[0]                    |                                                                                                                                                                                                                      |                1 |              4 |         4.00 |
|  ap_clk      | bd_0_i/hls_inst/inst/regslice_both_Input_r_V_keep_V_U/load_p1                                                                |                                                                                                                                                                                                                      |                2 |              4 |         2.00 |
|  ap_clk      | bd_0_i/hls_inst/inst/grp_Gaussian_Filter_Pipeline_VITIS_LOOP_25_1_VITIS_LOOP_27_2_fu_86/ap_block_pp0_stage0_subdone          | bd_0_i/hls_inst/inst/control_s_axi_U/SR[0]                                                                                                                                                                           |                1 |              4 |         4.00 |
|  ap_clk      | bd_0_i/hls_inst/inst/regslice_both_Input_r_V_strb_V_U/load_p2                                                                |                                                                                                                                                                                                                      |                1 |              4 |         4.00 |
|  ap_clk      | bd_0_i/hls_inst/inst/regslice_both_Input_r_V_id_V_U/load_p1                                                                  |                                                                                                                                                                                                                      |                2 |              5 |         2.50 |
|  ap_clk      | bd_0_i/hls_inst/inst/grp_Gaussian_Filter_Pipeline_VITIS_LOOP_25_1_VITIS_LOOP_27_2_fu_86/ack_in_t_reg_1[0]                    |                                                                                                                                                                                                                      |                1 |              5 |         5.00 |
|  ap_clk      | bd_0_i/hls_inst/inst/regslice_both_Input_r_V_id_V_U/load_p2                                                                  |                                                                                                                                                                                                                      |                1 |              5 |         5.00 |
|  ap_clk      | bd_0_i/hls_inst/inst/regslice_both_Output_r_V_id_V_U/load_p1                                                                 |                                                                                                                                                                                                                      |                2 |              5 |         2.50 |
|  ap_clk      | bd_0_i/hls_inst/inst/regslice_both_Input_r_V_dest_V_U/load_p1                                                                |                                                                                                                                                                                                                      |                2 |              6 |         3.00 |
|  ap_clk      | bd_0_i/hls_inst/inst/regslice_both_Input_r_V_dest_V_U/load_p2                                                                |                                                                                                                                                                                                                      |                2 |              6 |         3.00 |
|  ap_clk      | bd_0_i/hls_inst/inst/regslice_both_Output_r_V_dest_V_U/load_p1                                                               |                                                                                                                                                                                                                      |                2 |              6 |         3.00 |
|  ap_clk      | bd_0_i/hls_inst/inst/grp_Gaussian_Filter_Pipeline_VITIS_LOOP_25_1_VITIS_LOOP_27_2_fu_86/ack_in_t_reg_2[0]                    |                                                                                                                                                                                                                      |                3 |              6 |         2.00 |
|  ap_clk      | bd_0_i/hls_inst/inst/grp_Gaussian_Filter_Pipeline_VITIS_LOOP_25_1_VITIS_LOOP_27_2_fu_86/ap_block_pp0_stage0_subdone          | bd_0_i/hls_inst/inst/grp_Gaussian_Filter_Pipeline_VITIS_LOOP_25_1_VITIS_LOOP_27_2_fu_86/Line_Buffer_data_addr_reg_663[10]_i_1_n_0                                                                                    |                2 |             11 |         5.50 |
|  ap_clk      | bd_0_i/hls_inst/inst/grp_Gaussian_Filter_Pipeline_VITIS_LOOP_25_1_VITIS_LOOP_27_2_fu_86/Line_Buffer_data_1_U/ce0             | bd_0_i/hls_inst/inst/grp_Gaussian_Filter_Pipeline_VITIS_LOOP_25_1_VITIS_LOOP_27_2_fu_86/flow_control_loop_pipe_sequential_init_U/grp_Gaussian_Filter_Pipeline_VITIS_LOOP_25_1_VITIS_LOOP_27_2_fu_86_ap_start_reg_reg |                5 |             22 |         4.40 |
|  ap_clk      | bd_0_i/hls_inst/inst/grp_Gaussian_Filter_Pipeline_VITIS_LOOP_25_1_VITIS_LOOP_27_2_fu_86/E[0]                                 |                                                                                                                                                                                                                      |                4 |             28 |         7.00 |
|  ap_clk      | bd_0_i/hls_inst/inst/regslice_both_Output_r_V_data_V_U/load_p1                                                               |                                                                                                                                                                                                                      |                8 |             28 |         3.50 |
|  ap_clk      | bd_0_i/hls_inst/inst/regslice_both_Input_r_V_data_V_U/load_p1                                                                |                                                                                                                                                                                                                      |               11 |             32 |         2.91 |
|  ap_clk      | bd_0_i/hls_inst/inst/regslice_both_Input_r_V_data_V_U/load_p2                                                                |                                                                                                                                                                                                                      |               11 |             32 |         2.91 |
|  ap_clk      | bd_0_i/hls_inst/inst/ap_CS_fsm_state1                                                                                        |                                                                                                                                                                                                                      |                8 |             32 |         4.00 |
|  ap_clk      | bd_0_i/hls_inst/inst/control_s_axi_U/int_Cols[31]_i_1_n_0                                                                    | bd_0_i/hls_inst/inst/control_s_axi_U/SR[0]                                                                                                                                                                           |                6 |             32 |         5.33 |
|  ap_clk      | bd_0_i/hls_inst/inst/control_s_axi_U/ar_hs                                                                                   | bd_0_i/hls_inst/inst/control_s_axi_U/rdata[31]_i_1_n_0                                                                                                                                                               |               13 |             32 |         2.46 |
|  ap_clk      | bd_0_i/hls_inst/inst/control_s_axi_U/int_Rows[31]_i_1_n_0                                                                    | bd_0_i/hls_inst/inst/control_s_axi_U/SR[0]                                                                                                                                                                           |                6 |             32 |         5.33 |
|  ap_clk      | bd_0_i/hls_inst/inst/grp_Gaussian_Filter_Pipeline_VITIS_LOOP_25_1_VITIS_LOOP_27_2_fu_86/Output_r_TDATA_reg1                  |                                                                                                                                                                                                                      |               17 |             51 |         3.00 |
|  ap_clk      |                                                                                                                              |                                                                                                                                                                                                                      |               15 |             57 |         3.80 |
|  ap_clk      | bd_0_i/hls_inst/inst/grp_Gaussian_Filter_Pipeline_VITIS_LOOP_25_1_VITIS_LOOP_27_2_fu_86/indvar_flatten_fu_126                | bd_0_i/hls_inst/inst/grp_Gaussian_Filter_Pipeline_VITIS_LOOP_25_1_VITIS_LOOP_27_2_fu_86/flow_control_loop_pipe_sequential_init_U/grp_Gaussian_Filter_Pipeline_VITIS_LOOP_25_1_VITIS_LOOP_27_2_fu_86_ap_start_reg_reg |               16 |             62 |         3.88 |
|  ap_clk      | bd_0_i/hls_inst/inst/ap_CS_fsm_state3                                                                                        |                                                                                                                                                                                                                      |               14 |             62 |         4.43 |
|  ap_clk      | bd_0_i/hls_inst/inst/grp_Gaussian_Filter_Pipeline_VITIS_LOOP_25_1_VITIS_LOOP_27_2_fu_86/Line_Buffer_data_U/E[0]              | bd_0_i/hls_inst/inst/grp_Gaussian_Filter_Pipeline_VITIS_LOOP_25_1_VITIS_LOOP_27_2_fu_86/flow_control_loop_pipe_sequential_init_U/grp_Gaussian_Filter_Pipeline_VITIS_LOOP_25_1_VITIS_LOOP_27_2_fu_86_ap_start_reg_reg |               22 |             64 |         2.91 |
|  ap_clk      | bd_0_i/hls_inst/inst/grp_Gaussian_Filter_Pipeline_VITIS_LOOP_25_1_VITIS_LOOP_27_2_fu_86/p_0_0_0_0120_2400_fu_118[31]_i_1_n_0 |                                                                                                                                                                                                                      |               13 |             64 |         4.92 |
|  ap_clk      |                                                                                                                              | bd_0_i/hls_inst/inst/control_s_axi_U/SR[0]                                                                                                                                                                           |               25 |             71 |         2.84 |
|  ap_clk      | bd_0_i/hls_inst/inst/grp_Gaussian_Filter_Pipeline_VITIS_LOOP_25_1_VITIS_LOOP_27_2_fu_86/p_0_0_0_0120379_fu_1300              |                                                                                                                                                                                                                      |               23 |            126 |         5.48 |
|  ap_clk      | bd_0_i/hls_inst/inst/grp_Gaussian_Filter_Pipeline_VITIS_LOOP_25_1_VITIS_LOOP_27_2_fu_86/ap_block_pp0_stage0_subdone          |                                                                                                                                                                                                                      |               88 |            435 |         4.94 |
+--------------+------------------------------------------------------------------------------------------------------------------------------+----------------------------------------------------------------------------------------------------------------------------------------------------------------------------------------------------------------------+------------------+----------------+--------------+


