Copyright 1986-2022 Xilinx, Inc. All Rights Reserved. Copyright 2022-2026 Advanced Micro Devices, Inc. All Rights Reserved.
---------------------------------------------------------------------------------------------------------------------------------------------
| Tool Version : Vivado v.2026.1 (win64) Build 6511674 Tue Jun 16 11:02:23 MDT 2026
| Date         : Wed Sep 23 01:34:22 2026
| Host         : DESKTOP-55UAODO running 64-bit major release  (build 9200)
| Command      : report_timing -max_paths 10 -file ./report/Gaussian_Filter_timing_paths_routed.rpt
| Design       : bd_0_wrapper
| Device       : 7z020-clg400
| Speed File   : -1  PRODUCTION 1.12 2019-11-22
| Design State : Routed
---------------------------------------------------------------------------------------------------------------------------------------------

Timing Report

Slack (MET) :             3.458ns  (required time - arrival time)
  Source:                 bd_0_i/hls_inst/inst/Cols_read_reg_168_reg[2]/C
                            (rising edge-triggered cell FDRE clocked by ap_clk  {rise@0.000ns fall@5.000ns period=10.000ns})
  Destination:            bd_0_i/hls_inst/inst/grp_Gaussian_Filter_Pipeline_VITIS_LOOP_25_1_VITIS_LOOP_27_2_fu_86/Line_Buffer_data_1_U/ram_reg_1/ADDRARDADDR[6]
                            (rising edge-triggered cell RAMB36E1 clocked by ap_clk  {rise@0.000ns fall@5.000ns period=10.000ns})
  Path Group:             ap_clk
  Path Type:              Setup (Max at Slow Process Corner)
  Requirement:            10.000ns  (ap_clk rise@10.000ns - ap_clk rise@0.000ns)
  Data Path Delay:        5.688ns  (logic 1.680ns (29.535%)  route 4.008ns (70.465%))
  Logic Levels:           6  (CARRY4=4 LUT2=1 LUT4=1)
  Clock Path Skew:        -0.049ns (DCD - SCD + CPR)
    Destination Clock Delay (DCD):    0.924ns = ( 10.924 - 10.000 ) 
    Source Clock Delay      (SCD):    0.973ns
    Clock Pessimism Removal (CPR):    0.000ns
  Clock Uncertainty:      0.035ns  ((TSJ^2 + TIJ^2)^1/2 + DJ) / 2 + PE
    Total System Jitter     (TSJ):    0.071ns
    Total Input Jitter      (TIJ):    0.000ns
    Discrete Jitter          (DJ):    0.000ns
    Phase Error              (PE):    0.000ns

    Location             Delay type                Incr(ns)  Path(ns)    Netlist Resource(s)
  -------------------------------------------------------------------    -------------------
                         (clock ap_clk rise edge)     0.000     0.000 r  <hidden>
                                                      0.000     0.000 r  ap_clk
                         net (fo=1360, unset)         0.973     0.973    bd_0_i/hls_inst/inst/ap_clk
    SLICE_X46Y49         FDRE                                         r  bd_0_i/hls_inst/inst/Cols_read_reg_168_reg[2]/C
  -------------------------------------------------------------------    -------------------
    SLICE_X46Y49         FDRE (Prop_fdre_C_Q)         0.518     1.491 r  bd_0_i/hls_inst/inst/Cols_read_reg_168_reg[2]/Q
                         net (fo=2, routed)           0.967     2.458    bd_0_i/hls_inst/inst/grp_Gaussian_Filter_Pipeline_VITIS_LOOP_25_1_VITIS_LOOP_27_2_fu_86/icmp_ln27_fu_284_p2_carry__2_0[2]
    SLICE_X45Y49         LUT4 (Prop_lut4_I0_O)        0.124     2.582 r  bd_0_i/hls_inst/inst/grp_Gaussian_Filter_Pipeline_VITIS_LOOP_25_1_VITIS_LOOP_27_2_fu_86/icmp_ln27_fu_284_p2_carry_i_7/O
                         net (fo=1, routed)           0.000     2.582    bd_0_i/hls_inst/inst/grp_Gaussian_Filter_Pipeline_VITIS_LOOP_25_1_VITIS_LOOP_27_2_fu_86/icmp_ln27_fu_284_p2_carry_i_7_n_0
    SLICE_X45Y49         CARRY4 (Prop_carry4_S[1]_CO[3])
                                                      0.550     3.132 r  bd_0_i/hls_inst/inst/grp_Gaussian_Filter_Pipeline_VITIS_LOOP_25_1_VITIS_LOOP_27_2_fu_86/icmp_ln27_fu_284_p2_carry/CO[3]
                         net (fo=1, routed)           0.001     3.133    bd_0_i/hls_inst/inst/grp_Gaussian_Filter_Pipeline_VITIS_LOOP_25_1_VITIS_LOOP_27_2_fu_86/icmp_ln27_fu_284_p2_carry_n_0
    SLICE_X45Y50         CARRY4 (Prop_carry4_CI_CO[3])
                                                      0.114     3.247 r  bd_0_i/hls_inst/inst/grp_Gaussian_Filter_Pipeline_VITIS_LOOP_25_1_VITIS_LOOP_27_2_fu_86/icmp_ln27_fu_284_p2_carry__0/CO[3]
                         net (fo=1, routed)           0.000     3.247    bd_0_i/hls_inst/inst/grp_Gaussian_Filter_Pipeline_VITIS_LOOP_25_1_VITIS_LOOP_27_2_fu_86/icmp_ln27_fu_284_p2_carry__0_n_0
    SLICE_X45Y51         CARRY4 (Prop_carry4_CI_CO[3])
                                                      0.114     3.361 r  bd_0_i/hls_inst/inst/grp_Gaussian_Filter_Pipeline_VITIS_LOOP_25_1_VITIS_LOOP_27_2_fu_86/icmp_ln27_fu_284_p2_carry__1/CO[3]
                         net (fo=1, routed)           0.000     3.361    bd_0_i/hls_inst/inst/grp_Gaussian_Filter_Pipeline_VITIS_LOOP_25_1_VITIS_LOOP_27_2_fu_86/icmp_ln27_fu_284_p2_carry__1_n_0
    SLICE_X45Y52         CARRY4 (Prop_carry4_CI_CO[3])
                                                      0.114     3.475 r  bd_0_i/hls_inst/inst/grp_Gaussian_Filter_Pipeline_VITIS_LOOP_25_1_VITIS_LOOP_27_2_fu_86/icmp_ln27_fu_284_p2_carry__2/CO[3]
                         net (fo=26, routed)          1.612     5.086    bd_0_i/hls_inst/inst/grp_Gaussian_Filter_Pipeline_VITIS_LOOP_25_1_VITIS_LOOP_27_2_fu_86/Line_Buffer_data_1_U/CO[0]
    SLICE_X32Y48         LUT2 (Prop_lut2_I0_O)        0.146     5.232 r  bd_0_i/hls_inst/inst/grp_Gaussian_Filter_Pipeline_VITIS_LOOP_25_1_VITIS_LOOP_27_2_fu_86/Line_Buffer_data_1_U/ram_reg_0_i_10__0/O
                         net (fo=4, routed)           1.429     6.661    bd_0_i/hls_inst/inst/grp_Gaussian_Filter_Pipeline_VITIS_LOOP_25_1_VITIS_LOOP_27_2_fu_86/Line_Buffer_data_1_U/address0[2]
    RAMB36_X2Y12         RAMB36E1                                     r  bd_0_i/hls_inst/inst/grp_Gaussian_Filter_Pipeline_VITIS_LOOP_25_1_VITIS_LOOP_27_2_fu_86/Line_Buffer_data_1_U/ram_reg_1/ADDRARDADDR[6]
  -------------------------------------------------------------------    -------------------

                         (clock ap_clk rise edge)    10.000    10.000 r  <hidden>
                                                      0.000    10.000 r  ap_clk
                         net (fo=1360, unset)         0.924    10.924    bd_0_i/hls_inst/inst/grp_Gaussian_Filter_Pipeline_VITIS_LOOP_25_1_VITIS_LOOP_27_2_fu_86/Line_Buffer_data_1_U/ap_clk
    RAMB36_X2Y12         RAMB36E1                                     r  bd_0_i/hls_inst/inst/grp_Gaussian_Filter_Pipeline_VITIS_LOOP_25_1_VITIS_LOOP_27_2_fu_86/Line_Buffer_data_1_U/ram_reg_1/CLKARDCLK
                         clock pessimism              0.000    10.924    <hidden>
                         clock uncertainty           -0.035    10.889    <hidden>
    RAMB36_X2Y12         RAMB36E1 (Setup_ramb36e1_CLKARDCLK_ADDRARDADDR[6])
                                                     -0.770    10.119    bd_0_i/hls_inst/inst/grp_Gaussian_Filter_Pipeline_VITIS_LOOP_25_1_VITIS_LOOP_27_2_fu_86/Line_Buffer_data_1_U/ram_reg_1
  -------------------------------------------------------------------
                         required time                         10.119    <hidden>
                         arrival time                          -6.661    <hidden>
  -------------------------------------------------------------------
                         slack                                  3.458    <hidden>

Slack (MET) :             3.535ns  (required time - arrival time)
  Source:                 bd_0_i/hls_inst/inst/Cols_read_reg_168_reg[2]/C
                            (rising edge-triggered cell FDRE clocked by ap_clk  {rise@0.000ns fall@5.000ns period=10.000ns})
  Destination:            bd_0_i/hls_inst/inst/grp_Gaussian_Filter_Pipeline_VITIS_LOOP_25_1_VITIS_LOOP_27_2_fu_86/addr_cmp25_reg_668_reg[0]/D
                            (rising edge-triggered cell FDRE clocked by ap_clk  {rise@0.000ns fall@5.000ns period=10.000ns})
  Path Group:             ap_clk
  Path Type:              Setup (Max at Slow Process Corner)
  Requirement:            10.000ns  (ap_clk rise@10.000ns - ap_clk rise@0.000ns)
  Data Path Delay:        6.475ns  (logic 3.190ns (49.266%)  route 3.285ns (50.734%))
  Logic Levels:           13  (CARRY4=10 LUT2=1 LUT4=1 LUT6=1)
  Clock Path Skew:        -0.049ns (DCD - SCD + CPR)
    Destination Clock Delay (DCD):    0.924ns = ( 10.924 - 10.000 ) 
    Source Clock Delay      (SCD):    0.973ns
    Clock Pessimism Removal (CPR):    0.000ns
  Clock Uncertainty:      0.035ns  ((TSJ^2 + TIJ^2)^1/2 + DJ) / 2 + PE
    Total System Jitter     (TSJ):    0.071ns
    Total Input Jitter      (TIJ):    0.000ns
    Discrete Jitter          (DJ):    0.000ns
    Phase Error              (PE):    0.000ns

    Location             Delay type                Incr(ns)  Path(ns)    Netlist Resource(s)
  -------------------------------------------------------------------    -------------------
                         (clock ap_clk rise edge)     0.000     0.000 r  <hidden>
                                                      0.000     0.000 r  ap_clk
                         net (fo=1360, unset)         0.973     0.973    bd_0_i/hls_inst/inst/ap_clk
    SLICE_X46Y49         FDRE                                         r  bd_0_i/hls_inst/inst/Cols_read_reg_168_reg[2]/C
  -------------------------------------------------------------------    -------------------
    SLICE_X46Y49         FDRE (Prop_fdre_C_Q)         0.518     1.491 r  bd_0_i/hls_inst/inst/Cols_read_reg_168_reg[2]/Q
                         net (fo=2, routed)           0.967     2.458    bd_0_i/hls_inst/inst/grp_Gaussian_Filter_Pipeline_VITIS_LOOP_25_1_VITIS_LOOP_27_2_fu_86/icmp_ln27_fu_284_p2_carry__2_0[2]
    SLICE_X45Y49         LUT4 (Prop_lut4_I0_O)        0.124     2.582 r  bd_0_i/hls_inst/inst/grp_Gaussian_Filter_Pipeline_VITIS_LOOP_25_1_VITIS_LOOP_27_2_fu_86/icmp_ln27_fu_284_p2_carry_i_7/O
                         net (fo=1, routed)           0.000     2.582    bd_0_i/hls_inst/inst/grp_Gaussian_Filter_Pipeline_VITIS_LOOP_25_1_VITIS_LOOP_27_2_fu_86/icmp_ln27_fu_284_p2_carry_i_7_n_0
    SLICE_X45Y49         CARRY4 (Prop_carry4_S[1]_CO[3])
                                                      0.550     3.132 r  bd_0_i/hls_inst/inst/grp_Gaussian_Filter_Pipeline_VITIS_LOOP_25_1_VITIS_LOOP_27_2_fu_86/icmp_ln27_fu_284_p2_carry/CO[3]
                         net (fo=1, routed)           0.001     3.133    bd_0_i/hls_inst/inst/grp_Gaussian_Filter_Pipeline_VITIS_LOOP_25_1_VITIS_LOOP_27_2_fu_86/icmp_ln27_fu_284_p2_carry_n_0
    SLICE_X45Y50         CARRY4 (Prop_carry4_CI_CO[3])
                                                      0.114     3.247 r  bd_0_i/hls_inst/inst/grp_Gaussian_Filter_Pipeline_VITIS_LOOP_25_1_VITIS_LOOP_27_2_fu_86/icmp_ln27_fu_284_p2_carry__0/CO[3]
                         net (fo=1, routed)           0.000     3.247    bd_0_i/hls_inst/inst/grp_Gaussian_Filter_Pipeline_VITIS_LOOP_25_1_VITIS_LOOP_27_2_fu_86/icmp_ln27_fu_284_p2_carry__0_n_0
    SLICE_X45Y51         CARRY4 (Prop_carry4_CI_CO[3])
                                                      0.114     3.361 r  bd_0_i/hls_inst/inst/grp_Gaussian_Filter_Pipeline_VITIS_LOOP_25_1_VITIS_LOOP_27_2_fu_86/icmp_ln27_fu_284_p2_carry__1/CO[3]
                         net (fo=1, routed)           0.000     3.361    bd_0_i/hls_inst/inst/grp_Gaussian_Filter_Pipeline_VITIS_LOOP_25_1_VITIS_LOOP_27_2_fu_86/icmp_ln27_fu_284_p2_carry__1_n_0
    SLICE_X45Y52         CARRY4 (Prop_carry4_CI_CO[3])
                                                      0.114     3.475 r  bd_0_i/hls_inst/inst/grp_Gaussian_Filter_Pipeline_VITIS_LOOP_25_1_VITIS_LOOP_27_2_fu_86/icmp_ln27_fu_284_p2_carry__2/CO[3]
                         net (fo=26, routed)          1.470     4.944    bd_0_i/hls_inst/inst/grp_Gaussian_Filter_Pipeline_VITIS_LOOP_25_1_VITIS_LOOP_27_2_fu_86/Line_Buffer_data_1_U/CO[0]
    SLICE_X32Y48         LUT2 (Prop_lut2_I0_O)        0.150     5.094 r  bd_0_i/hls_inst/inst/grp_Gaussian_Filter_Pipeline_VITIS_LOOP_25_1_VITIS_LOOP_27_2_fu_86/Line_Buffer_data_1_U/ram_reg_0_i_8__0/O
                         net (fo=4, routed)           0.848     5.942    bd_0_i/hls_inst/inst/grp_Gaussian_Filter_Pipeline_VITIS_LOOP_25_1_VITIS_LOOP_27_2_fu_86/select_ln25_fu_289_p3[4]
    SLICE_X32Y50         LUT6 (Prop_lut6_I4_O)        0.348     6.290 r  bd_0_i/hls_inst/inst/grp_Gaussian_Filter_Pipeline_VITIS_LOOP_25_1_VITIS_LOOP_27_2_fu_86/addr_cmp25_fu_335_p2_carry_i_3/O
                         net (fo=1, routed)           0.000     6.290    bd_0_i/hls_inst/inst/grp_Gaussian_Filter_Pipeline_VITIS_LOOP_25_1_VITIS_LOOP_27_2_fu_86/addr_cmp25_fu_335_p2_carry_i_3_n_0
    SLICE_X32Y50         CARRY4 (Prop_carry4_S[1]_CO[3])
                                                      0.533     6.823 r  bd_0_i/hls_inst/inst/grp_Gaussian_Filter_Pipeline_VITIS_LOOP_25_1_VITIS_LOOP_27_2_fu_86/addr_cmp25_fu_335_p2_carry/CO[3]
                         net (fo=1, routed)           0.000     6.823    bd_0_i/hls_inst/inst/grp_Gaussian_Filter_Pipeline_VITIS_LOOP_25_1_VITIS_LOOP_27_2_fu_86/addr_cmp25_fu_335_p2_carry_n_0
    SLICE_X32Y51         CARRY4 (Prop_carry4_CI_CO[3])
                                                      0.117     6.940 r  bd_0_i/hls_inst/inst/grp_Gaussian_Filter_Pipeline_VITIS_LOOP_25_1_VITIS_LOOP_27_2_fu_86/addr_cmp25_fu_335_p2_carry__0/CO[3]
                         net (fo=1, routed)           0.000     6.940    bd_0_i/hls_inst/inst/grp_Gaussian_Filter_Pipeline_VITIS_LOOP_25_1_VITIS_LOOP_27_2_fu_86/addr_cmp25_fu_335_p2_carry__0_n_0
    SLICE_X32Y52         CARRY4 (Prop_carry4_CI_CO[3])
                                                      0.117     7.057 r  bd_0_i/hls_inst/inst/grp_Gaussian_Filter_Pipeline_VITIS_LOOP_25_1_VITIS_LOOP_27_2_fu_86/addr_cmp25_fu_335_p2_carry__1/CO[3]
                         net (fo=1, routed)           0.000     7.057    bd_0_i/hls_inst/inst/grp_Gaussian_Filter_Pipeline_VITIS_LOOP_25_1_VITIS_LOOP_27_2_fu_86/addr_cmp25_fu_335_p2_carry__1_n_0
    SLICE_X32Y53         CARRY4 (Prop_carry4_CI_CO[3])
                                                      0.117     7.174 r  bd_0_i/hls_inst/inst/grp_Gaussian_Filter_Pipeline_VITIS_LOOP_25_1_VITIS_LOOP_27_2_fu_86/addr_cmp25_fu_335_p2_carry__2/CO[3]
                         net (fo=1, routed)           0.000     7.174    bd_0_i/hls_inst/inst/grp_Gaussian_Filter_Pipeline_VITIS_LOOP_25_1_VITIS_LOOP_27_2_fu_86/addr_cmp25_fu_335_p2_carry__2_n_0
    SLICE_X32Y54         CARRY4 (Prop_carry4_CI_CO[3])
                                                      0.117     7.291 r  bd_0_i/hls_inst/inst/grp_Gaussian_Filter_Pipeline_VITIS_LOOP_25_1_VITIS_LOOP_27_2_fu_86/addr_cmp25_fu_335_p2_carry__3/CO[3]
                         net (fo=1, routed)           0.000     7.291    bd_0_i/hls_inst/inst/grp_Gaussian_Filter_Pipeline_VITIS_LOOP_25_1_VITIS_LOOP_27_2_fu_86/addr_cmp25_fu_335_p2_carry__3_n_0
    SLICE_X32Y55         CARRY4 (Prop_carry4_CI_CO[1])
                                                      0.157     7.448 r  bd_0_i/hls_inst/inst/grp_Gaussian_Filter_Pipeline_VITIS_LOOP_25_1_VITIS_LOOP_27_2_fu_86/addr_cmp25_fu_335_p2_carry__4/CO[1]
                         net (fo=1, routed)           0.000     7.448    bd_0_i/hls_inst/inst/grp_Gaussian_Filter_Pipeline_VITIS_LOOP_25_1_VITIS_LOOP_27_2_fu_86/addr_cmp_fu_344_p2[0]
    SLICE_X32Y55         FDRE                                         r  bd_0_i/hls_inst/inst/grp_Gaussian_Filter_Pipeline_VITIS_LOOP_25_1_VITIS_LOOP_27_2_fu_86/addr_cmp25_reg_668_reg[0]/D
  -------------------------------------------------------------------    -------------------

                         (clock ap_clk rise edge)    10.000    10.000 r  <hidden>
                                                      0.000    10.000 r  ap_clk
                         net (fo=1360, unset)         0.924    10.924    bd_0_i/hls_inst/inst/grp_Gaussian_Filter_Pipeline_VITIS_LOOP_25_1_VITIS_LOOP_27_2_fu_86/ap_clk
    SLICE_X32Y55         FDRE                                         r  bd_0_i/hls_inst/inst/grp_Gaussian_Filter_Pipeline_VITIS_LOOP_25_1_VITIS_LOOP_27_2_fu_86/addr_cmp25_reg_668_reg[0]/C
                         clock pessimism              0.000    10.924    <hidden>
                         clock uncertainty           -0.035    10.889    <hidden>
    SLICE_X32Y55         FDRE (Setup_fdre_C_D)        0.094    10.983    bd_0_i/hls_inst/inst/grp_Gaussian_Filter_Pipeline_VITIS_LOOP_25_1_VITIS_LOOP_27_2_fu_86/addr_cmp25_reg_668_reg[0]
  -------------------------------------------------------------------
                         required time                         10.983    <hidden>
                         arrival time                          -7.448    <hidden>
  -------------------------------------------------------------------
                         slack                                  3.535    <hidden>

Slack (MET) :             3.628ns  (required time - arrival time)
  Source:                 bd_0_i/hls_inst/inst/grp_Gaussian_Filter_Pipeline_VITIS_LOOP_25_1_VITIS_LOOP_27_2_fu_86/indvar_flatten_fu_126_reg[3]/C
                            (rising edge-triggered cell FDRE clocked by ap_clk  {rise@0.000ns fall@5.000ns period=10.000ns})
  Destination:            bd_0_i/hls_inst/inst/grp_Gaussian_Filter_Pipeline_VITIS_LOOP_25_1_VITIS_LOOP_27_2_fu_86/indvar_flatten_fu_126_reg[0]/CE
                            (rising edge-triggered cell FDRE clocked by ap_clk  {rise@0.000ns fall@5.000ns period=10.000ns})
  Path Group:             ap_clk
  Path Type:              Setup (Max at Slow Process Corner)
  Requirement:            10.000ns  (ap_clk rise@10.000ns - ap_clk rise@0.000ns)
  Data Path Delay:        5.916ns  (logic 2.343ns (39.602%)  route 3.573ns (60.398%))
  Logic Levels:           8  (CARRY4=6 LUT3=1 LUT6=1)
  Clock Path Skew:        -0.049ns (DCD - SCD + CPR)
    Destination Clock Delay (DCD):    0.924ns = ( 10.924 - 10.000 ) 
    Source Clock Delay      (SCD):    0.973ns
    Clock Pessimism Removal (CPR):    0.000ns
  Clock Uncertainty:      0.035ns  ((TSJ^2 + TIJ^2)^1/2 + DJ) / 2 + PE
    Total System Jitter     (TSJ):    0.071ns
    Total Input Jitter      (TIJ):    0.000ns
    Discrete Jitter          (DJ):    0.000ns
    Phase Error              (PE):    0.000ns

    Location             Delay type                Incr(ns)  Path(ns)    Netlist Resource(s)
  -------------------------------------------------------------------    -------------------
                         (clock ap_clk rise edge)     0.000     0.000 r  <hidden>
                                                      0.000     0.000 r  ap_clk
                         net (fo=1360, unset)         0.973     0.973    bd_0_i/hls_inst/inst/grp_Gaussian_Filter_Pipeline_VITIS_LOOP_25_1_VITIS_LOOP_27_2_fu_86/ap_clk
    SLICE_X34Y43         FDRE                                         r  bd_0_i/hls_inst/inst/grp_Gaussian_Filter_Pipeline_VITIS_LOOP_25_1_VITIS_LOOP_27_2_fu_86/indvar_flatten_fu_126_reg[3]/C
  -------------------------------------------------------------------    -------------------
    SLICE_X34Y43         FDRE (Prop_fdre_C_Q)         0.518     1.491 r  bd_0_i/hls_inst/inst/grp_Gaussian_Filter_Pipeline_VITIS_LOOP_25_1_VITIS_LOOP_27_2_fu_86/indvar_flatten_fu_126_reg[3]/Q
                         net (fo=2, routed)           1.335     2.826    bd_0_i/hls_inst/inst/grp_Gaussian_Filter_Pipeline_VITIS_LOOP_25_1_VITIS_LOOP_27_2_fu_86/indvar_flatten_fu_126_reg[3]
    SLICE_X35Y48         LUT6 (Prop_lut6_I0_O)        0.124     2.950 r  bd_0_i/hls_inst/inst/grp_Gaussian_Filter_Pipeline_VITIS_LOOP_25_1_VITIS_LOOP_27_2_fu_86/icmp_ln25_fu_261_p2_carry_i_3/O
                         net (fo=1, routed)           0.000     2.950    bd_0_i/hls_inst/inst/grp_Gaussian_Filter_Pipeline_VITIS_LOOP_25_1_VITIS_LOOP_27_2_fu_86/icmp_ln25_fu_261_p2_carry_i_3_n_0
    SLICE_X35Y48         CARRY4 (Prop_carry4_S[1]_CO[3])
                                                      0.550     3.500 r  bd_0_i/hls_inst/inst/grp_Gaussian_Filter_Pipeline_VITIS_LOOP_25_1_VITIS_LOOP_27_2_fu_86/icmp_ln25_fu_261_p2_carry/CO[3]
                         net (fo=1, routed)           0.000     3.500    bd_0_i/hls_inst/inst/grp_Gaussian_Filter_Pipeline_VITIS_LOOP_25_1_VITIS_LOOP_27_2_fu_86/icmp_ln25_fu_261_p2_carry_n_0
    SLICE_X35Y49         CARRY4 (Prop_carry4_CI_CO[3])
                                                      0.114     3.614 r  bd_0_i/hls_inst/inst/grp_Gaussian_Filter_Pipeline_VITIS_LOOP_25_1_VITIS_LOOP_27_2_fu_86/icmp_ln25_fu_261_p2_carry__0/CO[3]
                         net (fo=1, routed)           0.001     3.615    bd_0_i/hls_inst/inst/grp_Gaussian_Filter_Pipeline_VITIS_LOOP_25_1_VITIS_LOOP_27_2_fu_86/icmp_ln25_fu_261_p2_carry__0_n_0
    SLICE_X35Y50         CARRY4 (Prop_carry4_CI_CO[3])
                                                      0.114     3.729 r  bd_0_i/hls_inst/inst/grp_Gaussian_Filter_Pipeline_VITIS_LOOP_25_1_VITIS_LOOP_27_2_fu_86/icmp_ln25_fu_261_p2_carry__1/CO[3]
                         net (fo=1, routed)           0.000     3.729    bd_0_i/hls_inst/inst/grp_Gaussian_Filter_Pipeline_VITIS_LOOP_25_1_VITIS_LOOP_27_2_fu_86/icmp_ln25_fu_261_p2_carry__1_n_0
    SLICE_X35Y51         CARRY4 (Prop_carry4_CI_CO[3])
                                                      0.114     3.843 r  bd_0_i/hls_inst/inst/grp_Gaussian_Filter_Pipeline_VITIS_LOOP_25_1_VITIS_LOOP_27_2_fu_86/icmp_ln25_fu_261_p2_carry__2/CO[3]
                         net (fo=1, routed)           0.000     3.843    bd_0_i/hls_inst/inst/grp_Gaussian_Filter_Pipeline_VITIS_LOOP_25_1_VITIS_LOOP_27_2_fu_86/icmp_ln25_fu_261_p2_carry__2_n_0
    SLICE_X35Y52         CARRY4 (Prop_carry4_CI_CO[3])
                                                      0.114     3.957 r  bd_0_i/hls_inst/inst/grp_Gaussian_Filter_Pipeline_VITIS_LOOP_25_1_VITIS_LOOP_27_2_fu_86/icmp_ln25_fu_261_p2_carry__3/CO[3]
                         net (fo=1, routed)           0.000     3.957    bd_0_i/hls_inst/inst/grp_Gaussian_Filter_Pipeline_VITIS_LOOP_25_1_VITIS_LOOP_27_2_fu_86/icmp_ln25_fu_261_p2_carry__3_n_0
    SLICE_X35Y53         CARRY4 (Prop_carry4_CI_CO[0])
                                                      0.293     4.250 f  bd_0_i/hls_inst/inst/grp_Gaussian_Filter_Pipeline_VITIS_LOOP_25_1_VITIS_LOOP_27_2_fu_86/icmp_ln25_fu_261_p2_carry__4/CO[0]
                         net (fo=5, routed)           0.987     5.236    bd_0_i/hls_inst/inst/grp_Gaussian_Filter_Pipeline_VITIS_LOOP_25_1_VITIS_LOOP_27_2_fu_86/icmp_ln25_fu_261_p2[0]
    SLICE_X40Y57         LUT3 (Prop_lut3_I2_O)        0.402     5.638 r  bd_0_i/hls_inst/inst/grp_Gaussian_Filter_Pipeline_VITIS_LOOP_25_1_VITIS_LOOP_27_2_fu_86/indvar_flatten_fu_126[0]_i_1/O
                         net (fo=62, routed)          1.251     6.889    bd_0_i/hls_inst/inst/grp_Gaussian_Filter_Pipeline_VITIS_LOOP_25_1_VITIS_LOOP_27_2_fu_86/indvar_flatten_fu_126
    SLICE_X34Y43         FDRE                                         r  bd_0_i/hls_inst/inst/grp_Gaussian_Filter_Pipeline_VITIS_LOOP_25_1_VITIS_LOOP_27_2_fu_86/indvar_flatten_fu_126_reg[0]/CE
  -------------------------------------------------------------------    -------------------

                         (clock ap_clk rise edge)    10.000    10.000 r  <hidden>
                                                      0.000    10.000 r  ap_clk
                         net (fo=1360, unset)         0.924    10.924    bd_0_i/hls_inst/inst/grp_Gaussian_Filter_Pipeline_VITIS_LOOP_25_1_VITIS_LOOP_27_2_fu_86/ap_clk
    SLICE_X34Y43         FDRE                                         r  bd_0_i/hls_inst/inst/grp_Gaussian_Filter_Pipeline_VITIS_LOOP_25_1_VITIS_LOOP_27_2_fu_86/indvar_flatten_fu_126_reg[0]/C
                         clock pessimism              0.000    10.924    <hidden>
                         clock uncertainty           -0.035    10.889    <hidden>
    SLICE_X34Y43         FDRE (Setup_fdre_C_CE)      -0.372    10.517    bd_0_i/hls_inst/inst/grp_Gaussian_Filter_Pipeline_VITIS_LOOP_25_1_VITIS_LOOP_27_2_fu_86/indvar_flatten_fu_126_reg[0]
  -------------------------------------------------------------------
                         required time                         10.517    <hidden>
                         arrival time                          -6.889    <hidden>
  -------------------------------------------------------------------
                         slack                                  3.628    <hidden>

Slack (MET) :             3.628ns  (required time - arrival time)
  Source:                 bd_0_i/hls_inst/inst/grp_Gaussian_Filter_Pipeline_VITIS_LOOP_25_1_VITIS_LOOP_27_2_fu_86/indvar_flatten_fu_126_reg[3]/C
                            (rising edge-triggered cell FDRE clocked by ap_clk  {rise@0.000ns fall@5.000ns period=10.000ns})
  Destination:            bd_0_i/hls_inst/inst/grp_Gaussian_Filter_Pipeline_VITIS_LOOP_25_1_VITIS_LOOP_27_2_fu_86/indvar_flatten_fu_126_reg[1]/CE
                            (rising edge-triggered cell FDRE clocked by ap_clk  {rise@0.000ns fall@5.000ns period=10.000ns})
  Path Group:             ap_clk
  Path Type:              Setup (Max at Slow Process Corner)
  Requirement:            10.000ns  (ap_clk rise@10.000ns - ap_clk rise@0.000ns)
  Data Path Delay:        5.916ns  (logic 2.343ns (39.602%)  route 3.573ns (60.398%))
  Logic Levels:           8  (CARRY4=6 LUT3=1 LUT6=1)
  Clock Path Skew:        -0.049ns (DCD - SCD + CPR)
    Destination Clock Delay (DCD):    0.924ns = ( 10.924 - 10.000 ) 
    Source Clock Delay      (SCD):    0.973ns
    Clock Pessimism Removal (CPR):    0.000ns
  Clock Uncertainty:      0.035ns  ((TSJ^2 + TIJ^2)^1/2 + DJ) / 2 + PE
    Total System Jitter     (TSJ):    0.071ns
    Total Input Jitter      (TIJ):    0.000ns
    Discrete Jitter          (DJ):    0.000ns
    Phase Error              (PE):    0.000ns

    Location             Delay type                Incr(ns)  Path(ns)    Netlist Resource(s)
  -------------------------------------------------------------------    -------------------
                         (clock ap_clk rise edge)     0.000     0.000 r  <hidden>
                                                      0.000     0.000 r  ap_clk
                         net (fo=1360, unset)         0.973     0.973    bd_0_i/hls_inst/inst/grp_Gaussian_Filter_Pipeline_VITIS_LOOP_25_1_VITIS_LOOP_27_2_fu_86/ap_clk
    SLICE_X34Y43         FDRE                                         r  bd_0_i/hls_inst/inst/grp_Gaussian_Filter_Pipeline_VITIS_LOOP_25_1_VITIS_LOOP_27_2_fu_86/indvar_flatten_fu_126_reg[3]/C
  -------------------------------------------------------------------    -------------------
    SLICE_X34Y43         FDRE (Prop_fdre_C_Q)         0.518     1.491 r  bd_0_i/hls_inst/inst/grp_Gaussian_Filter_Pipeline_VITIS_LOOP_25_1_VITIS_LOOP_27_2_fu_86/indvar_flatten_fu_126_reg[3]/Q
                         net (fo=2, routed)           1.335     2.826    bd_0_i/hls_inst/inst/grp_Gaussian_Filter_Pipeline_VITIS_LOOP_25_1_VITIS_LOOP_27_2_fu_86/indvar_flatten_fu_126_reg[3]
    SLICE_X35Y48         LUT6 (Prop_lut6_I0_O)        0.124     2.950 r  bd_0_i/hls_inst/inst/grp_Gaussian_Filter_Pipeline_VITIS_LOOP_25_1_VITIS_LOOP_27_2_fu_86/icmp_ln25_fu_261_p2_carry_i_3/O
                         net (fo=1, routed)           0.000     2.950    bd_0_i/hls_inst/inst/grp_Gaussian_Filter_Pipeline_VITIS_LOOP_25_1_VITIS_LOOP_27_2_fu_86/icmp_ln25_fu_261_p2_carry_i_3_n_0
    SLICE_X35Y48         CARRY4 (Prop_carry4_S[1]_CO[3])
                                                      0.550     3.500 r  bd_0_i/hls_inst/inst/grp_Gaussian_Filter_Pipeline_VITIS_LOOP_25_1_VITIS_LOOP_27_2_fu_86/icmp_ln25_fu_261_p2_carry/CO[3]
                         net (fo=1, routed)           0.000     3.500    bd_0_i/hls_inst/inst/grp_Gaussian_Filter_Pipeline_VITIS_LOOP_25_1_VITIS_LOOP_27_2_fu_86/icmp_ln25_fu_261_p2_carry_n_0
    SLICE_X35Y49         CARRY4 (Prop_carry4_CI_CO[3])
                                                      0.114     3.614 r  bd_0_i/hls_inst/inst/grp_Gaussian_Filter_Pipeline_VITIS_LOOP_25_1_VITIS_LOOP_27_2_fu_86/icmp_ln25_fu_261_p2_carry__0/CO[3]
                         net (fo=1, routed)           0.001     3.615    bd_0_i/hls_inst/inst/grp_Gaussian_Filter_Pipeline_VITIS_LOOP_25_1_VITIS_LOOP_27_2_fu_86/icmp_ln25_fu_261_p2_carry__0_n_0
    SLICE_X35Y50         CARRY4 (Prop_carry4_CI_CO[3])
                                                      0.114     3.729 r  bd_0_i/hls_inst/inst/grp_Gaussian_Filter_Pipeline_VITIS_LOOP_25_1_VITIS_LOOP_27_2_fu_86/icmp_ln25_fu_261_p2_carry__1/CO[3]
                         net (fo=1, routed)           0.000     3.729    bd_0_i/hls_inst/inst/grp_Gaussian_Filter_Pipeline_VITIS_LOOP_25_1_VITIS_LOOP_27_2_fu_86/icmp_ln25_fu_261_p2_carry__1_n_0
    SLICE_X35Y51         CARRY4 (Prop_carry4_CI_CO[3])
                                                      0.114     3.843 r  bd_0_i/hls_inst/inst/grp_Gaussian_Filter_Pipeline_VITIS_LOOP_25_1_VITIS_LOOP_27_2_fu_86/icmp_ln25_fu_261_p2_carry__2/CO[3]
                         net (fo=1, routed)           0.000     3.843    bd_0_i/hls_inst/inst/grp_Gaussian_Filter_Pipeline_VITIS_LOOP_25_1_VITIS_LOOP_27_2_fu_86/icmp_ln25_fu_261_p2_carry__2_n_0
    SLICE_X35Y52         CARRY4 (Prop_carry4_CI_CO[3])
                                                      0.114     3.957 r  bd_0_i/hls_inst/inst/grp_Gaussian_Filter_Pipeline_VITIS_LOOP_25_1_VITIS_LOOP_27_2_fu_86/icmp_ln25_fu_261_p2_carry__3/CO[3]
                         net (fo=1, routed)           0.000     3.957    bd_0_i/hls_inst/inst/grp_Gaussian_Filter_Pipeline_VITIS_LOOP_25_1_VITIS_LOOP_27_2_fu_86/icmp_ln25_fu_261_p2_carry__3_n_0
    SLICE_X35Y53         CARRY4 (Prop_carry4_CI_CO[0])
                                                      0.293     4.250 f  bd_0_i/hls_inst/inst/grp_Gaussian_Filter_Pipeline_VITIS_LOOP_25_1_VITIS_LOOP_27_2_fu_86/icmp_ln25_fu_261_p2_carry__4/CO[0]
                         net (fo=5, routed)           0.987     5.236    bd_0_i/hls_inst/inst/grp_Gaussian_Filter_Pipeline_VITIS_LOOP_25_1_VITIS_LOOP_27_2_fu_86/icmp_ln25_fu_261_p2[0]
    SLICE_X40Y57         LUT3 (Prop_lut3_I2_O)        0.402     5.638 r  bd_0_i/hls_inst/inst/grp_Gaussian_Filter_Pipeline_VITIS_LOOP_25_1_VITIS_LOOP_27_2_fu_86/indvar_flatten_fu_126[0]_i_1/O
                         net (fo=62, routed)          1.251     6.889    bd_0_i/hls_inst/inst/grp_Gaussian_Filter_Pipeline_VITIS_LOOP_25_1_VITIS_LOOP_27_2_fu_86/indvar_flatten_fu_126
    SLICE_X34Y43         FDRE                                         r  bd_0_i/hls_inst/inst/grp_Gaussian_Filter_Pipeline_VITIS_LOOP_25_1_VITIS_LOOP_27_2_fu_86/indvar_flatten_fu_126_reg[1]/CE
  -------------------------------------------------------------------    -------------------

                         (clock ap_clk rise edge)    10.000    10.000 r  <hidden>
                                                      0.000    10.000 r  ap_clk
                         net (fo=1360, unset)         0.924    10.924    bd_0_i/hls_inst/inst/grp_Gaussian_Filter_Pipeline_VITIS_LOOP_25_1_VITIS_LOOP_27_2_fu_86/ap_clk
    SLICE_X34Y43         FDRE                                         r  bd_0_i/hls_inst/inst/grp_Gaussian_Filter_Pipeline_VITIS_LOOP_25_1_VITIS_LOOP_27_2_fu_86/indvar_flatten_fu_126_reg[1]/C
                         clock pessimism              0.000    10.924    <hidden>
                         clock uncertainty           -0.035    10.889    <hidden>
    SLICE_X34Y43         FDRE (Setup_fdre_C_CE)      -0.372    10.517    bd_0_i/hls_inst/inst/grp_Gaussian_Filter_Pipeline_VITIS_LOOP_25_1_VITIS_LOOP_27_2_fu_86/indvar_flatten_fu_126_reg[1]
  -------------------------------------------------------------------
                         required time                         10.517    <hidden>
                         arrival time                          -6.889    <hidden>
  -------------------------------------------------------------------
                         slack                                  3.628    <hidden>

Slack (MET) :             3.628ns  (required time - arrival time)
  Source:                 bd_0_i/hls_inst/inst/grp_Gaussian_Filter_Pipeline_VITIS_LOOP_25_1_VITIS_LOOP_27_2_fu_86/indvar_flatten_fu_126_reg[3]/C
                            (rising edge-triggered cell FDRE clocked by ap_clk  {rise@0.000ns fall@5.000ns period=10.000ns})
  Destination:            bd_0_i/hls_inst/inst/grp_Gaussian_Filter_Pipeline_VITIS_LOOP_25_1_VITIS_LOOP_27_2_fu_86/indvar_flatten_fu_126_reg[2]/CE
                            (rising edge-triggered cell FDRE clocked by ap_clk  {rise@0.000ns fall@5.000ns period=10.000ns})
  Path Group:             ap_clk
  Path Type:              Setup (Max at Slow Process Corner)
  Requirement:            10.000ns  (ap_clk rise@10.000ns - ap_clk rise@0.000ns)
  Data Path Delay:        5.916ns  (logic 2.343ns (39.602%)  route 3.573ns (60.398%))
  Logic Levels:           8  (CARRY4=6 LUT3=1 LUT6=1)
  Clock Path Skew:        -0.049ns (DCD - SCD + CPR)
    Destination Clock Delay (DCD):    0.924ns = ( 10.924 - 10.000 ) 
    Source Clock Delay      (SCD):    0.973ns
    Clock Pessimism Removal (CPR):    0.000ns
  Clock Uncertainty:      0.035ns  ((TSJ^2 + TIJ^2)^1/2 + DJ) / 2 + PE
    Total System Jitter     (TSJ):    0.071ns
    Total Input Jitter      (TIJ):    0.000ns
    Discrete Jitter          (DJ):    0.000ns
    Phase Error              (PE):    0.000ns

    Location             Delay type                Incr(ns)  Path(ns)    Netlist Resource(s)
  -------------------------------------------------------------------    -------------------
                         (clock ap_clk rise edge)     0.000     0.000 r  <hidden>
                                                      0.000     0.000 r  ap_clk
                         net (fo=1360, unset)         0.973     0.973    bd_0_i/hls_inst/inst/grp_Gaussian_Filter_Pipeline_VITIS_LOOP_25_1_VITIS_LOOP_27_2_fu_86/ap_clk
    SLICE_X34Y43         FDRE                                         r  bd_0_i/hls_inst/inst/grp_Gaussian_Filter_Pipeline_VITIS_LOOP_25_1_VITIS_LOOP_27_2_fu_86/indvar_flatten_fu_126_reg[3]/C
  -------------------------------------------------------------------    -------------------
    SLICE_X34Y43         FDRE (Prop_fdre_C_Q)         0.518     1.491 r  bd_0_i/hls_inst/inst/grp_Gaussian_Filter_Pipeline_VITIS_LOOP_25_1_VITIS_LOOP_27_2_fu_86/indvar_flatten_fu_126_reg[3]/Q
                         net (fo=2, routed)           1.335     2.826    bd_0_i/hls_inst/inst/grp_Gaussian_Filter_Pipeline_VITIS_LOOP_25_1_VITIS_LOOP_27_2_fu_86/indvar_flatten_fu_126_reg[3]
    SLICE_X35Y48         LUT6 (Prop_lut6_I0_O)        0.124     2.950 r  bd_0_i/hls_inst/inst/grp_Gaussian_Filter_Pipeline_VITIS_LOOP_25_1_VITIS_LOOP_27_2_fu_86/icmp_ln25_fu_261_p2_carry_i_3/O
                         net (fo=1, routed)           0.000     2.950    bd_0_i/hls_inst/inst/grp_Gaussian_Filter_Pipeline_VITIS_LOOP_25_1_VITIS_LOOP_27_2_fu_86/icmp_ln25_fu_261_p2_carry_i_3_n_0
    SLICE_X35Y48         CARRY4 (Prop_carry4_S[1]_CO[3])
                                                      0.550     3.500 r  bd_0_i/hls_inst/inst/grp_Gaussian_Filter_Pipeline_VITIS_LOOP_25_1_VITIS_LOOP_27_2_fu_86/icmp_ln25_fu_261_p2_carry/CO[3]
                         net (fo=1, routed)           0.000     3.500    bd_0_i/hls_inst/inst/grp_Gaussian_Filter_Pipeline_VITIS_LOOP_25_1_VITIS_LOOP_27_2_fu_86/icmp_ln25_fu_261_p2_carry_n_0
    SLICE_X35Y49         CARRY4 (Prop_carry4_CI_CO[3])
                                                      0.114     3.614 r  bd_0_i/hls_inst/inst/grp_Gaussian_Filter_Pipeline_VITIS_LOOP_25_1_VITIS_LOOP_27_2_fu_86/icmp_ln25_fu_261_p2_carry__0/CO[3]
                         net (fo=1, routed)           0.001     3.615    bd_0_i/hls_inst/inst/grp_Gaussian_Filter_Pipeline_VITIS_LOOP_25_1_VITIS_LOOP_27_2_fu_86/icmp_ln25_fu_261_p2_carry__0_n_0
    SLICE_X35Y50         CARRY4 (Prop_carry4_CI_CO[3])
                                                      0.114     3.729 r  bd_0_i/hls_inst/inst/grp_Gaussian_Filter_Pipeline_VITIS_LOOP_25_1_VITIS_LOOP_27_2_fu_86/icmp_ln25_fu_261_p2_carry__1/CO[3]
                         net (fo=1, routed)           0.000     3.729    bd_0_i/hls_inst/inst/grp_Gaussian_Filter_Pipeline_VITIS_LOOP_25_1_VITIS_LOOP_27_2_fu_86/icmp_ln25_fu_261_p2_carry__1_n_0
    SLICE_X35Y51         CARRY4 (Prop_carry4_CI_CO[3])
                                                      0.114     3.843 r  bd_0_i/hls_inst/inst/grp_Gaussian_Filter_Pipeline_VITIS_LOOP_25_1_VITIS_LOOP_27_2_fu_86/icmp_ln25_fu_261_p2_carry__2/CO[3]
                         net (fo=1, routed)           0.000     3.843    bd_0_i/hls_inst/inst/grp_Gaussian_Filter_Pipeline_VITIS_LOOP_25_1_VITIS_LOOP_27_2_fu_86/icmp_ln25_fu_261_p2_carry__2_n_0
    SLICE_X35Y52         CARRY4 (Prop_carry4_CI_CO[3])
                                                      0.114     3.957 r  bd_0_i/hls_inst/inst/grp_Gaussian_Filter_Pipeline_VITIS_LOOP_25_1_VITIS_LOOP_27_2_fu_86/icmp_ln25_fu_261_p2_carry__3/CO[3]
                         net (fo=1, routed)           0.000     3.957    bd_0_i/hls_inst/inst/grp_Gaussian_Filter_Pipeline_VITIS_LOOP_25_1_VITIS_LOOP_27_2_fu_86/icmp_ln25_fu_261_p2_carry__3_n_0
    SLICE_X35Y53         CARRY4 (Prop_carry4_CI_CO[0])
                                                      0.293     4.250 f  bd_0_i/hls_inst/inst/grp_Gaussian_Filter_Pipeline_VITIS_LOOP_25_1_VITIS_LOOP_27_2_fu_86/icmp_ln25_fu_261_p2_carry__4/CO[0]
                         net (fo=5, routed)           0.987     5.236    bd_0_i/hls_inst/inst/grp_Gaussian_Filter_Pipeline_VITIS_LOOP_25_1_VITIS_LOOP_27_2_fu_86/icmp_ln25_fu_261_p2[0]
    SLICE_X40Y57         LUT3 (Prop_lut3_I2_O)        0.402     5.638 r  bd_0_i/hls_inst/inst/grp_Gaussian_Filter_Pipeline_VITIS_LOOP_25_1_VITIS_LOOP_27_2_fu_86/indvar_flatten_fu_126[0]_i_1/O
                         net (fo=62, routed)          1.251     6.889    bd_0_i/hls_inst/inst/grp_Gaussian_Filter_Pipeline_VITIS_LOOP_25_1_VITIS_LOOP_27_2_fu_86/indvar_flatten_fu_126
    SLICE_X34Y43         FDRE                                         r  bd_0_i/hls_inst/inst/grp_Gaussian_Filter_Pipeline_VITIS_LOOP_25_1_VITIS_LOOP_27_2_fu_86/indvar_flatten_fu_126_reg[2]/CE
  -------------------------------------------------------------------    -------------------

                         (clock ap_clk rise edge)    10.000    10.000 r  <hidden>
                                                      0.000    10.000 r  ap_clk
                         net (fo=1360, unset)         0.924    10.924    bd_0_i/hls_inst/inst/grp_Gaussian_Filter_Pipeline_VITIS_LOOP_25_1_VITIS_LOOP_27_2_fu_86/ap_clk
    SLICE_X34Y43         FDRE                                         r  bd_0_i/hls_inst/inst/grp_Gaussian_Filter_Pipeline_VITIS_LOOP_25_1_VITIS_LOOP_27_2_fu_86/indvar_flatten_fu_126_reg[2]/C
                         clock pessimism              0.000    10.924    <hidden>
                         clock uncertainty           -0.035    10.889    <hidden>
    SLICE_X34Y43         FDRE (Setup_fdre_C_CE)      -0.372    10.517    bd_0_i/hls_inst/inst/grp_Gaussian_Filter_Pipeline_VITIS_LOOP_25_1_VITIS_LOOP_27_2_fu_86/indvar_flatten_fu_126_reg[2]
  -------------------------------------------------------------------
                         required time                         10.517    <hidden>
                         arrival time                          -6.889    <hidden>
  -------------------------------------------------------------------
                         slack                                  3.628    <hidden>

Slack (MET) :             3.628ns  (required time - arrival time)
  Source:                 bd_0_i/hls_inst/inst/grp_Gaussian_Filter_Pipeline_VITIS_LOOP_25_1_VITIS_LOOP_27_2_fu_86/indvar_flatten_fu_126_reg[3]/C
                            (rising edge-triggered cell FDRE clocked by ap_clk  {rise@0.000ns fall@5.000ns period=10.000ns})
  Destination:            bd_0_i/hls_inst/inst/grp_Gaussian_Filter_Pipeline_VITIS_LOOP_25_1_VITIS_LOOP_27_2_fu_86/indvar_flatten_fu_126_reg[3]/CE
                            (rising edge-triggered cell FDRE clocked by ap_clk  {rise@0.000ns fall@5.000ns period=10.000ns})
  Path Group:             ap_clk
  Path Type:              Setup (Max at Slow Process Corner)
  Requirement:            10.000ns  (ap_clk rise@10.000ns - ap_clk rise@0.000ns)
  Data Path Delay:        5.916ns  (logic 2.343ns (39.602%)  route 3.573ns (60.398%))
  Logic Levels:           8  (CARRY4=6 LUT3=1 LUT6=1)
  Clock Path Skew:        -0.049ns (DCD - SCD + CPR)
    Destination Clock Delay (DCD):    0.924ns = ( 10.924 - 10.000 ) 
    Source Clock Delay      (SCD):    0.973ns
    Clock Pessimism Removal (CPR):    0.000ns
  Clock Uncertainty:      0.035ns  ((TSJ^2 + TIJ^2)^1/2 + DJ) / 2 + PE
    Total System Jitter     (TSJ):    0.071ns
    Total Input Jitter      (TIJ):    0.000ns
    Discrete Jitter          (DJ):    0.000ns
    Phase Error              (PE):    0.000ns

    Location             Delay type                Incr(ns)  Path(ns)    Netlist Resource(s)
  -------------------------------------------------------------------    -------------------
                         (clock ap_clk rise edge)     0.000     0.000 r  <hidden>
                                                      0.000     0.000 r  ap_clk
                         net (fo=1360, unset)         0.973     0.973    bd_0_i/hls_inst/inst/grp_Gaussian_Filter_Pipeline_VITIS_LOOP_25_1_VITIS_LOOP_27_2_fu_86/ap_clk
    SLICE_X34Y43         FDRE                                         r  bd_0_i/hls_inst/inst/grp_Gaussian_Filter_Pipeline_VITIS_LOOP_25_1_VITIS_LOOP_27_2_fu_86/indvar_flatten_fu_126_reg[3]/C
  -------------------------------------------------------------------    -------------------
    SLICE_X34Y43         FDRE (Prop_fdre_C_Q)         0.518     1.491 r  bd_0_i/hls_inst/inst/grp_Gaussian_Filter_Pipeline_VITIS_LOOP_25_1_VITIS_LOOP_27_2_fu_86/indvar_flatten_fu_126_reg[3]/Q
                         net (fo=2, routed)           1.335     2.826    bd_0_i/hls_inst/inst/grp_Gaussian_Filter_Pipeline_VITIS_LOOP_25_1_VITIS_LOOP_27_2_fu_86/indvar_flatten_fu_126_reg[3]
    SLICE_X35Y48         LUT6 (Prop_lut6_I0_O)        0.124     2.950 r  bd_0_i/hls_inst/inst/grp_Gaussian_Filter_Pipeline_VITIS_LOOP_25_1_VITIS_LOOP_27_2_fu_86/icmp_ln25_fu_261_p2_carry_i_3/O
                         net (fo=1, routed)           0.000     2.950    bd_0_i/hls_inst/inst/grp_Gaussian_Filter_Pipeline_VITIS_LOOP_25_1_VITIS_LOOP_27_2_fu_86/icmp_ln25_fu_261_p2_carry_i_3_n_0
    SLICE_X35Y48         CARRY4 (Prop_carry4_S[1]_CO[3])
                                                      0.550     3.500 r  bd_0_i/hls_inst/inst/grp_Gaussian_Filter_Pipeline_VITIS_LOOP_25_1_VITIS_LOOP_27_2_fu_86/icmp_ln25_fu_261_p2_carry/CO[3]
                         net (fo=1, routed)           0.000     3.500    bd_0_i/hls_inst/inst/grp_Gaussian_Filter_Pipeline_VITIS_LOOP_25_1_VITIS_LOOP_27_2_fu_86/icmp_ln25_fu_261_p2_carry_n_0
    SLICE_X35Y49         CARRY4 (Prop_carry4_CI_CO[3])
                                                      0.114     3.614 r  bd_0_i/hls_inst/inst/grp_Gaussian_Filter_Pipeline_VITIS_LOOP_25_1_VITIS_LOOP_27_2_fu_86/icmp_ln25_fu_261_p2_carry__0/CO[3]
                         net (fo=1, routed)           0.001     3.615    bd_0_i/hls_inst/inst/grp_Gaussian_Filter_Pipeline_VITIS_LOOP_25_1_VITIS_LOOP_27_2_fu_86/icmp_ln25_fu_261_p2_carry__0_n_0
    SLICE_X35Y50         CARRY4 (Prop_carry4_CI_CO[3])
                                                      0.114     3.729 r  bd_0_i/hls_inst/inst/grp_Gaussian_Filter_Pipeline_VITIS_LOOP_25_1_VITIS_LOOP_27_2_fu_86/icmp_ln25_fu_261_p2_carry__1/CO[3]
                         net (fo=1, routed)           0.000     3.729    bd_0_i/hls_inst/inst/grp_Gaussian_Filter_Pipeline_VITIS_LOOP_25_1_VITIS_LOOP_27_2_fu_86/icmp_ln25_fu_261_p2_carry__1_n_0
    SLICE_X35Y51         CARRY4 (Prop_carry4_CI_CO[3])
                                                      0.114     3.843 r  bd_0_i/hls_inst/inst/grp_Gaussian_Filter_Pipeline_VITIS_LOOP_25_1_VITIS_LOOP_27_2_fu_86/icmp_ln25_fu_261_p2_carry__2/CO[3]
                         net (fo=1, routed)           0.000     3.843    bd_0_i/hls_inst/inst/grp_Gaussian_Filter_Pipeline_VITIS_LOOP_25_1_VITIS_LOOP_27_2_fu_86/icmp_ln25_fu_261_p2_carry__2_n_0
    SLICE_X35Y52         CARRY4 (Prop_carry4_CI_CO[3])
                                                      0.114     3.957 r  bd_0_i/hls_inst/inst/grp_Gaussian_Filter_Pipeline_VITIS_LOOP_25_1_VITIS_LOOP_27_2_fu_86/icmp_ln25_fu_261_p2_carry__3/CO[3]
                         net (fo=1, routed)           0.000     3.957    bd_0_i/hls_inst/inst/grp_Gaussian_Filter_Pipeline_VITIS_LOOP_25_1_VITIS_LOOP_27_2_fu_86/icmp_ln25_fu_261_p2_carry__3_n_0
    SLICE_X35Y53         CARRY4 (Prop_carry4_CI_CO[0])
                                                      0.293     4.250 f  bd_0_i/hls_inst/inst/grp_Gaussian_Filter_Pipeline_VITIS_LOOP_25_1_VITIS_LOOP_27_2_fu_86/icmp_ln25_fu_261_p2_carry__4/CO[0]
                         net (fo=5, routed)           0.987     5.236    bd_0_i/hls_inst/inst/grp_Gaussian_Filter_Pipeline_VITIS_LOOP_25_1_VITIS_LOOP_27_2_fu_86/icmp_ln25_fu_261_p2[0]
    SLICE_X40Y57         LUT3 (Prop_lut3_I2_O)        0.402     5.638 r  bd_0_i/hls_inst/inst/grp_Gaussian_Filter_Pipeline_VITIS_LOOP_25_1_VITIS_LOOP_27_2_fu_86/indvar_flatten_fu_126[0]_i_1/O
                         net (fo=62, routed)          1.251     6.889    bd_0_i/hls_inst/inst/grp_Gaussian_Filter_Pipeline_VITIS_LOOP_25_1_VITIS_LOOP_27_2_fu_86/indvar_flatten_fu_126
    SLICE_X34Y43         FDRE                                         r  bd_0_i/hls_inst/inst/grp_Gaussian_Filter_Pipeline_VITIS_LOOP_25_1_VITIS_LOOP_27_2_fu_86/indvar_flatten_fu_126_reg[3]/CE
  -------------------------------------------------------------------    -------------------

                         (clock ap_clk rise edge)    10.000    10.000 r  <hidden>
                                                      0.000    10.000 r  ap_clk
                         net (fo=1360, unset)         0.924    10.924    bd_0_i/hls_inst/inst/grp_Gaussian_Filter_Pipeline_VITIS_LOOP_25_1_VITIS_LOOP_27_2_fu_86/ap_clk
    SLICE_X34Y43         FDRE                                         r  bd_0_i/hls_inst/inst/grp_Gaussian_Filter_Pipeline_VITIS_LOOP_25_1_VITIS_LOOP_27_2_fu_86/indvar_flatten_fu_126_reg[3]/C
                         clock pessimism              0.000    10.924    <hidden>
                         clock uncertainty           -0.035    10.889    <hidden>
    SLICE_X34Y43         FDRE (Setup_fdre_C_CE)      -0.372    10.517    bd_0_i/hls_inst/inst/grp_Gaussian_Filter_Pipeline_VITIS_LOOP_25_1_VITIS_LOOP_27_2_fu_86/indvar_flatten_fu_126_reg[3]
  -------------------------------------------------------------------
                         required time                         10.517    <hidden>
                         arrival time                          -6.889    <hidden>
  -------------------------------------------------------------------
                         slack                                  3.628    <hidden>

Slack (MET) :             3.715ns  (required time - arrival time)
  Source:                 bd_0_i/hls_inst/inst/grp_Gaussian_Filter_Pipeline_VITIS_LOOP_25_1_VITIS_LOOP_27_2_fu_86/indvar_flatten_fu_126_reg[3]/C
                            (rising edge-triggered cell FDRE clocked by ap_clk  {rise@0.000ns fall@5.000ns period=10.000ns})
  Destination:            bd_0_i/hls_inst/inst/grp_Gaussian_Filter_Pipeline_VITIS_LOOP_25_1_VITIS_LOOP_27_2_fu_86/indvar_flatten_fu_126_reg[12]/CE
                            (rising edge-triggered cell FDRE clocked by ap_clk  {rise@0.000ns fall@5.000ns period=10.000ns})
  Path Group:             ap_clk
  Path Type:              Setup (Max at Slow Process Corner)
  Requirement:            10.000ns  (ap_clk rise@10.000ns - ap_clk rise@0.000ns)
  Data Path Delay:        5.829ns  (logic 2.343ns (40.198%)  route 3.486ns (59.802%))
  Logic Levels:           8  (CARRY4=6 LUT3=1 LUT6=1)
  Clock Path Skew:        -0.049ns (DCD - SCD + CPR)
    Destination Clock Delay (DCD):    0.924ns = ( 10.924 - 10.000 ) 
    Source Clock Delay      (SCD):    0.973ns
    Clock Pessimism Removal (CPR):    0.000ns
  Clock Uncertainty:      0.035ns  ((TSJ^2 + TIJ^2)^1/2 + DJ) / 2 + PE
    Total System Jitter     (TSJ):    0.071ns
    Total Input Jitter      (TIJ):    0.000ns
    Discrete Jitter          (DJ):    0.000ns
    Phase Error              (PE):    0.000ns

    Location             Delay type                Incr(ns)  Path(ns)    Netlist Resource(s)
  -------------------------------------------------------------------    -------------------
                         (clock ap_clk rise edge)     0.000     0.000 r  <hidden>
                                                      0.000     0.000 r  ap_clk
                         net (fo=1360, unset)         0.973     0.973    bd_0_i/hls_inst/inst/grp_Gaussian_Filter_Pipeline_VITIS_LOOP_25_1_VITIS_LOOP_27_2_fu_86/ap_clk
    SLICE_X34Y43         FDRE                                         r  bd_0_i/hls_inst/inst/grp_Gaussian_Filter_Pipeline_VITIS_LOOP_25_1_VITIS_LOOP_27_2_fu_86/indvar_flatten_fu_126_reg[3]/C
  -------------------------------------------------------------------    -------------------
    SLICE_X34Y43         FDRE (Prop_fdre_C_Q)         0.518     1.491 r  bd_0_i/hls_inst/inst/grp_Gaussian_Filter_Pipeline_VITIS_LOOP_25_1_VITIS_LOOP_27_2_fu_86/indvar_flatten_fu_126_reg[3]/Q
                         net (fo=2, routed)           1.335     2.826    bd_0_i/hls_inst/inst/grp_Gaussian_Filter_Pipeline_VITIS_LOOP_25_1_VITIS_LOOP_27_2_fu_86/indvar_flatten_fu_126_reg[3]
    SLICE_X35Y48         LUT6 (Prop_lut6_I0_O)        0.124     2.950 r  bd_0_i/hls_inst/inst/grp_Gaussian_Filter_Pipeline_VITIS_LOOP_25_1_VITIS_LOOP_27_2_fu_86/icmp_ln25_fu_261_p2_carry_i_3/O
                         net (fo=1, routed)           0.000     2.950    bd_0_i/hls_inst/inst/grp_Gaussian_Filter_Pipeline_VITIS_LOOP_25_1_VITIS_LOOP_27_2_fu_86/icmp_ln25_fu_261_p2_carry_i_3_n_0
    SLICE_X35Y48         CARRY4 (Prop_carry4_S[1]_CO[3])
                                                      0.550     3.500 r  bd_0_i/hls_inst/inst/grp_Gaussian_Filter_Pipeline_VITIS_LOOP_25_1_VITIS_LOOP_27_2_fu_86/icmp_ln25_fu_261_p2_carry/CO[3]
                         net (fo=1, routed)           0.000     3.500    bd_0_i/hls_inst/inst/grp_Gaussian_Filter_Pipeline_VITIS_LOOP_25_1_VITIS_LOOP_27_2_fu_86/icmp_ln25_fu_261_p2_carry_n_0
    SLICE_X35Y49         CARRY4 (Prop_carry4_CI_CO[3])
                                                      0.114     3.614 r  bd_0_i/hls_inst/inst/grp_Gaussian_Filter_Pipeline_VITIS_LOOP_25_1_VITIS_LOOP_27_2_fu_86/icmp_ln25_fu_261_p2_carry__0/CO[3]
                         net (fo=1, routed)           0.001     3.615    bd_0_i/hls_inst/inst/grp_Gaussian_Filter_Pipeline_VITIS_LOOP_25_1_VITIS_LOOP_27_2_fu_86/icmp_ln25_fu_261_p2_carry__0_n_0
    SLICE_X35Y50         CARRY4 (Prop_carry4_CI_CO[3])
                                                      0.114     3.729 r  bd_0_i/hls_inst/inst/grp_Gaussian_Filter_Pipeline_VITIS_LOOP_25_1_VITIS_LOOP_27_2_fu_86/icmp_ln25_fu_261_p2_carry__1/CO[3]
                         net (fo=1, routed)           0.000     3.729    bd_0_i/hls_inst/inst/grp_Gaussian_Filter_Pipeline_VITIS_LOOP_25_1_VITIS_LOOP_27_2_fu_86/icmp_ln25_fu_261_p2_carry__1_n_0
    SLICE_X35Y51         CARRY4 (Prop_carry4_CI_CO[3])
                                                      0.114     3.843 r  bd_0_i/hls_inst/inst/grp_Gaussian_Filter_Pipeline_VITIS_LOOP_25_1_VITIS_LOOP_27_2_fu_86/icmp_ln25_fu_261_p2_carry__2/CO[3]
                         net (fo=1, routed)           0.000     3.843    bd_0_i/hls_inst/inst/grp_Gaussian_Filter_Pipeline_VITIS_LOOP_25_1_VITIS_LOOP_27_2_fu_86/icmp_ln25_fu_261_p2_carry__2_n_0
    SLICE_X35Y52         CARRY4 (Prop_carry4_CI_CO[3])
                                                      0.114     3.957 r  bd_0_i/hls_inst/inst/grp_Gaussian_Filter_Pipeline_VITIS_LOOP_25_1_VITIS_LOOP_27_2_fu_86/icmp_ln25_fu_261_p2_carry__3/CO[3]
                         net (fo=1, routed)           0.000     3.957    bd_0_i/hls_inst/inst/grp_Gaussian_Filter_Pipeline_VITIS_LOOP_25_1_VITIS_LOOP_27_2_fu_86/icmp_ln25_fu_261_p2_carry__3_n_0
    SLICE_X35Y53         CARRY4 (Prop_carry4_CI_CO[0])
                                                      0.293     4.250 f  bd_0_i/hls_inst/inst/grp_Gaussian_Filter_Pipeline_VITIS_LOOP_25_1_VITIS_LOOP_27_2_fu_86/icmp_ln25_fu_261_p2_carry__4/CO[0]
                         net (fo=5, routed)           0.987     5.236    bd_0_i/hls_inst/inst/grp_Gaussian_Filter_Pipeline_VITIS_LOOP_25_1_VITIS_LOOP_27_2_fu_86/icmp_ln25_fu_261_p2[0]
    SLICE_X40Y57         LUT3 (Prop_lut3_I2_O)        0.402     5.638 r  bd_0_i/hls_inst/inst/grp_Gaussian_Filter_Pipeline_VITIS_LOOP_25_1_VITIS_LOOP_27_2_fu_86/indvar_flatten_fu_126[0]_i_1/O
                         net (fo=62, routed)          1.164     6.802    bd_0_i/hls_inst/inst/grp_Gaussian_Filter_Pipeline_VITIS_LOOP_25_1_VITIS_LOOP_27_2_fu_86/indvar_flatten_fu_126
    SLICE_X34Y46         FDRE                                         r  bd_0_i/hls_inst/inst/grp_Gaussian_Filter_Pipeline_VITIS_LOOP_25_1_VITIS_LOOP_27_2_fu_86/indvar_flatten_fu_126_reg[12]/CE
  -------------------------------------------------------------------    -------------------

                         (clock ap_clk rise edge)    10.000    10.000 r  <hidden>
                                                      0.000    10.000 r  ap_clk
                         net (fo=1360, unset)         0.924    10.924    bd_0_i/hls_inst/inst/grp_Gaussian_Filter_Pipeline_VITIS_LOOP_25_1_VITIS_LOOP_27_2_fu_86/ap_clk
    SLICE_X34Y46         FDRE                                         r  bd_0_i/hls_inst/inst/grp_Gaussian_Filter_Pipeline_VITIS_LOOP_25_1_VITIS_LOOP_27_2_fu_86/indvar_flatten_fu_126_reg[12]/C
                         clock pessimism              0.000    10.924    <hidden>
                         clock uncertainty           -0.035    10.889    <hidden>
    SLICE_X34Y46         FDRE (Setup_fdre_C_CE)      -0.372    10.517    bd_0_i/hls_inst/inst/grp_Gaussian_Filter_Pipeline_VITIS_LOOP_25_1_VITIS_LOOP_27_2_fu_86/indvar_flatten_fu_126_reg[12]
  -------------------------------------------------------------------
                         required time                         10.517    <hidden>
                         arrival time                          -6.802    <hidden>
  -------------------------------------------------------------------
                         slack                                  3.715    <hidden>

Slack (MET) :             3.715ns  (required time - arrival time)
  Source:                 bd_0_i/hls_inst/inst/grp_Gaussian_Filter_Pipeline_VITIS_LOOP_25_1_VITIS_LOOP_27_2_fu_86/indvar_flatten_fu_126_reg[3]/C
                            (rising edge-triggered cell FDRE clocked by ap_clk  {rise@0.000ns fall@5.000ns period=10.000ns})
  Destination:            bd_0_i/hls_inst/inst/grp_Gaussian_Filter_Pipeline_VITIS_LOOP_25_1_VITIS_LOOP_27_2_fu_86/indvar_flatten_fu_126_reg[13]/CE
                            (rising edge-triggered cell FDRE clocked by ap_clk  {rise@0.000ns fall@5.000ns period=10.000ns})
  Path Group:             ap_clk
  Path Type:              Setup (Max at Slow Process Corner)
  Requirement:            10.000ns  (ap_clk rise@10.000ns - ap_clk rise@0.000ns)
  Data Path Delay:        5.829ns  (logic 2.343ns (40.198%)  route 3.486ns (59.802%))
  Logic Levels:           8  (CARRY4=6 LUT3=1 LUT6=1)
  Clock Path Skew:        -0.049ns (DCD - SCD + CPR)
    Destination Clock Delay (DCD):    0.924ns = ( 10.924 - 10.000 ) 
    Source Clock Delay      (SCD):    0.973ns
    Clock Pessimism Removal (CPR):    0.000ns
  Clock Uncertainty:      0.035ns  ((TSJ^2 + TIJ^2)^1/2 + DJ) / 2 + PE
    Total System Jitter     (TSJ):    0.071ns
    Total Input Jitter      (TIJ):    0.000ns
    Discrete Jitter          (DJ):    0.000ns
    Phase Error              (PE):    0.000ns

    Location             Delay type                Incr(ns)  Path(ns)    Netlist Resource(s)
  -------------------------------------------------------------------    -------------------
                         (clock ap_clk rise edge)     0.000     0.000 r  <hidden>
                                                      0.000     0.000 r  ap_clk
                         net (fo=1360, unset)         0.973     0.973    bd_0_i/hls_inst/inst/grp_Gaussian_Filter_Pipeline_VITIS_LOOP_25_1_VITIS_LOOP_27_2_fu_86/ap_clk
    SLICE_X34Y43         FDRE                                         r  bd_0_i/hls_inst/inst/grp_Gaussian_Filter_Pipeline_VITIS_LOOP_25_1_VITIS_LOOP_27_2_fu_86/indvar_flatten_fu_126_reg[3]/C
  -------------------------------------------------------------------    -------------------
    SLICE_X34Y43         FDRE (Prop_fdre_C_Q)         0.518     1.491 r  bd_0_i/hls_inst/inst/grp_Gaussian_Filter_Pipeline_VITIS_LOOP_25_1_VITIS_LOOP_27_2_fu_86/indvar_flatten_fu_126_reg[3]/Q
                         net (fo=2, routed)           1.335     2.826    bd_0_i/hls_inst/inst/grp_Gaussian_Filter_Pipeline_VITIS_LOOP_25_1_VITIS_LOOP_27_2_fu_86/indvar_flatten_fu_126_reg[3]
    SLICE_X35Y48         LUT6 (Prop_lut6_I0_O)        0.124     2.950 r  bd_0_i/hls_inst/inst/grp_Gaussian_Filter_Pipeline_VITIS_LOOP_25_1_VITIS_LOOP_27_2_fu_86/icmp_ln25_fu_261_p2_carry_i_3/O
                         net (fo=1, routed)           0.000     2.950    bd_0_i/hls_inst/inst/grp_Gaussian_Filter_Pipeline_VITIS_LOOP_25_1_VITIS_LOOP_27_2_fu_86/icmp_ln25_fu_261_p2_carry_i_3_n_0
    SLICE_X35Y48         CARRY4 (Prop_carry4_S[1]_CO[3])
                                                      0.550     3.500 r  bd_0_i/hls_inst/inst/grp_Gaussian_Filter_Pipeline_VITIS_LOOP_25_1_VITIS_LOOP_27_2_fu_86/icmp_ln25_fu_261_p2_carry/CO[3]
                         net (fo=1, routed)           0.000     3.500    bd_0_i/hls_inst/inst/grp_Gaussian_Filter_Pipeline_VITIS_LOOP_25_1_VITIS_LOOP_27_2_fu_86/icmp_ln25_fu_261_p2_carry_n_0
    SLICE_X35Y49         CARRY4 (Prop_carry4_CI_CO[3])
                                                      0.114     3.614 r  bd_0_i/hls_inst/inst/grp_Gaussian_Filter_Pipeline_VITIS_LOOP_25_1_VITIS_LOOP_27_2_fu_86/icmp_ln25_fu_261_p2_carry__0/CO[3]
                         net (fo=1, routed)           0.001     3.615    bd_0_i/hls_inst/inst/grp_Gaussian_Filter_Pipeline_VITIS_LOOP_25_1_VITIS_LOOP_27_2_fu_86/icmp_ln25_fu_261_p2_carry__0_n_0
    SLICE_X35Y50         CARRY4 (Prop_carry4_CI_CO[3])
                                                      0.114     3.729 r  bd_0_i/hls_inst/inst/grp_Gaussian_Filter_Pipeline_VITIS_LOOP_25_1_VITIS_LOOP_27_2_fu_86/icmp_ln25_fu_261_p2_carry__1/CO[3]
                         net (fo=1, routed)           0.000     3.729    bd_0_i/hls_inst/inst/grp_Gaussian_Filter_Pipeline_VITIS_LOOP_25_1_VITIS_LOOP_27_2_fu_86/icmp_ln25_fu_261_p2_carry__1_n_0
    SLICE_X35Y51         CARRY4 (Prop_carry4_CI_CO[3])
                                                      0.114     3.843 r  bd_0_i/hls_inst/inst/grp_Gaussian_Filter_Pipeline_VITIS_LOOP_25_1_VITIS_LOOP_27_2_fu_86/icmp_ln25_fu_261_p2_carry__2/CO[3]
                         net (fo=1, routed)           0.000     3.843    bd_0_i/hls_inst/inst/grp_Gaussian_Filter_Pipeline_VITIS_LOOP_25_1_VITIS_LOOP_27_2_fu_86/icmp_ln25_fu_261_p2_carry__2_n_0
    SLICE_X35Y52         CARRY4 (Prop_carry4_CI_CO[3])
                                                      0.114     3.957 r  bd_0_i/hls_inst/inst/grp_Gaussian_Filter_Pipeline_VITIS_LOOP_25_1_VITIS_LOOP_27_2_fu_86/icmp_ln25_fu_261_p2_carry__3/CO[3]
                         net (fo=1, routed)           0.000     3.957    bd_0_i/hls_inst/inst/grp_Gaussian_Filter_Pipeline_VITIS_LOOP_25_1_VITIS_LOOP_27_2_fu_86/icmp_ln25_fu_261_p2_carry__3_n_0
    SLICE_X35Y53         CARRY4 (Prop_carry4_CI_CO[0])
                                                      0.293     4.250 f  bd_0_i/hls_inst/inst/grp_Gaussian_Filter_Pipeline_VITIS_LOOP_25_1_VITIS_LOOP_27_2_fu_86/icmp_ln25_fu_261_p2_carry__4/CO[0]
                         net (fo=5, routed)           0.987     5.236    bd_0_i/hls_inst/inst/grp_Gaussian_Filter_Pipeline_VITIS_LOOP_25_1_VITIS_LOOP_27_2_fu_86/icmp_ln25_fu_261_p2[0]
    SLICE_X40Y57         LUT3 (Prop_lut3_I2_O)        0.402     5.638 r  bd_0_i/hls_inst/inst/grp_Gaussian_Filter_Pipeline_VITIS_LOOP_25_1_VITIS_LOOP_27_2_fu_86/indvar_flatten_fu_126[0]_i_1/O
                         net (fo=62, routed)          1.164     6.802    bd_0_i/hls_inst/inst/grp_Gaussian_Filter_Pipeline_VITIS_LOOP_25_1_VITIS_LOOP_27_2_fu_86/indvar_flatten_fu_126
    SLICE_X34Y46         FDRE                                         r  bd_0_i/hls_inst/inst/grp_Gaussian_Filter_Pipeline_VITIS_LOOP_25_1_VITIS_LOOP_27_2_fu_86/indvar_flatten_fu_126_reg[13]/CE
  -------------------------------------------------------------------    -------------------

                         (clock ap_clk rise edge)    10.000    10.000 r  <hidden>
                                                      0.000    10.000 r  ap_clk
                         net (fo=1360, unset)         0.924    10.924    bd_0_i/hls_inst/inst/grp_Gaussian_Filter_Pipeline_VITIS_LOOP_25_1_VITIS_LOOP_27_2_fu_86/ap_clk
    SLICE_X34Y46         FDRE                                         r  bd_0_i/hls_inst/inst/grp_Gaussian_Filter_Pipeline_VITIS_LOOP_25_1_VITIS_LOOP_27_2_fu_86/indvar_flatten_fu_126_reg[13]/C
                         clock pessimism              0.000    10.924    <hidden>
                         clock uncertainty           -0.035    10.889    <hidden>
    SLICE_X34Y46         FDRE (Setup_fdre_C_CE)      -0.372    10.517    bd_0_i/hls_inst/inst/grp_Gaussian_Filter_Pipeline_VITIS_LOOP_25_1_VITIS_LOOP_27_2_fu_86/indvar_flatten_fu_126_reg[13]
  -------------------------------------------------------------------
                         required time                         10.517    <hidden>
                         arrival time                          -6.802    <hidden>
  -------------------------------------------------------------------
                         slack                                  3.715    <hidden>

Slack (MET) :             3.715ns  (required time - arrival time)
  Source:                 bd_0_i/hls_inst/inst/grp_Gaussian_Filter_Pipeline_VITIS_LOOP_25_1_VITIS_LOOP_27_2_fu_86/indvar_flatten_fu_126_reg[3]/C
                            (rising edge-triggered cell FDRE clocked by ap_clk  {rise@0.000ns fall@5.000ns period=10.000ns})
  Destination:            bd_0_i/hls_inst/inst/grp_Gaussian_Filter_Pipeline_VITIS_LOOP_25_1_VITIS_LOOP_27_2_fu_86/indvar_flatten_fu_126_reg[14]/CE
                            (rising edge-triggered cell FDRE clocked by ap_clk  {rise@0.000ns fall@5.000ns period=10.000ns})
  Path Group:             ap_clk
  Path Type:              Setup (Max at Slow Process Corner)
  Requirement:            10.000ns  (ap_clk rise@10.000ns - ap_clk rise@0.000ns)
  Data Path Delay:        5.829ns  (logic 2.343ns (40.198%)  route 3.486ns (59.802%))
  Logic Levels:           8  (CARRY4=6 LUT3=1 LUT6=1)
  Clock Path Skew:        -0.049ns (DCD - SCD + CPR)
    Destination Clock Delay (DCD):    0.924ns = ( 10.924 - 10.000 ) 
    Source Clock Delay      (SCD):    0.973ns
    Clock Pessimism Removal (CPR):    0.000ns
  Clock Uncertainty:      0.035ns  ((TSJ^2 + TIJ^2)^1/2 + DJ) / 2 + PE
    Total System Jitter     (TSJ):    0.071ns
    Total Input Jitter      (TIJ):    0.000ns
    Discrete Jitter          (DJ):    0.000ns
    Phase Error              (PE):    0.000ns

    Location             Delay type                Incr(ns)  Path(ns)    Netlist Resource(s)
  -------------------------------------------------------------------    -------------------
                         (clock ap_clk rise edge)     0.000     0.000 r  <hidden>
                                                      0.000     0.000 r  ap_clk
                         net (fo=1360, unset)         0.973     0.973    bd_0_i/hls_inst/inst/grp_Gaussian_Filter_Pipeline_VITIS_LOOP_25_1_VITIS_LOOP_27_2_fu_86/ap_clk
    SLICE_X34Y43         FDRE                                         r  bd_0_i/hls_inst/inst/grp_Gaussian_Filter_Pipeline_VITIS_LOOP_25_1_VITIS_LOOP_27_2_fu_86/indvar_flatten_fu_126_reg[3]/C
  -------------------------------------------------------------------    -------------------
    SLICE_X34Y43         FDRE (Prop_fdre_C_Q)         0.518     1.491 r  bd_0_i/hls_inst/inst/grp_Gaussian_Filter_Pipeline_VITIS_LOOP_25_1_VITIS_LOOP_27_2_fu_86/indvar_flatten_fu_126_reg[3]/Q
                         net (fo=2, routed)           1.335     2.826    bd_0_i/hls_inst/inst/grp_Gaussian_Filter_Pipeline_VITIS_LOOP_25_1_VITIS_LOOP_27_2_fu_86/indvar_flatten_fu_126_reg[3]
    SLICE_X35Y48         LUT6 (Prop_lut6_I0_O)        0.124     2.950 r  bd_0_i/hls_inst/inst/grp_Gaussian_Filter_Pipeline_VITIS_LOOP_25_1_VITIS_LOOP_27_2_fu_86/icmp_ln25_fu_261_p2_carry_i_3/O
                         net (fo=1, routed)           0.000     2.950    bd_0_i/hls_inst/inst/grp_Gaussian_Filter_Pipeline_VITIS_LOOP_25_1_VITIS_LOOP_27_2_fu_86/icmp_ln25_fu_261_p2_carry_i_3_n_0
    SLICE_X35Y48         CARRY4 (Prop_carry4_S[1]_CO[3])
                                                      0.550     3.500 r  bd_0_i/hls_inst/inst/grp_Gaussian_Filter_Pipeline_VITIS_LOOP_25_1_VITIS_LOOP_27_2_fu_86/icmp_ln25_fu_261_p2_carry/CO[3]
                         net (fo=1, routed)           0.000     3.500    bd_0_i/hls_inst/inst/grp_Gaussian_Filter_Pipeline_VITIS_LOOP_25_1_VITIS_LOOP_27_2_fu_86/icmp_ln25_fu_261_p2_carry_n_0
    SLICE_X35Y49         CARRY4 (Prop_carry4_CI_CO[3])
                                                      0.114     3.614 r  bd_0_i/hls_inst/inst/grp_Gaussian_Filter_Pipeline_VITIS_LOOP_25_1_VITIS_LOOP_27_2_fu_86/icmp_ln25_fu_261_p2_carry__0/CO[3]
                         net (fo=1, routed)           0.001     3.615    bd_0_i/hls_inst/inst/grp_Gaussian_Filter_Pipeline_VITIS_LOOP_25_1_VITIS_LOOP_27_2_fu_86/icmp_ln25_fu_261_p2_carry__0_n_0
    SLICE_X35Y50         CARRY4 (Prop_carry4_CI_CO[3])
                                                      0.114     3.729 r  bd_0_i/hls_inst/inst/grp_Gaussian_Filter_Pipeline_VITIS_LOOP_25_1_VITIS_LOOP_27_2_fu_86/icmp_ln25_fu_261_p2_carry__1/CO[3]
                         net (fo=1, routed)           0.000     3.729    bd_0_i/hls_inst/inst/grp_Gaussian_Filter_Pipeline_VITIS_LOOP_25_1_VITIS_LOOP_27_2_fu_86/icmp_ln25_fu_261_p2_carry__1_n_0
    SLICE_X35Y51         CARRY4 (Prop_carry4_CI_CO[3])
                                                      0.114     3.843 r  bd_0_i/hls_inst/inst/grp_Gaussian_Filter_Pipeline_VITIS_LOOP_25_1_VITIS_LOOP_27_2_fu_86/icmp_ln25_fu_261_p2_carry__2/CO[3]
                         net (fo=1, routed)           0.000     3.843    bd_0_i/hls_inst/inst/grp_Gaussian_Filter_Pipeline_VITIS_LOOP_25_1_VITIS_LOOP_27_2_fu_86/icmp_ln25_fu_261_p2_carry__2_n_0
    SLICE_X35Y52         CARRY4 (Prop_carry4_CI_CO[3])
                                                      0.114     3.957 r  bd_0_i/hls_inst/inst/grp_Gaussian_Filter_Pipeline_VITIS_LOOP_25_1_VITIS_LOOP_27_2_fu_86/icmp_ln25_fu_261_p2_carry__3/CO[3]
                         net (fo=1, routed)           0.000     3.957    bd_0_i/hls_inst/inst/grp_Gaussian_Filter_Pipeline_VITIS_LOOP_25_1_VITIS_LOOP_27_2_fu_86/icmp_ln25_fu_261_p2_carry__3_n_0
    SLICE_X35Y53         CARRY4 (Prop_carry4_CI_CO[0])
                                                      0.293     4.250 f  bd_0_i/hls_inst/inst/grp_Gaussian_Filter_Pipeline_VITIS_LOOP_25_1_VITIS_LOOP_27_2_fu_86/icmp_ln25_fu_261_p2_carry__4/CO[0]
                         net (fo=5, routed)           0.987     5.236    bd_0_i/hls_inst/inst/grp_Gaussian_Filter_Pipeline_VITIS_LOOP_25_1_VITIS_LOOP_27_2_fu_86/icmp_ln25_fu_261_p2[0]
    SLICE_X40Y57         LUT3 (Prop_lut3_I2_O)        0.402     5.638 r  bd_0_i/hls_inst/inst/grp_Gaussian_Filter_Pipeline_VITIS_LOOP_25_1_VITIS_LOOP_27_2_fu_86/indvar_flatten_fu_126[0]_i_1/O
                         net (fo=62, routed)          1.164     6.802    bd_0_i/hls_inst/inst/grp_Gaussian_Filter_Pipeline_VITIS_LOOP_25_1_VITIS_LOOP_27_2_fu_86/indvar_flatten_fu_126
    SLICE_X34Y46         FDRE                                         r  bd_0_i/hls_inst/inst/grp_Gaussian_Filter_Pipeline_VITIS_LOOP_25_1_VITIS_LOOP_27_2_fu_86/indvar_flatten_fu_126_reg[14]/CE
  -------------------------------------------------------------------    -------------------

                         (clock ap_clk rise edge)    10.000    10.000 r  <hidden>
                                                      0.000    10.000 r  ap_clk
                         net (fo=1360, unset)         0.924    10.924    bd_0_i/hls_inst/inst/grp_Gaussian_Filter_Pipeline_VITIS_LOOP_25_1_VITIS_LOOP_27_2_fu_86/ap_clk
    SLICE_X34Y46         FDRE                                         r  bd_0_i/hls_inst/inst/grp_Gaussian_Filter_Pipeline_VITIS_LOOP_25_1_VITIS_LOOP_27_2_fu_86/indvar_flatten_fu_126_reg[14]/C
                         clock pessimism              0.000    10.924    <hidden>
                         clock uncertainty           -0.035    10.889    <hidden>
    SLICE_X34Y46         FDRE (Setup_fdre_C_CE)      -0.372    10.517    bd_0_i/hls_inst/inst/grp_Gaussian_Filter_Pipeline_VITIS_LOOP_25_1_VITIS_LOOP_27_2_fu_86/indvar_flatten_fu_126_reg[14]
  -------------------------------------------------------------------
                         required time                         10.517    <hidden>
                         arrival time                          -6.802    <hidden>
  -------------------------------------------------------------------
                         slack                                  3.715    <hidden>

Slack (MET) :             3.715ns  (required time - arrival time)
  Source:                 bd_0_i/hls_inst/inst/grp_Gaussian_Filter_Pipeline_VITIS_LOOP_25_1_VITIS_LOOP_27_2_fu_86/indvar_flatten_fu_126_reg[3]/C
                            (rising edge-triggered cell FDRE clocked by ap_clk  {rise@0.000ns fall@5.000ns period=10.000ns})
  Destination:            bd_0_i/hls_inst/inst/grp_Gaussian_Filter_Pipeline_VITIS_LOOP_25_1_VITIS_LOOP_27_2_fu_86/indvar_flatten_fu_126_reg[15]/CE
                            (rising edge-triggered cell FDRE clocked by ap_clk  {rise@0.000ns fall@5.000ns period=10.000ns})
  Path Group:             ap_clk
  Path Type:              Setup (Max at Slow Process Corner)
  Requirement:            10.000ns  (ap_clk rise@10.000ns - ap_clk rise@0.000ns)
  Data Path Delay:        5.829ns  (logic 2.343ns (40.198%)  route 3.486ns (59.802%))
  Logic Levels:           8  (CARRY4=6 LUT3=1 LUT6=1)
  Clock Path Skew:        -0.049ns (DCD - SCD + CPR)
    Destination Clock Delay (DCD):    0.924ns = ( 10.924 - 10.000 ) 
    Source Clock Delay      (SCD):    0.973ns
    Clock Pessimism Removal (CPR):    0.000ns
  Clock Uncertainty:      0.035ns  ((TSJ^2 + TIJ^2)^1/2 + DJ) / 2 + PE
    Total System Jitter     (TSJ):    0.071ns
    Total Input Jitter      (TIJ):    0.000ns
    Discrete Jitter          (DJ):    0.000ns
    Phase Error              (PE):    0.000ns

    Location             Delay type                Incr(ns)  Path(ns)    Netlist Resource(s)
  -------------------------------------------------------------------    -------------------
                         (clock ap_clk rise edge)     0.000     0.000 r  <hidden>
                                                      0.000     0.000 r  ap_clk
                         net (fo=1360, unset)         0.973     0.973    bd_0_i/hls_inst/inst/grp_Gaussian_Filter_Pipeline_VITIS_LOOP_25_1_VITIS_LOOP_27_2_fu_86/ap_clk
    SLICE_X34Y43         FDRE                                         r  bd_0_i/hls_inst/inst/grp_Gaussian_Filter_Pipeline_VITIS_LOOP_25_1_VITIS_LOOP_27_2_fu_86/indvar_flatten_fu_126_reg[3]/C
  -------------------------------------------------------------------    -------------------
    SLICE_X34Y43         FDRE (Prop_fdre_C_Q)         0.518     1.491 r  bd_0_i/hls_inst/inst/grp_Gaussian_Filter_Pipeline_VITIS_LOOP_25_1_VITIS_LOOP_27_2_fu_86/indvar_flatten_fu_126_reg[3]/Q
                         net (fo=2, routed)           1.335     2.826    bd_0_i/hls_inst/inst/grp_Gaussian_Filter_Pipeline_VITIS_LOOP_25_1_VITIS_LOOP_27_2_fu_86/indvar_flatten_fu_126_reg[3]
    SLICE_X35Y48         LUT6 (Prop_lut6_I0_O)        0.124     2.950 r  bd_0_i/hls_inst/inst/grp_Gaussian_Filter_Pipeline_VITIS_LOOP_25_1_VITIS_LOOP_27_2_fu_86/icmp_ln25_fu_261_p2_carry_i_3/O
                         net (fo=1, routed)           0.000     2.950    bd_0_i/hls_inst/inst/grp_Gaussian_Filter_Pipeline_VITIS_LOOP_25_1_VITIS_LOOP_27_2_fu_86/icmp_ln25_fu_261_p2_carry_i_3_n_0
    SLICE_X35Y48         CARRY4 (Prop_carry4_S[1]_CO[3])
                                                      0.550     3.500 r  bd_0_i/hls_inst/inst/grp_Gaussian_Filter_Pipeline_VITIS_LOOP_25_1_VITIS_LOOP_27_2_fu_86/icmp_ln25_fu_261_p2_carry/CO[3]
                         net (fo=1, routed)           0.000     3.500    bd_0_i/hls_inst/inst/grp_Gaussian_Filter_Pipeline_VITIS_LOOP_25_1_VITIS_LOOP_27_2_fu_86/icmp_ln25_fu_261_p2_carry_n_0
    SLICE_X35Y49         CARRY4 (Prop_carry4_CI_CO[3])
                                                      0.114     3.614 r  bd_0_i/hls_inst/inst/grp_Gaussian_Filter_Pipeline_VITIS_LOOP_25_1_VITIS_LOOP_27_2_fu_86/icmp_ln25_fu_261_p2_carry__0/CO[3]
                         net (fo=1, routed)           0.001     3.615    bd_0_i/hls_inst/inst/grp_Gaussian_Filter_Pipeline_VITIS_LOOP_25_1_VITIS_LOOP_27_2_fu_86/icmp_ln25_fu_261_p2_carry__0_n_0
    SLICE_X35Y50         CARRY4 (Prop_carry4_CI_CO[3])
                                                      0.114     3.729 r  bd_0_i/hls_inst/inst/grp_Gaussian_Filter_Pipeline_VITIS_LOOP_25_1_VITIS_LOOP_27_2_fu_86/icmp_ln25_fu_261_p2_carry__1/CO[3]
                         net (fo=1, routed)           0.000     3.729    bd_0_i/hls_inst/inst/grp_Gaussian_Filter_Pipeline_VITIS_LOOP_25_1_VITIS_LOOP_27_2_fu_86/icmp_ln25_fu_261_p2_carry__1_n_0
    SLICE_X35Y51         CARRY4 (Prop_carry4_CI_CO[3])
                                                      0.114     3.843 r  bd_0_i/hls_inst/inst/grp_Gaussian_Filter_Pipeline_VITIS_LOOP_25_1_VITIS_LOOP_27_2_fu_86/icmp_ln25_fu_261_p2_carry__2/CO[3]
                         net (fo=1, routed)           0.000     3.843    bd_0_i/hls_inst/inst/grp_Gaussian_Filter_Pipeline_VITIS_LOOP_25_1_VITIS_LOOP_27_2_fu_86/icmp_ln25_fu_261_p2_carry__2_n_0
    SLICE_X35Y52         CARRY4 (Prop_carry4_CI_CO[3])
                                                      0.114     3.957 r  bd_0_i/hls_inst/inst/grp_Gaussian_Filter_Pipeline_VITIS_LOOP_25_1_VITIS_LOOP_27_2_fu_86/icmp_ln25_fu_261_p2_carry__3/CO[3]
                         net (fo=1, routed)           0.000     3.957    bd_0_i/hls_inst/inst/grp_Gaussian_Filter_Pipeline_VITIS_LOOP_25_1_VITIS_LOOP_27_2_fu_86/icmp_ln25_fu_261_p2_carry__3_n_0
    SLICE_X35Y53         CARRY4 (Prop_carry4_CI_CO[0])
                                                      0.293     4.250 f  bd_0_i/hls_inst/inst/grp_Gaussian_Filter_Pipeline_VITIS_LOOP_25_1_VITIS_LOOP_27_2_fu_86/icmp_ln25_fu_261_p2_carry__4/CO[0]
                         net (fo=5, routed)           0.987     5.236    bd_0_i/hls_inst/inst/grp_Gaussian_Filter_Pipeline_VITIS_LOOP_25_1_VITIS_LOOP_27_2_fu_86/icmp_ln25_fu_261_p2[0]
    SLICE_X40Y57         LUT3 (Prop_lut3_I2_O)        0.402     5.638 r  bd_0_i/hls_inst/inst/grp_Gaussian_Filter_Pipeline_VITIS_LOOP_25_1_VITIS_LOOP_27_2_fu_86/indvar_flatten_fu_126[0]_i_1/O
                         net (fo=62, routed)          1.164     6.802    bd_0_i/hls_inst/inst/grp_Gaussian_Filter_Pipeline_VITIS_LOOP_25_1_VITIS_LOOP_27_2_fu_86/indvar_flatten_fu_126
    SLICE_X34Y46         FDRE                                         r  bd_0_i/hls_inst/inst/grp_Gaussian_Filter_Pipeline_VITIS_LOOP_25_1_VITIS_LOOP_27_2_fu_86/indvar_flatten_fu_126_reg[15]/CE
  -------------------------------------------------------------------    -------------------

                         (clock ap_clk rise edge)    10.000    10.000 r  <hidden>
                                                      0.000    10.000 r  ap_clk
                         net (fo=1360, unset)         0.924    10.924    bd_0_i/hls_inst/inst/grp_Gaussian_Filter_Pipeline_VITIS_LOOP_25_1_VITIS_LOOP_27_2_fu_86/ap_clk
    SLICE_X34Y46         FDRE                                         r  bd_0_i/hls_inst/inst/grp_Gaussian_Filter_Pipeline_VITIS_LOOP_25_1_VITIS_LOOP_27_2_fu_86/indvar_flatten_fu_126_reg[15]/C
                         clock pessimism              0.000    10.924    <hidden>
                         clock uncertainty           -0.035    10.889    <hidden>
    SLICE_X34Y46         FDRE (Setup_fdre_C_CE)      -0.372    10.517    bd_0_i/hls_inst/inst/grp_Gaussian_Filter_Pipeline_VITIS_LOOP_25_1_VITIS_LOOP_27_2_fu_86/indvar_flatten_fu_126_reg[15]
  -------------------------------------------------------------------
                         required time                         10.517    <hidden>
                         arrival time                          -6.802    <hidden>
  -------------------------------------------------------------------
                         slack                                  3.715    <hidden>




