Copyright 1986-2022 Xilinx, Inc. All Rights Reserved. Copyright 2022-2026 Advanced Micro Devices, Inc. All Rights Reserved.
---------------------------------------------------------------------------------------------------------------------------------------------
| Tool Version : Vivado v.2026.1 (win64) Build 6511674 Tue Jun 16 11:02:23 MDT 2026
| Date         : Wed Sep 23 01:32:32 2026
| Host         : DESKTOP-55UAODO running 64-bit major release  (build 9200)
| Command      : report_timing -max_paths 10 -file ./report/Gaussian_Filter_timing_paths_synth.rpt
| Design       : bd_0_wrapper
| Device       : 7z020-clg400
| Speed File   : -1  PRODUCTION 1.12 2019-11-22
| Design State : Synthesized
---------------------------------------------------------------------------------------------------------------------------------------------

Timing Report

Slack (MET) :             4.106ns  (required time - arrival time)
  Source:                 bd_0_i/hls_inst/inst/grp_Gaussian_Filter_Pipeline_VITIS_LOOP_25_1_VITIS_LOOP_27_2_fu_86/J_fu_122_reg[0]/C
                            (rising edge-triggered cell FDRE clocked by ap_clk  {rise@0.000ns fall@5.000ns period=10.000ns})
  Destination:            bd_0_i/hls_inst/inst/grp_Gaussian_Filter_Pipeline_VITIS_LOOP_25_1_VITIS_LOOP_27_2_fu_86/addr_cmp25_reg_668_reg[0]/D
                            (rising edge-triggered cell FDRE clocked by ap_clk  {rise@0.000ns fall@5.000ns period=10.000ns})
  Path Group:             ap_clk
  Path Type:              Setup (Max at Slow Process Corner)
  Requirement:            10.000ns  (ap_clk rise@10.000ns - ap_clk rise@0.000ns)
  Data Path Delay:        5.904ns  (logic 3.192ns (54.065%)  route 2.712ns (45.935%))
  Logic Levels:           13  (CARRY4=10 LUT2=1 LUT4=1 LUT6=1)
  Clock Path Skew:        -0.049ns (DCD - SCD + CPR)
    Destination Clock Delay (DCD):    0.924ns = ( 10.924 - 10.000 ) 
    Source Clock Delay      (SCD):    0.973ns
    Clock Pessimism Removal (CPR):    0.000ns
  Clock Uncertainty:      0.035ns  ((TSJ^2 + TIJ^2)^1/2 + DJ) / 2 + PE
    Total System Jitter     (TSJ):    0.071ns
    Total Input Jitter      (TIJ):    0.000ns
    Discrete Jitter          (DJ):    0.000ns
    Phase Error              (PE):    0.000ns

    Location             Delay type                Incr(ns)  Path(ns)    Netlist Resource(s)
  -------------------------------------------------------------------    -------------------
                         (clock ap_clk rise edge)     0.000     0.000 r  <hidden>
                                                      0.000     0.000 r  ap_clk
                         net (fo=1360, unset)         0.973     0.973    bd_0_i/hls_inst/inst/grp_Gaussian_Filter_Pipeline_VITIS_LOOP_25_1_VITIS_LOOP_27_2_fu_86/ap_clk
                         FDRE                                         r  bd_0_i/hls_inst/inst/grp_Gaussian_Filter_Pipeline_VITIS_LOOP_25_1_VITIS_LOOP_27_2_fu_86/J_fu_122_reg[0]/C
  -------------------------------------------------------------------    -------------------
                         FDRE (Prop_fdre_C_Q)         0.518     1.491 f  bd_0_i/hls_inst/inst/grp_Gaussian_Filter_Pipeline_VITIS_LOOP_25_1_VITIS_LOOP_27_2_fu_86/J_fu_122_reg[0]/Q
                         net (fo=10, unplaced)        0.784     2.275    bd_0_i/hls_inst/inst/grp_Gaussian_Filter_Pipeline_VITIS_LOOP_25_1_VITIS_LOOP_27_2_fu_86/p_0_in[0]
                         LUT4 (Prop_lut4_I1_O)        0.319     2.594 r  bd_0_i/hls_inst/inst/grp_Gaussian_Filter_Pipeline_VITIS_LOOP_25_1_VITIS_LOOP_27_2_fu_86/icmp_ln27_fu_284_p2_carry_i_4/O
                         net (fo=1, unplaced)         0.000     2.594    bd_0_i/hls_inst/inst/grp_Gaussian_Filter_Pipeline_VITIS_LOOP_25_1_VITIS_LOOP_27_2_fu_86/icmp_ln27_fu_284_p2_carry_i_4_n_0
                         CARRY4 (Prop_carry4_DI[0]_CO[3])
                                                      0.576     3.170 r  bd_0_i/hls_inst/inst/grp_Gaussian_Filter_Pipeline_VITIS_LOOP_25_1_VITIS_LOOP_27_2_fu_86/icmp_ln27_fu_284_p2_carry/CO[3]
                         net (fo=1, unplaced)         0.009     3.179    bd_0_i/hls_inst/inst/grp_Gaussian_Filter_Pipeline_VITIS_LOOP_25_1_VITIS_LOOP_27_2_fu_86/icmp_ln27_fu_284_p2_carry_n_0
                         CARRY4 (Prop_carry4_CI_CO[3])
                                                      0.117     3.296 r  bd_0_i/hls_inst/inst/grp_Gaussian_Filter_Pipeline_VITIS_LOOP_25_1_VITIS_LOOP_27_2_fu_86/icmp_ln27_fu_284_p2_carry__0/CO[3]
                         net (fo=1, unplaced)         0.000     3.296    bd_0_i/hls_inst/inst/grp_Gaussian_Filter_Pipeline_VITIS_LOOP_25_1_VITIS_LOOP_27_2_fu_86/icmp_ln27_fu_284_p2_carry__0_n_0
                         CARRY4 (Prop_carry4_CI_CO[3])
                                                      0.117     3.413 r  bd_0_i/hls_inst/inst/grp_Gaussian_Filter_Pipeline_VITIS_LOOP_25_1_VITIS_LOOP_27_2_fu_86/icmp_ln27_fu_284_p2_carry__1/CO[3]
                         net (fo=1, unplaced)         0.000     3.413    bd_0_i/hls_inst/inst/grp_Gaussian_Filter_Pipeline_VITIS_LOOP_25_1_VITIS_LOOP_27_2_fu_86/icmp_ln27_fu_284_p2_carry__1_n_0
                         CARRY4 (Prop_carry4_CI_CO[3])
                                                      0.117     3.530 r  bd_0_i/hls_inst/inst/grp_Gaussian_Filter_Pipeline_VITIS_LOOP_25_1_VITIS_LOOP_27_2_fu_86/icmp_ln27_fu_284_p2_carry__2/CO[3]
                         net (fo=26, unplaced)        0.984     4.514    bd_0_i/hls_inst/inst/grp_Gaussian_Filter_Pipeline_VITIS_LOOP_25_1_VITIS_LOOP_27_2_fu_86/Line_Buffer_data_1_U/CO[0]
                         LUT2 (Prop_lut2_I0_O)        0.124     4.638 r  bd_0_i/hls_inst/inst/grp_Gaussian_Filter_Pipeline_VITIS_LOOP_25_1_VITIS_LOOP_27_2_fu_86/Line_Buffer_data_1_U/ram_reg_0_i_9__0/O
                         net (fo=4, unplaced)         0.926     5.564    bd_0_i/hls_inst/inst/grp_Gaussian_Filter_Pipeline_VITIS_LOOP_25_1_VITIS_LOOP_27_2_fu_86/select_ln25_fu_289_p3[3]
                         LUT6 (Prop_lut6_I1_O)        0.124     5.688 r  bd_0_i/hls_inst/inst/grp_Gaussian_Filter_Pipeline_VITIS_LOOP_25_1_VITIS_LOOP_27_2_fu_86/addr_cmp25_fu_335_p2_carry_i_3/O
                         net (fo=1, unplaced)         0.000     5.688    bd_0_i/hls_inst/inst/grp_Gaussian_Filter_Pipeline_VITIS_LOOP_25_1_VITIS_LOOP_27_2_fu_86/addr_cmp25_fu_335_p2_carry_i_3_n_0
                         CARRY4 (Prop_carry4_S[1]_CO[3])
                                                      0.533     6.221 r  bd_0_i/hls_inst/inst/grp_Gaussian_Filter_Pipeline_VITIS_LOOP_25_1_VITIS_LOOP_27_2_fu_86/addr_cmp25_fu_335_p2_carry/CO[3]
                         net (fo=1, unplaced)         0.009     6.230    bd_0_i/hls_inst/inst/grp_Gaussian_Filter_Pipeline_VITIS_LOOP_25_1_VITIS_LOOP_27_2_fu_86/addr_cmp25_fu_335_p2_carry_n_0
                         CARRY4 (Prop_carry4_CI_CO[3])
                                                      0.117     6.347 r  bd_0_i/hls_inst/inst/grp_Gaussian_Filter_Pipeline_VITIS_LOOP_25_1_VITIS_LOOP_27_2_fu_86/addr_cmp25_fu_335_p2_carry__0/CO[3]
                         net (fo=1, unplaced)         0.000     6.347    bd_0_i/hls_inst/inst/grp_Gaussian_Filter_Pipeline_VITIS_LOOP_25_1_VITIS_LOOP_27_2_fu_86/addr_cmp25_fu_335_p2_carry__0_n_0
                         CARRY4 (Prop_carry4_CI_CO[3])
                                                      0.117     6.464 r  bd_0_i/hls_inst/inst/grp_Gaussian_Filter_Pipeline_VITIS_LOOP_25_1_VITIS_LOOP_27_2_fu_86/addr_cmp25_fu_335_p2_carry__1/CO[3]
                         net (fo=1, unplaced)         0.000     6.464    bd_0_i/hls_inst/inst/grp_Gaussian_Filter_Pipeline_VITIS_LOOP_25_1_VITIS_LOOP_27_2_fu_86/addr_cmp25_fu_335_p2_carry__1_n_0
                         CARRY4 (Prop_carry4_CI_CO[3])
                                                      0.117     6.581 r  bd_0_i/hls_inst/inst/grp_Gaussian_Filter_Pipeline_VITIS_LOOP_25_1_VITIS_LOOP_27_2_fu_86/addr_cmp25_fu_335_p2_carry__2/CO[3]
                         net (fo=1, unplaced)         0.000     6.581    bd_0_i/hls_inst/inst/grp_Gaussian_Filter_Pipeline_VITIS_LOOP_25_1_VITIS_LOOP_27_2_fu_86/addr_cmp25_fu_335_p2_carry__2_n_0
                         CARRY4 (Prop_carry4_CI_CO[3])
                                                      0.117     6.698 r  bd_0_i/hls_inst/inst/grp_Gaussian_Filter_Pipeline_VITIS_LOOP_25_1_VITIS_LOOP_27_2_fu_86/addr_cmp25_fu_335_p2_carry__3/CO[3]
                         net (fo=1, unplaced)         0.000     6.698    bd_0_i/hls_inst/inst/grp_Gaussian_Filter_Pipeline_VITIS_LOOP_25_1_VITIS_LOOP_27_2_fu_86/addr_cmp25_fu_335_p2_carry__3_n_0
                         CARRY4 (Prop_carry4_CI_CO[1])
                                                      0.179     6.877 r  bd_0_i/hls_inst/inst/grp_Gaussian_Filter_Pipeline_VITIS_LOOP_25_1_VITIS_LOOP_27_2_fu_86/addr_cmp25_fu_335_p2_carry__4/CO[1]
                         net (fo=1, unplaced)         0.000     6.877    bd_0_i/hls_inst/inst/grp_Gaussian_Filter_Pipeline_VITIS_LOOP_25_1_VITIS_LOOP_27_2_fu_86/addr_cmp_fu_344_p2[0]
                         FDRE                                         r  bd_0_i/hls_inst/inst/grp_Gaussian_Filter_Pipeline_VITIS_LOOP_25_1_VITIS_LOOP_27_2_fu_86/addr_cmp25_reg_668_reg[0]/D
  -------------------------------------------------------------------    -------------------

                         (clock ap_clk rise edge)    10.000    10.000 r  <hidden>
                                                      0.000    10.000 r  ap_clk
                         net (fo=1360, unset)         0.924    10.924    bd_0_i/hls_inst/inst/grp_Gaussian_Filter_Pipeline_VITIS_LOOP_25_1_VITIS_LOOP_27_2_fu_86/ap_clk
                         FDRE                                         r  bd_0_i/hls_inst/inst/grp_Gaussian_Filter_Pipeline_VITIS_LOOP_25_1_VITIS_LOOP_27_2_fu_86/addr_cmp25_reg_668_reg[0]/C
                         clock pessimism              0.000    10.924    <hidden>
                         clock uncertainty           -0.035    10.889    <hidden>
                         FDRE (Setup_fdre_C_D)        0.094    10.983    bd_0_i/hls_inst/inst/grp_Gaussian_Filter_Pipeline_VITIS_LOOP_25_1_VITIS_LOOP_27_2_fu_86/addr_cmp25_reg_668_reg[0]
  -------------------------------------------------------------------
                         required time                         10.983    <hidden>
                         arrival time                          -6.877    <hidden>
  -------------------------------------------------------------------
                         slack                                  4.106    <hidden>

Slack (MET) :             4.255ns  (required time - arrival time)
  Source:                 bd_0_i/hls_inst/inst/mul_31ns_31ns_62_2_1_U18/tmp_product/CLK
                            (rising edge-triggered cell DSP48E1 clocked by ap_clk  {rise@0.000ns fall@5.000ns period=10.000ns})
  Destination:            bd_0_i/hls_inst/inst/mul_31ns_31ns_62_2_1_U18/buff0_reg/PCIN[0]
                            (rising edge-triggered cell DSP48E1 clocked by ap_clk  {rise@0.000ns fall@5.000ns period=10.000ns})
  Path Group:             ap_clk
  Path Type:              Setup (Max at Slow Process Corner)
  Requirement:            10.000ns  (ap_clk rise@10.000ns - ap_clk rise@0.000ns)
  Data Path Delay:        4.261ns  (logic 4.206ns (98.709%)  route 0.055ns (1.291%))
  Logic Levels:           0  
  Clock Path Skew:        -0.049ns (DCD - SCD + CPR)
    Destination Clock Delay (DCD):    0.924ns = ( 10.924 - 10.000 ) 
    Source Clock Delay      (SCD):    0.973ns
    Clock Pessimism Removal (CPR):    0.000ns
  Clock Uncertainty:      0.035ns  ((TSJ^2 + TIJ^2)^1/2 + DJ) / 2 + PE
    Total System Jitter     (TSJ):    0.071ns
    Total Input Jitter      (TIJ):    0.000ns
    Discrete Jitter          (DJ):    0.000ns
    Phase Error              (PE):    0.000ns

    Location             Delay type                Incr(ns)  Path(ns)    Netlist Resource(s)
  -------------------------------------------------------------------    -------------------
                         (clock ap_clk rise edge)     0.000     0.000 r  <hidden>
                                                      0.000     0.000 r  ap_clk
                         net (fo=1360, unset)         0.973     0.973    bd_0_i/hls_inst/inst/mul_31ns_31ns_62_2_1_U18/ap_clk
                         DSP48E1                                      r  bd_0_i/hls_inst/inst/mul_31ns_31ns_62_2_1_U18/tmp_product/CLK
  -------------------------------------------------------------------    -------------------
                         DSP48E1 (Prop_dsp48e1_CLK_PCOUT[0])
                                                      4.206     5.179 r  bd_0_i/hls_inst/inst/mul_31ns_31ns_62_2_1_U18/tmp_product/PCOUT[0]
                         net (fo=1, unplaced)         0.055     5.234    bd_0_i/hls_inst/inst/mul_31ns_31ns_62_2_1_U18/tmp_product_n_153
                         DSP48E1                                      r  bd_0_i/hls_inst/inst/mul_31ns_31ns_62_2_1_U18/buff0_reg/PCIN[0]
  -------------------------------------------------------------------    -------------------

                         (clock ap_clk rise edge)    10.000    10.000 r  <hidden>
                                                      0.000    10.000 r  ap_clk
                         net (fo=1360, unset)         0.924    10.924    bd_0_i/hls_inst/inst/mul_31ns_31ns_62_2_1_U18/ap_clk
                         DSP48E1                                      r  bd_0_i/hls_inst/inst/mul_31ns_31ns_62_2_1_U18/buff0_reg/CLK
                         clock pessimism              0.000    10.924    <hidden>
                         clock uncertainty           -0.035    10.889    <hidden>
                         DSP48E1 (Setup_dsp48e1_CLK_PCIN[0])
                                                     -1.400     9.489    bd_0_i/hls_inst/inst/mul_31ns_31ns_62_2_1_U18/buff0_reg
  -------------------------------------------------------------------
                         required time                          9.489    <hidden>
                         arrival time                          -5.234    <hidden>
  -------------------------------------------------------------------
                         slack                                  4.255    <hidden>

Slack (MET) :             4.255ns  (required time - arrival time)
  Source:                 bd_0_i/hls_inst/inst/mul_31ns_31ns_62_2_1_U18/tmp_product/CLK
                            (rising edge-triggered cell DSP48E1 clocked by ap_clk  {rise@0.000ns fall@5.000ns period=10.000ns})
  Destination:            bd_0_i/hls_inst/inst/mul_31ns_31ns_62_2_1_U18/buff0_reg/PCIN[10]
                            (rising edge-triggered cell DSP48E1 clocked by ap_clk  {rise@0.000ns fall@5.000ns period=10.000ns})
  Path Group:             ap_clk
  Path Type:              Setup (Max at Slow Process Corner)
  Requirement:            10.000ns  (ap_clk rise@10.000ns - ap_clk rise@0.000ns)
  Data Path Delay:        4.261ns  (logic 4.206ns (98.709%)  route 0.055ns (1.291%))
  Logic Levels:           0  
  Clock Path Skew:        -0.049ns (DCD - SCD + CPR)
    Destination Clock Delay (DCD):    0.924ns = ( 10.924 - 10.000 ) 
    Source Clock Delay      (SCD):    0.973ns
    Clock Pessimism Removal (CPR):    0.000ns
  Clock Uncertainty:      0.035ns  ((TSJ^2 + TIJ^2)^1/2 + DJ) / 2 + PE
    Total System Jitter     (TSJ):    0.071ns
    Total Input Jitter      (TIJ):    0.000ns
    Discrete Jitter          (DJ):    0.000ns
    Phase Error              (PE):    0.000ns

    Location             Delay type                Incr(ns)  Path(ns)    Netlist Resource(s)
  -------------------------------------------------------------------    -------------------
                         (clock ap_clk rise edge)     0.000     0.000 r  <hidden>
                                                      0.000     0.000 r  ap_clk
                         net (fo=1360, unset)         0.973     0.973    bd_0_i/hls_inst/inst/mul_31ns_31ns_62_2_1_U18/ap_clk
                         DSP48E1                                      r  bd_0_i/hls_inst/inst/mul_31ns_31ns_62_2_1_U18/tmp_product/CLK
  -------------------------------------------------------------------    -------------------
                         DSP48E1 (Prop_dsp48e1_CLK_PCOUT[10])
                                                      4.206     5.179 r  bd_0_i/hls_inst/inst/mul_31ns_31ns_62_2_1_U18/tmp_product/PCOUT[10]
                         net (fo=1, unplaced)         0.055     5.234    bd_0_i/hls_inst/inst/mul_31ns_31ns_62_2_1_U18/tmp_product_n_143
                         DSP48E1                                      r  bd_0_i/hls_inst/inst/mul_31ns_31ns_62_2_1_U18/buff0_reg/PCIN[10]
  -------------------------------------------------------------------    -------------------

                         (clock ap_clk rise edge)    10.000    10.000 r  <hidden>
                                                      0.000    10.000 r  ap_clk
                         net (fo=1360, unset)         0.924    10.924    bd_0_i/hls_inst/inst/mul_31ns_31ns_62_2_1_U18/ap_clk
                         DSP48E1                                      r  bd_0_i/hls_inst/inst/mul_31ns_31ns_62_2_1_U18/buff0_reg/CLK
                         clock pessimism              0.000    10.924    <hidden>
                         clock uncertainty           -0.035    10.889    <hidden>
                         DSP48E1 (Setup_dsp48e1_CLK_PCIN[10])
                                                     -1.400     9.489    bd_0_i/hls_inst/inst/mul_31ns_31ns_62_2_1_U18/buff0_reg
  -------------------------------------------------------------------
                         required time                          9.489    <hidden>
                         arrival time                          -5.234    <hidden>
  -------------------------------------------------------------------
                         slack                                  4.255    <hidden>

Slack (MET) :             4.255ns  (required time - arrival time)
  Source:                 bd_0_i/hls_inst/inst/mul_31ns_31ns_62_2_1_U18/tmp_product/CLK
                            (rising edge-triggered cell DSP48E1 clocked by ap_clk  {rise@0.000ns fall@5.000ns period=10.000ns})
  Destination:            bd_0_i/hls_inst/inst/mul_31ns_31ns_62_2_1_U18/buff0_reg/PCIN[11]
                            (rising edge-triggered cell DSP48E1 clocked by ap_clk  {rise@0.000ns fall@5.000ns period=10.000ns})
  Path Group:             ap_clk
  Path Type:              Setup (Max at Slow Process Corner)
  Requirement:            10.000ns  (ap_clk rise@10.000ns - ap_clk rise@0.000ns)
  Data Path Delay:        4.261ns  (logic 4.206ns (98.709%)  route 0.055ns (1.291%))
  Logic Levels:           0  
  Clock Path Skew:        -0.049ns (DCD - SCD + CPR)
    Destination Clock Delay (DCD):    0.924ns = ( 10.924 - 10.000 ) 
    Source Clock Delay      (SCD):    0.973ns
    Clock Pessimism Removal (CPR):    0.000ns
  Clock Uncertainty:      0.035ns  ((TSJ^2 + TIJ^2)^1/2 + DJ) / 2 + PE
    Total System Jitter     (TSJ):    0.071ns
    Total Input Jitter      (TIJ):    0.000ns
    Discrete Jitter          (DJ):    0.000ns
    Phase Error              (PE):    0.000ns

    Location             Delay type                Incr(ns)  Path(ns)    Netlist Resource(s)
  -------------------------------------------------------------------    -------------------
                         (clock ap_clk rise edge)     0.000     0.000 r  <hidden>
                                                      0.000     0.000 r  ap_clk
                         net (fo=1360, unset)         0.973     0.973    bd_0_i/hls_inst/inst/mul_31ns_31ns_62_2_1_U18/ap_clk
                         DSP48E1                                      r  bd_0_i/hls_inst/inst/mul_31ns_31ns_62_2_1_U18/tmp_product/CLK
  -------------------------------------------------------------------    -------------------
                         DSP48E1 (Prop_dsp48e1_CLK_PCOUT[11])
                                                      4.206     5.179 r  bd_0_i/hls_inst/inst/mul_31ns_31ns_62_2_1_U18/tmp_product/PCOUT[11]
                         net (fo=1, unplaced)         0.055     5.234    bd_0_i/hls_inst/inst/mul_31ns_31ns_62_2_1_U18/tmp_product_n_142
                         DSP48E1                                      r  bd_0_i/hls_inst/inst/mul_31ns_31ns_62_2_1_U18/buff0_reg/PCIN[11]
  -------------------------------------------------------------------    -------------------

                         (clock ap_clk rise edge)    10.000    10.000 r  <hidden>
                                                      0.000    10.000 r  ap_clk
                         net (fo=1360, unset)         0.924    10.924    bd_0_i/hls_inst/inst/mul_31ns_31ns_62_2_1_U18/ap_clk
                         DSP48E1                                      r  bd_0_i/hls_inst/inst/mul_31ns_31ns_62_2_1_U18/buff0_reg/CLK
                         clock pessimism              0.000    10.924    <hidden>
                         clock uncertainty           -0.035    10.889    <hidden>
                         DSP48E1 (Setup_dsp48e1_CLK_PCIN[11])
                                                     -1.400     9.489    bd_0_i/hls_inst/inst/mul_31ns_31ns_62_2_1_U18/buff0_reg
  -------------------------------------------------------------------
                         required time                          9.489    <hidden>
                         arrival time                          -5.234    <hidden>
  -------------------------------------------------------------------
                         slack                                  4.255    <hidden>

Slack (MET) :             4.255ns  (required time - arrival time)
  Source:                 bd_0_i/hls_inst/inst/mul_31ns_31ns_62_2_1_U18/tmp_product/CLK
                            (rising edge-triggered cell DSP48E1 clocked by ap_clk  {rise@0.000ns fall@5.000ns period=10.000ns})
  Destination:            bd_0_i/hls_inst/inst/mul_31ns_31ns_62_2_1_U18/buff0_reg/PCIN[12]
                            (rising edge-triggered cell DSP48E1 clocked by ap_clk  {rise@0.000ns fall@5.000ns period=10.000ns})
  Path Group:             ap_clk
  Path Type:              Setup (Max at Slow Process Corner)
  Requirement:            10.000ns  (ap_clk rise@10.000ns - ap_clk rise@0.000ns)
  Data Path Delay:        4.261ns  (logic 4.206ns (98.709%)  route 0.055ns (1.291%))
  Logic Levels:           0  
  Clock Path Skew:        -0.049ns (DCD - SCD + CPR)
    Destination Clock Delay (DCD):    0.924ns = ( 10.924 - 10.000 ) 
    Source Clock Delay      (SCD):    0.973ns
    Clock Pessimism Removal (CPR):    0.000ns
  Clock Uncertainty:      0.035ns  ((TSJ^2 + TIJ^2)^1/2 + DJ) / 2 + PE
    Total System Jitter     (TSJ):    0.071ns
    Total Input Jitter      (TIJ):    0.000ns
    Discrete Jitter          (DJ):    0.000ns
    Phase Error              (PE):    0.000ns

    Location             Delay type                Incr(ns)  Path(ns)    Netlist Resource(s)
  -------------------------------------------------------------------    -------------------
                         (clock ap_clk rise edge)     0.000     0.000 r  <hidden>
                                                      0.000     0.000 r  ap_clk
                         net (fo=1360, unset)         0.973     0.973    bd_0_i/hls_inst/inst/mul_31ns_31ns_62_2_1_U18/ap_clk
                         DSP48E1                                      r  bd_0_i/hls_inst/inst/mul_31ns_31ns_62_2_1_U18/tmp_product/CLK
  -------------------------------------------------------------------    -------------------
                         DSP48E1 (Prop_dsp48e1_CLK_PCOUT[12])
                                                      4.206     5.179 r  bd_0_i/hls_inst/inst/mul_31ns_31ns_62_2_1_U18/tmp_product/PCOUT[12]
                         net (fo=1, unplaced)         0.055     5.234    bd_0_i/hls_inst/inst/mul_31ns_31ns_62_2_1_U18/tmp_product_n_141
                         DSP48E1                                      r  bd_0_i/hls_inst/inst/mul_31ns_31ns_62_2_1_U18/buff0_reg/PCIN[12]
  -------------------------------------------------------------------    -------------------

                         (clock ap_clk rise edge)    10.000    10.000 r  <hidden>
                                                      0.000    10.000 r  ap_clk
                         net (fo=1360, unset)         0.924    10.924    bd_0_i/hls_inst/inst/mul_31ns_31ns_62_2_1_U18/ap_clk
                         DSP48E1                                      r  bd_0_i/hls_inst/inst/mul_31ns_31ns_62_2_1_U18/buff0_reg/CLK
                         clock pessimism              0.000    10.924    <hidden>
                         clock uncertainty           -0.035    10.889    <hidden>
                         DSP48E1 (Setup_dsp48e1_CLK_PCIN[12])
                                                     -1.400     9.489    bd_0_i/hls_inst/inst/mul_31ns_31ns_62_2_1_U18/buff0_reg
  -------------------------------------------------------------------
                         required time                          9.489    <hidden>
                         arrival time                          -5.234    <hidden>
  -------------------------------------------------------------------
                         slack                                  4.255    <hidden>

Slack (MET) :             4.255ns  (required time - arrival time)
  Source:                 bd_0_i/hls_inst/inst/mul_31ns_31ns_62_2_1_U18/tmp_product/CLK
                            (rising edge-triggered cell DSP48E1 clocked by ap_clk  {rise@0.000ns fall@5.000ns period=10.000ns})
  Destination:            bd_0_i/hls_inst/inst/mul_31ns_31ns_62_2_1_U18/buff0_reg/PCIN[13]
                            (rising edge-triggered cell DSP48E1 clocked by ap_clk  {rise@0.000ns fall@5.000ns period=10.000ns})
  Path Group:             ap_clk
  Path Type:              Setup (Max at Slow Process Corner)
  Requirement:            10.000ns  (ap_clk rise@10.000ns - ap_clk rise@0.000ns)
  Data Path Delay:        4.261ns  (logic 4.206ns (98.709%)  route 0.055ns (1.291%))
  Logic Levels:           0  
  Clock Path Skew:        -0.049ns (DCD - SCD + CPR)
    Destination Clock Delay (DCD):    0.924ns = ( 10.924 - 10.000 ) 
    Source Clock Delay      (SCD):    0.973ns
    Clock Pessimism Removal (CPR):    0.000ns
  Clock Uncertainty:      0.035ns  ((TSJ^2 + TIJ^2)^1/2 + DJ) / 2 + PE
    Total System Jitter     (TSJ):    0.071ns
    Total Input Jitter      (TIJ):    0.000ns
    Discrete Jitter          (DJ):    0.000ns
    Phase Error              (PE):    0.000ns

    Location             Delay type                Incr(ns)  Path(ns)    Netlist Resource(s)
  -------------------------------------------------------------------    -------------------
                         (clock ap_clk rise edge)     0.000     0.000 r  <hidden>
                                                      0.000     0.000 r  ap_clk
                         net (fo=1360, unset)         0.973     0.973    bd_0_i/hls_inst/inst/mul_31ns_31ns_62_2_1_U18/ap_clk
                         DSP48E1                                      r  bd_0_i/hls_inst/inst/mul_31ns_31ns_62_2_1_U18/tmp_product/CLK
  -------------------------------------------------------------------    -------------------
                         DSP48E1 (Prop_dsp48e1_CLK_PCOUT[13])
                                                      4.206     5.179 r  bd_0_i/hls_inst/inst/mul_31ns_31ns_62_2_1_U18/tmp_product/PCOUT[13]
                         net (fo=1, unplaced)         0.055     5.234    bd_0_i/hls_inst/inst/mul_31ns_31ns_62_2_1_U18/tmp_product_n_140
                         DSP48E1                                      r  bd_0_i/hls_inst/inst/mul_31ns_31ns_62_2_1_U18/buff0_reg/PCIN[13]
  -------------------------------------------------------------------    -------------------

                         (clock ap_clk rise edge)    10.000    10.000 r  <hidden>
                                                      0.000    10.000 r  ap_clk
                         net (fo=1360, unset)         0.924    10.924    bd_0_i/hls_inst/inst/mul_31ns_31ns_62_2_1_U18/ap_clk
                         DSP48E1                                      r  bd_0_i/hls_inst/inst/mul_31ns_31ns_62_2_1_U18/buff0_reg/CLK
                         clock pessimism              0.000    10.924    <hidden>
                         clock uncertainty           -0.035    10.889    <hidden>
                         DSP48E1 (Setup_dsp48e1_CLK_PCIN[13])
                                                     -1.400     9.489    bd_0_i/hls_inst/inst/mul_31ns_31ns_62_2_1_U18/buff0_reg
  -------------------------------------------------------------------
                         required time                          9.489    <hidden>
                         arrival time                          -5.234    <hidden>
  -------------------------------------------------------------------
                         slack                                  4.255    <hidden>

Slack (MET) :             4.255ns  (required time - arrival time)
  Source:                 bd_0_i/hls_inst/inst/mul_31ns_31ns_62_2_1_U18/tmp_product/CLK
                            (rising edge-triggered cell DSP48E1 clocked by ap_clk  {rise@0.000ns fall@5.000ns period=10.000ns})
  Destination:            bd_0_i/hls_inst/inst/mul_31ns_31ns_62_2_1_U18/buff0_reg/PCIN[14]
                            (rising edge-triggered cell DSP48E1 clocked by ap_clk  {rise@0.000ns fall@5.000ns period=10.000ns})
  Path Group:             ap_clk
  Path Type:              Setup (Max at Slow Process Corner)
  Requirement:            10.000ns  (ap_clk rise@10.000ns - ap_clk rise@0.000ns)
  Data Path Delay:        4.261ns  (logic 4.206ns (98.709%)  route 0.055ns (1.291%))
  Logic Levels:           0  
  Clock Path Skew:        -0.049ns (DCD - SCD + CPR)
    Destination Clock Delay (DCD):    0.924ns = ( 10.924 - 10.000 ) 
    Source Clock Delay      (SCD):    0.973ns
    Clock Pessimism Removal (CPR):    0.000ns
  Clock Uncertainty:      0.035ns  ((TSJ^2 + TIJ^2)^1/2 + DJ) / 2 + PE
    Total System Jitter     (TSJ):    0.071ns
    Total Input Jitter      (TIJ):    0.000ns
    Discrete Jitter          (DJ):    0.000ns
    Phase Error              (PE):    0.000ns

    Location             Delay type                Incr(ns)  Path(ns)    Netlist Resource(s)
  -------------------------------------------------------------------    -------------------
                         (clock ap_clk rise edge)     0.000     0.000 r  <hidden>
                                                      0.000     0.000 r  ap_clk
                         net (fo=1360, unset)         0.973     0.973    bd_0_i/hls_inst/inst/mul_31ns_31ns_62_2_1_U18/ap_clk
                         DSP48E1                                      r  bd_0_i/hls_inst/inst/mul_31ns_31ns_62_2_1_U18/tmp_product/CLK
  -------------------------------------------------------------------    -------------------
                         DSP48E1 (Prop_dsp48e1_CLK_PCOUT[14])
                                                      4.206     5.179 r  bd_0_i/hls_inst/inst/mul_31ns_31ns_62_2_1_U18/tmp_product/PCOUT[14]
                         net (fo=1, unplaced)         0.055     5.234    bd_0_i/hls_inst/inst/mul_31ns_31ns_62_2_1_U18/tmp_product_n_139
                         DSP48E1                                      r  bd_0_i/hls_inst/inst/mul_31ns_31ns_62_2_1_U18/buff0_reg/PCIN[14]
  -------------------------------------------------------------------    -------------------

                         (clock ap_clk rise edge)    10.000    10.000 r  <hidden>
                                                      0.000    10.000 r  ap_clk
                         net (fo=1360, unset)         0.924    10.924    bd_0_i/hls_inst/inst/mul_31ns_31ns_62_2_1_U18/ap_clk
                         DSP48E1                                      r  bd_0_i/hls_inst/inst/mul_31ns_31ns_62_2_1_U18/buff0_reg/CLK
                         clock pessimism              0.000    10.924    <hidden>
                         clock uncertainty           -0.035    10.889    <hidden>
                         DSP48E1 (Setup_dsp48e1_CLK_PCIN[14])
                                                     -1.400     9.489    bd_0_i/hls_inst/inst/mul_31ns_31ns_62_2_1_U18/buff0_reg
  -------------------------------------------------------------------
                         required time                          9.489    <hidden>
                         arrival time                          -5.234    <hidden>
  -------------------------------------------------------------------
                         slack                                  4.255    <hidden>

Slack (MET) :             4.255ns  (required time - arrival time)
  Source:                 bd_0_i/hls_inst/inst/mul_31ns_31ns_62_2_1_U18/tmp_product/CLK
                            (rising edge-triggered cell DSP48E1 clocked by ap_clk  {rise@0.000ns fall@5.000ns period=10.000ns})
  Destination:            bd_0_i/hls_inst/inst/mul_31ns_31ns_62_2_1_U18/buff0_reg/PCIN[15]
                            (rising edge-triggered cell DSP48E1 clocked by ap_clk  {rise@0.000ns fall@5.000ns period=10.000ns})
  Path Group:             ap_clk
  Path Type:              Setup (Max at Slow Process Corner)
  Requirement:            10.000ns  (ap_clk rise@10.000ns - ap_clk rise@0.000ns)
  Data Path Delay:        4.261ns  (logic 4.206ns (98.709%)  route 0.055ns (1.291%))
  Logic Levels:           0  
  Clock Path Skew:        -0.049ns (DCD - SCD + CPR)
    Destination Clock Delay (DCD):    0.924ns = ( 10.924 - 10.000 ) 
    Source Clock Delay      (SCD):    0.973ns
    Clock Pessimism Removal (CPR):    0.000ns
  Clock Uncertainty:      0.035ns  ((TSJ^2 + TIJ^2)^1/2 + DJ) / 2 + PE
    Total System Jitter     (TSJ):    0.071ns
    Total Input Jitter      (TIJ):    0.000ns
    Discrete Jitter          (DJ):    0.000ns
    Phase Error              (PE):    0.000ns

    Location             Delay type                Incr(ns)  Path(ns)    Netlist Resource(s)
  -------------------------------------------------------------------    -------------------
                         (clock ap_clk rise edge)     0.000     0.000 r  <hidden>
                                                      0.000     0.000 r  ap_clk
                         net (fo=1360, unset)         0.973     0.973    bd_0_i/hls_inst/inst/mul_31ns_31ns_62_2_1_U18/ap_clk
                         DSP48E1                                      r  bd_0_i/hls_inst/inst/mul_31ns_31ns_62_2_1_U18/tmp_product/CLK
  -------------------------------------------------------------------    -------------------
                         DSP48E1 (Prop_dsp48e1_CLK_PCOUT[15])
                                                      4.206     5.179 r  bd_0_i/hls_inst/inst/mul_31ns_31ns_62_2_1_U18/tmp_product/PCOUT[15]
                         net (fo=1, unplaced)         0.055     5.234    bd_0_i/hls_inst/inst/mul_31ns_31ns_62_2_1_U18/tmp_product_n_138
                         DSP48E1                                      r  bd_0_i/hls_inst/inst/mul_31ns_31ns_62_2_1_U18/buff0_reg/PCIN[15]
  -------------------------------------------------------------------    -------------------

                         (clock ap_clk rise edge)    10.000    10.000 r  <hidden>
                                                      0.000    10.000 r  ap_clk
                         net (fo=1360, unset)         0.924    10.924    bd_0_i/hls_inst/inst/mul_31ns_31ns_62_2_1_U18/ap_clk
                         DSP48E1                                      r  bd_0_i/hls_inst/inst/mul_31ns_31ns_62_2_1_U18/buff0_reg/CLK
                         clock pessimism              0.000    10.924    <hidden>
                         clock uncertainty           -0.035    10.889    <hidden>
                         DSP48E1 (Setup_dsp48e1_CLK_PCIN[15])
                                                     -1.400     9.489    bd_0_i/hls_inst/inst/mul_31ns_31ns_62_2_1_U18/buff0_reg
  -------------------------------------------------------------------
                         required time                          9.489    <hidden>
                         arrival time                          -5.234    <hidden>
  -------------------------------------------------------------------
                         slack                                  4.255    <hidden>

Slack (MET) :             4.255ns  (required time - arrival time)
  Source:                 bd_0_i/hls_inst/inst/mul_31ns_31ns_62_2_1_U18/tmp_product/CLK
                            (rising edge-triggered cell DSP48E1 clocked by ap_clk  {rise@0.000ns fall@5.000ns period=10.000ns})
  Destination:            bd_0_i/hls_inst/inst/mul_31ns_31ns_62_2_1_U18/buff0_reg/PCIN[16]
                            (rising edge-triggered cell DSP48E1 clocked by ap_clk  {rise@0.000ns fall@5.000ns period=10.000ns})
  Path Group:             ap_clk
  Path Type:              Setup (Max at Slow Process Corner)
  Requirement:            10.000ns  (ap_clk rise@10.000ns - ap_clk rise@0.000ns)
  Data Path Delay:        4.261ns  (logic 4.206ns (98.709%)  route 0.055ns (1.291%))
  Logic Levels:           0  
  Clock Path Skew:        -0.049ns (DCD - SCD + CPR)
    Destination Clock Delay (DCD):    0.924ns = ( 10.924 - 10.000 ) 
    Source Clock Delay      (SCD):    0.973ns
    Clock Pessimism Removal (CPR):    0.000ns
  Clock Uncertainty:      0.035ns  ((TSJ^2 + TIJ^2)^1/2 + DJ) / 2 + PE
    Total System Jitter     (TSJ):    0.071ns
    Total Input Jitter      (TIJ):    0.000ns
    Discrete Jitter          (DJ):    0.000ns
    Phase Error              (PE):    0.000ns

    Location             Delay type                Incr(ns)  Path(ns)    Netlist Resource(s)
  -------------------------------------------------------------------    -------------------
                         (clock ap_clk rise edge)     0.000     0.000 r  <hidden>
                                                      0.000     0.000 r  ap_clk
                         net (fo=1360, unset)         0.973     0.973    bd_0_i/hls_inst/inst/mul_31ns_31ns_62_2_1_U18/ap_clk
                         DSP48E1                                      r  bd_0_i/hls_inst/inst/mul_31ns_31ns_62_2_1_U18/tmp_product/CLK
  -------------------------------------------------------------------    -------------------
                         DSP48E1 (Prop_dsp48e1_CLK_PCOUT[16])
                                                      4.206     5.179 r  bd_0_i/hls_inst/inst/mul_31ns_31ns_62_2_1_U18/tmp_product/PCOUT[16]
                         net (fo=1, unplaced)         0.055     5.234    bd_0_i/hls_inst/inst/mul_31ns_31ns_62_2_1_U18/tmp_product_n_137
                         DSP48E1                                      r  bd_0_i/hls_inst/inst/mul_31ns_31ns_62_2_1_U18/buff0_reg/PCIN[16]
  -------------------------------------------------------------------    -------------------

                         (clock ap_clk rise edge)    10.000    10.000 r  <hidden>
                                                      0.000    10.000 r  ap_clk
                         net (fo=1360, unset)         0.924    10.924    bd_0_i/hls_inst/inst/mul_31ns_31ns_62_2_1_U18/ap_clk
                         DSP48E1                                      r  bd_0_i/hls_inst/inst/mul_31ns_31ns_62_2_1_U18/buff0_reg/CLK
                         clock pessimism              0.000    10.924    <hidden>
                         clock uncertainty           -0.035    10.889    <hidden>
                         DSP48E1 (Setup_dsp48e1_CLK_PCIN[16])
                                                     -1.400     9.489    bd_0_i/hls_inst/inst/mul_31ns_31ns_62_2_1_U18/buff0_reg
  -------------------------------------------------------------------
                         required time                          9.489    <hidden>
                         arrival time                          -5.234    <hidden>
  -------------------------------------------------------------------
                         slack                                  4.255    <hidden>

Slack (MET) :             4.255ns  (required time - arrival time)
  Source:                 bd_0_i/hls_inst/inst/mul_31ns_31ns_62_2_1_U18/tmp_product/CLK
                            (rising edge-triggered cell DSP48E1 clocked by ap_clk  {rise@0.000ns fall@5.000ns period=10.000ns})
  Destination:            bd_0_i/hls_inst/inst/mul_31ns_31ns_62_2_1_U18/buff0_reg/PCIN[17]
                            (rising edge-triggered cell DSP48E1 clocked by ap_clk  {rise@0.000ns fall@5.000ns period=10.000ns})
  Path Group:             ap_clk
  Path Type:              Setup (Max at Slow Process Corner)
  Requirement:            10.000ns  (ap_clk rise@10.000ns - ap_clk rise@0.000ns)
  Data Path Delay:        4.261ns  (logic 4.206ns (98.709%)  route 0.055ns (1.291%))
  Logic Levels:           0  
  Clock Path Skew:        -0.049ns (DCD - SCD + CPR)
    Destination Clock Delay (DCD):    0.924ns = ( 10.924 - 10.000 ) 
    Source Clock Delay      (SCD):    0.973ns
    Clock Pessimism Removal (CPR):    0.000ns
  Clock Uncertainty:      0.035ns  ((TSJ^2 + TIJ^2)^1/2 + DJ) / 2 + PE
    Total System Jitter     (TSJ):    0.071ns
    Total Input Jitter      (TIJ):    0.000ns
    Discrete Jitter          (DJ):    0.000ns
    Phase Error              (PE):    0.000ns

    Location             Delay type                Incr(ns)  Path(ns)    Netlist Resource(s)
  -------------------------------------------------------------------    -------------------
                         (clock ap_clk rise edge)     0.000     0.000 r  <hidden>
                                                      0.000     0.000 r  ap_clk
                         net (fo=1360, unset)         0.973     0.973    bd_0_i/hls_inst/inst/mul_31ns_31ns_62_2_1_U18/ap_clk
                         DSP48E1                                      r  bd_0_i/hls_inst/inst/mul_31ns_31ns_62_2_1_U18/tmp_product/CLK
  -------------------------------------------------------------------    -------------------
                         DSP48E1 (Prop_dsp48e1_CLK_PCOUT[17])
                                                      4.206     5.179 r  bd_0_i/hls_inst/inst/mul_31ns_31ns_62_2_1_U18/tmp_product/PCOUT[17]
                         net (fo=1, unplaced)         0.055     5.234    bd_0_i/hls_inst/inst/mul_31ns_31ns_62_2_1_U18/tmp_product_n_136
                         DSP48E1                                      r  bd_0_i/hls_inst/inst/mul_31ns_31ns_62_2_1_U18/buff0_reg/PCIN[17]
  -------------------------------------------------------------------    -------------------

                         (clock ap_clk rise edge)    10.000    10.000 r  <hidden>
                                                      0.000    10.000 r  ap_clk
                         net (fo=1360, unset)         0.924    10.924    bd_0_i/hls_inst/inst/mul_31ns_31ns_62_2_1_U18/ap_clk
                         DSP48E1                                      r  bd_0_i/hls_inst/inst/mul_31ns_31ns_62_2_1_U18/buff0_reg/CLK
                         clock pessimism              0.000    10.924    <hidden>
                         clock uncertainty           -0.035    10.889    <hidden>
                         DSP48E1 (Setup_dsp48e1_CLK_PCIN[17])
                                                     -1.400     9.489    bd_0_i/hls_inst/inst/mul_31ns_31ns_62_2_1_U18/buff0_reg
  -------------------------------------------------------------------
                         required time                          9.489    <hidden>
                         arrival time                          -5.234    <hidden>
  -------------------------------------------------------------------
                         slack                                  4.255    <hidden>




