Copyright 1986-2022 Xilinx, Inc. All Rights Reserved. Copyright 2022-2026 Advanced Micro Devices, Inc. All Rights Reserved.
---------------------------------------------------------------------------------------------------------------------------------------------
| Tool Version : Vivado v.2026.1 (win64) Build 6511674 Tue Jun 16 11:02:23 MDT 2026
| Date         : Wed Sep 23 01:34:23 2026
| Host         : DESKTOP-55UAODO running 64-bit major release  (build 9200)
| Command      : report_design_analysis -file ./report/Gaussian_Filter_design_analysis_routed.rpt
| Design       : bd_0_wrapper
| Device       : xc7z020
| Design State : Routed
---------------------------------------------------------------------------------------------------------------------------------------------

Report Design Analysis

Table of Contents
-----------------
1. Setup Path Characteristics 1-1
2. Logic Level Distribution
3. Placer Final Level Congestion Reporting
4. Initial Estimated Router Congestion Reporting

1. Setup Path Characteristics 1-1
---------------------------------

+---------------------------+----------------------------------------------------------------------------------+
|      Characteristics      |                                      Path #1                                     |
+---------------------------+----------------------------------------------------------------------------------+
| Requirement               | 10.000                                                                           |
| Path Delay                | 5.688                                                                            |
| Logic Delay               | 1.680(30%)                                                                       |
| Net Delay                 | 4.008(70%)                                                                       |
| Clock Skew                | -0.049                                                                           |
| Slack                     | 3.458                                                                            |
| Clock Uncertainty         | 0.035                                                                            |
| Clock Relationship        | Safely Timed                                                                     |
| Clock Delay Group         | Same Clock                                                                       |
| Logic Levels              | 6                                                                                |
| Routes                    | 6                                                                                |
| Logical Path              | FDRE/C-(2)-LUT4-(1)-CARRY4-CARRY4-CARRY4-CARRY4-LUT2-(4)-RAMB36E1/ADDRARDADDR[6] |
| Start Point Clock         | ap_clk                                                                           |
| End Point Clock           | ap_clk                                                                           |
| DSP Block                 | None                                                                             |
| RAM Registers             | None-None                                                                        |
| IO Crossings              | 0                                                                                |
| Config Crossings          | 0                                                                                |
| SLR Crossings             | 0                                                                                |
| PBlocks                   | 0                                                                                |
| High Fanout               | 4                                                                                |
| ASYNC REG                 | 0                                                                                |
| Dont Touch                | 0                                                                                |
| Mark Debug                | 0                                                                                |
| Start Point Pin Primitive | FDRE/C                                                                           |
| End Point Pin Primitive   | RAMB36E1/ADDRARDADDR[6]                                                          |
| Start Point Pin           | Cols_read_reg_168_reg[2]/C                                                       |
| End Point Pin             | ram_reg_1/ADDRARDADDR[6]                                                         |
+---------------------------+----------------------------------------------------------------------------------+
* Bounding box calculated as % of dimensions for the target device (308, 299)


2. Logic Level Distribution
---------------------------

+-----------------+-------------+-----+-----+-----+---+----+----+-----+----+----+----+----+
| End Point Clock | Requirement |  0  |  1  |  2  | 3 |  4 |  5 |  6  |  7 |  8 |  9 | 13 |
+-----------------+-------------+-----+-----+-----+---+----+----+-----+----+----+----+----+
| ap_clk          | 10.000ns    | 130 | 278 | 239 | 6 | 14 | 41 | 172 | 22 | 86 | 11 |  1 |
+-----------------+-------------+-----+-----+-----+---+----+----+-----+----+----+----+----+
* Columns represent the logic levels per end point clock
** Distribution is for top worst 1000 paths


3. Placer Final Level Congestion Reporting
------------------------------------------

+-----------+------+-------+------------+--------+---------------+----------------+-----+--------+------+------+------+-----+-------+-----+------------+
| Direction | Type | Level | Congestion | Window | Combined LUTs | Avg LUT Inputs | LUT | LUTRAM | Flop | MUXF | RAMB | DSP | CARRY | SRL | Cell Names |
+-----------+------+-------+------------+--------+---------------+----------------+-----+--------+------+------+------+-----+-------+-----+------------+
* No congestion windows are found above level 5


4. Initial Estimated Router Congestion Reporting
------------------------------------------------

+-----------+------+-------+------------------+--------+---------------+----------------+-----+--------+------+------+------+-----+-------+-----+------------+
| Direction | Type | Level | Percentage Tiles | Window | Combined LUTs | Avg LUT Inputs | LUT | LUTRAM | Flop | MUXF | RAMB | DSP | CARRY | SRL | Cell Names |
+-----------+------+-------+------------------+--------+---------------+----------------+-----+--------+------+------+------+-----+-------+-----+------------+
* No initial estimated congestion windows are found above level 5


