  **** HLS Build v2026.1 6493734
INFO: [HLS 200-2005] Using work_dir C:/F.A.L.C.O.N/Vitis_WS/Canny_Filter_IP/Canny_Filter_IP 
INFO: [HLS 200-2176] Writing Vitis IDE component file C:/F.A.L.C.O.N/Vitis_WS/Canny_Filter_IP/Canny_Filter_IP/vitis-comp.json
INFO: [HLS 200-10] Creating and opening component 'C:/F.A.L.C.O.N/Vitis_WS/Canny_Filter_IP/Canny_Filter_IP'.
INFO: [HLS 200-2174] Applying component config ini file hls_config.cfg
INFO: [HLS 200-1465] Applying config ini 'syn.file=Canny_Filter.h' from hls_config.cfg(6)
INFO: [HLS 200-10] Adding design file 'C:/F.A.L.C.O.N/Vitis_WS/Canny_Filter_IP/Canny_Filter.h' to the project
INFO: [HLS 200-1465] Applying config ini 'syn.file=Gaussian_Filter.cpp' from hls_config.cfg(7)
INFO: [HLS 200-10] Adding design file 'C:/F.A.L.C.O.N/Vitis_WS/Canny_Filter_IP/Gaussian_Filter.cpp' to the project
INFO: [HLS 200-1465] Applying config ini 'syn.file=Sobel_Filter.cpp' from hls_config.cfg(8)
INFO: [HLS 200-10] Adding design file 'C:/F.A.L.C.O.N/Vitis_WS/Canny_Filter_IP/Sobel_Filter.cpp' to the project
INFO: [HLS 200-1465] Applying config ini 'syn.file=Suppression_Filter.cpp' from hls_config.cfg(9)
INFO: [HLS 200-10] Adding design file 'C:/F.A.L.C.O.N/Vitis_WS/Canny_Filter_IP/Suppression_Filter.cpp' to the project
INFO: [HLS 200-1465] Applying config ini 'syn.file=Hysteresis_Filter.cpp' from hls_config.cfg(10)
INFO: [HLS 200-10] Adding design file 'C:/F.A.L.C.O.N/Vitis_WS/Canny_Filter_IP/Hysteresis_Filter.cpp' to the project
INFO: [HLS 200-1465] Applying config ini 'syn.file=Canny_Filter.cpp' from hls_config.cfg(11)
INFO: [HLS 200-10] Adding design file 'C:/F.A.L.C.O.N/Vitis_WS/Canny_Filter_IP/Canny_Filter.cpp' to the project
INFO: [HLS 200-1465] Applying config ini 'syn.top=Canny_Filter' from hls_config.cfg(12)
INFO: [HLS 200-1465] Applying config ini 'part=xc7z020clg400-1' from hls_config.cfg(1)
INFO: [HLS 200-1611] Setting target device to 'xc7z020-clg400-1'
INFO: [HLS 200-1465] Applying config ini 'package.output.format=ip_catalog' from hls_config.cfg(4)
INFO: [HLS 200-2176] Writing Vitis IDE component file C:/F.A.L.C.O.N/Vitis_WS/Canny_Filter_IP/Canny_Filter_IP/vitis-comp.json
INFO: [HLS 200-111] Finished File checks and directory preparation: CPU user time: 2 seconds. CPU system time: 2 seconds. Elapsed time: 9.195 seconds; current allocated memory: 138.805 MB.
INFO: [HLS 200-2191] C-Synthesis will use clang-16 as the compiler
INFO: [HLS 200-10] Analyzing design file 'Canny_Filter.cpp' ... 
INFO: [HLS 200-10] Analyzing design file 'Hysteresis_Filter.cpp' ... 
INFO: [HLS 200-10] Analyzing design file 'Suppression_Filter.cpp' ... 
INFO: [HLS 200-10] Analyzing design file 'Sobel_Filter.cpp' ... 
INFO: [HLS 200-10] Analyzing design file 'Gaussian_Filter.cpp' ... 
INFO: [HLS 200-111] Finished Source Code Analysis and Preprocessing: CPU user time: 0 seconds. CPU system time: 0 seconds. Elapsed time: 48.702 seconds; current allocated memory: 142.527 MB.
INFO: [HLS 200-1995] There were 5,171 instructions in the design after the 'Compile/Link' phase of compilation. See the Design Size Report for more details (C:/F.A.L.C.O.N/Vitis_WS/Canny_Filter_IP/Canny_Filter_IP/hls/syn/report/csynth_design_size.rpt:2)
INFO: [HLS 214-291] Loop 'VITIS_LOOP_19_3' is marked as complete unroll implied by the pipeline pragma (Hysteresis_Filter.cpp:19:30)
INFO: [HLS 214-291] Loop 'VITIS_LOOP_46_4' is marked as complete unroll implied by the pipeline pragma (Hysteresis_Filter.cpp:46:34)
INFO: [HLS 214-291] Loop 'VITIS_LOOP_48_5' is marked as complete unroll implied by the pipeline pragma (Hysteresis_Filter.cpp:48:38)
INFO: [HLS 214-291] Loop 'VITIS_LOOP_19_3' is marked as complete unroll implied by the pipeline pragma (Suppression_Filter.cpp:19:30)
INFO: [HLS 214-291] Loop 'VITIS_LOOP_22_3' is marked as complete unroll implied by the pipeline pragma (Sobel_Filter.cpp:22:30)
INFO: [HLS 214-291] Loop 'VITIS_LOOP_41_4' is marked as complete unroll implied by the pipeline pragma (Sobel_Filter.cpp:41:30)
INFO: [HLS 214-291] Loop 'VITIS_LOOP_43_5' is marked as complete unroll implied by the pipeline pragma (Sobel_Filter.cpp:43:34)
INFO: [HLS 214-291] Loop 'VITIS_LOOP_21_3' is marked as complete unroll implied by the pipeline pragma (Gaussian_Filter.cpp:21:30)
INFO: [HLS 214-291] Loop 'VITIS_LOOP_39_4' is marked as complete unroll implied by the pipeline pragma (Gaussian_Filter.cpp:39:30)
INFO: [HLS 214-291] Loop 'VITIS_LOOP_41_5' is marked as complete unroll implied by the pipeline pragma (Gaussian_Filter.cpp:41:34)
INFO: [HLS 214-186] Unrolling loop 'VITIS_LOOP_19_3' (Hysteresis_Filter.cpp:19:30) in function 'Hysteresis_Filter' completely with a factor of 3 (Hysteresis_Filter.cpp:4:0)
INFO: [HLS 214-186] Unrolling loop 'VITIS_LOOP_46_4' (Hysteresis_Filter.cpp:46:34) in function 'Hysteresis_Filter' completely with a factor of 3 (Hysteresis_Filter.cpp:4:0)
INFO: [HLS 214-186] Unrolling loop 'VITIS_LOOP_48_5' (Hysteresis_Filter.cpp:48:38) in function 'Hysteresis_Filter' completely with a factor of 3 (Hysteresis_Filter.cpp:4:0)
INFO: [HLS 214-186] Unrolling loop 'VITIS_LOOP_19_3' (Suppression_Filter.cpp:19:30) in function 'Suppression_Filter' completely with a factor of 3 (Suppression_Filter.cpp:4:0)
INFO: [HLS 214-186] Unrolling loop 'VITIS_LOOP_22_3' (Sobel_Filter.cpp:22:30) in function 'Sobel_Filter' completely with a factor of 3 (Sobel_Filter.cpp:4:0)
INFO: [HLS 214-186] Unrolling loop 'VITIS_LOOP_41_4' (Sobel_Filter.cpp:41:30) in function 'Sobel_Filter' completely with a factor of 3 (Sobel_Filter.cpp:4:0)
INFO: [HLS 214-186] Unrolling loop 'VITIS_LOOP_43_5' (Sobel_Filter.cpp:43:34) in function 'Sobel_Filter' completely with a factor of 3 (Sobel_Filter.cpp:4:0)
INFO: [HLS 214-186] Unrolling loop 'VITIS_LOOP_21_3' (Gaussian_Filter.cpp:21:30) in function 'Gaussian_Filter' completely with a factor of 3 (Gaussian_Filter.cpp:4:0)
INFO: [HLS 214-186] Unrolling loop 'VITIS_LOOP_39_4' (Gaussian_Filter.cpp:39:30) in function 'Gaussian_Filter' completely with a factor of 3 (Gaussian_Filter.cpp:4:0)
INFO: [HLS 214-186] Unrolling loop 'VITIS_LOOP_41_5' (Gaussian_Filter.cpp:41:34) in function 'Gaussian_Filter' completely with a factor of 3 (Gaussian_Filter.cpp:4:0)
INFO: [HLS 200-1995] There were 2,714 instructions in the design after the 'Unroll/Inline' phase of compilation. See the Design Size Report for more details (C:/F.A.L.C.O.N/Vitis_WS/Canny_Filter_IP/Canny_Filter_IP/hls/syn/report/csynth_design_size.rpt:2)
INFO: [HLS 200-1995] There were 2,016 instructions in the design after the 'Unroll/Inline (step 2)' phase of compilation. See the Design Size Report for more details (C:/F.A.L.C.O.N/Vitis_WS/Canny_Filter_IP/Canny_Filter_IP/hls/syn/report/csynth_design_size.rpt:2)
WARNING: [HLS 214-366] Duplicating function 'hls::axis<ap_int<32>, 3ul, 5ul, 6ul, (unsigned char)56, false>::axis()' as different function signatures were detected between this call site and other call site(s). This may impact the resources used in the design. (Hysteresis_Filter.cpp:17:38)
WARNING: [HLS 214-366] Duplicating function 'hls::axis<ap_int<32>, 3ul, 5ul, 6ul, (unsigned char)56, false>::axis()' as different function signatures were detected between this call site and other call site(s). This may impact the resources used in the design. (Hysteresis_Filter.cpp:61:21)
WARNING: [HLS 214-366] Duplicating function 'hls::axis<ap_int<32>, 3ul, 5ul, 6ul, (unsigned char)56, false>::axis()' as different function signatures were detected between this call site and other call site(s). This may impact the resources used in the design. (Suppression_Filter.cpp:17:38)
WARNING: [HLS 214-366] Duplicating function 'hls::axis<ap_int<32>, 3ul, 5ul, 6ul, (unsigned char)56, false>::axis()' as different function signatures were detected between this call site and other call site(s). This may impact the resources used in the design. (Suppression_Filter.cpp:64:21)
WARNING: [HLS 214-366] Duplicating function 'hls::axis<ap_int<32>, 3ul, 5ul, 6ul, (unsigned char)56, false>::axis()' as different function signatures were detected between this call site and other call site(s). This may impact the resources used in the design. (Sobel_Filter.cpp:20:38)
WARNING: [HLS 214-366] Duplicating function 'hls::axis<ap_int<32>, 3ul, 5ul, 6ul, (unsigned char)56, false>::axis()' as different function signatures were detected between this call site and other call site(s). This may impact the resources used in the design. (Sobel_Filter.cpp:66:21)
WARNING: [HLS 214-366] Duplicating function 'hls::axis<ap_int<32>, 3ul, 5ul, 6ul, (unsigned char)56, false>::axis()' as different function signatures were detected between this call site and other call site(s). This may impact the resources used in the design. (Gaussian_Filter.cpp:19:38)
WARNING: [HLS 214-366] Duplicating function 'hls::axis<ap_int<32>, 3ul, 5ul, 6ul, (unsigned char)56, false>::axis()' as different function signatures were detected between this call site and other call site(s). This may impact the resources used in the design. (Gaussian_Filter.cpp:47:21)
INFO: [HLS 214-178] Inlining function 'hls::axis<ap_int<32>, 3ul, 5ul, 6ul, (unsigned char)56, false>::axis()' into 'Gaussian_Filter(hls::stream<hls::axis<ap_int<32>, 3ul, 5ul, 6ul, (unsigned char)56, false>, 0>&, hls::stream<hls::axis<ap_int<32>, 3ul, 5ul, 6ul, (unsigned char)56, false>, 0>&, int, int)' (Gaussian_Filter.cpp:4:0)
INFO: [HLS 214-178] Inlining function 'hls::axis<ap_int<32>, 3ul, 5ul, 6ul, (unsigned char)56, false>::axis() (.137)' into 'Gaussian_Filter(hls::stream<hls::axis<ap_int<32>, 3ul, 5ul, 6ul, (unsigned char)56, false>, 0>&, hls::stream<hls::axis<ap_int<32>, 3ul, 5ul, 6ul, (unsigned char)56, false>, 0>&, int, int)' (Gaussian_Filter.cpp:4:0)
INFO: [HLS 214-178] Inlining function 'hls::axis<ap_int<32>, 3ul, 5ul, 6ul, (unsigned char)56, false>::axis()' into 'Sobel_Filter(hls::stream<hls::axis<ap_int<32>, 3ul, 5ul, 6ul, (unsigned char)56, false>, 0>&, hls::stream<hls::axis<ap_int<32>, 3ul, 5ul, 6ul, (unsigned char)56, false>, 0>&, int, int)' (Sobel_Filter.cpp:4:0)
INFO: [HLS 214-178] Inlining function 'hls::axis<ap_int<32>, 3ul, 5ul, 6ul, (unsigned char)56, false>::axis() (.137)' into 'Sobel_Filter(hls::stream<hls::axis<ap_int<32>, 3ul, 5ul, 6ul, (unsigned char)56, false>, 0>&, hls::stream<hls::axis<ap_int<32>, 3ul, 5ul, 6ul, (unsigned char)56, false>, 0>&, int, int)' (Sobel_Filter.cpp:4:0)
INFO: [HLS 214-178] Inlining function 'hls::axis<ap_int<32>, 3ul, 5ul, 6ul, (unsigned char)56, false>::axis()' into 'Suppression_Filter(hls::stream<hls::axis<ap_int<32>, 3ul, 5ul, 6ul, (unsigned char)56, false>, 0>&, hls::stream<hls::axis<ap_int<32>, 3ul, 5ul, 6ul, (unsigned char)56, false>, 0>&, int, int)' (Suppression_Filter.cpp:4:0)
INFO: [HLS 214-178] Inlining function 'hls::axis<ap_int<32>, 3ul, 5ul, 6ul, (unsigned char)56, false>::axis() (.137)' into 'Suppression_Filter(hls::stream<hls::axis<ap_int<32>, 3ul, 5ul, 6ul, (unsigned char)56, false>, 0>&, hls::stream<hls::axis<ap_int<32>, 3ul, 5ul, 6ul, (unsigned char)56, false>, 0>&, int, int)' (Suppression_Filter.cpp:4:0)
INFO: [HLS 214-178] Inlining function 'hls::axis<ap_int<32>, 3ul, 5ul, 6ul, (unsigned char)56, false>::axis()' into 'Hysteresis_Filter(hls::stream<hls::axis<ap_int<32>, 3ul, 5ul, 6ul, (unsigned char)56, false>, 0>&, hls::stream<hls::axis<ap_int<32>, 3ul, 5ul, 6ul, (unsigned char)56, false>, 0>&, int, int, int, int)' (Hysteresis_Filter.cpp:4:0)
INFO: [HLS 214-178] Inlining function 'hls::axis<ap_int<32>, 3ul, 5ul, 6ul, (unsigned char)56, false>::axis() (.137)' into 'Hysteresis_Filter(hls::stream<hls::axis<ap_int<32>, 3ul, 5ul, 6ul, (unsigned char)56, false>, 0>&, hls::stream<hls::axis<ap_int<32>, 3ul, 5ul, 6ul, (unsigned char)56, false>, 0>&, int, int, int, int)' (Hysteresis_Filter.cpp:4:0)
INFO: [HLS 200-1995] There were 2,698 instructions in the design after the 'Unroll/Inline (step 3)' phase of compilation. See the Design Size Report for more details (C:/F.A.L.C.O.N/Vitis_WS/Canny_Filter_IP/Canny_Filter_IP/hls/syn/report/csynth_design_size.rpt:2)
INFO: [HLS 200-1995] There were 2,554 instructions in the design after the 'Unroll/Inline (step 4)' phase of compilation. See the Design Size Report for more details (C:/F.A.L.C.O.N/Vitis_WS/Canny_Filter_IP/Canny_Filter_IP/hls/syn/report/csynth_design_size.rpt:2)
INFO: [HLS 214-248] Applying array_partition to 'Line_Buffer.data': Complete partitioning on dimension 1. (Gaussian_Filter.cpp:5:13)
INFO: [HLS 214-248] Applying array_partition to 'Line_Buffer.keep': Complete partitioning on dimension 1. (Gaussian_Filter.cpp:5:13)
INFO: [HLS 214-248] Applying array_partition to 'Line_Buffer.strb': Complete partitioning on dimension 1. (Gaussian_Filter.cpp:5:13)
INFO: [HLS 214-248] Applying array_partition to 'Line_Buffer.user': Complete partitioning on dimension 1. (Gaussian_Filter.cpp:5:13)
INFO: [HLS 214-248] Applying array_partition to 'Line_Buffer.last': Complete partitioning on dimension 1. (Gaussian_Filter.cpp:5:13)
INFO: [HLS 214-248] Applying array_partition to 'Line_Buffer.id': Complete partitioning on dimension 1. (Gaussian_Filter.cpp:5:13)
INFO: [HLS 214-248] Applying array_partition to 'Line_Buffer.dest': Complete partitioning on dimension 1. (Gaussian_Filter.cpp:5:13)
INFO: [HLS 214-248] Applying array_partition to 'Window.keep': Complete partitioning on dimension 1. Complete partitioning on dimension 2. (Gaussian_Filter.cpp:8:13)
INFO: [HLS 214-248] Applying array_partition to 'Window.strb': Complete partitioning on dimension 1. Complete partitioning on dimension 2. (Gaussian_Filter.cpp:8:13)
INFO: [HLS 214-248] Applying array_partition to 'Window.user': Complete partitioning on dimension 1. Complete partitioning on dimension 2. (Gaussian_Filter.cpp:8:13)
INFO: [HLS 214-248] Applying array_partition to 'Window.last': Complete partitioning on dimension 1. Complete partitioning on dimension 2. (Gaussian_Filter.cpp:8:13)
INFO: [HLS 214-248] Applying array_partition to 'Window.id': Complete partitioning on dimension 1. Complete partitioning on dimension 2. (Gaussian_Filter.cpp:8:13)
INFO: [HLS 214-248] Applying array_partition to 'Window.dest': Complete partitioning on dimension 1. Complete partitioning on dimension 2. (Gaussian_Filter.cpp:8:13)
INFO: [HLS 214-248] Applying array_partition to 'Line_Buffer.data': Complete partitioning on dimension 1. (Sobel_Filter.cpp:5:13)
INFO: [HLS 214-248] Applying array_partition to 'Line_Buffer.keep': Complete partitioning on dimension 1. (Sobel_Filter.cpp:5:13)
INFO: [HLS 214-248] Applying array_partition to 'Line_Buffer.strb': Complete partitioning on dimension 1. (Sobel_Filter.cpp:5:13)
INFO: [HLS 214-248] Applying array_partition to 'Line_Buffer.user': Complete partitioning on dimension 1. (Sobel_Filter.cpp:5:13)
INFO: [HLS 214-248] Applying array_partition to 'Line_Buffer.last': Complete partitioning on dimension 1. (Sobel_Filter.cpp:5:13)
INFO: [HLS 214-248] Applying array_partition to 'Line_Buffer.id': Complete partitioning on dimension 1. (Sobel_Filter.cpp:5:13)
INFO: [HLS 214-248] Applying array_partition to 'Line_Buffer.dest': Complete partitioning on dimension 1. (Sobel_Filter.cpp:5:13)
INFO: [HLS 214-248] Applying array_partition to 'Window.keep': Complete partitioning on dimension 1. Complete partitioning on dimension 2. (Sobel_Filter.cpp:8:13)
INFO: [HLS 214-248] Applying array_partition to 'Window.strb': Complete partitioning on dimension 1. Complete partitioning on dimension 2. (Sobel_Filter.cpp:8:13)
INFO: [HLS 214-248] Applying array_partition to 'Window.user': Complete partitioning on dimension 1. Complete partitioning on dimension 2. (Sobel_Filter.cpp:8:13)
INFO: [HLS 214-248] Applying array_partition to 'Window.last': Complete partitioning on dimension 1. Complete partitioning on dimension 2. (Sobel_Filter.cpp:8:13)
INFO: [HLS 214-248] Applying array_partition to 'Window.id': Complete partitioning on dimension 1. Complete partitioning on dimension 2. (Sobel_Filter.cpp:8:13)
INFO: [HLS 214-248] Applying array_partition to 'Window.dest': Complete partitioning on dimension 1. Complete partitioning on dimension 2. (Sobel_Filter.cpp:8:13)
INFO: [HLS 214-248] Applying array_partition to 'Line_Buffer.data': Complete partitioning on dimension 1. (Suppression_Filter.cpp:5:13)
INFO: [HLS 214-248] Applying array_partition to 'Line_Buffer.keep': Complete partitioning on dimension 1. (Suppression_Filter.cpp:5:13)
INFO: [HLS 214-248] Applying array_partition to 'Line_Buffer.strb': Complete partitioning on dimension 1. (Suppression_Filter.cpp:5:13)
INFO: [HLS 214-248] Applying array_partition to 'Line_Buffer.user': Complete partitioning on dimension 1. (Suppression_Filter.cpp:5:13)
INFO: [HLS 214-248] Applying array_partition to 'Line_Buffer.last': Complete partitioning on dimension 1. (Suppression_Filter.cpp:5:13)
INFO: [HLS 214-248] Applying array_partition to 'Line_Buffer.id': Complete partitioning on dimension 1. (Suppression_Filter.cpp:5:13)
INFO: [HLS 214-248] Applying array_partition to 'Line_Buffer.dest': Complete partitioning on dimension 1. (Suppression_Filter.cpp:5:13)
INFO: [HLS 214-248] Applying array_partition to 'Window.keep': Complete partitioning on dimension 1. Complete partitioning on dimension 2. (Suppression_Filter.cpp:8:13)
INFO: [HLS 214-248] Applying array_partition to 'Window.strb': Complete partitioning on dimension 1. Complete partitioning on dimension 2. (Suppression_Filter.cpp:8:13)
INFO: [HLS 214-248] Applying array_partition to 'Window.user': Complete partitioning on dimension 1. Complete partitioning on dimension 2. (Suppression_Filter.cpp:8:13)
INFO: [HLS 214-248] Applying array_partition to 'Window.last': Complete partitioning on dimension 1. Complete partitioning on dimension 2. (Suppression_Filter.cpp:8:13)
INFO: [HLS 214-248] Applying array_partition to 'Window.id': Complete partitioning on dimension 1. Complete partitioning on dimension 2. (Suppression_Filter.cpp:8:13)
INFO: [HLS 214-248] Applying array_partition to 'Window.dest': Complete partitioning on dimension 1. Complete partitioning on dimension 2. (Suppression_Filter.cpp:8:13)
INFO: [HLS 214-248] Applying array_partition to 'Line_Buffer.data': Complete partitioning on dimension 1. (Hysteresis_Filter.cpp:5:13)
INFO: [HLS 214-248] Applying array_partition to 'Line_Buffer.keep': Complete partitioning on dimension 1. (Hysteresis_Filter.cpp:5:13)
INFO: [HLS 214-248] Applying array_partition to 'Line_Buffer.strb': Complete partitioning on dimension 1. (Hysteresis_Filter.cpp:5:13)
INFO: [HLS 214-248] Applying array_partition to 'Line_Buffer.user': Complete partitioning on dimension 1. (Hysteresis_Filter.cpp:5:13)
INFO: [HLS 214-248] Applying array_partition to 'Line_Buffer.last': Complete partitioning on dimension 1. (Hysteresis_Filter.cpp:5:13)
INFO: [HLS 214-248] Applying array_partition to 'Line_Buffer.id': Complete partitioning on dimension 1. (Hysteresis_Filter.cpp:5:13)
INFO: [HLS 214-248] Applying array_partition to 'Line_Buffer.dest': Complete partitioning on dimension 1. (Hysteresis_Filter.cpp:5:13)
INFO: [HLS 214-248] Applying array_partition to 'Window.keep': Complete partitioning on dimension 1. Complete partitioning on dimension 2. (Hysteresis_Filter.cpp:8:13)
INFO: [HLS 214-248] Applying array_partition to 'Window.strb': Complete partitioning on dimension 1. Complete partitioning on dimension 2. (Hysteresis_Filter.cpp:8:13)
INFO: [HLS 214-248] Applying array_partition to 'Window.user': Complete partitioning on dimension 1. Complete partitioning on dimension 2. (Hysteresis_Filter.cpp:8:13)
INFO: [HLS 214-248] Applying array_partition to 'Window.last': Complete partitioning on dimension 1. Complete partitioning on dimension 2. (Hysteresis_Filter.cpp:8:13)
INFO: [HLS 214-248] Applying array_partition to 'Window.id': Complete partitioning on dimension 1. Complete partitioning on dimension 2. (Hysteresis_Filter.cpp:8:13)
INFO: [HLS 214-248] Applying array_partition to 'Window.dest': Complete partitioning on dimension 1. Complete partitioning on dimension 2. (Hysteresis_Filter.cpp:8:13)
INFO: [HLS 200-1995] There were 4,138 instructions in the design after the 'Array/Struct' phase of compilation. See the Design Size Report for more details (C:/F.A.L.C.O.N/Vitis_WS/Canny_Filter_IP/Canny_Filter_IP/hls/syn/report/csynth_design_size.rpt:2)
INFO: [HLS 200-1995] There were 1,606 instructions in the design after the 'Array/Struct (step 2)' phase of compilation. See the Design Size Report for more details (C:/F.A.L.C.O.N/Vitis_WS/Canny_Filter_IP/Canny_Filter_IP/hls/syn/report/csynth_design_size.rpt:2)
ERROR: [HLS 214-208] The ap_axis|ap_axiu|qdma_axis|hls::axis data types must only be used for AXI-Stream ports in the interface. 'Suppression_to_Hysteresis' is not an AXI-Stream and/or is not a port in the interface
ERROR: [HLS 200-1715] Encountered problem during source synthesis
ERROR: Pre-synthesis failed.
INFO: [HLS 200-112] Total CPU user time: 4 seconds. Total CPU system time: 3 seconds. Total elapsed time: 73.433 seconds; peak allocated memory: 147.078 MB.
