Copyright 1986-2022 Xilinx, Inc. All Rights Reserved. Copyright 2022-2026 Advanced Micro Devices, Inc. All Rights Reserved.
---------------------------------------------------------------------------------------------------------------------------------------------
| Tool Version : Vivado v.2026.1 (win64) Build 6511674 Tue Jun 16 11:02:23 MDT 2026
| Date         : Tue Sep  8 00:08:04 2026
| Host         : DESKTOP-55UAODO running 64-bit major release  (build 9200)
| Command      : report_drc -file bd_0_wrapper_drc_routed.rpt -pb bd_0_wrapper_drc_routed.pb -rpx bd_0_wrapper_drc_routed.rpx
| Design       : bd_0_wrapper
| Device       : xc7z020clg400-1
| Speed File   : -1
| Design State : Fully Routed
---------------------------------------------------------------------------------------------------------------------------------------------

Report DRC

Table of Contents
-----------------
1. REPORT SUMMARY
2. REPORT DETAILS

1. REPORT SUMMARY
-----------------
            Netlist: netlist
          Floorplan: checkpoint_bd_0_wrapper
      Design limits: <entire design considered>
           Ruledeck: default
             Max checks: <unlimited>
             Checks found: 6
+-----------+----------+------------------------+--------+
| Rule      | Severity | Description            | Checks |
+-----------+----------+------------------------+--------+
| DPOP-1    | Warning  | PREG Output pipelining | 1      |
| DPOP-2    | Warning  | MREG Output pipelining | 3      |
| RTSTAT-10 | Warning  | No routable loads      | 1      |
| ZPS7-1    | Warning  | PS7 block required     | 1      |
+-----------+----------+------------------------+--------+

2. REPORT DETAILS
-----------------
DPOP-1#1 Warning
PREG Output pipelining  
DSP bd_0_i/hls_inst/inst/mul_32s_32s_32_2_1_U1/tmp_product__0 output bd_0_i/hls_inst/inst/mul_32s_32s_32_2_1_U1/tmp_product__0/P[47:0] is not pipelined (PREG=0). Pipelining the DSP48 output will improve performance and often saves power so it is suggested whenever possible to fully pipeline this function.  If this DSP48 function was inferred, it is suggested to describe an additional register stage after this function.  If the DSP48 was instantiated in the design, it is suggested to set the PREG attribute to 1.
Related violations: <none>

DPOP-2#1 Warning
MREG Output pipelining  
DSP bd_0_i/hls_inst/inst/mul_32s_32s_32_2_1_U1/buff0_reg multiplier stage bd_0_i/hls_inst/inst/mul_32s_32s_32_2_1_U1/buff0_reg/P[47:0] is not pipelined (MREG=0). Pipelining the multiplier function will improve performance and will save significant power so it is suggested whenever possible to fully pipeline this function.  If this multiplier was inferred, it is suggested to describe an additional register stage after this function.  If there is no registered adder/accumulator following the multiply function, two pipeline stages are suggested to allow both the MREG and PREG registers to be used.  If the DSP48 was instantiated in the design, it is suggested to set both the MREG and PREG attributes to 1 when performing multiply functions.
Related violations: <none>

DPOP-2#2 Warning
MREG Output pipelining  
DSP bd_0_i/hls_inst/inst/mul_32s_32s_32_2_1_U1/tmp_product multiplier stage bd_0_i/hls_inst/inst/mul_32s_32s_32_2_1_U1/tmp_product/P[47:0] is not pipelined (MREG=0). Pipelining the multiplier function will improve performance and will save significant power so it is suggested whenever possible to fully pipeline this function.  If this multiplier was inferred, it is suggested to describe an additional register stage after this function.  If there is no registered adder/accumulator following the multiply function, two pipeline stages are suggested to allow both the MREG and PREG registers to be used.  If the DSP48 was instantiated in the design, it is suggested to set both the MREG and PREG attributes to 1 when performing multiply functions.
Related violations: <none>

DPOP-2#3 Warning
MREG Output pipelining  
DSP bd_0_i/hls_inst/inst/mul_32s_32s_32_2_1_U1/tmp_product__0 multiplier stage bd_0_i/hls_inst/inst/mul_32s_32s_32_2_1_U1/tmp_product__0/P[47:0] is not pipelined (MREG=0). Pipelining the multiplier function will improve performance and will save significant power so it is suggested whenever possible to fully pipeline this function.  If this multiplier was inferred, it is suggested to describe an additional register stage after this function.  If there is no registered adder/accumulator following the multiply function, two pipeline stages are suggested to allow both the MREG and PREG registers to be used.  If the DSP48 was instantiated in the design, it is suggested to set both the MREG and PREG attributes to 1 when performing multiply functions.
Related violations: <none>

RTSTAT-10#1 Warning
No routable loads  
254 net(s) have no routable loads. The problem bus(es) and/or net(s) are bd_0_i/hls_inst/inst/control_s_axi_U/s_axi_control_RDATA[31:0],
bd_0_i/hls_inst/inst/gmem_A_m_axi_U/bus_read/rreq_burst_conv/burst_sequential/Q[0],
bd_0_i/hls_inst/inst/gmem_A_m_axi_U/bus_read/rreq_burst_conv/burst_sequential/Q[1],
bd_0_i/hls_inst/inst/gmem_A_m_axi_U/bus_read/rreq_burst_conv/burst_sequential/Q[2],
bd_0_i/hls_inst/inst/gmem_A_m_axi_U/bus_read/rreq_burst_conv/burst_sequential/Q[3],
bd_0_i/hls_inst/inst/gmem_A_m_axi_U/bus_read/rreq_burst_conv/burst_sequential/m_axi_gmem_A_ARADDR[51:0],
bd_0_i/hls_inst/inst/gmem_A_m_axi_U/bus_read/rreq_burst_conv/burst_sequential/m_axi_gmem_A_ARLEN[3:0],
bd_0_i/hls_inst/inst/gmem_B_m_axi_U/bus_read/rreq_burst_conv/burst_sequential/Q[0],
bd_0_i/hls_inst/inst/gmem_B_m_axi_U/bus_read/rreq_burst_conv/burst_sequential/Q[1],
bd_0_i/hls_inst/inst/gmem_B_m_axi_U/bus_read/rreq_burst_conv/burst_sequential/Q[2],
bd_0_i/hls_inst/inst/gmem_B_m_axi_U/bus_read/rreq_burst_conv/burst_sequential/Q[3],
bd_0_i/hls_inst/inst/gmem_B_m_axi_U/bus_read/rreq_burst_conv/burst_sequential/m_axi_gmem_B_ARADDR[51:0],
bd_0_i/hls_inst/inst/gmem_B_m_axi_U/bus_read/rreq_burst_conv/burst_sequential/m_axi_gmem_B_ARLEN[3:0],
bd_0_i/hls_inst/inst/gmem_C_m_axi_U/bus_write/wreq_throttle/m_axi_gmem_C_WDATA[31:0],
bd_0_i/hls_inst/inst/gmem_C_m_axi_U/bus_write/wreq_throttle/m_axi_gmem_C_WSTRB[3:0]
 (the first 15 of 16 listed).
Related violations: <none>

ZPS7-1#1 Warning
PS7 block required  
The PS7 cell must be used in this Zynq design in order to enable correct default configuration.
Related violations: <none>


