  **** HLS Build v2026.1 6493734
INFO: [HLS 200-2005] Using work_dir C:/Vitis_WS/Vector_Mult_IP/Vector_Mult_IP 
INFO: [HLS 200-2176] Writing Vitis IDE component file C:/Vitis_WS/Vector_Mult_IP/Vector_Mult_IP/vitis-comp.json
INFO: [HLS 200-10] Creating and opening component 'C:/Vitis_WS/Vector_Mult_IP/Vector_Mult_IP'.
INFO: [HLS 200-2174] Applying component config ini file hls_config.cfg
INFO: [HLS 200-1465] Applying config ini 'syn.file=Vector_Mult.cpp' from hls_config.cfg(6)
INFO: [HLS 200-10] Adding design file 'C:/Vitis_WS/Vector_Mult_IP/Vector_Mult.cpp' to the project
INFO: [HLS 200-1465] Applying config ini 'syn.top=vector_mult' from hls_config.cfg(7)
INFO: [HLS 200-1465] Applying config ini 'part=xc7z020clg400-1' from hls_config.cfg(1)
INFO: [HLS 200-1611] Setting target device to 'xc7z020-clg400-1'
INFO: [HLS 200-1465] Applying config ini 'package.output.format=ip_catalog' from hls_config.cfg(4)
INFO: [HLS 200-2176] Writing Vitis IDE component file C:/Vitis_WS/Vector_Mult_IP/Vector_Mult_IP/vitis-comp.json
INFO: [HLS 200-111] Finished File checks and directory preparation: CPU user time: 1 seconds. CPU system time: 2 seconds. Elapsed time: 9.188 seconds; current allocated memory: 138.867 MB.
INFO: [HLS 200-2191] C-Synthesis will use clang-16 as the compiler
INFO: [HLS 200-10] Analyzing design file 'Vector_Mult.cpp' ... 
INFO: [HLS 200-111] Finished Source Code Analysis and Preprocessing: CPU user time: 0 seconds. CPU system time: 0 seconds. Elapsed time: 10.304 seconds; current allocated memory: 141.602 MB.
INFO: [HLS 200-1995] There were 30 instructions in the design after the 'Compile/Link' phase of compilation. See the Design Size Report for more details (C:/Vitis_WS/Vector_Mult_IP/Vector_Mult_IP/hls/syn/report/csynth_design_size.rpt:2)
INFO: [HLS 200-1995] There were 34 instructions in the design after the 'Unroll/Inline' phase of compilation. See the Design Size Report for more details (C:/Vitis_WS/Vector_Mult_IP/Vector_Mult_IP/hls/syn/report/csynth_design_size.rpt:2)
INFO: [HLS 200-1995] There were 27 instructions in the design after the 'Unroll/Inline (step 2)' phase of compilation. See the Design Size Report for more details (C:/Vitis_WS/Vector_Mult_IP/Vector_Mult_IP/hls/syn/report/csynth_design_size.rpt:2)
INFO: [HLS 200-1995] There were 28 instructions in the design after the 'Unroll/Inline (step 3)' phase of compilation. See the Design Size Report for more details (C:/Vitis_WS/Vector_Mult_IP/Vector_Mult_IP/hls/syn/report/csynth_design_size.rpt:2)
INFO: [HLS 200-1995] There were 28 instructions in the design after the 'Unroll/Inline (step 4)' phase of compilation. See the Design Size Report for more details (C:/Vitis_WS/Vector_Mult_IP/Vector_Mult_IP/hls/syn/report/csynth_design_size.rpt:2)
INFO: [HLS 200-1995] There were 30 instructions in the design after the 'Array/Struct' phase of compilation. See the Design Size Report for more details (C:/Vitis_WS/Vector_Mult_IP/Vector_Mult_IP/hls/syn/report/csynth_design_size.rpt:2)
INFO: [HLS 200-1995] There were 30 instructions in the design after the 'Array/Struct (step 2)' phase of compilation. See the Design Size Report for more details (C:/Vitis_WS/Vector_Mult_IP/Vector_Mult_IP/hls/syn/report/csynth_design_size.rpt:2)
INFO: [HLS 200-1995] There were 30 instructions in the design after the 'Array/Struct (step 3)' phase of compilation. See the Design Size Report for more details (C:/Vitis_WS/Vector_Mult_IP/Vector_Mult_IP/hls/syn/report/csynth_design_size.rpt:2)
INFO: [HLS 200-1995] There were 30 instructions in the design after the 'Array/Struct (step 4)' phase of compilation. See the Design Size Report for more details (C:/Vitis_WS/Vector_Mult_IP/Vector_Mult_IP/hls/syn/report/csynth_design_size.rpt:2)
INFO: [HLS 200-1995] There were 37 instructions in the design after the 'Array/Struct (step 5)' phase of compilation. See the Design Size Report for more details (C:/Vitis_WS/Vector_Mult_IP/Vector_Mult_IP/hls/syn/report/csynth_design_size.rpt:2)
INFO: [HLS 200-1995] There were 34 instructions in the design after the 'Performance' phase of compilation. See the Design Size Report for more details (C:/Vitis_WS/Vector_Mult_IP/Vector_Mult_IP/hls/syn/report/csynth_design_size.rpt:2)
INFO: [HLS 200-1995] There were 34 instructions in the design after the 'Performance (step 2)' phase of compilation. See the Design Size Report for more details (C:/Vitis_WS/Vector_Mult_IP/Vector_Mult_IP/hls/syn/report/csynth_design_size.rpt:2)
INFO: [HLS 200-1995] There were 34 instructions in the design after the 'Performance (step 3)' phase of compilation. See the Design Size Report for more details (C:/Vitis_WS/Vector_Mult_IP/Vector_Mult_IP/hls/syn/report/csynth_design_size.rpt:2)
INFO: [HLS 200-1995] There were 34 instructions in the design after the 'Performance (step 4)' phase of compilation. See the Design Size Report for more details (C:/Vitis_WS/Vector_Mult_IP/Vector_Mult_IP/hls/syn/report/csynth_design_size.rpt:2)
INFO: [HLS 214-115] Multiple burst reads of variable length and bit width 32 in loop 'VITIS_LOOP_19_1'(Vector_Mult.cpp:19:26) has been inferred on bundle 'gmem_A'. These burst requests might be further partitioned into multiple requests during RTL generation, based on max_read_burst_length or max_write_burst_length settings. (Vector_Mult.cpp:19:26)
INFO: [HLS 214-115] Multiple burst reads of variable length and bit width 32 in loop 'VITIS_LOOP_19_1'(Vector_Mult.cpp:19:26) has been inferred on bundle 'gmem_B'. These burst requests might be further partitioned into multiple requests during RTL generation, based on max_read_burst_length or max_write_burst_length settings. (Vector_Mult.cpp:19:26)
INFO: [HLS 214-115] Multiple burst writes of variable length and bit width 32 in loop 'VITIS_LOOP_19_1'(Vector_Mult.cpp:19:26) has been inferred on bundle 'gmem_C'. These burst requests might be further partitioned into multiple requests during RTL generation, based on max_read_burst_length or max_write_burst_length settings. (Vector_Mult.cpp:19:26)
INFO: [HLS 200-1995] There were 45 instructions in the design after the 'HW Transforms' phase of compilation. See the Design Size Report for more details (C:/Vitis_WS/Vector_Mult_IP/Vector_Mult_IP/hls/syn/report/csynth_design_size.rpt:2)
INFO: [HLS 200-1995] There were 47 instructions in the design after the 'HW Transforms (step 2)' phase of compilation. See the Design Size Report for more details (C:/Vitis_WS/Vector_Mult_IP/Vector_Mult_IP/hls/syn/report/csynth_design_size.rpt:2)
INFO: [HLS 200-111] Finished Compiling Optimization and Transform: CPU user time: 1 seconds. CPU system time: 0 seconds. Elapsed time: 9.734 seconds; current allocated memory: 144.316 MB.
INFO: [HLS 200-111] Finished Checking Pragmas: CPU user time: 0 seconds. CPU system time: 0 seconds. Elapsed time: 0.004 seconds; current allocated memory: 144.316 MB.
INFO: [HLS 200-10] Starting code transformations ...
INFO: [HLS 200-111] Finished Standard Transforms: CPU user time: 0 seconds. CPU system time: 1 seconds. Elapsed time: 0.126 seconds; current allocated memory: 148.398 MB.
INFO: [HLS 200-10] Checking synthesizability ...
INFO: [HLS 200-111] Finished Checking Synthesizability: CPU user time: 0 seconds. CPU system time: 0 seconds. Elapsed time: 0.059 seconds; current allocated memory: 149.562 MB.
INFO: [HLS 200-111] Finished Loop, function and other optimizations: CPU user time: 0 seconds. CPU system time: 0 seconds. Elapsed time: 0.153 seconds; current allocated memory: 170.164 MB.
INFO: [HLS 200-111] Finished Architecture Synthesis: CPU user time: 0 seconds. CPU system time: 0 seconds. Elapsed time: 0.148 seconds; current allocated memory: 170.176 MB.
INFO: [HLS 200-2255] Checking Wire Delay Status: Wire Delay Mode is ON
INFO: [HLS 200-10] Starting hardware synthesis ...
INFO: [HLS 200-10] Synthesizing 'vector_mult' ...
INFO: [SYN 201-201] Setting up clock 'default' with a period of 10ns.
INFO: [HLS 200-10] ----------------------------------------------------------------
INFO: [HLS 200-42] -- Implementing module 'vector_mult' 
INFO: [HLS 200-10] ----------------------------------------------------------------
INFO: [SCHED 204-11] Starting scheduling ...
INFO: [SCHED 204-61] Pipelining loop 'VITIS_LOOP_19_1'.
INFO: [HLS 200-1470] Pipelining result : Target II = 1, Final II = 1, Depth = 18, loop 'VITIS_LOOP_19_1'
INFO: [SCHED 204-11] Finished scheduling.
INFO: [HLS 200-111] Finished Scheduling: CPU user time: 0 seconds. CPU system time: 0 seconds. Elapsed time: 0.319 seconds; current allocated memory: 170.176 MB.
INFO: [BIND 205-100] Starting micro-architecture generation ...
INFO: [BIND 205-101] Performing variable lifetime analysis.
INFO: [BIND 205-101] Exploring resource sharing.
INFO: [BIND 205-101] Binding ...
INFO: [BIND 205-100] Finished micro-architecture generation.
INFO: [HLS 200-111] Finished Binding: CPU user time: 0 seconds. CPU system time: 0 seconds. Elapsed time: 0.125 seconds; current allocated memory: 170.176 MB.
INFO: [HLS 200-10] ----------------------------------------------------------------
INFO: [HLS 200-10] -- Generating RTL for module 'vector_mult' 
INFO: [HLS 200-10] ----------------------------------------------------------------
WARNING: [RTGEN 206-101] Design contains AXI ports. Reset is fixed to synchronous and active low.
INFO: [RTGEN 206-500] Setting interface mode on port 'vector_mult/gmem_A' to 'm_axi'.
INFO: [RTGEN 206-500] Setting interface mode on port 'vector_mult/gmem_B' to 'm_axi'.
INFO: [RTGEN 206-500] Setting interface mode on port 'vector_mult/gmem_C' to 'm_axi'.
INFO: [RTGEN 206-500] Setting interface mode on port 'vector_mult/A' to 's_axilite & ap_none'.
INFO: [RTGEN 206-500] Setting interface mode on port 'vector_mult/B' to 's_axilite & ap_none'.
INFO: [RTGEN 206-500] Setting interface mode on port 'vector_mult/C' to 's_axilite & ap_none'.
INFO: [RTGEN 206-500] Setting interface mode on port 'vector_mult/length_r' to 's_axilite & ap_none'.
INFO: [RTGEN 206-500] Setting interface mode on function 'vector_mult' to 's_axilite & ap_ctrl_hs'.
INFO: [HLS 200-1030] Apply Unified Pipeline Control on module 'vector_mult' pipeline 'VITIS_LOOP_19_1' pipeline type 'loop pipeline'
INFO: [RTGEN 206-100] Bundling port 'A', 'B', 'C', 'length_r' and 'return' to AXI-Lite port control.
INFO: [RTGEN 206-100] Generating core module 'mul_32s_32s_32_2_1': 1 instance(s).
INFO: [RTGEN 206-100] Finished creating RTL model for 'vector_mult'.
INFO: [HLS 200-111] Finished Creating RTL model: CPU user time: 0 seconds. CPU system time: 0 seconds. Elapsed time: 1.141 seconds; current allocated memory: 173.160 MB.
INFO: [HLS 200-111] Finished Generating all RTL models: CPU user time: 1 seconds. CPU system time: 0 seconds. Elapsed time: 1.1 seconds; current allocated memory: 177.543 MB.
INFO: [HLS 200-1603] Design has inferred MAXI bursts and missed bursts, see Vitis HLS GUI synthesis summary report for detailed information.
INFO: [HLS 200-2225] Wrote inferred directives to file C:/Vitis_WS/Vector_Mult_IP/Vector_Mult_IP/hls/syn/inferred_directives.ini
INFO: [HLS 200-111] Finished Updating report files: CPU user time: 1 seconds. CPU system time: 1 seconds. Elapsed time: 2.934 seconds; current allocated memory: 183.816 MB.
INFO: [VHDL 208-304] Generating VHDL RTL for vector_mult.
INFO: [VLOG 209-307] Generating Verilog RTL for vector_mult.
INFO: [HLS 200-790] **** Loop Constraint Status: All loop constraints were satisfied.
INFO: [HLS 200-789] **** Estimated Fmax: 136.99 MHz
INFO: [HLS 200-112] Total CPU user time: 4 seconds. Total CPU system time: 4 seconds. Total elapsed time: 35.38 seconds; peak allocated memory: 183.895 MB.
INFO: [v++ 60-791] Total elapsed time: 0h 0m 40s
