Copyright 1986-2022 Xilinx, Inc. All Rights Reserved. Copyright 2022-2026 Advanced Micro Devices, Inc. All Rights Reserved.
---------------------------------------------------------------------------------------------------------------------------------------------
| Tool Version : Vivado v.2026.1 (win64) Build 6511674 Tue Jun 16 11:02:23 MDT 2026
| Date         : Thu Sep 24 15:04:27 2026
| Host         : DESKTOP-55UAODO running 64-bit major release  (build 9200)
| Command      : report_control_sets -verbose -file bd_0_wrapper_control_sets_placed.rpt
| Design       : bd_0_wrapper
| Device       : xc7z020
---------------------------------------------------------------------------------------------------------------------------------------------

Control Set Information

Table of Contents
-----------------
1. Summary
2. Histogram
3. Flip-Flop Distribution
4. Detailed Control Set Information

1. Summary
----------

+----------------------------------------------------------+-------+
|                          Status                          | Count |
+----------------------------------------------------------+-------+
| Total control sets                                       |    68 |
|    Minimum number of control sets                        |    68 |
|    Addition due to synthesis replication                 |     0 |
|    Addition due to physical synthesis replication        |     0 |
| Unused register locations in slices containing registers |   143 |
+----------------------------------------------------------+-------+
* Control sets can be merged at opt_design using control_set_merge or merge_equivalent_drivers
** Run report_qor_suggestions for automated merging and remapping suggestions


2. Histogram
------------

+--------------------+-------+
|       Fanout       | Count |
+--------------------+-------+
| Total control sets |    68 |
| >= 0 to < 4        |     4 |
| >= 4 to < 6        |     9 |
| >= 6 to < 8        |     0 |
| >= 8 to < 10       |     4 |
| >= 10 to < 12      |     3 |
| >= 12 to < 14      |     0 |
| >= 14 to < 16      |     0 |
| >= 16              |    48 |
+--------------------+-------+
* Control sets can be remapped at either synth_design or opt_design


3. Flip-Flop Distribution
-------------------------

+--------------+-----------------------+------------------------+-----------------+--------------+
| Clock Enable | Synchronous Set/Reset | Asynchronous Set/Reset | Total Registers | Total Slices |
+--------------+-----------------------+------------------------+-----------------+--------------+
| No           | No                    | No                     |             163 |           40 |
| No           | No                    | Yes                    |               0 |            0 |
| No           | Yes                   | No                     |             154 |           58 |
| Yes          | No                    | No                     |            2533 |          626 |
| Yes          | No                    | Yes                    |               0 |            0 |
| Yes          | Yes                   | No                     |             967 |          251 |
+--------------+-----------------------+------------------------+-----------------+--------------+


4. Detailed Control Set Information
-----------------------------------

+--------------+----------------------------------------------------------------------------------------------------------------------------------------------------------+-----------------------------------------------------------------------------------------------------------------------------------------------------------------------------------------------------------------------------------------+------------------+----------------+--------------+
| Clock Signal |                                                                       Enable Signal                                                                      |                                                                                                             Set/Reset Signal                                                                                                            | Slice Load Count | Bel Load Count | Bels / Slice |
+--------------+----------------------------------------------------------------------------------------------------------------------------------------------------------+-----------------------------------------------------------------------------------------------------------------------------------------------------------------------------------------------------------------------------------------+------------------+----------------+--------------+
|  ap_clk      | bd_0_i/hls_inst/inst/Hysteresis_Filter_U0/regslice_both_Output_Stream_V_keep_V_U/load_p1                                                                 |                                                                                                                                                                                                                                         |                1 |              1 |         1.00 |
|  ap_clk      | bd_0_i/hls_inst/inst/Hysteresis_Filter_U0/regslice_both_Output_Stream_V_strb_V_U/data_p2[3]_i_1__0_n_0                                                   | bd_0_i/hls_inst/inst/Hysteresis_Filter_U0/regslice_both_Output_Stream_V_strb_V_U/data_p2[3]_i_1__0_n_0                                                                                                                                  |                1 |              1 |         1.00 |
|  ap_clk      | bd_0_i/hls_inst/inst/Hysteresis_Filter_U0/regslice_both_Output_Stream_V_keep_V_U/data_p2[3]_i_1_n_0                                                      | bd_0_i/hls_inst/inst/Hysteresis_Filter_U0/regslice_both_Output_Stream_V_keep_V_U/data_p2[3]_i_1_n_0                                                                                                                                     |                1 |              1 |         1.00 |
|  ap_clk      | bd_0_i/hls_inst/inst/Hysteresis_Filter_U0/regslice_both_Output_Stream_V_strb_V_U/load_p1                                                                 |                                                                                                                                                                                                                                         |                1 |              1 |         1.00 |
|  ap_clk      | bd_0_i/hls_inst/inst/Suppression_Filter_U0/grp_Suppression_Filter_Pipeline_VITIS_LOOP_11_1_VITIS_LOOP_13_2_fu_68/empty_n_reg_0[0]                        | bd_0_i/hls_inst/inst/control_s_axi_U/SR[0]                                                                                                                                                                                              |                2 |              4 |         2.00 |
|  ap_clk      | bd_0_i/hls_inst/inst/Sobel_Filter_U0/grp_Sobel_Filter_Pipeline_VITIS_LOOP_14_1_VITIS_LOOP_16_2_fu_68/empty_n_reg[0]                                      | bd_0_i/hls_inst/inst/control_s_axi_U/SR[0]                                                                                                                                                                                              |                1 |              4 |         4.00 |
|  ap_clk      | bd_0_i/hls_inst/inst/control_s_axi_U/waddr                                                                                                               |                                                                                                                                                                                                                                         |                1 |              4 |         4.00 |
|  ap_clk      | bd_0_i/hls_inst/inst/control_s_axi_U/E[0]                                                                                                                | bd_0_i/hls_inst/inst/control_s_axi_U/SR[0]                                                                                                                                                                                              |                1 |              4 |         4.00 |
|  ap_clk      | bd_0_i/hls_inst/inst/control_s_axi_U/empty_n_reg_1[0]                                                                                                    | bd_0_i/hls_inst/inst/control_s_axi_U/SR[0]                                                                                                                                                                                              |                2 |              4 |         2.00 |
|  ap_clk      | bd_0_i/hls_inst/inst/control_s_axi_U/ar_hs                                                                                                               | bd_0_i/hls_inst/inst/control_s_axi_U/rdata[9]_i_1_n_0                                                                                                                                                                                   |                2 |              4 |         2.00 |
|  ap_clk      | bd_0_i/hls_inst/inst/Suppression_Filter_U0/grp_Suppression_Filter_Pipeline_VITIS_LOOP_11_1_VITIS_LOOP_13_2_fu_68/empty_n_reg[0]                          | bd_0_i/hls_inst/inst/control_s_axi_U/SR[0]                                                                                                                                                                                              |                1 |              4 |         4.00 |
|  ap_clk      | bd_0_i/hls_inst/inst/Gaussian_Filter_U0/grp_Gaussian_Filter_Pipeline_VITIS_LOOP_13_1_VITIS_LOOP_15_2_fu_90/ap_block_pp0_stage0_subdone                   | bd_0_i/hls_inst/inst/control_s_axi_U/SR[0]                                                                                                                                                                                              |                2 |              5 |         2.50 |
|  ap_clk      | bd_0_i/hls_inst/inst/Sobel_Filter_U0/grp_Sobel_Filter_Pipeline_VITIS_LOOP_14_1_VITIS_LOOP_16_2_fu_68/ap_block_pp0_stage0_subdone                         | bd_0_i/hls_inst/inst/control_s_axi_U/SR[0]                                                                                                                                                                                              |                2 |              5 |         2.50 |
|  ap_clk      | bd_0_i/hls_inst/inst/Hysteresis_Filter_U0/regslice_both_Output_Stream_V_data_V_U/load_p1                                                                 |                                                                                                                                                                                                                                         |                3 |              8 |         2.67 |
|  ap_clk      |                                                                                                                                                          | bd_0_i/hls_inst/inst/Hysteresis_Filter_U0/grp_Hysteresis_Filter_Pipeline_VITIS_LOOP_11_1_VITIS_LOOP_13_2_fu_84/icmp_ln38_reg_814_reg[0]_0                                                                                               |                2 |              8 |         4.00 |
|  ap_clk      | bd_0_i/hls_inst/inst/Hysteresis_Filter_U0/grp_Hysteresis_Filter_Pipeline_VITIS_LOOP_11_1_VITIS_LOOP_13_2_fu_84/load_p2                                   | bd_0_i/hls_inst/inst/Hysteresis_Filter_U0/grp_Hysteresis_Filter_Pipeline_VITIS_LOOP_11_1_VITIS_LOOP_13_2_fu_84/icmp_ln38_reg_814_reg[0]_1                                                                                               |                1 |              8 |         8.00 |
|  ap_clk      | bd_0_i/hls_inst/inst/Suppression_Filter_U0/grp_Suppression_Filter_Pipeline_VITIS_LOOP_11_1_VITIS_LOOP_13_2_fu_68/push                                    |                                                                                                                                                                                                                                         |                1 |              8 |         8.00 |
|  ap_clk      | bd_0_i/hls_inst/inst/Gaussian_Filter_U0/grp_Gaussian_Filter_Pipeline_VITIS_LOOP_13_1_VITIS_LOOP_15_2_fu_90/ap_block_pp0_stage0_subdone                   | bd_0_i/hls_inst/inst/Gaussian_Filter_U0/grp_Gaussian_Filter_Pipeline_VITIS_LOOP_13_1_VITIS_LOOP_15_2_fu_90/Line_Buffer_addr_reg_578[10]_i_1_n_0                                                                                         |                4 |             11 |         2.75 |
|  ap_clk      | bd_0_i/hls_inst/inst/Suppression_Filter_U0/grp_Suppression_Filter_Pipeline_VITIS_LOOP_11_1_VITIS_LOOP_13_2_fu_68/ap_block_pp0_stage0_subdone             | bd_0_i/hls_inst/inst/Suppression_Filter_U0/grp_Suppression_Filter_Pipeline_VITIS_LOOP_11_1_VITIS_LOOP_13_2_fu_68/Line_Buffer_addr_reg_570[10]_i_1_n_0                                                                                   |                2 |             11 |         5.50 |
|  ap_clk      | bd_0_i/hls_inst/inst/Sobel_Filter_U0/grp_Sobel_Filter_Pipeline_VITIS_LOOP_14_1_VITIS_LOOP_16_2_fu_68/ap_block_pp0_stage0_subdone                         | bd_0_i/hls_inst/inst/Sobel_Filter_U0/grp_Sobel_Filter_Pipeline_VITIS_LOOP_14_1_VITIS_LOOP_16_2_fu_68/Line_Buffer_addr_reg_858[10]_i_1_n_0                                                                                               |                3 |             11 |         3.67 |
|  ap_clk      | bd_0_i/hls_inst/inst/Suppression_Filter_U0/grp_Suppression_Filter_Pipeline_VITIS_LOOP_11_1_VITIS_LOOP_13_2_fu_68/Line_Buffer_U/WEA[0]                    |                                                                                                                                                                                                                                         |                7 |             16 |         2.29 |
|  ap_clk      | bd_0_i/hls_inst/inst/Sobel_Filter_U0/grp_Sobel_Filter_Pipeline_VITIS_LOOP_14_1_VITIS_LOOP_16_2_fu_68/push                                                |                                                                                                                                                                                                                                         |                2 |             16 |         8.00 |
|  ap_clk      | bd_0_i/hls_inst/inst/Suppression_Filter_U0/grp_Suppression_Filter_Pipeline_VITIS_LOOP_11_1_VITIS_LOOP_13_2_fu_68/Line_Buffer_U/E[0]                      | bd_0_i/hls_inst/inst/Suppression_Filter_U0/grp_Suppression_Filter_Pipeline_VITIS_LOOP_11_1_VITIS_LOOP_13_2_fu_68/flow_control_loop_pipe_sequential_init_U/ap_loop_init_int_reg_0[0]                                                     |                5 |             24 |         4.80 |
|  ap_clk      | bd_0_i/hls_inst/inst/Hysteresis_Filter_U0/grp_Hysteresis_Filter_Pipeline_VITIS_LOOP_11_1_VITIS_LOOP_13_2_fu_84/Line_Buffer_U/ap_block_pp0_stage0_subdone |                                                                                                                                                                                                                                         |               18 |             26 |         1.44 |
|  ap_clk      | bd_0_i/hls_inst/inst/control_s_axi_U/ar_hs                                                                                                               | bd_0_i/hls_inst/inst/control_s_axi_U/rdata[31]_i_1_n_0                                                                                                                                                                                  |                9 |             26 |         2.89 |
|  ap_clk      | bd_0_i/hls_inst/inst/Suppression_Filter_U0/grp_Suppression_Filter_Pipeline_VITIS_LOOP_11_1_VITIS_LOOP_13_2_fu_68/ap_block_pp0_stage0_subdone             |                                                                                                                                                                                                                                         |               10 |             29 |         2.90 |
|  ap_clk      | bd_0_i/hls_inst/inst/Hysteresis_Filter_U0/grp_Hysteresis_Filter_Pipeline_VITIS_LOOP_11_1_VITIS_LOOP_13_2_fu_84/Line_Buffer_U/ap_block_pp0_stage0_subdone | bd_0_i/hls_inst/inst/Hysteresis_Filter_U0/grp_Hysteresis_Filter_Pipeline_VITIS_LOOP_11_1_VITIS_LOOP_13_2_fu_84/select_ln11_reg_776[30]_i_1_n_0                                                                                          |               10 |             31 |         3.10 |
|  ap_clk      | bd_0_i/hls_inst/inst/control_s_axi_U/int_High_Threshold[31]_i_1_n_0                                                                                      | bd_0_i/hls_inst/inst/control_s_axi_U/SR[0]                                                                                                                                                                                              |                4 |             32 |         8.00 |
|  ap_clk      | bd_0_i/hls_inst/inst/Sobel_Filter_U0/mul_31ns_31ns_62_2_1_U44/ap_CS_fsm_reg[0]                                                                           |                                                                                                                                                                                                                                         |                9 |             32 |         3.56 |
|  ap_clk      | bd_0_i/hls_inst/inst/control_s_axi_U/int_Low_Threshold[31]_i_1_n_0                                                                                       | bd_0_i/hls_inst/inst/control_s_axi_U/SR[0]                                                                                                                                                                                              |                5 |             32 |         6.40 |
|  ap_clk      | bd_0_i/hls_inst/inst/Gaussian_Filter_U0/grp_Gaussian_Filter_Pipeline_VITIS_LOOP_13_1_VITIS_LOOP_15_2_fu_90/push                                          |                                                                                                                                                                                                                                         |                4 |             32 |         8.00 |
|  ap_clk      | bd_0_i/hls_inst/inst/Gaussian_Filter_U0/mul_31ns_31ns_62_2_1_U16/ap_CS_fsm_reg[0]                                                                        |                                                                                                                                                                                                                                         |                8 |             32 |         4.00 |
|  ap_clk      | bd_0_i/hls_inst/inst/Gaussian_Filter_U0/regslice_both_Input_Stream_V_data_V_U/load_p2                                                                    |                                                                                                                                                                                                                                         |                6 |             32 |         5.33 |
|  ap_clk      | bd_0_i/hls_inst/inst/Gaussian_Filter_U0/regslice_both_Input_Stream_V_data_V_U/load_p1                                                                    |                                                                                                                                                                                                                                         |                9 |             32 |         3.56 |
|  ap_clk      | bd_0_i/hls_inst/inst/Cols_c3_U/Suppression_Filter_U0_Cols_c_write                                                                                        |                                                                                                                                                                                                                                         |                9 |             32 |         3.56 |
|  ap_clk      | bd_0_i/hls_inst/inst/control_s_axi_U/int_Cols[31]_i_1_n_0                                                                                                | bd_0_i/hls_inst/inst/control_s_axi_U/SR[0]                                                                                                                                                                                              |                7 |             32 |         4.57 |
|  ap_clk      | bd_0_i/hls_inst/inst/control_s_axi_U/int_Rows[31]_i_1_n_0                                                                                                | bd_0_i/hls_inst/inst/control_s_axi_U/SR[0]                                                                                                                                                                                              |                7 |             32 |         4.57 |
|  ap_clk      | bd_0_i/hls_inst/inst/Suppression_Filter_U0/grp_Suppression_Filter_Pipeline_VITIS_LOOP_11_1_VITIS_LOOP_13_2_fu_68/Line_Buffer_U/E[0]                      |                                                                                                                                                                                                                                         |               11 |             56 |         5.09 |
|  ap_clk      | bd_0_i/hls_inst/inst/Hysteresis_Filter_U0/grp_Hysteresis_Filter_Pipeline_VITIS_LOOP_11_1_VITIS_LOOP_13_2_fu_84/Line_Buffer_U/Line_Buffer_we0_local       | bd_0_i/hls_inst/inst/Hysteresis_Filter_U0/grp_Hysteresis_Filter_Pipeline_VITIS_LOOP_11_1_VITIS_LOOP_13_2_fu_84/flow_control_loop_pipe_sequential_init_U/I_fu_1321_out                                                                   |               17 |             57 |         3.35 |
|  ap_clk      | bd_0_i/hls_inst/inst/Gaussian_Filter_U0/grp_Gaussian_Filter_Pipeline_VITIS_LOOP_13_1_VITIS_LOOP_15_2_fu_90/Line_Buffer_1_U/ce0                           | bd_0_i/hls_inst/inst/Gaussian_Filter_U0/grp_Gaussian_Filter_Pipeline_VITIS_LOOP_13_1_VITIS_LOOP_15_2_fu_90/flow_control_loop_pipe_sequential_init_U/grp_Gaussian_Filter_Pipeline_VITIS_LOOP_13_1_VITIS_LOOP_15_2_fu_90_ap_start_reg_reg |               13 |             62 |         4.77 |
|  ap_clk      | bd_0_i/hls_inst/inst/Gaussian_Filter_U0/grp_Gaussian_Filter_Pipeline_VITIS_LOOP_13_1_VITIS_LOOP_15_2_fu_90/indvar_flatten_fu_114                         | bd_0_i/hls_inst/inst/Gaussian_Filter_U0/grp_Gaussian_Filter_Pipeline_VITIS_LOOP_13_1_VITIS_LOOP_15_2_fu_90/flow_control_loop_pipe_sequential_init_U/grp_Gaussian_Filter_Pipeline_VITIS_LOOP_13_1_VITIS_LOOP_15_2_fu_90_ap_start_reg_reg |               16 |             62 |         3.88 |
|  ap_clk      | bd_0_i/hls_inst/inst/Suppression_Filter_U0/grp_Suppression_Filter_Pipeline_VITIS_LOOP_11_1_VITIS_LOOP_13_2_fu_68/indvar_flatten_fu_88                    | bd_0_i/hls_inst/inst/Suppression_Filter_U0/grp_Suppression_Filter_Pipeline_VITIS_LOOP_11_1_VITIS_LOOP_13_2_fu_68/flow_control_loop_pipe_sequential_init_U/ap_loop_init_int_reg_0[0]                                                     |               16 |             62 |         3.88 |
|  ap_clk      | bd_0_i/hls_inst/inst/Sobel_Filter_U0/grp_Sobel_Filter_Pipeline_VITIS_LOOP_14_1_VITIS_LOOP_16_2_fu_68/Line_Buffer_1_U/ce0                                 | bd_0_i/hls_inst/inst/Sobel_Filter_U0/grp_Sobel_Filter_Pipeline_VITIS_LOOP_14_1_VITIS_LOOP_16_2_fu_68/flow_control_loop_pipe_sequential_init_U/ap_loop_init_int_reg_0[0]                                                                 |               15 |             62 |         4.13 |
|  ap_clk      | bd_0_i/hls_inst/inst/Suppression_Filter_U0/ap_CS_fsm_state3                                                                                              |                                                                                                                                                                                                                                         |               17 |             62 |         3.65 |
|  ap_clk      | bd_0_i/hls_inst/inst/Sobel_Filter_U0/ap_CS_fsm_state3                                                                                                    |                                                                                                                                                                                                                                         |               15 |             62 |         4.13 |
|  ap_clk      | bd_0_i/hls_inst/inst/Hysteresis_Filter_U0/grp_Hysteresis_Filter_Pipeline_VITIS_LOOP_11_1_VITIS_LOOP_13_2_fu_84/Line_Buffer_1_U/icmp_ln11_reg_767_reg[0]  | bd_0_i/hls_inst/inst/Hysteresis_Filter_U0/grp_Hysteresis_Filter_Pipeline_VITIS_LOOP_11_1_VITIS_LOOP_13_2_fu_84/flow_control_loop_pipe_sequential_init_U/I_fu_1321_out                                                                   |               18 |             62 |         3.44 |
|  ap_clk      | bd_0_i/hls_inst/inst/Hysteresis_Filter_U0/grp_Hysteresis_Filter_Pipeline_VITIS_LOOP_11_1_VITIS_LOOP_13_2_fu_84/indvar_flatten_fu_136                     | bd_0_i/hls_inst/inst/Hysteresis_Filter_U0/grp_Hysteresis_Filter_Pipeline_VITIS_LOOP_11_1_VITIS_LOOP_13_2_fu_84/flow_control_loop_pipe_sequential_init_U/I_fu_1321_out                                                                   |               16 |             62 |         3.88 |
|  ap_clk      | bd_0_i/hls_inst/inst/Suppression_Filter_U0/grp_Suppression_Filter_Pipeline_VITIS_LOOP_11_1_VITIS_LOOP_13_2_fu_68/Line_Buffer_1_U/E[0]                    | bd_0_i/hls_inst/inst/Suppression_Filter_U0/grp_Suppression_Filter_Pipeline_VITIS_LOOP_11_1_VITIS_LOOP_13_2_fu_68/flow_control_loop_pipe_sequential_init_U/ap_loop_init_int_reg_0[0]                                                     |               14 |             62 |         4.43 |
|  ap_clk      | bd_0_i/hls_inst/inst/Gaussian_Filter_U0/ap_CS_fsm_state3                                                                                                 |                                                                                                                                                                                                                                         |               15 |             62 |         4.13 |
|  ap_clk      | bd_0_i/hls_inst/inst/Sobel_Filter_U0/grp_Sobel_Filter_Pipeline_VITIS_LOOP_14_1_VITIS_LOOP_16_2_fu_68/indvar_flatten_fu_132                               | bd_0_i/hls_inst/inst/Sobel_Filter_U0/grp_Sobel_Filter_Pipeline_VITIS_LOOP_14_1_VITIS_LOOP_16_2_fu_68/flow_control_loop_pipe_sequential_init_U/ap_loop_init_int_reg_0[0]                                                                 |               16 |             62 |         3.88 |
|  ap_clk      | bd_0_i/hls_inst/inst/Cols_c3_U/U_Canny_Filter_fifo_w32_d2_S_ShiftReg/push                                                                                |                                                                                                                                                                                                                                         |               19 |             64 |         3.37 |
|  ap_clk      | bd_0_i/hls_inst/inst/Sobel_Filter_U0/grp_Sobel_Filter_Pipeline_VITIS_LOOP_14_1_VITIS_LOOP_16_2_fu_68/reuse_reg27_fu_104                                  | bd_0_i/hls_inst/inst/Sobel_Filter_U0/grp_Sobel_Filter_Pipeline_VITIS_LOOP_14_1_VITIS_LOOP_16_2_fu_68/flow_control_loop_pipe_sequential_init_U/ap_loop_init_int_reg_0[0]                                                                 |               18 |             64 |         3.56 |
|  ap_clk      | bd_0_i/hls_inst/inst/control_s_axi_U/push                                                                                                                |                                                                                                                                                                                                                                         |                8 |             64 |         8.00 |
|  ap_clk      | bd_0_i/hls_inst/inst/Cols_c4_U/U_Canny_Filter_fifo_w32_d2_S_ShiftReg/push                                                                                |                                                                                                                                                                                                                                         |               20 |             64 |         3.20 |
|  ap_clk      | bd_0_i/hls_inst/inst/Gaussian_Filter_U0/grp_Gaussian_Filter_Pipeline_VITIS_LOOP_13_1_VITIS_LOOP_15_2_fu_90/empty_73_fu_106[31]_i_1_n_0                   |                                                                                                                                                                                                                                         |                9 |             64 |         7.11 |
|  ap_clk      | bd_0_i/hls_inst/inst/Rows_c2_U/U_Canny_Filter_fifo_w32_d2_S_ShiftReg/push                                                                                |                                                                                                                                                                                                                                         |               19 |             64 |         3.37 |
|  ap_clk      | bd_0_i/hls_inst/inst/Rows_c1_U/U_Canny_Filter_fifo_w32_d2_S_ShiftReg/push                                                                                |                                                                                                                                                                                                                                         |               14 |             64 |         4.57 |
|  ap_clk      | bd_0_i/hls_inst/inst/Gaussian_Filter_U0/grp_Gaussian_Filter_Pipeline_VITIS_LOOP_13_1_VITIS_LOOP_15_2_fu_90/Line_Buffer_U/E[0]                            | bd_0_i/hls_inst/inst/Gaussian_Filter_U0/grp_Gaussian_Filter_Pipeline_VITIS_LOOP_13_1_VITIS_LOOP_15_2_fu_90/flow_control_loop_pipe_sequential_init_U/grp_Gaussian_Filter_Pipeline_VITIS_LOOP_13_1_VITIS_LOOP_15_2_fu_90_ap_start_reg_reg |               20 |             64 |         3.20 |
|  ap_clk      | bd_0_i/hls_inst/inst/Hysteresis_Filter_U0/grp_Hysteresis_Filter_Pipeline_VITIS_LOOP_11_1_VITIS_LOOP_13_2_fu_84/Line_Buffer_U/Line_Buffer_we0_local       |                                                                                                                                                                                                                                         |               31 |            116 |         3.74 |
|  ap_clk      | bd_0_i/hls_inst/inst/Hysteresis_Filter_U0/ap_CS_fsm_state3                                                                                               |                                                                                                                                                                                                                                         |               33 |            126 |         3.82 |
|  ap_clk      | bd_0_i/hls_inst/inst/Gaussian_Filter_U0/grp_Gaussian_Filter_Pipeline_VITIS_LOOP_13_1_VITIS_LOOP_15_2_fu_90/empty_74_fu_1180                              |                                                                                                                                                                                                                                         |               25 |            126 |         5.04 |
|  ap_clk      | bd_0_i/hls_inst/inst/Cols_c_U/U_Canny_Filter_fifo_w32_d2_S_ShiftReg/E[0]                                                                                 |                                                                                                                                                                                                                                         |               36 |            128 |         3.56 |
|  ap_clk      | bd_0_i/hls_inst/inst/Hysteresis_Filter_U0/mul_31ns_31ns_62_2_1_U80/ap_CS_fsm_reg[0]                                                                      |                                                                                                                                                                                                                                         |               22 |            128 |         5.82 |
|  ap_clk      |                                                                                                                                                          | bd_0_i/hls_inst/inst/control_s_axi_U/SR[0]                                                                                                                                                                                              |               56 |            146 |         2.61 |
|  ap_clk      |                                                                                                                                                          |                                                                                                                                                                                                                                         |               40 |            163 |         4.07 |
|  ap_clk      | bd_0_i/hls_inst/inst/Sobel_Filter_U0/grp_Sobel_Filter_Pipeline_VITIS_LOOP_14_1_VITIS_LOOP_16_2_fu_68/Line_Buffer_U/we0                                   |                                                                                                                                                                                                                                         |               37 |            190 |         5.14 |
|  ap_clk      | bd_0_i/hls_inst/inst/Gaussian_Filter_U0/grp_Gaussian_Filter_Pipeline_VITIS_LOOP_13_1_VITIS_LOOP_15_2_fu_90/ap_block_pp0_stage0_subdone                   |                                                                                                                                                                                                                                         |               94 |            417 |         4.44 |
|  ap_clk      | bd_0_i/hls_inst/inst/Sobel_Filter_U0/grp_Sobel_Filter_Pipeline_VITIS_LOOP_14_1_VITIS_LOOP_16_2_fu_68/ap_block_pp0_stage0_subdone                         |                                                                                                                                                                                                                                         |              127 |            497 |         3.91 |
+--------------+----------------------------------------------------------------------------------------------------------------------------------------------------------+-----------------------------------------------------------------------------------------------------------------------------------------------------------------------------------------------------------------------------------------+------------------+----------------+--------------+


