

================================================================
== Vitis HLS Report for 'sobel_filter_Pipeline_VITIS_LOOP_18_1_VITIS_LOOP_19_2'
================================================================
* Date:           Wed Sep  9 01:53:16 2026

* Version:        2026.1 (Build 6493734 on Jun 16 2026)
* Project:        Sobel_IP
* Solution:       hls
* Product family: zynq
* Target device:  xc7z020-clg400-1


================================================================
== Performance Estimates
================================================================
+ Timing: 
    * Summary: 
    +--------+----------+----------+------------+
    |  Clock |  Target  | Estimated| Uncertainty|
    +--------+----------+----------+------------+
    |ap_clk  |  10.00 ns|  6.923 ns|     2.70 ns|
    +--------+----------+----------+------------+

+ Latency: 
    * Summary: 
    +---------+---------+----------+----------+-----+-----+---------+
    |  Latency (cycles) |  Latency (absolute) |  Interval | Pipeline|
    |   min   |   max   |    min   |    max   | min | max |   Type  |
    +---------+---------+----------+----------+-----+-----+---------+
    |        ?|        ?|         ?|         ?|    ?|    ?|       no|
    +---------+---------+----------+----------+-----+-----+---------+

    + Detail: 
        * Instance: 
        N/A

        * Loop: 
        +-----------------------------------+---------+---------+----------+-----------+-----------+------+----------+
        |                                   |  Latency (cycles) | Iteration|  Initiation Interval  | Trip |          |
        |             Loop Name             |   min   |   max   |  Latency |  achieved |   target  | Count| Pipelined|
        +-----------------------------------+---------+---------+----------+-----------+-----------+------+----------+
        |- VITIS_LOOP_18_1_VITIS_LOOP_19_2  |        ?|        ?|         4|          1|        N/A|     ?|       yes|
        +-----------------------------------+---------+---------+----------+-----------+-----------+------+----------+



================================================================
== Utilization Estimates
================================================================
* Summary: 
+-----------------+---------+-----+--------+-------+-----+
|       Name      | BRAM_18K| DSP |   FF   |  LUT  | URAM|
+-----------------+---------+-----+--------+-------+-----+
|DSP              |        -|    -|       -|      -|    -|
|Expression       |        -|    -|       0|   1187|    -|
|FIFO             |        -|    -|       -|      -|    -|
|Instance         |        -|    -|       -|      -|    -|
|Memory           |        -|    -|       -|      -|    -|
|Multiplexer      |        -|    -|       0|    715|    -|
|Register         |        -|    -|    1067|     32|    -|
+-----------------+---------+-----+--------+-------+-----+
|Total            |        0|    0|    1067|   1934|    0|
+-----------------+---------+-----+--------+-------+-----+
|Available        |      280|  220|  106400|  53200|    0|
+-----------------+---------+-----+--------+-------+-----+
|Utilization (%)  |        0|    0|       1|      3|    0|
+-----------------+---------+-----+--------+-------+-----+

+ Detail: 
    * Instance: 
    N/A

    * DSP: 
    N/A

    * Memory: 
    N/A

    * FIFO: 
    N/A

    * Expression: 
    +----------------------------------+----------+----+---+----+------------+------------+
    |           Variable Name          | Operation| DSP| FF| LUT| Bitwidth P0| Bitwidth P1|
    +----------------------------------+----------+----+---+----+------------+------------+
    |Gx_val_fu_2621_p2                 |         +|   0|  0|  32|          32|          32|
    |Gy_val_3_fu_2626_p2               |         +|   0|  0|  32|          32|          32|
    |add_ln18_fu_1765_p2               |         +|   0|  0|  69|          62|           1|
    |add_ln19_fu_1771_p2               |         +|   0|  0|  38|          31|           1|
    |add_ln37_fu_2293_p2               |         +|   0|  0|  39|          32|          32|
    |add_ln38_fu_2299_p2               |         +|   0|  0|  39|          32|          32|
    |magnitude_fu_2674_p2              |         +|   0|  0|  39|          32|          32|
    |Gx_val_2_fu_2617_p2               |         -|   0|  0|  32|          32|          32|
    |Gy_val_2_fu_2631_p2               |         -|   0|  0|  32|          32|          32|
    |sub_ln37_fu_2267_p2               |         -|   0|  0|  39|          32|          32|
    |sub_ln43_fu_2636_p2               |         -|   0|  0|  39|           1|          32|
    |sub_ln44_fu_2642_p2               |         -|   0|  0|  39|           1|          32|
    |tmp31_fu_2287_p2                  |         -|   0|  0|  38|          31|          31|
    |tmp5_fu_2273_p2                   |         -|   0|  0|  38|          31|          31|
    |ap_block_state3_pp0_stage0_iter1  |       and|   0|  0|   2|           1|           1|
    |ap_block_state5_pp0_stage0_iter3  |       and|   0|  0|   2|           1|           1|
    |icmp_ln18_fu_1760_p2              |      icmp|   0|  0|  69|          62|          62|
    |icmp_ln19_1_fu_1755_p2            |      icmp|   0|  0|  39|          32|          32|
    |icmp_ln19_fu_1454_p2              |      icmp|   0|  0|  39|          32|           1|
    |icmp_ln47_fu_2690_p2              |      icmp|   0|  0|  31|          24|           1|
    |ap_block_pp0_stage0_01001         |        or|   0|  0|   2|           1|           1|
    |abs_Gx_val_fu_2655_p3             |    select|   0|  0|  32|           1|          32|
    |abs_Gy_val_fu_2668_p3             |    select|   0|  0|  32|           1|          32|
    |j_3_fu_1777_p3                    |    select|   0|  0|  31|           1|          31|
    |output_r_TDATA                    |    select|   0|  0|  32|           1|           8|
    |select_ln18_10_fu_1957_p3         |    select|   0|  0|   2|           1|           2|
    |select_ln18_11_fu_1964_p3         |    select|   0|  0|   4|           1|           4|
    |select_ln18_12_fu_1971_p3         |    select|   0|  0|   4|           1|           4|
    |select_ln18_13_fu_2024_p3         |    select|   0|  0|  32|           1|          32|
    |select_ln18_14_fu_2031_p3         |    select|   0|  0|   6|           1|           6|
    |select_ln18_15_fu_2038_p3         |    select|   0|  0|   5|           1|           5|
    |select_ln18_16_fu_2045_p3         |    select|   0|  0|   2|           1|           1|
    |select_ln18_17_fu_2052_p3         |    select|   0|  0|   2|           1|           2|
    |select_ln18_18_fu_2059_p3         |    select|   0|  0|   4|           1|           4|
    |select_ln18_19_fu_2066_p3         |    select|   0|  0|   4|           1|           4|
    |select_ln18_1_fu_1901_p3          |    select|   0|  0|   5|           1|           5|
    |select_ln18_20_fu_2073_p3         |    select|   0|  0|  32|           1|          32|
    |select_ln18_21_fu_2080_p3         |    select|   0|  0|   6|           1|           6|
    |select_ln18_22_fu_2087_p3         |    select|   0|  0|   5|           1|           5|
    |select_ln18_23_fu_2094_p3         |    select|   0|  0|   2|           1|           1|
    |select_ln18_24_fu_2101_p3         |    select|   0|  0|   2|           1|           2|
    |select_ln18_25_fu_2108_p3         |    select|   0|  0|   4|           1|           4|
    |select_ln18_26_fu_2115_p3         |    select|   0|  0|   4|           1|           4|
    |select_ln18_27_fu_2122_p3         |    select|   0|  0|   6|           1|           6|
    |select_ln18_28_fu_2129_p3         |    select|   0|  0|   5|           1|           5|
    |select_ln18_29_fu_2136_p3         |    select|   0|  0|   2|           1|           1|
    |select_ln18_2_fu_1908_p3          |    select|   0|  0|   2|           1|           1|
    |select_ln18_30_fu_2143_p3         |    select|   0|  0|   2|           1|           2|
    |select_ln18_31_fu_2150_p3         |    select|   0|  0|   4|           1|           4|
    |select_ln18_32_fu_2157_p3         |    select|   0|  0|   4|           1|           4|
    |select_ln18_33_fu_2164_p3         |    select|   0|  0|  32|           1|          32|
    |select_ln18_34_fu_2171_p3         |    select|   0|  0|   6|           1|           6|
    |select_ln18_35_fu_2178_p3         |    select|   0|  0|   5|           1|           5|
    |select_ln18_36_fu_2185_p3         |    select|   0|  0|   2|           1|           1|
    |select_ln18_37_fu_2192_p3         |    select|   0|  0|   2|           1|           2|
    |select_ln18_38_fu_2199_p3         |    select|   0|  0|   4|           1|           4|
    |select_ln18_39_fu_2206_p3         |    select|   0|  0|   4|           1|           4|
    |select_ln18_3_fu_1915_p3          |    select|   0|  0|   2|           1|           2|
    |select_ln18_40_fu_2213_p3         |    select|   0|  0|  32|           1|          32|
    |select_ln18_41_fu_2228_p3         |    select|   0|  0|  31|           1|          31|
    |select_ln18_4_fu_1922_p3          |    select|   0|  0|   4|           1|           4|
    |select_ln18_5_fu_1929_p3          |    select|   0|  0|   4|           1|           4|
    |select_ln18_6_fu_2017_p3          |    select|   0|  0|  32|           1|          32|
    |select_ln18_7_fu_1936_p3          |    select|   0|  0|   6|           1|           6|
    |select_ln18_8_fu_1943_p3          |    select|   0|  0|   5|           1|           5|
    |select_ln18_9_fu_1950_p3          |    select|   0|  0|   2|           1|           1|
    |select_ln18_fu_1894_p3            |    select|   0|  0|   6|           1|           6|
    |ap_enable_pp0                     |       xor|   0|  0|   2|           1|           2|
    +----------------------------------+----------+----+---+----+------------+------------+
    |Total                             |          |   0|  0|1187|         613|         911|
    +----------------------------------+----------+----+---+----+------------+------------+

    * Multiplexer: 
    +-----------------------------------------------+----+-----------+-----+-----------+
    |                      Name                     | LUT| Input Size| Bits| Total Bits|
    +-----------------------------------------------+----+-----------+-----+-----------+
    |ap_NS_fsm                                      |  31|          6|    1|          6|
    |ap_enable_reg_pp0_iter2                        |   9|          2|    1|          2|
    |ap_enable_reg_pp0_iter3                        |   9|          2|    1|          2|
    |ap_phi_mux_p_4_0_0_0129_1376_phi_fu_1380_p4    |   9|          2|    1|          2|
    |ap_phi_mux_p_4_0_0_0129_1_1358_phi_fu_1401_p4  |   9|          2|    1|          2|
    |ap_phi_mux_p_4_0_0_0129_1_1390_phi_fu_1368_p4  |   9|          2|    1|          2|
    |ap_phi_mux_p_4_0_0_0129_1_2365_phi_fu_1391_p4  |   9|          2|    1|          2|
    |indvar_flatten_fu_482                          |   9|          2|   62|        124|
    |input_r_TDATA_blk_n                            |   9|          2|    1|          2|
    |j_fu_386                                       |   9|          2|   31|         62|
    |output_r_TDATA_blk_n                           |   9|          2|    1|          2|
    |p_1_0_0_0126_1348_fu_486                       |   9|          2|    4|          8|
    |p_1_0_0_0126_1348_phi_fu_326                   |   9|          2|    4|          8|
    |p_1_0_0_0126_1370_fu_518                       |   9|          2|    4|          8|
    |p_1_0_0_0126_1_1355_fu_394                     |   9|          2|    4|          8|
    |p_1_0_0_0126_1_1355_phi_fu_346                 |   9|          2|    4|          8|
    |p_1_0_0_0126_1_1384_fu_514                     |   9|          2|    4|          8|
    |p_1_0_0_0126_1_1_lcssa443_fu_438               |   9|          2|    4|          8|
    |p_1_0_0_0126_1_2362_fu_414                     |   9|          2|    4|          8|
    |p_1_0_0_0126_1_2362_phi_fu_366                 |   9|          2|    4|          8|
    |p_1_0_0_0126_1_2397_fu_510                     |   9|          2|    4|          8|
    |p_1_0_0_0126_1_2_lcssa478_fu_462               |   9|          2|    4|          8|
    |p_2_0_0_0127_1349_fu_490                       |   9|          2|    4|          8|
    |p_2_0_0_0127_1349_phi_fu_330                   |   9|          2|    4|          8|
    |p_2_0_0_0127_1372_fu_530                       |   9|          2|    4|          8|
    |p_2_0_0_0127_1_1356_fu_398                     |   9|          2|    4|          8|
    |p_2_0_0_0127_1_1356_phi_fu_350                 |   9|          2|    4|          8|
    |p_2_0_0_0127_1_1386_fu_526                     |   9|          2|    4|          8|
    |p_2_0_0_0127_1_1_lcssa446_fu_442               |   9|          2|    4|          8|
    |p_2_0_0_0127_1_2363_fu_418                     |   9|          2|    4|          8|
    |p_2_0_0_0127_1_2363_phi_fu_370                 |   9|          2|    4|          8|
    |p_2_0_0_0127_1_2398_fu_522                     |   9|          2|    4|          8|
    |p_2_0_0_0127_1_2_lcssa481_fu_466               |   9|          2|    4|          8|
    |p_3_0_0_0128_1350_fu_494                       |   9|          2|    2|          4|
    |p_3_0_0_0128_1350_phi_fu_334                   |   9|          2|    2|          4|
    |p_3_0_0_0128_1374_fu_542                       |   9|          2|    2|          4|
    |p_3_0_0_0128_1_1357_fu_402                     |   9|          2|    2|          4|
    |p_3_0_0_0128_1_1357_phi_fu_354                 |   9|          2|    2|          4|
    |p_3_0_0_0128_1_1388_fu_538                     |   9|          2|    2|          4|
    |p_3_0_0_0128_1_1_lcssa449_fu_446               |   9|          2|    2|          4|
    |p_3_0_0_0128_1_2364_fu_422                     |   9|          2|    2|          4|
    |p_3_0_0_0128_1_2364_phi_fu_374                 |   9|          2|    2|          4|
    |p_3_0_0_0128_1_2399_fu_534                     |   9|          2|    2|          4|
    |p_3_0_0_0128_1_2_lcssa484_fu_470               |   9|          2|    2|          4|
    |p_4_0_0_0129_1351_phi_reg_1442                 |   9|          2|    1|          2|
    |p_4_0_0_0129_1351_reg_1408                     |   9|          2|    1|          2|
    |p_4_0_0_0129_1376_reg_1376                     |   9|          2|    1|          2|
    |p_4_0_0_0129_1_1358_phi_reg_1431               |   9|          2|    1|          2|
    |p_4_0_0_0129_1_1358_reg_1398                   |   9|          2|    1|          2|
    |p_4_0_0_0129_1_1390_reg_1364                   |   9|          2|    1|          2|
    |p_4_0_0_0129_1_1_lcssa452_reg_1344             |   9|          2|    1|          2|
    |p_4_0_0_0129_1_2365_phi_reg_1420               |   9|          2|    1|          2|
    |p_4_0_0_0129_1_2365_reg_1388                   |   9|          2|    1|          2|
    |p_4_0_0_0129_1_2400_reg_1353                   |   9|          2|    1|          2|
    |p_4_0_0_0129_1_2_lcssa487_reg_1335             |   9|          2|    1|          2|
    |p_5_0_0_0130_1352_fu_498                       |   9|          2|    5|         10|
    |p_5_0_0_0130_1352_phi_fu_338                   |   9|          2|    5|         10|
    |p_5_0_0_0130_1378_fu_554                       |   9|          2|    5|         10|
    |p_5_0_0_0130_1_1359_fu_406                     |   9|          2|    5|         10|
    |p_5_0_0_0130_1_1359_phi_fu_358                 |   9|          2|    5|         10|
    |p_5_0_0_0130_1_1392_fu_550                     |   9|          2|    5|         10|
    |p_5_0_0_0130_1_1_lcssa455_fu_450               |   9|          2|    5|         10|
    |p_5_0_0_0130_1_2366_fu_426                     |   9|          2|    5|         10|
    |p_5_0_0_0130_1_2366_phi_fu_378                 |   9|          2|    5|         10|
    |p_5_0_0_0130_1_2401_fu_546                     |   9|          2|    5|         10|
    |p_5_0_0_0130_1_2_lcssa490_fu_474               |   9|          2|    5|         10|
    |p_6_0_0_0131_1353_fu_502                       |   9|          2|    6|         12|
    |p_6_0_0_0131_1353_phi_fu_342                   |   9|          2|    6|         12|
    |p_6_0_0_0131_1380_fu_566                       |   9|          2|    6|         12|
    |p_6_0_0_0131_1_1360_fu_410                     |   9|          2|    6|         12|
    |p_6_0_0_0131_1_1360_phi_fu_362                 |   9|          2|    6|         12|
    |p_6_0_0_0131_1_1394_fu_562                     |   9|          2|    6|         12|
    |p_6_0_0_0131_1_1_lcssa458_fu_454               |   9|          2|    6|         12|
    |p_6_0_0_0131_1_2367_fu_430                     |   9|          2|    6|         12|
    |p_6_0_0_0131_1_2367_phi_fu_382                 |   9|          2|    6|         12|
    |p_6_0_0_0131_1_2402_fu_558                     |   9|          2|    6|         12|
    |p_6_0_0_0131_1_2_lcssa493_fu_478               |   9|          2|    6|         12|
    +-----------------------------------------------+----+-----------+-----+-----------+
    |Total                                          | 715|        158|  344|        692|
    +-----------------------------------------------+----+-----------+-----+-----------+

    * Register: 
    +------------------------------------------+----+----+-----+-----------+
    |                   Name                   | FF | LUT| Bits| Const Bits|
    +------------------------------------------+----+----+-----+-----------+
    |Gx_val_reg_3548                           |  32|   0|   32|          0|
    |Gy_val_2_reg_3554                         |  32|   0|   32|          0|
    |Gy_val_fu_390                             |  32|   0|   32|          0|
    |Gy_val_load_reg_3471                      |  32|   0|   32|          0|
    |add_ln37_reg_3538                         |  32|   0|   32|          0|
    |add_ln38_reg_3543                         |  32|   0|   32|          0|
    |ap_CS_fsm                                 |   5|   0|    5|          0|
    |ap_enable_reg_pp0_iter0                   |   1|   0|    1|          0|
    |ap_enable_reg_pp0_iter1                   |   1|   0|    1|          0|
    |ap_enable_reg_pp0_iter2                   |   1|   0|    1|          0|
    |ap_enable_reg_pp0_iter3                   |   1|   0|    1|          0|
    |icmp_ln18_reg_3307                        |   1|   0|    1|          0|
    |icmp_ln19_1_reg_3275                      |   1|   0|    1|          0|
    |icmp_ln19_reg_3257                        |   1|   0|    1|          0|
    |indvar_flatten_fu_482                     |  62|   0|   62|          0|
    |j_fu_386                                  |  31|   0|   31|          0|
    |p_0_0_0_0125_1_1_lcssa440_fu_434          |  32|   0|   32|          0|
    |p_0_0_0_0125_1_2_lcssa475_fu_458          |  32|   0|   32|          0|
    |p_0_reg_3528                              |   6|   0|    6|          0|
    |p_0_reg_3528_pp0_iter2_reg                |   6|   0|    6|          0|
    |p_1_0_0_0126_1348_fu_486                  |   4|   0|    4|          0|
    |p_1_0_0_0126_1348_load_reg_3311           |   4|   0|    4|          0|
    |p_1_0_0_0126_1348_phi_fu_326              |   4|   0|    4|          0|
    |p_1_0_0_0126_1370_fu_518                  |   4|   0|    4|          0|
    |p_1_0_0_0126_1370_load_reg_3346           |   4|   0|    4|          0|
    |p_1_0_0_0126_1_1355_fu_394                |   4|   0|    4|          0|
    |p_1_0_0_0126_1_1355_phi_fu_346            |   4|   0|    4|          0|
    |p_1_0_0_0126_1_1384_fu_514                |   4|   0|    4|          0|
    |p_1_0_0_0126_1_1384_load_reg_3341         |   4|   0|    4|          0|
    |p_1_0_0_0126_1_1_lcssa443_fu_438          |   4|   0|    4|          0|
    |p_1_0_0_0126_1_2362_fu_414                |   4|   0|    4|          0|
    |p_1_0_0_0126_1_2362_phi_fu_366            |   4|   0|    4|          0|
    |p_1_0_0_0126_1_2397_fu_510                |   4|   0|    4|          0|
    |p_1_0_0_0126_1_2397_load_reg_3336         |   4|   0|    4|          0|
    |p_1_0_0_0126_1_2_lcssa478_fu_462          |   4|   0|    4|          0|
    |p_1_reg_3502                              |   4|   0|    4|          0|
    |p_1_reg_3502_pp0_iter2_reg                |   4|   0|    4|          0|
    |p_2_0_0_0127_1349_fu_490                  |   4|   0|    4|          0|
    |p_2_0_0_0127_1349_load_reg_3316           |   4|   0|    4|          0|
    |p_2_0_0_0127_1349_phi_fu_330              |   4|   0|    4|          0|
    |p_2_0_0_0127_1372_fu_530                  |   4|   0|    4|          0|
    |p_2_0_0_0127_1372_load_reg_3361           |   4|   0|    4|          0|
    |p_2_0_0_0127_1_1356_fu_398                |   4|   0|    4|          0|
    |p_2_0_0_0127_1_1356_phi_fu_350            |   4|   0|    4|          0|
    |p_2_0_0_0127_1_1386_fu_526                |   4|   0|    4|          0|
    |p_2_0_0_0127_1_1386_load_reg_3356         |   4|   0|    4|          0|
    |p_2_0_0_0127_1_1_lcssa446_fu_442          |   4|   0|    4|          0|
    |p_2_0_0_0127_1_2363_fu_418                |   4|   0|    4|          0|
    |p_2_0_0_0127_1_2363_phi_fu_370            |   4|   0|    4|          0|
    |p_2_0_0_0127_1_2398_fu_522                |   4|   0|    4|          0|
    |p_2_0_0_0127_1_2398_load_reg_3351         |   4|   0|    4|          0|
    |p_2_0_0_0127_1_2_lcssa481_fu_466          |   4|   0|    4|          0|
    |p_2_reg_3507                              |   4|   0|    4|          0|
    |p_2_reg_3507_pp0_iter2_reg                |   4|   0|    4|          0|
    |p_3_0_0_0128_1350_fu_494                  |   2|   0|    2|          0|
    |p_3_0_0_0128_1350_load_reg_3321           |   2|   0|    2|          0|
    |p_3_0_0_0128_1350_phi_fu_334              |   2|   0|    2|          0|
    |p_3_0_0_0128_1374_fu_542                  |   2|   0|    2|          0|
    |p_3_0_0_0128_1374_load_reg_3376           |   2|   0|    2|          0|
    |p_3_0_0_0128_1_1357_fu_402                |   2|   0|    2|          0|
    |p_3_0_0_0128_1_1357_phi_fu_354            |   2|   0|    2|          0|
    |p_3_0_0_0128_1_1388_fu_538                |   2|   0|    2|          0|
    |p_3_0_0_0128_1_1388_load_reg_3371         |   2|   0|    2|          0|
    |p_3_0_0_0128_1_1_lcssa449_fu_446          |   2|   0|    2|          0|
    |p_3_0_0_0128_1_2364_fu_422                |   2|   0|    2|          0|
    |p_3_0_0_0128_1_2364_phi_fu_374            |   2|   0|    2|          0|
    |p_3_0_0_0128_1_2399_fu_534                |   2|   0|    2|          0|
    |p_3_0_0_0128_1_2399_load_reg_3366         |   2|   0|    2|          0|
    |p_3_0_0_0128_1_2_lcssa484_fu_470          |   2|   0|    2|          0|
    |p_3_reg_3512                              |   2|   0|    2|          0|
    |p_3_reg_3512_pp0_iter2_reg                |   2|   0|    2|          0|
    |p_4_0_0_0129_1351_phi_reg_1442            |   1|   0|    1|          0|
    |p_4_0_0_0129_1351_reg_1408                |   1|   0|    1|          0|
    |p_4_0_0_0129_1351_reg_1408_pp0_iter2_reg  |   1|   0|    1|          0|
    |p_4_0_0_0129_1376_reg_1376                |   1|   0|    1|          0|
    |p_4_0_0_0129_1_1358_phi_reg_1431          |   1|   0|    1|          0|
    |p_4_0_0_0129_1_1358_reg_1398              |   1|   0|    1|          0|
    |p_4_0_0_0129_1_1390_reg_1364              |   1|   0|    1|          0|
    |p_4_0_0_0129_1_1_lcssa452_reg_1344        |   1|   0|    1|          0|
    |p_4_0_0_0129_1_2365_phi_reg_1420          |   1|   0|    1|          0|
    |p_4_0_0_0129_1_2365_reg_1388              |   1|   0|    1|          0|
    |p_4_0_0_0129_1_2400_reg_1353              |   1|   0|    1|          0|
    |p_4_0_0_0129_1_2_lcssa487_reg_1335        |   1|   0|    1|          0|
    |p_4_reg_3517                              |   1|   0|    1|          0|
    |p_4_reg_3517_pp0_iter2_reg                |   1|   0|    1|          0|
    |p_5_0_0_0130_1352_fu_498                  |   5|   0|    5|          0|
    |p_5_0_0_0130_1352_load_reg_3326           |   5|   0|    5|          0|
    |p_5_0_0_0130_1352_phi_fu_338              |   5|   0|    5|          0|
    |p_5_0_0_0130_1378_fu_554                  |   5|   0|    5|          0|
    |p_5_0_0_0130_1378_load_reg_3391           |   5|   0|    5|          0|
    |p_5_0_0_0130_1_1359_fu_406                |   5|   0|    5|          0|
    |p_5_0_0_0130_1_1359_phi_fu_358            |   5|   0|    5|          0|
    |p_5_0_0_0130_1_1392_fu_550                |   5|   0|    5|          0|
    |p_5_0_0_0130_1_1392_load_reg_3386         |   5|   0|    5|          0|
    |p_5_0_0_0130_1_1_lcssa455_fu_450          |   5|   0|    5|          0|
    |p_5_0_0_0130_1_2366_fu_426                |   5|   0|    5|          0|
    |p_5_0_0_0130_1_2366_phi_fu_378            |   5|   0|    5|          0|
    |p_5_0_0_0130_1_2401_fu_546                |   5|   0|    5|          0|
    |p_5_0_0_0130_1_2401_load_reg_3381         |   5|   0|    5|          0|
    |p_5_0_0_0130_1_2_lcssa490_fu_474          |   5|   0|    5|          0|
    |p_5_reg_3523                              |   5|   0|    5|          0|
    |p_5_reg_3523_pp0_iter2_reg                |   5|   0|    5|          0|
    |p_6_0_0_0131_1353_fu_502                  |   6|   0|    6|          0|
    |p_6_0_0_0131_1353_load_reg_3331           |   6|   0|    6|          0|
    |p_6_0_0_0131_1353_phi_fu_342              |   6|   0|    6|          0|
    |p_6_0_0_0131_1380_fu_566                  |   6|   0|    6|          0|
    |p_6_0_0_0131_1380_load_reg_3406           |   6|   0|    6|          0|
    |p_6_0_0_0131_1_1360_fu_410                |   6|   0|    6|          0|
    |p_6_0_0_0131_1_1360_phi_fu_362            |   6|   0|    6|          0|
    |p_6_0_0_0131_1_1394_fu_562                |   6|   0|    6|          0|
    |p_6_0_0_0131_1_1394_load_reg_3401         |   6|   0|    6|          0|
    |p_6_0_0_0131_1_1_lcssa458_fu_454          |   6|   0|    6|          0|
    |p_6_0_0_0131_1_2367_fu_430                |   6|   0|    6|          0|
    |p_6_0_0_0131_1_2367_phi_fu_382            |   6|   0|    6|          0|
    |p_6_0_0_0131_1_2402_fu_558                |   6|   0|    6|          0|
    |p_6_0_0_0131_1_2402_load_reg_3396         |   6|   0|    6|          0|
    |p_6_0_0_0131_1_2_lcssa493_fu_478          |   6|   0|    6|          0|
    |p_s_reg_3496                              |  32|   0|   32|          0|
    |select_ln18_10_reg_3456                   |   2|   0|    2|          0|
    |select_ln18_11_reg_3461                   |   4|   0|    4|          0|
    |select_ln18_12_reg_3466                   |   4|   0|    4|          0|
    |select_ln18_16_reg_3476                   |   1|   0|    1|          0|
    |select_ln18_16_reg_3476_pp0_iter2_reg     |   1|   0|    1|          0|
    |select_ln18_1_reg_3416                    |   5|   0|    5|          0|
    |select_ln18_23_reg_3481                   |   1|   0|    1|          0|
    |select_ln18_23_reg_3481_pp0_iter2_reg     |   1|   0|    1|          0|
    |select_ln18_2_reg_3421                    |   1|   0|    1|          0|
    |select_ln18_3_reg_3426                    |   2|   0|    2|          0|
    |select_ln18_4_reg_3431                    |   4|   0|    4|          0|
    |select_ln18_5_reg_3436                    |   4|   0|    4|          0|
    |select_ln18_7_reg_3441                    |   6|   0|    6|          0|
    |select_ln18_8_reg_3446                    |   5|   0|    5|          0|
    |select_ln18_9_reg_3451                    |   1|   0|    1|          0|
    |select_ln18_reg_3411                      |   6|   0|    6|          0|
    |sub_ln43_reg_3560                         |  32|   0|   32|          0|
    |sub_ln44_reg_3565                         |  32|   0|   32|          0|
    |tmp31_reg_3533                            |  31|   0|   31|          0|
    |window_data_1_fu_506                      |  32|   0|   32|          0|
    |window_data_2_fu_570                      |  32|   0|   32|          0|
    |window_data_3_fu_574                      |  32|   0|   32|          0|
    |icmp_ln18_reg_3307                        |  64|  32|    1|          0|
    +------------------------------------------+----+----+-----+-----------+
    |Total                                     |1067|  32| 1004|          0|
    +------------------------------------------+----+----+-----+-----------+



================================================================
== Interface
================================================================
* Summary: 
+------------------------------------+-----+-----+------------+-------------------------------------------------------+--------------+
|              RTL Ports             | Dir | Bits|  Protocol  |                     Source Object                     |    C Type    |
+------------------------------------+-----+-----+------------+-------------------------------------------------------+--------------+
|ap_clk                              |   in|    1|  ap_ctrl_hs|  sobel_filter_Pipeline_VITIS_LOOP_18_1_VITIS_LOOP_19_2|  return value|
|ap_rst                              |   in|    1|  ap_ctrl_hs|  sobel_filter_Pipeline_VITIS_LOOP_18_1_VITIS_LOOP_19_2|  return value|
|ap_start                            |   in|    1|  ap_ctrl_hs|  sobel_filter_Pipeline_VITIS_LOOP_18_1_VITIS_LOOP_19_2|  return value|
|ap_done                             |  out|    1|  ap_ctrl_hs|  sobel_filter_Pipeline_VITIS_LOOP_18_1_VITIS_LOOP_19_2|  return value|
|ap_idle                             |  out|    1|  ap_ctrl_hs|  sobel_filter_Pipeline_VITIS_LOOP_18_1_VITIS_LOOP_19_2|  return value|
|ap_ready                            |  out|    1|  ap_ctrl_hs|  sobel_filter_Pipeline_VITIS_LOOP_18_1_VITIS_LOOP_19_2|  return value|
|window_dest_load_4                  |   in|    6|     ap_none|                                     window_dest_load_4|        scalar|
|window_id_load_4                    |   in|    5|     ap_none|                                       window_id_load_4|        scalar|
|window_last_load_4                  |   in|    1|     ap_none|                                     window_last_load_4|        scalar|
|window_user_load_4                  |   in|    2|     ap_none|                                     window_user_load_4|        scalar|
|window_strb_load_4                  |   in|    4|     ap_none|                                     window_strb_load_4|        scalar|
|window_keep_load_4                  |   in|    4|     ap_none|                                     window_keep_load_4|        scalar|
|window_dest_load_2                  |   in|    6|     ap_none|                                     window_dest_load_2|        scalar|
|window_id_load_2                    |   in|    5|     ap_none|                                       window_id_load_2|        scalar|
|window_last_load_2                  |   in|    1|     ap_none|                                     window_last_load_2|        scalar|
|window_user_load_2                  |   in|    2|     ap_none|                                     window_user_load_2|        scalar|
|window_strb_load_2                  |   in|    4|     ap_none|                                     window_strb_load_2|        scalar|
|window_keep_load_2                  |   in|    4|     ap_none|                                     window_keep_load_2|        scalar|
|window_dest_load_8                  |   in|    6|     ap_none|                                     window_dest_load_8|        scalar|
|window_id_load_8                    |   in|    5|     ap_none|                                       window_id_load_8|        scalar|
|window_last_load_8                  |   in|    1|     ap_none|                                     window_last_load_8|        scalar|
|window_user_load_8                  |   in|    2|     ap_none|                                     window_user_load_8|        scalar|
|window_strb_load_8                  |   in|    4|     ap_none|                                     window_strb_load_8|        scalar|
|window_keep_load_8                  |   in|    4|     ap_none|                                     window_keep_load_8|        scalar|
|window_dest_load_7                  |   in|    6|     ap_none|                                     window_dest_load_7|        scalar|
|window_id_load_7                    |   in|    5|     ap_none|                                       window_id_load_7|        scalar|
|window_last_load_7                  |   in|    1|     ap_none|                                     window_last_load_7|        scalar|
|window_user_load_7                  |   in|    2|     ap_none|                                     window_user_load_7|        scalar|
|window_strb_load_7                  |   in|    4|     ap_none|                                     window_strb_load_7|        scalar|
|window_keep_load_7                  |   in|    4|     ap_none|                                     window_keep_load_7|        scalar|
|window_dest_load_6                  |   in|    6|     ap_none|                                     window_dest_load_6|        scalar|
|window_id_load_6                    |   in|    5|     ap_none|                                       window_id_load_6|        scalar|
|window_last_load_6                  |   in|    1|     ap_none|                                     window_last_load_6|        scalar|
|window_user_load_6                  |   in|    2|     ap_none|                                     window_user_load_6|        scalar|
|window_strb_load_6                  |   in|    4|     ap_none|                                     window_strb_load_6|        scalar|
|window_keep_load_6                  |   in|    4|     ap_none|                                     window_keep_load_6|        scalar|
|window_dest_load                    |   in|    6|     ap_none|                                       window_dest_load|        scalar|
|window_id_load                      |   in|    5|     ap_none|                                         window_id_load|        scalar|
|window_last_load                    |   in|    1|     ap_none|                                       window_last_load|        scalar|
|window_user_load                    |   in|    2|     ap_none|                                       window_user_load|        scalar|
|window_strb_load                    |   in|    4|     ap_none|                                       window_strb_load|        scalar|
|window_keep_load                    |   in|    4|     ap_none|                                       window_keep_load|        scalar|
|window_dest_load_5                  |   in|    6|     ap_none|                                     window_dest_load_5|        scalar|
|window_id_load_5                    |   in|    5|     ap_none|                                       window_id_load_5|        scalar|
|window_last_load_5                  |   in|    1|     ap_none|                                     window_last_load_5|        scalar|
|window_user_load_5                  |   in|    2|     ap_none|                                     window_user_load_5|        scalar|
|window_strb_load_5                  |   in|    4|     ap_none|                                     window_strb_load_5|        scalar|
|window_keep_load_5                  |   in|    4|     ap_none|                                     window_keep_load_5|        scalar|
|window_dest_load_3                  |   in|    6|     ap_none|                                     window_dest_load_3|        scalar|
|window_id_load_3                    |   in|    5|     ap_none|                                       window_id_load_3|        scalar|
|window_last_load_3                  |   in|    1|     ap_none|                                     window_last_load_3|        scalar|
|window_user_load_3                  |   in|    2|     ap_none|                                     window_user_load_3|        scalar|
|window_strb_load_3                  |   in|    4|     ap_none|                                     window_strb_load_3|        scalar|
|window_keep_load_3                  |   in|    4|     ap_none|                                     window_keep_load_3|        scalar|
|window_dest_load_1                  |   in|    6|     ap_none|                                     window_dest_load_1|        scalar|
|window_id_load_1                    |   in|    5|     ap_none|                                       window_id_load_1|        scalar|
|window_last_load_1                  |   in|    1|     ap_none|                                     window_last_load_1|        scalar|
|window_user_load_1                  |   in|    2|     ap_none|                                     window_user_load_1|        scalar|
|window_strb_load_1                  |   in|    4|     ap_none|                                     window_strb_load_1|        scalar|
|window_keep_load_1                  |   in|    4|     ap_none|                                     window_keep_load_1|        scalar|
|cols                                |   in|   32|     ap_none|                                                   cols|        scalar|
|mul_ln28                            |   in|   62|     ap_none|                                               mul_ln28|        scalar|
|input_r_TDATA                       |   in|   32|        axis|                                       input_r_V_data_V|       pointer|
|input_r_TVALID                      |   in|    1|        axis|                                       input_r_V_data_V|       pointer|
|input_r_TREADY                      |  out|    1|        axis|                                       input_r_V_dest_V|       pointer|
|input_r_TDEST                       |   in|    6|        axis|                                       input_r_V_dest_V|       pointer|
|input_r_TKEEP                       |   in|    4|        axis|                                       input_r_V_keep_V|       pointer|
|input_r_TSTRB                       |   in|    4|        axis|                                       input_r_V_strb_V|       pointer|
|input_r_TUSER                       |   in|    2|        axis|                                       input_r_V_user_V|       pointer|
|input_r_TLAST                       |   in|    1|        axis|                                       input_r_V_last_V|       pointer|
|input_r_TID                         |   in|    5|        axis|                                         input_r_V_id_V|       pointer|
|output_r_TDATA                      |  out|   32|        axis|                                      output_r_V_data_V|       pointer|
|output_r_TREADY                     |   in|    1|        axis|                                      output_r_V_data_V|       pointer|
|output_r_TVALID                     |  out|    1|        axis|                                      output_r_V_dest_V|       pointer|
|output_r_TDEST                      |  out|    6|        axis|                                      output_r_V_dest_V|       pointer|
|output_r_TKEEP                      |  out|    4|        axis|                                      output_r_V_keep_V|       pointer|
|output_r_TSTRB                      |  out|    4|        axis|                                      output_r_V_strb_V|       pointer|
|output_r_TUSER                      |  out|    2|        axis|                                      output_r_V_user_V|       pointer|
|output_r_TLAST                      |  out|    1|        axis|                                      output_r_V_last_V|       pointer|
|output_r_TID                        |  out|    5|        axis|                                        output_r_V_id_V|       pointer|
|p_6_0_0_0131_1_2402_out             |  out|    6|      ap_vld|                                p_6_0_0_0131_1_2402_out|       pointer|
|p_6_0_0_0131_1_2402_out_ap_vld      |  out|    1|      ap_vld|                                p_6_0_0_0131_1_2402_out|       pointer|
|p_5_0_0_0130_1_2401_out             |  out|    5|      ap_vld|                                p_5_0_0_0130_1_2401_out|       pointer|
|p_5_0_0_0130_1_2401_out_ap_vld      |  out|    1|      ap_vld|                                p_5_0_0_0130_1_2401_out|       pointer|
|p_4_0_0_0129_1_2400_out             |  out|    1|      ap_vld|                                p_4_0_0_0129_1_2400_out|       pointer|
|p_4_0_0_0129_1_2400_out_ap_vld      |  out|    1|      ap_vld|                                p_4_0_0_0129_1_2400_out|       pointer|
|p_3_0_0_0128_1_2399_out             |  out|    2|      ap_vld|                                p_3_0_0_0128_1_2399_out|       pointer|
|p_3_0_0_0128_1_2399_out_ap_vld      |  out|    1|      ap_vld|                                p_3_0_0_0128_1_2399_out|       pointer|
|p_2_0_0_0127_1_2398_out             |  out|    4|      ap_vld|                                p_2_0_0_0127_1_2398_out|       pointer|
|p_2_0_0_0127_1_2398_out_ap_vld      |  out|    1|      ap_vld|                                p_2_0_0_0127_1_2398_out|       pointer|
|p_1_0_0_0126_1_2397_out             |  out|    4|      ap_vld|                                p_1_0_0_0126_1_2397_out|       pointer|
|p_1_0_0_0126_1_2397_out_ap_vld      |  out|    1|      ap_vld|                                p_1_0_0_0126_1_2397_out|       pointer|
|p_6_0_0_0131_1_1394_out             |  out|    6|      ap_vld|                                p_6_0_0_0131_1_1394_out|       pointer|
|p_6_0_0_0131_1_1394_out_ap_vld      |  out|    1|      ap_vld|                                p_6_0_0_0131_1_1394_out|       pointer|
|p_5_0_0_0130_1_1392_out             |  out|    5|      ap_vld|                                p_5_0_0_0130_1_1392_out|       pointer|
|p_5_0_0_0130_1_1392_out_ap_vld      |  out|    1|      ap_vld|                                p_5_0_0_0130_1_1392_out|       pointer|
|p_4_0_0_0129_1_1390_out             |  out|    1|      ap_vld|                                p_4_0_0_0129_1_1390_out|       pointer|
|p_4_0_0_0129_1_1390_out_ap_vld      |  out|    1|      ap_vld|                                p_4_0_0_0129_1_1390_out|       pointer|
|p_3_0_0_0128_1_1388_out             |  out|    2|      ap_vld|                                p_3_0_0_0128_1_1388_out|       pointer|
|p_3_0_0_0128_1_1388_out_ap_vld      |  out|    1|      ap_vld|                                p_3_0_0_0128_1_1388_out|       pointer|
|p_2_0_0_0127_1_1386_out             |  out|    4|      ap_vld|                                p_2_0_0_0127_1_1386_out|       pointer|
|p_2_0_0_0127_1_1386_out_ap_vld      |  out|    1|      ap_vld|                                p_2_0_0_0127_1_1386_out|       pointer|
|p_1_0_0_0126_1_1384_out             |  out|    4|      ap_vld|                                p_1_0_0_0126_1_1384_out|       pointer|
|p_1_0_0_0126_1_1384_out_ap_vld      |  out|    1|      ap_vld|                                p_1_0_0_0126_1_1384_out|       pointer|
|p_6_0_0_0131_1380_out               |  out|    6|      ap_vld|                                  p_6_0_0_0131_1380_out|       pointer|
|p_6_0_0_0131_1380_out_ap_vld        |  out|    1|      ap_vld|                                  p_6_0_0_0131_1380_out|       pointer|
|p_5_0_0_0130_1378_out               |  out|    5|      ap_vld|                                  p_5_0_0_0130_1378_out|       pointer|
|p_5_0_0_0130_1378_out_ap_vld        |  out|    1|      ap_vld|                                  p_5_0_0_0130_1378_out|       pointer|
|p_4_0_0_0129_1376_out               |  out|    1|      ap_vld|                                  p_4_0_0_0129_1376_out|       pointer|
|p_4_0_0_0129_1376_out_ap_vld        |  out|    1|      ap_vld|                                  p_4_0_0_0129_1376_out|       pointer|
|p_3_0_0_0128_1374_out               |  out|    2|      ap_vld|                                  p_3_0_0_0128_1374_out|       pointer|
|p_3_0_0_0128_1374_out_ap_vld        |  out|    1|      ap_vld|                                  p_3_0_0_0128_1374_out|       pointer|
|p_2_0_0_0127_1372_out               |  out|    4|      ap_vld|                                  p_2_0_0_0127_1372_out|       pointer|
|p_2_0_0_0127_1372_out_ap_vld        |  out|    1|      ap_vld|                                  p_2_0_0_0127_1372_out|       pointer|
|p_1_0_0_0126_1370_out               |  out|    4|      ap_vld|                                  p_1_0_0_0126_1370_out|       pointer|
|p_1_0_0_0126_1370_out_ap_vld        |  out|    1|      ap_vld|                                  p_1_0_0_0126_1370_out|       pointer|
|p_6_0_0_0131_1353_out               |  out|    6|      ap_vld|                                  p_6_0_0_0131_1353_out|       pointer|
|p_6_0_0_0131_1353_out_ap_vld        |  out|    1|      ap_vld|                                  p_6_0_0_0131_1353_out|       pointer|
|p_5_0_0_0130_1352_out               |  out|    5|      ap_vld|                                  p_5_0_0_0130_1352_out|       pointer|
|p_5_0_0_0130_1352_out_ap_vld        |  out|    1|      ap_vld|                                  p_5_0_0_0130_1352_out|       pointer|
|p_4_0_0_0129_1351_out               |  out|    1|      ap_vld|                                  p_4_0_0_0129_1351_out|       pointer|
|p_4_0_0_0129_1351_out_ap_vld        |  out|    1|      ap_vld|                                  p_4_0_0_0129_1351_out|       pointer|
|p_3_0_0_0128_1350_out               |  out|    2|      ap_vld|                                  p_3_0_0_0128_1350_out|       pointer|
|p_3_0_0_0128_1350_out_ap_vld        |  out|    1|      ap_vld|                                  p_3_0_0_0128_1350_out|       pointer|
|p_2_0_0_0127_1349_out               |  out|    4|      ap_vld|                                  p_2_0_0_0127_1349_out|       pointer|
|p_2_0_0_0127_1349_out_ap_vld        |  out|    1|      ap_vld|                                  p_2_0_0_0127_1349_out|       pointer|
|p_1_0_0_0126_1348_out               |  out|    4|      ap_vld|                                  p_1_0_0_0126_1348_out|       pointer|
|p_1_0_0_0126_1348_out_ap_vld        |  out|    1|      ap_vld|                                  p_1_0_0_0126_1348_out|       pointer|
|p_6_0_0_0131_1_2367_phi_out         |  out|    6|      ap_vld|                            p_6_0_0_0131_1_2367_phi_out|       pointer|
|p_6_0_0_0131_1_2367_phi_out_ap_vld  |  out|    1|      ap_vld|                            p_6_0_0_0131_1_2367_phi_out|       pointer|
|p_5_0_0_0130_1_2366_phi_out         |  out|    5|      ap_vld|                            p_5_0_0_0130_1_2366_phi_out|       pointer|
|p_5_0_0_0130_1_2366_phi_out_ap_vld  |  out|    1|      ap_vld|                            p_5_0_0_0130_1_2366_phi_out|       pointer|
|p_4_0_0_0129_1_2365_phi_out         |  out|    1|      ap_vld|                            p_4_0_0_0129_1_2365_phi_out|       pointer|
|p_4_0_0_0129_1_2365_phi_out_ap_vld  |  out|    1|      ap_vld|                            p_4_0_0_0129_1_2365_phi_out|       pointer|
|p_3_0_0_0128_1_2364_phi_out         |  out|    2|      ap_vld|                            p_3_0_0_0128_1_2364_phi_out|       pointer|
|p_3_0_0_0128_1_2364_phi_out_ap_vld  |  out|    1|      ap_vld|                            p_3_0_0_0128_1_2364_phi_out|       pointer|
|p_2_0_0_0127_1_2363_phi_out         |  out|    4|      ap_vld|                            p_2_0_0_0127_1_2363_phi_out|       pointer|
|p_2_0_0_0127_1_2363_phi_out_ap_vld  |  out|    1|      ap_vld|                            p_2_0_0_0127_1_2363_phi_out|       pointer|
|p_1_0_0_0126_1_2362_phi_out         |  out|    4|      ap_vld|                            p_1_0_0_0126_1_2362_phi_out|       pointer|
|p_1_0_0_0126_1_2362_phi_out_ap_vld  |  out|    1|      ap_vld|                            p_1_0_0_0126_1_2362_phi_out|       pointer|
|p_6_0_0_0131_1_1360_phi_out         |  out|    6|      ap_vld|                            p_6_0_0_0131_1_1360_phi_out|       pointer|
|p_6_0_0_0131_1_1360_phi_out_ap_vld  |  out|    1|      ap_vld|                            p_6_0_0_0131_1_1360_phi_out|       pointer|
|p_5_0_0_0130_1_1359_phi_out         |  out|    5|      ap_vld|                            p_5_0_0_0130_1_1359_phi_out|       pointer|
|p_5_0_0_0130_1_1359_phi_out_ap_vld  |  out|    1|      ap_vld|                            p_5_0_0_0130_1_1359_phi_out|       pointer|
|p_4_0_0_0129_1_1358_phi_out         |  out|    1|      ap_vld|                            p_4_0_0_0129_1_1358_phi_out|       pointer|
|p_4_0_0_0129_1_1358_phi_out_ap_vld  |  out|    1|      ap_vld|                            p_4_0_0_0129_1_1358_phi_out|       pointer|
|p_3_0_0_0128_1_1357_phi_out         |  out|    2|      ap_vld|                            p_3_0_0_0128_1_1357_phi_out|       pointer|
|p_3_0_0_0128_1_1357_phi_out_ap_vld  |  out|    1|      ap_vld|                            p_3_0_0_0128_1_1357_phi_out|       pointer|
|p_2_0_0_0127_1_1356_phi_out         |  out|    4|      ap_vld|                            p_2_0_0_0127_1_1356_phi_out|       pointer|
|p_2_0_0_0127_1_1356_phi_out_ap_vld  |  out|    1|      ap_vld|                            p_2_0_0_0127_1_1356_phi_out|       pointer|
|p_1_0_0_0126_1_1355_phi_out         |  out|    4|      ap_vld|                            p_1_0_0_0126_1_1355_phi_out|       pointer|
|p_1_0_0_0126_1_1355_phi_out_ap_vld  |  out|    1|      ap_vld|                            p_1_0_0_0126_1_1355_phi_out|       pointer|
|p_6_0_0_0131_1353_phi_out           |  out|    6|      ap_vld|                              p_6_0_0_0131_1353_phi_out|       pointer|
|p_6_0_0_0131_1353_phi_out_ap_vld    |  out|    1|      ap_vld|                              p_6_0_0_0131_1353_phi_out|       pointer|
|p_5_0_0_0130_1352_phi_out           |  out|    5|      ap_vld|                              p_5_0_0_0130_1352_phi_out|       pointer|
|p_5_0_0_0130_1352_phi_out_ap_vld    |  out|    1|      ap_vld|                              p_5_0_0_0130_1352_phi_out|       pointer|
|p_4_0_0_0129_1351_phi_out           |  out|    1|      ap_vld|                              p_4_0_0_0129_1351_phi_out|       pointer|
|p_4_0_0_0129_1351_phi_out_ap_vld    |  out|    1|      ap_vld|                              p_4_0_0_0129_1351_phi_out|       pointer|
|p_3_0_0_0128_1350_phi_out           |  out|    2|      ap_vld|                              p_3_0_0_0128_1350_phi_out|       pointer|
|p_3_0_0_0128_1350_phi_out_ap_vld    |  out|    1|      ap_vld|                              p_3_0_0_0128_1350_phi_out|       pointer|
|p_2_0_0_0127_1349_phi_out           |  out|    4|      ap_vld|                              p_2_0_0_0127_1349_phi_out|       pointer|
|p_2_0_0_0127_1349_phi_out_ap_vld    |  out|    1|      ap_vld|                              p_2_0_0_0127_1349_phi_out|       pointer|
|p_1_0_0_0126_1348_phi_out           |  out|    4|      ap_vld|                              p_1_0_0_0126_1348_phi_out|       pointer|
|p_1_0_0_0126_1348_phi_out_ap_vld    |  out|    1|      ap_vld|                              p_1_0_0_0126_1348_phi_out|       pointer|
|select_ln18_out                     |  out|    6|      ap_vld|                                        select_ln18_out|       pointer|
|select_ln18_out_ap_vld              |  out|    1|      ap_vld|                                        select_ln18_out|       pointer|
|select_ln18_1_out                   |  out|    5|      ap_vld|                                      select_ln18_1_out|       pointer|
|select_ln18_1_out_ap_vld            |  out|    1|      ap_vld|                                      select_ln18_1_out|       pointer|
|select_ln18_2_out                   |  out|    1|      ap_vld|                                      select_ln18_2_out|       pointer|
|select_ln18_2_out_ap_vld            |  out|    1|      ap_vld|                                      select_ln18_2_out|       pointer|
|select_ln18_3_out                   |  out|    2|      ap_vld|                                      select_ln18_3_out|       pointer|
|select_ln18_3_out_ap_vld            |  out|    1|      ap_vld|                                      select_ln18_3_out|       pointer|
|select_ln18_4_out                   |  out|    4|      ap_vld|                                      select_ln18_4_out|       pointer|
|select_ln18_4_out_ap_vld            |  out|    1|      ap_vld|                                      select_ln18_4_out|       pointer|
|select_ln18_5_out                   |  out|    4|      ap_vld|                                      select_ln18_5_out|       pointer|
|select_ln18_5_out_ap_vld            |  out|    1|      ap_vld|                                      select_ln18_5_out|       pointer|
|select_ln18_7_out                   |  out|    6|      ap_vld|                                      select_ln18_7_out|       pointer|
|select_ln18_7_out_ap_vld            |  out|    1|      ap_vld|                                      select_ln18_7_out|       pointer|
|select_ln18_8_out                   |  out|    5|      ap_vld|                                      select_ln18_8_out|       pointer|
|select_ln18_8_out_ap_vld            |  out|    1|      ap_vld|                                      select_ln18_8_out|       pointer|
|select_ln18_9_out                   |  out|    1|      ap_vld|                                      select_ln18_9_out|       pointer|
|select_ln18_9_out_ap_vld            |  out|    1|      ap_vld|                                      select_ln18_9_out|       pointer|
|select_ln18_10_out                  |  out|    2|      ap_vld|                                     select_ln18_10_out|       pointer|
|select_ln18_10_out_ap_vld           |  out|    1|      ap_vld|                                     select_ln18_10_out|       pointer|
|select_ln18_11_out                  |  out|    4|      ap_vld|                                     select_ln18_11_out|       pointer|
|select_ln18_11_out_ap_vld           |  out|    1|      ap_vld|                                     select_ln18_11_out|       pointer|
|select_ln18_12_out                  |  out|    4|      ap_vld|                                     select_ln18_12_out|       pointer|
|select_ln18_12_out_ap_vld           |  out|    1|      ap_vld|                                     select_ln18_12_out|       pointer|
+------------------------------------+-----+-----+------------+-------------------------------------------------------+--------------+

