

================================================================
== Vitis HLS Report for 'sobel_filter'
================================================================
* Date:           Wed Sep  9 01:53:17 2026

* Version:        2026.1 (Build 6493734 on Jun 16 2026)
* Project:        Sobel_IP
* Solution:       hls
* Product family: zynq
* Target device:  xc7z020-clg400-1


================================================================
== Performance Estimates
================================================================
+ Timing: 
    * Summary: 
    +--------+----------+----------+------------+
    |  Clock |  Target  | Estimated| Uncertainty|
    +--------+----------+----------+------------+
    |ap_clk  |  10.00 ns|  6.923 ns|     2.70 ns|
    +--------+----------+----------+------------+

+ Latency: 
    * Summary: 
    +---------+---------+----------+----------+-----+-----+---------+
    |  Latency (cycles) |  Latency (absolute) |  Interval | Pipeline|
    |   min   |   max   |    min   |    max   | min | max |   Type  |
    +---------+---------+----------+----------+-----+-----+---------+
    |        ?|        ?|         ?|         ?|    ?|    ?|       no|
    +---------+---------+----------+----------+-----+-----+---------+

    + Detail: 
        * Instance: 
        +------------------------------------------------------------------+-------------------------------------------------------+---------+---------+-----------+-----------+-----+-----+-------------------+
        |                                                                  |                                                       |  Latency (cycles) |   Latency (absolute)  |  Interval |      Pipeline     |
        |                             Instance                             |                         Module                        |   min   |   max   |    min    |    max    | min | max |        Type       |
        +------------------------------------------------------------------+-------------------------------------------------------+---------+---------+-----------+-----------+-----+-----+-------------------+
        |grp_sobel_filter_Pipeline_1_fu_846                                |sobel_filter_Pipeline_1                                |        4|        4|  40.000 ns|  40.000 ns|    0|    0|  loop pipeline stp|
        |grp_sobel_filter_Pipeline_VITIS_LOOP_18_1_VITIS_LOOP_19_2_fu_857  |sobel_filter_Pipeline_VITIS_LOOP_18_1_VITIS_LOOP_19_2  |        ?|        ?|          ?|          ?|    ?|    ?|                 no|
        +------------------------------------------------------------------+-------------------------------------------------------+---------+---------+-----------+-----------+-----+-----+-------------------+

        * Loop: 
        +----------+---------+---------+----------+-----------+-----------+------+----------+
        |          |  Latency (cycles) | Iteration|  Initiation Interval  | Trip |          |
        | Loop Name|   min   |   max   |  Latency |  achieved |   target  | Count| Pipelined|
        +----------+---------+---------+----------+-----------+-----------+------+----------+
        |- Loop 1  |       17|       17|         6|          -|          -|     3|        no|
        +----------+---------+---------+----------+-----------+-----------+------+----------+



================================================================
== Utilization Estimates
================================================================
* Summary: 
+-----------------+---------+-----+--------+-------+-----+
|       Name      | BRAM_18K| DSP |   FF   |  LUT  | URAM|
+-----------------+---------+-----+--------+-------+-----+
|DSP              |        -|    -|       -|      -|    -|
|Expression       |        -|    -|       0|    186|    -|
|FIFO             |        -|    -|       -|      -|    -|
|Instance         |        0|    4|    1324|   2211|    -|
|Memory           |        0|    -|      44|      6|    0|
|Multiplexer      |        -|    -|       0|   1202|    -|
|Register         |        -|    -|     724|      -|    -|
+-----------------+---------+-----+--------+-------+-----+
|Total            |        0|    4|    2092|   3605|    0|
+-----------------+---------+-----+--------+-------+-----+
|Available        |      280|  220|  106400|  53200|    0|
+-----------------+---------+-----+--------+-------+-----+
|Utilization (%)  |        0|    1|       1|      6|    0|
+-----------------+---------+-----+--------+-------+-----+

+ Detail: 
    * Instance: 
    +------------------------------------------------------------------+-------------------------------------------------------+---------+----+------+------+-----+
    |                             Instance                             |                         Module                        | BRAM_18K| DSP|  FF  |  LUT | URAM|
    +------------------------------------------------------------------+-------------------------------------------------------+---------+----+------+------+-----+
    |control_s_axi_U                                                   |control_s_axi                                          |        0|   0|   112|   168|    0|
    |mul_31ns_31ns_62_2_1_U132                                         |mul_31ns_31ns_62_2_1                                   |        0|   4|   141|    48|    0|
    |grp_sobel_filter_Pipeline_1_fu_846                                |sobel_filter_Pipeline_1                                |        0|   0|     4|    61|    0|
    |grp_sobel_filter_Pipeline_VITIS_LOOP_18_1_VITIS_LOOP_19_2_fu_857  |sobel_filter_Pipeline_VITIS_LOOP_18_1_VITIS_LOOP_19_2  |        0|   0|  1067|  1934|    0|
    +------------------------------------------------------------------+-------------------------------------------------------+---------+----+------+------+-----+
    |Total                                                             |                                                       |        0|   4|  1324|  2211|    0|
    +------------------------------------------------------------------+-------------------------------------------------------+---------+----+------+------+-----+

    * DSP: 
    N/A

    * Memory: 
    +---------------+---------------------------+---------+----+----+-----+------+-----+------+-------------+
    |     Memory    |           Module          | BRAM_18K| FF | LUT| URAM| Words| Bits| Banks| W*Bits*Banks|
    +---------------+---------------------------+---------+----+----+-----+------+-----+------+-------------+
    |window_dest_U  |window_dest_RAM_AUTO_1R1W  |        0|  12|   1|    0|     9|    6|     1|           54|
    |window_id_U    |window_id_RAM_AUTO_1R1W    |        0|  10|   1|    0|     9|    5|     1|           45|
    |window_keep_U  |window_keep_RAM_AUTO_1R1W  |        0|   8|   1|    0|     9|    4|     1|           36|
    |window_strb_U  |window_keep_RAM_AUTO_1R1W  |        0|   8|   1|    0|     9|    4|     1|           36|
    |window_last_U  |window_last_RAM_AUTO_1R1W  |        0|   2|   1|    0|     9|    1|     1|            9|
    |window_user_U  |window_user_RAM_AUTO_1R1W  |        0|   4|   1|    0|     9|    2|     1|           18|
    +---------------+---------------------------+---------+----+----+-----+------+-----+------+-------------+
    |Total          |                           |        0|  44|   6|    0|    54|   22|     6|          198|
    +---------------+---------------------------+---------+----+----+-----+------+-----+------+-------------+

    * FIFO: 
    N/A

    * Expression: 
    +----------------------------------------------------------------------------------+----------+----+---+----+------------+------------+
    |                                   Variable Name                                  | Operation| DSP| FF| LUT| Bitwidth P0| Bitwidth P1|
    +----------------------------------------------------------------------------------+----------+----+---+----+------------+------------+
    |add_ln17_1_fu_1054_p2                                                             |         +|   0|  0|  10|           2|           1|
    |sub_ln17_fu_1047_p2                                                               |         -|   0|  0|  11|           3|           3|
    |grp_sobel_filter_Pipeline_VITIS_LOOP_18_1_VITIS_LOOP_19_2_fu_857_output_r_TREADY  |       and|   0|  0|   2|           1|           1|
    |empty_16_fu_1071_p2                                                               |      icmp|   0|  0|  39|          32|           1|
    |icmp_ln17_fu_1060_p2                                                              |      icmp|   0|  0|  11|           2|           3|
    |icmp_ln19_fu_1076_p2                                                              |      icmp|   0|  0|  39|          32|           1|
    |window_dest_we0                                                                   |        or|   0|  0|   2|           1|           1|
    |window_id_we0                                                                     |        or|   0|  0|   2|           1|           1|
    |window_keep_we0                                                                   |        or|   0|  0|   2|           1|           1|
    |window_last_we0                                                                   |        or|   0|  0|   2|           1|           1|
    |window_strb_we0                                                                   |        or|   0|  0|   2|           1|           1|
    |window_user_we0                                                                   |        or|   0|  0|   2|           1|           1|
    |smax1_fu_1088_p3                                                                  |    select|   0|  0|  31|           1|          31|
    |smax_fu_1081_p3                                                                   |    select|   0|  0|  31|           1|          31|
    +----------------------------------------------------------------------------------+----------+----+---+----+------------+------------+
    |Total                                                                             |          |   0|  0| 186|          80|          78|
    +----------------------------------------------------------------------------------+----------+----+---+----+------------+------------+

    * Multiplexer: 
    +-----------------------------+----+-----------+-----+-----------+
    |             Name            | LUT| Input Size| Bits| Total Bits|
    +-----------------------------+----+-----------+-----+-----------+
    |ap_NS_fsm                    |  65|         16|    1|         16|
    |indvars_iv572_fu_104         |   9|          2|    2|          4|
    |input_r_TREADY_int_regslice  |   9|          2|    1|          2|
    |output_r_TDATA_int_regslice  |   9|          2|   32|         64|
    |output_r_TDEST_int_regslice  |   9|          2|    6|         12|
    |output_r_TID_int_regslice    |   9|          2|    5|         10|
    |output_r_TKEEP_int_regslice  |   9|          2|    4|          8|
    |output_r_TLAST_int_regslice  |   9|          2|    1|          2|
    |output_r_TSTRB_int_regslice  |   9|          2|    4|          8|
    |output_r_TUSER_int_regslice  |   9|          2|    2|          4|
    |window_dest_address0         |   9|          2|    4|          8|
    |window_dest_address0_local   |  42|          8|    4|         32|
    |window_dest_address1_local   |  42|          8|    4|         32|
    |window_dest_ce0              |   9|          2|    1|          2|
    |window_dest_d0               |   9|          2|    6|         12|
    |window_dest_d0_local         |  25|          5|    6|         30|
    |window_dest_d1_local         |  31|          6|    6|         36|
    |window_dest_we0              |   9|          2|    1|          2|
    |window_id_address0           |   9|          2|    4|          8|
    |window_id_address0_local     |  42|          8|    4|         32|
    |window_id_address1_local     |  42|          8|    4|         32|
    |window_id_ce0                |   9|          2|    1|          2|
    |window_id_d0                 |   9|          2|    5|         10|
    |window_id_d0_local           |  25|          5|    5|         25|
    |window_id_d1_local           |  31|          6|    5|         30|
    |window_id_we0                |   9|          2|    1|          2|
    |window_keep_address0         |   9|          2|    4|          8|
    |window_keep_address0_local   |  42|          8|    4|         32|
    |window_keep_address1_local   |  42|          8|    4|         32|
    |window_keep_ce0              |   9|          2|    1|          2|
    |window_keep_d0               |   9|          2|    4|          8|
    |window_keep_d0_local         |  25|          5|    4|         20|
    |window_keep_d1_local         |  31|          6|    4|         24|
    |window_keep_we0              |   9|          2|    1|          2|
    |window_last_address0         |   9|          2|    4|          8|
    |window_last_address0_local   |  42|          8|    4|         32|
    |window_last_address1_local   |  42|          8|    4|         32|
    |window_last_ce0              |   9|          2|    1|          2|
    |window_last_d0               |   9|          2|    1|          2|
    |window_last_d0_local         |  25|          5|    1|          5|
    |window_last_d1_local         |  31|          6|    1|          6|
    |window_last_we0              |   9|          2|    1|          2|
    |window_strb_address0         |   9|          2|    4|          8|
    |window_strb_address0_local   |  42|          8|    4|         32|
    |window_strb_address1_local   |  42|          8|    4|         32|
    |window_strb_ce0              |   9|          2|    1|          2|
    |window_strb_d0               |   9|          2|    4|          8|
    |window_strb_d0_local         |  25|          5|    4|         20|
    |window_strb_d1_local         |  31|          6|    4|         24|
    |window_strb_we0              |   9|          2|    1|          2|
    |window_user_address0         |   9|          2|    4|          8|
    |window_user_address0_local   |  42|          8|    4|         32|
    |window_user_address1_local   |  42|          8|    4|         32|
    |window_user_ce0              |   9|          2|    1|          2|
    |window_user_d0               |   9|          2|    2|          4|
    |window_user_d0_local         |  25|          5|    2|         10|
    |window_user_d1_local         |  31|          6|    2|         12|
    |window_user_we0              |   9|          2|    1|          2|
    +-----------------------------+----+-----------+-----+-----------+
    |Total                        |1202|        244|  208|        872|
    +-----------------------------+----+-----------+-----+-----------+

    * Register: 
    +-------------------------------------------------------------------------------+----+----+-----+-----------+
    |                                      Name                                     | FF | LUT| Bits| Const Bits|
    +-------------------------------------------------------------------------------+----+----+-----+-----------+
    |ap_CS_fsm                                                                      |  15|   0|   15|          0|
    |cols_read_reg_1283                                                             |  32|   0|   32|          0|
    |empty_15_reg_1299                                                              |  31|   0|   31|          0|
    |empty_16_reg_1937                                                              |   1|   0|    1|          0|
    |empty_reg_1294                                                                 |  31|   0|   31|          0|
    |grp_sobel_filter_Pipeline_1_fu_846_ap_start_reg                                |   1|   0|    1|          0|
    |grp_sobel_filter_Pipeline_VITIS_LOOP_18_1_VITIS_LOOP_19_2_fu_857_ap_start_reg  |   1|   0|    1|          0|
    |icmp_ln17_reg_1933                                                             |   1|   0|    1|          0|
    |indvars_iv572_fu_104                                                           |   2|   0|    2|          0|
    |mul_ln28_reg_2172                                                              |  62|   0|   62|          0|
    |output_r_TDATA_reg                                                             |  32|   0|   32|          0|
    |output_r_TDEST_reg                                                             |   6|   0|    6|          0|
    |output_r_TID_reg                                                               |   5|   0|    5|          0|
    |output_r_TKEEP_reg                                                             |   4|   0|    4|          0|
    |output_r_TLAST_reg                                                             |   1|   0|    1|          0|
    |output_r_TSTRB_reg                                                             |   4|   0|    4|          0|
    |output_r_TUSER_reg                                                             |   2|   0|    2|          0|
    |p_1_0_0_0126_1348_loc_fu_228                                                   |   4|   0|    4|          0|
    |p_1_0_0_0126_1348_phi_loc_fu_156                                               |   4|   0|    4|          0|
    |p_1_0_0_0126_1370_loc_fu_252                                                   |   4|   0|    4|          0|
    |p_1_0_0_0126_1_1355_phi_loc_fu_180                                             |   4|   0|    4|          0|
    |p_1_0_0_0126_1_1384_loc_fu_276                                                 |   4|   0|    4|          0|
    |p_1_0_0_0126_1_2362_phi_loc_fu_204                                             |   4|   0|    4|          0|
    |p_1_0_0_0126_1_2397_loc_fu_300                                                 |   4|   0|    4|          0|
    |p_2_0_0_0127_1349_loc_fu_232                                                   |   4|   0|    4|          0|
    |p_2_0_0_0127_1349_phi_loc_fu_160                                               |   4|   0|    4|          0|
    |p_2_0_0_0127_1372_loc_fu_256                                                   |   4|   0|    4|          0|
    |p_2_0_0_0127_1_1356_phi_loc_fu_184                                             |   4|   0|    4|          0|
    |p_2_0_0_0127_1_1386_loc_fu_280                                                 |   4|   0|    4|          0|
    |p_2_0_0_0127_1_2363_phi_loc_fu_208                                             |   4|   0|    4|          0|
    |p_2_0_0_0127_1_2398_loc_fu_304                                                 |   4|   0|    4|          0|
    |p_3_0_0_0128_1350_loc_fu_236                                                   |   2|   0|    2|          0|
    |p_3_0_0_0128_1350_phi_loc_fu_164                                               |   2|   0|    2|          0|
    |p_3_0_0_0128_1374_loc_fu_260                                                   |   2|   0|    2|          0|
    |p_3_0_0_0128_1_1357_phi_loc_fu_188                                             |   2|   0|    2|          0|
    |p_3_0_0_0128_1_1388_loc_fu_284                                                 |   2|   0|    2|          0|
    |p_3_0_0_0128_1_2364_phi_loc_fu_212                                             |   2|   0|    2|          0|
    |p_3_0_0_0128_1_2399_loc_fu_308                                                 |   2|   0|    2|          0|
    |p_4_0_0_0129_1351_loc_fu_240                                                   |   1|   0|    1|          0|
    |p_4_0_0_0129_1351_phi_loc_fu_168                                               |   1|   0|    1|          0|
    |p_4_0_0_0129_1376_loc_fu_264                                                   |   1|   0|    1|          0|
    |p_4_0_0_0129_1_1358_phi_loc_fu_192                                             |   1|   0|    1|          0|
    |p_4_0_0_0129_1_1390_loc_fu_288                                                 |   1|   0|    1|          0|
    |p_4_0_0_0129_1_2365_phi_loc_fu_216                                             |   1|   0|    1|          0|
    |p_4_0_0_0129_1_2400_loc_fu_312                                                 |   1|   0|    1|          0|
    |p_5_0_0_0130_1352_loc_fu_244                                                   |   5|   0|    5|          0|
    |p_5_0_0_0130_1352_phi_loc_fu_172                                               |   5|   0|    5|          0|
    |p_5_0_0_0130_1378_loc_fu_268                                                   |   5|   0|    5|          0|
    |p_5_0_0_0130_1_1359_phi_loc_fu_196                                             |   5|   0|    5|          0|
    |p_5_0_0_0130_1_1392_loc_fu_292                                                 |   5|   0|    5|          0|
    |p_5_0_0_0130_1_2366_phi_loc_fu_220                                             |   5|   0|    5|          0|
    |p_5_0_0_0130_1_2401_loc_fu_316                                                 |   5|   0|    5|          0|
    |p_6_0_0_0131_1353_loc_fu_248                                                   |   6|   0|    6|          0|
    |p_6_0_0_0131_1353_phi_loc_fu_176                                               |   6|   0|    6|          0|
    |p_6_0_0_0131_1380_loc_fu_272                                                   |   6|   0|    6|          0|
    |p_6_0_0_0131_1_1360_phi_loc_fu_200                                             |   6|   0|    6|          0|
    |p_6_0_0_0131_1_1394_loc_fu_296                                                 |   6|   0|    6|          0|
    |p_6_0_0_0131_1_2367_phi_loc_fu_224                                             |   6|   0|    6|          0|
    |p_6_0_0_0131_1_2402_loc_fu_320                                                 |   6|   0|    6|          0|
    |rows_read_reg_1289                                                             |  32|   0|   32|          0|
    |select_ln18_10_loc_fu_116                                                      |   2|   0|    2|          0|
    |select_ln18_11_loc_fu_112                                                      |   4|   0|    4|          0|
    |select_ln18_12_loc_fu_108                                                      |   4|   0|    4|          0|
    |select_ln18_1_loc_fu_148                                                       |   5|   0|    5|          0|
    |select_ln18_2_loc_fu_144                                                       |   1|   0|    1|          0|
    |select_ln18_3_loc_fu_140                                                       |   2|   0|    2|          0|
    |select_ln18_4_loc_fu_136                                                       |   4|   0|    4|          0|
    |select_ln18_5_loc_fu_132                                                       |   4|   0|    4|          0|
    |select_ln18_7_loc_fu_128                                                       |   6|   0|    6|          0|
    |select_ln18_8_loc_fu_124                                                       |   5|   0|    5|          0|
    |select_ln18_9_loc_fu_120                                                       |   1|   0|    1|          0|
    |select_ln18_loc_fu_152                                                         |   6|   0|    6|          0|
    |smax1_reg_2037                                                                 |  31|   0|   31|          0|
    |smax_reg_2032                                                                  |  31|   0|   31|          0|
    |sub_ln17_reg_1928                                                              |   3|   0|    3|          0|
    |window_dest_load_1_reg_1997                                                    |   6|   0|    6|          0|
    |window_dest_load_2_reg_2027                                                    |   6|   0|    6|          0|
    |window_dest_load_3_reg_2067                                                    |   6|   0|    6|          0|
    |window_dest_load_4_reg_2097                                                    |   6|   0|    6|          0|
    |window_dest_load_5_reg_2137                                                    |   6|   0|    6|          0|
    |window_dest_load_6_reg_2167                                                    |   6|   0|    6|          0|
    |window_dest_load_7_reg_2202                                                    |   6|   0|    6|          0|
    |window_dest_load_8_reg_2232                                                    |   6|   0|    6|          0|
    |window_dest_load_reg_1967                                                      |   6|   0|    6|          0|
    |window_id_load_1_reg_1992                                                      |   5|   0|    5|          0|
    |window_id_load_2_reg_2022                                                      |   5|   0|    5|          0|
    |window_id_load_3_reg_2062                                                      |   5|   0|    5|          0|
    |window_id_load_4_reg_2092                                                      |   5|   0|    5|          0|
    |window_id_load_5_reg_2132                                                      |   5|   0|    5|          0|
    |window_id_load_6_reg_2162                                                      |   5|   0|    5|          0|
    |window_id_load_7_reg_2197                                                      |   5|   0|    5|          0|
    |window_id_load_8_reg_2227                                                      |   5|   0|    5|          0|
    |window_id_load_reg_1962                                                        |   5|   0|    5|          0|
    |window_keep_load_1_reg_1972                                                    |   4|   0|    4|          0|
    |window_keep_load_2_reg_2002                                                    |   4|   0|    4|          0|
    |window_keep_load_3_reg_2042                                                    |   4|   0|    4|          0|
    |window_keep_load_4_reg_2072                                                    |   4|   0|    4|          0|
    |window_keep_load_5_reg_2112                                                    |   4|   0|    4|          0|
    |window_keep_load_6_reg_2142                                                    |   4|   0|    4|          0|
    |window_keep_load_7_reg_2177                                                    |   4|   0|    4|          0|
    |window_keep_load_8_reg_2207                                                    |   4|   0|    4|          0|
    |window_keep_load_reg_1942                                                      |   4|   0|    4|          0|
    |window_last_load_1_reg_1987                                                    |   1|   0|    1|          0|
    |window_last_load_2_reg_2017                                                    |   1|   0|    1|          0|
    |window_last_load_3_reg_2057                                                    |   1|   0|    1|          0|
    |window_last_load_4_reg_2087                                                    |   1|   0|    1|          0|
    |window_last_load_5_reg_2127                                                    |   1|   0|    1|          0|
    |window_last_load_6_reg_2157                                                    |   1|   0|    1|          0|
    |window_last_load_7_reg_2192                                                    |   1|   0|    1|          0|
    |window_last_load_8_reg_2222                                                    |   1|   0|    1|          0|
    |window_last_load_reg_1957                                                      |   1|   0|    1|          0|
    |window_strb_load_1_reg_1977                                                    |   4|   0|    4|          0|
    |window_strb_load_2_reg_2007                                                    |   4|   0|    4|          0|
    |window_strb_load_3_reg_2047                                                    |   4|   0|    4|          0|
    |window_strb_load_4_reg_2077                                                    |   4|   0|    4|          0|
    |window_strb_load_5_reg_2117                                                    |   4|   0|    4|          0|
    |window_strb_load_6_reg_2147                                                    |   4|   0|    4|          0|
    |window_strb_load_7_reg_2182                                                    |   4|   0|    4|          0|
    |window_strb_load_8_reg_2212                                                    |   4|   0|    4|          0|
    |window_strb_load_reg_1947                                                      |   4|   0|    4|          0|
    |window_user_load_1_reg_1982                                                    |   2|   0|    2|          0|
    |window_user_load_2_reg_2012                                                    |   2|   0|    2|          0|
    |window_user_load_3_reg_2052                                                    |   2|   0|    2|          0|
    |window_user_load_4_reg_2082                                                    |   2|   0|    2|          0|
    |window_user_load_5_reg_2122                                                    |   2|   0|    2|          0|
    |window_user_load_6_reg_2152                                                    |   2|   0|    2|          0|
    |window_user_load_7_reg_2187                                                    |   2|   0|    2|          0|
    |window_user_load_8_reg_2217                                                    |   2|   0|    2|          0|
    |window_user_load_reg_1952                                                      |   2|   0|    2|          0|
    +-------------------------------------------------------------------------------+----+----+-----+-----------+
    |Total                                                                          | 724|   0|  724|          0|
    +-------------------------------------------------------------------------------+----+----+-----+-----------+



================================================================
== Interface
================================================================
* Summary: 
+-----------------------+-----+-----+------------+-------------------+--------------+
|       RTL Ports       | Dir | Bits|  Protocol  |   Source Object   |    C Type    |
+-----------------------+-----+-----+------------+-------------------+--------------+
|s_axi_control_AWVALID  |   in|    1|       s_axi|            control|        scalar|
|s_axi_control_AWREADY  |  out|    1|       s_axi|            control|        scalar|
|s_axi_control_AWADDR   |   in|    5|       s_axi|            control|        scalar|
|s_axi_control_WVALID   |   in|    1|       s_axi|            control|        scalar|
|s_axi_control_WREADY   |  out|    1|       s_axi|            control|        scalar|
|s_axi_control_WDATA    |   in|   32|       s_axi|            control|        scalar|
|s_axi_control_WSTRB    |   in|    4|       s_axi|            control|        scalar|
|s_axi_control_ARVALID  |   in|    1|       s_axi|            control|        scalar|
|s_axi_control_ARREADY  |  out|    1|       s_axi|            control|        scalar|
|s_axi_control_ARADDR   |   in|    5|       s_axi|            control|        scalar|
|s_axi_control_RVALID   |  out|    1|       s_axi|            control|        scalar|
|s_axi_control_RREADY   |   in|    1|       s_axi|            control|        scalar|
|s_axi_control_RDATA    |  out|   32|       s_axi|            control|        scalar|
|s_axi_control_RRESP    |  out|    2|       s_axi|            control|        scalar|
|s_axi_control_BVALID   |  out|    1|       s_axi|            control|        scalar|
|s_axi_control_BREADY   |   in|    1|       s_axi|            control|        scalar|
|s_axi_control_BRESP    |  out|    2|       s_axi|            control|        scalar|
|ap_clk                 |   in|    1|  ap_ctrl_hs|       sobel_filter|  return value|
|ap_rst_n               |   in|    1|  ap_ctrl_hs|       sobel_filter|  return value|
|interrupt              |  out|    1|  ap_ctrl_hs|       sobel_filter|  return value|
|input_r_TDATA          |   in|   32|        axis|   input_r_V_data_V|       pointer|
|input_r_TVALID         |   in|    1|        axis|   input_r_V_dest_V|       pointer|
|input_r_TREADY         |  out|    1|        axis|   input_r_V_dest_V|       pointer|
|input_r_TDEST          |   in|    6|        axis|   input_r_V_dest_V|       pointer|
|input_r_TKEEP          |   in|    4|        axis|   input_r_V_keep_V|       pointer|
|input_r_TSTRB          |   in|    4|        axis|   input_r_V_strb_V|       pointer|
|input_r_TUSER          |   in|    2|        axis|   input_r_V_user_V|       pointer|
|input_r_TLAST          |   in|    1|        axis|   input_r_V_last_V|       pointer|
|input_r_TID            |   in|    5|        axis|     input_r_V_id_V|       pointer|
|output_r_TDATA         |  out|   32|        axis|  output_r_V_data_V|       pointer|
|output_r_TVALID        |  out|    1|        axis|  output_r_V_dest_V|       pointer|
|output_r_TREADY        |   in|    1|        axis|  output_r_V_dest_V|       pointer|
|output_r_TDEST         |  out|    6|        axis|  output_r_V_dest_V|       pointer|
|output_r_TKEEP         |  out|    4|        axis|  output_r_V_keep_V|       pointer|
|output_r_TSTRB         |  out|    4|        axis|  output_r_V_strb_V|       pointer|
|output_r_TUSER         |  out|    2|        axis|  output_r_V_user_V|       pointer|
|output_r_TLAST         |  out|    1|        axis|  output_r_V_last_V|       pointer|
|output_r_TID           |  out|    5|        axis|    output_r_V_id_V|       pointer|
+-----------------------+-----+-----+------------+-------------------+--------------+

