Copyright 1986-2022 Xilinx, Inc. All Rights Reserved. Copyright 2022-2026 Advanced Micro Devices, Inc. All Rights Reserved.
---------------------------------------------------------------------------------------------------------------------------------------------
| Tool Version : Vivado v.2026.1 (win64) Build 6511674 Tue Jun 16 11:02:23 MDT 2026
| Date         : Tue Sep 22 20:13:29 2026
| Host         : DESKTOP-55UAODO running 64-bit major release  (build 9200)
| Command      : report_control_sets -verbose -file bd_0_wrapper_control_sets_placed.rpt
| Design       : bd_0_wrapper
| Device       : xc7z020
---------------------------------------------------------------------------------------------------------------------------------------------

Control Set Information

Table of Contents
-----------------
1. Summary
2. Histogram
3. Flip-Flop Distribution
4. Detailed Control Set Information

1. Summary
----------

+----------------------------------------------------------+-------+
|                          Status                          | Count |
+----------------------------------------------------------+-------+
| Total control sets                                       |    35 |
|    Minimum number of control sets                        |    35 |
|    Addition due to synthesis replication                 |     0 |
|    Addition due to physical synthesis replication        |     0 |
| Unused register locations in slices containing registers |    85 |
+----------------------------------------------------------+-------+
* Control sets can be merged at opt_design using control_set_merge or merge_equivalent_drivers
** Run report_qor_suggestions for automated merging and remapping suggestions


2. Histogram
------------

+--------------------+-------+
|       Fanout       | Count |
+--------------------+-------+
| Total control sets |    35 |
| >= 0 to < 4        |     0 |
| >= 4 to < 6        |    12 |
| >= 6 to < 8        |     4 |
| >= 8 to < 10       |     0 |
| >= 10 to < 12      |     1 |
| >= 12 to < 14      |     0 |
| >= 14 to < 16      |     0 |
| >= 16              |    18 |
+--------------------+-------+
* Control sets can be remapped at either synth_design or opt_design


3. Flip-Flop Distribution
-------------------------

+--------------+-----------------------+------------------------+-----------------+--------------+
| Clock Enable | Synchronous Set/Reset | Asynchronous Set/Reset | Total Registers | Total Slices |
+--------------+-----------------------+------------------------+-----------------+--------------+
| No           | No                    | No                     |              57 |           20 |
| No           | No                    | Yes                    |               0 |            0 |
| No           | Yes                   | No                     |              74 |           24 |
| Yes          | No                    | No                     |             857 |          203 |
| Yes          | No                    | Yes                    |               0 |            0 |
| Yes          | Yes                   | No                     |             287 |           77 |
+--------------+-----------------------+------------------------+-----------------+--------------+


4. Detailed Control Set Information
-----------------------------------

+--------------+------------------------------------------------------------------------------------------------------------------+----------------------------------------------------------------------------------------------------------------------------------------------------------------------------------------------------------------+------------------+----------------+--------------+
| Clock Signal |                                                   Enable Signal                                                  |                                                                                                Set/Reset Signal                                                                                                | Slice Load Count | Bel Load Count | Bels / Slice |
+--------------+------------------------------------------------------------------------------------------------------------------+----------------------------------------------------------------------------------------------------------------------------------------------------------------------------------------------------------------+------------------+----------------+--------------+
|  ap_clk      | bd_0_i/hls_inst/inst/regslice_both_Output_r_V_keep_V_U/load_p1                                                   |                                                                                                                                                                                                                |                2 |              4 |         2.00 |
|  ap_clk      | bd_0_i/hls_inst/inst/regslice_both_Input_r_V_strb_V_U/load_p1                                                    |                                                                                                                                                                                                                |                1 |              4 |         4.00 |
|  ap_clk      | bd_0_i/hls_inst/inst/grp_Sobel_Filter_Pipeline_VITIS_LOOP_26_1_VITIS_LOOP_28_2_fu_86/ack_in_t_reg_1[0]           |                                                                                                                                                                                                                |                1 |              4 |         4.00 |
|  ap_clk      | bd_0_i/hls_inst/inst/regslice_both_Input_r_V_strb_V_U/load_p2                                                    |                                                                                                                                                                                                                |                1 |              4 |         4.00 |
|  ap_clk      | bd_0_i/hls_inst/inst/regslice_both_Input_r_V_keep_V_U/load_p2                                                    |                                                                                                                                                                                                                |                1 |              4 |         4.00 |
|  ap_clk      | bd_0_i/hls_inst/inst/regslice_both_Input_r_V_keep_V_U/load_p1                                                    |                                                                                                                                                                                                                |                1 |              4 |         4.00 |
|  ap_clk      | bd_0_i/hls_inst/inst/grp_Sobel_Filter_Pipeline_VITIS_LOOP_26_1_VITIS_LOOP_28_2_fu_86/ack_in_t_reg_0[0]           |                                                                                                                                                                                                                |                1 |              4 |         4.00 |
|  ap_clk      | bd_0_i/hls_inst/inst/regslice_both_Output_r_V_strb_V_U/load_p1                                                   |                                                                                                                                                                                                                |                1 |              4 |         4.00 |
|  ap_clk      | bd_0_i/hls_inst/inst/grp_Sobel_Filter_Pipeline_VITIS_LOOP_26_1_VITIS_LOOP_28_2_fu_86/ack_in_t_reg_2[0]           |                                                                                                                                                                                                                |                1 |              5 |         5.00 |
|  ap_clk      | bd_0_i/hls_inst/inst/regslice_both_Input_r_V_id_V_U/load_p1                                                      |                                                                                                                                                                                                                |                2 |              5 |         2.50 |
|  ap_clk      | bd_0_i/hls_inst/inst/regslice_both_Input_r_V_id_V_U/load_p2                                                      |                                                                                                                                                                                                                |                1 |              5 |         5.00 |
|  ap_clk      | bd_0_i/hls_inst/inst/regslice_both_Output_r_V_id_V_U/load_p1                                                     |                                                                                                                                                                                                                |                2 |              5 |         2.50 |
|  ap_clk      | bd_0_i/hls_inst/inst/regslice_both_Output_r_V_dest_V_U/load_p1                                                   |                                                                                                                                                                                                                |                3 |              6 |         2.00 |
|  ap_clk      | bd_0_i/hls_inst/inst/grp_Sobel_Filter_Pipeline_VITIS_LOOP_26_1_VITIS_LOOP_28_2_fu_86/ack_in_t_reg_3[0]           |                                                                                                                                                                                                                |                1 |              6 |         6.00 |
|  ap_clk      | bd_0_i/hls_inst/inst/regslice_both_Input_r_V_dest_V_U/load_p1                                                    |                                                                                                                                                                                                                |                2 |              6 |         3.00 |
|  ap_clk      | bd_0_i/hls_inst/inst/regslice_both_Input_r_V_dest_V_U/load_p2                                                    |                                                                                                                                                                                                                |                1 |              6 |         6.00 |
|  ap_clk      | bd_0_i/hls_inst/inst/grp_Sobel_Filter_Pipeline_VITIS_LOOP_26_1_VITIS_LOOP_28_2_fu_86/ap_block_pp0_stage0_subdone | bd_0_i/hls_inst/inst/grp_Sobel_Filter_Pipeline_VITIS_LOOP_26_1_VITIS_LOOP_28_2_fu_86/Line_Buffer_data_addr_reg_735[10]_i_1_n_0                                                                                 |                4 |             11 |         2.75 |
|  ap_clk      | bd_0_i/hls_inst/inst/grp_Sobel_Filter_Pipeline_VITIS_LOOP_26_1_VITIS_LOOP_28_2_fu_86/J_fu_124[10]_i_2_n_0        | bd_0_i/hls_inst/inst/grp_Sobel_Filter_Pipeline_VITIS_LOOP_26_1_VITIS_LOOP_28_2_fu_86/flow_control_loop_pipe_sequential_init_U/grp_Sobel_Filter_Pipeline_VITIS_LOOP_26_1_VITIS_LOOP_28_2_fu_86_ap_start_reg_reg |                6 |             22 |         3.67 |
|  ap_clk      | bd_0_i/hls_inst/inst/grp_Sobel_Filter_Pipeline_VITIS_LOOP_26_1_VITIS_LOOP_28_2_fu_86/Output_r_TDATA_reg1         |                                                                                                                                                                                                                |                9 |             23 |         2.56 |
|  ap_clk      | bd_0_i/hls_inst/inst/regslice_both_Input_r_V_data_V_U/load_p1                                                    |                                                                                                                                                                                                                |                9 |             32 |         3.56 |
|  ap_clk      | bd_0_i/hls_inst/inst/regslice_both_Input_r_V_data_V_U/load_p2                                                    |                                                                                                                                                                                                                |                8 |             32 |         4.00 |
|  ap_clk      | bd_0_i/hls_inst/inst/regslice_both_Output_r_V_data_V_U/load_p1                                                   |                                                                                                                                                                                                                |               10 |             32 |         3.20 |
|  ap_clk      | bd_0_i/hls_inst/inst/grp_Sobel_Filter_Pipeline_VITIS_LOOP_26_1_VITIS_LOOP_28_2_fu_86/Output_r_TDATA_reg1         | bd_0_i/hls_inst/inst/grp_Sobel_Filter_Pipeline_VITIS_LOOP_26_1_VITIS_LOOP_28_2_fu_86/ack_in_t_reg                                                                                                              |                8 |             32 |         4.00 |
|  ap_clk      | bd_0_i/hls_inst/inst/grp_Sobel_Filter_Pipeline_VITIS_LOOP_26_1_VITIS_LOOP_28_2_fu_86/E[0]                        |                                                                                                                                                                                                                |               13 |             32 |         2.46 |
|  ap_clk      | bd_0_i/hls_inst/inst/control_s_axi_U/ar_hs                                                                       | bd_0_i/hls_inst/inst/control_s_axi_U/rdata[31]_i_1_n_0                                                                                                                                                         |               13 |             32 |         2.46 |
|  ap_clk      | bd_0_i/hls_inst/inst/control_s_axi_U/int_Cols[31]_i_1_n_0                                                        | bd_0_i/hls_inst/inst/control_s_axi_U/SR[0]                                                                                                                                                                     |                7 |             32 |         4.57 |
|  ap_clk      | bd_0_i/hls_inst/inst/control_s_axi_U/int_Rows[31]_i_1_n_0                                                        | bd_0_i/hls_inst/inst/control_s_axi_U/SR[0]                                                                                                                                                                     |                6 |             32 |         5.33 |
|  ap_clk      | bd_0_i/hls_inst/inst/ap_CS_fsm_state1                                                                            |                                                                                                                                                                                                                |               11 |             32 |         2.91 |
|  ap_clk      |                                                                                                                  |                                                                                                                                                                                                                |               20 |             57 |         2.85 |
|  ap_clk      | bd_0_i/hls_inst/inst/ap_CS_fsm_state3                                                                            |                                                                                                                                                                                                                |               14 |             62 |         4.43 |
|  ap_clk      | bd_0_i/hls_inst/inst/grp_Sobel_Filter_Pipeline_VITIS_LOOP_26_1_VITIS_LOOP_28_2_fu_86/indvar_flatten_fu_128       | bd_0_i/hls_inst/inst/grp_Sobel_Filter_Pipeline_VITIS_LOOP_26_1_VITIS_LOOP_28_2_fu_86/flow_control_loop_pipe_sequential_init_U/grp_Sobel_Filter_Pipeline_VITIS_LOOP_26_1_VITIS_LOOP_28_2_fu_86_ap_start_reg_reg |               16 |             62 |         3.88 |
|  ap_clk      | bd_0_i/hls_inst/inst/grp_Sobel_Filter_Pipeline_VITIS_LOOP_26_1_VITIS_LOOP_28_2_fu_86/reuse_reg20_fu_100          | bd_0_i/hls_inst/inst/grp_Sobel_Filter_Pipeline_VITIS_LOOP_26_1_VITIS_LOOP_28_2_fu_86/flow_control_loop_pipe_sequential_init_U/grp_Sobel_Filter_Pipeline_VITIS_LOOP_26_1_VITIS_LOOP_28_2_fu_86_ap_start_reg_reg |               17 |             64 |         3.76 |
|  ap_clk      |                                                                                                                  | bd_0_i/hls_inst/inst/control_s_axi_U/SR[0]                                                                                                                                                                     |               24 |             74 |         3.08 |
|  ap_clk      | bd_0_i/hls_inst/inst/grp_Sobel_Filter_Pipeline_VITIS_LOOP_26_1_VITIS_LOOP_28_2_fu_86/Line_Buffer_data_U/E[0]     |                                                                                                                                                                                                                |               35 |            190 |         5.43 |
|  ap_clk      | bd_0_i/hls_inst/inst/grp_Sobel_Filter_Pipeline_VITIS_LOOP_26_1_VITIS_LOOP_28_2_fu_86/ap_block_pp0_stage0_subdone |                                                                                                                                                                                                                |               72 |            370 |         5.14 |
+--------------+------------------------------------------------------------------------------------------------------------------+----------------------------------------------------------------------------------------------------------------------------------------------------------------------------------------------------------------+------------------+----------------+--------------+


