================================================================
== Vivado Place & Route Results
================================================================
+ General Information:
    * Date:            Wed Sep 23 01:34:28 +0530 2026
    * Version:         2026.1 (Build 6493734 on Jun 16 2026)
    * Project:         Gaussian_Filter_IP
    * Solution:        hls
    * Product family:  zynq
    * Target device:   xc7z020-clg400-1


================================================================
== Run Constraints & Options
================================================================
+ Design Constraints & Options:
    * Place & Route target clock:  10 ns
    * C-Synthesis uncertainty:     27%

+ RTL Synthesis Options:
    * config_export -vivado_synth_strategy:     default
    * config_export -vivado_synth_design_args:  -directive sdx_optimization_effort_high

+ Place & Route Options:
    * config_export -vivado_impl_strategy:  default
    * config_export -vivado_phys_opt:       auto

+ Reporting Options:
    * config_export -vivado_report_level:      2
    * config_export -vivado_max_timing_paths:  10


================================================================
== Place & Route Resource Summary
================================================================
LUT:              701
FF:               1329
DSP:              4
BRAM:             8
URAM:             0
SRL:              20


================================================================
== Place & Route Timing Summary
================================================================
* Timing was met
+----------------+-------------+
| Timing         | Period (ns) |
+----------------+-------------+
| Target         | 10.000      |
| Post-Synthesis | 5.894       |
| Post-Route     | 6.542       |
+----------------+-------------+


================================================================
== Place & Route Resources
================================================================
+--------------------------------------------------------------------------+-----+----+-----+------+------+-----+--------+------+---------+----------+--------+
| Name                                                                     | LUT | FF | DSP | BRAM | URAM | SRL | Pragma | Impl | Latency | Variable | Source |
+--------------------------------------------------------------------------+-----+----+-----+------+------+-----+--------+------+---------+----------+--------+
| inst                                                                     |     |    |     |      |      | 20  |        |      |         |          |        |
|   control_s_axi_U                                                        |     |    |     |      |      |     |        |      |         |          |        |
|   grp_Gaussian_Filter_Pipeline_VITIS_LOOP_25_1_VITIS_LOOP_27_2_fu_86     |     |    |     |      |      | 20  |        |      |         |          |        |
|     (grp_Gaussian_Filter_Pipeline_VITIS_LOOP_25_1_VITIS_LOOP_27_2_fu_86) |     |    |     |      |      | 20  |        |      |         |          |        |
|     Line_Buffer_data_1_U                                                 |     |    |     |      |      |     |        |      |         |          |        |
|     Line_Buffer_data_U                                                   |     |    |     |      |      |     |        |      |         |          |        |
|     flow_control_loop_pipe_sequential_init_U                             |     |    |     |      |      |     |        |      |         |          |        |
|   mul_31ns_31ns_62_2_1_U18                                               |     |    |     |      |      |     |        |      |         |          |        |
|   regslice_both_Input_r_V_data_V_U                                       |     |    |     |      |      |     |        |      |         |          |        |
|   regslice_both_Input_r_V_dest_V_U                                       |     |    |     |      |      |     |        |      |         |          |        |
|   regslice_both_Input_r_V_id_V_U                                         |     |    |     |      |      |     |        |      |         |          |        |
|   regslice_both_Input_r_V_keep_V_U                                       |     |    |     |      |      |     |        |      |         |          |        |
|   regslice_both_Input_r_V_last_V_U                                       |     |    |     |      |      |     |        |      |         |          |        |
|   regslice_both_Input_r_V_strb_V_U                                       |     |    |     |      |      |     |        |      |         |          |        |
|   regslice_both_Input_r_V_user_V_U                                       |     |    |     |      |      |     |        |      |         |          |        |
|   regslice_both_Output_r_V_data_V_U                                      |     |    |     |      |      |     |        |      |         |          |        |
|   regslice_both_Output_r_V_dest_V_U                                      |     |    |     |      |      |     |        |      |         |          |        |
|   regslice_both_Output_r_V_id_V_U                                        |     |    |     |      |      |     |        |      |         |          |        |
|   regslice_both_Output_r_V_keep_V_U                                      |     |    |     |      |      |     |        |      |         |          |        |
|   regslice_both_Output_r_V_last_V_U                                      |     |    |     |      |      |     |        |      |         |          |        |
|   regslice_both_Output_r_V_strb_V_U                                      |     |    |     |      |      |     |        |      |         |          |        |
|   regslice_both_Output_r_V_user_V_U                                      |     |    |     |      |      |     |        |      |         |          |        |
+--------------------------------------------------------------------------+-----+----+-----+------+------+-----+--------+------+---------+----------+--------+


================================================================
== Place & Route Fail Fast
================================================================
+-----------------------------------------------------------+-----------+--------+--------+
| Criteria                                                  | Guideline | Actual | Status |
+-----------------------------------------------------------+-----------+--------+--------+
| LUT                                                       | 70%       | 1.32%  | OK     |
| FD                                                        | 50%       | 1.25%  | OK     |
| LUTRAM+SRL                                                | 25%       | 0.11%  | OK     |
| MUXF7                                                     | 15%       | 0.00%  | OK     |
| DSP                                                       | 80%       | 1.82%  | OK     |
| RAMB/FIFO                                                 | 80%       | 2.86%  | OK     |
| DSP+RAMB+URAM (Avg)                                       | 70%       | 2.34%  | OK     |
| BUFGCE* + BUFGCTRL                                        | 24        | 0      | OK     |
| DONT_TOUCH (cells/nets)                                   | 0         | 0      | OK     |
| MARK_DEBUG (nets)                                         | 0         | 0      | OK     |
| Control Sets                                              | 998       | 36     | OK     |
| Average Fanout for modules > 100k cells                   | 4         | 2.33   | OK     |
| Max Average Fanout for modules > 100k cells               | 4         | 0      | OK     |
| Non-FD high fanout nets > 10k loads                       | 0         | 0      | OK     |
+-----------------------------------------------------------+-----------+--------+--------+
| TIMING-6 (No common primary clock between related clocks) | 0         | 0      | OK     |
| TIMING-7 (No common node between related clocks)          | 0         | 0      | OK     |
| TIMING-8 (No common period between related clocks)        | 0         | 0      | OK     |
| TIMING-14 (LUT on the clock tree)                         | 0         | 0      | OK     |
| TIMING-35 (No common node in paths with the same clock)   | 0         | 0      | OK     |
+-----------------------------------------------------------+-----------+--------+--------+
| Number of paths above max LUT budgeting (0.575ns)         | 0         | 0      | OK     |
| Number of paths above max Net budgeting (0.403ns)         | 0         | 0      | OK     |
+-----------------------------------------------------------+-----------+--------+--------+


================================================================
== Place & Route Timing Paths
================================================================
* Timing was met
+-------+-------+---------------------------------------------------------------------------------------------------+------------------------------------------------------------------------------------------------------------------+--------------+------------+----------------+----------------+--------------+
| Path  | SLACK | STARTPOINT PIN                                                                                    | ENDPOINT PIN                                                                                                     | LOGIC LEVELS | MAX FANOUT | DATAPATH DELAY | DATAPATH LOGIC | DATAPATH NET |
|       |       |                                                                                                   |                                                                                                                  |              |            |                |          DELAY |        DELAY |
+-------+-------+---------------------------------------------------------------------------------------------------+------------------------------------------------------------------------------------------------------------------+--------------+------------+----------------+----------------+--------------+
| Path1 | 3.458 | Cols_read_reg_168_reg[2]/C                                                                        | grp_Gaussian_Filter_Pipeline_VITIS_LOOP_25_1_VITIS_LOOP_27_2_fu_86/Line_Buffer_data_1_U/ram_reg_1/ADDRARDADDR[6] |            6 |         26 |          5.688 |          1.680 |        4.008 |
| Path2 | 3.535 | Cols_read_reg_168_reg[2]/C                                                                        | grp_Gaussian_Filter_Pipeline_VITIS_LOOP_25_1_VITIS_LOOP_27_2_fu_86/addr_cmp25_reg_668_reg[0]/D                   |           13 |         26 |          6.475 |          3.190 |        3.285 |
| Path3 | 3.628 | grp_Gaussian_Filter_Pipeline_VITIS_LOOP_25_1_VITIS_LOOP_27_2_fu_86/indvar_flatten_fu_126_reg[3]/C | grp_Gaussian_Filter_Pipeline_VITIS_LOOP_25_1_VITIS_LOOP_27_2_fu_86/indvar_flatten_fu_126_reg[0]/CE               |            8 |         62 |          5.916 |          2.343 |        3.573 |
| Path4 | 3.628 | grp_Gaussian_Filter_Pipeline_VITIS_LOOP_25_1_VITIS_LOOP_27_2_fu_86/indvar_flatten_fu_126_reg[3]/C | grp_Gaussian_Filter_Pipeline_VITIS_LOOP_25_1_VITIS_LOOP_27_2_fu_86/indvar_flatten_fu_126_reg[1]/CE               |            8 |         62 |          5.916 |          2.343 |        3.573 |
| Path5 | 3.628 | grp_Gaussian_Filter_Pipeline_VITIS_LOOP_25_1_VITIS_LOOP_27_2_fu_86/indvar_flatten_fu_126_reg[3]/C | grp_Gaussian_Filter_Pipeline_VITIS_LOOP_25_1_VITIS_LOOP_27_2_fu_86/indvar_flatten_fu_126_reg[2]/CE               |            8 |         62 |          5.916 |          2.343 |        3.573 |
+-------+-------+---------------------------------------------------------------------------------------------------+------------------------------------------------------------------------------------------------------------------+--------------+------------+----------------+----------------+--------------+

    +-----------------------------------------------------------------------------------------------------------+----------------------+
    | Path1 Cells                                                                                               | Primitive Type       |
    +-----------------------------------------------------------------------------------------------------------+----------------------+
    | Cols_read_reg_168_reg[2]                                                                                  | FLOP_LATCH.flop.FDRE |
    | grp_Gaussian_Filter_Pipeline_VITIS_LOOP_25_1_VITIS_LOOP_27_2_fu_86/icmp_ln27_fu_284_p2_carry_i_7          | LUT.others.LUT4      |
    | grp_Gaussian_Filter_Pipeline_VITIS_LOOP_25_1_VITIS_LOOP_27_2_fu_86/icmp_ln27_fu_284_p2_carry              | CARRY.others.CARRY4  |
    | grp_Gaussian_Filter_Pipeline_VITIS_LOOP_25_1_VITIS_LOOP_27_2_fu_86/icmp_ln27_fu_284_p2_carry__0           | CARRY.others.CARRY4  |
    | grp_Gaussian_Filter_Pipeline_VITIS_LOOP_25_1_VITIS_LOOP_27_2_fu_86/icmp_ln27_fu_284_p2_carry__1           | CARRY.others.CARRY4  |
    | grp_Gaussian_Filter_Pipeline_VITIS_LOOP_25_1_VITIS_LOOP_27_2_fu_86/icmp_ln27_fu_284_p2_carry__2           | CARRY.others.CARRY4  |
    | grp_Gaussian_Filter_Pipeline_VITIS_LOOP_25_1_VITIS_LOOP_27_2_fu_86/Line_Buffer_data_1_U/ram_reg_0_i_10__0 | LUT.others.LUT2      |
    | grp_Gaussian_Filter_Pipeline_VITIS_LOOP_25_1_VITIS_LOOP_27_2_fu_86/Line_Buffer_data_1_U/ram_reg_1         | BMEM.bram.RAMB36E1   |
    +-----------------------------------------------------------------------------------------------------------+----------------------+

    +----------------------------------------------------------------------------------------------------------+----------------------+
    | Path2 Cells                                                                                              | Primitive Type       |
    +----------------------------------------------------------------------------------------------------------+----------------------+
    | Cols_read_reg_168_reg[2]                                                                                 | FLOP_LATCH.flop.FDRE |
    | grp_Gaussian_Filter_Pipeline_VITIS_LOOP_25_1_VITIS_LOOP_27_2_fu_86/icmp_ln27_fu_284_p2_carry_i_7         | LUT.others.LUT4      |
    | grp_Gaussian_Filter_Pipeline_VITIS_LOOP_25_1_VITIS_LOOP_27_2_fu_86/icmp_ln27_fu_284_p2_carry             | CARRY.others.CARRY4  |
    | grp_Gaussian_Filter_Pipeline_VITIS_LOOP_25_1_VITIS_LOOP_27_2_fu_86/icmp_ln27_fu_284_p2_carry__0          | CARRY.others.CARRY4  |
    | grp_Gaussian_Filter_Pipeline_VITIS_LOOP_25_1_VITIS_LOOP_27_2_fu_86/icmp_ln27_fu_284_p2_carry__1          | CARRY.others.CARRY4  |
    | grp_Gaussian_Filter_Pipeline_VITIS_LOOP_25_1_VITIS_LOOP_27_2_fu_86/icmp_ln27_fu_284_p2_carry__2          | CARRY.others.CARRY4  |
    | grp_Gaussian_Filter_Pipeline_VITIS_LOOP_25_1_VITIS_LOOP_27_2_fu_86/Line_Buffer_data_1_U/ram_reg_0_i_8__0 | LUT.others.LUT2      |
    | grp_Gaussian_Filter_Pipeline_VITIS_LOOP_25_1_VITIS_LOOP_27_2_fu_86/addr_cmp25_fu_335_p2_carry_i_3        | LUT.others.LUT6      |
    | grp_Gaussian_Filter_Pipeline_VITIS_LOOP_25_1_VITIS_LOOP_27_2_fu_86/addr_cmp25_fu_335_p2_carry            | CARRY.others.CARRY4  |
    | grp_Gaussian_Filter_Pipeline_VITIS_LOOP_25_1_VITIS_LOOP_27_2_fu_86/addr_cmp25_fu_335_p2_carry__0         | CARRY.others.CARRY4  |
    | grp_Gaussian_Filter_Pipeline_VITIS_LOOP_25_1_VITIS_LOOP_27_2_fu_86/addr_cmp25_fu_335_p2_carry__1         | CARRY.others.CARRY4  |
    | grp_Gaussian_Filter_Pipeline_VITIS_LOOP_25_1_VITIS_LOOP_27_2_fu_86/addr_cmp25_fu_335_p2_carry__2         | CARRY.others.CARRY4  |
    | grp_Gaussian_Filter_Pipeline_VITIS_LOOP_25_1_VITIS_LOOP_27_2_fu_86/addr_cmp25_fu_335_p2_carry__3         | CARRY.others.CARRY4  |
    | grp_Gaussian_Filter_Pipeline_VITIS_LOOP_25_1_VITIS_LOOP_27_2_fu_86/addr_cmp25_fu_335_p2_carry__4         | CARRY.others.CARRY4  |
    | grp_Gaussian_Filter_Pipeline_VITIS_LOOP_25_1_VITIS_LOOP_27_2_fu_86/addr_cmp25_reg_668_reg[0]             | FLOP_LATCH.flop.FDRE |
    +----------------------------------------------------------------------------------------------------------+----------------------+

    +--------------------------------------------------------------------------------------------------+----------------------+
    | Path3 Cells                                                                                      | Primitive Type       |
    +--------------------------------------------------------------------------------------------------+----------------------+
    | grp_Gaussian_Filter_Pipeline_VITIS_LOOP_25_1_VITIS_LOOP_27_2_fu_86/indvar_flatten_fu_126_reg[3]  | FLOP_LATCH.flop.FDRE |
    | grp_Gaussian_Filter_Pipeline_VITIS_LOOP_25_1_VITIS_LOOP_27_2_fu_86/icmp_ln25_fu_261_p2_carry_i_3 | LUT.others.LUT6      |
    | grp_Gaussian_Filter_Pipeline_VITIS_LOOP_25_1_VITIS_LOOP_27_2_fu_86/icmp_ln25_fu_261_p2_carry     | CARRY.others.CARRY4  |
    | grp_Gaussian_Filter_Pipeline_VITIS_LOOP_25_1_VITIS_LOOP_27_2_fu_86/icmp_ln25_fu_261_p2_carry__0  | CARRY.others.CARRY4  |
    | grp_Gaussian_Filter_Pipeline_VITIS_LOOP_25_1_VITIS_LOOP_27_2_fu_86/icmp_ln25_fu_261_p2_carry__1  | CARRY.others.CARRY4  |
    | grp_Gaussian_Filter_Pipeline_VITIS_LOOP_25_1_VITIS_LOOP_27_2_fu_86/icmp_ln25_fu_261_p2_carry__2  | CARRY.others.CARRY4  |
    | grp_Gaussian_Filter_Pipeline_VITIS_LOOP_25_1_VITIS_LOOP_27_2_fu_86/icmp_ln25_fu_261_p2_carry__3  | CARRY.others.CARRY4  |
    | grp_Gaussian_Filter_Pipeline_VITIS_LOOP_25_1_VITIS_LOOP_27_2_fu_86/icmp_ln25_fu_261_p2_carry__4  | CARRY.others.CARRY4  |
    | grp_Gaussian_Filter_Pipeline_VITIS_LOOP_25_1_VITIS_LOOP_27_2_fu_86/indvar_flatten_fu_126[0]_i_1  | LUT.others.LUT3      |
    | grp_Gaussian_Filter_Pipeline_VITIS_LOOP_25_1_VITIS_LOOP_27_2_fu_86/indvar_flatten_fu_126_reg[0]  | FLOP_LATCH.flop.FDRE |
    +--------------------------------------------------------------------------------------------------+----------------------+

    +--------------------------------------------------------------------------------------------------+----------------------+
    | Path4 Cells                                                                                      | Primitive Type       |
    +--------------------------------------------------------------------------------------------------+----------------------+
    | grp_Gaussian_Filter_Pipeline_VITIS_LOOP_25_1_VITIS_LOOP_27_2_fu_86/indvar_flatten_fu_126_reg[3]  | FLOP_LATCH.flop.FDRE |
    | grp_Gaussian_Filter_Pipeline_VITIS_LOOP_25_1_VITIS_LOOP_27_2_fu_86/icmp_ln25_fu_261_p2_carry_i_3 | LUT.others.LUT6      |
    | grp_Gaussian_Filter_Pipeline_VITIS_LOOP_25_1_VITIS_LOOP_27_2_fu_86/icmp_ln25_fu_261_p2_carry     | CARRY.others.CARRY4  |
    | grp_Gaussian_Filter_Pipeline_VITIS_LOOP_25_1_VITIS_LOOP_27_2_fu_86/icmp_ln25_fu_261_p2_carry__0  | CARRY.others.CARRY4  |
    | grp_Gaussian_Filter_Pipeline_VITIS_LOOP_25_1_VITIS_LOOP_27_2_fu_86/icmp_ln25_fu_261_p2_carry__1  | CARRY.others.CARRY4  |
    | grp_Gaussian_Filter_Pipeline_VITIS_LOOP_25_1_VITIS_LOOP_27_2_fu_86/icmp_ln25_fu_261_p2_carry__2  | CARRY.others.CARRY4  |
    | grp_Gaussian_Filter_Pipeline_VITIS_LOOP_25_1_VITIS_LOOP_27_2_fu_86/icmp_ln25_fu_261_p2_carry__3  | CARRY.others.CARRY4  |
    | grp_Gaussian_Filter_Pipeline_VITIS_LOOP_25_1_VITIS_LOOP_27_2_fu_86/icmp_ln25_fu_261_p2_carry__4  | CARRY.others.CARRY4  |
    | grp_Gaussian_Filter_Pipeline_VITIS_LOOP_25_1_VITIS_LOOP_27_2_fu_86/indvar_flatten_fu_126[0]_i_1  | LUT.others.LUT3      |
    | grp_Gaussian_Filter_Pipeline_VITIS_LOOP_25_1_VITIS_LOOP_27_2_fu_86/indvar_flatten_fu_126_reg[1]  | FLOP_LATCH.flop.FDRE |
    +--------------------------------------------------------------------------------------------------+----------------------+

    +--------------------------------------------------------------------------------------------------+----------------------+
    | Path5 Cells                                                                                      | Primitive Type       |
    +--------------------------------------------------------------------------------------------------+----------------------+
    | grp_Gaussian_Filter_Pipeline_VITIS_LOOP_25_1_VITIS_LOOP_27_2_fu_86/indvar_flatten_fu_126_reg[3]  | FLOP_LATCH.flop.FDRE |
    | grp_Gaussian_Filter_Pipeline_VITIS_LOOP_25_1_VITIS_LOOP_27_2_fu_86/icmp_ln25_fu_261_p2_carry_i_3 | LUT.others.LUT6      |
    | grp_Gaussian_Filter_Pipeline_VITIS_LOOP_25_1_VITIS_LOOP_27_2_fu_86/icmp_ln25_fu_261_p2_carry     | CARRY.others.CARRY4  |
    | grp_Gaussian_Filter_Pipeline_VITIS_LOOP_25_1_VITIS_LOOP_27_2_fu_86/icmp_ln25_fu_261_p2_carry__0  | CARRY.others.CARRY4  |
    | grp_Gaussian_Filter_Pipeline_VITIS_LOOP_25_1_VITIS_LOOP_27_2_fu_86/icmp_ln25_fu_261_p2_carry__1  | CARRY.others.CARRY4  |
    | grp_Gaussian_Filter_Pipeline_VITIS_LOOP_25_1_VITIS_LOOP_27_2_fu_86/icmp_ln25_fu_261_p2_carry__2  | CARRY.others.CARRY4  |
    | grp_Gaussian_Filter_Pipeline_VITIS_LOOP_25_1_VITIS_LOOP_27_2_fu_86/icmp_ln25_fu_261_p2_carry__3  | CARRY.others.CARRY4  |
    | grp_Gaussian_Filter_Pipeline_VITIS_LOOP_25_1_VITIS_LOOP_27_2_fu_86/icmp_ln25_fu_261_p2_carry__4  | CARRY.others.CARRY4  |
    | grp_Gaussian_Filter_Pipeline_VITIS_LOOP_25_1_VITIS_LOOP_27_2_fu_86/indvar_flatten_fu_126[0]_i_1  | LUT.others.LUT3      |
    | grp_Gaussian_Filter_Pipeline_VITIS_LOOP_25_1_VITIS_LOOP_27_2_fu_86/indvar_flatten_fu_126_reg[2]  | FLOP_LATCH.flop.FDRE |
    +--------------------------------------------------------------------------------------------------+----------------------+


================================================================
== Place & Route Vivado Reports
================================================================
+--------------------------+-------------------------------------------------------------------------+
| Report Type              | Report Location                                                         |
+--------------------------+-------------------------------------------------------------------------+
| design_analysis          | impl/verilog/report/Gaussian_Filter_design_analysis_routed.rpt          |
| failfast                 | impl/verilog/report/Gaussian_Filter_failfast_routed.rpt                 |
| power                    | impl/verilog/report/Gaussian_Filter_power_routed.rpt                    |
| status                   | impl/verilog/report/Gaussian_Filter_status_routed.rpt                   |
| timing                   | impl/verilog/report/Gaussian_Filter_timing_routed.rpt                   |
| timing_paths             | impl/verilog/report/Gaussian_Filter_timing_paths_routed.rpt             |
| utilization              | impl/verilog/report/Gaussian_Filter_utilization_routed.rpt              |
| utilization_hierarchical | impl/verilog/report/Gaussian_Filter_utilization_hierarchical_routed.rpt |
+--------------------------+-------------------------------------------------------------------------+


