

Implementation tool: Xilinx Vivado v.2026.1
Project:             Gaussian_Filter_IP
Solution:            hls
Device target:       xc7z020-clg400-1
Report date:         Wed Sep 23 01:34:26 +0530 2026

#=== Post-Implementation Resource usage ===
SLICE:          353
LUT:            701
FF:            1329
DSP:              4
BRAM:             8
URAM:             0
LATCH:            0
SRL:             20
CLB:              0

#=== Final timing ===
CP required:                     10.000
CP achieved post-synthesis:      5.894
CP achieved post-implementation: 6.542
Timing met
