================================================================
== Design Size Report
================================================================

* Total Instructions per Compilation Phase
+---------------+----------------------------+--------------+----------------------------------------------------------------------------------------+
| Phase         | Step                       | Instructions | Description                                                                            |
+---------------+----------------------------+--------------+----------------------------------------------------------------------------------------+
| Compile/Link  |                            | 1,099        | After all functions are compiled and linked into a single design                       |
|               |                            |              |                                                                                        |
| Unroll/Inline |                            |              | After user unroll and inline pragmas are applied                                       |
|               | (1) unroll                 |   646        | user unroll pragmas are applied                                                        |
|               | (2) simplification         |   492        | simplification of applied user unroll pragmas                                          |
|               | (3) inline                 |   662        | user inline pragmas are applied                                                        |
|               | (4) simplification         |   626        | simplification of applied user inline pragmas                                          |
|               |                            |              |                                                                                        |
| Array/Struct  |                            |              | After user array partition and struct aggregate/disaggregate pragmas are applied       |
|               | (1) array partition        | 1,022        | user array partition pragmas are applied                                               |
|               | (2) simplification         |   389        | simplification of applied user array partition & struct aggregate/disaggregate pragmas |
|               | (3) aggregate/disaggregate |   389        | user struct aggregate/disaggregate pragmas are applied                                 |
|               | (4) array reshape          |   359        | apply array reshape pragmas                                                            |
|               | (5) access patterns        |   457        | array access pattern optmizations                                                      |
|               |                            |              |                                                                                        |
| Performance   |                            |              | After transformations are applied to meet performance pragma targets                   |
|               | (1) loop simplification    |   446        | loop and instruction simplification                                                    |
|               | (2) parallelization        |   393        | loops are unrolled or pipelined to meet performance targets                            |
|               | (3) array partition        |   322        | arrays are partitioned to meet performance targets                                     |
|               | (4) simplification         |   316        | simplification of design after performance transformations                             |
|               |                            |              |                                                                                        |
| HW Transforms |                            |              | After hardware transfomations                                                          |
|               | (1) lowering               |   236        | initial conversion to HW specific instructions                                         |
|               | (2) optimizations          |   181        | high level synthesis optimizations                                                     |
+---------------+----------------------------+--------------+----------------------------------------------------------------------------------------+

* Instructions per Function for each Compilation Phase
+-------------------+-----------------------+--------------+---------------+--------------+-------------+---------------+
| Function          | Location              | Compile/Link | Unroll/Inline | Array/Struct | Performance | HW Transforms |
+-------------------+-----------------------+--------------+---------------+--------------+-------------+---------------+
|   Gaussian_Filter | Gaussian_Filter.cpp:9 | 1,099        | 626           | 457          | 316         | 181           |
+-------------------+-----------------------+--------------+---------------+--------------+-------------+---------------+

* Design Size Message Settings
+---------------------------------------------+--------+------------------------------------------------------------------+
| Message Setting                             | Value  | Description                                                      |
+---------------------------------------------+--------+------------------------------------------------------------------+
| config_compile -design_size_maximum_warning | 100000 | Show a warning when total design instructions exceeds this value |
+---------------------------------------------+--------+------------------------------------------------------------------+


