# ---------------------------------------------------------------------------
# Created on Tue Sep 08 00:05:26 +0530 2026 with report_failfast (2023.09.14)
# ---------------------------------------------------------------------------

 +------+
 | DONT_TOUCH (Hierarchical Cells) |
 | 0 module(s) |
 +------+
 | Cell |
 +------+
 +------+
 +-----------------------------------------------------------------------------------------------+
 | DONT_TOUCH (Leaf Cells)                                                                       |
 | 3 cell(s)                                                                                     |
 +-----------------------------------------------------------------------------------------------+
 | Cell                                                                                          |
 +-----------------------------------------------------------------------------------------------+
 | bd_0_i/hls_inst/inst/gmem_A_m_axi_U/bus_read/rreq_burst_conv/burst_sequential/first_sect_reg  |
 | bd_0_i/hls_inst/inst/gmem_B_m_axi_U/bus_read/rreq_burst_conv/burst_sequential/first_sect_reg  |
 | bd_0_i/hls_inst/inst/gmem_C_m_axi_U/bus_write/wreq_burst_conv/burst_sequential/first_sect_reg |
 +-----------------------------------------------------------------------------------------------+
 +------------------------------------------------------------------------------------------------------------------------------------------------------------------------------------------------------------------------------+
 | DONT_TOUCH (Nets)                                                                                                                                                                                                            |
 | 3 net(s)                                                                                                                                                                                                                     |
 +-------------------------------------------------------------------------------------------+--------+-------+------------+----------------------------------------------------------------------------------------------------+
 | Net                                                                                       | Fanout | Slack | Driver Pin | Load Pins                                                                                          |
 +-------------------------------------------------------------------------------------------+--------+-------+------------+----------------------------------------------------------------------------------------------------+
 | bd_0_i/hls_inst/inst/gmem_A_m_axi_U/bus_read/rreq_burst_conv/burst_sequential/first_sect  | 106    | 6.619 | FDRE/Q     | LUT2/I0 (10) LUT3/I0 (1) LUT3/I1 (72) LUT3/I2 (1) LUT5/I2 (9) LUT5/I4 (1) LUT6/I0 (2) LUT6/I3 (10) |
 | bd_0_i/hls_inst/inst/gmem_B_m_axi_U/bus_read/rreq_burst_conv/burst_sequential/first_sect  | 106    | 6.619 | FDRE/Q     | LUT2/I0 (10) LUT3/I0 (1) LUT3/I1 (72) LUT3/I2 (1) LUT5/I2 (9) LUT5/I4 (1) LUT6/I0 (2) LUT6/I3 (10) |
 | bd_0_i/hls_inst/inst/gmem_C_m_axi_U/bus_write/wreq_burst_conv/burst_sequential/first_sect | 106    | 6.619 | FDRE/Q     | LUT2/I0 (10) LUT3/I0 (1) LUT3/I1 (72) LUT3/I2 (1) LUT5/I2 (9) LUT5/I4 (1) LUT6/I0 (2) LUT6/I3 (10) |
 +-------------------------------------------------------------------------------------------+--------+-------+------------+----------------------------------------------------------------------------------------------------+
