# ---------------------------------------------------------------------------------
# Created on Tue Sep 08 00:05:34 +0530 2026 with report_failfast (2023.09.14)
# ---------------------------------------------------------------------------------

#  +-----------------------------------------------------------------------------------------+
#  | Design Summary                                                                          |
#  | design_1                                                                                |
#  | xc7z020clg400-1                                                                         |
#  +-----------------------------------------------------------+-----------+--------+--------+
#  | Criteria                                                  | Guideline | Actual | Status |
#  +-----------------------------------------------------------+-----------+--------+--------+
#  | LUT                                                       | 70%       | 4.42%  | OK     |
#  | FD                                                        | 50%       | 3.25%  | OK     |
#  | LUTRAM+SRL                                                | 25%       | 2.76%  | OK     |
#  | MUXF7                                                     | 15%       | 0.01%  | OK     |
#  | DSP                                                       | 80%       | 1.36%  | OK     |
#  | RAMB/FIFO                                                 | 80%       | 0.71%  | OK     |
#  | DSP+RAMB+URAM (Avg)                                       | 70%       | 1.04%  | OK     |
#  | BUFGCE* + BUFGCTRL                                        | 24        | 0      | OK     |
#  | DONT_TOUCH (cells/nets)                                   | 0         | 6      | REVIEW |
#  | MARK_DEBUG (nets)                                         | 0         | 0      | OK     |
#  | Control Sets                                              | 998       | 106    | OK     |
#  | Average Fanout for modules > 100k cells                   | 4         | 2.82   | OK     |
#  | Max Average Fanout for modules > 100k cells               | 4         | 0      | OK     |
#  | Non-FD high fanout nets > 10k loads                       | 0         | 0      | OK     |
#  +-----------------------------------------------------------+-----------+--------+--------+
#  | TIMING-6 (No common primary clock between related clocks) | 0         | 0      | OK     |
#  | TIMING-7 (No common node between related clocks)          | 0         | 0      | OK     |
#  | TIMING-8 (No common period between related clocks)        | 0         | 0      | OK     |
#  | TIMING-14 (LUT on the clock tree)                         | 0         | 0      | OK     |
#  | TIMING-35 (No common node in paths with the same clock)   | 0         | 0      | OK     |
#  +-----------------------------------------------------------+-----------+--------+--------+
#  | Number of paths above max LUT budgeting (0.575ns)         | 0         | 0      | OK     |
#  | Number of paths above max Net budgeting (0.403ns)         | 0         | 0      | OK     |
#  +-----------------------------------------------------------+-----------+--------+--------+

