Copyright 1986-2022 Xilinx, Inc. All Rights Reserved. Copyright 2022-2026 Advanced Micro Devices, Inc. All Rights Reserved.
---------------------------------------------------------------------------------------------------------------------------------------------
| Tool Version : Vivado v.2026.1 (win64) Build 6511674 Tue Jun 16 11:02:23 MDT 2026
| Date         : Tue Sep  8 00:08:21 2026
| Host         : DESKTOP-55UAODO running 64-bit major release  (build 9200)
| Command      : report_timing_summary -file ./report/vector_mult_timing_routed.rpt
| Design       : bd_0_wrapper
| Device       : 7z020-clg400
| Speed File   : -1  PRODUCTION 1.12 2019-11-22
| Design State : Routed
---------------------------------------------------------------------------------------------------------------------------------------------

Timing Summary Report

------------------------------------------------------------------------------------------------
| Timer Settings
| --------------
------------------------------------------------------------------------------------------------

  Enable Multi Corner Analysis               :  Yes
  Enable Pessimism Removal                   :  Yes
  Pessimism Removal Resolution               :  Nearest Common Node
  Enable Input Delay Default Clock           :  No
  Enable Preset / Clear Arcs                 :  No
  Disable Flight Delays                      :  No
  Ignore I/O Paths                           :  No
  Timing Early Launch at Borrowing Latches   :  No
  Borrow Time for Max Delay Exceptions       :  Yes
  Merge Timing Exceptions                    :  Yes
  Inter-SLR Compensation                     :  Conservative

  Corner  Analyze    Analyze    
  Name    Max Paths  Min Paths  
  ------  ---------  ---------  
  Slow    Yes        Yes        
  Fast    Yes        Yes        


------------------------------------------------------------------------------------------------
| Report Methodology
| ------------------
------------------------------------------------------------------------------------------------

Rule       Severity  Description                    Violations  
---------  --------  -----------------------------  ----------  
TIMING-18  Warning   Missing input or output delay  425         

Note: This report is based on the most recent report_methodology run and may not be up-to-date. Run report_methodology on the current design for the latest report.



check_timing report

Table of Contents
-----------------
1. checking no_clock (0)
2. checking constant_clock (0)
3. checking pulse_width_clock (0)
4. checking unconstrained_internal_endpoints (0)
5. checking no_input_delay (125)
6. checking no_output_delay (280)
7. checking multiple_clock (0)
8. checking generated_clocks (0)
9. checking loops (0)
10. checking partial_input_delay (0)
11. checking partial_output_delay (0)
12. checking latch_loops (0)

1. checking no_clock (0)
------------------------
 There are 0 register/latch pins with no clock.


2. checking constant_clock (0)
------------------------------
 There are 0 register/latch pins with constant_clock.


3. checking pulse_width_clock (0)
---------------------------------
 There are 0 register/latch pins which need pulse_width check


4. checking unconstrained_internal_endpoints (0)
------------------------------------------------
 There are 0 pins that are not constrained for maximum delay.

 There are 0 pins that are not constrained for maximum delay due to constant clock.


5. checking no_input_delay (125)
--------------------------------
 There are 125 input ports with no input delay specified. (HIGH)

 There are 0 input ports with no input delay but user has a false path constraint.


6. checking no_output_delay (280)
---------------------------------
 There are 280 ports with no output delay specified. (HIGH)

 There are 0 ports with no output delay but user has a false path constraint

 There are 0 ports with no output delay but with a timing clock defined on it or propagating through it


7. checking multiple_clock (0)
------------------------------
 There are 0 register/latch pins with multiple clocks.


8. checking generated_clocks (0)
--------------------------------
 There are 0 generated clocks that are not connected to a clock source.


9. checking loops (0)
---------------------
 There are 0 combinational loops in the design.


10. checking partial_input_delay (0)
------------------------------------
 There are 0 input ports with partial input delay specified.


11. checking partial_output_delay (0)
-------------------------------------
 There are 0 ports with partial output delay specified.


12. checking latch_loops (0)
----------------------------
 There are 0 combinational latch loops in the design through latch input



------------------------------------------------------------------------------------------------
| Design Timing Summary
| ---------------------
------------------------------------------------------------------------------------------------

    WNS(ns)      TNS(ns)  TNS Failing Endpoints  TNS Total Endpoints      WHS(ns)      THS(ns)  THS Failing Endpoints  THS Total Endpoints     WPWS(ns)     TPWS(ns)  TPWS Failing Endpoints  TPWS Total Endpoints  
    -------      -------  ---------------------  -------------------      -------      -------  ---------------------  -------------------     --------     --------  ----------------------  --------------------  
      3.786        0.000                      0                 8120        0.039        0.000                      0                 8120        3.750        0.000                       0                  3947  


All user specified timing constraints are met.


------------------------------------------------------------------------------------------------
| Clock Summary
| -------------
------------------------------------------------------------------------------------------------

Clock   Waveform(ns)       Period(ns)      Frequency(MHz)
-----   ------------       ----------      --------------
ap_clk  {0.000 5.000}      10.000          100.000         


------------------------------------------------------------------------------------------------
| Intra Clock Table
| -----------------
------------------------------------------------------------------------------------------------

Clock             WNS(ns)      TNS(ns)  TNS Failing Endpoints  TNS Total Endpoints      WHS(ns)      THS(ns)  THS Failing Endpoints  THS Total Endpoints     WPWS(ns)     TPWS(ns)  TPWS Failing Endpoints  TPWS Total Endpoints  
-----             -------      -------  ---------------------  -------------------      -------      -------  ---------------------  -------------------     --------     --------  ----------------------  --------------------  
ap_clk              3.786        0.000                      0                 8120        0.039        0.000                      0                 8120        3.750        0.000                       0                  3947  


------------------------------------------------------------------------------------------------
| Inter Clock Table
| -----------------
------------------------------------------------------------------------------------------------

From Clock    To Clock          WNS(ns)      TNS(ns)  TNS Failing Endpoints  TNS Total Endpoints      WHS(ns)      THS(ns)  THS Failing Endpoints  THS Total Endpoints  
----------    --------          -------      -------  ---------------------  -------------------      -------      -------  ---------------------  -------------------  


------------------------------------------------------------------------------------------------
| Other Path Groups Table
| -----------------------
------------------------------------------------------------------------------------------------

Path Group    From Clock    To Clock          WNS(ns)      TNS(ns)  TNS Failing Endpoints  TNS Total Endpoints      WHS(ns)      THS(ns)  THS Failing Endpoints  THS Total Endpoints  
----------    ----------    --------          -------      -------  ---------------------  -------------------      -------      -------  ---------------------  -------------------  


------------------------------------------------------------------------------------------------
| Timing Details
| --------------
------------------------------------------------------------------------------------------------


---------------------------------------------------------------------------------------------------
From Clock:  ap_clk
  To Clock:  ap_clk

Setup :            0  Failing Endpoints,  Worst Slack        3.786ns,  Total Violation        0.000ns
Hold  :            0  Failing Endpoints,  Worst Slack        0.039ns,  Total Violation        0.000ns
PW    :            0  Failing Endpoints,  Worst Slack        3.750ns,  Total Violation        0.000ns
---------------------------------------------------------------------------------------------------


Max Delay Paths
--------------------------------------------------------------------------------------
Slack (MET) :             3.786ns  (required time - arrival time)
  Source:                 bd_0_i/hls_inst/inst/control_s_axi_U/int_ap_start_reg/C
                            (rising edge-triggered cell FDRE clocked by ap_clk  {rise@0.000ns fall@5.000ns period=10.000ns})
  Destination:            bd_0_i/hls_inst/inst/i_fu_112_reg[25]/R
                            (rising edge-triggered cell FDRE clocked by ap_clk  {rise@0.000ns fall@5.000ns period=10.000ns})
  Path Group:             ap_clk
  Path Type:              Setup (Max at Slow Process Corner)
  Requirement:            10.000ns  (ap_clk rise@10.000ns - ap_clk rise@0.000ns)
  Data Path Delay:        5.701ns  (logic 1.634ns (28.664%)  route 4.067ns (71.337%))
  Logic Levels:           6  (CARRY4=4 LUT5=1 LUT6=1)
  Clock Path Skew:        -0.049ns (DCD - SCD + CPR)
    Destination Clock Delay (DCD):    0.924ns = ( 10.924 - 10.000 ) 
    Source Clock Delay      (SCD):    0.973ns
    Clock Pessimism Removal (CPR):    0.000ns
  Clock Uncertainty:      0.035ns  ((TSJ^2 + TIJ^2)^1/2 + DJ) / 2 + PE
    Total System Jitter     (TSJ):    0.071ns
    Total Input Jitter      (TIJ):    0.000ns
    Discrete Jitter          (DJ):    0.000ns
    Phase Error              (PE):    0.000ns

    Location             Delay type                Incr(ns)  Path(ns)    Netlist Resource(s)
  -------------------------------------------------------------------    -------------------
                         (clock ap_clk rise edge)     0.000     0.000 r  <hidden>
                                                      0.000     0.000 r  ap_clk
                         net (fo=3947, unset)         0.973     0.973    bd_0_i/hls_inst/inst/control_s_axi_U/ap_clk
    SLICE_X50Y46         FDRE                                         r  bd_0_i/hls_inst/inst/control_s_axi_U/int_ap_start_reg/C
  -------------------------------------------------------------------    -------------------
    SLICE_X50Y46         FDRE (Prop_fdre_C_Q)         0.518     1.491 r  bd_0_i/hls_inst/inst/control_s_axi_U/int_ap_start_reg/Q
                         net (fo=74, routed)          1.198     2.689    bd_0_i/hls_inst/inst/control_s_axi_U/ap_start
    SLICE_X50Y55         LUT6 (Prop_lut6_I4_O)        0.124     2.813 r  bd_0_i/hls_inst/inst/control_s_axi_U/icmp_ln20_1_reg_348[0]_i_32/O
                         net (fo=1, routed)           0.628     3.441    bd_0_i/hls_inst/inst/control_s_axi_U/icmp_ln20_1_reg_348[0]_i_32_n_0
    SLICE_X48Y54         CARRY4 (Prop_carry4_DI[0]_CO[3])
                                                      0.526     3.967 r  bd_0_i/hls_inst/inst/control_s_axi_U/icmp_ln20_1_reg_348_reg[0]_i_20/CO[3]
                         net (fo=1, routed)           0.000     3.967    bd_0_i/hls_inst/inst/control_s_axi_U/icmp_ln20_1_reg_348_reg[0]_i_20_n_0
    SLICE_X48Y55         CARRY4 (Prop_carry4_CI_CO[3])
                                                      0.114     4.081 r  bd_0_i/hls_inst/inst/control_s_axi_U/icmp_ln20_1_reg_348_reg[0]_i_11/CO[3]
                         net (fo=1, routed)           0.000     4.081    bd_0_i/hls_inst/inst/control_s_axi_U/icmp_ln20_1_reg_348_reg[0]_i_11_n_0
    SLICE_X48Y56         CARRY4 (Prop_carry4_CI_CO[3])
                                                      0.114     4.195 r  bd_0_i/hls_inst/inst/control_s_axi_U/icmp_ln20_1_reg_348_reg[0]_i_2/CO[3]
                         net (fo=1, routed)           0.000     4.195    bd_0_i/hls_inst/inst/control_s_axi_U/icmp_ln20_1_reg_348_reg[0]_i_2_n_0
    SLICE_X48Y57         CARRY4 (Prop_carry4_CI_CO[3])
                                                      0.114     4.309 f  bd_0_i/hls_inst/inst/control_s_axi_U/icmp_ln20_1_reg_348_reg[0]_i_1/CO[3]
                         net (fo=6, routed)           1.358     5.667    bd_0_i/hls_inst/inst/control_s_axi_U/CO[0]
    SLICE_X48Y46         LUT5 (Prop_lut5_I3_O)        0.124     5.791 r  bd_0_i/hls_inst/inst/control_s_axi_U/i_fu_112[30]_i_1/O
                         net (fo=31, routed)          0.883     6.674    bd_0_i/hls_inst/inst/control_s_axi_U_n_0
    SLICE_X49Y56         FDRE                                         r  bd_0_i/hls_inst/inst/i_fu_112_reg[25]/R
  -------------------------------------------------------------------    -------------------

                         (clock ap_clk rise edge)    10.000    10.000 r  <hidden>
                                                      0.000    10.000 r  ap_clk
                         net (fo=3947, unset)         0.924    10.924    bd_0_i/hls_inst/inst/ap_clk
    SLICE_X49Y56         FDRE                                         r  bd_0_i/hls_inst/inst/i_fu_112_reg[25]/C
                         clock pessimism              0.000    10.924    <hidden>
                         clock uncertainty           -0.035    10.889    <hidden>
    SLICE_X49Y56         FDRE (Setup_fdre_C_R)       -0.429    10.460    bd_0_i/hls_inst/inst/i_fu_112_reg[25]
  -------------------------------------------------------------------
                         required time                         10.460    <hidden>
                         arrival time                          -6.674    <hidden>
  -------------------------------------------------------------------
                         slack                                  3.786    <hidden>





Min Delay Paths
--------------------------------------------------------------------------------------
Slack (MET) :             0.039ns  (arrival time - required time)
  Source:                 bd_0_i/hls_inst/inst/B_read_reg_326_reg[57]/C
                            (rising edge-triggered cell FDRE clocked by ap_clk  {rise@0.000ns fall@5.000ns period=10.000ns})
  Destination:            bd_0_i/hls_inst/inst/gmem_B_m_axi_U/load_unit_0/fifo_rreq/U_fifo_srl/mem_reg[5][55]_srl6/D
                            (rising edge-triggered cell SRL16E clocked by ap_clk  {rise@0.000ns fall@5.000ns period=10.000ns})
  Path Group:             ap_clk
  Path Type:              Hold (Min at Fast Process Corner)
  Requirement:            0.000ns  (ap_clk rise@0.000ns - ap_clk rise@0.000ns)
  Data Path Delay:        0.244ns  (logic 0.141ns (57.770%)  route 0.103ns (42.230%))
  Logic Levels:           0  
  Clock Path Skew:        0.022ns (DCD - SCD - CPR)
    Destination Clock Delay (DCD):    0.432ns
    Source Clock Delay      (SCD):    0.410ns
    Clock Pessimism Removal (CPR):    -0.000ns

    Location             Delay type                Incr(ns)  Path(ns)    Netlist Resource(s)
  -------------------------------------------------------------------    -------------------
                         (clock ap_clk rise edge)     0.000     0.000 r  <hidden>
                                                      0.000     0.000 r  ap_clk
                         net (fo=3947, unset)         0.410     0.410    bd_0_i/hls_inst/inst/ap_clk
    SLICE_X44Y62         FDRE                                         r  bd_0_i/hls_inst/inst/B_read_reg_326_reg[57]/C
  -------------------------------------------------------------------    -------------------
    SLICE_X44Y62         FDRE (Prop_fdre_C_Q)         0.141     0.551 r  bd_0_i/hls_inst/inst/B_read_reg_326_reg[57]/Q
                         net (fo=1, routed)           0.103     0.654    bd_0_i/hls_inst/inst/gmem_B_m_axi_U/load_unit_0/fifo_rreq/U_fifo_srl/in[55]
    SLICE_X46Y63         SRL16E                                       r  bd_0_i/hls_inst/inst/gmem_B_m_axi_U/load_unit_0/fifo_rreq/U_fifo_srl/mem_reg[5][55]_srl6/D
  -------------------------------------------------------------------    -------------------

                         (clock ap_clk rise edge)     0.000     0.000 r  <hidden>
                                                      0.000     0.000 r  ap_clk
                         net (fo=3947, unset)         0.432     0.432    bd_0_i/hls_inst/inst/gmem_B_m_axi_U/load_unit_0/fifo_rreq/U_fifo_srl/ap_clk
    SLICE_X46Y63         SRL16E                                       r  bd_0_i/hls_inst/inst/gmem_B_m_axi_U/load_unit_0/fifo_rreq/U_fifo_srl/mem_reg[5][55]_srl6/CLK
                         clock pessimism              0.000     0.432    <hidden>
    SLICE_X46Y63         SRL16E (Hold_srl16e_CLK_D)
                                                      0.183     0.615    bd_0_i/hls_inst/inst/gmem_B_m_axi_U/load_unit_0/fifo_rreq/U_fifo_srl/mem_reg[5][55]_srl6
  -------------------------------------------------------------------
                         required time                         -0.615    <hidden>
                         arrival time                           0.654    <hidden>
  -------------------------------------------------------------------
                         slack                                  0.039    <hidden>





Pulse Width Checks
--------------------------------------------------------------------------------------
Clock Name:         ap_clk
Waveform(ns):       { 0.000 5.000 }
Period(ns):         10.000
Sources:            { ap_clk }

Check Type        Corner  Lib Pin      Reference Pin  Required(ns)  Actual(ns)  Slack(ns)  Location      Pin
Min Period        n/a     DSP48E1/CLK  n/a            3.884         10.000      6.116      DSP48_X1Y16   bd_0_i/hls_inst/inst/mul_32s_32s_32_2_1_U1/tmp_product/CLK
Low Pulse Width   Slow    RAMD32/CLK   n/a            1.250         5.000       3.750      SLICE_X42Y39  bd_0_i/hls_inst/inst/gmem_C_m_axi_U/store_unit_0/conservative_gen.fifo_burst/U_fifo_mem/mem_reg_0_15_0_5/RAMA/CLK
High Pulse Width  Slow    RAMD32/CLK   n/a            1.250         5.000       3.750      SLICE_X42Y39  bd_0_i/hls_inst/inst/gmem_C_m_axi_U/store_unit_0/conservative_gen.fifo_burst/U_fifo_mem/mem_reg_0_15_0_5/RAMA/CLK



