Copyright 1986-2022 Xilinx, Inc. All Rights Reserved. Copyright 2022-2026 Advanced Micro Devices, Inc. All Rights Reserved.
---------------------------------------------------------------------------------------------------------------------------------------------
| Tool Version : Vivado v.2026.1 (win64) Build 6511674 Tue Jun 16 11:02:23 MDT 2026
| Date         : Tue Sep  8 00:08:23 2026
| Host         : DESKTOP-55UAODO running 64-bit major release  (build 9200)
| Command      : report_timing -max_paths 10 -file ./report/vector_mult_timing_paths_routed.rpt
| Design       : bd_0_wrapper
| Device       : 7z020-clg400
| Speed File   : -1  PRODUCTION 1.12 2019-11-22
| Design State : Routed
---------------------------------------------------------------------------------------------------------------------------------------------

Timing Report

Slack (MET) :             3.786ns  (required time - arrival time)
  Source:                 bd_0_i/hls_inst/inst/control_s_axi_U/int_ap_start_reg/C
                            (rising edge-triggered cell FDRE clocked by ap_clk  {rise@0.000ns fall@5.000ns period=10.000ns})
  Destination:            bd_0_i/hls_inst/inst/i_fu_112_reg[25]/R
                            (rising edge-triggered cell FDRE clocked by ap_clk  {rise@0.000ns fall@5.000ns period=10.000ns})
  Path Group:             ap_clk
  Path Type:              Setup (Max at Slow Process Corner)
  Requirement:            10.000ns  (ap_clk rise@10.000ns - ap_clk rise@0.000ns)
  Data Path Delay:        5.701ns  (logic 1.634ns (28.664%)  route 4.067ns (71.337%))
  Logic Levels:           6  (CARRY4=4 LUT5=1 LUT6=1)
  Clock Path Skew:        -0.049ns (DCD - SCD + CPR)
    Destination Clock Delay (DCD):    0.924ns = ( 10.924 - 10.000 ) 
    Source Clock Delay      (SCD):    0.973ns
    Clock Pessimism Removal (CPR):    0.000ns
  Clock Uncertainty:      0.035ns  ((TSJ^2 + TIJ^2)^1/2 + DJ) / 2 + PE
    Total System Jitter     (TSJ):    0.071ns
    Total Input Jitter      (TIJ):    0.000ns
    Discrete Jitter          (DJ):    0.000ns
    Phase Error              (PE):    0.000ns

    Location             Delay type                Incr(ns)  Path(ns)    Netlist Resource(s)
  -------------------------------------------------------------------    -------------------
                         (clock ap_clk rise edge)     0.000     0.000 r  <hidden>
                                                      0.000     0.000 r  ap_clk
                         net (fo=3947, unset)         0.973     0.973    bd_0_i/hls_inst/inst/control_s_axi_U/ap_clk
    SLICE_X50Y46         FDRE                                         r  bd_0_i/hls_inst/inst/control_s_axi_U/int_ap_start_reg/C
  -------------------------------------------------------------------    -------------------
    SLICE_X50Y46         FDRE (Prop_fdre_C_Q)         0.518     1.491 r  bd_0_i/hls_inst/inst/control_s_axi_U/int_ap_start_reg/Q
                         net (fo=74, routed)          1.198     2.689    bd_0_i/hls_inst/inst/control_s_axi_U/ap_start
    SLICE_X50Y55         LUT6 (Prop_lut6_I4_O)        0.124     2.813 r  bd_0_i/hls_inst/inst/control_s_axi_U/icmp_ln20_1_reg_348[0]_i_32/O
                         net (fo=1, routed)           0.628     3.441    bd_0_i/hls_inst/inst/control_s_axi_U/icmp_ln20_1_reg_348[0]_i_32_n_0
    SLICE_X48Y54         CARRY4 (Prop_carry4_DI[0]_CO[3])
                                                      0.526     3.967 r  bd_0_i/hls_inst/inst/control_s_axi_U/icmp_ln20_1_reg_348_reg[0]_i_20/CO[3]
                         net (fo=1, routed)           0.000     3.967    bd_0_i/hls_inst/inst/control_s_axi_U/icmp_ln20_1_reg_348_reg[0]_i_20_n_0
    SLICE_X48Y55         CARRY4 (Prop_carry4_CI_CO[3])
                                                      0.114     4.081 r  bd_0_i/hls_inst/inst/control_s_axi_U/icmp_ln20_1_reg_348_reg[0]_i_11/CO[3]
                         net (fo=1, routed)           0.000     4.081    bd_0_i/hls_inst/inst/control_s_axi_U/icmp_ln20_1_reg_348_reg[0]_i_11_n_0
    SLICE_X48Y56         CARRY4 (Prop_carry4_CI_CO[3])
                                                      0.114     4.195 r  bd_0_i/hls_inst/inst/control_s_axi_U/icmp_ln20_1_reg_348_reg[0]_i_2/CO[3]
                         net (fo=1, routed)           0.000     4.195    bd_0_i/hls_inst/inst/control_s_axi_U/icmp_ln20_1_reg_348_reg[0]_i_2_n_0
    SLICE_X48Y57         CARRY4 (Prop_carry4_CI_CO[3])
                                                      0.114     4.309 f  bd_0_i/hls_inst/inst/control_s_axi_U/icmp_ln20_1_reg_348_reg[0]_i_1/CO[3]
                         net (fo=6, routed)           1.358     5.667    bd_0_i/hls_inst/inst/control_s_axi_U/CO[0]
    SLICE_X48Y46         LUT5 (Prop_lut5_I3_O)        0.124     5.791 r  bd_0_i/hls_inst/inst/control_s_axi_U/i_fu_112[30]_i_1/O
                         net (fo=31, routed)          0.883     6.674    bd_0_i/hls_inst/inst/control_s_axi_U_n_0
    SLICE_X49Y56         FDRE                                         r  bd_0_i/hls_inst/inst/i_fu_112_reg[25]/R
  -------------------------------------------------------------------    -------------------

                         (clock ap_clk rise edge)    10.000    10.000 r  <hidden>
                                                      0.000    10.000 r  ap_clk
                         net (fo=3947, unset)         0.924    10.924    bd_0_i/hls_inst/inst/ap_clk
    SLICE_X49Y56         FDRE                                         r  bd_0_i/hls_inst/inst/i_fu_112_reg[25]/C
                         clock pessimism              0.000    10.924    <hidden>
                         clock uncertainty           -0.035    10.889    <hidden>
    SLICE_X49Y56         FDRE (Setup_fdre_C_R)       -0.429    10.460    bd_0_i/hls_inst/inst/i_fu_112_reg[25]
  -------------------------------------------------------------------
                         required time                         10.460    <hidden>
                         arrival time                          -6.674    <hidden>
  -------------------------------------------------------------------
                         slack                                  3.786    <hidden>

Slack (MET) :             3.786ns  (required time - arrival time)
  Source:                 bd_0_i/hls_inst/inst/control_s_axi_U/int_ap_start_reg/C
                            (rising edge-triggered cell FDRE clocked by ap_clk  {rise@0.000ns fall@5.000ns period=10.000ns})
  Destination:            bd_0_i/hls_inst/inst/i_fu_112_reg[26]/R
                            (rising edge-triggered cell FDRE clocked by ap_clk  {rise@0.000ns fall@5.000ns period=10.000ns})
  Path Group:             ap_clk
  Path Type:              Setup (Max at Slow Process Corner)
  Requirement:            10.000ns  (ap_clk rise@10.000ns - ap_clk rise@0.000ns)
  Data Path Delay:        5.701ns  (logic 1.634ns (28.664%)  route 4.067ns (71.337%))
  Logic Levels:           6  (CARRY4=4 LUT5=1 LUT6=1)
  Clock Path Skew:        -0.049ns (DCD - SCD + CPR)
    Destination Clock Delay (DCD):    0.924ns = ( 10.924 - 10.000 ) 
    Source Clock Delay      (SCD):    0.973ns
    Clock Pessimism Removal (CPR):    0.000ns
  Clock Uncertainty:      0.035ns  ((TSJ^2 + TIJ^2)^1/2 + DJ) / 2 + PE
    Total System Jitter     (TSJ):    0.071ns
    Total Input Jitter      (TIJ):    0.000ns
    Discrete Jitter          (DJ):    0.000ns
    Phase Error              (PE):    0.000ns

    Location             Delay type                Incr(ns)  Path(ns)    Netlist Resource(s)
  -------------------------------------------------------------------    -------------------
                         (clock ap_clk rise edge)     0.000     0.000 r  <hidden>
                                                      0.000     0.000 r  ap_clk
                         net (fo=3947, unset)         0.973     0.973    bd_0_i/hls_inst/inst/control_s_axi_U/ap_clk
    SLICE_X50Y46         FDRE                                         r  bd_0_i/hls_inst/inst/control_s_axi_U/int_ap_start_reg/C
  -------------------------------------------------------------------    -------------------
    SLICE_X50Y46         FDRE (Prop_fdre_C_Q)         0.518     1.491 r  bd_0_i/hls_inst/inst/control_s_axi_U/int_ap_start_reg/Q
                         net (fo=74, routed)          1.198     2.689    bd_0_i/hls_inst/inst/control_s_axi_U/ap_start
    SLICE_X50Y55         LUT6 (Prop_lut6_I4_O)        0.124     2.813 r  bd_0_i/hls_inst/inst/control_s_axi_U/icmp_ln20_1_reg_348[0]_i_32/O
                         net (fo=1, routed)           0.628     3.441    bd_0_i/hls_inst/inst/control_s_axi_U/icmp_ln20_1_reg_348[0]_i_32_n_0
    SLICE_X48Y54         CARRY4 (Prop_carry4_DI[0]_CO[3])
                                                      0.526     3.967 r  bd_0_i/hls_inst/inst/control_s_axi_U/icmp_ln20_1_reg_348_reg[0]_i_20/CO[3]
                         net (fo=1, routed)           0.000     3.967    bd_0_i/hls_inst/inst/control_s_axi_U/icmp_ln20_1_reg_348_reg[0]_i_20_n_0
    SLICE_X48Y55         CARRY4 (Prop_carry4_CI_CO[3])
                                                      0.114     4.081 r  bd_0_i/hls_inst/inst/control_s_axi_U/icmp_ln20_1_reg_348_reg[0]_i_11/CO[3]
                         net (fo=1, routed)           0.000     4.081    bd_0_i/hls_inst/inst/control_s_axi_U/icmp_ln20_1_reg_348_reg[0]_i_11_n_0
    SLICE_X48Y56         CARRY4 (Prop_carry4_CI_CO[3])
                                                      0.114     4.195 r  bd_0_i/hls_inst/inst/control_s_axi_U/icmp_ln20_1_reg_348_reg[0]_i_2/CO[3]
                         net (fo=1, routed)           0.000     4.195    bd_0_i/hls_inst/inst/control_s_axi_U/icmp_ln20_1_reg_348_reg[0]_i_2_n_0
    SLICE_X48Y57         CARRY4 (Prop_carry4_CI_CO[3])
                                                      0.114     4.309 f  bd_0_i/hls_inst/inst/control_s_axi_U/icmp_ln20_1_reg_348_reg[0]_i_1/CO[3]
                         net (fo=6, routed)           1.358     5.667    bd_0_i/hls_inst/inst/control_s_axi_U/CO[0]
    SLICE_X48Y46         LUT5 (Prop_lut5_I3_O)        0.124     5.791 r  bd_0_i/hls_inst/inst/control_s_axi_U/i_fu_112[30]_i_1/O
                         net (fo=31, routed)          0.883     6.674    bd_0_i/hls_inst/inst/control_s_axi_U_n_0
    SLICE_X49Y56         FDRE                                         r  bd_0_i/hls_inst/inst/i_fu_112_reg[26]/R
  -------------------------------------------------------------------    -------------------

                         (clock ap_clk rise edge)    10.000    10.000 r  <hidden>
                                                      0.000    10.000 r  ap_clk
                         net (fo=3947, unset)         0.924    10.924    bd_0_i/hls_inst/inst/ap_clk
    SLICE_X49Y56         FDRE                                         r  bd_0_i/hls_inst/inst/i_fu_112_reg[26]/C
                         clock pessimism              0.000    10.924    <hidden>
                         clock uncertainty           -0.035    10.889    <hidden>
    SLICE_X49Y56         FDRE (Setup_fdre_C_R)       -0.429    10.460    bd_0_i/hls_inst/inst/i_fu_112_reg[26]
  -------------------------------------------------------------------
                         required time                         10.460    <hidden>
                         arrival time                          -6.674    <hidden>
  -------------------------------------------------------------------
                         slack                                  3.786    <hidden>

Slack (MET) :             3.786ns  (required time - arrival time)
  Source:                 bd_0_i/hls_inst/inst/control_s_axi_U/int_ap_start_reg/C
                            (rising edge-triggered cell FDRE clocked by ap_clk  {rise@0.000ns fall@5.000ns period=10.000ns})
  Destination:            bd_0_i/hls_inst/inst/i_fu_112_reg[27]/R
                            (rising edge-triggered cell FDRE clocked by ap_clk  {rise@0.000ns fall@5.000ns period=10.000ns})
  Path Group:             ap_clk
  Path Type:              Setup (Max at Slow Process Corner)
  Requirement:            10.000ns  (ap_clk rise@10.000ns - ap_clk rise@0.000ns)
  Data Path Delay:        5.701ns  (logic 1.634ns (28.664%)  route 4.067ns (71.337%))
  Logic Levels:           6  (CARRY4=4 LUT5=1 LUT6=1)
  Clock Path Skew:        -0.049ns (DCD - SCD + CPR)
    Destination Clock Delay (DCD):    0.924ns = ( 10.924 - 10.000 ) 
    Source Clock Delay      (SCD):    0.973ns
    Clock Pessimism Removal (CPR):    0.000ns
  Clock Uncertainty:      0.035ns  ((TSJ^2 + TIJ^2)^1/2 + DJ) / 2 + PE
    Total System Jitter     (TSJ):    0.071ns
    Total Input Jitter      (TIJ):    0.000ns
    Discrete Jitter          (DJ):    0.000ns
    Phase Error              (PE):    0.000ns

    Location             Delay type                Incr(ns)  Path(ns)    Netlist Resource(s)
  -------------------------------------------------------------------    -------------------
                         (clock ap_clk rise edge)     0.000     0.000 r  <hidden>
                                                      0.000     0.000 r  ap_clk
                         net (fo=3947, unset)         0.973     0.973    bd_0_i/hls_inst/inst/control_s_axi_U/ap_clk
    SLICE_X50Y46         FDRE                                         r  bd_0_i/hls_inst/inst/control_s_axi_U/int_ap_start_reg/C
  -------------------------------------------------------------------    -------------------
    SLICE_X50Y46         FDRE (Prop_fdre_C_Q)         0.518     1.491 r  bd_0_i/hls_inst/inst/control_s_axi_U/int_ap_start_reg/Q
                         net (fo=74, routed)          1.198     2.689    bd_0_i/hls_inst/inst/control_s_axi_U/ap_start
    SLICE_X50Y55         LUT6 (Prop_lut6_I4_O)        0.124     2.813 r  bd_0_i/hls_inst/inst/control_s_axi_U/icmp_ln20_1_reg_348[0]_i_32/O
                         net (fo=1, routed)           0.628     3.441    bd_0_i/hls_inst/inst/control_s_axi_U/icmp_ln20_1_reg_348[0]_i_32_n_0
    SLICE_X48Y54         CARRY4 (Prop_carry4_DI[0]_CO[3])
                                                      0.526     3.967 r  bd_0_i/hls_inst/inst/control_s_axi_U/icmp_ln20_1_reg_348_reg[0]_i_20/CO[3]
                         net (fo=1, routed)           0.000     3.967    bd_0_i/hls_inst/inst/control_s_axi_U/icmp_ln20_1_reg_348_reg[0]_i_20_n_0
    SLICE_X48Y55         CARRY4 (Prop_carry4_CI_CO[3])
                                                      0.114     4.081 r  bd_0_i/hls_inst/inst/control_s_axi_U/icmp_ln20_1_reg_348_reg[0]_i_11/CO[3]
                         net (fo=1, routed)           0.000     4.081    bd_0_i/hls_inst/inst/control_s_axi_U/icmp_ln20_1_reg_348_reg[0]_i_11_n_0
    SLICE_X48Y56         CARRY4 (Prop_carry4_CI_CO[3])
                                                      0.114     4.195 r  bd_0_i/hls_inst/inst/control_s_axi_U/icmp_ln20_1_reg_348_reg[0]_i_2/CO[3]
                         net (fo=1, routed)           0.000     4.195    bd_0_i/hls_inst/inst/control_s_axi_U/icmp_ln20_1_reg_348_reg[0]_i_2_n_0
    SLICE_X48Y57         CARRY4 (Prop_carry4_CI_CO[3])
                                                      0.114     4.309 f  bd_0_i/hls_inst/inst/control_s_axi_U/icmp_ln20_1_reg_348_reg[0]_i_1/CO[3]
                         net (fo=6, routed)           1.358     5.667    bd_0_i/hls_inst/inst/control_s_axi_U/CO[0]
    SLICE_X48Y46         LUT5 (Prop_lut5_I3_O)        0.124     5.791 r  bd_0_i/hls_inst/inst/control_s_axi_U/i_fu_112[30]_i_1/O
                         net (fo=31, routed)          0.883     6.674    bd_0_i/hls_inst/inst/control_s_axi_U_n_0
    SLICE_X49Y56         FDRE                                         r  bd_0_i/hls_inst/inst/i_fu_112_reg[27]/R
  -------------------------------------------------------------------    -------------------

                         (clock ap_clk rise edge)    10.000    10.000 r  <hidden>
                                                      0.000    10.000 r  ap_clk
                         net (fo=3947, unset)         0.924    10.924    bd_0_i/hls_inst/inst/ap_clk
    SLICE_X49Y56         FDRE                                         r  bd_0_i/hls_inst/inst/i_fu_112_reg[27]/C
                         clock pessimism              0.000    10.924    <hidden>
                         clock uncertainty           -0.035    10.889    <hidden>
    SLICE_X49Y56         FDRE (Setup_fdre_C_R)       -0.429    10.460    bd_0_i/hls_inst/inst/i_fu_112_reg[27]
  -------------------------------------------------------------------
                         required time                         10.460    <hidden>
                         arrival time                          -6.674    <hidden>
  -------------------------------------------------------------------
                         slack                                  3.786    <hidden>

Slack (MET) :             3.786ns  (required time - arrival time)
  Source:                 bd_0_i/hls_inst/inst/control_s_axi_U/int_ap_start_reg/C
                            (rising edge-triggered cell FDRE clocked by ap_clk  {rise@0.000ns fall@5.000ns period=10.000ns})
  Destination:            bd_0_i/hls_inst/inst/i_fu_112_reg[28]/R
                            (rising edge-triggered cell FDRE clocked by ap_clk  {rise@0.000ns fall@5.000ns period=10.000ns})
  Path Group:             ap_clk
  Path Type:              Setup (Max at Slow Process Corner)
  Requirement:            10.000ns  (ap_clk rise@10.000ns - ap_clk rise@0.000ns)
  Data Path Delay:        5.701ns  (logic 1.634ns (28.664%)  route 4.067ns (71.337%))
  Logic Levels:           6  (CARRY4=4 LUT5=1 LUT6=1)
  Clock Path Skew:        -0.049ns (DCD - SCD + CPR)
    Destination Clock Delay (DCD):    0.924ns = ( 10.924 - 10.000 ) 
    Source Clock Delay      (SCD):    0.973ns
    Clock Pessimism Removal (CPR):    0.000ns
  Clock Uncertainty:      0.035ns  ((TSJ^2 + TIJ^2)^1/2 + DJ) / 2 + PE
    Total System Jitter     (TSJ):    0.071ns
    Total Input Jitter      (TIJ):    0.000ns
    Discrete Jitter          (DJ):    0.000ns
    Phase Error              (PE):    0.000ns

    Location             Delay type                Incr(ns)  Path(ns)    Netlist Resource(s)
  -------------------------------------------------------------------    -------------------
                         (clock ap_clk rise edge)     0.000     0.000 r  <hidden>
                                                      0.000     0.000 r  ap_clk
                         net (fo=3947, unset)         0.973     0.973    bd_0_i/hls_inst/inst/control_s_axi_U/ap_clk
    SLICE_X50Y46         FDRE                                         r  bd_0_i/hls_inst/inst/control_s_axi_U/int_ap_start_reg/C
  -------------------------------------------------------------------    -------------------
    SLICE_X50Y46         FDRE (Prop_fdre_C_Q)         0.518     1.491 r  bd_0_i/hls_inst/inst/control_s_axi_U/int_ap_start_reg/Q
                         net (fo=74, routed)          1.198     2.689    bd_0_i/hls_inst/inst/control_s_axi_U/ap_start
    SLICE_X50Y55         LUT6 (Prop_lut6_I4_O)        0.124     2.813 r  bd_0_i/hls_inst/inst/control_s_axi_U/icmp_ln20_1_reg_348[0]_i_32/O
                         net (fo=1, routed)           0.628     3.441    bd_0_i/hls_inst/inst/control_s_axi_U/icmp_ln20_1_reg_348[0]_i_32_n_0
    SLICE_X48Y54         CARRY4 (Prop_carry4_DI[0]_CO[3])
                                                      0.526     3.967 r  bd_0_i/hls_inst/inst/control_s_axi_U/icmp_ln20_1_reg_348_reg[0]_i_20/CO[3]
                         net (fo=1, routed)           0.000     3.967    bd_0_i/hls_inst/inst/control_s_axi_U/icmp_ln20_1_reg_348_reg[0]_i_20_n_0
    SLICE_X48Y55         CARRY4 (Prop_carry4_CI_CO[3])
                                                      0.114     4.081 r  bd_0_i/hls_inst/inst/control_s_axi_U/icmp_ln20_1_reg_348_reg[0]_i_11/CO[3]
                         net (fo=1, routed)           0.000     4.081    bd_0_i/hls_inst/inst/control_s_axi_U/icmp_ln20_1_reg_348_reg[0]_i_11_n_0
    SLICE_X48Y56         CARRY4 (Prop_carry4_CI_CO[3])
                                                      0.114     4.195 r  bd_0_i/hls_inst/inst/control_s_axi_U/icmp_ln20_1_reg_348_reg[0]_i_2/CO[3]
                         net (fo=1, routed)           0.000     4.195    bd_0_i/hls_inst/inst/control_s_axi_U/icmp_ln20_1_reg_348_reg[0]_i_2_n_0
    SLICE_X48Y57         CARRY4 (Prop_carry4_CI_CO[3])
                                                      0.114     4.309 f  bd_0_i/hls_inst/inst/control_s_axi_U/icmp_ln20_1_reg_348_reg[0]_i_1/CO[3]
                         net (fo=6, routed)           1.358     5.667    bd_0_i/hls_inst/inst/control_s_axi_U/CO[0]
    SLICE_X48Y46         LUT5 (Prop_lut5_I3_O)        0.124     5.791 r  bd_0_i/hls_inst/inst/control_s_axi_U/i_fu_112[30]_i_1/O
                         net (fo=31, routed)          0.883     6.674    bd_0_i/hls_inst/inst/control_s_axi_U_n_0
    SLICE_X49Y56         FDRE                                         r  bd_0_i/hls_inst/inst/i_fu_112_reg[28]/R
  -------------------------------------------------------------------    -------------------

                         (clock ap_clk rise edge)    10.000    10.000 r  <hidden>
                                                      0.000    10.000 r  ap_clk
                         net (fo=3947, unset)         0.924    10.924    bd_0_i/hls_inst/inst/ap_clk
    SLICE_X49Y56         FDRE                                         r  bd_0_i/hls_inst/inst/i_fu_112_reg[28]/C
                         clock pessimism              0.000    10.924    <hidden>
                         clock uncertainty           -0.035    10.889    <hidden>
    SLICE_X49Y56         FDRE (Setup_fdre_C_R)       -0.429    10.460    bd_0_i/hls_inst/inst/i_fu_112_reg[28]
  -------------------------------------------------------------------
                         required time                         10.460    <hidden>
                         arrival time                          -6.674    <hidden>
  -------------------------------------------------------------------
                         slack                                  3.786    <hidden>

Slack (MET) :             3.853ns  (required time - arrival time)
  Source:                 bd_0_i/hls_inst/inst/control_s_axi_U/int_ap_start_reg/C
                            (rising edge-triggered cell FDRE clocked by ap_clk  {rise@0.000ns fall@5.000ns period=10.000ns})
  Destination:            bd_0_i/hls_inst/inst/i_fu_112_reg[29]/R
                            (rising edge-triggered cell FDRE clocked by ap_clk  {rise@0.000ns fall@5.000ns period=10.000ns})
  Path Group:             ap_clk
  Path Type:              Setup (Max at Slow Process Corner)
  Requirement:            10.000ns  (ap_clk rise@10.000ns - ap_clk rise@0.000ns)
  Data Path Delay:        5.634ns  (logic 1.634ns (29.001%)  route 4.000ns (70.999%))
  Logic Levels:           6  (CARRY4=4 LUT5=1 LUT6=1)
  Clock Path Skew:        -0.049ns (DCD - SCD + CPR)
    Destination Clock Delay (DCD):    0.924ns = ( 10.924 - 10.000 ) 
    Source Clock Delay      (SCD):    0.973ns
    Clock Pessimism Removal (CPR):    0.000ns
  Clock Uncertainty:      0.035ns  ((TSJ^2 + TIJ^2)^1/2 + DJ) / 2 + PE
    Total System Jitter     (TSJ):    0.071ns
    Total Input Jitter      (TIJ):    0.000ns
    Discrete Jitter          (DJ):    0.000ns
    Phase Error              (PE):    0.000ns

    Location             Delay type                Incr(ns)  Path(ns)    Netlist Resource(s)
  -------------------------------------------------------------------    -------------------
                         (clock ap_clk rise edge)     0.000     0.000 r  <hidden>
                                                      0.000     0.000 r  ap_clk
                         net (fo=3947, unset)         0.973     0.973    bd_0_i/hls_inst/inst/control_s_axi_U/ap_clk
    SLICE_X50Y46         FDRE                                         r  bd_0_i/hls_inst/inst/control_s_axi_U/int_ap_start_reg/C
  -------------------------------------------------------------------    -------------------
    SLICE_X50Y46         FDRE (Prop_fdre_C_Q)         0.518     1.491 r  bd_0_i/hls_inst/inst/control_s_axi_U/int_ap_start_reg/Q
                         net (fo=74, routed)          1.198     2.689    bd_0_i/hls_inst/inst/control_s_axi_U/ap_start
    SLICE_X50Y55         LUT6 (Prop_lut6_I4_O)        0.124     2.813 r  bd_0_i/hls_inst/inst/control_s_axi_U/icmp_ln20_1_reg_348[0]_i_32/O
                         net (fo=1, routed)           0.628     3.441    bd_0_i/hls_inst/inst/control_s_axi_U/icmp_ln20_1_reg_348[0]_i_32_n_0
    SLICE_X48Y54         CARRY4 (Prop_carry4_DI[0]_CO[3])
                                                      0.526     3.967 r  bd_0_i/hls_inst/inst/control_s_axi_U/icmp_ln20_1_reg_348_reg[0]_i_20/CO[3]
                         net (fo=1, routed)           0.000     3.967    bd_0_i/hls_inst/inst/control_s_axi_U/icmp_ln20_1_reg_348_reg[0]_i_20_n_0
    SLICE_X48Y55         CARRY4 (Prop_carry4_CI_CO[3])
                                                      0.114     4.081 r  bd_0_i/hls_inst/inst/control_s_axi_U/icmp_ln20_1_reg_348_reg[0]_i_11/CO[3]
                         net (fo=1, routed)           0.000     4.081    bd_0_i/hls_inst/inst/control_s_axi_U/icmp_ln20_1_reg_348_reg[0]_i_11_n_0
    SLICE_X48Y56         CARRY4 (Prop_carry4_CI_CO[3])
                                                      0.114     4.195 r  bd_0_i/hls_inst/inst/control_s_axi_U/icmp_ln20_1_reg_348_reg[0]_i_2/CO[3]
                         net (fo=1, routed)           0.000     4.195    bd_0_i/hls_inst/inst/control_s_axi_U/icmp_ln20_1_reg_348_reg[0]_i_2_n_0
    SLICE_X48Y57         CARRY4 (Prop_carry4_CI_CO[3])
                                                      0.114     4.309 f  bd_0_i/hls_inst/inst/control_s_axi_U/icmp_ln20_1_reg_348_reg[0]_i_1/CO[3]
                         net (fo=6, routed)           1.358     5.667    bd_0_i/hls_inst/inst/control_s_axi_U/CO[0]
    SLICE_X48Y46         LUT5 (Prop_lut5_I3_O)        0.124     5.791 r  bd_0_i/hls_inst/inst/control_s_axi_U/i_fu_112[30]_i_1/O
                         net (fo=31, routed)          0.816     6.607    bd_0_i/hls_inst/inst/control_s_axi_U_n_0
    SLICE_X49Y57         FDRE                                         r  bd_0_i/hls_inst/inst/i_fu_112_reg[29]/R
  -------------------------------------------------------------------    -------------------

                         (clock ap_clk rise edge)    10.000    10.000 r  <hidden>
                                                      0.000    10.000 r  ap_clk
                         net (fo=3947, unset)         0.924    10.924    bd_0_i/hls_inst/inst/ap_clk
    SLICE_X49Y57         FDRE                                         r  bd_0_i/hls_inst/inst/i_fu_112_reg[29]/C
                         clock pessimism              0.000    10.924    <hidden>
                         clock uncertainty           -0.035    10.889    <hidden>
    SLICE_X49Y57         FDRE (Setup_fdre_C_R)       -0.429    10.460    bd_0_i/hls_inst/inst/i_fu_112_reg[29]
  -------------------------------------------------------------------
                         required time                         10.460    <hidden>
                         arrival time                          -6.607    <hidden>
  -------------------------------------------------------------------
                         slack                                  3.853    <hidden>

Slack (MET) :             3.853ns  (required time - arrival time)
  Source:                 bd_0_i/hls_inst/inst/control_s_axi_U/int_ap_start_reg/C
                            (rising edge-triggered cell FDRE clocked by ap_clk  {rise@0.000ns fall@5.000ns period=10.000ns})
  Destination:            bd_0_i/hls_inst/inst/i_fu_112_reg[30]/R
                            (rising edge-triggered cell FDRE clocked by ap_clk  {rise@0.000ns fall@5.000ns period=10.000ns})
  Path Group:             ap_clk
  Path Type:              Setup (Max at Slow Process Corner)
  Requirement:            10.000ns  (ap_clk rise@10.000ns - ap_clk rise@0.000ns)
  Data Path Delay:        5.634ns  (logic 1.634ns (29.001%)  route 4.000ns (70.999%))
  Logic Levels:           6  (CARRY4=4 LUT5=1 LUT6=1)
  Clock Path Skew:        -0.049ns (DCD - SCD + CPR)
    Destination Clock Delay (DCD):    0.924ns = ( 10.924 - 10.000 ) 
    Source Clock Delay      (SCD):    0.973ns
    Clock Pessimism Removal (CPR):    0.000ns
  Clock Uncertainty:      0.035ns  ((TSJ^2 + TIJ^2)^1/2 + DJ) / 2 + PE
    Total System Jitter     (TSJ):    0.071ns
    Total Input Jitter      (TIJ):    0.000ns
    Discrete Jitter          (DJ):    0.000ns
    Phase Error              (PE):    0.000ns

    Location             Delay type                Incr(ns)  Path(ns)    Netlist Resource(s)
  -------------------------------------------------------------------    -------------------
                         (clock ap_clk rise edge)     0.000     0.000 r  <hidden>
                                                      0.000     0.000 r  ap_clk
                         net (fo=3947, unset)         0.973     0.973    bd_0_i/hls_inst/inst/control_s_axi_U/ap_clk
    SLICE_X50Y46         FDRE                                         r  bd_0_i/hls_inst/inst/control_s_axi_U/int_ap_start_reg/C
  -------------------------------------------------------------------    -------------------
    SLICE_X50Y46         FDRE (Prop_fdre_C_Q)         0.518     1.491 r  bd_0_i/hls_inst/inst/control_s_axi_U/int_ap_start_reg/Q
                         net (fo=74, routed)          1.198     2.689    bd_0_i/hls_inst/inst/control_s_axi_U/ap_start
    SLICE_X50Y55         LUT6 (Prop_lut6_I4_O)        0.124     2.813 r  bd_0_i/hls_inst/inst/control_s_axi_U/icmp_ln20_1_reg_348[0]_i_32/O
                         net (fo=1, routed)           0.628     3.441    bd_0_i/hls_inst/inst/control_s_axi_U/icmp_ln20_1_reg_348[0]_i_32_n_0
    SLICE_X48Y54         CARRY4 (Prop_carry4_DI[0]_CO[3])
                                                      0.526     3.967 r  bd_0_i/hls_inst/inst/control_s_axi_U/icmp_ln20_1_reg_348_reg[0]_i_20/CO[3]
                         net (fo=1, routed)           0.000     3.967    bd_0_i/hls_inst/inst/control_s_axi_U/icmp_ln20_1_reg_348_reg[0]_i_20_n_0
    SLICE_X48Y55         CARRY4 (Prop_carry4_CI_CO[3])
                                                      0.114     4.081 r  bd_0_i/hls_inst/inst/control_s_axi_U/icmp_ln20_1_reg_348_reg[0]_i_11/CO[3]
                         net (fo=1, routed)           0.000     4.081    bd_0_i/hls_inst/inst/control_s_axi_U/icmp_ln20_1_reg_348_reg[0]_i_11_n_0
    SLICE_X48Y56         CARRY4 (Prop_carry4_CI_CO[3])
                                                      0.114     4.195 r  bd_0_i/hls_inst/inst/control_s_axi_U/icmp_ln20_1_reg_348_reg[0]_i_2/CO[3]
                         net (fo=1, routed)           0.000     4.195    bd_0_i/hls_inst/inst/control_s_axi_U/icmp_ln20_1_reg_348_reg[0]_i_2_n_0
    SLICE_X48Y57         CARRY4 (Prop_carry4_CI_CO[3])
                                                      0.114     4.309 f  bd_0_i/hls_inst/inst/control_s_axi_U/icmp_ln20_1_reg_348_reg[0]_i_1/CO[3]
                         net (fo=6, routed)           1.358     5.667    bd_0_i/hls_inst/inst/control_s_axi_U/CO[0]
    SLICE_X48Y46         LUT5 (Prop_lut5_I3_O)        0.124     5.791 r  bd_0_i/hls_inst/inst/control_s_axi_U/i_fu_112[30]_i_1/O
                         net (fo=31, routed)          0.816     6.607    bd_0_i/hls_inst/inst/control_s_axi_U_n_0
    SLICE_X49Y57         FDRE                                         r  bd_0_i/hls_inst/inst/i_fu_112_reg[30]/R
  -------------------------------------------------------------------    -------------------

                         (clock ap_clk rise edge)    10.000    10.000 r  <hidden>
                                                      0.000    10.000 r  ap_clk
                         net (fo=3947, unset)         0.924    10.924    bd_0_i/hls_inst/inst/ap_clk
    SLICE_X49Y57         FDRE                                         r  bd_0_i/hls_inst/inst/i_fu_112_reg[30]/C
                         clock pessimism              0.000    10.924    <hidden>
                         clock uncertainty           -0.035    10.889    <hidden>
    SLICE_X49Y57         FDRE (Setup_fdre_C_R)       -0.429    10.460    bd_0_i/hls_inst/inst/i_fu_112_reg[30]
  -------------------------------------------------------------------
                         required time                         10.460    <hidden>
                         arrival time                          -6.607    <hidden>
  -------------------------------------------------------------------
                         slack                                  3.853    <hidden>

Slack (MET) :             3.925ns  (required time - arrival time)
  Source:                 bd_0_i/hls_inst/inst/control_s_axi_U/int_ap_start_reg/C
                            (rising edge-triggered cell FDRE clocked by ap_clk  {rise@0.000ns fall@5.000ns period=10.000ns})
  Destination:            bd_0_i/hls_inst/inst/i_fu_112_reg[21]/R
                            (rising edge-triggered cell FDRE clocked by ap_clk  {rise@0.000ns fall@5.000ns period=10.000ns})
  Path Group:             ap_clk
  Path Type:              Setup (Max at Slow Process Corner)
  Requirement:            10.000ns  (ap_clk rise@10.000ns - ap_clk rise@0.000ns)
  Data Path Delay:        5.562ns  (logic 1.634ns (29.377%)  route 3.928ns (70.623%))
  Logic Levels:           6  (CARRY4=4 LUT5=1 LUT6=1)
  Clock Path Skew:        -0.049ns (DCD - SCD + CPR)
    Destination Clock Delay (DCD):    0.924ns = ( 10.924 - 10.000 ) 
    Source Clock Delay      (SCD):    0.973ns
    Clock Pessimism Removal (CPR):    0.000ns
  Clock Uncertainty:      0.035ns  ((TSJ^2 + TIJ^2)^1/2 + DJ) / 2 + PE
    Total System Jitter     (TSJ):    0.071ns
    Total Input Jitter      (TIJ):    0.000ns
    Discrete Jitter          (DJ):    0.000ns
    Phase Error              (PE):    0.000ns

    Location             Delay type                Incr(ns)  Path(ns)    Netlist Resource(s)
  -------------------------------------------------------------------    -------------------
                         (clock ap_clk rise edge)     0.000     0.000 r  <hidden>
                                                      0.000     0.000 r  ap_clk
                         net (fo=3947, unset)         0.973     0.973    bd_0_i/hls_inst/inst/control_s_axi_U/ap_clk
    SLICE_X50Y46         FDRE                                         r  bd_0_i/hls_inst/inst/control_s_axi_U/int_ap_start_reg/C
  -------------------------------------------------------------------    -------------------
    SLICE_X50Y46         FDRE (Prop_fdre_C_Q)         0.518     1.491 r  bd_0_i/hls_inst/inst/control_s_axi_U/int_ap_start_reg/Q
                         net (fo=74, routed)          1.198     2.689    bd_0_i/hls_inst/inst/control_s_axi_U/ap_start
    SLICE_X50Y55         LUT6 (Prop_lut6_I4_O)        0.124     2.813 r  bd_0_i/hls_inst/inst/control_s_axi_U/icmp_ln20_1_reg_348[0]_i_32/O
                         net (fo=1, routed)           0.628     3.441    bd_0_i/hls_inst/inst/control_s_axi_U/icmp_ln20_1_reg_348[0]_i_32_n_0
    SLICE_X48Y54         CARRY4 (Prop_carry4_DI[0]_CO[3])
                                                      0.526     3.967 r  bd_0_i/hls_inst/inst/control_s_axi_U/icmp_ln20_1_reg_348_reg[0]_i_20/CO[3]
                         net (fo=1, routed)           0.000     3.967    bd_0_i/hls_inst/inst/control_s_axi_U/icmp_ln20_1_reg_348_reg[0]_i_20_n_0
    SLICE_X48Y55         CARRY4 (Prop_carry4_CI_CO[3])
                                                      0.114     4.081 r  bd_0_i/hls_inst/inst/control_s_axi_U/icmp_ln20_1_reg_348_reg[0]_i_11/CO[3]
                         net (fo=1, routed)           0.000     4.081    bd_0_i/hls_inst/inst/control_s_axi_U/icmp_ln20_1_reg_348_reg[0]_i_11_n_0
    SLICE_X48Y56         CARRY4 (Prop_carry4_CI_CO[3])
                                                      0.114     4.195 r  bd_0_i/hls_inst/inst/control_s_axi_U/icmp_ln20_1_reg_348_reg[0]_i_2/CO[3]
                         net (fo=1, routed)           0.000     4.195    bd_0_i/hls_inst/inst/control_s_axi_U/icmp_ln20_1_reg_348_reg[0]_i_2_n_0
    SLICE_X48Y57         CARRY4 (Prop_carry4_CI_CO[3])
                                                      0.114     4.309 f  bd_0_i/hls_inst/inst/control_s_axi_U/icmp_ln20_1_reg_348_reg[0]_i_1/CO[3]
                         net (fo=6, routed)           1.358     5.667    bd_0_i/hls_inst/inst/control_s_axi_U/CO[0]
    SLICE_X48Y46         LUT5 (Prop_lut5_I3_O)        0.124     5.791 r  bd_0_i/hls_inst/inst/control_s_axi_U/i_fu_112[30]_i_1/O
                         net (fo=31, routed)          0.744     6.535    bd_0_i/hls_inst/inst/control_s_axi_U_n_0
    SLICE_X49Y55         FDRE                                         r  bd_0_i/hls_inst/inst/i_fu_112_reg[21]/R
  -------------------------------------------------------------------    -------------------

                         (clock ap_clk rise edge)    10.000    10.000 r  <hidden>
                                                      0.000    10.000 r  ap_clk
                         net (fo=3947, unset)         0.924    10.924    bd_0_i/hls_inst/inst/ap_clk
    SLICE_X49Y55         FDRE                                         r  bd_0_i/hls_inst/inst/i_fu_112_reg[21]/C
                         clock pessimism              0.000    10.924    <hidden>
                         clock uncertainty           -0.035    10.889    <hidden>
    SLICE_X49Y55         FDRE (Setup_fdre_C_R)       -0.429    10.460    bd_0_i/hls_inst/inst/i_fu_112_reg[21]
  -------------------------------------------------------------------
                         required time                         10.460    <hidden>
                         arrival time                          -6.535    <hidden>
  -------------------------------------------------------------------
                         slack                                  3.925    <hidden>

Slack (MET) :             3.925ns  (required time - arrival time)
  Source:                 bd_0_i/hls_inst/inst/control_s_axi_U/int_ap_start_reg/C
                            (rising edge-triggered cell FDRE clocked by ap_clk  {rise@0.000ns fall@5.000ns period=10.000ns})
  Destination:            bd_0_i/hls_inst/inst/i_fu_112_reg[22]/R
                            (rising edge-triggered cell FDRE clocked by ap_clk  {rise@0.000ns fall@5.000ns period=10.000ns})
  Path Group:             ap_clk
  Path Type:              Setup (Max at Slow Process Corner)
  Requirement:            10.000ns  (ap_clk rise@10.000ns - ap_clk rise@0.000ns)
  Data Path Delay:        5.562ns  (logic 1.634ns (29.377%)  route 3.928ns (70.623%))
  Logic Levels:           6  (CARRY4=4 LUT5=1 LUT6=1)
  Clock Path Skew:        -0.049ns (DCD - SCD + CPR)
    Destination Clock Delay (DCD):    0.924ns = ( 10.924 - 10.000 ) 
    Source Clock Delay      (SCD):    0.973ns
    Clock Pessimism Removal (CPR):    0.000ns
  Clock Uncertainty:      0.035ns  ((TSJ^2 + TIJ^2)^1/2 + DJ) / 2 + PE
    Total System Jitter     (TSJ):    0.071ns
    Total Input Jitter      (TIJ):    0.000ns
    Discrete Jitter          (DJ):    0.000ns
    Phase Error              (PE):    0.000ns

    Location             Delay type                Incr(ns)  Path(ns)    Netlist Resource(s)
  -------------------------------------------------------------------    -------------------
                         (clock ap_clk rise edge)     0.000     0.000 r  <hidden>
                                                      0.000     0.000 r  ap_clk
                         net (fo=3947, unset)         0.973     0.973    bd_0_i/hls_inst/inst/control_s_axi_U/ap_clk
    SLICE_X50Y46         FDRE                                         r  bd_0_i/hls_inst/inst/control_s_axi_U/int_ap_start_reg/C
  -------------------------------------------------------------------    -------------------
    SLICE_X50Y46         FDRE (Prop_fdre_C_Q)         0.518     1.491 r  bd_0_i/hls_inst/inst/control_s_axi_U/int_ap_start_reg/Q
                         net (fo=74, routed)          1.198     2.689    bd_0_i/hls_inst/inst/control_s_axi_U/ap_start
    SLICE_X50Y55         LUT6 (Prop_lut6_I4_O)        0.124     2.813 r  bd_0_i/hls_inst/inst/control_s_axi_U/icmp_ln20_1_reg_348[0]_i_32/O
                         net (fo=1, routed)           0.628     3.441    bd_0_i/hls_inst/inst/control_s_axi_U/icmp_ln20_1_reg_348[0]_i_32_n_0
    SLICE_X48Y54         CARRY4 (Prop_carry4_DI[0]_CO[3])
                                                      0.526     3.967 r  bd_0_i/hls_inst/inst/control_s_axi_U/icmp_ln20_1_reg_348_reg[0]_i_20/CO[3]
                         net (fo=1, routed)           0.000     3.967    bd_0_i/hls_inst/inst/control_s_axi_U/icmp_ln20_1_reg_348_reg[0]_i_20_n_0
    SLICE_X48Y55         CARRY4 (Prop_carry4_CI_CO[3])
                                                      0.114     4.081 r  bd_0_i/hls_inst/inst/control_s_axi_U/icmp_ln20_1_reg_348_reg[0]_i_11/CO[3]
                         net (fo=1, routed)           0.000     4.081    bd_0_i/hls_inst/inst/control_s_axi_U/icmp_ln20_1_reg_348_reg[0]_i_11_n_0
    SLICE_X48Y56         CARRY4 (Prop_carry4_CI_CO[3])
                                                      0.114     4.195 r  bd_0_i/hls_inst/inst/control_s_axi_U/icmp_ln20_1_reg_348_reg[0]_i_2/CO[3]
                         net (fo=1, routed)           0.000     4.195    bd_0_i/hls_inst/inst/control_s_axi_U/icmp_ln20_1_reg_348_reg[0]_i_2_n_0
    SLICE_X48Y57         CARRY4 (Prop_carry4_CI_CO[3])
                                                      0.114     4.309 f  bd_0_i/hls_inst/inst/control_s_axi_U/icmp_ln20_1_reg_348_reg[0]_i_1/CO[3]
                         net (fo=6, routed)           1.358     5.667    bd_0_i/hls_inst/inst/control_s_axi_U/CO[0]
    SLICE_X48Y46         LUT5 (Prop_lut5_I3_O)        0.124     5.791 r  bd_0_i/hls_inst/inst/control_s_axi_U/i_fu_112[30]_i_1/O
                         net (fo=31, routed)          0.744     6.535    bd_0_i/hls_inst/inst/control_s_axi_U_n_0
    SLICE_X49Y55         FDRE                                         r  bd_0_i/hls_inst/inst/i_fu_112_reg[22]/R
  -------------------------------------------------------------------    -------------------

                         (clock ap_clk rise edge)    10.000    10.000 r  <hidden>
                                                      0.000    10.000 r  ap_clk
                         net (fo=3947, unset)         0.924    10.924    bd_0_i/hls_inst/inst/ap_clk
    SLICE_X49Y55         FDRE                                         r  bd_0_i/hls_inst/inst/i_fu_112_reg[22]/C
                         clock pessimism              0.000    10.924    <hidden>
                         clock uncertainty           -0.035    10.889    <hidden>
    SLICE_X49Y55         FDRE (Setup_fdre_C_R)       -0.429    10.460    bd_0_i/hls_inst/inst/i_fu_112_reg[22]
  -------------------------------------------------------------------
                         required time                         10.460    <hidden>
                         arrival time                          -6.535    <hidden>
  -------------------------------------------------------------------
                         slack                                  3.925    <hidden>

Slack (MET) :             3.925ns  (required time - arrival time)
  Source:                 bd_0_i/hls_inst/inst/control_s_axi_U/int_ap_start_reg/C
                            (rising edge-triggered cell FDRE clocked by ap_clk  {rise@0.000ns fall@5.000ns period=10.000ns})
  Destination:            bd_0_i/hls_inst/inst/i_fu_112_reg[23]/R
                            (rising edge-triggered cell FDRE clocked by ap_clk  {rise@0.000ns fall@5.000ns period=10.000ns})
  Path Group:             ap_clk
  Path Type:              Setup (Max at Slow Process Corner)
  Requirement:            10.000ns  (ap_clk rise@10.000ns - ap_clk rise@0.000ns)
  Data Path Delay:        5.562ns  (logic 1.634ns (29.377%)  route 3.928ns (70.623%))
  Logic Levels:           6  (CARRY4=4 LUT5=1 LUT6=1)
  Clock Path Skew:        -0.049ns (DCD - SCD + CPR)
    Destination Clock Delay (DCD):    0.924ns = ( 10.924 - 10.000 ) 
    Source Clock Delay      (SCD):    0.973ns
    Clock Pessimism Removal (CPR):    0.000ns
  Clock Uncertainty:      0.035ns  ((TSJ^2 + TIJ^2)^1/2 + DJ) / 2 + PE
    Total System Jitter     (TSJ):    0.071ns
    Total Input Jitter      (TIJ):    0.000ns
    Discrete Jitter          (DJ):    0.000ns
    Phase Error              (PE):    0.000ns

    Location             Delay type                Incr(ns)  Path(ns)    Netlist Resource(s)
  -------------------------------------------------------------------    -------------------
                         (clock ap_clk rise edge)     0.000     0.000 r  <hidden>
                                                      0.000     0.000 r  ap_clk
                         net (fo=3947, unset)         0.973     0.973    bd_0_i/hls_inst/inst/control_s_axi_U/ap_clk
    SLICE_X50Y46         FDRE                                         r  bd_0_i/hls_inst/inst/control_s_axi_U/int_ap_start_reg/C
  -------------------------------------------------------------------    -------------------
    SLICE_X50Y46         FDRE (Prop_fdre_C_Q)         0.518     1.491 r  bd_0_i/hls_inst/inst/control_s_axi_U/int_ap_start_reg/Q
                         net (fo=74, routed)          1.198     2.689    bd_0_i/hls_inst/inst/control_s_axi_U/ap_start
    SLICE_X50Y55         LUT6 (Prop_lut6_I4_O)        0.124     2.813 r  bd_0_i/hls_inst/inst/control_s_axi_U/icmp_ln20_1_reg_348[0]_i_32/O
                         net (fo=1, routed)           0.628     3.441    bd_0_i/hls_inst/inst/control_s_axi_U/icmp_ln20_1_reg_348[0]_i_32_n_0
    SLICE_X48Y54         CARRY4 (Prop_carry4_DI[0]_CO[3])
                                                      0.526     3.967 r  bd_0_i/hls_inst/inst/control_s_axi_U/icmp_ln20_1_reg_348_reg[0]_i_20/CO[3]
                         net (fo=1, routed)           0.000     3.967    bd_0_i/hls_inst/inst/control_s_axi_U/icmp_ln20_1_reg_348_reg[0]_i_20_n_0
    SLICE_X48Y55         CARRY4 (Prop_carry4_CI_CO[3])
                                                      0.114     4.081 r  bd_0_i/hls_inst/inst/control_s_axi_U/icmp_ln20_1_reg_348_reg[0]_i_11/CO[3]
                         net (fo=1, routed)           0.000     4.081    bd_0_i/hls_inst/inst/control_s_axi_U/icmp_ln20_1_reg_348_reg[0]_i_11_n_0
    SLICE_X48Y56         CARRY4 (Prop_carry4_CI_CO[3])
                                                      0.114     4.195 r  bd_0_i/hls_inst/inst/control_s_axi_U/icmp_ln20_1_reg_348_reg[0]_i_2/CO[3]
                         net (fo=1, routed)           0.000     4.195    bd_0_i/hls_inst/inst/control_s_axi_U/icmp_ln20_1_reg_348_reg[0]_i_2_n_0
    SLICE_X48Y57         CARRY4 (Prop_carry4_CI_CO[3])
                                                      0.114     4.309 f  bd_0_i/hls_inst/inst/control_s_axi_U/icmp_ln20_1_reg_348_reg[0]_i_1/CO[3]
                         net (fo=6, routed)           1.358     5.667    bd_0_i/hls_inst/inst/control_s_axi_U/CO[0]
    SLICE_X48Y46         LUT5 (Prop_lut5_I3_O)        0.124     5.791 r  bd_0_i/hls_inst/inst/control_s_axi_U/i_fu_112[30]_i_1/O
                         net (fo=31, routed)          0.744     6.535    bd_0_i/hls_inst/inst/control_s_axi_U_n_0
    SLICE_X49Y55         FDRE                                         r  bd_0_i/hls_inst/inst/i_fu_112_reg[23]/R
  -------------------------------------------------------------------    -------------------

                         (clock ap_clk rise edge)    10.000    10.000 r  <hidden>
                                                      0.000    10.000 r  ap_clk
                         net (fo=3947, unset)         0.924    10.924    bd_0_i/hls_inst/inst/ap_clk
    SLICE_X49Y55         FDRE                                         r  bd_0_i/hls_inst/inst/i_fu_112_reg[23]/C
                         clock pessimism              0.000    10.924    <hidden>
                         clock uncertainty           -0.035    10.889    <hidden>
    SLICE_X49Y55         FDRE (Setup_fdre_C_R)       -0.429    10.460    bd_0_i/hls_inst/inst/i_fu_112_reg[23]
  -------------------------------------------------------------------
                         required time                         10.460    <hidden>
                         arrival time                          -6.535    <hidden>
  -------------------------------------------------------------------
                         slack                                  3.925    <hidden>

Slack (MET) :             3.925ns  (required time - arrival time)
  Source:                 bd_0_i/hls_inst/inst/control_s_axi_U/int_ap_start_reg/C
                            (rising edge-triggered cell FDRE clocked by ap_clk  {rise@0.000ns fall@5.000ns period=10.000ns})
  Destination:            bd_0_i/hls_inst/inst/i_fu_112_reg[24]/R
                            (rising edge-triggered cell FDRE clocked by ap_clk  {rise@0.000ns fall@5.000ns period=10.000ns})
  Path Group:             ap_clk
  Path Type:              Setup (Max at Slow Process Corner)
  Requirement:            10.000ns  (ap_clk rise@10.000ns - ap_clk rise@0.000ns)
  Data Path Delay:        5.562ns  (logic 1.634ns (29.377%)  route 3.928ns (70.623%))
  Logic Levels:           6  (CARRY4=4 LUT5=1 LUT6=1)
  Clock Path Skew:        -0.049ns (DCD - SCD + CPR)
    Destination Clock Delay (DCD):    0.924ns = ( 10.924 - 10.000 ) 
    Source Clock Delay      (SCD):    0.973ns
    Clock Pessimism Removal (CPR):    0.000ns
  Clock Uncertainty:      0.035ns  ((TSJ^2 + TIJ^2)^1/2 + DJ) / 2 + PE
    Total System Jitter     (TSJ):    0.071ns
    Total Input Jitter      (TIJ):    0.000ns
    Discrete Jitter          (DJ):    0.000ns
    Phase Error              (PE):    0.000ns

    Location             Delay type                Incr(ns)  Path(ns)    Netlist Resource(s)
  -------------------------------------------------------------------    -------------------
                         (clock ap_clk rise edge)     0.000     0.000 r  <hidden>
                                                      0.000     0.000 r  ap_clk
                         net (fo=3947, unset)         0.973     0.973    bd_0_i/hls_inst/inst/control_s_axi_U/ap_clk
    SLICE_X50Y46         FDRE                                         r  bd_0_i/hls_inst/inst/control_s_axi_U/int_ap_start_reg/C
  -------------------------------------------------------------------    -------------------
    SLICE_X50Y46         FDRE (Prop_fdre_C_Q)         0.518     1.491 r  bd_0_i/hls_inst/inst/control_s_axi_U/int_ap_start_reg/Q
                         net (fo=74, routed)          1.198     2.689    bd_0_i/hls_inst/inst/control_s_axi_U/ap_start
    SLICE_X50Y55         LUT6 (Prop_lut6_I4_O)        0.124     2.813 r  bd_0_i/hls_inst/inst/control_s_axi_U/icmp_ln20_1_reg_348[0]_i_32/O
                         net (fo=1, routed)           0.628     3.441    bd_0_i/hls_inst/inst/control_s_axi_U/icmp_ln20_1_reg_348[0]_i_32_n_0
    SLICE_X48Y54         CARRY4 (Prop_carry4_DI[0]_CO[3])
                                                      0.526     3.967 r  bd_0_i/hls_inst/inst/control_s_axi_U/icmp_ln20_1_reg_348_reg[0]_i_20/CO[3]
                         net (fo=1, routed)           0.000     3.967    bd_0_i/hls_inst/inst/control_s_axi_U/icmp_ln20_1_reg_348_reg[0]_i_20_n_0
    SLICE_X48Y55         CARRY4 (Prop_carry4_CI_CO[3])
                                                      0.114     4.081 r  bd_0_i/hls_inst/inst/control_s_axi_U/icmp_ln20_1_reg_348_reg[0]_i_11/CO[3]
                         net (fo=1, routed)           0.000     4.081    bd_0_i/hls_inst/inst/control_s_axi_U/icmp_ln20_1_reg_348_reg[0]_i_11_n_0
    SLICE_X48Y56         CARRY4 (Prop_carry4_CI_CO[3])
                                                      0.114     4.195 r  bd_0_i/hls_inst/inst/control_s_axi_U/icmp_ln20_1_reg_348_reg[0]_i_2/CO[3]
                         net (fo=1, routed)           0.000     4.195    bd_0_i/hls_inst/inst/control_s_axi_U/icmp_ln20_1_reg_348_reg[0]_i_2_n_0
    SLICE_X48Y57         CARRY4 (Prop_carry4_CI_CO[3])
                                                      0.114     4.309 f  bd_0_i/hls_inst/inst/control_s_axi_U/icmp_ln20_1_reg_348_reg[0]_i_1/CO[3]
                         net (fo=6, routed)           1.358     5.667    bd_0_i/hls_inst/inst/control_s_axi_U/CO[0]
    SLICE_X48Y46         LUT5 (Prop_lut5_I3_O)        0.124     5.791 r  bd_0_i/hls_inst/inst/control_s_axi_U/i_fu_112[30]_i_1/O
                         net (fo=31, routed)          0.744     6.535    bd_0_i/hls_inst/inst/control_s_axi_U_n_0
    SLICE_X49Y55         FDRE                                         r  bd_0_i/hls_inst/inst/i_fu_112_reg[24]/R
  -------------------------------------------------------------------    -------------------

                         (clock ap_clk rise edge)    10.000    10.000 r  <hidden>
                                                      0.000    10.000 r  ap_clk
                         net (fo=3947, unset)         0.924    10.924    bd_0_i/hls_inst/inst/ap_clk
    SLICE_X49Y55         FDRE                                         r  bd_0_i/hls_inst/inst/i_fu_112_reg[24]/C
                         clock pessimism              0.000    10.924    <hidden>
                         clock uncertainty           -0.035    10.889    <hidden>
    SLICE_X49Y55         FDRE (Setup_fdre_C_R)       -0.429    10.460    bd_0_i/hls_inst/inst/i_fu_112_reg[24]
  -------------------------------------------------------------------
                         required time                         10.460    <hidden>
                         arrival time                          -6.535    <hidden>
  -------------------------------------------------------------------
                         slack                                  3.925    <hidden>




