Copyright 1986-2022 Xilinx, Inc. All Rights Reserved. Copyright 2022-2026 Advanced Micro Devices, Inc. All Rights Reserved.
---------------------------------------------------------------------------------------------------------------------------------------------
| Tool Version : Vivado v.2026.1 (win64) Build 6511674 Tue Jun 16 11:02:23 MDT 2026
| Date         : Tue Sep  8 00:05:24 2026
| Host         : DESKTOP-55UAODO running 64-bit major release  (build 9200)
| Command      : report_timing -max_paths 10 -file ./report/vector_mult_timing_paths_synth.rpt
| Design       : bd_0_wrapper
| Device       : 7z020-clg400
| Speed File   : -1  PRODUCTION 1.12 2019-11-22
| Design State : Synthesized
---------------------------------------------------------------------------------------------------------------------------------------------

Timing Report

Slack (MET) :             4.165ns  (required time - arrival time)
  Source:                 bd_0_i/hls_inst/inst/i_fu_112_reg[2]/C
                            (rising edge-triggered cell FDRE clocked by ap_clk  {rise@0.000ns fall@5.000ns period=10.000ns})
  Destination:            bd_0_i/hls_inst/inst/i_fu_112_reg[0]/R
                            (rising edge-triggered cell FDRE clocked by ap_clk  {rise@0.000ns fall@5.000ns period=10.000ns})
  Path Group:             ap_clk
  Path Type:              Setup (Max at Slow Process Corner)
  Requirement:            10.000ns  (ap_clk rise@10.000ns - ap_clk rise@0.000ns)
  Data Path Delay:        5.227ns  (logic 1.800ns (34.437%)  route 3.427ns (65.563%))
  Logic Levels:           6  (CARRY4=4 LUT5=1 LUT6=1)
  Clock Path Skew:        -0.049ns (DCD - SCD + CPR)
    Destination Clock Delay (DCD):    0.924ns = ( 10.924 - 10.000 ) 
    Source Clock Delay      (SCD):    0.973ns
    Clock Pessimism Removal (CPR):    0.000ns
  Clock Uncertainty:      0.035ns  ((TSJ^2 + TIJ^2)^1/2 + DJ) / 2 + PE
    Total System Jitter     (TSJ):    0.071ns
    Total Input Jitter      (TIJ):    0.000ns
    Discrete Jitter          (DJ):    0.000ns
    Phase Error              (PE):    0.000ns

    Location             Delay type                Incr(ns)  Path(ns)    Netlist Resource(s)
  -------------------------------------------------------------------    -------------------
                         (clock ap_clk rise edge)     0.000     0.000 r  <hidden>
                                                      0.000     0.000 r  ap_clk
                         net (fo=3947, unset)         0.973     0.973    bd_0_i/hls_inst/inst/ap_clk
                         FDRE                                         r  bd_0_i/hls_inst/inst/i_fu_112_reg[2]/C
  -------------------------------------------------------------------    -------------------
                         FDRE (Prop_fdre_C_Q)         0.518     1.491 f  bd_0_i/hls_inst/inst/i_fu_112_reg[2]/Q
                         net (fo=3, unplaced)         0.983     2.474    bd_0_i/hls_inst/inst/control_s_axi_U/Q[2]
                         LUT6 (Prop_lut6_I0_O)        0.295     2.769 r  bd_0_i/hls_inst/inst/control_s_axi_U/icmp_ln20_1_reg_348[0]_i_31/O
                         net (fo=1, unplaced)         0.639     3.408    bd_0_i/hls_inst/inst/control_s_axi_U/icmp_ln20_1_reg_348[0]_i_31_n_0
                         CARRY4 (Prop_carry4_DI[1]_CO[3])
                                                      0.520     3.928 r  bd_0_i/hls_inst/inst/control_s_axi_U/icmp_ln20_1_reg_348_reg[0]_i_20/CO[3]
                         net (fo=1, unplaced)         0.009     3.937    bd_0_i/hls_inst/inst/control_s_axi_U/icmp_ln20_1_reg_348_reg[0]_i_20_n_0
                         CARRY4 (Prop_carry4_CI_CO[3])
                                                      0.117     4.054 r  bd_0_i/hls_inst/inst/control_s_axi_U/icmp_ln20_1_reg_348_reg[0]_i_11/CO[3]
                         net (fo=1, unplaced)         0.000     4.054    bd_0_i/hls_inst/inst/control_s_axi_U/icmp_ln20_1_reg_348_reg[0]_i_11_n_0
                         CARRY4 (Prop_carry4_CI_CO[3])
                                                      0.117     4.171 r  bd_0_i/hls_inst/inst/control_s_axi_U/icmp_ln20_1_reg_348_reg[0]_i_2/CO[3]
                         net (fo=1, unplaced)         0.000     4.171    bd_0_i/hls_inst/inst/control_s_axi_U/icmp_ln20_1_reg_348_reg[0]_i_2_n_0
                         CARRY4 (Prop_carry4_CI_CO[3])
                                                      0.117     4.288 f  bd_0_i/hls_inst/inst/control_s_axi_U/icmp_ln20_1_reg_348_reg[0]_i_1/CO[3]
                         net (fo=6, unplaced)         0.950     5.238    bd_0_i/hls_inst/inst/control_s_axi_U/CO[0]
                         LUT5 (Prop_lut5_I3_O)        0.116     5.354 r  bd_0_i/hls_inst/inst/control_s_axi_U/i_fu_112[30]_i_1/O
                         net (fo=31, unplaced)        0.846     6.200    bd_0_i/hls_inst/inst/control_s_axi_U_n_0
                         FDRE                                         r  bd_0_i/hls_inst/inst/i_fu_112_reg[0]/R
  -------------------------------------------------------------------    -------------------

                         (clock ap_clk rise edge)    10.000    10.000 r  <hidden>
                                                      0.000    10.000 r  ap_clk
                         net (fo=3947, unset)         0.924    10.924    bd_0_i/hls_inst/inst/ap_clk
                         FDRE                                         r  bd_0_i/hls_inst/inst/i_fu_112_reg[0]/C
                         clock pessimism              0.000    10.924    <hidden>
                         clock uncertainty           -0.035    10.889    <hidden>
                         FDRE (Setup_fdre_C_R)       -0.524    10.365    bd_0_i/hls_inst/inst/i_fu_112_reg[0]
  -------------------------------------------------------------------
                         required time                         10.365    <hidden>
                         arrival time                          -6.200    <hidden>
  -------------------------------------------------------------------
                         slack                                  4.165    <hidden>

Slack (MET) :             4.165ns  (required time - arrival time)
  Source:                 bd_0_i/hls_inst/inst/i_fu_112_reg[2]/C
                            (rising edge-triggered cell FDRE clocked by ap_clk  {rise@0.000ns fall@5.000ns period=10.000ns})
  Destination:            bd_0_i/hls_inst/inst/i_fu_112_reg[10]/R
                            (rising edge-triggered cell FDRE clocked by ap_clk  {rise@0.000ns fall@5.000ns period=10.000ns})
  Path Group:             ap_clk
  Path Type:              Setup (Max at Slow Process Corner)
  Requirement:            10.000ns  (ap_clk rise@10.000ns - ap_clk rise@0.000ns)
  Data Path Delay:        5.227ns  (logic 1.800ns (34.437%)  route 3.427ns (65.563%))
  Logic Levels:           6  (CARRY4=4 LUT5=1 LUT6=1)
  Clock Path Skew:        -0.049ns (DCD - SCD + CPR)
    Destination Clock Delay (DCD):    0.924ns = ( 10.924 - 10.000 ) 
    Source Clock Delay      (SCD):    0.973ns
    Clock Pessimism Removal (CPR):    0.000ns
  Clock Uncertainty:      0.035ns  ((TSJ^2 + TIJ^2)^1/2 + DJ) / 2 + PE
    Total System Jitter     (TSJ):    0.071ns
    Total Input Jitter      (TIJ):    0.000ns
    Discrete Jitter          (DJ):    0.000ns
    Phase Error              (PE):    0.000ns

    Location             Delay type                Incr(ns)  Path(ns)    Netlist Resource(s)
  -------------------------------------------------------------------    -------------------
                         (clock ap_clk rise edge)     0.000     0.000 r  <hidden>
                                                      0.000     0.000 r  ap_clk
                         net (fo=3947, unset)         0.973     0.973    bd_0_i/hls_inst/inst/ap_clk
                         FDRE                                         r  bd_0_i/hls_inst/inst/i_fu_112_reg[2]/C
  -------------------------------------------------------------------    -------------------
                         FDRE (Prop_fdre_C_Q)         0.518     1.491 f  bd_0_i/hls_inst/inst/i_fu_112_reg[2]/Q
                         net (fo=3, unplaced)         0.983     2.474    bd_0_i/hls_inst/inst/control_s_axi_U/Q[2]
                         LUT6 (Prop_lut6_I0_O)        0.295     2.769 r  bd_0_i/hls_inst/inst/control_s_axi_U/icmp_ln20_1_reg_348[0]_i_31/O
                         net (fo=1, unplaced)         0.639     3.408    bd_0_i/hls_inst/inst/control_s_axi_U/icmp_ln20_1_reg_348[0]_i_31_n_0
                         CARRY4 (Prop_carry4_DI[1]_CO[3])
                                                      0.520     3.928 r  bd_0_i/hls_inst/inst/control_s_axi_U/icmp_ln20_1_reg_348_reg[0]_i_20/CO[3]
                         net (fo=1, unplaced)         0.009     3.937    bd_0_i/hls_inst/inst/control_s_axi_U/icmp_ln20_1_reg_348_reg[0]_i_20_n_0
                         CARRY4 (Prop_carry4_CI_CO[3])
                                                      0.117     4.054 r  bd_0_i/hls_inst/inst/control_s_axi_U/icmp_ln20_1_reg_348_reg[0]_i_11/CO[3]
                         net (fo=1, unplaced)         0.000     4.054    bd_0_i/hls_inst/inst/control_s_axi_U/icmp_ln20_1_reg_348_reg[0]_i_11_n_0
                         CARRY4 (Prop_carry4_CI_CO[3])
                                                      0.117     4.171 r  bd_0_i/hls_inst/inst/control_s_axi_U/icmp_ln20_1_reg_348_reg[0]_i_2/CO[3]
                         net (fo=1, unplaced)         0.000     4.171    bd_0_i/hls_inst/inst/control_s_axi_U/icmp_ln20_1_reg_348_reg[0]_i_2_n_0
                         CARRY4 (Prop_carry4_CI_CO[3])
                                                      0.117     4.288 f  bd_0_i/hls_inst/inst/control_s_axi_U/icmp_ln20_1_reg_348_reg[0]_i_1/CO[3]
                         net (fo=6, unplaced)         0.950     5.238    bd_0_i/hls_inst/inst/control_s_axi_U/CO[0]
                         LUT5 (Prop_lut5_I3_O)        0.116     5.354 r  bd_0_i/hls_inst/inst/control_s_axi_U/i_fu_112[30]_i_1/O
                         net (fo=31, unplaced)        0.846     6.200    bd_0_i/hls_inst/inst/control_s_axi_U_n_0
                         FDRE                                         r  bd_0_i/hls_inst/inst/i_fu_112_reg[10]/R
  -------------------------------------------------------------------    -------------------

                         (clock ap_clk rise edge)    10.000    10.000 r  <hidden>
                                                      0.000    10.000 r  ap_clk
                         net (fo=3947, unset)         0.924    10.924    bd_0_i/hls_inst/inst/ap_clk
                         FDRE                                         r  bd_0_i/hls_inst/inst/i_fu_112_reg[10]/C
                         clock pessimism              0.000    10.924    <hidden>
                         clock uncertainty           -0.035    10.889    <hidden>
                         FDRE (Setup_fdre_C_R)       -0.524    10.365    bd_0_i/hls_inst/inst/i_fu_112_reg[10]
  -------------------------------------------------------------------
                         required time                         10.365    <hidden>
                         arrival time                          -6.200    <hidden>
  -------------------------------------------------------------------
                         slack                                  4.165    <hidden>

Slack (MET) :             4.165ns  (required time - arrival time)
  Source:                 bd_0_i/hls_inst/inst/i_fu_112_reg[2]/C
                            (rising edge-triggered cell FDRE clocked by ap_clk  {rise@0.000ns fall@5.000ns period=10.000ns})
  Destination:            bd_0_i/hls_inst/inst/i_fu_112_reg[11]/R
                            (rising edge-triggered cell FDRE clocked by ap_clk  {rise@0.000ns fall@5.000ns period=10.000ns})
  Path Group:             ap_clk
  Path Type:              Setup (Max at Slow Process Corner)
  Requirement:            10.000ns  (ap_clk rise@10.000ns - ap_clk rise@0.000ns)
  Data Path Delay:        5.227ns  (logic 1.800ns (34.437%)  route 3.427ns (65.563%))
  Logic Levels:           6  (CARRY4=4 LUT5=1 LUT6=1)
  Clock Path Skew:        -0.049ns (DCD - SCD + CPR)
    Destination Clock Delay (DCD):    0.924ns = ( 10.924 - 10.000 ) 
    Source Clock Delay      (SCD):    0.973ns
    Clock Pessimism Removal (CPR):    0.000ns
  Clock Uncertainty:      0.035ns  ((TSJ^2 + TIJ^2)^1/2 + DJ) / 2 + PE
    Total System Jitter     (TSJ):    0.071ns
    Total Input Jitter      (TIJ):    0.000ns
    Discrete Jitter          (DJ):    0.000ns
    Phase Error              (PE):    0.000ns

    Location             Delay type                Incr(ns)  Path(ns)    Netlist Resource(s)
  -------------------------------------------------------------------    -------------------
                         (clock ap_clk rise edge)     0.000     0.000 r  <hidden>
                                                      0.000     0.000 r  ap_clk
                         net (fo=3947, unset)         0.973     0.973    bd_0_i/hls_inst/inst/ap_clk
                         FDRE                                         r  bd_0_i/hls_inst/inst/i_fu_112_reg[2]/C
  -------------------------------------------------------------------    -------------------
                         FDRE (Prop_fdre_C_Q)         0.518     1.491 f  bd_0_i/hls_inst/inst/i_fu_112_reg[2]/Q
                         net (fo=3, unplaced)         0.983     2.474    bd_0_i/hls_inst/inst/control_s_axi_U/Q[2]
                         LUT6 (Prop_lut6_I0_O)        0.295     2.769 r  bd_0_i/hls_inst/inst/control_s_axi_U/icmp_ln20_1_reg_348[0]_i_31/O
                         net (fo=1, unplaced)         0.639     3.408    bd_0_i/hls_inst/inst/control_s_axi_U/icmp_ln20_1_reg_348[0]_i_31_n_0
                         CARRY4 (Prop_carry4_DI[1]_CO[3])
                                                      0.520     3.928 r  bd_0_i/hls_inst/inst/control_s_axi_U/icmp_ln20_1_reg_348_reg[0]_i_20/CO[3]
                         net (fo=1, unplaced)         0.009     3.937    bd_0_i/hls_inst/inst/control_s_axi_U/icmp_ln20_1_reg_348_reg[0]_i_20_n_0
                         CARRY4 (Prop_carry4_CI_CO[3])
                                                      0.117     4.054 r  bd_0_i/hls_inst/inst/control_s_axi_U/icmp_ln20_1_reg_348_reg[0]_i_11/CO[3]
                         net (fo=1, unplaced)         0.000     4.054    bd_0_i/hls_inst/inst/control_s_axi_U/icmp_ln20_1_reg_348_reg[0]_i_11_n_0
                         CARRY4 (Prop_carry4_CI_CO[3])
                                                      0.117     4.171 r  bd_0_i/hls_inst/inst/control_s_axi_U/icmp_ln20_1_reg_348_reg[0]_i_2/CO[3]
                         net (fo=1, unplaced)         0.000     4.171    bd_0_i/hls_inst/inst/control_s_axi_U/icmp_ln20_1_reg_348_reg[0]_i_2_n_0
                         CARRY4 (Prop_carry4_CI_CO[3])
                                                      0.117     4.288 f  bd_0_i/hls_inst/inst/control_s_axi_U/icmp_ln20_1_reg_348_reg[0]_i_1/CO[3]
                         net (fo=6, unplaced)         0.950     5.238    bd_0_i/hls_inst/inst/control_s_axi_U/CO[0]
                         LUT5 (Prop_lut5_I3_O)        0.116     5.354 r  bd_0_i/hls_inst/inst/control_s_axi_U/i_fu_112[30]_i_1/O
                         net (fo=31, unplaced)        0.846     6.200    bd_0_i/hls_inst/inst/control_s_axi_U_n_0
                         FDRE                                         r  bd_0_i/hls_inst/inst/i_fu_112_reg[11]/R
  -------------------------------------------------------------------    -------------------

                         (clock ap_clk rise edge)    10.000    10.000 r  <hidden>
                                                      0.000    10.000 r  ap_clk
                         net (fo=3947, unset)         0.924    10.924    bd_0_i/hls_inst/inst/ap_clk
                         FDRE                                         r  bd_0_i/hls_inst/inst/i_fu_112_reg[11]/C
                         clock pessimism              0.000    10.924    <hidden>
                         clock uncertainty           -0.035    10.889    <hidden>
                         FDRE (Setup_fdre_C_R)       -0.524    10.365    bd_0_i/hls_inst/inst/i_fu_112_reg[11]
  -------------------------------------------------------------------
                         required time                         10.365    <hidden>
                         arrival time                          -6.200    <hidden>
  -------------------------------------------------------------------
                         slack                                  4.165    <hidden>

Slack (MET) :             4.165ns  (required time - arrival time)
  Source:                 bd_0_i/hls_inst/inst/i_fu_112_reg[2]/C
                            (rising edge-triggered cell FDRE clocked by ap_clk  {rise@0.000ns fall@5.000ns period=10.000ns})
  Destination:            bd_0_i/hls_inst/inst/i_fu_112_reg[12]/R
                            (rising edge-triggered cell FDRE clocked by ap_clk  {rise@0.000ns fall@5.000ns period=10.000ns})
  Path Group:             ap_clk
  Path Type:              Setup (Max at Slow Process Corner)
  Requirement:            10.000ns  (ap_clk rise@10.000ns - ap_clk rise@0.000ns)
  Data Path Delay:        5.227ns  (logic 1.800ns (34.437%)  route 3.427ns (65.563%))
  Logic Levels:           6  (CARRY4=4 LUT5=1 LUT6=1)
  Clock Path Skew:        -0.049ns (DCD - SCD + CPR)
    Destination Clock Delay (DCD):    0.924ns = ( 10.924 - 10.000 ) 
    Source Clock Delay      (SCD):    0.973ns
    Clock Pessimism Removal (CPR):    0.000ns
  Clock Uncertainty:      0.035ns  ((TSJ^2 + TIJ^2)^1/2 + DJ) / 2 + PE
    Total System Jitter     (TSJ):    0.071ns
    Total Input Jitter      (TIJ):    0.000ns
    Discrete Jitter          (DJ):    0.000ns
    Phase Error              (PE):    0.000ns

    Location             Delay type                Incr(ns)  Path(ns)    Netlist Resource(s)
  -------------------------------------------------------------------    -------------------
                         (clock ap_clk rise edge)     0.000     0.000 r  <hidden>
                                                      0.000     0.000 r  ap_clk
                         net (fo=3947, unset)         0.973     0.973    bd_0_i/hls_inst/inst/ap_clk
                         FDRE                                         r  bd_0_i/hls_inst/inst/i_fu_112_reg[2]/C
  -------------------------------------------------------------------    -------------------
                         FDRE (Prop_fdre_C_Q)         0.518     1.491 f  bd_0_i/hls_inst/inst/i_fu_112_reg[2]/Q
                         net (fo=3, unplaced)         0.983     2.474    bd_0_i/hls_inst/inst/control_s_axi_U/Q[2]
                         LUT6 (Prop_lut6_I0_O)        0.295     2.769 r  bd_0_i/hls_inst/inst/control_s_axi_U/icmp_ln20_1_reg_348[0]_i_31/O
                         net (fo=1, unplaced)         0.639     3.408    bd_0_i/hls_inst/inst/control_s_axi_U/icmp_ln20_1_reg_348[0]_i_31_n_0
                         CARRY4 (Prop_carry4_DI[1]_CO[3])
                                                      0.520     3.928 r  bd_0_i/hls_inst/inst/control_s_axi_U/icmp_ln20_1_reg_348_reg[0]_i_20/CO[3]
                         net (fo=1, unplaced)         0.009     3.937    bd_0_i/hls_inst/inst/control_s_axi_U/icmp_ln20_1_reg_348_reg[0]_i_20_n_0
                         CARRY4 (Prop_carry4_CI_CO[3])
                                                      0.117     4.054 r  bd_0_i/hls_inst/inst/control_s_axi_U/icmp_ln20_1_reg_348_reg[0]_i_11/CO[3]
                         net (fo=1, unplaced)         0.000     4.054    bd_0_i/hls_inst/inst/control_s_axi_U/icmp_ln20_1_reg_348_reg[0]_i_11_n_0
                         CARRY4 (Prop_carry4_CI_CO[3])
                                                      0.117     4.171 r  bd_0_i/hls_inst/inst/control_s_axi_U/icmp_ln20_1_reg_348_reg[0]_i_2/CO[3]
                         net (fo=1, unplaced)         0.000     4.171    bd_0_i/hls_inst/inst/control_s_axi_U/icmp_ln20_1_reg_348_reg[0]_i_2_n_0
                         CARRY4 (Prop_carry4_CI_CO[3])
                                                      0.117     4.288 f  bd_0_i/hls_inst/inst/control_s_axi_U/icmp_ln20_1_reg_348_reg[0]_i_1/CO[3]
                         net (fo=6, unplaced)         0.950     5.238    bd_0_i/hls_inst/inst/control_s_axi_U/CO[0]
                         LUT5 (Prop_lut5_I3_O)        0.116     5.354 r  bd_0_i/hls_inst/inst/control_s_axi_U/i_fu_112[30]_i_1/O
                         net (fo=31, unplaced)        0.846     6.200    bd_0_i/hls_inst/inst/control_s_axi_U_n_0
                         FDRE                                         r  bd_0_i/hls_inst/inst/i_fu_112_reg[12]/R
  -------------------------------------------------------------------    -------------------

                         (clock ap_clk rise edge)    10.000    10.000 r  <hidden>
                                                      0.000    10.000 r  ap_clk
                         net (fo=3947, unset)         0.924    10.924    bd_0_i/hls_inst/inst/ap_clk
                         FDRE                                         r  bd_0_i/hls_inst/inst/i_fu_112_reg[12]/C
                         clock pessimism              0.000    10.924    <hidden>
                         clock uncertainty           -0.035    10.889    <hidden>
                         FDRE (Setup_fdre_C_R)       -0.524    10.365    bd_0_i/hls_inst/inst/i_fu_112_reg[12]
  -------------------------------------------------------------------
                         required time                         10.365    <hidden>
                         arrival time                          -6.200    <hidden>
  -------------------------------------------------------------------
                         slack                                  4.165    <hidden>

Slack (MET) :             4.165ns  (required time - arrival time)
  Source:                 bd_0_i/hls_inst/inst/i_fu_112_reg[2]/C
                            (rising edge-triggered cell FDRE clocked by ap_clk  {rise@0.000ns fall@5.000ns period=10.000ns})
  Destination:            bd_0_i/hls_inst/inst/i_fu_112_reg[13]/R
                            (rising edge-triggered cell FDRE clocked by ap_clk  {rise@0.000ns fall@5.000ns period=10.000ns})
  Path Group:             ap_clk
  Path Type:              Setup (Max at Slow Process Corner)
  Requirement:            10.000ns  (ap_clk rise@10.000ns - ap_clk rise@0.000ns)
  Data Path Delay:        5.227ns  (logic 1.800ns (34.437%)  route 3.427ns (65.563%))
  Logic Levels:           6  (CARRY4=4 LUT5=1 LUT6=1)
  Clock Path Skew:        -0.049ns (DCD - SCD + CPR)
    Destination Clock Delay (DCD):    0.924ns = ( 10.924 - 10.000 ) 
    Source Clock Delay      (SCD):    0.973ns
    Clock Pessimism Removal (CPR):    0.000ns
  Clock Uncertainty:      0.035ns  ((TSJ^2 + TIJ^2)^1/2 + DJ) / 2 + PE
    Total System Jitter     (TSJ):    0.071ns
    Total Input Jitter      (TIJ):    0.000ns
    Discrete Jitter          (DJ):    0.000ns
    Phase Error              (PE):    0.000ns

    Location             Delay type                Incr(ns)  Path(ns)    Netlist Resource(s)
  -------------------------------------------------------------------    -------------------
                         (clock ap_clk rise edge)     0.000     0.000 r  <hidden>
                                                      0.000     0.000 r  ap_clk
                         net (fo=3947, unset)         0.973     0.973    bd_0_i/hls_inst/inst/ap_clk
                         FDRE                                         r  bd_0_i/hls_inst/inst/i_fu_112_reg[2]/C
  -------------------------------------------------------------------    -------------------
                         FDRE (Prop_fdre_C_Q)         0.518     1.491 f  bd_0_i/hls_inst/inst/i_fu_112_reg[2]/Q
                         net (fo=3, unplaced)         0.983     2.474    bd_0_i/hls_inst/inst/control_s_axi_U/Q[2]
                         LUT6 (Prop_lut6_I0_O)        0.295     2.769 r  bd_0_i/hls_inst/inst/control_s_axi_U/icmp_ln20_1_reg_348[0]_i_31/O
                         net (fo=1, unplaced)         0.639     3.408    bd_0_i/hls_inst/inst/control_s_axi_U/icmp_ln20_1_reg_348[0]_i_31_n_0
                         CARRY4 (Prop_carry4_DI[1]_CO[3])
                                                      0.520     3.928 r  bd_0_i/hls_inst/inst/control_s_axi_U/icmp_ln20_1_reg_348_reg[0]_i_20/CO[3]
                         net (fo=1, unplaced)         0.009     3.937    bd_0_i/hls_inst/inst/control_s_axi_U/icmp_ln20_1_reg_348_reg[0]_i_20_n_0
                         CARRY4 (Prop_carry4_CI_CO[3])
                                                      0.117     4.054 r  bd_0_i/hls_inst/inst/control_s_axi_U/icmp_ln20_1_reg_348_reg[0]_i_11/CO[3]
                         net (fo=1, unplaced)         0.000     4.054    bd_0_i/hls_inst/inst/control_s_axi_U/icmp_ln20_1_reg_348_reg[0]_i_11_n_0
                         CARRY4 (Prop_carry4_CI_CO[3])
                                                      0.117     4.171 r  bd_0_i/hls_inst/inst/control_s_axi_U/icmp_ln20_1_reg_348_reg[0]_i_2/CO[3]
                         net (fo=1, unplaced)         0.000     4.171    bd_0_i/hls_inst/inst/control_s_axi_U/icmp_ln20_1_reg_348_reg[0]_i_2_n_0
                         CARRY4 (Prop_carry4_CI_CO[3])
                                                      0.117     4.288 f  bd_0_i/hls_inst/inst/control_s_axi_U/icmp_ln20_1_reg_348_reg[0]_i_1/CO[3]
                         net (fo=6, unplaced)         0.950     5.238    bd_0_i/hls_inst/inst/control_s_axi_U/CO[0]
                         LUT5 (Prop_lut5_I3_O)        0.116     5.354 r  bd_0_i/hls_inst/inst/control_s_axi_U/i_fu_112[30]_i_1/O
                         net (fo=31, unplaced)        0.846     6.200    bd_0_i/hls_inst/inst/control_s_axi_U_n_0
                         FDRE                                         r  bd_0_i/hls_inst/inst/i_fu_112_reg[13]/R
  -------------------------------------------------------------------    -------------------

                         (clock ap_clk rise edge)    10.000    10.000 r  <hidden>
                                                      0.000    10.000 r  ap_clk
                         net (fo=3947, unset)         0.924    10.924    bd_0_i/hls_inst/inst/ap_clk
                         FDRE                                         r  bd_0_i/hls_inst/inst/i_fu_112_reg[13]/C
                         clock pessimism              0.000    10.924    <hidden>
                         clock uncertainty           -0.035    10.889    <hidden>
                         FDRE (Setup_fdre_C_R)       -0.524    10.365    bd_0_i/hls_inst/inst/i_fu_112_reg[13]
  -------------------------------------------------------------------
                         required time                         10.365    <hidden>
                         arrival time                          -6.200    <hidden>
  -------------------------------------------------------------------
                         slack                                  4.165    <hidden>

Slack (MET) :             4.165ns  (required time - arrival time)
  Source:                 bd_0_i/hls_inst/inst/i_fu_112_reg[2]/C
                            (rising edge-triggered cell FDRE clocked by ap_clk  {rise@0.000ns fall@5.000ns period=10.000ns})
  Destination:            bd_0_i/hls_inst/inst/i_fu_112_reg[14]/R
                            (rising edge-triggered cell FDRE clocked by ap_clk  {rise@0.000ns fall@5.000ns period=10.000ns})
  Path Group:             ap_clk
  Path Type:              Setup (Max at Slow Process Corner)
  Requirement:            10.000ns  (ap_clk rise@10.000ns - ap_clk rise@0.000ns)
  Data Path Delay:        5.227ns  (logic 1.800ns (34.437%)  route 3.427ns (65.563%))
  Logic Levels:           6  (CARRY4=4 LUT5=1 LUT6=1)
  Clock Path Skew:        -0.049ns (DCD - SCD + CPR)
    Destination Clock Delay (DCD):    0.924ns = ( 10.924 - 10.000 ) 
    Source Clock Delay      (SCD):    0.973ns
    Clock Pessimism Removal (CPR):    0.000ns
  Clock Uncertainty:      0.035ns  ((TSJ^2 + TIJ^2)^1/2 + DJ) / 2 + PE
    Total System Jitter     (TSJ):    0.071ns
    Total Input Jitter      (TIJ):    0.000ns
    Discrete Jitter          (DJ):    0.000ns
    Phase Error              (PE):    0.000ns

    Location             Delay type                Incr(ns)  Path(ns)    Netlist Resource(s)
  -------------------------------------------------------------------    -------------------
                         (clock ap_clk rise edge)     0.000     0.000 r  <hidden>
                                                      0.000     0.000 r  ap_clk
                         net (fo=3947, unset)         0.973     0.973    bd_0_i/hls_inst/inst/ap_clk
                         FDRE                                         r  bd_0_i/hls_inst/inst/i_fu_112_reg[2]/C
  -------------------------------------------------------------------    -------------------
                         FDRE (Prop_fdre_C_Q)         0.518     1.491 f  bd_0_i/hls_inst/inst/i_fu_112_reg[2]/Q
                         net (fo=3, unplaced)         0.983     2.474    bd_0_i/hls_inst/inst/control_s_axi_U/Q[2]
                         LUT6 (Prop_lut6_I0_O)        0.295     2.769 r  bd_0_i/hls_inst/inst/control_s_axi_U/icmp_ln20_1_reg_348[0]_i_31/O
                         net (fo=1, unplaced)         0.639     3.408    bd_0_i/hls_inst/inst/control_s_axi_U/icmp_ln20_1_reg_348[0]_i_31_n_0
                         CARRY4 (Prop_carry4_DI[1]_CO[3])
                                                      0.520     3.928 r  bd_0_i/hls_inst/inst/control_s_axi_U/icmp_ln20_1_reg_348_reg[0]_i_20/CO[3]
                         net (fo=1, unplaced)         0.009     3.937    bd_0_i/hls_inst/inst/control_s_axi_U/icmp_ln20_1_reg_348_reg[0]_i_20_n_0
                         CARRY4 (Prop_carry4_CI_CO[3])
                                                      0.117     4.054 r  bd_0_i/hls_inst/inst/control_s_axi_U/icmp_ln20_1_reg_348_reg[0]_i_11/CO[3]
                         net (fo=1, unplaced)         0.000     4.054    bd_0_i/hls_inst/inst/control_s_axi_U/icmp_ln20_1_reg_348_reg[0]_i_11_n_0
                         CARRY4 (Prop_carry4_CI_CO[3])
                                                      0.117     4.171 r  bd_0_i/hls_inst/inst/control_s_axi_U/icmp_ln20_1_reg_348_reg[0]_i_2/CO[3]
                         net (fo=1, unplaced)         0.000     4.171    bd_0_i/hls_inst/inst/control_s_axi_U/icmp_ln20_1_reg_348_reg[0]_i_2_n_0
                         CARRY4 (Prop_carry4_CI_CO[3])
                                                      0.117     4.288 f  bd_0_i/hls_inst/inst/control_s_axi_U/icmp_ln20_1_reg_348_reg[0]_i_1/CO[3]
                         net (fo=6, unplaced)         0.950     5.238    bd_0_i/hls_inst/inst/control_s_axi_U/CO[0]
                         LUT5 (Prop_lut5_I3_O)        0.116     5.354 r  bd_0_i/hls_inst/inst/control_s_axi_U/i_fu_112[30]_i_1/O
                         net (fo=31, unplaced)        0.846     6.200    bd_0_i/hls_inst/inst/control_s_axi_U_n_0
                         FDRE                                         r  bd_0_i/hls_inst/inst/i_fu_112_reg[14]/R
  -------------------------------------------------------------------    -------------------

                         (clock ap_clk rise edge)    10.000    10.000 r  <hidden>
                                                      0.000    10.000 r  ap_clk
                         net (fo=3947, unset)         0.924    10.924    bd_0_i/hls_inst/inst/ap_clk
                         FDRE                                         r  bd_0_i/hls_inst/inst/i_fu_112_reg[14]/C
                         clock pessimism              0.000    10.924    <hidden>
                         clock uncertainty           -0.035    10.889    <hidden>
                         FDRE (Setup_fdre_C_R)       -0.524    10.365    bd_0_i/hls_inst/inst/i_fu_112_reg[14]
  -------------------------------------------------------------------
                         required time                         10.365    <hidden>
                         arrival time                          -6.200    <hidden>
  -------------------------------------------------------------------
                         slack                                  4.165    <hidden>

Slack (MET) :             4.165ns  (required time - arrival time)
  Source:                 bd_0_i/hls_inst/inst/i_fu_112_reg[2]/C
                            (rising edge-triggered cell FDRE clocked by ap_clk  {rise@0.000ns fall@5.000ns period=10.000ns})
  Destination:            bd_0_i/hls_inst/inst/i_fu_112_reg[15]/R
                            (rising edge-triggered cell FDRE clocked by ap_clk  {rise@0.000ns fall@5.000ns period=10.000ns})
  Path Group:             ap_clk
  Path Type:              Setup (Max at Slow Process Corner)
  Requirement:            10.000ns  (ap_clk rise@10.000ns - ap_clk rise@0.000ns)
  Data Path Delay:        5.227ns  (logic 1.800ns (34.437%)  route 3.427ns (65.563%))
  Logic Levels:           6  (CARRY4=4 LUT5=1 LUT6=1)
  Clock Path Skew:        -0.049ns (DCD - SCD + CPR)
    Destination Clock Delay (DCD):    0.924ns = ( 10.924 - 10.000 ) 
    Source Clock Delay      (SCD):    0.973ns
    Clock Pessimism Removal (CPR):    0.000ns
  Clock Uncertainty:      0.035ns  ((TSJ^2 + TIJ^2)^1/2 + DJ) / 2 + PE
    Total System Jitter     (TSJ):    0.071ns
    Total Input Jitter      (TIJ):    0.000ns
    Discrete Jitter          (DJ):    0.000ns
    Phase Error              (PE):    0.000ns

    Location             Delay type                Incr(ns)  Path(ns)    Netlist Resource(s)
  -------------------------------------------------------------------    -------------------
                         (clock ap_clk rise edge)     0.000     0.000 r  <hidden>
                                                      0.000     0.000 r  ap_clk
                         net (fo=3947, unset)         0.973     0.973    bd_0_i/hls_inst/inst/ap_clk
                         FDRE                                         r  bd_0_i/hls_inst/inst/i_fu_112_reg[2]/C
  -------------------------------------------------------------------    -------------------
                         FDRE (Prop_fdre_C_Q)         0.518     1.491 f  bd_0_i/hls_inst/inst/i_fu_112_reg[2]/Q
                         net (fo=3, unplaced)         0.983     2.474    bd_0_i/hls_inst/inst/control_s_axi_U/Q[2]
                         LUT6 (Prop_lut6_I0_O)        0.295     2.769 r  bd_0_i/hls_inst/inst/control_s_axi_U/icmp_ln20_1_reg_348[0]_i_31/O
                         net (fo=1, unplaced)         0.639     3.408    bd_0_i/hls_inst/inst/control_s_axi_U/icmp_ln20_1_reg_348[0]_i_31_n_0
                         CARRY4 (Prop_carry4_DI[1]_CO[3])
                                                      0.520     3.928 r  bd_0_i/hls_inst/inst/control_s_axi_U/icmp_ln20_1_reg_348_reg[0]_i_20/CO[3]
                         net (fo=1, unplaced)         0.009     3.937    bd_0_i/hls_inst/inst/control_s_axi_U/icmp_ln20_1_reg_348_reg[0]_i_20_n_0
                         CARRY4 (Prop_carry4_CI_CO[3])
                                                      0.117     4.054 r  bd_0_i/hls_inst/inst/control_s_axi_U/icmp_ln20_1_reg_348_reg[0]_i_11/CO[3]
                         net (fo=1, unplaced)         0.000     4.054    bd_0_i/hls_inst/inst/control_s_axi_U/icmp_ln20_1_reg_348_reg[0]_i_11_n_0
                         CARRY4 (Prop_carry4_CI_CO[3])
                                                      0.117     4.171 r  bd_0_i/hls_inst/inst/control_s_axi_U/icmp_ln20_1_reg_348_reg[0]_i_2/CO[3]
                         net (fo=1, unplaced)         0.000     4.171    bd_0_i/hls_inst/inst/control_s_axi_U/icmp_ln20_1_reg_348_reg[0]_i_2_n_0
                         CARRY4 (Prop_carry4_CI_CO[3])
                                                      0.117     4.288 f  bd_0_i/hls_inst/inst/control_s_axi_U/icmp_ln20_1_reg_348_reg[0]_i_1/CO[3]
                         net (fo=6, unplaced)         0.950     5.238    bd_0_i/hls_inst/inst/control_s_axi_U/CO[0]
                         LUT5 (Prop_lut5_I3_O)        0.116     5.354 r  bd_0_i/hls_inst/inst/control_s_axi_U/i_fu_112[30]_i_1/O
                         net (fo=31, unplaced)        0.846     6.200    bd_0_i/hls_inst/inst/control_s_axi_U_n_0
                         FDRE                                         r  bd_0_i/hls_inst/inst/i_fu_112_reg[15]/R
  -------------------------------------------------------------------    -------------------

                         (clock ap_clk rise edge)    10.000    10.000 r  <hidden>
                                                      0.000    10.000 r  ap_clk
                         net (fo=3947, unset)         0.924    10.924    bd_0_i/hls_inst/inst/ap_clk
                         FDRE                                         r  bd_0_i/hls_inst/inst/i_fu_112_reg[15]/C
                         clock pessimism              0.000    10.924    <hidden>
                         clock uncertainty           -0.035    10.889    <hidden>
                         FDRE (Setup_fdre_C_R)       -0.524    10.365    bd_0_i/hls_inst/inst/i_fu_112_reg[15]
  -------------------------------------------------------------------
                         required time                         10.365    <hidden>
                         arrival time                          -6.200    <hidden>
  -------------------------------------------------------------------
                         slack                                  4.165    <hidden>

Slack (MET) :             4.165ns  (required time - arrival time)
  Source:                 bd_0_i/hls_inst/inst/i_fu_112_reg[2]/C
                            (rising edge-triggered cell FDRE clocked by ap_clk  {rise@0.000ns fall@5.000ns period=10.000ns})
  Destination:            bd_0_i/hls_inst/inst/i_fu_112_reg[16]/R
                            (rising edge-triggered cell FDRE clocked by ap_clk  {rise@0.000ns fall@5.000ns period=10.000ns})
  Path Group:             ap_clk
  Path Type:              Setup (Max at Slow Process Corner)
  Requirement:            10.000ns  (ap_clk rise@10.000ns - ap_clk rise@0.000ns)
  Data Path Delay:        5.227ns  (logic 1.800ns (34.437%)  route 3.427ns (65.563%))
  Logic Levels:           6  (CARRY4=4 LUT5=1 LUT6=1)
  Clock Path Skew:        -0.049ns (DCD - SCD + CPR)
    Destination Clock Delay (DCD):    0.924ns = ( 10.924 - 10.000 ) 
    Source Clock Delay      (SCD):    0.973ns
    Clock Pessimism Removal (CPR):    0.000ns
  Clock Uncertainty:      0.035ns  ((TSJ^2 + TIJ^2)^1/2 + DJ) / 2 + PE
    Total System Jitter     (TSJ):    0.071ns
    Total Input Jitter      (TIJ):    0.000ns
    Discrete Jitter          (DJ):    0.000ns
    Phase Error              (PE):    0.000ns

    Location             Delay type                Incr(ns)  Path(ns)    Netlist Resource(s)
  -------------------------------------------------------------------    -------------------
                         (clock ap_clk rise edge)     0.000     0.000 r  <hidden>
                                                      0.000     0.000 r  ap_clk
                         net (fo=3947, unset)         0.973     0.973    bd_0_i/hls_inst/inst/ap_clk
                         FDRE                                         r  bd_0_i/hls_inst/inst/i_fu_112_reg[2]/C
  -------------------------------------------------------------------    -------------------
                         FDRE (Prop_fdre_C_Q)         0.518     1.491 f  bd_0_i/hls_inst/inst/i_fu_112_reg[2]/Q
                         net (fo=3, unplaced)         0.983     2.474    bd_0_i/hls_inst/inst/control_s_axi_U/Q[2]
                         LUT6 (Prop_lut6_I0_O)        0.295     2.769 r  bd_0_i/hls_inst/inst/control_s_axi_U/icmp_ln20_1_reg_348[0]_i_31/O
                         net (fo=1, unplaced)         0.639     3.408    bd_0_i/hls_inst/inst/control_s_axi_U/icmp_ln20_1_reg_348[0]_i_31_n_0
                         CARRY4 (Prop_carry4_DI[1]_CO[3])
                                                      0.520     3.928 r  bd_0_i/hls_inst/inst/control_s_axi_U/icmp_ln20_1_reg_348_reg[0]_i_20/CO[3]
                         net (fo=1, unplaced)         0.009     3.937    bd_0_i/hls_inst/inst/control_s_axi_U/icmp_ln20_1_reg_348_reg[0]_i_20_n_0
                         CARRY4 (Prop_carry4_CI_CO[3])
                                                      0.117     4.054 r  bd_0_i/hls_inst/inst/control_s_axi_U/icmp_ln20_1_reg_348_reg[0]_i_11/CO[3]
                         net (fo=1, unplaced)         0.000     4.054    bd_0_i/hls_inst/inst/control_s_axi_U/icmp_ln20_1_reg_348_reg[0]_i_11_n_0
                         CARRY4 (Prop_carry4_CI_CO[3])
                                                      0.117     4.171 r  bd_0_i/hls_inst/inst/control_s_axi_U/icmp_ln20_1_reg_348_reg[0]_i_2/CO[3]
                         net (fo=1, unplaced)         0.000     4.171    bd_0_i/hls_inst/inst/control_s_axi_U/icmp_ln20_1_reg_348_reg[0]_i_2_n_0
                         CARRY4 (Prop_carry4_CI_CO[3])
                                                      0.117     4.288 f  bd_0_i/hls_inst/inst/control_s_axi_U/icmp_ln20_1_reg_348_reg[0]_i_1/CO[3]
                         net (fo=6, unplaced)         0.950     5.238    bd_0_i/hls_inst/inst/control_s_axi_U/CO[0]
                         LUT5 (Prop_lut5_I3_O)        0.116     5.354 r  bd_0_i/hls_inst/inst/control_s_axi_U/i_fu_112[30]_i_1/O
                         net (fo=31, unplaced)        0.846     6.200    bd_0_i/hls_inst/inst/control_s_axi_U_n_0
                         FDRE                                         r  bd_0_i/hls_inst/inst/i_fu_112_reg[16]/R
  -------------------------------------------------------------------    -------------------

                         (clock ap_clk rise edge)    10.000    10.000 r  <hidden>
                                                      0.000    10.000 r  ap_clk
                         net (fo=3947, unset)         0.924    10.924    bd_0_i/hls_inst/inst/ap_clk
                         FDRE                                         r  bd_0_i/hls_inst/inst/i_fu_112_reg[16]/C
                         clock pessimism              0.000    10.924    <hidden>
                         clock uncertainty           -0.035    10.889    <hidden>
                         FDRE (Setup_fdre_C_R)       -0.524    10.365    bd_0_i/hls_inst/inst/i_fu_112_reg[16]
  -------------------------------------------------------------------
                         required time                         10.365    <hidden>
                         arrival time                          -6.200    <hidden>
  -------------------------------------------------------------------
                         slack                                  4.165    <hidden>

Slack (MET) :             4.165ns  (required time - arrival time)
  Source:                 bd_0_i/hls_inst/inst/i_fu_112_reg[2]/C
                            (rising edge-triggered cell FDRE clocked by ap_clk  {rise@0.000ns fall@5.000ns period=10.000ns})
  Destination:            bd_0_i/hls_inst/inst/i_fu_112_reg[17]/R
                            (rising edge-triggered cell FDRE clocked by ap_clk  {rise@0.000ns fall@5.000ns period=10.000ns})
  Path Group:             ap_clk
  Path Type:              Setup (Max at Slow Process Corner)
  Requirement:            10.000ns  (ap_clk rise@10.000ns - ap_clk rise@0.000ns)
  Data Path Delay:        5.227ns  (logic 1.800ns (34.437%)  route 3.427ns (65.563%))
  Logic Levels:           6  (CARRY4=4 LUT5=1 LUT6=1)
  Clock Path Skew:        -0.049ns (DCD - SCD + CPR)
    Destination Clock Delay (DCD):    0.924ns = ( 10.924 - 10.000 ) 
    Source Clock Delay      (SCD):    0.973ns
    Clock Pessimism Removal (CPR):    0.000ns
  Clock Uncertainty:      0.035ns  ((TSJ^2 + TIJ^2)^1/2 + DJ) / 2 + PE
    Total System Jitter     (TSJ):    0.071ns
    Total Input Jitter      (TIJ):    0.000ns
    Discrete Jitter          (DJ):    0.000ns
    Phase Error              (PE):    0.000ns

    Location             Delay type                Incr(ns)  Path(ns)    Netlist Resource(s)
  -------------------------------------------------------------------    -------------------
                         (clock ap_clk rise edge)     0.000     0.000 r  <hidden>
                                                      0.000     0.000 r  ap_clk
                         net (fo=3947, unset)         0.973     0.973    bd_0_i/hls_inst/inst/ap_clk
                         FDRE                                         r  bd_0_i/hls_inst/inst/i_fu_112_reg[2]/C
  -------------------------------------------------------------------    -------------------
                         FDRE (Prop_fdre_C_Q)         0.518     1.491 f  bd_0_i/hls_inst/inst/i_fu_112_reg[2]/Q
                         net (fo=3, unplaced)         0.983     2.474    bd_0_i/hls_inst/inst/control_s_axi_U/Q[2]
                         LUT6 (Prop_lut6_I0_O)        0.295     2.769 r  bd_0_i/hls_inst/inst/control_s_axi_U/icmp_ln20_1_reg_348[0]_i_31/O
                         net (fo=1, unplaced)         0.639     3.408    bd_0_i/hls_inst/inst/control_s_axi_U/icmp_ln20_1_reg_348[0]_i_31_n_0
                         CARRY4 (Prop_carry4_DI[1]_CO[3])
                                                      0.520     3.928 r  bd_0_i/hls_inst/inst/control_s_axi_U/icmp_ln20_1_reg_348_reg[0]_i_20/CO[3]
                         net (fo=1, unplaced)         0.009     3.937    bd_0_i/hls_inst/inst/control_s_axi_U/icmp_ln20_1_reg_348_reg[0]_i_20_n_0
                         CARRY4 (Prop_carry4_CI_CO[3])
                                                      0.117     4.054 r  bd_0_i/hls_inst/inst/control_s_axi_U/icmp_ln20_1_reg_348_reg[0]_i_11/CO[3]
                         net (fo=1, unplaced)         0.000     4.054    bd_0_i/hls_inst/inst/control_s_axi_U/icmp_ln20_1_reg_348_reg[0]_i_11_n_0
                         CARRY4 (Prop_carry4_CI_CO[3])
                                                      0.117     4.171 r  bd_0_i/hls_inst/inst/control_s_axi_U/icmp_ln20_1_reg_348_reg[0]_i_2/CO[3]
                         net (fo=1, unplaced)         0.000     4.171    bd_0_i/hls_inst/inst/control_s_axi_U/icmp_ln20_1_reg_348_reg[0]_i_2_n_0
                         CARRY4 (Prop_carry4_CI_CO[3])
                                                      0.117     4.288 f  bd_0_i/hls_inst/inst/control_s_axi_U/icmp_ln20_1_reg_348_reg[0]_i_1/CO[3]
                         net (fo=6, unplaced)         0.950     5.238    bd_0_i/hls_inst/inst/control_s_axi_U/CO[0]
                         LUT5 (Prop_lut5_I3_O)        0.116     5.354 r  bd_0_i/hls_inst/inst/control_s_axi_U/i_fu_112[30]_i_1/O
                         net (fo=31, unplaced)        0.846     6.200    bd_0_i/hls_inst/inst/control_s_axi_U_n_0
                         FDRE                                         r  bd_0_i/hls_inst/inst/i_fu_112_reg[17]/R
  -------------------------------------------------------------------    -------------------

                         (clock ap_clk rise edge)    10.000    10.000 r  <hidden>
                                                      0.000    10.000 r  ap_clk
                         net (fo=3947, unset)         0.924    10.924    bd_0_i/hls_inst/inst/ap_clk
                         FDRE                                         r  bd_0_i/hls_inst/inst/i_fu_112_reg[17]/C
                         clock pessimism              0.000    10.924    <hidden>
                         clock uncertainty           -0.035    10.889    <hidden>
                         FDRE (Setup_fdre_C_R)       -0.524    10.365    bd_0_i/hls_inst/inst/i_fu_112_reg[17]
  -------------------------------------------------------------------
                         required time                         10.365    <hidden>
                         arrival time                          -6.200    <hidden>
  -------------------------------------------------------------------
                         slack                                  4.165    <hidden>

Slack (MET) :             4.165ns  (required time - arrival time)
  Source:                 bd_0_i/hls_inst/inst/i_fu_112_reg[2]/C
                            (rising edge-triggered cell FDRE clocked by ap_clk  {rise@0.000ns fall@5.000ns period=10.000ns})
  Destination:            bd_0_i/hls_inst/inst/i_fu_112_reg[18]/R
                            (rising edge-triggered cell FDRE clocked by ap_clk  {rise@0.000ns fall@5.000ns period=10.000ns})
  Path Group:             ap_clk
  Path Type:              Setup (Max at Slow Process Corner)
  Requirement:            10.000ns  (ap_clk rise@10.000ns - ap_clk rise@0.000ns)
  Data Path Delay:        5.227ns  (logic 1.800ns (34.437%)  route 3.427ns (65.563%))
  Logic Levels:           6  (CARRY4=4 LUT5=1 LUT6=1)
  Clock Path Skew:        -0.049ns (DCD - SCD + CPR)
    Destination Clock Delay (DCD):    0.924ns = ( 10.924 - 10.000 ) 
    Source Clock Delay      (SCD):    0.973ns
    Clock Pessimism Removal (CPR):    0.000ns
  Clock Uncertainty:      0.035ns  ((TSJ^2 + TIJ^2)^1/2 + DJ) / 2 + PE
    Total System Jitter     (TSJ):    0.071ns
    Total Input Jitter      (TIJ):    0.000ns
    Discrete Jitter          (DJ):    0.000ns
    Phase Error              (PE):    0.000ns

    Location             Delay type                Incr(ns)  Path(ns)    Netlist Resource(s)
  -------------------------------------------------------------------    -------------------
                         (clock ap_clk rise edge)     0.000     0.000 r  <hidden>
                                                      0.000     0.000 r  ap_clk
                         net (fo=3947, unset)         0.973     0.973    bd_0_i/hls_inst/inst/ap_clk
                         FDRE                                         r  bd_0_i/hls_inst/inst/i_fu_112_reg[2]/C
  -------------------------------------------------------------------    -------------------
                         FDRE (Prop_fdre_C_Q)         0.518     1.491 f  bd_0_i/hls_inst/inst/i_fu_112_reg[2]/Q
                         net (fo=3, unplaced)         0.983     2.474    bd_0_i/hls_inst/inst/control_s_axi_U/Q[2]
                         LUT6 (Prop_lut6_I0_O)        0.295     2.769 r  bd_0_i/hls_inst/inst/control_s_axi_U/icmp_ln20_1_reg_348[0]_i_31/O
                         net (fo=1, unplaced)         0.639     3.408    bd_0_i/hls_inst/inst/control_s_axi_U/icmp_ln20_1_reg_348[0]_i_31_n_0
                         CARRY4 (Prop_carry4_DI[1]_CO[3])
                                                      0.520     3.928 r  bd_0_i/hls_inst/inst/control_s_axi_U/icmp_ln20_1_reg_348_reg[0]_i_20/CO[3]
                         net (fo=1, unplaced)         0.009     3.937    bd_0_i/hls_inst/inst/control_s_axi_U/icmp_ln20_1_reg_348_reg[0]_i_20_n_0
                         CARRY4 (Prop_carry4_CI_CO[3])
                                                      0.117     4.054 r  bd_0_i/hls_inst/inst/control_s_axi_U/icmp_ln20_1_reg_348_reg[0]_i_11/CO[3]
                         net (fo=1, unplaced)         0.000     4.054    bd_0_i/hls_inst/inst/control_s_axi_U/icmp_ln20_1_reg_348_reg[0]_i_11_n_0
                         CARRY4 (Prop_carry4_CI_CO[3])
                                                      0.117     4.171 r  bd_0_i/hls_inst/inst/control_s_axi_U/icmp_ln20_1_reg_348_reg[0]_i_2/CO[3]
                         net (fo=1, unplaced)         0.000     4.171    bd_0_i/hls_inst/inst/control_s_axi_U/icmp_ln20_1_reg_348_reg[0]_i_2_n_0
                         CARRY4 (Prop_carry4_CI_CO[3])
                                                      0.117     4.288 f  bd_0_i/hls_inst/inst/control_s_axi_U/icmp_ln20_1_reg_348_reg[0]_i_1/CO[3]
                         net (fo=6, unplaced)         0.950     5.238    bd_0_i/hls_inst/inst/control_s_axi_U/CO[0]
                         LUT5 (Prop_lut5_I3_O)        0.116     5.354 r  bd_0_i/hls_inst/inst/control_s_axi_U/i_fu_112[30]_i_1/O
                         net (fo=31, unplaced)        0.846     6.200    bd_0_i/hls_inst/inst/control_s_axi_U_n_0
                         FDRE                                         r  bd_0_i/hls_inst/inst/i_fu_112_reg[18]/R
  -------------------------------------------------------------------    -------------------

                         (clock ap_clk rise edge)    10.000    10.000 r  <hidden>
                                                      0.000    10.000 r  ap_clk
                         net (fo=3947, unset)         0.924    10.924    bd_0_i/hls_inst/inst/ap_clk
                         FDRE                                         r  bd_0_i/hls_inst/inst/i_fu_112_reg[18]/C
                         clock pessimism              0.000    10.924    <hidden>
                         clock uncertainty           -0.035    10.889    <hidden>
                         FDRE (Setup_fdre_C_R)       -0.524    10.365    bd_0_i/hls_inst/inst/i_fu_112_reg[18]
  -------------------------------------------------------------------
                         required time                         10.365    <hidden>
                         arrival time                          -6.200    <hidden>
  -------------------------------------------------------------------
                         slack                                  4.165    <hidden>




