

================================================================
== Synthesis Summary Report of 'vector_mult'
================================================================
+ General Information: 
    * Date:           Mon Sep  7 23:58:30 2026
    * Version:        2026.1 (Build 6493734 on Jun 16 2026)
    * Project:        Vector_Mult_IP
    * Solution:       hls
    * Product family: zynq
    * Target device:  xc7z020-clg400-1
    

* Performance & Resource Estimates: 
+--------------------+------+---------------+----------+---------+------+----------+---------+-----+------+--------+--------+-----------+-----------+-----+
|       Modules      | Issue|               | Iteration|         | Trip |          |    Latency    |      |        |        |           |           |     |
|       & Loops      | Type | Violation Type|  Latency | Interval| Count| Pipelined| (cycles)| (ns)| Slack|  BRAM  |   DSP  |     FF    |    LUT    | URAM|
+--------------------+------+---------------+----------+---------+------+----------+---------+-----+------+--------+--------+-----------+-----------+-----+
|+ vector_mult       |     -|              -|         -|        0|     -|    rewind|        -|    -|  0.00|  4 (1%)|  3 (1%)|  2946 (2%)|  2947 (5%)|    -|
| o VITIS_LOOP_20_1  |     -|              -|        18|        1|     -|       yes|        -|    -|  7.30|       -|       -|          -|          -|    -|
+--------------------+------+---------------+----------+---------+------+----------+---------+-----+------+--------+--------+-----------+-----------+-----+
    Name Prefix: '+' for module, 'o' for loop, '*' for dataflow


================================================================
== HW Interfaces
================================================================
* M_AXI
+--------------+------------+------------+---------------+---------+--------+----------+-----------+--------------+--------------+-------------+-------------+-------------------+
| Interface    | Read/Write | Data Width | Address Width | Latency | Offset | Register | Max Widen | Max Read     | Max Write    | Num Read    | Num Write   | Resource Estimate |
|              |            | (SW->HW)   |               |         |        |          | Bitwidth  | Burst Length | Burst Length | Outstanding | Outstanding |                   |
+--------------+------------+------------+---------------+---------+--------+----------+-----------+--------------+--------------+-------------+-------------+-------------------+
| m_axi_gmem_A | READ_ONLY  | 32 -> 32   | 64            | 0       | slave  | 0        | 0         | 16           | 16           | 16          | 16          | BRAM=2            |
| m_axi_gmem_B | READ_ONLY  | 32 -> 32   | 64            | 0       | slave  | 0        | 0         | 16           | 16           | 16          | 16          | BRAM=2            |
| m_axi_gmem_C | WRITE_ONLY | 32 -> 32   | 64            | 0       | slave  | 0        | 0         | 16           | 16           | 16          | 16          |                   |
+--------------+------------+------------+---------------+---------+--------+----------+-----------+--------------+--------------+-------------+-------------+-------------------+

* S_AXILITE Interfaces
+---------------+------------+---------------+--------+----------+
| Interface     | Data Width | Address Width | Offset | Register |
+---------------+------------+---------------+--------+----------+
| s_axi_control | 32         | 6             | 16     | 0        |
+---------------+------------+---------------+--------+----------+

* S_AXILITE Registers
+---------------+----------+--------+-------+--------+----------------------------------+----------------------------------------------------------------------+
| Interface     | Register | Offset | Width | Access | Description                      | Bit Fields                                                           |
+---------------+----------+--------+-------+--------+----------------------------------+----------------------------------------------------------------------+
| s_axi_control | CTRL     | 0x00   | 32    | RW     | Control signals                  | 0=AP_START 1=AP_DONE 2=AP_IDLE 3=AP_READY 7=AUTO_RESTART 9=INTERRUPT |
| s_axi_control | GIER     | 0x04   | 32    | RW     | Global Interrupt Enable Register | 0=Enable                                                             |
| s_axi_control | IP_IER   | 0x08   | 32    | RW     | IP Interrupt Enable Register     | 0=CHAN0_INT_EN 1=CHAN1_INT_EN                                        |
| s_axi_control | IP_ISR   | 0x0c   | 32    | RW     | IP Interrupt Status Register     | 0=CHAN0_INT_ST 1=CHAN1_INT_ST                                        |
| s_axi_control | A_1      | 0x10   | 32    | W      | Data signal of A                 |                                                                      |
| s_axi_control | A_2      | 0x14   | 32    | W      | Data signal of A                 |                                                                      |
| s_axi_control | B_1      | 0x1c   | 32    | W      | Data signal of B                 |                                                                      |
| s_axi_control | B_2      | 0x20   | 32    | W      | Data signal of B                 |                                                                      |
| s_axi_control | C_1      | 0x28   | 32    | W      | Data signal of C                 |                                                                      |
| s_axi_control | C_2      | 0x2c   | 32    | W      | Data signal of C                 |                                                                      |
| s_axi_control | length_r | 0x34   | 32    | W      | Data signal of length_r          |                                                                      |
+---------------+----------+--------+-------+--------+----------------------------------+----------------------------------------------------------------------+

* TOP LEVEL CONTROL
+-----------+------------+-----------+
| Interface | Type       | Ports     |
+-----------+------------+-----------+
| ap_clk    | clock      | ap_clk    |
| ap_rst_n  | reset      | ap_rst_n  |
| interrupt | interrupt  | interrupt |
| ap_ctrl   | ap_ctrl_hs |           |
+-----------+------------+-----------+


================================================================
== SW I/O Information
================================================================
* Top Function Arguments
+----------+-----------+----------+
| Argument | Direction | Datatype |
+----------+-----------+----------+
| A        | in        | int*     |
| B        | in        | int*     |
| C        | out       | int*     |
| length   | in        | int      |
+----------+-----------+----------+

* SW-to-HW Mapping
+----------+---------------+-----------+----------+------------------------------------+
| Argument | HW Interface  | HW Type   | HW Usage | HW Info                            |
+----------+---------------+-----------+----------+------------------------------------+
| A        | m_axi_gmem_A  | interface |          | channel=0                          |
| A        | s_axi_control | register  | offset   | name=A_1 offset=0x10 range=32      |
| A        | s_axi_control | register  | offset   | name=A_2 offset=0x14 range=32      |
| B        | m_axi_gmem_B  | interface |          | channel=0                          |
| B        | s_axi_control | register  | offset   | name=B_1 offset=0x1c range=32      |
| B        | s_axi_control | register  | offset   | name=B_2 offset=0x20 range=32      |
| C        | m_axi_gmem_C  | interface |          | channel=0                          |
| C        | s_axi_control | register  | offset   | name=C_1 offset=0x28 range=32      |
| C        | s_axi_control | register  | offset   | name=C_2 offset=0x2c range=32      |
| length   | s_axi_control | register  |          | name=length_r offset=0x34 range=32 |
+----------+---------------+-----------+----------+------------------------------------+


================================================================
== M_AXI Burst Information
================================================================
 Note: All burst requests might be further partitioned into multiple requests during RTL generation based on max_read_burst_length or max_write_burst_length settings.

* Inferred Burst Summary
+--------------+-----------+----------+-------+-----------------+-----------------------+
| HW Interface | Direction | Length   | Width | Loop            | Loop Location         |
+--------------+-----------+----------+-------+-----------------+-----------------------+
| m_axi_gmem_A | read      | variable | 32    | VITIS_LOOP_20_1 | Vector_Mult.cpp:20:22 |
| m_axi_gmem_B | read      | variable | 32    | VITIS_LOOP_20_1 | Vector_Mult.cpp:20:22 |
| m_axi_gmem_C | write     | variable | 32    | VITIS_LOOP_20_1 | Vector_Mult.cpp:20:22 |
+--------------+-----------+----------+-------+-----------------+-----------------------+

* All M_AXI Variable Accesses
+--------------+----------+-----------------------+-----------+--------------+----------+-----------------+-----------------------+------------+-------------------------------------------------------------------------------------------------------+
| HW Interface | Variable | Access Location       | Direction | Burst Status | Length   | Loop            | Loop Location         | Resolution | Problem                                                                                               |
+--------------+----------+-----------------------+-----------+--------------+----------+-----------------+-----------------------+------------+-------------------------------------------------------------------------------------------------------+
| m_axi_gmem_A | A        | Vector_Mult.cpp:22:22 | read      | Widen Fail   |          | VITIS_LOOP_20_1 | Vector_Mult.cpp:20:22 | 214-353    | Could not widen since type i32 size is greater than or equal to the max_widen_bitwidth threshold of 0 |
| m_axi_gmem_A | A        | Vector_Mult.cpp:22:22 | read      | Inferred     | variable | VITIS_LOOP_20_1 | Vector_Mult.cpp:20:22 |            |                                                                                                       |
| m_axi_gmem_B | B        | Vector_Mult.cpp:22:29 | read      | Widen Fail   |          | VITIS_LOOP_20_1 | Vector_Mult.cpp:20:22 | 214-353    | Could not widen since type i32 size is greater than or equal to the max_widen_bitwidth threshold of 0 |
| m_axi_gmem_B | B        | Vector_Mult.cpp:22:29 | read      | Inferred     | variable | VITIS_LOOP_20_1 | Vector_Mult.cpp:20:22 |            |                                                                                                       |
| m_axi_gmem_C | C        | Vector_Mult.cpp:24:14 | write     | Widen Fail   |          | VITIS_LOOP_20_1 | Vector_Mult.cpp:20:22 | 214-353    | Could not widen since type i32 size is greater than or equal to the max_widen_bitwidth threshold of 0 |
| m_axi_gmem_C | C        | Vector_Mult.cpp:24:14 | write     | Inferred     | variable | VITIS_LOOP_20_1 | Vector_Mult.cpp:20:22 |            |                                                                                                       |
+--------------+----------+-----------------------+-----------+--------------+----------+-----------------+-----------------------+------------+-------------------------------------------------------------------------------------------------------+

    * Resolution URL: docs.amd.com/access/sources/dita/topic?Doc_Version=2026.1%20English&url=ug1448-hls-guidance&resourceid=XXX-YYY.html (replace XXX-YYY with column value)

================================================================
== Bind Op Report
================================================================
+-------------------------+-----+--------+-------------+--------+----------+---------+
| Name                    | DSP | Pragma | Variable    | Op     | Impl     | Latency |
+-------------------------+-----+--------+-------------+--------+----------+---------+
| + vector_mult           | 3   |        |             |        |          |         |
|   icmp_ln20_fu_197_p2   |     |        | icmp_ln20   | setgt  | auto     | 0       |
|   empty_fu_207_p3       |     |        | empty       | select | auto_sel | 0       |
|   icmp_ln20_1_fu_247_p2 |     |        | icmp_ln20_1 | setlt  | auto     | 0       |
|   add_ln20_fu_253_p2    |     |        | add_ln20    | add    | fabric   | 0       |
|   mul_32s_32s_32_2_1_U1 | 3   | yes    | result      | mul    | dsp      | 1       |
|   icmp_ln20_2_fu_263_p2 |     |        | icmp_ln20_2 | setlt  | auto     | 0       |
+-------------------------+-----+--------+-------------+--------+----------+---------+


================================================================
== Storage Report
================================================================
+-------------------+-----------+-----------+------+------+--------+--------+----------+------+---------+------------------+
| Name              | Usage     | Type      | BRAM | URAM | CE_REG | Pragma | Variable | Impl | Latency | Bitwidth, Depth, |
|                   |           |           |      |      |        |        |          |      |         | Banks            |
+-------------------+-----------+-----------+------+------+--------+--------+----------+------+---------+------------------+
| + vector_mult     |           |           | 4    | 0    |        |        |          |      |         |                  |
|   control_s_axi_U | interface | s_axilite |      |      |        |        |          |      |         |                  |
|   gmem_A_m_axi_U  | interface | m_axi     | 2    |      |        |        |          |      |         |                  |
|   gmem_B_m_axi_U  | interface | m_axi     | 2    |      |        |        |          |      |         |                  |
|   gmem_C_m_axi_U  | interface | m_axi     |      |      |        |        |          |      |         |                  |
+-------------------+-----------+-----------+------+------+--------+--------+----------+------+---------+------------------+


================================================================
== Pragma Report
================================================================
* Valid Pragma Syntax
+-----------+-------------------------------------------------------+-------------------------------------+
| Type      | Options                                               | Location                            |
+-----------+-------------------------------------------------------+-------------------------------------+
| INTERFACE | m_axi port=A offset=slave bundle=gmem_A depth=1000000 | in vector_mult (Vector_Mult.cpp:9)  |
| INTERFACE | m_axi port=B offset=slave bundle=gmem_B depth=1000000 | in vector_mult (Vector_Mult.cpp:10) |
| INTERFACE | m_axi port=C offset=slave bundle=gmem_C depth=1000000 | in vector_mult (Vector_Mult.cpp:11) |
| INTERFACE | s_axilite port=A bundle=control                       | in vector_mult (Vector_Mult.cpp:14) |
| INTERFACE | s_axilite port=B bundle=control                       | in vector_mult (Vector_Mult.cpp:15) |
| INTERFACE | s_axilite port=C bundle=control                       | in vector_mult (Vector_Mult.cpp:16) |
| INTERFACE | s_axilite port=length bundle=control                  | in vector_mult (Vector_Mult.cpp:17) |
| INTERFACE | s_axilite port=return bundle=control                  | in vector_mult (Vector_Mult.cpp:18) |
| PIPELINE  | ii=1                                                  | in vector_mult (Vector_Mult.cpp:21) |
| BIND_OP   | variable=result op=mul impl=dsp                       | in vector_mult (Vector_Mult.cpp:23) |
+-----------+-------------------------------------------------------+-------------------------------------+


