
*** Running vivado
    with args -log Design_1_wrapper.vds -m64 -product Vivado -mode batch -messageDb vivado.pb -notrace -source Design_1_wrapper.tcl


INFO: [Common 17-3922] A valid Vivado Design Suite BASIC license has been detected. Your current license is active and will expire on 22-aug-2027.
#-----------------------------------------------------------
# Vivado v2026.1 (64-bit)
# SW Build 6511674 on Tue Jun 16 11:02:23 MDT 2026
# IP Build 6504888 on Tue Jun 09 09:05:25 MDT 2026
# SharedData Build 6501428 on Mon Jun 08 17:34:18 MDT 2026
# Start of session at: Thu Sep 10 01:36:41 2026
# Process ID         : 36668
# Current directory  : C:/Vivado_WS/Sobel_Project/Sobel_Project.runs/synth_1
# Command line       : vivado.exe -log Design_1_wrapper.vds -product Vivado -mode batch -messageDb vivado.pb -notrace -source Design_1_wrapper.tcl
# Log file           : C:/Vivado_WS/Sobel_Project/Sobel_Project.runs/synth_1/Design_1_wrapper.vds
# Journal file       : C:/Vivado_WS/Sobel_Project/Sobel_Project.runs/synth_1\vivado.jou
# Running On         : DESKTOP-55UAODO
# Platform           : Windows 11
# Operating System   : 26200
# Processor Detail   : 13th Gen Intel(R) Core(TM) i5-13450HX
# CPU Frequency      : 2611 MHz
# CPU Physical cores : 10
# CPU Logical cores  : 16
# Host memory        : 16849 MB
# Swap memory        : 23903 MB
# Total Virtual      : 40752 MB
# Available Virtual  : 21172 MB
#-----------------------------------------------------------

****** Vivado v2026.1 (64-bit)
  **** SW Build 6511674 on Tue Jun 16 11:02:23 MDT 2026
  **** IP Build 6504888 on Tue Jun 09 09:05:25 MDT 2026
  **** SharedData Build 6501428 on Mon Jun 08 17:34:18 MDT 2026
  **** Start of session at: Thu Sep 10 01:36:41 2026
    ** Copyright 1986-2022 Xilinx, Inc. All Rights Reserved.
    ** Copyright 2022-2026 Advanced Micro Devices, Inc. All Rights Reserved.

source Design_1_wrapper.tcl -notrace
create_project: Time (s): cpu = 00:00:08 ; elapsed = 00:00:06 . Memory (MB): peak = 582.102 ; gain = 268.047
INFO: [IP_Flow 19-234] Refreshing IP repositories
INFO: [IP_Flow 19-1700] Loaded user IP repository 'c:/Vitis_WS/Sobel_IP/Sobel_IP'.
INFO: [IP_Flow 19-2313] Loaded Vivado IP repository 'C:/AMDDesignTools/2026.1/Vivado/data/ip'.
Command: synth_design -top Design_1_wrapper -part xc7z020clg400-1
Starting synth_design
Attempting to get a license for feature 'Vivado_Synthesis' and/or device 'xc7z020'
INFO: [Common 17-349] Got license for feature 'Vivado_Synthesis' and/or device 'xc7z020'
INFO: [Device 21-403] Loading part xc7z020clg400-1
INFO: [Designutils 20-5008] Incremental synthesis strategy default
INFO: [Synth 8-7079] Multithreading enabled for synth_design using a maximum of 2 processes.
INFO: [Synth 8-7078] Launching helper process for spawning children vivado processes
INFO: [Synth 8-7075] Helper process launched with PID 31280
---------------------------------------------------------------------------------
Starting RTL Elaboration : Time (s): cpu = 00:00:05 ; elapsed = 00:00:05 . Memory (MB): peak = 1425.301 ; gain = 576.031
---------------------------------------------------------------------------------
INFO: [Synth 8-6157] synthesizing module 'Design_1_wrapper' [C:/Vivado_WS/Sobel_Project/Sobel_Project.gen/sources_1/bd/Design_1/hdl/Design_1_wrapper.v:13]
INFO: [Synth 8-6157] synthesizing module 'Design_1' [c:/Vivado_WS/Sobel_Project/Sobel_Project.gen/sources_1/bd/Design_1/synth/Design_1.v:13]
INFO: [Synth 8-6157] synthesizing module 'Design_1_axi_dma_0_0' [C:/Vivado_WS/Sobel_Project/Sobel_Project.runs/synth_1/.Xil/Vivado-36668-DESKTOP-55UAODO/realtime/Design_1_axi_dma_0_0_stub.v:6]
INFO: [Synth 8-6155] done synthesizing module 'Design_1_axi_dma_0_0' (0#1) [C:/Vivado_WS/Sobel_Project/Sobel_Project.runs/synth_1/.Xil/Vivado-36668-DESKTOP-55UAODO/realtime/Design_1_axi_dma_0_0_stub.v:6]
WARNING: [Synth 8-7071] port 'mm2s_prmry_reset_out_n' of module 'Design_1_axi_dma_0_0' is unconnected for instance 'axi_dma_0' [c:/Vivado_WS/Sobel_Project/Sobel_Project.gen/sources_1/bd/Design_1/synth/Design_1.v:269]
WARNING: [Synth 8-7071] port 's2mm_prmry_reset_out_n' of module 'Design_1_axi_dma_0_0' is unconnected for instance 'axi_dma_0' [c:/Vivado_WS/Sobel_Project/Sobel_Project.gen/sources_1/bd/Design_1/synth/Design_1.v:269]
WARNING: [Synth 8-7071] port 'mm2s_introut' of module 'Design_1_axi_dma_0_0' is unconnected for instance 'axi_dma_0' [c:/Vivado_WS/Sobel_Project/Sobel_Project.gen/sources_1/bd/Design_1/synth/Design_1.v:269]
WARNING: [Synth 8-7071] port 's2mm_introut' of module 'Design_1_axi_dma_0_0' is unconnected for instance 'axi_dma_0' [c:/Vivado_WS/Sobel_Project/Sobel_Project.gen/sources_1/bd/Design_1/synth/Design_1.v:269]
WARNING: [Synth 8-7071] port 'axi_dma_tstvec' of module 'Design_1_axi_dma_0_0' is unconnected for instance 'axi_dma_0' [c:/Vivado_WS/Sobel_Project/Sobel_Project.gen/sources_1/bd/Design_1/synth/Design_1.v:269]
WARNING: [Synth 8-7023] instance 'axi_dma_0' of module 'Design_1_axi_dma_0_0' has 64 connections declared, but only 59 given [c:/Vivado_WS/Sobel_Project/Sobel_Project.gen/sources_1/bd/Design_1/synth/Design_1.v:269]
INFO: [Synth 8-6157] synthesizing module 'Design_1_axi_mem_intercon_0' [c:/Vivado_WS/Sobel_Project/Sobel_Project.gen/sources_1/bd/Design_1/synth/Design_1.v:707]
INFO: [Synth 8-6157] synthesizing module 'm00_couplers_imp_7EV811' [c:/Vivado_WS/Sobel_Project/Sobel_Project.gen/sources_1/bd/Design_1/synth/Design_1.v:1473]
INFO: [Synth 8-6155] done synthesizing module 'm00_couplers_imp_7EV811' (0#1) [c:/Vivado_WS/Sobel_Project/Sobel_Project.gen/sources_1/bd/Design_1/synth/Design_1.v:1473]
INFO: [Synth 8-6157] synthesizing module 'm01_couplers_imp_1W86GSK' [c:/Vivado_WS/Sobel_Project/Sobel_Project.gen/sources_1/bd/Design_1/synth/Design_1.v:1714]
INFO: [Synth 8-6155] done synthesizing module 'm01_couplers_imp_1W86GSK' (0#1) [c:/Vivado_WS/Sobel_Project/Sobel_Project.gen/sources_1/bd/Design_1/synth/Design_1.v:1714]
INFO: [Synth 8-6157] synthesizing module 's00_couplers_imp_1R4STGN' [c:/Vivado_WS/Sobel_Project/Sobel_Project.gen/sources_1/bd/Design_1/synth/Design_1.v:1955]
INFO: [Synth 8-6157] synthesizing module 'Design_1_axi_mem_intercon_imp_auto_pc_0' [C:/Vivado_WS/Sobel_Project/Sobel_Project.runs/synth_1/.Xil/Vivado-36668-DESKTOP-55UAODO/realtime/Design_1_axi_mem_intercon_imp_auto_pc_0_stub.v:6]
INFO: [Synth 8-6155] done synthesizing module 'Design_1_axi_mem_intercon_imp_auto_pc_0' (0#1) [C:/Vivado_WS/Sobel_Project/Sobel_Project.runs/synth_1/.Xil/Vivado-36668-DESKTOP-55UAODO/realtime/Design_1_axi_mem_intercon_imp_auto_pc_0_stub.v:6]
INFO: [Synth 8-6155] done synthesizing module 's00_couplers_imp_1R4STGN' (0#1) [c:/Vivado_WS/Sobel_Project/Sobel_Project.gen/sources_1/bd/Design_1/synth/Design_1.v:1955]
INFO: [Synth 8-6157] synthesizing module 's01_couplers_imp_3KFWLI' [c:/Vivado_WS/Sobel_Project/Sobel_Project.gen/sources_1/bd/Design_1/synth/Design_1.v:2088]
INFO: [Synth 8-6157] synthesizing module 'Design_1_axi_mem_intercon_imp_auto_pc_1' [C:/Vivado_WS/Sobel_Project/Sobel_Project.runs/synth_1/.Xil/Vivado-36668-DESKTOP-55UAODO/realtime/Design_1_axi_mem_intercon_imp_auto_pc_1_stub.v:6]
INFO: [Synth 8-6155] done synthesizing module 'Design_1_axi_mem_intercon_imp_auto_pc_1' (0#1) [C:/Vivado_WS/Sobel_Project/Sobel_Project.runs/synth_1/.Xil/Vivado-36668-DESKTOP-55UAODO/realtime/Design_1_axi_mem_intercon_imp_auto_pc_1_stub.v:6]
INFO: [Synth 8-6155] done synthesizing module 's01_couplers_imp_3KFWLI' (0#1) [c:/Vivado_WS/Sobel_Project/Sobel_Project.gen/sources_1/bd/Design_1/synth/Design_1.v:2088]
INFO: [Synth 8-6157] synthesizing module 'Design_1_axi_mem_intercon_imp_xbar_0' [C:/Vivado_WS/Sobel_Project/Sobel_Project.runs/synth_1/.Xil/Vivado-36668-DESKTOP-55UAODO/realtime/Design_1_axi_mem_intercon_imp_xbar_0_stub.v:6]
INFO: [Synth 8-6155] done synthesizing module 'Design_1_axi_mem_intercon_imp_xbar_0' (0#1) [C:/Vivado_WS/Sobel_Project/Sobel_Project.runs/synth_1/.Xil/Vivado-36668-DESKTOP-55UAODO/realtime/Design_1_axi_mem_intercon_imp_xbar_0_stub.v:6]
WARNING: [Synth 8-689] width (1) of port connection 's_axi_arready' does not match port width (2) of module 'Design_1_axi_mem_intercon_imp_xbar_0' [c:/Vivado_WS/Sobel_Project/Sobel_Project.gen/sources_1/bd/Design_1/synth/Design_1.v:1443]
WARNING: [Synth 8-689] width (64) of port connection 's_axi_rdata' does not match port width (128) of module 'Design_1_axi_mem_intercon_imp_xbar_0' [c:/Vivado_WS/Sobel_Project/Sobel_Project.gen/sources_1/bd/Design_1/synth/Design_1.v:1460]
WARNING: [Synth 8-689] width (1) of port connection 's_axi_rlast' does not match port width (2) of module 'Design_1_axi_mem_intercon_imp_xbar_0' [c:/Vivado_WS/Sobel_Project/Sobel_Project.gen/sources_1/bd/Design_1/synth/Design_1.v:1461]
WARNING: [Synth 8-689] width (2) of port connection 's_axi_rresp' does not match port width (4) of module 'Design_1_axi_mem_intercon_imp_xbar_0' [c:/Vivado_WS/Sobel_Project/Sobel_Project.gen/sources_1/bd/Design_1/synth/Design_1.v:1463]
WARNING: [Synth 8-689] width (1) of port connection 's_axi_rvalid' does not match port width (2) of module 'Design_1_axi_mem_intercon_imp_xbar_0' [c:/Vivado_WS/Sobel_Project/Sobel_Project.gen/sources_1/bd/Design_1/synth/Design_1.v:1464]
WARNING: [Synth 8-7071] port 's_axi_bid' of module 'Design_1_axi_mem_intercon_imp_xbar_0' is unconnected for instance 'xbar' [c:/Vivado_WS/Sobel_Project/Sobel_Project.gen/sources_1/bd/Design_1/synth/Design_1.v:1394]
WARNING: [Synth 8-7071] port 's_axi_rid' of module 'Design_1_axi_mem_intercon_imp_xbar_0' is unconnected for instance 'xbar' [c:/Vivado_WS/Sobel_Project/Sobel_Project.gen/sources_1/bd/Design_1/synth/Design_1.v:1394]
WARNING: [Synth 8-7023] instance 'xbar' of module 'Design_1_axi_mem_intercon_imp_xbar_0' has 78 connections declared, but only 76 given [c:/Vivado_WS/Sobel_Project/Sobel_Project.gen/sources_1/bd/Design_1/synth/Design_1.v:1394]
INFO: [Synth 8-6155] done synthesizing module 'Design_1_axi_mem_intercon_0' (0#1) [c:/Vivado_WS/Sobel_Project/Sobel_Project.gen/sources_1/bd/Design_1/synth/Design_1.v:707]
INFO: [Synth 8-6157] synthesizing module 'Design_1_axi_smc_0' [C:/Vivado_WS/Sobel_Project/Sobel_Project.runs/synth_1/.Xil/Vivado-36668-DESKTOP-55UAODO/realtime/Design_1_axi_smc_0_stub.v:6]
INFO: [Synth 8-6155] done synthesizing module 'Design_1_axi_smc_0' (0#1) [C:/Vivado_WS/Sobel_Project/Sobel_Project.runs/synth_1/.Xil/Vivado-36668-DESKTOP-55UAODO/realtime/Design_1_axi_smc_0_stub.v:6]
WARNING: [Synth 8-7071] port 'M00_AXI_awprot' of module 'Design_1_axi_smc_0' is unconnected for instance 'axi_smc' [c:/Vivado_WS/Sobel_Project/Sobel_Project.gen/sources_1/bd/Design_1/synth/Design_1.v:445]
WARNING: [Synth 8-7071] port 'M00_AXI_wstrb' of module 'Design_1_axi_smc_0' is unconnected for instance 'axi_smc' [c:/Vivado_WS/Sobel_Project/Sobel_Project.gen/sources_1/bd/Design_1/synth/Design_1.v:445]
WARNING: [Synth 8-7071] port 'M00_AXI_arprot' of module 'Design_1_axi_smc_0' is unconnected for instance 'axi_smc' [c:/Vivado_WS/Sobel_Project/Sobel_Project.gen/sources_1/bd/Design_1/synth/Design_1.v:445]
WARNING: [Synth 8-7071] port 'M01_AXI_awprot' of module 'Design_1_axi_smc_0' is unconnected for instance 'axi_smc' [c:/Vivado_WS/Sobel_Project/Sobel_Project.gen/sources_1/bd/Design_1/synth/Design_1.v:445]
WARNING: [Synth 8-7071] port 'M01_AXI_arprot' of module 'Design_1_axi_smc_0' is unconnected for instance 'axi_smc' [c:/Vivado_WS/Sobel_Project/Sobel_Project.gen/sources_1/bd/Design_1/synth/Design_1.v:445]
WARNING: [Synth 8-7023] instance 'axi_smc' of module 'Design_1_axi_smc_0' has 78 connections declared, but only 73 given [c:/Vivado_WS/Sobel_Project/Sobel_Project.gen/sources_1/bd/Design_1/synth/Design_1.v:445]
INFO: [Synth 8-6157] synthesizing module 'Design_1_processing_system7_0_0' [C:/Vivado_WS/Sobel_Project/Sobel_Project.runs/synth_1/.Xil/Vivado-36668-DESKTOP-55UAODO/realtime/Design_1_processing_system7_0_0_stub.v:6]
INFO: [Synth 8-6155] done synthesizing module 'Design_1_processing_system7_0_0' (0#1) [C:/Vivado_WS/Sobel_Project/Sobel_Project.runs/synth_1/.Xil/Vivado-36668-DESKTOP-55UAODO/realtime/Design_1_processing_system7_0_0_stub.v:6]
WARNING: [Synth 8-7071] port 'S_AXI_HP0_RCOUNT' of module 'Design_1_processing_system7_0_0' is unconnected for instance 'processing_system7_0' [c:/Vivado_WS/Sobel_Project/Sobel_Project.gen/sources_1/bd/Design_1/synth/Design_1.v:519]
WARNING: [Synth 8-7071] port 'S_AXI_HP0_WCOUNT' of module 'Design_1_processing_system7_0_0' is unconnected for instance 'processing_system7_0' [c:/Vivado_WS/Sobel_Project/Sobel_Project.gen/sources_1/bd/Design_1/synth/Design_1.v:519]
WARNING: [Synth 8-7071] port 'S_AXI_HP0_RACOUNT' of module 'Design_1_processing_system7_0_0' is unconnected for instance 'processing_system7_0' [c:/Vivado_WS/Sobel_Project/Sobel_Project.gen/sources_1/bd/Design_1/synth/Design_1.v:519]
WARNING: [Synth 8-7071] port 'S_AXI_HP0_WACOUNT' of module 'Design_1_processing_system7_0_0' is unconnected for instance 'processing_system7_0' [c:/Vivado_WS/Sobel_Project/Sobel_Project.gen/sources_1/bd/Design_1/synth/Design_1.v:519]
WARNING: [Synth 8-7071] port 'S_AXI_HP2_RCOUNT' of module 'Design_1_processing_system7_0_0' is unconnected for instance 'processing_system7_0' [c:/Vivado_WS/Sobel_Project/Sobel_Project.gen/sources_1/bd/Design_1/synth/Design_1.v:519]
WARNING: [Synth 8-7071] port 'S_AXI_HP2_WCOUNT' of module 'Design_1_processing_system7_0_0' is unconnected for instance 'processing_system7_0' [c:/Vivado_WS/Sobel_Project/Sobel_Project.gen/sources_1/bd/Design_1/synth/Design_1.v:519]
WARNING: [Synth 8-7071] port 'S_AXI_HP2_RACOUNT' of module 'Design_1_processing_system7_0_0' is unconnected for instance 'processing_system7_0' [c:/Vivado_WS/Sobel_Project/Sobel_Project.gen/sources_1/bd/Design_1/synth/Design_1.v:519]
WARNING: [Synth 8-7071] port 'S_AXI_HP2_WACOUNT' of module 'Design_1_processing_system7_0_0' is unconnected for instance 'processing_system7_0' [c:/Vivado_WS/Sobel_Project/Sobel_Project.gen/sources_1/bd/Design_1/synth/Design_1.v:519]
WARNING: [Synth 8-7023] instance 'processing_system7_0' of module 'Design_1_processing_system7_0_0' has 152 connections declared, but only 144 given [c:/Vivado_WS/Sobel_Project/Sobel_Project.gen/sources_1/bd/Design_1/synth/Design_1.v:519]
INFO: [Synth 8-6157] synthesizing module 'Design_1_rst_ps7_0_100M_0' [C:/Vivado_WS/Sobel_Project/Sobel_Project.runs/synth_1/.Xil/Vivado-36668-DESKTOP-55UAODO/realtime/Design_1_rst_ps7_0_100M_0_stub.v:6]
INFO: [Synth 8-6155] done synthesizing module 'Design_1_rst_ps7_0_100M_0' (0#1) [C:/Vivado_WS/Sobel_Project/Sobel_Project.runs/synth_1/.Xil/Vivado-36668-DESKTOP-55UAODO/realtime/Design_1_rst_ps7_0_100M_0_stub.v:6]
WARNING: [Synth 8-7071] port 'mb_reset' of module 'Design_1_rst_ps7_0_100M_0' is unconnected for instance 'rst_ps7_0_100M' [c:/Vivado_WS/Sobel_Project/Sobel_Project.gen/sources_1/bd/Design_1/synth/Design_1.v:664]
WARNING: [Synth 8-7071] port 'bus_struct_reset' of module 'Design_1_rst_ps7_0_100M_0' is unconnected for instance 'rst_ps7_0_100M' [c:/Vivado_WS/Sobel_Project/Sobel_Project.gen/sources_1/bd/Design_1/synth/Design_1.v:664]
WARNING: [Synth 8-7071] port 'peripheral_reset' of module 'Design_1_rst_ps7_0_100M_0' is unconnected for instance 'rst_ps7_0_100M' [c:/Vivado_WS/Sobel_Project/Sobel_Project.gen/sources_1/bd/Design_1/synth/Design_1.v:664]
WARNING: [Synth 8-7071] port 'interconnect_aresetn' of module 'Design_1_rst_ps7_0_100M_0' is unconnected for instance 'rst_ps7_0_100M' [c:/Vivado_WS/Sobel_Project/Sobel_Project.gen/sources_1/bd/Design_1/synth/Design_1.v:664]
WARNING: [Synth 8-7023] instance 'rst_ps7_0_100M' of module 'Design_1_rst_ps7_0_100M_0' has 10 connections declared, but only 6 given [c:/Vivado_WS/Sobel_Project/Sobel_Project.gen/sources_1/bd/Design_1/synth/Design_1.v:664]
INFO: [Synth 8-6157] synthesizing module 'Design_1_sobel_filter_0_0' [C:/Vivado_WS/Sobel_Project/Sobel_Project.runs/synth_1/.Xil/Vivado-36668-DESKTOP-55UAODO/realtime/Design_1_sobel_filter_0_0_stub.v:6]
INFO: [Synth 8-6155] done synthesizing module 'Design_1_sobel_filter_0_0' (0#1) [C:/Vivado_WS/Sobel_Project/Sobel_Project.runs/synth_1/.Xil/Vivado-36668-DESKTOP-55UAODO/realtime/Design_1_sobel_filter_0_0_stub.v:6]
WARNING: [Synth 8-7071] port 'interrupt' of module 'Design_1_sobel_filter_0_0' is unconnected for instance 'sobel_filter_0' [c:/Vivado_WS/Sobel_Project/Sobel_Project.gen/sources_1/bd/Design_1/synth/Design_1.v:671]
WARNING: [Synth 8-7071] port 'output_r_TDEST' of module 'Design_1_sobel_filter_0_0' is unconnected for instance 'sobel_filter_0' [c:/Vivado_WS/Sobel_Project/Sobel_Project.gen/sources_1/bd/Design_1/synth/Design_1.v:671]
WARNING: [Synth 8-7071] port 'output_r_TID' of module 'Design_1_sobel_filter_0_0' is unconnected for instance 'sobel_filter_0' [c:/Vivado_WS/Sobel_Project/Sobel_Project.gen/sources_1/bd/Design_1/synth/Design_1.v:671]
WARNING: [Synth 8-7071] port 'output_r_TSTRB' of module 'Design_1_sobel_filter_0_0' is unconnected for instance 'sobel_filter_0' [c:/Vivado_WS/Sobel_Project/Sobel_Project.gen/sources_1/bd/Design_1/synth/Design_1.v:671]
WARNING: [Synth 8-7071] port 'output_r_TUSER' of module 'Design_1_sobel_filter_0_0' is unconnected for instance 'sobel_filter_0' [c:/Vivado_WS/Sobel_Project/Sobel_Project.gen/sources_1/bd/Design_1/synth/Design_1.v:671]
WARNING: [Synth 8-7023] instance 'sobel_filter_0' of module 'Design_1_sobel_filter_0_0' has 38 connections declared, but only 33 given [c:/Vivado_WS/Sobel_Project/Sobel_Project.gen/sources_1/bd/Design_1/synth/Design_1.v:671]
INFO: [Synth 8-6155] done synthesizing module 'Design_1' (0#1) [c:/Vivado_WS/Sobel_Project/Sobel_Project.gen/sources_1/bd/Design_1/synth/Design_1.v:13]
INFO: [Synth 8-6155] done synthesizing module 'Design_1_wrapper' (0#1) [C:/Vivado_WS/Sobel_Project/Sobel_Project.gen/sources_1/bd/Design_1/hdl/Design_1_wrapper.v:13]
WARNING: [Synth 8-7129] Port M_ACLK in module s01_couplers_imp_3KFWLI is either unconnected or has no load
WARNING: [Synth 8-7129] Port M_ARESETN in module s01_couplers_imp_3KFWLI is either unconnected or has no load
WARNING: [Synth 8-7129] Port M_ACLK in module s00_couplers_imp_1R4STGN is either unconnected or has no load
WARNING: [Synth 8-7129] Port M_ARESETN in module s00_couplers_imp_1R4STGN is either unconnected or has no load
WARNING: [Synth 8-7129] Port M_ACLK in module m01_couplers_imp_1W86GSK is either unconnected or has no load
WARNING: [Synth 8-7129] Port M_ARESETN in module m01_couplers_imp_1W86GSK is either unconnected or has no load
WARNING: [Synth 8-7129] Port S_ACLK in module m01_couplers_imp_1W86GSK is either unconnected or has no load
WARNING: [Synth 8-7129] Port S_ARESETN in module m01_couplers_imp_1W86GSK is either unconnected or has no load
WARNING: [Synth 8-7129] Port M_ACLK in module m00_couplers_imp_7EV811 is either unconnected or has no load
WARNING: [Synth 8-7129] Port M_ARESETN in module m00_couplers_imp_7EV811 is either unconnected or has no load
WARNING: [Synth 8-7129] Port S_ACLK in module m00_couplers_imp_7EV811 is either unconnected or has no load
WARNING: [Synth 8-7129] Port S_ARESETN in module m00_couplers_imp_7EV811 is either unconnected or has no load
WARNING: [Synth 8-7129] Port M00_ACLK in module Design_1_axi_mem_intercon_0 is either unconnected or has no load
WARNING: [Synth 8-7129] Port M00_ARESETN in module Design_1_axi_mem_intercon_0 is either unconnected or has no load
WARNING: [Synth 8-7129] Port M01_ACLK in module Design_1_axi_mem_intercon_0 is either unconnected or has no load
WARNING: [Synth 8-7129] Port M01_ARESETN in module Design_1_axi_mem_intercon_0 is either unconnected or has no load
WARNING: [Synth 8-7129] Port S00_ACLK in module Design_1_axi_mem_intercon_0 is either unconnected or has no load
WARNING: [Synth 8-7129] Port S00_ARESETN in module Design_1_axi_mem_intercon_0 is either unconnected or has no load
WARNING: [Synth 8-7129] Port S01_ACLK in module Design_1_axi_mem_intercon_0 is either unconnected or has no load
WARNING: [Synth 8-7129] Port S01_ARESETN in module Design_1_axi_mem_intercon_0 is either unconnected or has no load
---------------------------------------------------------------------------------
Finished RTL Elaboration : Time (s): cpu = 00:00:06 ; elapsed = 00:00:07 . Memory (MB): peak = 1559.281 ; gain = 710.012
---------------------------------------------------------------------------------
---------------------------------------------------------------------------------
Start Handling Custom Attributes
---------------------------------------------------------------------------------
---------------------------------------------------------------------------------
Finished Handling Custom Attributes : Time (s): cpu = 00:00:06 ; elapsed = 00:00:07 . Memory (MB): peak = 1559.281 ; gain = 710.012
---------------------------------------------------------------------------------
---------------------------------------------------------------------------------
Finished RTL Optimization Phase 1 : Time (s): cpu = 00:00:06 ; elapsed = 00:00:07 . Memory (MB): peak = 1559.281 ; gain = 710.012
---------------------------------------------------------------------------------
Netlist sorting complete. Time (s): cpu = 00:00:00 ; elapsed = 00:00:00.007 . Memory (MB): peak = 1559.281 ; gain = 0.000
INFO: [Project 1-570] Preparing netlist for logic optimization

Processing XDC Constraints
Initializing timing engine
Parsing XDC File [c:/Vivado_WS/Sobel_Project/Sobel_Project.gen/sources_1/bd/Design_1/ip/Design_1_sobel_filter_0_0/Design_1_sobel_filter_0_0/Design_1_sobel_filter_0_0_in_context.xdc] for cell 'Design_1_i/sobel_filter_0'
Finished Parsing XDC File [c:/Vivado_WS/Sobel_Project/Sobel_Project.gen/sources_1/bd/Design_1/ip/Design_1_sobel_filter_0_0/Design_1_sobel_filter_0_0/Design_1_sobel_filter_0_0_in_context.xdc] for cell 'Design_1_i/sobel_filter_0'
Parsing XDC File [c:/Vivado_WS/Sobel_Project/Sobel_Project.gen/sources_1/bd/Design_1/ip/Design_1_processing_system7_0_0/Design_1_processing_system7_0_0/Design_1_processing_system7_0_0_in_context.xdc] for cell 'Design_1_i/processing_system7_0'
Finished Parsing XDC File [c:/Vivado_WS/Sobel_Project/Sobel_Project.gen/sources_1/bd/Design_1/ip/Design_1_processing_system7_0_0/Design_1_processing_system7_0_0/Design_1_processing_system7_0_0_in_context.xdc] for cell 'Design_1_i/processing_system7_0'
Parsing XDC File [c:/Vivado_WS/Sobel_Project/Sobel_Project.gen/sources_1/bd/Design_1/ip/Design_1_axi_dma_0_0/Design_1_axi_dma_0_0/Design_1_axi_dma_0_0_in_context.xdc] for cell 'Design_1_i/axi_dma_0'
Finished Parsing XDC File [c:/Vivado_WS/Sobel_Project/Sobel_Project.gen/sources_1/bd/Design_1/ip/Design_1_axi_dma_0_0/Design_1_axi_dma_0_0/Design_1_axi_dma_0_0_in_context.xdc] for cell 'Design_1_i/axi_dma_0'
Parsing XDC File [c:/Vivado_WS/Sobel_Project/Sobel_Project.gen/sources_1/bd/Design_1/ip/Design_1_axi_smc_0/Design_1_axi_smc_0/Design_1_axi_smc_0_in_context.xdc] for cell 'Design_1_i/axi_smc'
Finished Parsing XDC File [c:/Vivado_WS/Sobel_Project/Sobel_Project.gen/sources_1/bd/Design_1/ip/Design_1_axi_smc_0/Design_1_axi_smc_0/Design_1_axi_smc_0_in_context.xdc] for cell 'Design_1_i/axi_smc'
Parsing XDC File [c:/Vivado_WS/Sobel_Project/Sobel_Project.gen/sources_1/bd/Design_1/ip/Design_1_rst_ps7_0_100M_0/Design_1_rst_ps7_0_100M_0/Design_1_rst_ps7_0_100M_0_in_context.xdc] for cell 'Design_1_i/rst_ps7_0_100M'
Finished Parsing XDC File [c:/Vivado_WS/Sobel_Project/Sobel_Project.gen/sources_1/bd/Design_1/ip/Design_1_rst_ps7_0_100M_0/Design_1_rst_ps7_0_100M_0/Design_1_rst_ps7_0_100M_0_in_context.xdc] for cell 'Design_1_i/rst_ps7_0_100M'
Parsing XDC File [c:/Vivado_WS/Sobel_Project/Sobel_Project.gen/sources_1/bd/Design_1/ip/Design_1_axi_mem_intercon_imp_xbar_0/Design_1_axi_mem_intercon_imp_xbar_0/Design_1_axi_mem_intercon_imp_xbar_0_in_context.xdc] for cell 'Design_1_i/axi_mem_intercon/xbar'
Finished Parsing XDC File [c:/Vivado_WS/Sobel_Project/Sobel_Project.gen/sources_1/bd/Design_1/ip/Design_1_axi_mem_intercon_imp_xbar_0/Design_1_axi_mem_intercon_imp_xbar_0/Design_1_axi_mem_intercon_imp_xbar_0_in_context.xdc] for cell 'Design_1_i/axi_mem_intercon/xbar'
Parsing XDC File [c:/Vivado_WS/Sobel_Project/Sobel_Project.gen/sources_1/bd/Design_1/ip/Design_1_axi_mem_intercon_imp_auto_pc_0/Design_1_axi_mem_intercon_imp_auto_pc_0/Design_1_axi_mem_intercon_imp_auto_pc_0_in_context.xdc] for cell 'Design_1_i/axi_mem_intercon/s00_couplers/auto_pc'
Finished Parsing XDC File [c:/Vivado_WS/Sobel_Project/Sobel_Project.gen/sources_1/bd/Design_1/ip/Design_1_axi_mem_intercon_imp_auto_pc_0/Design_1_axi_mem_intercon_imp_auto_pc_0/Design_1_axi_mem_intercon_imp_auto_pc_0_in_context.xdc] for cell 'Design_1_i/axi_mem_intercon/s00_couplers/auto_pc'
Parsing XDC File [c:/Vivado_WS/Sobel_Project/Sobel_Project.gen/sources_1/bd/Design_1/ip/Design_1_axi_mem_intercon_imp_auto_pc_1/Design_1_axi_mem_intercon_imp_auto_pc_1/Design_1_axi_mem_intercon_imp_auto_pc_1_in_context.xdc] for cell 'Design_1_i/axi_mem_intercon/s01_couplers/auto_pc'
Finished Parsing XDC File [c:/Vivado_WS/Sobel_Project/Sobel_Project.gen/sources_1/bd/Design_1/ip/Design_1_axi_mem_intercon_imp_auto_pc_1/Design_1_axi_mem_intercon_imp_auto_pc_1/Design_1_axi_mem_intercon_imp_auto_pc_1_in_context.xdc] for cell 'Design_1_i/axi_mem_intercon/s01_couplers/auto_pc'
Parsing XDC File [C:/Vivado_WS/Sobel_Project/Sobel_Project.runs/synth_1/dont_touch.xdc]
Finished Parsing XDC File [C:/Vivado_WS/Sobel_Project/Sobel_Project.runs/synth_1/dont_touch.xdc]
Completed Processing XDC Constraints

Netlist sorting complete. Time (s): cpu = 00:00:00 ; elapsed = 00:00:00 . Memory (MB): peak = 1559.281 ; gain = 0.000
INFO: [Project 1-111] Unisim Transformation Summary:
No Unisim elements were transformed.

Constraint Validation Runtime : Time (s): cpu = 00:00:00 ; elapsed = 00:00:00.035 . Memory (MB): peak = 1559.281 ; gain = 0.000
---------------------------------------------------------------------------------
Finished Constraint Validation : Time (s): cpu = 00:00:14 ; elapsed = 00:00:15 . Memory (MB): peak = 1559.281 ; gain = 710.012
---------------------------------------------------------------------------------
---------------------------------------------------------------------------------
Start Loading Part and Timing Information
---------------------------------------------------------------------------------
Loading part: xc7z020clg400-1
---------------------------------------------------------------------------------
Finished Loading Part and Timing Information : Time (s): cpu = 00:00:14 ; elapsed = 00:00:15 . Memory (MB): peak = 1559.281 ; gain = 710.012
---------------------------------------------------------------------------------
---------------------------------------------------------------------------------
Start Applying 'set_property' XDC Constraints
---------------------------------------------------------------------------------
---------------------------------------------------------------------------------
Finished applying 'set_property' XDC Constraints : Time (s): cpu = 00:00:14 ; elapsed = 00:00:15 . Memory (MB): peak = 1559.281 ; gain = 710.012
---------------------------------------------------------------------------------
---------------------------------------------------------------------------------
Finished RTL Optimization Phase 2 : Time (s): cpu = 00:00:14 ; elapsed = 00:00:16 . Memory (MB): peak = 1559.281 ; gain = 710.012
---------------------------------------------------------------------------------
---------------------------------------------------------------------------------
Start RTL Component Statistics 
---------------------------------------------------------------------------------
Detailed RTL Component Info : 
---------------------------------------------------------------------------------
Finished RTL Component Statistics 
---------------------------------------------------------------------------------
---------------------------------------------------------------------------------
Start Part Resource Summary
---------------------------------------------------------------------------------
Part Resources:
DSPs: 220 (col length:60)
BRAMs: 280 (col length: RAMB18 60 RAMB36 30)
---------------------------------------------------------------------------------
Finished Part Resource Summary
---------------------------------------------------------------------------------
---------------------------------------------------------------------------------
Start Cross Boundary and Area Optimization
---------------------------------------------------------------------------------
WARNING: [Synth 8-7129] Port M00_ACLK in module Design_1_axi_mem_intercon_0 is either unconnected or has no load
WARNING: [Synth 8-7129] Port M00_ARESETN in module Design_1_axi_mem_intercon_0 is either unconnected or has no load
WARNING: [Synth 8-7129] Port M00_AXI_bid[5] in module Design_1_axi_mem_intercon_0 is either unconnected or has no load
WARNING: [Synth 8-7129] Port M00_AXI_bid[4] in module Design_1_axi_mem_intercon_0 is either unconnected or has no load
WARNING: [Synth 8-7129] Port M00_AXI_bid[3] in module Design_1_axi_mem_intercon_0 is either unconnected or has no load
WARNING: [Synth 8-7129] Port M00_AXI_bid[2] in module Design_1_axi_mem_intercon_0 is either unconnected or has no load
WARNING: [Synth 8-7129] Port M00_AXI_bid[1] in module Design_1_axi_mem_intercon_0 is either unconnected or has no load
WARNING: [Synth 8-7129] Port M00_AXI_rid[5] in module Design_1_axi_mem_intercon_0 is either unconnected or has no load
WARNING: [Synth 8-7129] Port M00_AXI_rid[4] in module Design_1_axi_mem_intercon_0 is either unconnected or has no load
WARNING: [Synth 8-7129] Port M00_AXI_rid[3] in module Design_1_axi_mem_intercon_0 is either unconnected or has no load
WARNING: [Synth 8-7129] Port M00_AXI_rid[2] in module Design_1_axi_mem_intercon_0 is either unconnected or has no load
WARNING: [Synth 8-7129] Port M00_AXI_rid[1] in module Design_1_axi_mem_intercon_0 is either unconnected or has no load
WARNING: [Synth 8-7129] Port M01_ACLK in module Design_1_axi_mem_intercon_0 is either unconnected or has no load
WARNING: [Synth 8-7129] Port M01_ARESETN in module Design_1_axi_mem_intercon_0 is either unconnected or has no load
WARNING: [Synth 8-7129] Port M01_AXI_bid[5] in module Design_1_axi_mem_intercon_0 is either unconnected or has no load
WARNING: [Synth 8-7129] Port M01_AXI_bid[4] in module Design_1_axi_mem_intercon_0 is either unconnected or has no load
WARNING: [Synth 8-7129] Port M01_AXI_bid[3] in module Design_1_axi_mem_intercon_0 is either unconnected or has no load
WARNING: [Synth 8-7129] Port M01_AXI_bid[2] in module Design_1_axi_mem_intercon_0 is either unconnected or has no load
WARNING: [Synth 8-7129] Port M01_AXI_bid[1] in module Design_1_axi_mem_intercon_0 is either unconnected or has no load
WARNING: [Synth 8-7129] Port M01_AXI_rid[5] in module Design_1_axi_mem_intercon_0 is either unconnected or has no load
WARNING: [Synth 8-7129] Port M01_AXI_rid[4] in module Design_1_axi_mem_intercon_0 is either unconnected or has no load
WARNING: [Synth 8-7129] Port M01_AXI_rid[3] in module Design_1_axi_mem_intercon_0 is either unconnected or has no load
WARNING: [Synth 8-7129] Port M01_AXI_rid[2] in module Design_1_axi_mem_intercon_0 is either unconnected or has no load
WARNING: [Synth 8-7129] Port M01_AXI_rid[1] in module Design_1_axi_mem_intercon_0 is either unconnected or has no load
WARNING: [Synth 8-7129] Port S00_ACLK in module Design_1_axi_mem_intercon_0 is either unconnected or has no load
WARNING: [Synth 8-7129] Port S00_ARESETN in module Design_1_axi_mem_intercon_0 is either unconnected or has no load
WARNING: [Synth 8-7129] Port S01_ACLK in module Design_1_axi_mem_intercon_0 is either unconnected or has no load
WARNING: [Synth 8-7129] Port S01_ARESETN in module Design_1_axi_mem_intercon_0 is either unconnected or has no load
---------------------------------------------------------------------------------
Finished Cross Boundary and Area Optimization : Time (s): cpu = 00:00:16 ; elapsed = 00:00:17 . Memory (MB): peak = 1589.941 ; gain = 740.672
---------------------------------------------------------------------------------
---------------------------------------------------------------------------------
Start Applying XDC Timing Constraints
---------------------------------------------------------------------------------
---------------------------------------------------------------------------------
Finished Applying XDC Timing Constraints : Time (s): cpu = 00:00:21 ; elapsed = 00:00:23 . Memory (MB): peak = 1754.137 ; gain = 904.867
---------------------------------------------------------------------------------
---------------------------------------------------------------------------------
Start Timing Optimization
---------------------------------------------------------------------------------
---------------------------------------------------------------------------------
Finished Timing Optimization : Time (s): cpu = 00:00:21 ; elapsed = 00:00:23 . Memory (MB): peak = 1755.145 ; gain = 905.875
---------------------------------------------------------------------------------
---------------------------------------------------------------------------------
Start Technology Mapping
---------------------------------------------------------------------------------
---------------------------------------------------------------------------------
Finished Technology Mapping : Time (s): cpu = 00:00:21 ; elapsed = 00:00:23 . Memory (MB): peak = 1765.934 ; gain = 916.664
---------------------------------------------------------------------------------
---------------------------------------------------------------------------------
Start IO Insertion
---------------------------------------------------------------------------------
---------------------------------------------------------------------------------
Start Flattening Before IO Insertion
---------------------------------------------------------------------------------
---------------------------------------------------------------------------------
Finished Flattening Before IO Insertion
---------------------------------------------------------------------------------
---------------------------------------------------------------------------------
Start Final Netlist Cleanup
---------------------------------------------------------------------------------
---------------------------------------------------------------------------------
Finished Final Netlist Cleanup
---------------------------------------------------------------------------------
---------------------------------------------------------------------------------
Finished IO Insertion : Time (s): cpu = 00:00:25 ; elapsed = 00:00:26 . Memory (MB): peak = 2040.336 ; gain = 1191.066
---------------------------------------------------------------------------------
---------------------------------------------------------------------------------
Start Renaming Generated Instances
---------------------------------------------------------------------------------
---------------------------------------------------------------------------------
Finished Renaming Generated Instances : Time (s): cpu = 00:00:25 ; elapsed = 00:00:26 . Memory (MB): peak = 2040.336 ; gain = 1191.066
---------------------------------------------------------------------------------
---------------------------------------------------------------------------------
Start Rebuilding User Hierarchy
---------------------------------------------------------------------------------
---------------------------------------------------------------------------------
Finished Rebuilding User Hierarchy : Time (s): cpu = 00:00:25 ; elapsed = 00:00:26 . Memory (MB): peak = 2040.336 ; gain = 1191.066
---------------------------------------------------------------------------------
---------------------------------------------------------------------------------
Start Renaming Generated Ports
---------------------------------------------------------------------------------
---------------------------------------------------------------------------------
Finished Renaming Generated Ports : Time (s): cpu = 00:00:25 ; elapsed = 00:00:26 . Memory (MB): peak = 2040.336 ; gain = 1191.066
---------------------------------------------------------------------------------
---------------------------------------------------------------------------------
Start Handling Custom Attributes
---------------------------------------------------------------------------------
---------------------------------------------------------------------------------
Finished Handling Custom Attributes : Time (s): cpu = 00:00:25 ; elapsed = 00:00:26 . Memory (MB): peak = 2040.336 ; gain = 1191.066
---------------------------------------------------------------------------------
---------------------------------------------------------------------------------
Start Renaming Generated Nets
---------------------------------------------------------------------------------
---------------------------------------------------------------------------------
Finished Renaming Generated Nets : Time (s): cpu = 00:00:25 ; elapsed = 00:00:26 . Memory (MB): peak = 2040.336 ; gain = 1191.066
---------------------------------------------------------------------------------
---------------------------------------------------------------------------------
Start Writing Synthesis Report
---------------------------------------------------------------------------------

Report BlackBoxes: 
+------+----------------------------------------+----------+
|      |BlackBox name                           |Instances |
+------+----------------------------------------+----------+
|1     |Design_1_axi_dma_0_0                    |         1|
|2     |Design_1_axi_mem_intercon_imp_xbar_0    |         1|
|3     |Design_1_axi_mem_intercon_imp_auto_pc_0 |         1|
|4     |Design_1_axi_mem_intercon_imp_auto_pc_1 |         1|
|5     |Design_1_axi_smc_0                      |         1|
|6     |Design_1_processing_system7_0_0         |         1|
|7     |Design_1_rst_ps7_0_100M_0               |         1|
|8     |Design_1_sobel_filter_0_0               |         1|
+------+----------------------------------------+----------+

Report Cell Usage: 
+------+--------------------------------------+------+
|      |Cell                                  |Count |
+------+--------------------------------------+------+
|1     |Design_1_axi_dma_0                    |     1|
|2     |Design_1_axi_mem_intercon_imp_auto_pc |     2|
|4     |Design_1_axi_mem_intercon_imp_xbar    |     1|
|5     |Design_1_axi_smc                      |     1|
|6     |Design_1_processing_system7_0         |     1|
|7     |Design_1_rst_ps7_0_100M               |     1|
|8     |Design_1_sobel_filter_0               |     1|
+------+--------------------------------------+------+
---------------------------------------------------------------------------------
Finished Writing Synthesis Report : Time (s): cpu = 00:00:25 ; elapsed = 00:00:26 . Memory (MB): peak = 2040.336 ; gain = 1191.066
---------------------------------------------------------------------------------
Synthesis finished with 0 errors, 0 critical warnings and 28 warnings.
Synthesis Optimization Runtime : Time (s): cpu = 00:00:17 ; elapsed = 00:00:24 . Memory (MB): peak = 2040.336 ; gain = 1191.066
Synthesis Optimization Complete : Time (s): cpu = 00:00:25 ; elapsed = 00:00:27 . Memory (MB): peak = 2040.336 ; gain = 1191.066
INFO: [Project 1-571] Translating synthesized netlist
Netlist sorting complete. Time (s): cpu = 00:00:00 ; elapsed = 00:00:00.005 . Memory (MB): peak = 2040.336 ; gain = 0.000
INFO: [Project 1-570] Preparing netlist for logic optimization
INFO: [Opt 31-138] Pushed 0 inverter(s) to 0 load pin(s).
Netlist sorting complete. Time (s): cpu = 00:00:00 ; elapsed = 00:00:00 . Memory (MB): peak = 2053.117 ; gain = 0.000
INFO: [Project 1-111] Unisim Transformation Summary:
No Unisim elements were transformed.

Synth Design complete | Checksum: 2a651d17
INFO: [Common 17-83] Releasing license: Vivado_Synthesis
46 Infos, 88 Warnings, 0 Critical Warnings and 0 Errors encountered.
synth_design completed successfully
synth_design: Time (s): cpu = 00:00:29 ; elapsed = 00:00:34 . Memory (MB): peak = 2057.105 ; gain = 1451.461
INFO: [Common 17-1381] The checkpoint 'C:/Vivado_WS/Sobel_Project/Sobel_Project.runs/synth_1/Design_1_wrapper.dcp' has been generated.
INFO: [Vivado 12-24828] Executing command : report_utilization -file Design_1_wrapper_utilization_synth.rpt -pb Design_1_wrapper_utilization_synth.pb
INFO: [Common 17-206] Exiting Vivado at Thu Sep 10 01:37:26 2026...
