
*** Running vivado
    with args -log Design_1_wrapper.vdi -applog -m64 -product Vivado -messageDb vivado.pb -mode batch -source Design_1_wrapper.tcl -notrace


INFO: [Common 17-3922] A valid Vivado Design Suite BASIC license has been detected. Your current license is active and will expire on 22-aug-2027.
#-----------------------------------------------------------
# Vivado v2026.1 (64-bit)
# SW Build 6511674 on Tue Jun 16 11:02:23 MDT 2026
# IP Build 6504888 on Tue Jun 09 09:05:25 MDT 2026
# SharedData Build 6501428 on Mon Jun 08 17:34:18 MDT 2026
# Start of session at: Wed Sep 23 23:13:56 2026
# Process ID         : 26376
# Current directory  : C:/F.A.L.C.O.N/Vivado_WS/Gaussian_Filter_Project/Gaussian_Filter_Project.runs/impl_1
# Command line       : vivado.exe -log Design_1_wrapper.vdi -applog -product Vivado -messageDb vivado.pb -mode batch -source Design_1_wrapper.tcl -notrace
# Log file           : C:/F.A.L.C.O.N/Vivado_WS/Gaussian_Filter_Project/Gaussian_Filter_Project.runs/impl_1/Design_1_wrapper.vdi
# Journal file       : C:/F.A.L.C.O.N/Vivado_WS/Gaussian_Filter_Project/Gaussian_Filter_Project.runs/impl_1\vivado.jou
# Running On         : DESKTOP-55UAODO
# Platform           : Windows 11
# Operating System   : 26200
# Processor Detail   : 13th Gen Intel(R) Core(TM) i5-13450HX
# CPU Frequency      : 2611 MHz
# CPU Physical cores : 10
# CPU Logical cores  : 16
# Host memory        : 16849 MB
# Swap memory        : 28991 MB
# Total Virtual      : 45840 MB
# Available Virtual  : 26149 MB
#-----------------------------------------------------------

****** Vivado v2026.1 (64-bit)
  **** SW Build 6511674 on Tue Jun 16 11:02:23 MDT 2026
  **** IP Build 6504888 on Tue Jun 09 09:05:25 MDT 2026
  **** SharedData Build 6501428 on Mon Jun 08 17:34:18 MDT 2026
  **** Start of session at: Wed Sep 23 23:13:56 2026
    ** Copyright 1986-2022 Xilinx, Inc. All Rights Reserved.
    ** Copyright 2022-2026 Advanced Micro Devices, Inc. All Rights Reserved.

source Design_1_wrapper.tcl -notrace
create_project: Time (s): cpu = 00:00:08 ; elapsed = 00:00:06 . Memory (MB): peak = 582.898 ; gain = 268.938
INFO: [IP_Flow 19-234] Refreshing IP repositories
INFO: [IP_Flow 19-1700] Loaded user IP repository 'c:/F.A.L.C.O.N/Vitis_WS/Gaussian_Filter_IP/Gaussian_Filter_IP'.
INFO: [IP_Flow 19-2313] Loaded Vivado IP repository 'C:/AMDDesignTools/2026.1/Vivado/data/ip'.
WARNING: [IP_Flow 19-4995] The host OS only allows 260 characters in a normal path. The IP cache path is more than 80 characters. If you experience issues with IP caching, please consider changing the IP cache to a location with a shorter path. Alternately consider using the OS subst command to map part of the path to a drive letter. 
Current IP cache path is C:/F.A.L.C.O.N/Vivado_WS/Gaussian_Filter_Project/Gaussian_Filter_Project.cache/ip 
Command: link_design -top Design_1_wrapper -part xc7z020clg400-1
Design is defaulting to srcset: sources_1
Design is defaulting to constrset: constrs_1
INFO: [Device 21-403] Loading part xc7z020clg400-1
INFO: [Project 1-5699] Read binary netlist with skipMacroContent - 1
INFO: [Project 1-454] Reading design checkpoint 'c:/F.A.L.C.O.N/Vivado_WS/Gaussian_Filter_Project/Gaussian_Filter_Project.gen/sources_1/bd/Design_1/ip/Design_1_Gaussian_Filter_0_0/Design_1_Gaussian_Filter_0_0.dcp' for cell 'Design_1_i/Gaussian_Filter_0'
INFO: [Project 1-454] Reading design checkpoint 'c:/F.A.L.C.O.N/Vivado_WS/Gaussian_Filter_Project/Gaussian_Filter_Project.gen/sources_1/bd/Design_1/ip/Design_1_axi_dma_0_0/Design_1_axi_dma_0_0.dcp' for cell 'Design_1_i/axi_dma_0'
INFO: [Project 1-454] Reading design checkpoint 'c:/F.A.L.C.O.N/Vivado_WS/Gaussian_Filter_Project/Gaussian_Filter_Project.gen/sources_1/bd/Design_1/ip/Design_1_proc_sys_reset_0_0/Design_1_proc_sys_reset_0_0.dcp' for cell 'Design_1_i/proc_sys_reset_0'
INFO: [Project 1-454] Reading design checkpoint 'c:/F.A.L.C.O.N/Vivado_WS/Gaussian_Filter_Project/Gaussian_Filter_Project.gen/sources_1/bd/Design_1/ip/Design_1_processing_system7_0_0/Design_1_processing_system7_0_0.dcp' for cell 'Design_1_i/processing_system7_0'
INFO: [Project 1-454] Reading design checkpoint 'c:/F.A.L.C.O.N/Vivado_WS/Gaussian_Filter_Project/Gaussian_Filter_Project.gen/sources_1/bd/Design_1/ip/Design_1_smartconnect_0_0/Design_1_smartconnect_0_0.dcp' for cell 'Design_1_i/smartconnect_0'
INFO: [Project 1-454] Reading design checkpoint 'c:/F.A.L.C.O.N/Vivado_WS/Gaussian_Filter_Project/Gaussian_Filter_Project.gen/sources_1/bd/Design_1/ip/Design_1_axi_interconnect_0_imp_xbar_0/Design_1_axi_interconnect_0_imp_xbar_0.dcp' for cell 'Design_1_i/axi_interconnect_0/xbar'
INFO: [Project 1-454] Reading design checkpoint 'c:/F.A.L.C.O.N/Vivado_WS/Gaussian_Filter_Project/Gaussian_Filter_Project.gen/sources_1/bd/Design_1/ip/Design_1_axi_interconnect_0_imp_auto_pc_0/Design_1_axi_interconnect_0_imp_auto_pc_0.dcp' for cell 'Design_1_i/axi_interconnect_0/s00_couplers/auto_pc'
INFO: [Project 1-454] Reading design checkpoint 'c:/F.A.L.C.O.N/Vivado_WS/Gaussian_Filter_Project/Gaussian_Filter_Project.gen/sources_1/bd/Design_1/ip/Design_1_axi_interconnect_0_imp_auto_us_0/Design_1_axi_interconnect_0_imp_auto_us_0.dcp' for cell 'Design_1_i/axi_interconnect_0/s00_couplers/auto_us'
INFO: [Project 1-454] Reading design checkpoint 'c:/F.A.L.C.O.N/Vivado_WS/Gaussian_Filter_Project/Gaussian_Filter_Project.gen/sources_1/bd/Design_1/ip/Design_1_axi_interconnect_0_imp_auto_pc_1/Design_1_axi_interconnect_0_imp_auto_pc_1.dcp' for cell 'Design_1_i/axi_interconnect_0/s01_couplers/auto_pc'
INFO: [Project 1-454] Reading design checkpoint 'c:/F.A.L.C.O.N/Vivado_WS/Gaussian_Filter_Project/Gaussian_Filter_Project.gen/sources_1/bd/Design_1/ip/Design_1_axi_interconnect_0_imp_auto_us_1/Design_1_axi_interconnect_0_imp_auto_us_1.dcp' for cell 'Design_1_i/axi_interconnect_0/s01_couplers/auto_us'
Netlist sorting complete. Time (s): cpu = 00:00:01 ; elapsed = 00:00:00.059 . Memory (MB): peak = 900.398 ; gain = 0.000
INFO: [Netlist 29-17] Analyzing 192 Unisim elements for replacement
INFO: [Netlist 29-28] Unisim Transformation completed in 0 CPU seconds
INFO: [Project 1-479] Netlist was created with Vivado 2026.1
INFO: [Project 1-570] Preparing netlist for logic optimization
Parsing XDC File [c:/F.A.L.C.O.N/Vivado_WS/Gaussian_Filter_Project/Gaussian_Filter_Project.gen/sources_1/bd/Design_1/ip/Design_1_processing_system7_0_0/Design_1_processing_system7_0_0.xdc] for cell 'Design_1_i/processing_system7_0/inst'
Finished Parsing XDC File [c:/F.A.L.C.O.N/Vivado_WS/Gaussian_Filter_Project/Gaussian_Filter_Project.gen/sources_1/bd/Design_1/ip/Design_1_processing_system7_0_0/Design_1_processing_system7_0_0.xdc] for cell 'Design_1_i/processing_system7_0/inst'
Parsing XDC File [c:/F.A.L.C.O.N/Vivado_WS/Gaussian_Filter_Project/Gaussian_Filter_Project.gen/sources_1/bd/Design_1/ip/Design_1_axi_dma_0_0/Design_1_axi_dma_0_0.xdc] for cell 'Design_1_i/axi_dma_0/U0'
Finished Parsing XDC File [c:/F.A.L.C.O.N/Vivado_WS/Gaussian_Filter_Project/Gaussian_Filter_Project.gen/sources_1/bd/Design_1/ip/Design_1_axi_dma_0_0/Design_1_axi_dma_0_0.xdc] for cell 'Design_1_i/axi_dma_0/U0'
Parsing XDC File [c:/F.A.L.C.O.N/Vivado_WS/Gaussian_Filter_Project/Gaussian_Filter_Project.gen/sources_1/bd/Design_1/ip/Design_1_proc_sys_reset_0_0/Design_1_proc_sys_reset_0_0_board.xdc] for cell 'Design_1_i/proc_sys_reset_0/U0'
Finished Parsing XDC File [c:/F.A.L.C.O.N/Vivado_WS/Gaussian_Filter_Project/Gaussian_Filter_Project.gen/sources_1/bd/Design_1/ip/Design_1_proc_sys_reset_0_0/Design_1_proc_sys_reset_0_0_board.xdc] for cell 'Design_1_i/proc_sys_reset_0/U0'
Parsing XDC File [c:/F.A.L.C.O.N/Vivado_WS/Gaussian_Filter_Project/Gaussian_Filter_Project.gen/sources_1/bd/Design_1/ip/Design_1_smartconnect_0_0/bd_0/ip/ip_0/bd_2207_sc_ul_0_cdc.xdc] for cell 'Design_1_i/smartconnect_0/inst/sc_ul/inst'
WARNING: [Vivado_Tcl 4-921] Waiver ID 'CDC-7' -to list should not be empty. [c:/F.A.L.C.O.N/Vivado_WS/Gaussian_Filter_Project/Gaussian_Filter_Project.gen/sources_1/bd/Design_1/ip/Design_1_smartconnect_0_0/bd_0/ip/ip_0/bd_2207_sc_ul_0_cdc.xdc:22]
Finished Parsing XDC File [c:/F.A.L.C.O.N/Vivado_WS/Gaussian_Filter_Project/Gaussian_Filter_Project.gen/sources_1/bd/Design_1/ip/Design_1_smartconnect_0_0/bd_0/ip/ip_0/bd_2207_sc_ul_0_cdc.xdc] for cell 'Design_1_i/smartconnect_0/inst/sc_ul/inst'
Parsing XDC File [c:/F.A.L.C.O.N/Vivado_WS/Gaussian_Filter_Project/Gaussian_Filter_Project.gen/sources_1/bd/Design_1/ip/Design_1_smartconnect_0_0/smartconnect.xdc] for cell 'Design_1_i/smartconnect_0/inst'
Finished Parsing XDC File [c:/F.A.L.C.O.N/Vivado_WS/Gaussian_Filter_Project/Gaussian_Filter_Project.gen/sources_1/bd/Design_1/ip/Design_1_smartconnect_0_0/smartconnect.xdc] for cell 'Design_1_i/smartconnect_0/inst'
Parsing XDC File [c:/F.A.L.C.O.N/Vivado_WS/Gaussian_Filter_Project/Gaussian_Filter_Project.gen/sources_1/bd/Design_1/ip/Design_1_axi_dma_0_0/Design_1_axi_dma_0_0_clocks.xdc] for cell 'Design_1_i/axi_dma_0/U0'
Finished Parsing XDC File [c:/F.A.L.C.O.N/Vivado_WS/Gaussian_Filter_Project/Gaussian_Filter_Project.gen/sources_1/bd/Design_1/ip/Design_1_axi_dma_0_0/Design_1_axi_dma_0_0_clocks.xdc] for cell 'Design_1_i/axi_dma_0/U0'
Parsing XDC File [c:/F.A.L.C.O.N/Vivado_WS/Gaussian_Filter_Project/Gaussian_Filter_Project.gen/sources_1/bd/Design_1/ip/Design_1_axi_interconnect_0_imp_auto_us_0/Design_1_axi_interconnect_0_imp_auto_us_0_clocks.xdc] for cell 'Design_1_i/axi_interconnect_0/s00_couplers/auto_us/inst'
Finished Parsing XDC File [c:/F.A.L.C.O.N/Vivado_WS/Gaussian_Filter_Project/Gaussian_Filter_Project.gen/sources_1/bd/Design_1/ip/Design_1_axi_interconnect_0_imp_auto_us_0/Design_1_axi_interconnect_0_imp_auto_us_0_clocks.xdc] for cell 'Design_1_i/axi_interconnect_0/s00_couplers/auto_us/inst'
Parsing XDC File [c:/F.A.L.C.O.N/Vivado_WS/Gaussian_Filter_Project/Gaussian_Filter_Project.gen/sources_1/bd/Design_1/ip/Design_1_axi_interconnect_0_imp_auto_us_1/Design_1_axi_interconnect_0_imp_auto_us_1_clocks.xdc] for cell 'Design_1_i/axi_interconnect_0/s01_couplers/auto_us/inst'
Finished Parsing XDC File [c:/F.A.L.C.O.N/Vivado_WS/Gaussian_Filter_Project/Gaussian_Filter_Project.gen/sources_1/bd/Design_1/ip/Design_1_axi_interconnect_0_imp_auto_us_1/Design_1_axi_interconnect_0_imp_auto_us_1_clocks.xdc] for cell 'Design_1_i/axi_interconnect_0/s01_couplers/auto_us/inst'
INFO: [Project 1-1714] 11 XPM XDC files have been applied to the design.
INFO: [Opt 31-138] Pushed 0 inverter(s) to 0 load pin(s).
INFO: [Project 1-1687] 4 scoped IP constraints or related sub-commands were skipped due to synthesis logic optimizations usually triggered by constant connectivity or unconnected output pins. To review the skipped constraints and messages, run the command 'set_param netlist.IPMsgFiltering false' before opening the design.
Netlist sorting complete. Time (s): cpu = 00:00:00 ; elapsed = 00:00:00.004 . Memory (MB): peak = 1562.879 ; gain = 0.000
INFO: [Project 1-111] Unisim Transformation Summary:
  A total of 5 instances were transformed.
  RAM32M => RAM32M (RAMD32(x6), RAMS32(x2)): 4 instances
  RAM32X1D => RAM32X1D (RAMD32(x2)): 1 instance 

23 Infos, 2 Warnings, 0 Critical Warnings and 0 Errors encountered.
link_design completed successfully
link_design: Time (s): cpu = 00:00:11 ; elapsed = 00:00:13 . Memory (MB): peak = 1562.879 ; gain = 933.664
Command: opt_design
Attempting to get a license for feature 'Vivado_Implementation' and/or device 'xc7z020'
INFO: [Common 17-349] Got license for feature 'Vivado_Implementation' and/or device 'xc7z020'
Running DRC as a precondition to command opt_design

Starting DRC Task
INFO: [DRC 23-27] Running DRC with 2 threads
INFO: [Project 1-461] DRC finished with 0 Errors
INFO: [Project 1-462] Please refer to the DRC report (report_drc) for more information.

Time (s): cpu = 00:00:01 ; elapsed = 00:00:00.525 . Memory (MB): peak = 1562.879 ; gain = 0.000

Starting Cache Timing Information Task
INFO: [Timing 38-35] Done setting XDC timing constraints.
Ending Cache Timing Information Task | Checksum: de827f26

Time (s): cpu = 00:00:00 ; elapsed = 00:00:00.226 . Memory (MB): peak = 1562.879 ; gain = 0.000

Starting Logic Optimization Task

Phase 1 Initialization

Phase 1.1 Core Generation And Design Setup
Phase 1.1 Core Generation And Design Setup | Checksum: de827f26

Time (s): cpu = 00:00:00 ; elapsed = 00:00:00.033 . Memory (MB): peak = 2054.871 ; gain = 0.000

Phase 1.2 Setup Constraints And Sort Netlist
Phase 1.2 Setup Constraints And Sort Netlist | Checksum: de827f26

Time (s): cpu = 00:00:00 ; elapsed = 00:00:00.055 . Memory (MB): peak = 2054.871 ; gain = 0.000
Phase 1 Initialization | Checksum: de827f26

Time (s): cpu = 00:00:00 ; elapsed = 00:00:00.059 . Memory (MB): peak = 2054.871 ; gain = 0.000

Phase 2 Timer Update And Timing Data Collection

Phase 2.1 Detect if minReqCache needed
Phase 2.1 Detect if minReqCache needed | Checksum: de827f26

Time (s): cpu = 00:00:00 ; elapsed = 00:00:00.091 . Memory (MB): peak = 2054.883 ; gain = 0.012

Phase 2.2 Timer Update
Phase 2.2 Timer Update | Checksum: de827f26

Time (s): cpu = 00:00:00 ; elapsed = 00:00:00.210 . Memory (MB): peak = 2054.883 ; gain = 0.012

Phase 2.3 Timing Data Collection
Phase 2.3 Timing Data Collection | Checksum: de827f26

Time (s): cpu = 00:00:00 ; elapsed = 00:00:00.217 . Memory (MB): peak = 2054.883 ; gain = 0.012
Phase 2 Timer Update And Timing Data Collection | Checksum: de827f26

Time (s): cpu = 00:00:00 ; elapsed = 00:00:00.218 . Memory (MB): peak = 2054.883 ; gain = 0.012

Phase 3 Retarget
INFO: [Opt 31-1851] Number of loadless carry chains removed were: 0
INFO: [Opt 31-1834] Total Chains To Be Transformed Were: 0 AND Number of Transformed insts Created are: 0
INFO: [Opt 31-1566] Pulled 3 inverters resulting in an inversion of 27 pins
INFO: [Opt 31-138] Pushed 2 inverter(s) to 6 load pin(s).
INFO: [Opt 31-49] Retargeted 0 cell(s).
Phase 3 Retarget | Checksum: 1c07c2cab

Time (s): cpu = 00:00:00 ; elapsed = 00:00:00.534 . Memory (MB): peak = 2054.883 ; gain = 0.012
Retarget | Checksum: 1c07c2cab
INFO: [Opt 31-389] Phase Retarget created 51 cells and removed 142 cells
INFO: [Opt 31-1021] In phase Retarget, 27 netlist objects are constrained preventing optimization. Please run opt_design with -debug_log to get more detail. 

Phase 4 Constant propagation
INFO: [Opt 31-138] Pushed 7 inverter(s) to 18 load pin(s).
Phase 4 Constant propagation | Checksum: 1b9c8d759

Time (s): cpu = 00:00:01 ; elapsed = 00:00:00.838 . Memory (MB): peak = 2054.883 ; gain = 0.012
Constant propagation | Checksum: 1b9c8d759
INFO: [Opt 31-389] Phase Constant propagation created 300 cells and removed 908 cells
INFO: [Opt 31-1021] In phase Constant propagation, 27 netlist objects are constrained preventing optimization. Please run opt_design with -debug_log to get more detail. 

Phase 5 Sweep
INFO: [Constraints 18-11670] Building netlist checker database with flags, 0x8
Done building netlist checker database: Time (s): cpu = 00:00:00 ; elapsed = 00:00:00.005 . Memory (MB): peak = 2054.883 ; gain = 0.000
INFO: [Constraints 18-11670] Building netlist checker database with flags, 0x8
Done building netlist checker database: Time (s): cpu = 00:00:00 ; elapsed = 00:00:00.003 . Memory (MB): peak = 2054.883 ; gain = 0.000
Phase 5 Sweep | Checksum: 1a7302bbb

Time (s): cpu = 00:00:01 ; elapsed = 00:00:01 . Memory (MB): peak = 2054.883 ; gain = 0.012
Sweep | Checksum: 1a7302bbb
INFO: [Opt 31-389] Phase Sweep created 0 cells and removed 299 cells
INFO: [Opt 31-1021] In phase Sweep, 97 netlist objects are constrained preventing optimization. Please run opt_design with -debug_log to get more detail. 

Phase 6 BUFG optimization
Phase 6 BUFG optimization | Checksum: 1a7302bbb

Time (s): cpu = 00:00:01 ; elapsed = 00:00:01 . Memory (MB): peak = 2054.883 ; gain = 0.012
BUFG optimization | Checksum: 1a7302bbb
INFO: [Opt 31-662] Phase BUFG optimization created 0 cells of which 0 are BUFGs and removed 0 cells.

Phase 7 Shift Register Optimization
INFO: [Opt 31-1064] SRL Remap converted 0 SRLs to 0 registers and converted 0 registers of register chains to 0 SRLs
Phase 7 Shift Register Optimization | Checksum: 1a7302bbb

Time (s): cpu = 00:00:01 ; elapsed = 00:00:01 . Memory (MB): peak = 2054.883 ; gain = 0.012
Shift Register Optimization | Checksum: 1a7302bbb
INFO: [Opt 31-389] Phase Shift Register Optimization created 0 cells and removed 0 cells

Phase 8 Post Processing Netlist
Phase 8 Post Processing Netlist | Checksum: 112091398

Time (s): cpu = 00:00:01 ; elapsed = 00:00:01 . Memory (MB): peak = 2054.883 ; gain = 0.012
Post Processing Netlist | Checksum: 112091398
INFO: [Opt 31-389] Phase Post Processing Netlist created 0 cells and removed 0 cells
INFO: [Opt 31-1021] In phase Post Processing Netlist, 33 netlist objects are constrained preventing optimization. Please run opt_design with -debug_log to get more detail. 

Phase 9 Finalization

Phase 9.1 Finalizing Design Cores and Updating Shapes
Phase 9.1 Finalizing Design Cores and Updating Shapes | Checksum: 1cd9c17ac

Time (s): cpu = 00:00:02 ; elapsed = 00:00:02 . Memory (MB): peak = 2054.883 ; gain = 0.012

Phase 9.2 Verifying Netlist Connectivity

Starting Connectivity Check Task

Time (s): cpu = 00:00:00 ; elapsed = 00:00:00.018 . Memory (MB): peak = 2054.883 ; gain = 0.000
Phase 9.2 Verifying Netlist Connectivity | Checksum: 1cd9c17ac

Time (s): cpu = 00:00:02 ; elapsed = 00:00:02 . Memory (MB): peak = 2054.883 ; gain = 0.012
Phase 9 Finalization | Checksum: 1cd9c17ac

Time (s): cpu = 00:00:02 ; elapsed = 00:00:02 . Memory (MB): peak = 2054.883 ; gain = 0.012
Opt_design Change Summary
=========================


-------------------------------------------------------------------------------------------------------------------------
|  Phase                        |  #Cells created  |  #Cells Removed  |  #Constrained objects preventing optimizations  |
-------------------------------------------------------------------------------------------------------------------------
|  Retarget                     |              51  |             142  |                                             27  |
|  Constant propagation         |             300  |             908  |                                             27  |
|  Sweep                        |               0  |             299  |                                             97  |
|  BUFG optimization            |               0  |               0  |                                              0  |
|  Shift Register Optimization  |               0  |               0  |                                              0  |
|  Post Processing Netlist      |               0  |               0  |                                             33  |
-------------------------------------------------------------------------------------------------------------------------


Ending Logic Optimization Task | Checksum: 1cd9c17ac

Time (s): cpu = 00:00:02 ; elapsed = 00:00:02 . Memory (MB): peak = 2054.883 ; gain = 0.012

Starting Power Optimization Task
INFO: [Pwropt 34-132] Skipping clock gating for clocks with a period < 2.00 ns.
INFO: [Pwropt 34-9] Applying IDT optimizations ...
INFO: [Pwropt 34-10] Applying ODC optimizations ...
INFO: [Timing 38-35] Done setting XDC timing constraints.
Running Vector-less Activity Propagation...

Finished Running Vector-less Activity Propagation


Starting PowerOpt Patch Enables Task
INFO: [Pwropt 34-162] WRITE_MODE attribute of 0 BRAM(s) out of a total of 6 has been updated to save power. Run report_power_opt to get a complete listing of the BRAMs updated.
INFO: [Pwropt 34-201] Structural ODC has moved 0 WE to EN ports
Number of BRAM Ports augmented: 3 newly gated: 0 Total Ports: 12
Ending PowerOpt Patch Enables Task | Checksum: 2307734ad

Time (s): cpu = 00:00:00 ; elapsed = 00:00:00.044 . Memory (MB): peak = 2054.883 ; gain = 0.000
Ending Power Optimization Task | Checksum: 2307734ad

Time (s): cpu = 00:00:03 ; elapsed = 00:00:02 . Memory (MB): peak = 2054.883 ; gain = 0.000

Starting Final Cleanup Task
Ending Final Cleanup Task | Checksum: 2307734ad

Time (s): cpu = 00:00:00 ; elapsed = 00:00:00.001 . Memory (MB): peak = 2054.883 ; gain = 0.000
Netlist sorting complete. Time (s): cpu = 00:00:00 ; elapsed = 00:00:00.004 . Memory (MB): peak = 2054.883 ; gain = 0.000
INFO: [Common 17-83] Releasing license: Vivado_Implementation
54 Infos, 2 Warnings, 0 Critical Warnings and 0 Errors encountered.
opt_design completed successfully
opt_design: Time (s): cpu = 00:00:10 ; elapsed = 00:00:09 . Memory (MB): peak = 2054.883 ; gain = 492.004
INFO: [Vivado 12-24828] Executing command : report_drc -file Design_1_wrapper_drc_opted.rpt -pb Design_1_wrapper_drc_opted.pb -rpx Design_1_wrapper_drc_opted.rpx
Command: report_drc -file Design_1_wrapper_drc_opted.rpt -pb Design_1_wrapper_drc_opted.pb -rpx Design_1_wrapper_drc_opted.rpx
INFO: [IP_Flow 19-1839] IP Catalog is up to date.
INFO: [DRC 23-27] Running DRC with 2 threads
INFO: [Vivado_Tcl 2-168] The results of DRC are in file C:/F.A.L.C.O.N/Vivado_WS/Gaussian_Filter_Project/Gaussian_Filter_Project.runs/impl_1/Design_1_wrapper_drc_opted.rpt.
report_drc completed successfully
INFO: [Timing 38-480] Writing timing data to binary archive.
Wrote PlaceDB: Time (s): cpu = 00:00:00 ; elapsed = 00:00:00 . Memory (MB): peak = 2054.883 ; gain = 0.000
Wrote PulsedLatchDB: Time (s): cpu = 00:00:00 ; elapsed = 00:00:00.002 . Memory (MB): peak = 2054.883 ; gain = 0.000
Writing XDEF routing.
Write ShapeDB Complete: Time (s): cpu = 00:00:00 ; elapsed = 00:00:00.050 . Memory (MB): peak = 2054.883 ; gain = 0.000
Writing XDEF routing logical nets.
Writing XDEF routing special nets.
Wrote RouteStorage: Time (s): cpu = 00:00:00 ; elapsed = 00:00:00.054 . Memory (MB): peak = 2054.883 ; gain = 0.000
Wrote PlaceStorage: Time (s): cpu = 00:00:00 ; elapsed = 00:00:00.023 . Memory (MB): peak = 2054.883 ; gain = 0.000
Wrote Netlist Cache: Time (s): cpu = 00:00:00 ; elapsed = 00:00:00.002 . Memory (MB): peak = 2054.883 ; gain = 0.000
Wrote Device Cache: Time (s): cpu = 00:00:00 ; elapsed = 00:00:00.012 . Memory (MB): peak = 2054.883 ; gain = 0.000
Write Physdb Complete: Time (s): cpu = 00:00:00 ; elapsed = 00:00:00.115 . Memory (MB): peak = 2054.883 ; gain = 0.000
INFO: [Common 17-1381] The checkpoint 'C:/F.A.L.C.O.N/Vivado_WS/Gaussian_Filter_Project/Gaussian_Filter_Project.runs/impl_1/Design_1_wrapper_opt.dcp' has been generated.
Command: place_design
Attempting to get a license for feature 'Vivado_Implementation' and/or device 'xc7z020'
INFO: [Common 17-349] Got license for feature 'Vivado_Implementation' and/or device 'xc7z020'
INFO: [Common 17-83] Releasing license: Vivado_Implementation
INFO: [Timing 38-35] Done setting XDC timing constraints.
Running DRC as a precondition to command place_design
INFO: [DRC 23-27] Running DRC with 2 threads
INFO: [Vivado_Tcl 4-198] DRC finished with 0 Errors, 8 Warnings
INFO: [Vivado_Tcl 4-199] Please refer to the DRC report (report_drc) for more information.
INFO: [Place 30-611] Multithreading enabled for place_design using a maximum of 2 CPUs

Starting Placer Task

Phase 1 Placer Initialization

Phase 1.1 Placer Initialization Netlist Sorting
Netlist sorting complete. Time (s): cpu = 00:00:00 ; elapsed = 00:00:00.004 . Memory (MB): peak = 2054.883 ; gain = 0.000
Phase 1.1 Placer Initialization Netlist Sorting | Checksum: 16000d34c

Time (s): cpu = 00:00:00 ; elapsed = 00:00:00.013 . Memory (MB): peak = 2054.883 ; gain = 0.000
Netlist sorting complete. Time (s): cpu = 00:00:00 ; elapsed = 00:00:00.005 . Memory (MB): peak = 2054.883 ; gain = 0.000

Phase 1.2 IO Placement/ Clock Placement/ Build Placer Device
Phase 1.2 IO Placement/ Clock Placement/ Build Placer Device | Checksum: 113086de9

Time (s): cpu = 00:00:01 ; elapsed = 00:00:00.627 . Memory (MB): peak = 2054.883 ; gain = 0.000

Phase 1.3 Build Placer Netlist Model
Phase 1.3 Build Placer Netlist Model | Checksum: 1bd2cd28b

Time (s): cpu = 00:00:03 ; elapsed = 00:00:02 . Memory (MB): peak = 2054.883 ; gain = 0.000

Phase 1.4 Constrain Clocks/Macros
Phase 1.4 Constrain Clocks/Macros | Checksum: 1bd2cd28b

Time (s): cpu = 00:00:03 ; elapsed = 00:00:02 . Memory (MB): peak = 2054.883 ; gain = 0.000
Phase 1 Placer Initialization | Checksum: 1bd2cd28b

Time (s): cpu = 00:00:03 ; elapsed = 00:00:02 . Memory (MB): peak = 2054.883 ; gain = 0.000

Phase 2 Global Placement

Phase 2.1 Floorplanning
Phase 2.1 Floorplanning | Checksum: 219b9fad8

Time (s): cpu = 00:00:04 ; elapsed = 00:00:03 . Memory (MB): peak = 2054.883 ; gain = 0.000

Phase 2.2 Update Timing before SLR Path Opt
Phase 2.2 Update Timing before SLR Path Opt | Checksum: 1408a7b59

Time (s): cpu = 00:00:05 ; elapsed = 00:00:03 . Memory (MB): peak = 2054.883 ; gain = 0.000

Phase 2.3 Post-Processing in Floorplanning
Phase 2.3 Post-Processing in Floorplanning | Checksum: 1408a7b59

Time (s): cpu = 00:00:05 ; elapsed = 00:00:03 . Memory (MB): peak = 2054.883 ; gain = 0.000

Phase 2.4 Global Place Phase1
Phase 2.4 Global Place Phase1 | Checksum: 2d3327362

Time (s): cpu = 00:00:10 ; elapsed = 00:00:07 . Memory (MB): peak = 2054.883 ; gain = 0.000

Phase 2.5 Global Place Phase2

Phase 2.5.1 UpdateTiming Before Physical Synthesis
Phase 2.5.1 UpdateTiming Before Physical Synthesis | Checksum: 2d3327362

Time (s): cpu = 00:00:11 ; elapsed = 00:00:07 . Memory (MB): peak = 2054.883 ; gain = 0.000

Phase 2.5.2 Physical Synthesis In Placer
INFO: [Physopt 32-1035] Found 0 LUTNM shape to break, 493 LUT instances to create LUTNM shape
INFO: [Physopt 32-1044] Break lutnm for timing: one critical 0, two critical 0, total 0, new lutff created 0
INFO: [Physopt 32-1138] End 1 Pass. Optimized 196 nets or LUTs. Breaked 0 LUT, combined 196 existing LUTs and moved 0 existing LUT
INFO: [Physopt 32-65] No nets found for high-fanout optimization.
INFO: [Physopt 32-232] Optimized 0 net. Created 0 new instance.
INFO: [Physopt 32-775] End 1 Pass. Optimized 0 net or cell. Created 0 new cell, deleted 0 existing cell and moved 0 existing cell
INFO: [Physopt 32-456] No candidate cells for DSP register optimization found in the design.
INFO: [Physopt 32-775] End 2 Pass. Optimized 0 net or cell. Created 0 new cell, deleted 0 existing cell and moved 0 existing cell
INFO: [Physopt 32-1123] No candidate cells found for Shift Register to Pipeline optimization
INFO: [Physopt 32-775] End 2 Pass. Optimized 0 net or cell. Created 0 new cell, deleted 0 existing cell and moved 0 existing cell
INFO: [Physopt 32-1401] No candidate cells found for Shift Register optimization.
INFO: [Physopt 32-677] No candidate cells for Shift Register optimization found in the design
INFO: [Physopt 32-775] End 1 Pass. Optimized 0 net or cell. Created 0 new cell, deleted 0 existing cell and moved 0 existing cell
INFO: [Physopt 32-526] No candidate cells for BRAM register optimization found in the design
INFO: [Physopt 32-775] End 1 Pass. Optimized 0 net or cell. Created 0 new cell, deleted 0 existing cell and moved 0 existing cell
INFO: [Physopt 32-846] No candidate cells for URAM register optimization found in the design
INFO: [Physopt 32-775] End 1 Pass. Optimized 0 net or cell. Created 0 new cell, deleted 0 existing cell and moved 0 existing cell
INFO: [Physopt 32-846] No candidate cells for URAM register optimization found in the design
INFO: [Physopt 32-775] End 1 Pass. Optimized 0 net or cell. Created 0 new cell, deleted 0 existing cell and moved 0 existing cell
INFO: [Physopt 32-949] No candidate nets found for dynamic/static region interface net replication
INFO: [Physopt 32-775] End 1 Pass. Optimized 0 net or cell. Created 0 new cell, deleted 0 existing cell and moved 0 existing cell
Netlist sorting complete. Time (s): cpu = 00:00:00 ; elapsed = 00:00:00.004 . Memory (MB): peak = 2054.883 ; gain = 0.000

Summary of Physical Synthesis Optimizations
============================================


-----------------------------------------------------------------------------------------------------------------------------------------------------------
|  Optimization                                     |  Added Cells  |  Removed Cells  |  Optimized Cells/Nets  |  Dont Touch  |  Iterations  |  Elapsed   |
-----------------------------------------------------------------------------------------------------------------------------------------------------------
|  LUT Combining                                    |            0  |            196  |                   196  |           0  |           1  |  00:00:00  |
|  Retime                                           |            0  |              0  |                     0  |           0  |           1  |  00:00:00  |
|  Very High Fanout                                 |            0  |              0  |                     0  |           0  |           1  |  00:00:00  |
|  DSP Register                                     |            0  |              0  |                     0  |           0  |           1  |  00:00:00  |
|  Shift Register to Pipeline                       |            0  |              0  |                     0  |           0  |           1  |  00:00:00  |
|  Shift Register                                   |            0  |              0  |                     0  |           0  |           1  |  00:00:00  |
|  BRAM Register                                    |            0  |              0  |                     0  |           0  |           1  |  00:00:00  |
|  URAM Register                                    |            0  |              0  |                     0  |           0  |           1  |  00:00:00  |
|  Dynamic/Static Region Interface Net Replication  |            0  |              0  |                     0  |           0  |           1  |  00:00:00  |
|  Total                                            |            0  |            196  |                   196  |           0  |           9  |  00:00:00  |
-----------------------------------------------------------------------------------------------------------------------------------------------------------


Phase 2.5.2 Physical Synthesis In Placer | Checksum: 1e72ae435

Time (s): cpu = 00:00:12 ; elapsed = 00:00:08 . Memory (MB): peak = 2054.883 ; gain = 0.000
Phase 2.5 Global Place Phase2 | Checksum: 185dbef51

Time (s): cpu = 00:00:13 ; elapsed = 00:00:08 . Memory (MB): peak = 2054.883 ; gain = 0.000
Phase 2 Global Placement | Checksum: 185dbef51

Time (s): cpu = 00:00:13 ; elapsed = 00:00:08 . Memory (MB): peak = 2054.883 ; gain = 0.000

Phase 3 Detail Placement

Phase 3.1 Commit Multi Column Macros
Phase 3.1 Commit Multi Column Macros | Checksum: 2206660c2

Time (s): cpu = 00:00:14 ; elapsed = 00:00:09 . Memory (MB): peak = 2054.883 ; gain = 0.000

Phase 3.2 Commit Most Macros & LUTRAMs
Phase 3.2 Commit Most Macros & LUTRAMs | Checksum: 24e01e2ea

Time (s): cpu = 00:00:15 ; elapsed = 00:00:10 . Memory (MB): peak = 2054.883 ; gain = 0.000

Phase 3.3 Area Swap Optimization
Phase 3.3 Area Swap Optimization | Checksum: 1ea8742dc

Time (s): cpu = 00:00:15 ; elapsed = 00:00:10 . Memory (MB): peak = 2054.883 ; gain = 0.000

Phase 3.4 Pipeline Register Optimization
Phase 3.4 Pipeline Register Optimization | Checksum: 1f6b1f3bc

Time (s): cpu = 00:00:15 ; elapsed = 00:00:10 . Memory (MB): peak = 2054.883 ; gain = 0.000

Phase 3.5 Fast Optimization
Phase 3.5 Fast Optimization | Checksum: 225bee4a5

Time (s): cpu = 00:00:16 ; elapsed = 00:00:11 . Memory (MB): peak = 2054.883 ; gain = 0.000

Phase 3.6 Small Shape Detail Placement
Phase 3.6 Small Shape Detail Placement | Checksum: 15e442d26

Time (s): cpu = 00:00:18 ; elapsed = 00:00:13 . Memory (MB): peak = 2054.883 ; gain = 0.000

Phase 3.7 Re-assign LUT pins
Phase 3.7 Re-assign LUT pins | Checksum: b4782773

Time (s): cpu = 00:00:19 ; elapsed = 00:00:13 . Memory (MB): peak = 2054.883 ; gain = 0.000

Phase 3.8 Pipeline Register Optimization
Phase 3.8 Pipeline Register Optimization | Checksum: b16eae5b

Time (s): cpu = 00:00:19 ; elapsed = 00:00:13 . Memory (MB): peak = 2054.883 ; gain = 0.000

Phase 3.9 Fast Optimization
Phase 3.9 Fast Optimization | Checksum: 1d9103c12

Time (s): cpu = 00:00:22 ; elapsed = 00:00:15 . Memory (MB): peak = 2054.883 ; gain = 0.000
Phase 3 Detail Placement | Checksum: 1d9103c12

Time (s): cpu = 00:00:22 ; elapsed = 00:00:15 . Memory (MB): peak = 2054.883 ; gain = 0.000

Phase 4 Post Placement Optimization and Clean-Up

Phase 4.1 Post Commit Optimization
INFO: [Timing 38-35] Done setting XDC timing constraints.

Phase 4.1.1 Post Placement Optimization
Post Placement Optimization Initialization | Checksum: 12f786b39

Phase 4.1.1.1 BUFG Insertion

Starting Physical Synthesis Task

Phase 1 Physical Synthesis Initialization
INFO: [Physopt 32-721] Multithreading enabled for phys_opt_design using a maximum of 2 CPUs
INFO: [Physopt 32-619] Estimated Timing Summary | WNS=-1.087 | TNS=-20.259 |
Phase 1 Physical Synthesis Initialization | Checksum: 125314e5f

Time (s): cpu = 00:00:00 ; elapsed = 00:00:00.223 . Memory (MB): peak = 2054.883 ; gain = 0.000
INFO: [Place 46-56] BUFG insertion identified 0 candidate nets. Inserted BUFG: 0, Replicated BUFG Driver: 0, Skipped due to Placement/Routing Conflicts: 0, Skipped due to Timing Degradation: 0, Skipped due to netlist editing failed: 0.
Ending Physical Synthesis Task | Checksum: 130f091ec

Time (s): cpu = 00:00:00 ; elapsed = 00:00:00.281 . Memory (MB): peak = 2054.883 ; gain = 0.000
Phase 4.1.1.1 BUFG Insertion | Checksum: 12f786b39

Time (s): cpu = 00:00:28 ; elapsed = 00:00:20 . Memory (MB): peak = 2054.883 ; gain = 0.000

Phase 4.1.1.2 Post Placement Timing Optimization
INFO: [Place 30-746] Post Placement Timing Summary WNS=0.510. For the most accurate timing information please run report_timing.
Phase 4.1.1.2 Post Placement Timing Optimization | Checksum: 1cf47c932

Time (s): cpu = 00:00:30 ; elapsed = 00:00:22 . Memory (MB): peak = 2054.883 ; gain = 0.000

Time (s): cpu = 00:00:30 ; elapsed = 00:00:22 . Memory (MB): peak = 2054.883 ; gain = 0.000
Phase 4.1 Post Commit Optimization | Checksum: 1cf47c932

Time (s): cpu = 00:00:30 ; elapsed = 00:00:22 . Memory (MB): peak = 2054.883 ; gain = 0.000

Phase 4.2 Post Placement Cleanup
Phase 4.2 Post Placement Cleanup | Checksum: 1cf47c932

Time (s): cpu = 00:00:30 ; elapsed = 00:00:22 . Memory (MB): peak = 2054.883 ; gain = 0.000

Phase 4.3 Placer Reporting

Phase 4.3.1 Print Estimated Congestion
INFO: [Place 30-612] Post-Placement Estimated Congestion 
 ____________________________________________________
|           | Global Congestion | Short Congestion  |
| Direction | Region Size       | Region Size       |
|___________|___________________|___________________|
|      North|                1x1|                1x1|
|___________|___________________|___________________|
|      South|                1x1|                1x1|
|___________|___________________|___________________|
|       East|                1x1|                1x1|
|___________|___________________|___________________|
|       West|                1x1|                1x1|
|___________|___________________|___________________|

Phase 4.3.1 Print Estimated Congestion | Checksum: 1cf47c932

Time (s): cpu = 00:00:30 ; elapsed = 00:00:22 . Memory (MB): peak = 2054.883 ; gain = 0.000
Phase 4.3 Placer Reporting | Checksum: 1cf47c932

Time (s): cpu = 00:00:30 ; elapsed = 00:00:22 . Memory (MB): peak = 2054.883 ; gain = 0.000

Phase 4.4 Final Placement Cleanup
Netlist sorting complete. Time (s): cpu = 00:00:00 ; elapsed = 00:00:00.008 . Memory (MB): peak = 2054.883 ; gain = 0.000

Time (s): cpu = 00:00:30 ; elapsed = 00:00:23 . Memory (MB): peak = 2054.883 ; gain = 0.000
Phase 4 Post Placement Optimization and Clean-Up | Checksum: 1884fa621

Time (s): cpu = 00:00:31 ; elapsed = 00:00:23 . Memory (MB): peak = 2054.883 ; gain = 0.000
Ending Placer Task | Checksum: d8443483

Time (s): cpu = 00:00:31 ; elapsed = 00:00:23 . Memory (MB): peak = 2054.883 ; gain = 0.000
94 Infos, 2 Warnings, 0 Critical Warnings and 0 Errors encountered.
place_design completed successfully
place_design: Time (s): cpu = 00:00:32 ; elapsed = 00:00:25 . Memory (MB): peak = 2054.883 ; gain = 0.000
INFO: [Vivado 12-24838] Running report commands "report_control_sets, report_io, report_utilization" in parallel.
Running report generation with 2 threads.
INFO: [Vivado 12-24828] Executing command : report_io -file Design_1_wrapper_io_placed.rpt
report_io: Time (s): cpu = 00:00:00 ; elapsed = 00:00:00.158 . Memory (MB): peak = 2054.883 ; gain = 0.000
INFO: [Vivado 12-24828] Executing command : report_control_sets -verbose -file Design_1_wrapper_control_sets_placed.rpt
report_control_sets: Time (s): cpu = 00:00:00 ; elapsed = 00:00:00.055 . Memory (MB): peak = 2054.883 ; gain = 0.000
INFO: [Vivado 12-24828] Executing command : report_utilization -file Design_1_wrapper_utilization_placed.rpt -pb Design_1_wrapper_utilization_placed.pb
INFO: [Timing 38-480] Writing timing data to binary archive.
Wrote PlaceDB: Time (s): cpu = 00:00:00 ; elapsed = 00:00:00 . Memory (MB): peak = 2054.883 ; gain = 0.000
Wrote PulsedLatchDB: Time (s): cpu = 00:00:00 ; elapsed = 00:00:00 . Memory (MB): peak = 2054.883 ; gain = 0.000
Writing XDEF routing.
Writing XDEF routing logical nets.
Writing XDEF routing special nets.
Wrote RouteStorage: Time (s): cpu = 00:00:01 ; elapsed = 00:00:00.048 . Memory (MB): peak = 2054.883 ; gain = 0.000
Write ShapeDB Complete: Time (s): cpu = 00:00:01 ; elapsed = 00:00:00.067 . Memory (MB): peak = 2054.883 ; gain = 0.000
Wrote PlaceStorage: Time (s): cpu = 00:00:01 ; elapsed = 00:00:00.402 . Memory (MB): peak = 2054.883 ; gain = 0.000
Wrote Netlist Cache: Time (s): cpu = 00:00:00 ; elapsed = 00:00:00.014 . Memory (MB): peak = 2054.883 ; gain = 0.000
Wrote Device Cache: Time (s): cpu = 00:00:00 ; elapsed = 00:00:00.013 . Memory (MB): peak = 2054.883 ; gain = 0.000
Write Physdb Complete: Time (s): cpu = 00:00:02 ; elapsed = 00:00:00.502 . Memory (MB): peak = 2054.883 ; gain = 0.000
INFO: [Common 17-1381] The checkpoint 'C:/F.A.L.C.O.N/Vivado_WS/Gaussian_Filter_Project/Gaussian_Filter_Project.runs/impl_1/Design_1_wrapper_placed.dcp' has been generated.
Command: phys_opt_design
Attempting to get a license for feature 'Vivado_Implementation' and/or device 'xc7z020'
INFO: [Common 17-349] Got license for feature 'Vivado_Implementation' and/or device 'xc7z020'

Starting Initial Update Timing Task

Time (s): cpu = 00:00:03 ; elapsed = 00:00:02 . Memory (MB): peak = 2054.883 ; gain = 0.000
INFO: [Vivado_Tcl 4-2279] Estimated Timing Summary | WNS= 0.510 | TNS= 0.000 | 
INFO: [Vivado_Tcl 4-383] Design worst setup slack (WNS) is greater than or equal to 0.000 ns. All physical synthesis setup optimizations will be skipped.
INFO: [Vivado_Tcl 4-232] No setup violation found. The netlist was not modified.
INFO: [Common 17-83] Releasing license: Vivado_Implementation
105 Infos, 2 Warnings, 0 Critical Warnings and 0 Errors encountered.
phys_opt_design completed successfully
INFO: [Timing 38-480] Writing timing data to binary archive.
Wrote PlaceDB: Time (s): cpu = 00:00:00 ; elapsed = 00:00:00 . Memory (MB): peak = 2054.883 ; gain = 0.000
Wrote PulsedLatchDB: Time (s): cpu = 00:00:00 ; elapsed = 00:00:00 . Memory (MB): peak = 2054.883 ; gain = 0.000
Writing XDEF routing.
Writing XDEF routing logical nets.
Writing XDEF routing special nets.
Wrote RouteStorage: Time (s): cpu = 00:00:00 ; elapsed = 00:00:00.052 . Memory (MB): peak = 2054.883 ; gain = 0.000
Write ShapeDB Complete: Time (s): cpu = 00:00:00 ; elapsed = 00:00:00.065 . Memory (MB): peak = 2054.883 ; gain = 0.000
Wrote PlaceStorage: Time (s): cpu = 00:00:01 ; elapsed = 00:00:00.400 . Memory (MB): peak = 2054.883 ; gain = 0.000
Wrote Netlist Cache: Time (s): cpu = 00:00:00 ; elapsed = 00:00:00.014 . Memory (MB): peak = 2054.883 ; gain = 0.000
Wrote Device Cache: Time (s): cpu = 00:00:00 ; elapsed = 00:00:00.013 . Memory (MB): peak = 2054.883 ; gain = 0.000
Write Physdb Complete: Time (s): cpu = 00:00:01 ; elapsed = 00:00:00.497 . Memory (MB): peak = 2054.883 ; gain = 0.000
INFO: [Common 17-1381] The checkpoint 'C:/F.A.L.C.O.N/Vivado_WS/Gaussian_Filter_Project/Gaussian_Filter_Project.runs/impl_1/Design_1_wrapper_physopt.dcp' has been generated.
Command: route_design
Attempting to get a license for feature 'Vivado_Implementation' and/or device 'xc7z020'
INFO: [Common 17-349] Got license for feature 'Vivado_Implementation' and/or device 'xc7z020'


Starting Routing Task
INFO: [Route 35-254] Multithreading enabled for route_design using a maximum of 2 CPUs

Phase 1 Build RT Design
Checksum: PlaceDB: a8ad57cd ConstDB: 0 ShapeSum: 199d69c6 RouteDB: 15f972f0
Post Restoration Checksum: NetGraph: 76f2f4db | NumContArr: 22bde938 | Constraints: c2a8fa9d | Timing: c2a8fa9d
Phase 1 Build RT Design | Checksum: 21f02d34d

Time (s): cpu = 00:00:46 ; elapsed = 00:00:44 . Memory (MB): peak = 2054.883 ; gain = 0.000

Phase 2 Router Initialization

Phase 2.1 Fix Topology Constraints
Phase 2.1 Fix Topology Constraints | Checksum: 21f02d34d

Time (s): cpu = 00:00:46 ; elapsed = 00:00:44 . Memory (MB): peak = 2054.883 ; gain = 0.000

Phase 2.2 Pre Route Cleanup
Phase 2.2 Pre Route Cleanup | Checksum: 21f02d34d

Time (s): cpu = 00:00:46 ; elapsed = 00:00:44 . Memory (MB): peak = 2054.883 ; gain = 0.000
 Number of Nodes with overlaps = 0

Phase 2.3 Update Timing
Phase 2.3 Update Timing | Checksum: 1c9d0449f

Time (s): cpu = 00:00:53 ; elapsed = 00:00:48 . Memory (MB): peak = 2054.883 ; gain = 0.000
INFO: [Route 35-416] Intermediate Timing Summary | WNS=0.621  | TNS=0.000  | WHS=-0.323 | THS=-114.434|


Phase 2.4 Soft Constraint Pins - Fast Budgeting
Phase 2.4 Soft Constraint Pins - Fast Budgeting | Checksum: 1cd782744

Time (s): cpu = 00:00:55 ; elapsed = 00:00:50 . Memory (MB): peak = 2054.883 ; gain = 0.000

Router Utilization Summary
  Global Vertical Routing Utilization    = 0 %
  Global Horizontal Routing Utilization  = 0 %
  Routable Net Status*
  *Does not include unroutable nets such as driverless and loadless.
  Run report_route_status for detailed report.
  Number of Failed Nets               = 7355
    (Failed Nets is the sum of unrouted and partially routed nets)
  Number of Unrouted Nets             = 7355
  Number of Partially Routed Nets     = 0
  Number of Node Overlaps             = 0

Phase 2 Router Initialization | Checksum: 267cd40aa

Time (s): cpu = 00:00:55 ; elapsed = 00:00:50 . Memory (MB): peak = 2054.883 ; gain = 0.000

Phase 3 Global Routing
Phase 3 Global Routing | Checksum: 267cd40aa

Time (s): cpu = 00:00:56 ; elapsed = 00:00:50 . Memory (MB): peak = 2054.883 ; gain = 0.000

Phase 4 Initial Routing

Phase 4.1 Initial Net Routing Pass
Phase 4.1 Initial Net Routing Pass | Checksum: 20199c488

Time (s): cpu = 00:00:57 ; elapsed = 00:00:51 . Memory (MB): peak = 2054.883 ; gain = 0.000
Phase 4 Initial Routing | Checksum: 20199c488

Time (s): cpu = 00:00:58 ; elapsed = 00:00:51 . Memory (MB): peak = 2054.883 ; gain = 0.000

Phase 5 Rip-up And Reroute

Phase 5.1 Global Iteration 0
 Number of Nodes with overlaps = 465
 Number of Nodes with overlaps = 50
 Number of Nodes with overlaps = 29
 Number of Nodes with overlaps = 14
 Number of Nodes with overlaps = 12
 Number of Nodes with overlaps = 5
 Number of Nodes with overlaps = 3
 Number of Nodes with overlaps = 0
INFO: [Route 35-416] Intermediate Timing Summary | WNS=1.098  | TNS=0.000  | WHS=N/A    | THS=N/A    |

Phase 5.1 Global Iteration 0 | Checksum: 1b5c99ef8

Time (s): cpu = 00:01:07 ; elapsed = 00:00:59 . Memory (MB): peak = 2054.883 ; gain = 0.000

Phase 5.2 Global Iteration 1
 Number of Nodes with overlaps = 7
 Number of Nodes with overlaps = 2
 Number of Nodes with overlaps = 1
 Number of Nodes with overlaps = 0
INFO: [Route 35-416] Intermediate Timing Summary | WNS=1.098  | TNS=0.000  | WHS=N/A    | THS=N/A    |

Phase 5.2 Global Iteration 1 | Checksum: 2700bf697

Time (s): cpu = 00:01:08 ; elapsed = 00:01:00 . Memory (MB): peak = 2054.883 ; gain = 0.000
Phase 5 Rip-up And Reroute | Checksum: 2700bf697

Time (s): cpu = 00:01:08 ; elapsed = 00:01:00 . Memory (MB): peak = 2054.883 ; gain = 0.000

Phase 6 Delay and Skew Optimization

Phase 6.1 Delay CleanUp
Phase 6.1 Delay CleanUp | Checksum: 2700bf697

Time (s): cpu = 00:01:08 ; elapsed = 00:01:00 . Memory (MB): peak = 2054.883 ; gain = 0.000

Phase 6.2 Clock Skew Optimization
Phase 6.2 Clock Skew Optimization | Checksum: 2700bf697

Time (s): cpu = 00:01:08 ; elapsed = 00:01:00 . Memory (MB): peak = 2054.883 ; gain = 0.000
Phase 6 Delay and Skew Optimization | Checksum: 2700bf697

Time (s): cpu = 00:01:08 ; elapsed = 00:01:00 . Memory (MB): peak = 2054.883 ; gain = 0.000

Phase 7 Post Hold Fix

Phase 7.1 Hold Fix Iter
INFO: [Route 35-416] Intermediate Timing Summary | WNS=1.213  | TNS=0.000  | WHS=0.017  | THS=0.000  |

Phase 7.1 Hold Fix Iter | Checksum: 2c207e7cf

Time (s): cpu = 00:01:09 ; elapsed = 00:01:01 . Memory (MB): peak = 2054.883 ; gain = 0.000
Phase 7 Post Hold Fix | Checksum: 2c207e7cf

Time (s): cpu = 00:01:09 ; elapsed = 00:01:01 . Memory (MB): peak = 2054.883 ; gain = 0.000

Phase 8 Route finalize

Router Utilization Summary
  Global Vertical Routing Utilization    = 1.25225 %
  Global Horizontal Routing Utilization  = 1.40568 %
  Routable Net Status*
  *Does not include unroutable nets such as driverless and loadless.
  Run report_route_status for detailed report.
  Number of Failed Nets               = 0
    (Failed Nets is the sum of unrouted and partially routed nets)
  Number of Unrouted Nets             = 0
  Number of Partially Routed Nets     = 0
  Number of Node Overlaps             = 0

Phase 8 Route finalize | Checksum: 2c207e7cf

Time (s): cpu = 00:01:09 ; elapsed = 00:01:01 . Memory (MB): peak = 2054.883 ; gain = 0.000

Phase 9 Verifying routed nets

 Verification completed successfully
Phase 9 Verifying routed nets | Checksum: 2c207e7cf

Time (s): cpu = 00:01:09 ; elapsed = 00:01:01 . Memory (MB): peak = 2054.883 ; gain = 0.000

Phase 10 Depositing Routes
Phase 10 Depositing Routes | Checksum: 2e36e1cde

Time (s): cpu = 00:01:10 ; elapsed = 00:01:02 . Memory (MB): peak = 2054.883 ; gain = 0.000

Phase 11 Post Process Routing
Phase 11 Post Process Routing | Checksum: 2e36e1cde

Time (s): cpu = 00:01:10 ; elapsed = 00:01:02 . Memory (MB): peak = 2054.883 ; gain = 0.000

Phase 12 Post Router Timing
INFO: [Route 35-57] Estimated Timing Summary | WNS=1.213  | TNS=0.000  | WHS=0.017  | THS=0.000  |

INFO: [Route 35-327] The final timing numbers are based on the router estimated timing analysis. For a complete and accurate timing signoff, please run report_timing_summary.
Phase 12 Post Router Timing | Checksum: 2e36e1cde

Time (s): cpu = 00:01:10 ; elapsed = 00:01:02 . Memory (MB): peak = 2054.883 ; gain = 0.000
Total Elapsed time in route_design: 62.345 secs

Phase 13 Post-Route Event Processing
Phase 13 Post-Route Event Processing | Checksum: f2fff057

Time (s): cpu = 00:01:10 ; elapsed = 00:01:02 . Memory (MB): peak = 2054.883 ; gain = 0.000
INFO: [Route 35-16] Router Completed Successfully
Ending Routing Task | Checksum: f2fff057

Time (s): cpu = 00:01:11 ; elapsed = 00:01:02 . Memory (MB): peak = 2054.883 ; gain = 0.000

Routing Is Done.
INFO: [Common 17-83] Releasing license: Vivado_Implementation
117 Infos, 2 Warnings, 0 Critical Warnings and 0 Errors encountered.
route_design completed successfully
route_design: Time (s): cpu = 00:01:11 ; elapsed = 00:01:03 . Memory (MB): peak = 2054.883 ; gain = 0.000
INFO: [Vivado 12-24828] Executing command : report_drc -file Design_1_wrapper_drc_routed.rpt -pb Design_1_wrapper_drc_routed.pb -rpx Design_1_wrapper_drc_routed.rpx
Command: report_drc -file Design_1_wrapper_drc_routed.rpt -pb Design_1_wrapper_drc_routed.pb -rpx Design_1_wrapper_drc_routed.rpx
INFO: [IP_Flow 19-1839] IP Catalog is up to date.
INFO: [DRC 23-27] Running DRC with 2 threads
INFO: [Vivado_Tcl 2-168] The results of DRC are in file C:/F.A.L.C.O.N/Vivado_WS/Gaussian_Filter_Project/Gaussian_Filter_Project.runs/impl_1/Design_1_wrapper_drc_routed.rpt.
report_drc completed successfully
INFO: [Vivado 12-24828] Executing command : report_methodology -file Design_1_wrapper_methodology_drc_routed.rpt -pb Design_1_wrapper_methodology_drc_routed.pb -rpx Design_1_wrapper_methodology_drc_routed.rpx
Command: report_methodology -file Design_1_wrapper_methodology_drc_routed.rpt -pb Design_1_wrapper_methodology_drc_routed.pb -rpx Design_1_wrapper_methodology_drc_routed.rpx
INFO: [Timing 38-35] Done setting XDC timing constraints.
INFO: [DRC 23-133] Running Methodology with 2 threads
INFO: [Vivado_Tcl 2-1520] The results of Report Methodology are in file C:/F.A.L.C.O.N/Vivado_WS/Gaussian_Filter_Project/Gaussian_Filter_Project.runs/impl_1/Design_1_wrapper_methodology_drc_routed.rpt.
report_methodology completed successfully
report_methodology: Time (s): cpu = 00:00:11 ; elapsed = 00:00:06 . Memory (MB): peak = 2054.883 ; gain = 0.000
INFO: [Vivado 12-24828] Executing command : report_timing_summary -max_paths 10 -routable_nets -report_unconstrained -file Design_1_wrapper_timing_summary_routed.rpt -pb Design_1_wrapper_timing_summary_routed.pb -rpx Design_1_wrapper_timing_summary_routed.rpx -warn_on_violation 
INFO: [Timing 38-35] Done setting XDC timing constraints.
INFO: [Timing 38-91] UpdateTimingParams: Speed grade: -1, Delay Type: min_max.
INFO: [Timing 38-191] Multithreading enabled for timing update using a maximum of 2 CPUs
INFO: [Vivado 12-24838] Running report commands "report_incremental_reuse, report_route_status" in parallel.
Running report generation with 2 threads.
INFO: [Vivado 12-24828] Executing command : report_incremental_reuse -file Design_1_wrapper_incremental_reuse_routed.rpt
INFO: [Vivado_Tcl 4-1062] Incremental flow is disabled. No incremental reuse Info to report.
INFO: [Vivado 12-24828] Executing command : report_route_status -file Design_1_wrapper_route_status.rpt -pb Design_1_wrapper_route_status.pb
INFO: [Vivado 12-24828] Executing command : report_power -file Design_1_wrapper_power_routed.rpt -pb Design_1_wrapper_power_summary_routed.pb -rpx Design_1_wrapper_power_routed.rpx
Command: report_power -file Design_1_wrapper_power_routed.rpt -pb Design_1_wrapper_power_summary_routed.pb -rpx Design_1_wrapper_power_routed.rpx
Running Vector-less Activity Propagation...

Finished Running Vector-less Activity Propagation
WARNING: [Power 33-332] Found switching activity that implies high-fanout reset nets being asserted for excessive periods of time which may result in inaccurate power analysis.
Resolution: To review and fix problems, please run Power Constraints Advisor in the GUI from Tools > Power Constraints Advisor or run report_power with the -advisory option to generate a text report.
134 Infos, 3 Warnings, 0 Critical Warnings and 0 Errors encountered.
report_power completed successfully
INFO: [Vivado 12-24828] Executing command : report_clock_utilization -file Design_1_wrapper_clock_utilization_routed.rpt
INFO: [Vivado 12-24828] Executing command : report_bus_skew -warn_on_violation -file Design_1_wrapper_bus_skew_routed.rpt -pb Design_1_wrapper_bus_skew_routed.pb -rpx Design_1_wrapper_bus_skew_routed.rpx
INFO: [Timing 38-91] UpdateTimingParams: Speed grade: -1, Delay Type: min_max.
INFO: [Timing 38-191] Multithreading enabled for timing update using a maximum of 2 CPUs
generate_parallel_reports: Time (s): cpu = 00:00:27 ; elapsed = 00:00:20 . Memory (MB): peak = 2054.883 ; gain = 0.000
INFO: [Timing 38-480] Writing timing data to binary archive.
Wrote PlaceDB: Time (s): cpu = 00:00:00 ; elapsed = 00:00:00 . Memory (MB): peak = 2054.883 ; gain = 0.000
Wrote PulsedLatchDB: Time (s): cpu = 00:00:00 ; elapsed = 00:00:00 . Memory (MB): peak = 2054.883 ; gain = 0.000
Writing XDEF routing.
Writing XDEF routing logical nets.
Write ShapeDB Complete: Time (s): cpu = 00:00:00 ; elapsed = 00:00:00.076 . Memory (MB): peak = 2054.883 ; gain = 0.000
Writing XDEF routing special nets.
Wrote RouteStorage: Time (s): cpu = 00:00:01 ; elapsed = 00:00:00.178 . Memory (MB): peak = 2054.883 ; gain = 0.000
Wrote PlaceStorage: Time (s): cpu = 00:00:01 ; elapsed = 00:00:00.369 . Memory (MB): peak = 2054.883 ; gain = 0.000
Wrote Netlist Cache: Time (s): cpu = 00:00:00 ; elapsed = 00:00:00.015 . Memory (MB): peak = 2054.883 ; gain = 0.000
Wrote Device Cache: Time (s): cpu = 00:00:00 ; elapsed = 00:00:00.013 . Memory (MB): peak = 2054.883 ; gain = 0.000
Write Physdb Complete: Time (s): cpu = 00:00:02 ; elapsed = 00:00:00.606 . Memory (MB): peak = 2054.883 ; gain = 0.000
INFO: [Common 17-1381] The checkpoint 'C:/F.A.L.C.O.N/Vivado_WS/Gaussian_Filter_Project/Gaussian_Filter_Project.runs/impl_1/Design_1_wrapper_routed.dcp' has been generated.
INFO: [Memdata 28-167] Found XPM memory block Design_1_i/axi_dma_0/U0/I_PRMRY_DATAMOVER/GEN_S2MM_FULL.I_S2MM_FULL_WRAPPER/GEN_ENABLE_INDET_BTT_SF.I_INDET_BTT/I_XD_FIFO/NON_BLK_MEM.I_SYNC_FIFOGEN_FIFO/xpm_fifo_base_inst/gen_sdpram.xpm_memory_base_inst with a P_MEMORY_PRIMITIVE property set to auto. A value of block is required. You will not be able to use the updatemem program to update the bitstream with new data for the Design_1_i/axi_dma_0/U0/I_PRMRY_DATAMOVER/GEN_S2MM_FULL.I_S2MM_FULL_WRAPPER/GEN_ENABLE_INDET_BTT_SF.I_INDET_BTT/I_XD_FIFO/NON_BLK_MEM.I_SYNC_FIFOGEN_FIFO/xpm_fifo_base_inst/gen_sdpram.xpm_memory_base_inst block.
INFO: [Memdata 28-208] The XPM instance: <Design_1_i/axi_dma_0/U0/I_PRMRY_DATAMOVER/GEN_S2MM_FULL.I_S2MM_FULL_WRAPPER/GEN_ENABLE_INDET_BTT_SF.I_INDET_BTT/I_DATA_FIFO/BLK_MEM.I_SYNC_FIFOGEN_FIFO/xpm_fifo_base_inst/gen_sdpram.xpm_memory_base_inst> is part of IP: <Design_1_i/axi_dma_0>. This XPM instance will be excluded from the .mmi because updatemem is prohibited from making changes to an XPM that is part of an IP.
INFO: [Memdata 28-208] The XPM instance: <Design_1_i/axi_dma_0/U0/I_PRMRY_DATAMOVER/GEN_MM2S_FULL.I_MM2S_FULL_WRAPPER/GEN_INCLUDE_MM2S_SF.I_RD_SF/I_DATA_FIFO/BLK_MEM.I_SYNC_FIFOGEN_FIFO/xpm_fifo_base_inst/gen_sdpram.xpm_memory_base_inst> is part of IP: <Design_1_i/axi_dma_0>. This XPM instance will be excluded from the .mmi because updatemem is prohibited from making changes to an XPM that is part of an IP.
Command: write_bitstream -force Design_1_wrapper.bit
Attempting to get a license for feature 'Vivado_Implementation' and/or device 'xc7z020'
INFO: [Common 17-349] Got license for feature 'Vivado_Implementation' and/or device 'xc7z020'
Running DRC as a precondition to command write_bitstream
INFO: [IP_Flow 19-1839] IP Catalog is up to date.
INFO: [DRC 23-27] Running DRC with 2 threads
INFO: [Vivado 12-3199] DRC finished with 0 Errors
INFO: [Vivado 12-3200] Please refer to the DRC report (report_drc) for more information.
Integrating Hard IP ELF/MEM with the PDI.
INFO: [Designutils 20-2272] Running write_bitstream with 2 threads.
Initializing bitstream generation complete. Time (s): cpu = 00:00:02 ; elapsed = 00:00:02 . Memory (MB): peak = 2110.273 ; gain = 53.781
Loading data files...
Loading site data...
Loading route data...
Processing options...
Creating bitmap...
Creating bitstream...
Writing bitstream ./Design_1_wrapper.bit...
Generate Bitstream complete. Time (s): cpu = 00:00:23 ; elapsed = 00:00:20 . Memory (MB): peak = 2373.902 ; gain = 317.410
INFO: [Vivado 12-1842] Bitgen Completed Successfully.
INFO: [Common 17-83] Releasing license: Vivado_Implementation
151 Infos, 3 Warnings, 0 Critical Warnings and 0 Errors encountered.
write_bitstream completed successfully
write_bitstream: Time (s): cpu = 00:00:30 ; elapsed = 00:00:34 . Memory (MB): peak = 2373.902 ; gain = 319.020
INFO: [Common 17-206] Exiting Vivado at Wed Sep 23 23:17:09 2026...
