INFO: [Common 17-3922] A valid Vivado Design Suite BASIC license has been detected. Your current license is active and will expire on 22-aug-2027.
#-----------------------------------------------------------
# Vivado v2026.1 (64-bit)
# SW Build 6511674 on Tue Jun 16 11:02:23 MDT 2026
# IP Build 6504888 on Tue Jun 09 09:05:25 MDT 2026
# SharedData Build 6501428 on Mon Jun 08 17:34:18 MDT 2026
# Start of session at: Sun Sep 13 18:47:41 2026
# Process ID         : 13088
# Current directory  : C:/F.A.L.C.O.N/Vivado_WS/Sobel_Project
# Command line       : vivado.exe -gui_launcher_event rodinguilauncherevent32792 C:\F.A.L.C.O.N\Vivado_WS\Sobel_Project\Sobel_Project.xpr
# Log file           : C:/F.A.L.C.O.N/Vivado_WS/Sobel_Project/vivado.log
# Journal file       : C:/F.A.L.C.O.N/Vivado_WS/Sobel_Project\vivado.jou
# Running On         : DESKTOP-55UAODO
# Platform           : Windows 11
# Operating System   : 26200
# Processor Detail   : 13th Gen Intel(R) Core(TM) i5-13450HX
# CPU Frequency      : 2611 MHz
# CPU Physical cores : 10
# CPU Logical cores  : 16
# Host memory        : 16849 MB
# Swap memory        : 28991 MB
# Total Virtual      : 45840 MB
# Available Virtual  : 22988 MB
#-----------------------------------------------------------
start_gui
open_project C:/F.A.L.C.O.N/Vivado_WS/Sobel_Project/Sobel_Project.xpr
INFO: [Project 1-313] Project file moved from 'C:/Vivado_WS/Sobel_Project' since last save.
Scanning sources...
Finished scanning sources
WARNING: [Project 1-5713] Board part '' set for the project  is not found. BoardPart property will be unset. Please select board from latest repo build 
INFO: [IP_Flow 19-234] Refreshing IP repositories
INFO: [IP_Flow 19-1700] Loaded user IP repository 'c:/F.A.L.C.O.N/Vitis_WS/Sobel_IP/Sobel_IP'.
INFO: [IP_Flow 19-2313] Loaded Vivado IP repository 'C:/AMDDesignTools/2026.1/Vivado/data/ip'opopen_project: Time (s): cpu = 00:00:37 ; elapsed = 00:00:30 . Memory (MB): peak = 1771.633 ; gain = 389.13exupdINFO: [Common 17-206] Exiting Vivado open_bd_design {C:/F.A.L.C.O.N/Vivado_WS/Sobel_Project/Sobel_Project.srcs/sources_1/bd/Design_1/Design_1.bd}
Reading block design file <C:/F.A.L.C.O.N/Vivado_WS/Sobel_Project/Sobel_Project.srcs/sources_1/bd/Design_1/Design_1.bd>...
Adding component instance block -- xilinx.com:hls:sobel_filter:1.0 - sobel_filter_0
Adding component instance block -- xilinx.com:ip:processing_system7:5.5 - processing_system7_0
Adding component instance block -- xilinx.com:ip:axi_dma:7.1 - axi_dma_0
Adding component instance block -- xilinx.com:ip:smartconnect:1.0 - axi_smc
Adding component instance block -- xilinx.com:ip:proc_sys_reset:5.0 - rst_ps7_0_100M
Adding component instance block -- xilinx.com:ip:axi_interconnect:2.1 - axi_mem_intercon
Adding component instance block -- xilinx.com:ip:axi_crossbar:2.1 - xbar
Adding component instance block -- xilinx.com:ip:axi_protocol_converter:2.1 - auto_pc
Adding component instance block -- xilinx.com:ip:axi_protocol_converter:2.1 - auto_pc
Excluding slave segment /processing_system7_0/S_AXI_HP0/HP0_DDR_LOWOCM from address space /processing_system7_0/Data.
Excluding slave segment /axi_dma_0/S_AXI_LITE/Reg from address space /axi_dma_0/Data_MM2S.
Excluding slave segment /processing_system7_0/S_AXI_HP2/HP2_DDR_LOWOCM from address space /axi_dma_0/Data_MM2S.
Excluding slave segment /axi_dma_0/S_AXI_LITE/Reg from address space /axi_dma_0/Data_S2MM.
Excluding slave segment /processing_system7_0/S_AXI_HP2/HP2_DDR_LOWOCM from address space /axi_dma_0/Data_S2MM.
Excluding slave segment /axi_dma_0/S_AXI_LITE/Reg from address space /axi_dma_0/Data_SG.
Successfully read diagram <Design_1> from block design file <C:/F.A.L.C.O.N/Vivado_WS/Sobel_Project/Sobel_Project.srcs/sources_1/bd/Design_1/Design_1.bd>
open_bd_design: Time (s): cpu = 00:00:04 ; elapsed = 00:00:05 . Memory (MB): peak = 1807.629 ; gain = 28.094
exit
INFO: [Common 17-206] Exiting Vivado at Sun Sep 13 18:48:37 2026...
