

================================================================
== Synthesis Summary Report of 'Gaussian_Filter'
================================================================
+ General Information: 
    * Date:           Wed Sep 23 01:28:45 2026
    * Version:        2026.1 (Build 6493734 on Jun 16 2026)
    * Project:        Gaussian_Filter_IP
    * Solution:       hls
    * Product family: zynq
    * Target device:  xc7z020-clg400-1
    

* Performance & Resource Estimates: 
+-------------------------------------------------------------+------+---------------+----------+---------+------+----------+---------+-----+------+--------+--------+-----------+-----------+-----+
|                           Modules                           | Issue|               | Iteration|         | Trip |          |    Latency    |      |        |        |           |           |     |
|                           & Loops                           | Type | Violation Type|  Latency | Interval| Count| Pipelined| (cycles)| (ns)| Slack|  BRAM  |   DSP  |     FF    |    LUT    | URAM|
+-------------------------------------------------------------+------+---------------+----------+---------+------+----------+---------+-----+------+--------+--------+-----------+-----------+-----+
|+ Gaussian_Filter                                            |     -|              -|         -|        -|     -|        no|        -|    -|  0.09|  8 (2%)|  4 (1%)|  1774 (1%)|  1503 (2%)|    -|
| + Gaussian_Filter_Pipeline_VITIS_LOOP_25_1_VITIS_LOOP_27_2  |     -|              -|         -|        -|     -|       yes|        -|    -|  0.09|  8 (2%)|       -|  1303 (1%)|  1036 (1%)|    -|
|  o VITIS_LOOP_25_1_VITIS_LOOP_27_2                          |     -|              -|         6|        1|     -|       yes|        -|    -|  7.30|       -|       -|          -|          -|    -|
+-------------------------------------------------------------+------+---------------+----------+---------+------+----------+---------+-----+------+--------+--------+-----------+-----------+-----+
    Name Prefix: '+' for module, 'o' for loop, '*' for dataflow


================================================================
== HW Interfaces
================================================================
* S_AXILITE Interfaces
+---------------+------------+---------------+--------+----------+
| Interface     | Data Width | Address Width | Offset | Register |
+---------------+------------+---------------+--------+----------+
| s_axi_control | 32         | 5             | 16     | 0        |
+---------------+------------+---------------+--------+----------+

* S_AXILITE Registers
+---------------+----------+--------+-------+--------+----------------------------------+----------------------------------------------------------------------+
| Interface     | Register | Offset | Width | Access | Description                      | Bit Fields                                                           |
+---------------+----------+--------+-------+--------+----------------------------------+----------------------------------------------------------------------+
| s_axi_control | CTRL     | 0x00   | 32    | RW     | Control signals                  | 0=AP_START 1=AP_DONE 2=AP_IDLE 3=AP_READY 7=AUTO_RESTART 9=INTERRUPT |
| s_axi_control | GIER     | 0x04   | 32    | RW     | Global Interrupt Enable Register | 0=Enable                                                             |
| s_axi_control | IP_IER   | 0x08   | 32    | RW     | IP Interrupt Enable Register     | 0=CHAN0_INT_EN 1=CHAN1_INT_EN                                        |
| s_axi_control | IP_ISR   | 0x0c   | 32    | RW     | IP Interrupt Status Register     | 0=CHAN0_INT_ST 1=CHAN1_INT_ST                                        |
| s_axi_control | Rows     | 0x10   | 32    | W      | Data signal of Rows              |                                                                      |
| s_axi_control | Cols     | 0x18   | 32    | W      | Data signal of Cols              |                                                                      |
+---------------+----------+--------+-------+--------+----------------------------------+----------------------------------------------------------------------+

* AXIS
+-----------+-----------+---------------+-------+-------+-----+-------+-------+--------+-------+-------+--------+
| Interface | Direction | Register Mode | TDATA | TDEST | TID | TKEEP | TLAST | TREADY | TSTRB | TUSER | TVALID |
+-----------+-----------+---------------+-------+-------+-----+-------+-------+--------+-------+-------+--------+
| Input_r   | in        | both          | 32    | 6     | 5   | 4     | 1     | 1      | 4     | 3     | 1      |
| Output_r  | out       | both          | 32    | 6     | 5   | 4     | 1     | 1      | 4     | 3     | 1      |
+-----------+-----------+---------------+-------+-------+-----+-------+-------+--------+-------+-------+--------+

* TOP LEVEL CONTROL
+-----------+------------+-----------+
| Interface | Type       | Ports     |
+-----------+------------+-----------+
| ap_clk    | clock      | ap_clk    |
| ap_rst_n  | reset      | ap_rst_n  |
| interrupt | interrupt  | interrupt |
| ap_ctrl   | ap_ctrl_hs |           |
+-----------+------------+-----------+


================================================================
== SW I/O Information
================================================================
* Top Function Arguments
+----------+-----------+-----------------------------------------------------------------------------+
| Argument | Direction | Datatype                                                                    |
+----------+-----------+-----------------------------------------------------------------------------+
| Input    | in        | stream<hls::axis<ap_int<32>, 3UL, 5UL, 6UL, (unsigned char)'8', false>, 0>& |
| Output   | out       | stream<hls::axis<ap_int<32>, 3UL, 5UL, 6UL, (unsigned char)'8', false>, 0>& |
| Rows     | in        | int                                                                         |
| Cols     | in        | int                                                                         |
+----------+-----------+-----------------------------------------------------------------------------+

* SW-to-HW Mapping
+----------+---------------+-----------+--------------------------------+
| Argument | HW Interface  | HW Type   | HW Info                        |
+----------+---------------+-----------+--------------------------------+
| Input    | Input_r       | interface |                                |
| Output   | Output_r      | interface |                                |
| Rows     | s_axi_control | register  | name=Rows offset=0x10 range=32 |
| Cols     | s_axi_control | register  | name=Cols offset=0x18 range=32 |
+----------+---------------+-----------+--------------------------------+


================================================================
== Bind Op Report
================================================================
+-------------------------------------------------------------+-----+--------+----------------+--------+----------+---------+
| Name                                                        | DSP | Pragma | Variable       | Op     | Impl     | Latency |
+-------------------------------------------------------------+-----+--------+----------------+--------+----------+---------+
| + Gaussian_Filter                                           | 4   |        |                |        |          |         |
|   empty_fu_132_p2                                           |     |        | empty          | setgt  | auto     | 0       |
|   smax_fu_138_p3                                            |     |        | smax           | select | auto_sel | 0       |
|   empty_30_fu_146_p2                                        |     |        | empty_30       | setgt  | auto     | 0       |
|   smax1_fu_152_p3                                           |     |        | smax1          | select | auto_sel | 0       |
|   mul_31ns_31ns_62_2_1_U18                                  | 4   |        | bound          | mul    | auto     | 1       |
|  + Gaussian_Filter_Pipeline_VITIS_LOOP_25_1_VITIS_LOOP_27_2 | 0   |        |                |        |          |         |
|    icmp_ln27_fu_284_p2                                      |     |        | icmp_ln27      | setlt  | auto     | 0       |
|    icmp_ln25_fu_261_p2                                      |     |        | icmp_ln25      | seteq  | auto     | 0       |
|    add_ln25_fu_266_p2                                       |     |        | add_ln25       | add    | fabric   | 0       |
|    select_ln25_fu_289_p3                                    |     |        | select_ln25    | select | auto_sel | 0       |
|    addr_cmp25_fu_335_p2                                     |     |        | addr_cmp25     | seteq  | auto     | 0       |
|    reuse_select26_fu_410_p3                                 |     |        | reuse_select26 | select | auto_sel | 0       |
|    addr_cmp_fu_344_p2                                       |     |        | addr_cmp       | seteq  | auto     | 0       |
|    reuse_select_fu_377_p3                                   |     |        | reuse_select   | select | auto_sel | 0       |
|    tmp1_fu_442_p2                                           |     |        | tmp1           | add    | fabric   | 0       |
|    add_ln55_fu_453_p2                                       |     |        | add_ln55       | add    | fabric   | 0       |
|    add_ln27_fu_360_p2                                       |     |        | add_ln27       | add    | fabric   | 0       |
+-------------------------------------------------------------+-----+--------+----------------+--------+----------+---------+


================================================================
== Storage Report
================================================================
+-------------------------------------------------------------+--------------+-----------+------+------+--------+--------+--------------------+------+---------+------------------+
| Name                                                        | Usage        | Type      | BRAM | URAM | CE_REG | Pragma | Variable           | Impl | Latency | Bitwidth, Depth, |
|                                                             |              |           |      |      |        |        |                    |      |         | Banks            |
+-------------------------------------------------------------+--------------+-----------+------+------+--------+--------+--------------------+------+---------+------------------+
| + Gaussian_Filter                                           |              |           | 8    | 0    |        |        |                    |      |         |                  |
|   control_s_axi_U                                           | interface    | s_axilite |      |      |        |        |                    |      |         |                  |
|  + Gaussian_Filter_Pipeline_VITIS_LOOP_25_1_VITIS_LOOP_27_2 |              |           | 8    | 0    |        |        |                    |      |         |                  |
|    Line_Buffer_data_1_U                                     | ram_1p array |           | 4    |      | N      |        | Line_Buffer_data_1 | auto | 1       | 32, 1920, 1      |
|    Line_Buffer_data_U                                       | ram_1p array |           | 4    |      | N      |        | Line_Buffer_data   | auto | 1       | 32, 1920, 1      |
+-------------------------------------------------------------+--------------+-----------+------+------+--------+--------+--------------------+------+---------+------------------+


================================================================
== Pragma Report
================================================================
* Inferred Pragmas
+--------------+---------+----------------------------------------------------------------------------------------------+---------------------------------+
| Type         | Options | Location                                                                                     | Inferred From                   |
+--------------+---------+----------------------------------------------------------------------------------------------+---------------------------------+
| LOOP_FLATTEN |         | loop VITIS_LOOP_27_2 (Gaussian_Filter.cpp:27:26) in gaussian_filter (Gaussian_Filter.cpp:27) | pipeline Gaussian_Filter.cpp:29 |
| PIPELINE     |         | loop anonymous (Gaussian_Filter.cpp:17:13) in gaussian_filter (Gaussian_Filter.cpp:17)       | syn.compile.pipeline_loops=64   |
| PIPELINE     |         | loop anonymous (Gaussian_Filter.cpp:20:13) in gaussian_filter (Gaussian_Filter.cpp:20)       | syn.compile.pipeline_loops=64   |
+--------------+---------+----------------------------------------------------------------------------------------------+---------------------------------+

* Implemented Pragmas
+-----------------+-----------------------------------------------+---------------------------------------------+
| Type            | Options                                       | Location                                    |
+-----------------+-----------------------------------------------+---------------------------------------------+
| ARRAY_PARTITION | dim=1 type=complete variable=Line_Buffer.dest | in gaussian_filter (Gaussian_Filter.cpp:18) |
| ARRAY_PARTITION | dim=0 type=complete variable=Window.dest      | in gaussian_filter (Gaussian_Filter.cpp:21) |
+-----------------+-----------------------------------------------+---------------------------------------------+

* Valid Pragma Syntax
+-----------------+-------------------------------------+---------------------------------------------+
| Type            | Options                             | Location                                    |
+-----------------+-------------------------------------+---------------------------------------------+
| INTERFACE       | axis port=Input                     | in gaussian_filter (Gaussian_Filter.cpp:11) |
| INTERFACE       | axis port=Output                    | in gaussian_filter (Gaussian_Filter.cpp:12) |
| INTERFACE       | s_axilite port=Rows                 | in gaussian_filter (Gaussian_Filter.cpp:13) |
| INTERFACE       | s_axilite port=Cols                 | in gaussian_filter (Gaussian_Filter.cpp:14) |
| INTERFACE       | s_axilite port=return               | in gaussian_filter (Gaussian_Filter.cpp:15) |
| ARRAY_PARTITION | variable=Line_Buffer complete dim=1 | in gaussian_filter (Gaussian_Filter.cpp:18) |
| ARRAY_PARTITION | variable=Window complete dim=0      | in gaussian_filter (Gaussian_Filter.cpp:21) |
| PIPELINE        | ii=1                                | in gaussian_filter (Gaussian_Filter.cpp:29) |
+-----------------+-------------------------------------+---------------------------------------------+


