INFO: [Common 17-3922] A valid Vivado Design Suite BASIC license has been detected. Your current license is active and will expire on 22-aug-2027.
#-----------------------------------------------------------
# Vivado v2026.1 (64-bit)
# SW Build 6511674 on Tue Jun 16 11:02:23 MDT 2026
# IP Build 6504888 on Tue Jun 09 09:05:25 MDT 2026
# SharedData Build 6501428 on Mon Jun 08 17:34:18 MDT 2026
# Start of session at: Thu Sep 24 14:59:15 2026
# Process ID         : 25500
# Current directory  : C:/F.A.L.C.O.N/Vitis_WS/Canny_Filter_IP/Canny_Filter_IP/hls/impl/ip
# Command line       : vivado.exe -notrace -mode batch -source run_ippack.tcl
# Log file           : C:/F.A.L.C.O.N/Vitis_WS/Canny_Filter_IP/Canny_Filter_IP/hls/impl/ip/vivado.log
# Journal file       : C:/F.A.L.C.O.N/Vitis_WS/Canny_Filter_IP/Canny_Filter_IP/hls/impl/ip\vivado.jou
# Running On         : DESKTOP-55UAODO
# Platform           : Windows 11
# Operating System   : 26200
# Processor Detail   : 13th Gen Intel(R) Core(TM) i5-13450HX
# CPU Frequency      : 2611 MHz
# CPU Physical cores : 10
# CPU Logical cores  : 16
# Host memory        : 16849 MB
# Swap memory        : 28991 MB
# Total Virtual      : 45840 MB
# Available Virtual  : 27458 MB
#-----------------------------------------------------------
source run_ippack.tcl -notrace
INFO: calling package_hls_ip ip_types=vitis sysgen json_file=C:/F.A.L.C.O.N/Vitis_WS/Canny_Filter_IP/Canny_Filter_IP/hls/hls_data.json outdir=C:/F.A.L.C.O.N/Vitis_WS/Canny_Filter_IP/Canny_Filter_IP/hls/impl/ip srcdir=C:/F.A.L.C.O.N/Vitis_WS/Canny_Filter_IP/Canny_Filter_IP/hls ippack_options_dict= ippack_options_dict=
INFO: Copied 1 ipmisc file(s) to C:/F.A.L.C.O.N/Vitis_WS/Canny_Filter_IP/Canny_Filter_IP/hls/impl/ip/misc
INFO: Copied 31 verilog file(s) to C:/F.A.L.C.O.N/Vitis_WS/Canny_Filter_IP/Canny_Filter_IP/hls/impl/ip/hdl/verilog
INFO: Copied 26 vhdl file(s) to C:/F.A.L.C.O.N/Vitis_WS/Canny_Filter_IP/Canny_Filter_IP/hls/impl/ip/hdl/vhdl
INFO: Copied 10 swdriver file(s) to C:/F.A.L.C.O.N/Vitis_WS/Canny_Filter_IP/Canny_Filter_IP/hls/impl/ip/drivers
ipx::create_core: Time (s): cpu = 00:00:09 ; elapsed = 00:00:07 . Memory (MB): peak = 585.566 ; gain = 269.887
INFO: Import ports from HDL: C:/F.A.L.C.O.N/Vitis_WS/Canny_Filter_IP/Canny_Filter_IP/hls/impl/ip/hdl/vhdl/Canny_Filter.vhd (Canny_Filter)
INFO: Add axi4lite interface s_axi_control
INFO: Add clock interface ap_clk
INFO: Add reset interface ap_rst_n
INFO: Add interrupt interface interrupt
INFO: [IP_Flow 19-234] Refreshing IP repositories
INFO: [IP_Flow 19-1704] No user IP repositories specified
INFO: [IP_Flow 19-2313] Loaded Vivado IP repository 'C:/AMDDesignTools/2026.1/Vivado/data/ip'.
INFO: Add axi4stream interface Input_Stream
INFO: Add axi4stream interface Output_Stream
INFO: Calling post_process_vitis to specialize IP
INFO: Calling post_process_sysgen to specialize IP
Generating sysgen info xml from json file
INFO: Created IP C:/F.A.L.C.O.N/Vitis_WS/Canny_Filter_IP/Canny_Filter_IP/hls/impl/ip/component.xml
INFO: Created IP archive C:/F.A.L.C.O.N/Vitis_WS/Canny_Filter_IP/Canny_Filter_IP/hls/impl/ip/xilinx_com_hls_Canny_Filter_1_0.zip
INFO: [Common 17-206] Exiting Vivado at Thu Sep 24 14:59:30 2026...
