
*** Running vivado
    with args -log Design_1_rst_ps7_0_50M_0.vds -m64 -product Vivado -mode batch -messageDb vivado.pb -notrace -source Design_1_rst_ps7_0_50M_0.tcl


INFO: [Common 17-3922] A valid Vivado Design Suite BASIC license has been detected. Your current license is active and will expire on 22-aug-2027.
#-----------------------------------------------------------
# Vivado v2026.1 (64-bit)
# SW Build 6511674 on Tue Jun 16 11:02:23 MDT 2026
# IP Build 6504888 on Tue Jun 09 09:05:25 MDT 2026
# SharedData Build 6501428 on Mon Jun 08 17:34:18 MDT 2026
# Start of session at: Mon Sep  7 22:37:44 2026
# Process ID         : 30956
# Current directory  : C:/Vivado_WS/Vector_Mult_Project/Vector_Mult_Project.runs/Design_1_rst_ps7_0_50M_0_synth_1
# Command line       : vivado.exe -log Design_1_rst_ps7_0_50M_0.vds -product Vivado -mode batch -messageDb vivado.pb -notrace -source Design_1_rst_ps7_0_50M_0.tcl
# Log file           : C:/Vivado_WS/Vector_Mult_Project/Vector_Mult_Project.runs/Design_1_rst_ps7_0_50M_0_synth_1/Design_1_rst_ps7_0_50M_0.vds
# Journal file       : C:/Vivado_WS/Vector_Mult_Project/Vector_Mult_Project.runs/Design_1_rst_ps7_0_50M_0_synth_1\vivado.jou
# Running On         : DESKTOP-55UAODO
# Platform           : Windows 11
# Operating System   : 26200
# Processor Detail   : 13th Gen Intel(R) Core(TM) i5-13450HX
# CPU Frequency      : 2611 MHz
# CPU Physical cores : 10
# CPU Logical cores  : 16
# Host memory        : 16849 MB
# Swap memory        : 23903 MB
# Total Virtual      : 40752 MB
# Available Virtual  : 10972 MB
#-----------------------------------------------------------

****** Vivado v2026.1 (64-bit)
  **** SW Build 6511674 on Tue Jun 16 11:02:23 MDT 2026
  **** IP Build 6504888 on Tue Jun 09 09:05:25 MDT 2026
  **** SharedData Build 6501428 on Mon Jun 08 17:34:18 MDT 2026
  **** Start of session at: Mon Sep  7 22:37:45 2026
    ** Copyright 1986-2022 Xilinx, Inc. All Rights Reserved.
    ** Copyright 2022-2026 Advanced Micro Devices, Inc. All Rights Reserved.

source Design_1_rst_ps7_0_50M_0.tcl -notrace
create_project: Time (s): cpu = 00:00:17 ; elapsed = 00:00:13 . Memory (MB): peak = 582.129 ; gain = 265.910
INFO: [IP_Flow 19-234] Refreshing IP repositories
INFO: [IP_Flow 19-1700] Loaded user IP repository 'c:/Vitis_WS/Vector_Mult_IP/Vector_Mult_IP'.
INFO: [IP_Flow 19-2313] Loaded Vivado IP repository 'C:/AMDDesignTools/2026.1/Vivado/data/ip'.
Command: synth_design -top Design_1_rst_ps7_0_50M_0 -part xc7z020clg400-1 -incremental_mode off -mode out_of_context
Starting synth_design
Attempting to get a license for feature 'Vivado_Synthesis' and/or device 'xc7z020'
INFO: [Common 17-349] Got license for feature 'Vivado_Synthesis' and/or device 'xc7z020'
INFO: [Device 21-403] Loading part xc7z020clg400-1
INFO: [Designutils 20-5008] Incremental synthesis strategy off
INFO: [Synth 8-7079] Multithreading enabled for synth_design using a maximum of 2 processes.
INFO: [Synth 8-7078] Launching helper process for spawning children vivado processes
INFO: [Synth 8-7075] Helper process launched with PID 21900
---------------------------------------------------------------------------------
Starting RTL Elaboration : Time (s): cpu = 00:00:09 ; elapsed = 00:00:12 . Memory (MB): peak = 1399.043 ; gain = 579.363
---------------------------------------------------------------------------------
INFO: [Synth 8-638] synthesizing module 'Design_1_rst_ps7_0_50M_0' [c:/Vivado_WS/Vector_Mult_Project/Vector_Mult_Project.gen/sources_1/bd/Design_1/ip/Design_1_rst_ps7_0_50M_0/synth/Design_1_rst_ps7_0_50M_0.vhd:74]
	Parameter C_FAMILY bound to: zynq - type: string 
	Parameter C_EXT_RST_WIDTH bound to: 4 - type: integer 
	Parameter C_AUX_RST_WIDTH bound to: 4 - type: integer 
	Parameter C_EXT_RESET_HIGH bound to: 1'b0 
	Parameter C_AUX_RESET_HIGH bound to: 1'b0 
	Parameter C_NUM_BUS_RST bound to: 1 - type: integer 
	Parameter C_NUM_PERP_RST bound to: 1 - type: integer 
	Parameter C_NUM_INTERCONNECT_ARESETN bound to: 1 - type: integer 
	Parameter C_NUM_PERP_ARESETN bound to: 1 - type: integer 
INFO: [Synth 8-3491] module 'proc_sys_reset' declared at 'c:/Vivado_WS/Vector_Mult_Project/Vector_Mult_Project.gen/sources_1/bd/Design_1/ipshared/9438/hdl/proc_sys_reset_v5_0_rfs.vhd:1243' bound to instance 'U0' of component 'proc_sys_reset' [c:/Vivado_WS/Vector_Mult_Project/Vector_Mult_Project.gen/sources_1/bd/Design_1/ip/Design_1_rst_ps7_0_50M_0/synth/Design_1_rst_ps7_0_50M_0.vhd:139]
INFO: [Synth 8-638] synthesizing module 'proc_sys_reset' [c:/Vivado_WS/Vector_Mult_Project/Vector_Mult_Project.gen/sources_1/bd/Design_1/ipshared/9438/hdl/proc_sys_reset_v5_0_rfs.vhd:1302]
	Parameter INIT bound to: 1'b1 
INFO: [Synth 8-113] binding component instance 'FDRE_inst' to cell 'FDRE' [c:/Vivado_WS/Vector_Mult_Project/Vector_Mult_Project.gen/sources_1/bd/Design_1/ipshared/9438/hdl/proc_sys_reset_v5_0_rfs.vhd:1371]
	Parameter INIT bound to: 1'b1 
INFO: [Synth 8-113] binding component instance 'FDRE_BSR' to cell 'FDRE' [c:/Vivado_WS/Vector_Mult_Project/Vector_Mult_Project.gen/sources_1/bd/Design_1/ipshared/9438/hdl/proc_sys_reset_v5_0_rfs.vhd:1387]
	Parameter INIT bound to: 1'b0 
INFO: [Synth 8-113] binding component instance 'FDRE_BSR_N' to cell 'FDRE' [c:/Vivado_WS/Vector_Mult_Project/Vector_Mult_Project.gen/sources_1/bd/Design_1/ipshared/9438/hdl/proc_sys_reset_v5_0_rfs.vhd:1413]
	Parameter INIT bound to: 1'b1 
INFO: [Synth 8-113] binding component instance 'FDRE_PER' to cell 'FDRE' [c:/Vivado_WS/Vector_Mult_Project/Vector_Mult_Project.gen/sources_1/bd/Design_1/ipshared/9438/hdl/proc_sys_reset_v5_0_rfs.vhd:1436]
	Parameter INIT bound to: 1'b0 
INFO: [Synth 8-113] binding component instance 'FDRE_PER_N' to cell 'FDRE' [c:/Vivado_WS/Vector_Mult_Project/Vector_Mult_Project.gen/sources_1/bd/Design_1/ipshared/9438/hdl/proc_sys_reset_v5_0_rfs.vhd:1460]
INFO: [Synth 8-638] synthesizing module 'lpf' [c:/Vivado_WS/Vector_Mult_Project/Vector_Mult_Project.gen/sources_1/bd/Design_1/ipshared/9438/hdl/proc_sys_reset_v5_0_rfs.vhd:821]
INFO: [Synth 8-3491] module 'SRL16' declared at 'C:/AMDDesignTools/2026.1/Vivado/scripts/rt/data/unisim_comp.v:170733' bound to instance 'POR_SRL_I' of component 'SRL16' [c:/Vivado_WS/Vector_Mult_Project/Vector_Mult_Project.gen/sources_1/bd/Design_1/ipshared/9438/hdl/proc_sys_reset_v5_0_rfs.vhd:873]
INFO: [Synth 8-6157] synthesizing module 'SRL16' [C:/AMDDesignTools/2026.1/Vivado/scripts/rt/data/unisim_comp.v:170733]
INFO: [Synth 8-6155] done synthesizing module 'SRL16' (0#1) [C:/AMDDesignTools/2026.1/Vivado/scripts/rt/data/unisim_comp.v:170733]
	Parameter DEST_SYNC_FF bound to: 4 - type: integer 
	Parameter INIT_SYNC_FF bound to: 0 - type: integer 
	Parameter SIM_ASSERT_CHK bound to: 0 - type: integer 
	Parameter SRC_INPUT_REG bound to: 0 - type: integer 
INFO: [Synth 8-3491] module 'xpm_cdc_single' declared at 'C:/AMDDesignTools/2026.1/Vivado/data/ip/xpm/xpm_cdc/hdl/xpm_cdc.sv:152' bound to instance 'ACT_LO_EXT' of component 'xpm_cdc_single' [c:/Vivado_WS/Vector_Mult_Project/Vector_Mult_Project.gen/sources_1/bd/Design_1/ipshared/9438/hdl/proc_sys_reset_v5_0_rfs.vhd:968]
INFO: [Synth 8-6157] synthesizing module 'xpm_cdc_single' [C:/AMDDesignTools/2026.1/Vivado/data/ip/xpm/xpm_cdc/hdl/xpm_cdc.sv:152]
INFO: [Synth 8-6155] done synthesizing module 'xpm_cdc_single' (0#1) [C:/AMDDesignTools/2026.1/Vivado/data/ip/xpm/xpm_cdc/hdl/xpm_cdc.sv:152]
	Parameter DEST_SYNC_FF bound to: 4 - type: integer 
	Parameter INIT_SYNC_FF bound to: 0 - type: integer 
	Parameter SIM_ASSERT_CHK bound to: 0 - type: integer 
	Parameter SRC_INPUT_REG bound to: 0 - type: integer 
INFO: [Synth 8-3491] module 'xpm_cdc_single' declared at 'C:/AMDDesignTools/2026.1/Vivado/data/ip/xpm/xpm_cdc/hdl/xpm_cdc.sv:152' bound to instance 'ACT_LO_AUX' of component 'xpm_cdc_single' [c:/Vivado_WS/Vector_Mult_Project/Vector_Mult_Project.gen/sources_1/bd/Design_1/ipshared/9438/hdl/proc_sys_reset_v5_0_rfs.vhd:1015]
INFO: [Synth 8-256] done synthesizing module 'lpf' (0#1) [c:/Vivado_WS/Vector_Mult_Project/Vector_Mult_Project.gen/sources_1/bd/Design_1/ipshared/9438/hdl/proc_sys_reset_v5_0_rfs.vhd:821]
INFO: [Synth 8-638] synthesizing module 'sequence_psr' [c:/Vivado_WS/Vector_Mult_Project/Vector_Mult_Project.gen/sources_1/bd/Design_1/ipshared/9438/hdl/proc_sys_reset_v5_0_rfs.vhd:304]
INFO: [Synth 8-638] synthesizing module 'upcnt_n' [c:/Vivado_WS/Vector_Mult_Project/Vector_Mult_Project.gen/sources_1/bd/Design_1/ipshared/9438/hdl/proc_sys_reset_v5_0_rfs.vhd:126]
INFO: [Synth 8-256] done synthesizing module 'upcnt_n' (0#1) [c:/Vivado_WS/Vector_Mult_Project/Vector_Mult_Project.gen/sources_1/bd/Design_1/ipshared/9438/hdl/proc_sys_reset_v5_0_rfs.vhd:126]
INFO: [Synth 8-256] done synthesizing module 'sequence_psr' (0#1) [c:/Vivado_WS/Vector_Mult_Project/Vector_Mult_Project.gen/sources_1/bd/Design_1/ipshared/9438/hdl/proc_sys_reset_v5_0_rfs.vhd:304]
INFO: [Synth 8-256] done synthesizing module 'proc_sys_reset' (0#1) [c:/Vivado_WS/Vector_Mult_Project/Vector_Mult_Project.gen/sources_1/bd/Design_1/ipshared/9438/hdl/proc_sys_reset_v5_0_rfs.vhd:1302]
INFO: [Synth 8-256] done synthesizing module 'Design_1_rst_ps7_0_50M_0' (0#1) [c:/Vivado_WS/Vector_Mult_Project/Vector_Mult_Project.gen/sources_1/bd/Design_1/ip/Design_1_rst_ps7_0_50M_0/synth/Design_1_rst_ps7_0_50M_0.vhd:74]
INFO: [Synth 8-7129] Port src_clk in module xpm_cdc_single is either unconnected or has no load
---------------------------------------------------------------------------------
Finished RTL Elaboration : Time (s): cpu = 00:00:11 ; elapsed = 00:00:15 . Memory (MB): peak = 1526.293 ; gain = 706.613
---------------------------------------------------------------------------------
---------------------------------------------------------------------------------
Start Handling Custom Attributes
---------------------------------------------------------------------------------
---------------------------------------------------------------------------------
Finished Handling Custom Attributes : Time (s): cpu = 00:00:11 ; elapsed = 00:00:15 . Memory (MB): peak = 1526.293 ; gain = 706.613
---------------------------------------------------------------------------------
---------------------------------------------------------------------------------
Finished RTL Optimization Phase 1 : Time (s): cpu = 00:00:11 ; elapsed = 00:00:15 . Memory (MB): peak = 1526.293 ; gain = 706.613
---------------------------------------------------------------------------------
Netlist sorting complete. Time (s): cpu = 00:00:00 ; elapsed = 00:00:00.003 . Memory (MB): peak = 1526.293 ; gain = 0.000
INFO: [Netlist 29-17] Analyzing 1 Unisim elements for replacement
INFO: [Netlist 29-28] Unisim Transformation completed in 0 CPU seconds
INFO: [Project 1-570] Preparing netlist for logic optimization

Processing XDC Constraints
Initializing timing engine
Parsing XDC File [c:/Vivado_WS/Vector_Mult_Project/Vector_Mult_Project.gen/sources_1/bd/Design_1/ip/Design_1_rst_ps7_0_50M_0/Design_1_rst_ps7_0_50M_0_ooc.xdc] for cell 'U0'
Finished Parsing XDC File [c:/Vivado_WS/Vector_Mult_Project/Vector_Mult_Project.gen/sources_1/bd/Design_1/ip/Design_1_rst_ps7_0_50M_0/Design_1_rst_ps7_0_50M_0_ooc.xdc] for cell 'U0'
Parsing XDC File [c:/Vivado_WS/Vector_Mult_Project/Vector_Mult_Project.gen/sources_1/bd/Design_1/ip/Design_1_rst_ps7_0_50M_0/Design_1_rst_ps7_0_50M_0_board.xdc] for cell 'U0'
Finished Parsing XDC File [c:/Vivado_WS/Vector_Mult_Project/Vector_Mult_Project.gen/sources_1/bd/Design_1/ip/Design_1_rst_ps7_0_50M_0/Design_1_rst_ps7_0_50M_0_board.xdc] for cell 'U0'
Parsing XDC File [C:/Vivado_WS/Vector_Mult_Project/Vector_Mult_Project.runs/Design_1_rst_ps7_0_50M_0_synth_1/dont_touch.xdc]
Finished Parsing XDC File [C:/Vivado_WS/Vector_Mult_Project/Vector_Mult_Project.runs/Design_1_rst_ps7_0_50M_0_synth_1/dont_touch.xdc]
INFO: [Project 1-236] Implementation specific constraints were found while reading constraint file [C:/AMDDesignTools/2026.1/Vivado/data/ip/xpm/xpm_cdc/tcl/xpm_cdc_single.tcl]. These constraints will be ignored for synthesis but will be used in implementation. Impacted constraints are listed in the file [.Xil/Design_1_rst_ps7_0_50M_0_propImpl.xdc].
Resolution: To avoid this warning, move constraints listed in [.Xil/Design_1_rst_ps7_0_50M_0_propImpl.xdc] to another XDC file and exclude this new file from synthesis with the used_in_synthesis property (File Properties dialog in GUI) and re-run elaboration/synthesis.
INFO: [Project 1-1714] 2 XPM XDC files have been applied to the design.
Completed Processing XDC Constraints

Netlist sorting complete. Time (s): cpu = 00:00:00 ; elapsed = 00:00:00 . Memory (MB): peak = 1586.379 ; gain = 0.000
INFO: [Project 1-111] Unisim Transformation Summary:
  A total of 1 instances were transformed.
  SRL16 => SRL16E: 1 instance 

Constraint Validation Runtime : Time (s): cpu = 00:00:00 ; elapsed = 00:00:00.086 . Memory (MB): peak = 1588.254 ; gain = 0.000
INFO: [Designutils 20-5008] Incremental synthesis strategy off
---------------------------------------------------------------------------------
Finished Constraint Validation : Time (s): cpu = 00:00:20 ; elapsed = 00:00:25 . Memory (MB): peak = 1588.254 ; gain = 768.574
---------------------------------------------------------------------------------
---------------------------------------------------------------------------------
Start Loading Part and Timing Information
---------------------------------------------------------------------------------
Loading part: xc7z020clg400-1
---------------------------------------------------------------------------------
Finished Loading Part and Timing Information : Time (s): cpu = 00:00:20 ; elapsed = 00:00:25 . Memory (MB): peak = 1588.254 ; gain = 768.574
---------------------------------------------------------------------------------
---------------------------------------------------------------------------------
Start Applying 'set_property' XDC Constraints
---------------------------------------------------------------------------------
---------------------------------------------------------------------------------
Finished applying 'set_property' XDC Constraints : Time (s): cpu = 00:00:20 ; elapsed = 00:00:25 . Memory (MB): peak = 1588.254 ; gain = 768.574
---------------------------------------------------------------------------------
---------------------------------------------------------------------------------
Finished RTL Optimization Phase 2 : Time (s): cpu = 00:00:21 ; elapsed = 00:00:26 . Memory (MB): peak = 1588.254 ; gain = 768.574
---------------------------------------------------------------------------------
---------------------------------------------------------------------------------
Start RTL Component Statistics 
---------------------------------------------------------------------------------
Detailed RTL Component Info : 
+---Adders : 
	   2 Input    6 Bit       Adders := 1     
+---Registers : 
	                6 Bit    Registers := 1     
	                4 Bit    Registers := 2     
	                3 Bit    Registers := 3     
	                1 Bit    Registers := 14    
+---Muxes : 
	   2 Input    6 Bit        Muxes := 1     
	   2 Input    1 Bit        Muxes := 1     
---------------------------------------------------------------------------------
Finished RTL Component Statistics 
---------------------------------------------------------------------------------
---------------------------------------------------------------------------------
Start Part Resource Summary
---------------------------------------------------------------------------------
Part Resources:
DSPs: 220 (col length:60)
BRAMs: 280 (col length: RAMB18 60 RAMB36 30)
---------------------------------------------------------------------------------
Finished Part Resource Summary
---------------------------------------------------------------------------------
---------------------------------------------------------------------------------
Start Cross Boundary and Area Optimization
---------------------------------------------------------------------------------
INFO: [Synth 8-7129] Port src_clk in module xpm_cdc_single is either unconnected or has no load
---------------------------------------------------------------------------------
Finished Cross Boundary and Area Optimization : Time (s): cpu = 00:00:23 ; elapsed = 00:00:28 . Memory (MB): peak = 1590.945 ; gain = 771.266
---------------------------------------------------------------------------------
---------------------------------------------------------------------------------
Start Applying XDC Timing Constraints
---------------------------------------------------------------------------------
---------------------------------------------------------------------------------
Finished Applying XDC Timing Constraints : Time (s): cpu = 00:00:30 ; elapsed = 00:00:35 . Memory (MB): peak = 1749.520 ; gain = 929.840
---------------------------------------------------------------------------------
---------------------------------------------------------------------------------
Start Timing Optimization
---------------------------------------------------------------------------------
---------------------------------------------------------------------------------
Finished Timing Optimization : Time (s): cpu = 00:00:30 ; elapsed = 00:00:35 . Memory (MB): peak = 1749.520 ; gain = 929.840
---------------------------------------------------------------------------------
---------------------------------------------------------------------------------
Start Technology Mapping
---------------------------------------------------------------------------------
---------------------------------------------------------------------------------
Finished Technology Mapping : Time (s): cpu = 00:00:30 ; elapsed = 00:00:35 . Memory (MB): peak = 1778.176 ; gain = 958.496
---------------------------------------------------------------------------------
---------------------------------------------------------------------------------
Start IO Insertion
---------------------------------------------------------------------------------
---------------------------------------------------------------------------------
Start Flattening Before IO Insertion
---------------------------------------------------------------------------------
---------------------------------------------------------------------------------
Finished Flattening Before IO Insertion
---------------------------------------------------------------------------------
---------------------------------------------------------------------------------
Start Final Netlist Cleanup
---------------------------------------------------------------------------------
---------------------------------------------------------------------------------
Finished Final Netlist Cleanup
---------------------------------------------------------------------------------
---------------------------------------------------------------------------------
Finished IO Insertion : Time (s): cpu = 00:00:35 ; elapsed = 00:00:41 . Memory (MB): peak = 2034.344 ; gain = 1214.664
---------------------------------------------------------------------------------
---------------------------------------------------------------------------------
Start Renaming Generated Instances
---------------------------------------------------------------------------------
---------------------------------------------------------------------------------
Finished Renaming Generated Instances : Time (s): cpu = 00:00:35 ; elapsed = 00:00:41 . Memory (MB): peak = 2034.344 ; gain = 1214.664
---------------------------------------------------------------------------------
---------------------------------------------------------------------------------
Start Rebuilding User Hierarchy
---------------------------------------------------------------------------------
---------------------------------------------------------------------------------
Finished Rebuilding User Hierarchy : Time (s): cpu = 00:00:35 ; elapsed = 00:00:41 . Memory (MB): peak = 2034.344 ; gain = 1214.664
---------------------------------------------------------------------------------
---------------------------------------------------------------------------------
Start Renaming Generated Ports
---------------------------------------------------------------------------------
---------------------------------------------------------------------------------
Finished Renaming Generated Ports : Time (s): cpu = 00:00:35 ; elapsed = 00:00:41 . Memory (MB): peak = 2034.344 ; gain = 1214.664
---------------------------------------------------------------------------------
---------------------------------------------------------------------------------
Start Handling Custom Attributes
---------------------------------------------------------------------------------
---------------------------------------------------------------------------------
Finished Handling Custom Attributes : Time (s): cpu = 00:00:35 ; elapsed = 00:00:41 . Memory (MB): peak = 2034.344 ; gain = 1214.664
---------------------------------------------------------------------------------
---------------------------------------------------------------------------------
Start Renaming Generated Nets
---------------------------------------------------------------------------------
---------------------------------------------------------------------------------
Finished Renaming Generated Nets : Time (s): cpu = 00:00:35 ; elapsed = 00:00:41 . Memory (MB): peak = 2034.344 ; gain = 1214.664
---------------------------------------------------------------------------------
---------------------------------------------------------------------------------
Start Writing Synthesis Report
---------------------------------------------------------------------------------

Report BlackBoxes: 
+-+--------------+----------+
| |BlackBox name |Instances |
+-+--------------+----------+
+-+--------------+----------+

Report Cell Usage: 
+------+------+------+
|      |Cell  |Count |
+------+------+------+
|1     |LUT1  |     5|
|2     |LUT2  |     9|
|3     |LUT3  |     1|
|4     |LUT4  |     6|
|5     |LUT5  |     3|
|6     |LUT6  |     1|
|7     |SRL16 |     1|
|8     |FDRE  |    36|
|9     |FDSE  |     4|
+------+------+------+
---------------------------------------------------------------------------------
Finished Writing Synthesis Report : Time (s): cpu = 00:00:35 ; elapsed = 00:00:41 . Memory (MB): peak = 2034.344 ; gain = 1214.664
---------------------------------------------------------------------------------
Synthesis finished with 0 errors, 0 critical warnings and 0 warnings.
Synthesis Optimization Runtime : Time (s): cpu = 00:00:22 ; elapsed = 00:00:38 . Memory (MB): peak = 2034.344 ; gain = 1152.703
Synthesis Optimization Complete : Time (s): cpu = 00:00:35 ; elapsed = 00:00:41 . Memory (MB): peak = 2034.344 ; gain = 1214.664
INFO: [Project 1-571] Translating synthesized netlist
Netlist sorting complete. Time (s): cpu = 00:00:00 ; elapsed = 00:00:00.001 . Memory (MB): peak = 2034.344 ; gain = 0.000
INFO: [Netlist 29-17] Analyzing 1 Unisim elements for replacement
INFO: [Netlist 29-28] Unisim Transformation completed in 0 CPU seconds
INFO: [Project 1-570] Preparing netlist for logic optimization
INFO: [Opt 31-138] Pushed 0 inverter(s) to 0 load pin(s).
Netlist sorting complete. Time (s): cpu = 00:00:00 ; elapsed = 00:00:00 . Memory (MB): peak = 2047.152 ; gain = 0.000
INFO: [Project 1-111] Unisim Transformation Summary:
  A total of 1 instances were transformed.
  SRL16 => SRL16E: 1 instance 

Synth Design complete | Checksum: be49f8e5
INFO: [Common 17-83] Releasing license: Vivado_Synthesis
48 Infos, 0 Warnings, 0 Critical Warnings and 0 Errors encountered.
synth_design completed successfully
synth_design: Time (s): cpu = 00:00:41 ; elapsed = 00:00:50 . Memory (MB): peak = 2047.184 ; gain = 1445.844
Write ShapeDB Complete: Time (s): cpu = 00:00:00 ; elapsed = 00:00:00.007 . Memory (MB): peak = 2047.184 ; gain = 0.000
INFO: [Common 17-1381] The checkpoint 'C:/Vivado_WS/Vector_Mult_Project/Vector_Mult_Project.runs/Design_1_rst_ps7_0_50M_0_synth_1/Design_1_rst_ps7_0_50M_0.dcp' has been generated.
INFO: [Ipptcl 7-1612] Added synthesis output to IP cache for IP Design_1_rst_ps7_0_50M_0, cache-ID = 4a14f121461c4311
INFO: [Coretcl 2-1174] Renamed 6 cell refs.
Write ShapeDB Complete: Time (s): cpu = 00:00:00 ; elapsed = 00:00:00.001 . Memory (MB): peak = 2047.184 ; gain = 0.000
INFO: [Common 17-1381] The checkpoint 'C:/Vivado_WS/Vector_Mult_Project/Vector_Mult_Project.runs/Design_1_rst_ps7_0_50M_0_synth_1/Design_1_rst_ps7_0_50M_0.dcp' has been generated.
INFO: [Vivado 12-24828] Executing command : report_utilization -file Design_1_rst_ps7_0_50M_0_utilization_synth.rpt -pb Design_1_rst_ps7_0_50M_0_utilization_synth.pb
INFO: [Common 17-206] Exiting Vivado at Mon Sep  7 22:38:54 2026...
