

================================================================
== Vitis HLS Report for 'sobel_filter_Pipeline_1'
================================================================
* Date:           Wed Sep  9 01:53:16 2026

* Version:        2026.1 (Build 6493734 on Jun 16 2026)
* Project:        Sobel_IP
* Solution:       hls
* Product family: zynq
* Target device:  xc7z020-clg400-1


================================================================
== Performance Estimates
================================================================
+ Timing: 
    * Summary: 
    +--------+----------+----------+------------+
    |  Clock |  Target  | Estimated| Uncertainty|
    +--------+----------+----------+------------+
    |ap_clk  |  10.00 ns|  5.560 ns|     2.70 ns|
    +--------+----------+----------+------------+

+ Latency: 
    * Summary: 
    +---------+---------+-----------+-----------+-----+-----+-------------------+
    |  Latency (cycles) |   Latency (absolute)  |  Interval |      Pipeline     |
    |   min   |   max   |    min    |    max    | min | max |        Type       |
    +---------+---------+-----------+-----------+-----+-----+-------------------+
    |        4|        4|  40.000 ns|  40.000 ns|    0|    0|  loop pipeline stp|
    +---------+---------+-----------+-----------+-----+-----+-------------------+

    + Detail: 
        * Instance: 
        N/A

        * Loop: 
        +----------+---------+---------+----------+-----------+-----------+------+----------+
        |          |  Latency (cycles) | Iteration|  Initiation Interval  | Trip |          |
        | Loop Name|   min   |   max   |  Latency |  achieved |   target  | Count| Pipelined|
        +----------+---------+---------+----------+-----------+-----------+------+----------+
        |- Loop 1  |        2|        2|         1|          1|        N/A|     3|       yes|
        +----------+---------+---------+----------+-----------+-----------+------+----------+



================================================================
== Utilization Estimates
================================================================
* Summary: 
+-----------------+---------+-----+--------+-------+-----+
|       Name      | BRAM_18K| DSP |   FF   |  LUT  | URAM|
+-----------------+---------+-----+--------+-------+-----+
|DSP              |        -|    -|       -|      -|    -|
|Expression       |        -|    -|       0|     34|    -|
|FIFO             |        -|    -|       -|      -|    -|
|Instance         |        -|    -|       -|      -|    -|
|Memory           |        -|    -|       -|      -|    -|
|Multiplexer      |        -|    -|       0|     27|    -|
|Register         |        -|    -|       4|      -|    -|
+-----------------+---------+-----+--------+-------+-----+
|Total            |        0|    0|       4|     61|    0|
+-----------------+---------+-----+--------+-------+-----+
|Available        |      280|  220|  106400|  53200|    0|
+-----------------+---------+-----+--------+-------+-----+
|Utilization (%)  |        0|    0|      ~0|     ~0|    0|
+-----------------+---------+-----+--------+-------+-----+

+ Detail: 
    * Instance: 
    N/A

    * DSP: 
    N/A

    * Memory: 
    N/A

    * FIFO: 
    N/A

    * Expression: 
    +----------------------+----------+----+---+----+------------+------------+
    |     Variable Name    | Operation| DSP| FF| LUT| Bitwidth P0| Bitwidth P1|
    +----------------------+----------+----+---+----+------------+------------+
    |add_ln17_1_fu_156_p2  |         +|   0|  0|  13|           4|           4|
    |add_ln17_fu_172_p2    |         +|   0|  0|  10|           2|           1|
    |icmp_ln17_fu_178_p2   |      icmp|   0|  0|  11|           2|           3|
    +----------------------+----------+----+---+----+------------+------------+
    |Total                 |          |   0|  0|  34|           8|           8|
    +----------------------+----------+----+---+----+------------+------------+

    * Multiplexer: 
    +----------------------------------+----+-----------+-----+-----------+
    |               Name               | LUT| Input Size| Bits| Total Bits|
    +----------------------------------+----+-----------+-----+-----------+
    |ap_done_int                       |   9|          2|    1|          2|
    |ap_sig_allocacmp_indvars_iv_load  |   9|          2|    2|          4|
    |indvars_iv_fu_46                  |   9|          2|    2|          4|
    +----------------------------------+----+-----------+-----+-----------+
    |Total                             |  27|          6|    5|         10|
    +----------------------------------+----+-----------+-----+-----------+

    * Register: 
    +------------------+---+----+-----+-----------+
    |       Name       | FF| LUT| Bits| Const Bits|
    +------------------+---+----+-----+-----------+
    |ap_CS_fsm         |  1|   0|    1|          0|
    |ap_done_reg       |  1|   0|    1|          0|
    |indvars_iv_fu_46  |  2|   0|    2|          0|
    +------------------+---+----+-----+-----------+
    |Total             |  4|   0|    4|          0|
    +------------------+---+----+-----+-----------+



================================================================
== Interface
================================================================
* Summary: 
+----------------------+-----+-----+------------+-------------------------+--------------+
|       RTL Ports      | Dir | Bits|  Protocol  |      Source Object      |    C Type    |
+----------------------+-----+-----+------------+-------------------------+--------------+
|ap_clk                |   in|    1|  ap_ctrl_hs|  sobel_filter_Pipeline_1|  return value|
|ap_rst                |   in|    1|  ap_ctrl_hs|  sobel_filter_Pipeline_1|  return value|
|ap_start              |   in|    1|  ap_ctrl_hs|  sobel_filter_Pipeline_1|  return value|
|ap_done               |  out|    1|  ap_ctrl_hs|  sobel_filter_Pipeline_1|  return value|
|ap_idle               |  out|    1|  ap_ctrl_hs|  sobel_filter_Pipeline_1|  return value|
|ap_ready              |  out|    1|  ap_ctrl_hs|  sobel_filter_Pipeline_1|  return value|
|mul_ln17              |   in|    3|     ap_none|                 mul_ln17|        scalar|
|window_keep_address0  |  out|    4|   ap_memory|              window_keep|         array|
|window_keep_ce0       |  out|    1|   ap_memory|              window_keep|         array|
|window_keep_we0       |  out|    1|   ap_memory|              window_keep|         array|
|window_keep_d0        |  out|    4|   ap_memory|              window_keep|         array|
|window_strb_address0  |  out|    4|   ap_memory|              window_strb|         array|
|window_strb_ce0       |  out|    1|   ap_memory|              window_strb|         array|
|window_strb_we0       |  out|    1|   ap_memory|              window_strb|         array|
|window_strb_d0        |  out|    4|   ap_memory|              window_strb|         array|
|window_user_address0  |  out|    4|   ap_memory|              window_user|         array|
|window_user_ce0       |  out|    1|   ap_memory|              window_user|         array|
|window_user_we0       |  out|    1|   ap_memory|              window_user|         array|
|window_user_d0        |  out|    2|   ap_memory|              window_user|         array|
|window_last_address0  |  out|    4|   ap_memory|              window_last|         array|
|window_last_ce0       |  out|    1|   ap_memory|              window_last|         array|
|window_last_we0       |  out|    1|   ap_memory|              window_last|         array|
|window_last_d0        |  out|    1|   ap_memory|              window_last|         array|
|window_id_address0    |  out|    4|   ap_memory|                window_id|         array|
|window_id_ce0         |  out|    1|   ap_memory|                window_id|         array|
|window_id_we0         |  out|    1|   ap_memory|                window_id|         array|
|window_id_d0          |  out|    5|   ap_memory|                window_id|         array|
|window_dest_address0  |  out|    4|   ap_memory|              window_dest|         array|
|window_dest_ce0       |  out|    1|   ap_memory|              window_dest|         array|
|window_dest_we0       |  out|    1|   ap_memory|              window_dest|         array|
|window_dest_d0        |  out|    6|   ap_memory|              window_dest|         array|
+----------------------+-----+-----+------------+-------------------------+--------------+

============================================================
+ Verbose Summary: Synthesis Manager
============================================================
InlineROM: 1
ExposeGlobal: 0
============================================================
+ Verbose Summary: CDFG Model
============================================================
IsTopModel: 0
ResetActiveHigh: 1
IsCombinational: 2
IsDatapathOnly: 2
HasWiredReturn: 1
HasMFsm: 2
HasVarLatency: 1
IsPipeline: 0
IsRtlPipelined: 0
IsInstanceOverlapped: 0
IsDontTouch: 0
HasImplIP: 0
IsGatedGlobalClock: 0

+ Individual pipeline summary: 
  * Pipeline-0: initiation interval (II) = 1, depth = 1


============================================================
+ Verbose Summary: Schedule
============================================================
* Number of FSM states : 1
* Pipeline : 1
  Pipeline-0 : II = 1, D = 1, States = { 1 }
* Dataflow Pipeline: 0

* FSM state transitions: 
1 --> 

* FSM state operations: 

State 1 <SV = 0> <Delay = 5.56>
ST_1 : Operation 4 [1/1] (0.00ns)   --->   "%indvars_iv = alloca i32 1"   --->   Operation 4 'alloca' 'indvars_iv' <Predicate = true> <Delay = 0.00>
ST_1 : Operation 5 [1/1] (0.00ns)   --->   "%mul_ln17_read = read i3 @_ssdm_op_Read.ap_auto.i3, i3 %mul_ln17"   --->   Operation 5 'read' 'mul_ln17_read' <Predicate = true> <Delay = 0.00>
ST_1 : Operation 6 [1/1] (0.00ns)   --->   "%mul_ln17_cast = zext i3 %mul_ln17_read"   --->   Operation 6 'zext' 'mul_ln17_cast' <Predicate = true> <Delay = 0.00>
ST_1 : Operation 7 [1/1] (1.58ns)   --->   "%store_ln0 = store i2 0, i2 %indvars_iv"   --->   Operation 7 'store' 'store_ln0' <Predicate = true> <Delay = 1.58>
ST_1 : Operation 8 [1/1] (0.00ns)   --->   "%br_ln0 = br void %arrayctor.loop5"   --->   Operation 8 'br' 'br_ln0' <Predicate = true> <Delay = 0.00>
ST_1 : Operation 9 [1/1] (0.00ns)   --->   "%indvars_iv_load = load i2 %indvars_iv" [Sobel.cpp:17]   --->   Operation 9 'load' 'indvars_iv_load' <Predicate = true> <Delay = 0.00>
ST_1 : Operation 10 [1/1] (0.00ns)   --->   "%zext_ln17 = zext i2 %indvars_iv_load" [Sobel.cpp:17]   --->   Operation 10 'zext' 'zext_ln17' <Predicate = true> <Delay = 0.00>
ST_1 : Operation 11 [1/1] (1.65ns)   --->   "%add_ln17_1 = add i4 %mul_ln17_cast, i4 %zext_ln17" [Sobel.cpp:17]   --->   Operation 11 'add' 'add_ln17_1' <Predicate = true> <Delay = 1.65> <CoreInst = "Adder">   --->   Core 1 'Adder' <Latency = 0> <II = 1> <Delay = 1.73> <FuncUnit> <Opcode : 'add' 'sub'> <InPorts = 2> <OutPorts = 1>
ST_1 : Operation 12 [1/1] (0.00ns)   --->   "%zext_ln17_1 = zext i4 %add_ln17_1" [Sobel.cpp:17]   --->   Operation 12 'zext' 'zext_ln17_1' <Predicate = true> <Delay = 0.00>
ST_1 : Operation 13 [1/1] (0.00ns)   --->   "%this_keep = getelementptr i4 %window_keep, i64 0, i64 %zext_ln17_1" [Sobel.cpp:17]   --->   Operation 13 'getelementptr' 'this_keep' <Predicate = true> <Delay = 0.00>
ST_1 : Operation 14 [1/1] (0.00ns)   --->   "%this_strb = getelementptr i4 %window_strb, i64 0, i64 %zext_ln17_1" [Sobel.cpp:17]   --->   Operation 14 'getelementptr' 'this_strb' <Predicate = true> <Delay = 0.00>
ST_1 : Operation 15 [1/1] (0.00ns)   --->   "%this_user = getelementptr i2 %window_user, i64 0, i64 %zext_ln17_1" [Sobel.cpp:17]   --->   Operation 15 'getelementptr' 'this_user' <Predicate = true> <Delay = 0.00>
ST_1 : Operation 16 [1/1] (0.00ns)   --->   "%this_last = getelementptr i1 %window_last, i64 0, i64 %zext_ln17_1" [Sobel.cpp:17]   --->   Operation 16 'getelementptr' 'this_last' <Predicate = true> <Delay = 0.00>
ST_1 : Operation 17 [1/1] (0.00ns)   --->   "%this_id = getelementptr i5 %window_id, i64 0, i64 %zext_ln17_1" [Sobel.cpp:17]   --->   Operation 17 'getelementptr' 'this_id' <Predicate = true> <Delay = 0.00>
ST_1 : Operation 18 [1/1] (0.00ns)   --->   "%this_dest = getelementptr i6 %window_dest, i64 0, i64 %zext_ln17_1" [Sobel.cpp:17]   --->   Operation 18 'getelementptr' 'this_dest' <Predicate = true> <Delay = 0.00>
ST_1 : Operation 19 [1/1] (0.00ns)   --->   "%specpipeline_ln17 = specpipeline void @_ssdm_op_SpecPipeline, i32 4294967295, i32 0, i32 0, i32 0, i32 4294967295, void @empty_1" [Sobel.cpp:17]   --->   Operation 19 'specpipeline' 'specpipeline_ln17' <Predicate = true> <Delay = 0.00>
ST_1 : Operation 20 [1/1] (0.00ns)   --->   "%speclooptripcount_ln17 = speclooptripcount void @_ssdm_op_SpecLoopTripCount, i64 3, i64 3, i64 3" [Sobel.cpp:17]   --->   Operation 20 'speclooptripcount' 'speclooptripcount_ln17' <Predicate = true> <Delay = 0.00>
ST_1 : Operation 21 [1/1] (1.56ns)   --->   "%add_ln17 = add i2 %indvars_iv_load, i2 1" [Sobel.cpp:17]   --->   Operation 21 'add' 'add_ln17' <Predicate = true> <Delay = 1.56> <CoreInst = "Adder">   --->   Core 1 'Adder' <Latency = 0> <II = 1> <Delay = 1.56> <FuncUnit> <Opcode : 'add' 'sub'> <InPorts = 2> <OutPorts = 1>
ST_1 : Operation 22 [1/1] ( I:2.32ns O:2.32ns )   --->   "%store_ln17 = store i4 15, i4 %this_keep" [Sobel.cpp:17]   --->   Operation 22 'store' 'store_ln17' <Predicate = true> <Delay = 2.32> <CoreInst = "RAM">   --->   Core 81 'RAM' <Latency = 1> <II = 1> <Delay = 2.32> <Storage> <Opcode : 'load' 'store'> <Ports = 2> <Width = 4> <Depth = 9> <RAM>
ST_1 : Operation 23 [1/1] ( I:2.32ns O:2.32ns )   --->   "%store_ln17 = store i4 15, i4 %this_strb" [Sobel.cpp:17]   --->   Operation 23 'store' 'store_ln17' <Predicate = true> <Delay = 2.32> <CoreInst = "RAM">   --->   Core 81 'RAM' <Latency = 1> <II = 1> <Delay = 2.32> <Storage> <Opcode : 'load' 'store'> <Ports = 2> <Width = 4> <Depth = 9> <RAM>
ST_1 : Operation 24 [1/1] ( I:2.32ns O:2.32ns )   --->   "%store_ln17 = store i2 0, i4 %this_user" [Sobel.cpp:17]   --->   Operation 24 'store' 'store_ln17' <Predicate = true> <Delay = 2.32> <CoreInst = "RAM">   --->   Core 81 'RAM' <Latency = 1> <II = 1> <Delay = 2.32> <Storage> <Opcode : 'load' 'store'> <Ports = 2> <Width = 2> <Depth = 9> <RAM>
ST_1 : Operation 25 [1/1] ( I:2.32ns O:2.32ns )   --->   "%store_ln17 = store i1 0, i4 %this_last" [Sobel.cpp:17]   --->   Operation 25 'store' 'store_ln17' <Predicate = true> <Delay = 2.32> <CoreInst = "RAM">   --->   Core 81 'RAM' <Latency = 1> <II = 1> <Delay = 2.32> <Storage> <Opcode : 'load' 'store'> <Ports = 2> <Width = 1> <Depth = 9> <RAM>
ST_1 : Operation 26 [1/1] ( I:2.32ns O:2.32ns )   --->   "%store_ln17 = store i5 0, i4 %this_id" [Sobel.cpp:17]   --->   Operation 26 'store' 'store_ln17' <Predicate = true> <Delay = 2.32> <CoreInst = "RAM">   --->   Core 81 'RAM' <Latency = 1> <II = 1> <Delay = 2.32> <Storage> <Opcode : 'load' 'store'> <Ports = 2> <Width = 5> <Depth = 9> <RAM>
ST_1 : Operation 27 [1/1] ( I:2.32ns O:2.32ns )   --->   "%store_ln17 = store i6 0, i4 %this_dest" [Sobel.cpp:17]   --->   Operation 27 'store' 'store_ln17' <Predicate = true> <Delay = 2.32> <CoreInst = "RAM">   --->   Core 81 'RAM' <Latency = 1> <II = 1> <Delay = 2.32> <Storage> <Opcode : 'load' 'store'> <Ports = 2> <Width = 6> <Depth = 9> <RAM>
ST_1 : Operation 28 [1/1] (1.56ns)   --->   "%icmp_ln17 = icmp_eq  i2 %indvars_iv_load, i2 2" [Sobel.cpp:17]   --->   Operation 28 'icmp' 'icmp_ln17' <Predicate = true> <Delay = 1.56> <CoreInst = "Cmp">   --->   Core 9 'Cmp' <Latency = 0> <II = 1> <Delay = 1.65> <FuncUnit> <Opcode : 'seteq' 'setne' 'setle' 'setge' 'setlt' 'setgt'> <InPorts = 2> <OutPorts = 1>
ST_1 : Operation 29 [1/1] (1.58ns)   --->   "%store_ln17 = store i2 %add_ln17, i2 %indvars_iv" [Sobel.cpp:17]   --->   Operation 29 'store' 'store_ln17' <Predicate = true> <Delay = 1.58>
ST_1 : Operation 30 [1/1] (0.00ns)   --->   "%br_ln17 = br i1 %icmp_ln17, void %arrayctor.loop5, void %arrayctor.loop3.exitStub" [Sobel.cpp:17]   --->   Operation 30 'br' 'br_ln17' <Predicate = true> <Delay = 0.00>
ST_1 : Operation 31 [1/1] (1.58ns)   --->   "%ret_ln0 = ret"   --->   Operation 31 'ret' 'ret_ln0' <Predicate = (icmp_ln17)> <Delay = 1.58>


============================================================
+ Verbose Summary: Binding
============================================================
STG Binding: 
---------------- STG Properties BEGIN ----------------
- Is combinational: 0
- Is one-state seq: 0
- Is datapath-only: 0
- Is pipelined: 0
- Is top level: 0
Port [ Return ] is wired: 1; IO mode=ap_ctrl_hs:ce=0
Port [ mul_ln17]:  wired=1; compound=0; hidden=0; nouse=0; global=0; static=0; extern=0; dir=0; type=0; pingpong=0; private_global=0; IO mode=ap_none:ce=0
Port [ window_keep]:  wired=1; compound=1; hidden=0; nouse=0; global=0; static=0; extern=0; dir=1; type=1; pingpong=0; private_global=0; MemPort=[03]; IO mode=ap_memory:ce=0
Port [ window_strb]:  wired=1; compound=1; hidden=0; nouse=0; global=0; static=0; extern=0; dir=1; type=1; pingpong=0; private_global=0; MemPort=[03]; IO mode=ap_memory:ce=0
Port [ window_user]:  wired=1; compound=1; hidden=0; nouse=0; global=0; static=0; extern=0; dir=1; type=1; pingpong=0; private_global=0; MemPort=[03]; IO mode=ap_memory:ce=0
Port [ window_last]:  wired=1; compound=1; hidden=0; nouse=0; global=0; static=0; extern=0; dir=1; type=1; pingpong=0; private_global=0; MemPort=[03]; IO mode=ap_memory:ce=0
Port [ window_id]:  wired=1; compound=1; hidden=0; nouse=0; global=0; static=0; extern=0; dir=1; type=1; pingpong=0; private_global=0; MemPort=[03]; IO mode=ap_memory:ce=0
Port [ window_dest]:  wired=1; compound=1; hidden=0; nouse=0; global=0; static=0; extern=0; dir=1; type=1; pingpong=0; private_global=0; MemPort=[03]; IO mode=ap_memory:ce=0
---------------- STG Properties END ------------------

---------------- Datapath Model BEGIN ----------------

<LifeTime>
<method=bitvector/>
indvars_iv             (alloca           ) [ 01]
mul_ln17_read          (read             ) [ 00]
mul_ln17_cast          (zext             ) [ 00]
store_ln0              (store            ) [ 00]
br_ln0                 (br               ) [ 00]
indvars_iv_load        (load             ) [ 00]
zext_ln17              (zext             ) [ 00]
add_ln17_1             (add              ) [ 00]
zext_ln17_1            (zext             ) [ 00]
this_keep              (getelementptr    ) [ 00]
this_strb              (getelementptr    ) [ 00]
this_user              (getelementptr    ) [ 00]
this_last              (getelementptr    ) [ 00]
this_id                (getelementptr    ) [ 00]
this_dest              (getelementptr    ) [ 00]
specpipeline_ln17      (specpipeline     ) [ 00]
speclooptripcount_ln17 (speclooptripcount) [ 00]
add_ln17               (add              ) [ 00]
store_ln17             (store            ) [ 00]
store_ln17             (store            ) [ 00]
store_ln17             (store            ) [ 00]
store_ln17             (store            ) [ 00]
store_ln17             (store            ) [ 00]
store_ln17             (store            ) [ 00]
icmp_ln17              (icmp             ) [ 01]
store_ln17             (store            ) [ 00]
br_ln17                (br               ) [ 00]
ret_ln0                (ret              ) [ 00]
</LifeTime>

<model>

<comp_list>
<comp id="0" class="1000" name="mul_ln17">
<pin_list>
<pin id="1" dir="1" index="0" bw="1" slack="0"/>
</pin_list>
<bind>
<StgValue><ssdm name="mul_ln17"/></StgValue>
</bind>
</comp>

<comp id="2" class="1000" name="window_keep">
<pin_list>
<pin id="3" dir="1" index="0" bw="1" slack="0"/>
</pin_list>
<bind>
<StgValue><ssdm name="window_keep"/><MemPortTyVec>0 3 </MemPortTyVec>
</StgValue>
</bind>
</comp>

<comp id="4" class="1000" name="window_strb">
<pin_list>
<pin id="5" dir="1" index="0" bw="1" slack="0"/>
</pin_list>
<bind>
<StgValue><ssdm name="window_strb"/><MemPortTyVec>0 3 </MemPortTyVec>
</StgValue>
</bind>
</comp>

<comp id="6" class="1000" name="window_user">
<pin_list>
<pin id="7" dir="1" index="0" bw="1" slack="0"/>
</pin_list>
<bind>
<StgValue><ssdm name="window_user"/><MemPortTyVec>0 3 </MemPortTyVec>
</StgValue>
</bind>
</comp>

<comp id="8" class="1000" name="window_last">
<pin_list>
<pin id="9" dir="1" index="0" bw="1" slack="0"/>
</pin_list>
<bind>
<StgValue><ssdm name="window_last"/><MemPortTyVec>0 3 </MemPortTyVec>
</StgValue>
</bind>
</comp>

<comp id="10" class="1000" name="window_id">
<pin_list>
<pin id="11" dir="1" index="0" bw="1" slack="0"/>
</pin_list>
<bind>
<StgValue><ssdm name="window_id"/><MemPortTyVec>0 3 </MemPortTyVec>
</StgValue>
</bind>
</comp>

<comp id="12" class="1000" name="window_dest">
<pin_list>
<pin id="13" dir="1" index="0" bw="1" slack="0"/>
</pin_list>
<bind>
<StgValue><ssdm name="window_dest"/><MemPortTyVec>0 3 </MemPortTyVec>
</StgValue>
</bind>
</comp>

<comp id="14" class="1001" name="const_14">
<pin_list>
<pin id="15" dir="1" index="0" bw="1" slack="0"/>
</pin_list>
<bind>
<StgValue><ssdm name=""/></StgValue>
</bind>
</comp>

<comp id="16" class="1001" name="const_16">
<pin_list>
<pin id="17" dir="1" index="0" bw="1" slack="0"/>
</pin_list>
<bind>
<StgValue><ssdm name="_ssdm_op_Read.ap_auto.i3"/></StgValue>
</bind>
</comp>

<comp id="18" class="1001" name="const_18">
<pin_list>
<pin id="19" dir="1" index="0" bw="1" slack="0"/>
</pin_list>
<bind>
<StgValue><ssdm name=""/></StgValue>
</bind>
</comp>

<comp id="20" class="1001" name="const_20">
<pin_list>
<pin id="21" dir="1" index="0" bw="1" slack="0"/>
</pin_list>
<bind>
<StgValue><ssdm name=""/></StgValue>
</bind>
</comp>

<comp id="22" class="1001" name="const_22">
<pin_list>
<pin id="23" dir="1" index="0" bw="1" slack="2147483647"/>
</pin_list>
<bind>
<StgValue><ssdm name="_ssdm_op_SpecPipeline"/></StgValue>
</bind>
</comp>

<comp id="24" class="1001" name="const_24">
<pin_list>
<pin id="25" dir="1" index="0" bw="1" slack="2147483647"/>
</pin_list>
<bind>
<StgValue><ssdm name=""/></StgValue>
</bind>
</comp>

<comp id="26" class="1001" name="const_26">
<pin_list>
<pin id="27" dir="1" index="0" bw="1" slack="2147483647"/>
</pin_list>
<bind>
<StgValue><ssdm name=""/></StgValue>
</bind>
</comp>

<comp id="28" class="1001" name="const_28">
<pin_list>
<pin id="29" dir="1" index="0" bw="1" slack="2147483647"/>
</pin_list>
<bind>
<StgValue><ssdm name="empty_1"/></StgValue>
</bind>
</comp>

<comp id="30" class="1001" name="const_30">
<pin_list>
<pin id="31" dir="1" index="0" bw="1" slack="2147483647"/>
</pin_list>
<bind>
<StgValue><ssdm name="_ssdm_op_SpecLoopTripCount"/></StgValue>
</bind>
</comp>

<comp id="32" class="1001" name="const_32">
<pin_list>
<pin id="33" dir="1" index="0" bw="1" slack="2147483647"/>
</pin_list>
<bind>
<StgValue><ssdm name=""/></StgValue>
</bind>
</comp>

<comp id="34" class="1001" name="const_34">
<pin_list>
<pin id="35" dir="1" index="0" bw="1" slack="0"/>
</pin_list>
<bind>
<StgValue><ssdm name=""/></StgValue>
</bind>
</comp>

<comp id="36" class="1001" name="const_36">
<pin_list>
<pin id="37" dir="1" index="0" bw="1" slack="0"/>
</pin_list>
<bind>
<StgValue><ssdm name=""/></StgValue>
</bind>
</comp>

<comp id="38" class="1001" name="const_38">
<pin_list>
<pin id="39" dir="1" index="0" bw="1" slack="0"/>
</pin_list>
<bind>
<StgValue><ssdm name=""/></StgValue>
</bind>
</comp>

<comp id="40" class="1001" name="const_40">
<pin_list>
<pin id="41" dir="1" index="0" bw="1" slack="0"/>
</pin_list>
<bind>
<StgValue><ssdm name=""/></StgValue>
</bind>
</comp>

<comp id="42" class="1001" name="const_42">
<pin_list>
<pin id="43" dir="1" index="0" bw="1" slack="0"/>
</pin_list>
<bind>
<StgValue><ssdm name=""/></StgValue>
</bind>
</comp>

<comp id="44" class="1001" name="const_44">
<pin_list>
<pin id="45" dir="1" index="0" bw="1" slack="0"/>
</pin_list>
<bind>
<StgValue><ssdm name=""/></StgValue>
</bind>
</comp>

<comp id="46" class="1004" name="indvars_iv_fu_46">
<pin_list>
<pin id="47" dir="0" index="0" bw="1" slack="0"/>
<pin id="48" dir="1" index="1" bw="2" slack="0"/>
</pin_list>
<bind>
<opcode="alloca(26) " fcode="alloca"/>
<opset="indvars_iv/1 "/>
</bind>
</comp>

<comp id="50" class="1004" name="mul_ln17_read_read_fu_50">
<pin_list>
<pin id="51" dir="0" index="0" bw="3" slack="0"/>
<pin id="52" dir="0" index="1" bw="3" slack="0"/>
<pin id="53" dir="1" index="2" bw="3" slack="0"/>
</pin_list>
<bind>
<opcode="read(1150) " fcode="read"/>
<opset="mul_ln17_read/1 "/>
</bind>
</comp>

<comp id="56" class="1004" name="this_keep_gep_fu_56">
<pin_list>
<pin id="57" dir="0" index="0" bw="4" slack="0"/>
<pin id="58" dir="0" index="1" bw="1" slack="0"/>
<pin id="59" dir="0" index="2" bw="4" slack="0"/>
<pin id="60" dir="1" index="3" bw="4" slack="0"/>
</pin_list>
<bind>
<opcode="getelementptr(29) " fcode="getelementptr"/>
<opset="this_keep/1 "/>
</bind>
</comp>

<comp id="63" class="1004" name="this_strb_gep_fu_63">
<pin_list>
<pin id="64" dir="0" index="0" bw="4" slack="0"/>
<pin id="65" dir="0" index="1" bw="1" slack="0"/>
<pin id="66" dir="0" index="2" bw="4" slack="0"/>
<pin id="67" dir="1" index="3" bw="4" slack="0"/>
</pin_list>
<bind>
<opcode="getelementptr(29) " fcode="getelementptr"/>
<opset="this_strb/1 "/>
</bind>
</comp>

<comp id="70" class="1004" name="this_user_gep_fu_70">
<pin_list>
<pin id="71" dir="0" index="0" bw="2" slack="0"/>
<pin id="72" dir="0" index="1" bw="1" slack="0"/>
<pin id="73" dir="0" index="2" bw="4" slack="0"/>
<pin id="74" dir="1" index="3" bw="4" slack="0"/>
</pin_list>
<bind>
<opcode="getelementptr(29) " fcode="getelementptr"/>
<opset="this_user/1 "/>
</bind>
</comp>

<comp id="77" class="1004" name="this_last_gep_fu_77">
<pin_list>
<pin id="78" dir="0" index="0" bw="1" slack="0"/>
<pin id="79" dir="0" index="1" bw="1" slack="0"/>
<pin id="80" dir="0" index="2" bw="4" slack="0"/>
<pin id="81" dir="1" index="3" bw="4" slack="0"/>
</pin_list>
<bind>
<opcode="getelementptr(29) " fcode="getelementptr"/>
<opset="this_last/1 "/>
</bind>
</comp>

<comp id="84" class="1004" name="this_id_gep_fu_84">
<pin_list>
<pin id="85" dir="0" index="0" bw="5" slack="0"/>
<pin id="86" dir="0" index="1" bw="1" slack="0"/>
<pin id="87" dir="0" index="2" bw="4" slack="0"/>
<pin id="88" dir="1" index="3" bw="4" slack="0"/>
</pin_list>
<bind>
<opcode="getelementptr(29) " fcode="getelementptr"/>
<opset="this_id/1 "/>
</bind>
</comp>

<comp id="91" class="1004" name="this_dest_gep_fu_91">
<pin_list>
<pin id="92" dir="0" index="0" bw="6" slack="0"/>
<pin id="93" dir="0" index="1" bw="1" slack="0"/>
<pin id="94" dir="0" index="2" bw="4" slack="0"/>
<pin id="95" dir="1" index="3" bw="4" slack="0"/>
</pin_list>
<bind>
<opcode="getelementptr(29) " fcode="getelementptr"/>
<opset="this_dest/1 "/>
</bind>
</comp>

<comp id="98" class="1004" name="store_ln17_access_fu_98">
<pin_list>
<pin id="99" dir="0" index="0" bw="4" slack="0"/>
<pin id="100" dir="0" index="1" bw="4" slack="0"/>
<pin id="101" dir="0" index="2" bw="0" slack="2147483647"/>
<pin id="102" dir="1" index="3" bw="4" slack="2147483647"/>
</pin_list>
<bind>
<opcode="store(28) " fcode="store"/>
<opset="store_ln17/1 "/>
</bind>
</comp>

<comp id="105" class="1004" name="store_ln17_access_fu_105">
<pin_list>
<pin id="106" dir="0" index="0" bw="4" slack="0"/>
<pin id="107" dir="0" index="1" bw="4" slack="0"/>
<pin id="108" dir="0" index="2" bw="0" slack="2147483647"/>
<pin id="109" dir="1" index="3" bw="4" slack="2147483647"/>
</pin_list>
<bind>
<opcode="store(28) " fcode="store"/>
<opset="store_ln17/1 "/>
</bind>
</comp>

<comp id="112" class="1004" name="store_ln17_access_fu_112">
<pin_list>
<pin id="113" dir="0" index="0" bw="4" slack="0"/>
<pin id="114" dir="0" index="1" bw="2" slack="0"/>
<pin id="115" dir="0" index="2" bw="0" slack="2147483647"/>
<pin id="116" dir="1" index="3" bw="2" slack="2147483647"/>
</pin_list>
<bind>
<opcode="store(28) " fcode="store"/>
<opset="store_ln17/1 "/>
</bind>
</comp>

<comp id="119" class="1004" name="store_ln17_access_fu_119">
<pin_list>
<pin id="120" dir="0" index="0" bw="4" slack="0"/>
<pin id="121" dir="0" index="1" bw="1" slack="0"/>
<pin id="122" dir="0" index="2" bw="0" slack="2147483647"/>
<pin id="123" dir="1" index="3" bw="1" slack="2147483647"/>
</pin_list>
<bind>
<opcode="store(28) " fcode="store"/>
<opset="store_ln17/1 "/>
</bind>
</comp>

<comp id="126" class="1004" name="store_ln17_access_fu_126">
<pin_list>
<pin id="127" dir="0" index="0" bw="4" slack="0"/>
<pin id="128" dir="0" index="1" bw="5" slack="0"/>
<pin id="129" dir="0" index="2" bw="0" slack="2147483647"/>
<pin id="130" dir="1" index="3" bw="5" slack="2147483647"/>
</pin_list>
<bind>
<opcode="store(28) " fcode="store"/>
<opset="store_ln17/1 "/>
</bind>
</comp>

<comp id="133" class="1004" name="store_ln17_access_fu_133">
<pin_list>
<pin id="134" dir="0" index="0" bw="4" slack="0"/>
<pin id="135" dir="0" index="1" bw="6" slack="0"/>
<pin id="136" dir="0" index="2" bw="0" slack="2147483647"/>
<pin id="137" dir="1" index="3" bw="6" slack="2147483647"/>
</pin_list>
<bind>
<opcode="store(28) " fcode="store"/>
<opset="store_ln17/1 "/>
</bind>
</comp>

<comp id="140" class="1004" name="mul_ln17_cast_fu_140">
<pin_list>
<pin id="141" dir="0" index="0" bw="3" slack="0"/>
<pin id="142" dir="1" index="1" bw="4" slack="0"/>
</pin_list>
<bind>
<opcode="zext(34) " fcode="zext"/>
<opset="mul_ln17_cast/1 "/>
</bind>
</comp>

<comp id="144" class="1004" name="store_ln0_store_fu_144">
<pin_list>
<pin id="145" dir="0" index="0" bw="1" slack="0"/>
<pin id="146" dir="0" index="1" bw="2" slack="0"/>
<pin id="147" dir="1" index="2" bw="0" slack="2147483647"/>
</pin_list>
<bind>
<opcode="store(28) " fcode="store"/>
<opset="store_ln0/1 "/>
</bind>
</comp>

<comp id="149" class="1004" name="indvars_iv_load_load_fu_149">
<pin_list>
<pin id="150" dir="0" index="0" bw="2" slack="0"/>
<pin id="151" dir="1" index="1" bw="2" slack="0"/>
</pin_list>
<bind>
<opcode="load(27) " fcode="load"/>
<opset="indvars_iv_load/1 "/>
</bind>
</comp>

<comp id="152" class="1004" name="zext_ln17_fu_152">
<pin_list>
<pin id="153" dir="0" index="0" bw="2" slack="0"/>
<pin id="154" dir="1" index="1" bw="4" slack="0"/>
</pin_list>
<bind>
<opcode="zext(34) " fcode="zext"/>
<opset="zext_ln17/1 "/>
</bind>
</comp>

<comp id="156" class="1004" name="add_ln17_1_fu_156">
<pin_list>
<pin id="157" dir="0" index="0" bw="3" slack="0"/>
<pin id="158" dir="0" index="1" bw="2" slack="0"/>
<pin id="159" dir="1" index="2" bw="4" slack="0"/>
</pin_list>
<bind>
<opcode="add(8) " fcode="add"/>
<opset="add_ln17_1/1 "/>
</bind>
</comp>

<comp id="162" class="1004" name="zext_ln17_1_fu_162">
<pin_list>
<pin id="163" dir="0" index="0" bw="4" slack="0"/>
<pin id="164" dir="1" index="1" bw="64" slack="0"/>
</pin_list>
<bind>
<opcode="zext(34) " fcode="zext"/>
<opset="zext_ln17_1/1 "/>
</bind>
</comp>

<comp id="172" class="1004" name="add_ln17_fu_172">
<pin_list>
<pin id="173" dir="0" index="0" bw="2" slack="0"/>
<pin id="174" dir="0" index="1" bw="1" slack="0"/>
<pin id="175" dir="1" index="2" bw="2" slack="0"/>
</pin_list>
<bind>
<opcode="add(8) " fcode="add"/>
<opset="add_ln17/1 "/>
</bind>
</comp>

<comp id="178" class="1004" name="icmp_ln17_fu_178">
<pin_list>
<pin id="179" dir="0" index="0" bw="2" slack="0"/>
<pin id="180" dir="0" index="1" bw="2" slack="0"/>
<pin id="181" dir="1" index="2" bw="1" slack="2147483647"/>
</pin_list>
<bind>
<opcode="icmp(45) " fcode="icmp"/>
<opset="icmp_ln17/1 "/>
</bind>
</comp>

<comp id="184" class="1004" name="store_ln17_store_fu_184">
<pin_list>
<pin id="185" dir="0" index="0" bw="2" slack="0"/>
<pin id="186" dir="0" index="1" bw="2" slack="0"/>
<pin id="187" dir="1" index="2" bw="0" slack="2147483647"/>
</pin_list>
<bind>
<opcode="store(28) " fcode="store"/>
<opset="store_ln17/1 "/>
</bind>
</comp>

<comp id="189" class="1005" name="indvars_iv_reg_189">
<pin_list>
<pin id="190" dir="0" index="0" bw="2" slack="0"/>
<pin id="191" dir="1" index="1" bw="2" slack="0"/>
</pin_list>
<bind>
<opset="indvars_iv "/>
</bind>
</comp>

</comp_list>

<net_list>
<net id="49"><net_src comp="14" pin="0"/><net_sink comp="46" pin=0"/></net>

<net id="54"><net_src comp="16" pin="0"/><net_sink comp="50" pin=0"/></net>

<net id="55"><net_src comp="0" pin="0"/><net_sink comp="50" pin=1"/></net>

<net id="61"><net_src comp="2" pin="0"/><net_sink comp="56" pin=0"/></net>

<net id="62"><net_src comp="20" pin="0"/><net_sink comp="56" pin=1"/></net>

<net id="68"><net_src comp="4" pin="0"/><net_sink comp="63" pin=0"/></net>

<net id="69"><net_src comp="20" pin="0"/><net_sink comp="63" pin=1"/></net>

<net id="75"><net_src comp="6" pin="0"/><net_sink comp="70" pin=0"/></net>

<net id="76"><net_src comp="20" pin="0"/><net_sink comp="70" pin=1"/></net>

<net id="82"><net_src comp="8" pin="0"/><net_sink comp="77" pin=0"/></net>

<net id="83"><net_src comp="20" pin="0"/><net_sink comp="77" pin=1"/></net>

<net id="89"><net_src comp="10" pin="0"/><net_sink comp="84" pin=0"/></net>

<net id="90"><net_src comp="20" pin="0"/><net_sink comp="84" pin=1"/></net>

<net id="96"><net_src comp="12" pin="0"/><net_sink comp="91" pin=0"/></net>

<net id="97"><net_src comp="20" pin="0"/><net_sink comp="91" pin=1"/></net>

<net id="103"><net_src comp="36" pin="0"/><net_sink comp="98" pin=1"/></net>

<net id="104"><net_src comp="56" pin="3"/><net_sink comp="98" pin=0"/></net>

<net id="110"><net_src comp="36" pin="0"/><net_sink comp="105" pin=1"/></net>

<net id="111"><net_src comp="63" pin="3"/><net_sink comp="105" pin=0"/></net>

<net id="117"><net_src comp="18" pin="0"/><net_sink comp="112" pin=1"/></net>

<net id="118"><net_src comp="70" pin="3"/><net_sink comp="112" pin=0"/></net>

<net id="124"><net_src comp="38" pin="0"/><net_sink comp="119" pin=1"/></net>

<net id="125"><net_src comp="77" pin="3"/><net_sink comp="119" pin=0"/></net>

<net id="131"><net_src comp="40" pin="0"/><net_sink comp="126" pin=1"/></net>

<net id="132"><net_src comp="84" pin="3"/><net_sink comp="126" pin=0"/></net>

<net id="138"><net_src comp="42" pin="0"/><net_sink comp="133" pin=1"/></net>

<net id="139"><net_src comp="91" pin="3"/><net_sink comp="133" pin=0"/></net>

<net id="143"><net_src comp="50" pin="2"/><net_sink comp="140" pin=0"/></net>

<net id="148"><net_src comp="18" pin="0"/><net_sink comp="144" pin=0"/></net>

<net id="155"><net_src comp="149" pin="1"/><net_sink comp="152" pin=0"/></net>

<net id="160"><net_src comp="140" pin="1"/><net_sink comp="156" pin=0"/></net>

<net id="161"><net_src comp="152" pin="1"/><net_sink comp="156" pin=1"/></net>

<net id="165"><net_src comp="156" pin="2"/><net_sink comp="162" pin=0"/></net>

<net id="166"><net_src comp="162" pin="1"/><net_sink comp="56" pin=2"/></net>

<net id="167"><net_src comp="162" pin="1"/><net_sink comp="63" pin=2"/></net>

<net id="168"><net_src comp="162" pin="1"/><net_sink comp="70" pin=2"/></net>

<net id="169"><net_src comp="162" pin="1"/><net_sink comp="77" pin=2"/></net>

<net id="170"><net_src comp="162" pin="1"/><net_sink comp="84" pin=2"/></net>

<net id="171"><net_src comp="162" pin="1"/><net_sink comp="91" pin=2"/></net>

<net id="176"><net_src comp="149" pin="1"/><net_sink comp="172" pin=0"/></net>

<net id="177"><net_src comp="34" pin="0"/><net_sink comp="172" pin=1"/></net>

<net id="182"><net_src comp="149" pin="1"/><net_sink comp="178" pin=0"/></net>

<net id="183"><net_src comp="44" pin="0"/><net_sink comp="178" pin=1"/></net>

<net id="188"><net_src comp="172" pin="2"/><net_sink comp="184" pin=0"/></net>

<net id="192"><net_src comp="46" pin="1"/><net_sink comp="189" pin=0"/></net>

<net id="193"><net_src comp="189" pin="1"/><net_sink comp="144" pin=1"/></net>

<net id="194"><net_src comp="189" pin="1"/><net_sink comp="149" pin=0"/></net>

<net id="195"><net_src comp="189" pin="1"/><net_sink comp="184" pin=1"/></net>

</net_list>

</model> 
---------------- Datapath Model END ------------------

* FSMD analyzer results:
  - Output states:
	Port: window_keep | {1 }
	Port: window_strb | {1 }
	Port: window_user | {1 }
	Port: window_last | {1 }
	Port: window_id | {1 }
	Port: window_dest | {1 }
 - Input state : 
	Port: sobel_filter_Pipeline_1 : mul_ln17 | {1 }
  - Chain level:
	State 1
		store_ln0 : 1
		indvars_iv_load : 1
		zext_ln17 : 2
		add_ln17_1 : 3
		zext_ln17_1 : 4
		this_keep : 5
		this_strb : 5
		this_user : 5
		this_last : 5
		this_id : 5
		this_dest : 5
		add_ln17 : 2
		store_ln17 : 6
		store_ln17 : 6
		store_ln17 : 6
		store_ln17 : 6
		store_ln17 : 6
		store_ln17 : 6
		icmp_ln17 : 2
		store_ln17 : 3
		br_ln17 : 3


============================================================
+ Verbose Summary: Datapath Resource usage 
============================================================

* Functional unit list:
|----------|--------------------------|---------|---------|
| Operation|      Functional Unit     |    FF   |   LUT   |
|----------|--------------------------|---------|---------|
|    add   |     add_ln17_1_fu_156    |    0    |    11   |
|          |      add_ln17_fu_172     |    0    |    10   |
|----------|--------------------------|---------|---------|
|   icmp   |     icmp_ln17_fu_178     |    0    |    10   |
|----------|--------------------------|---------|---------|
|   read   | mul_ln17_read_read_fu_50 |    0    |    0    |
|----------|--------------------------|---------|---------|
|          |   mul_ln17_cast_fu_140   |    0    |    0    |
|   zext   |     zext_ln17_fu_152     |    0    |    0    |
|          |    zext_ln17_1_fu_162    |    0    |    0    |
|----------|--------------------------|---------|---------|
|   Total  |                          |    0    |    31   |
|----------|--------------------------|---------|---------|

Memories:
N/A

* Register list:
+------------------+--------+
|                  |   FF   |
+------------------+--------+
|indvars_iv_reg_189|    2   |
+------------------+--------+
|       Total      |    2   |
+------------------+--------+

* Multiplexer (MUX) list: 
|--------|------|------|------|--------|
|  Comp  |  Pin | Size |  BW  | S x BW |
|--------|------|------|------|--------|
|  Total |      |      |      |    0   |
|--------|------|------|------|--------|



* Summary:
+-----------+--------+--------+
|           |   FF   |   LUT  |
+-----------+--------+--------+
|  Function |    0   |   31   |
|   Memory  |    -   |    -   |
|Multiplexer|    -   |    -   |
|  Register |    2   |    -   |
+-----------+--------+--------+
|   Total   |    2   |   31   |
+-----------+--------+--------+
