

================================================================
== Vitis HLS Report for 'sobel_filter_Pipeline_1'
================================================================
* Date:           Wed Sep  9 01:53:15 2026

* Version:        2026.1 (Build 6493734 on Jun 16 2026)
* Project:        Sobel_IP
* Solution:       hls
* Product family: zynq
* Target device:  xc7z020-clg400-1


================================================================
== Performance Estimates
================================================================
+ Timing: 
    * Summary: 
    +--------+----------+----------+------------+
    |  Clock |  Target  | Estimated| Uncertainty|
    +--------+----------+----------+------------+
    |ap_clk  |  10.00 ns|  5.560 ns|     2.70 ns|
    +--------+----------+----------+------------+

+ Latency: 
    * Summary: 
    +---------+---------+-----------+-----------+-----+-----+-------------------+
    |  Latency (cycles) |   Latency (absolute)  |  Interval |      Pipeline     |
    |   min   |   max   |    min    |    max    | min | max |        Type       |
    +---------+---------+-----------+-----------+-----+-----+-------------------+
    |        4|        4|  40.000 ns|  40.000 ns|    0|    0|  loop pipeline stp|
    +---------+---------+-----------+-----------+-----+-----+-------------------+

    + Detail: 
        * Instance: 
        N/A

        * Loop: 
        +----------+---------+---------+----------+-----------+-----------+------+----------+
        |          |  Latency (cycles) | Iteration|  Initiation Interval  | Trip |          |
        | Loop Name|   min   |   max   |  Latency |  achieved |   target  | Count| Pipelined|
        +----------+---------+---------+----------+-----------+-----------+------+----------+
        |- Loop 1  |        2|        2|         1|          1|        N/A|     3|       yes|
        +----------+---------+---------+----------+-----------+-----------+------+----------+

============================================================
+ Verbose Summary: Synthesis Manager
============================================================
InlineROM: 1
ExposeGlobal: 0
============================================================
+ Verbose Summary: CDFG Model
============================================================
IsTopModel: 0
ResetActiveHigh: 1
IsCombinational: 0
IsDatapathOnly: 0
HasWiredReturn: 1
HasMFsm: 2
HasVarLatency: 1
IsPipeline: 0
IsRtlPipelined: 0
IsInstanceOverlapped: 0
IsDontTouch: 0
HasImplIP: 0
IsGatedGlobalClock: 0

+ Individual pipeline summary: 
  * Pipeline-0: initiation interval (II) = 1, depth = 1


============================================================
+ Verbose Summary: Schedule
============================================================
* Number of FSM states : 1
* Pipeline : 1
  Pipeline-0 : II = 1, D = 1, States = { 1 }
* Dataflow Pipeline: 0

* FSM state transitions: 
1 --> 

* FSM state operations: 

State 1 <SV = 0> <Delay = 5.56>
ST_1 : Operation 4 [1/1] (0.00ns)   --->   "%indvars_iv = alloca i32 1"   --->   Operation 4 'alloca' 'indvars_iv' <Predicate = true> <Delay = 0.00>
ST_1 : Operation 5 [1/1] (0.00ns)   --->   "%mul_ln17_read = read i3 @_ssdm_op_Read.ap_auto.i3, i3 %mul_ln17"   --->   Operation 5 'read' 'mul_ln17_read' <Predicate = true> <Delay = 0.00>
ST_1 : Operation 6 [1/1] (0.00ns)   --->   "%mul_ln17_cast = zext i3 %mul_ln17_read"   --->   Operation 6 'zext' 'mul_ln17_cast' <Predicate = true> <Delay = 0.00>
ST_1 : Operation 7 [1/1] (1.58ns)   --->   "%store_ln0 = store i2 0, i2 %indvars_iv"   --->   Operation 7 'store' 'store_ln0' <Predicate = true> <Delay = 1.58>
ST_1 : Operation 8 [1/1] (0.00ns)   --->   "%br_ln0 = br void %arrayctor.loop5"   --->   Operation 8 'br' 'br_ln0' <Predicate = true> <Delay = 0.00>
ST_1 : Operation 9 [1/1] (0.00ns)   --->   "%indvars_iv_load = load i2 %indvars_iv" [Sobel.cpp:17]   --->   Operation 9 'load' 'indvars_iv_load' <Predicate = true> <Delay = 0.00>
ST_1 : Operation 10 [1/1] (0.00ns)   --->   "%zext_ln17 = zext i2 %indvars_iv_load" [Sobel.cpp:17]   --->   Operation 10 'zext' 'zext_ln17' <Predicate = true> <Delay = 0.00>
ST_1 : Operation 11 [1/1] (1.65ns)   --->   "%add_ln17_1 = add i4 %mul_ln17_cast, i4 %zext_ln17" [Sobel.cpp:17]   --->   Operation 11 'add' 'add_ln17_1' <Predicate = true> <Delay = 1.65> <CoreInst = "Adder">   --->   Core 1 'Adder' <Latency = 0> <II = 1> <Delay = 1.65> <FuncUnit> <Opcode : 'add' 'sub'> <InPorts = 2> <OutPorts = 1>
ST_1 : Operation 12 [1/1] (0.00ns)   --->   "%zext_ln17_1 = zext i4 %add_ln17_1" [Sobel.cpp:17]   --->   Operation 12 'zext' 'zext_ln17_1' <Predicate = true> <Delay = 0.00>
ST_1 : Operation 13 [1/1] (0.00ns)   --->   "%this_keep = getelementptr i4 %window_keep, i64 0, i64 %zext_ln17_1" [Sobel.cpp:17]   --->   Operation 13 'getelementptr' 'this_keep' <Predicate = true> <Delay = 0.00>
ST_1 : Operation 14 [1/1] (0.00ns)   --->   "%this_strb = getelementptr i4 %window_strb, i64 0, i64 %zext_ln17_1" [Sobel.cpp:17]   --->   Operation 14 'getelementptr' 'this_strb' <Predicate = true> <Delay = 0.00>
ST_1 : Operation 15 [1/1] (0.00ns)   --->   "%this_user = getelementptr i2 %window_user, i64 0, i64 %zext_ln17_1" [Sobel.cpp:17]   --->   Operation 15 'getelementptr' 'this_user' <Predicate = true> <Delay = 0.00>
ST_1 : Operation 16 [1/1] (0.00ns)   --->   "%this_last = getelementptr i1 %window_last, i64 0, i64 %zext_ln17_1" [Sobel.cpp:17]   --->   Operation 16 'getelementptr' 'this_last' <Predicate = true> <Delay = 0.00>
ST_1 : Operation 17 [1/1] (0.00ns)   --->   "%this_id = getelementptr i5 %window_id, i64 0, i64 %zext_ln17_1" [Sobel.cpp:17]   --->   Operation 17 'getelementptr' 'this_id' <Predicate = true> <Delay = 0.00>
ST_1 : Operation 18 [1/1] (0.00ns)   --->   "%this_dest = getelementptr i6 %window_dest, i64 0, i64 %zext_ln17_1" [Sobel.cpp:17]   --->   Operation 18 'getelementptr' 'this_dest' <Predicate = true> <Delay = 0.00>
ST_1 : Operation 19 [1/1] (0.00ns)   --->   "%specpipeline_ln17 = specpipeline void @_ssdm_op_SpecPipeline, i32 4294967295, i32 0, i32 0, i32 0, i32 4294967295, void @empty_1" [Sobel.cpp:17]   --->   Operation 19 'specpipeline' 'specpipeline_ln17' <Predicate = true> <Delay = 0.00>
ST_1 : Operation 20 [1/1] (0.00ns)   --->   "%speclooptripcount_ln17 = speclooptripcount void @_ssdm_op_SpecLoopTripCount, i64 3, i64 3, i64 3" [Sobel.cpp:17]   --->   Operation 20 'speclooptripcount' 'speclooptripcount_ln17' <Predicate = true> <Delay = 0.00>
ST_1 : Operation 21 [1/1] (1.56ns)   --->   "%add_ln17 = add i2 %indvars_iv_load, i2 1" [Sobel.cpp:17]   --->   Operation 21 'add' 'add_ln17' <Predicate = true> <Delay = 1.56> <CoreInst = "Adder">   --->   Core 1 'Adder' <Latency = 0> <II = 1> <Delay = 1.56> <FuncUnit> <Opcode : 'add' 'sub'> <InPorts = 2> <OutPorts = 1>
ST_1 : Operation 22 [1/1] ( I:2.32ns O:2.32ns )   --->   "%store_ln17 = store i4 15, i4 %this_keep" [Sobel.cpp:17]   --->   Operation 22 'store' 'store_ln17' <Predicate = true> <Delay = 2.32> <CoreInst = "RAM">   --->   Core 81 'RAM' <Latency = 1> <II = 1> <Delay = 2.32> <Storage> <Opcode : 'load' 'store'> <Ports = 2> <Width = 4> <Depth = 9> <RAM>
ST_1 : Operation 23 [1/1] ( I:2.32ns O:2.32ns )   --->   "%store_ln17 = store i4 15, i4 %this_strb" [Sobel.cpp:17]   --->   Operation 23 'store' 'store_ln17' <Predicate = true> <Delay = 2.32> <CoreInst = "RAM">   --->   Core 81 'RAM' <Latency = 1> <II = 1> <Delay = 2.32> <Storage> <Opcode : 'load' 'store'> <Ports = 2> <Width = 4> <Depth = 9> <RAM>
ST_1 : Operation 24 [1/1] ( I:2.32ns O:2.32ns )   --->   "%store_ln17 = store i2 0, i4 %this_user" [Sobel.cpp:17]   --->   Operation 24 'store' 'store_ln17' <Predicate = true> <Delay = 2.32> <CoreInst = "RAM">   --->   Core 81 'RAM' <Latency = 1> <II = 1> <Delay = 2.32> <Storage> <Opcode : 'load' 'store'> <Ports = 2> <Width = 2> <Depth = 9> <RAM>
ST_1 : Operation 25 [1/1] ( I:2.32ns O:2.32ns )   --->   "%store_ln17 = store i1 0, i4 %this_last" [Sobel.cpp:17]   --->   Operation 25 'store' 'store_ln17' <Predicate = true> <Delay = 2.32> <CoreInst = "RAM">   --->   Core 81 'RAM' <Latency = 1> <II = 1> <Delay = 2.32> <Storage> <Opcode : 'load' 'store'> <Ports = 2> <Width = 1> <Depth = 9> <RAM>
ST_1 : Operation 26 [1/1] ( I:2.32ns O:2.32ns )   --->   "%store_ln17 = store i5 0, i4 %this_id" [Sobel.cpp:17]   --->   Operation 26 'store' 'store_ln17' <Predicate = true> <Delay = 2.32> <CoreInst = "RAM">   --->   Core 81 'RAM' <Latency = 1> <II = 1> <Delay = 2.32> <Storage> <Opcode : 'load' 'store'> <Ports = 2> <Width = 5> <Depth = 9> <RAM>
ST_1 : Operation 27 [1/1] ( I:2.32ns O:2.32ns )   --->   "%store_ln17 = store i6 0, i4 %this_dest" [Sobel.cpp:17]   --->   Operation 27 'store' 'store_ln17' <Predicate = true> <Delay = 2.32> <CoreInst = "RAM">   --->   Core 81 'RAM' <Latency = 1> <II = 1> <Delay = 2.32> <Storage> <Opcode : 'load' 'store'> <Ports = 2> <Width = 6> <Depth = 9> <RAM>
ST_1 : Operation 28 [1/1] (1.56ns)   --->   "%icmp_ln17 = icmp_eq  i2 %indvars_iv_load, i2 2" [Sobel.cpp:17]   --->   Operation 28 'icmp' 'icmp_ln17' <Predicate = true> <Delay = 1.56> <CoreInst = "Cmp">   --->   Core 9 'Cmp' <Latency = 0> <II = 1> <Delay = 1.56> <FuncUnit> <Opcode : 'seteq' 'setne' 'setle' 'setge' 'setlt' 'setgt'> <InPorts = 2> <OutPorts = 1>
ST_1 : Operation 29 [1/1] (1.58ns)   --->   "%store_ln17 = store i2 %add_ln17, i2 %indvars_iv" [Sobel.cpp:17]   --->   Operation 29 'store' 'store_ln17' <Predicate = true> <Delay = 1.58>
ST_1 : Operation 30 [1/1] (0.00ns)   --->   "%br_ln17 = br i1 %icmp_ln17, void %arrayctor.loop5, void %arrayctor.loop3.exitStub" [Sobel.cpp:17]   --->   Operation 30 'br' 'br_ln17' <Predicate = true> <Delay = 0.00>
ST_1 : Operation 31 [1/1] (1.58ns)   --->   "%ret_ln0 = ret"   --->   Operation 31 'ret' 'ret_ln0' <Predicate = (icmp_ln17)> <Delay = 1.58>


============================================================
+ Verbose Summary: Timing violations
============================================================
Target clock period: 10.000ns, clock uncertainty: 2.700ns.

 <State 1>: 5.560ns
The critical path consists of the following:
	'store' operation ('store_ln0') of constant 0 2 bit on local variable 'indvars_iv' [11]  (1.588 ns)
	'load' operation 2 bit ('indvars_iv_load', Sobel.cpp:17) on local variable 'indvars_iv' [14]  (0.000 ns)
	'add' operation 4 bit ('add_ln17_1', Sobel.cpp:17) [16]  (1.650 ns)
	'getelementptr' operation 4 bit ('this.keep', Sobel.cpp:17) [18]  (0.000 ns)
	'store' operation ('store_ln17', Sobel.cpp:17) of constant 15 4 bit on array 'window_keep' [27]  (2.322 ns)


============================================================
+ Verbose Summary: Binding
============================================================
N/A
* FSMD analyzer results:
  - Output states:
 - Input state : 
  - Chain level:
	State 1


============================================================
+ Verbose Summary: Datapath Resource usage 
============================================================
N/A
