
*** Running vivado
    with args -log Design_1_axi_interconnect_0_imp_s00_mmu_0.vds -m64 -product Vivado -mode batch -messageDb vivado.pb -notrace -source Design_1_axi_interconnect_0_imp_s00_mmu_0.tcl


INFO: [Common 17-3922] A valid Vivado Design Suite BASIC license has been detected. Your current license is active and will expire on 22-aug-2027.
#-----------------------------------------------------------
# Vivado v2026.1 (64-bit)
# SW Build 6511674 on Tue Jun 16 11:02:23 MDT 2026
# IP Build 6504888 on Tue Jun 09 09:05:25 MDT 2026
# SharedData Build 6501428 on Mon Jun 08 17:34:18 MDT 2026
# Start of session at: Wed Sep 23 00:15:59 2026
# Process ID         : 30964
# Current directory  : C:/F.A.L.C.O.N/Vivado_WS/Sobel_Filter_Project/Sobel_Filter_Project.runs/Design_1_axi_interconnect_0_imp_s00_mmu_0_synth_1
# Command line       : vivado.exe -log Design_1_axi_interconnect_0_imp_s00_mmu_0.vds -product Vivado -mode batch -messageDb vivado.pb -notrace -source Design_1_axi_interconnect_0_imp_s00_mmu_0.tcl
# Log file           : C:/F.A.L.C.O.N/Vivado_WS/Sobel_Filter_Project/Sobel_Filter_Project.runs/Design_1_axi_interconnect_0_imp_s00_mmu_0_synth_1/Design_1_axi_interconnect_0_imp_s00_mmu_0.vds
# Journal file       : C:/F.A.L.C.O.N/Vivado_WS/Sobel_Filter_Project/Sobel_Filter_Project.runs/Design_1_axi_interconnect_0_imp_s00_mmu_0_synth_1\vivado.jou
# Running On         : DESKTOP-55UAODO
# Platform           : Windows 11
# Operating System   : 26200
# Processor Detail   : 13th Gen Intel(R) Core(TM) i5-13450HX
# CPU Frequency      : 2611 MHz
# CPU Physical cores : 10
# CPU Logical cores  : 16
# Host memory        : 16849 MB
# Swap memory        : 28991 MB
# Total Virtual      : 45840 MB
# Available Virtual  : 19850 MB
#-----------------------------------------------------------

****** Vivado v2026.1 (64-bit)
  **** SW Build 6511674 on Tue Jun 16 11:02:23 MDT 2026
  **** IP Build 6504888 on Tue Jun 09 09:05:25 MDT 2026
  **** SharedData Build 6501428 on Mon Jun 08 17:34:18 MDT 2026
  **** Start of session at: Wed Sep 23 00:15:59 2026
    ** Copyright 1986-2022 Xilinx, Inc. All Rights Reserved.
    ** Copyright 2022-2026 Advanced Micro Devices, Inc. All Rights Reserved.

source Design_1_axi_interconnect_0_imp_s00_mmu_0.tcl -notrace
create_project: Time (s): cpu = 00:00:09 ; elapsed = 00:00:06 . Memory (MB): peak = 582.984 ; gain = 265.867
INFO: [IP_Flow 19-234] Refreshing IP repositories
INFO: [IP_Flow 19-1700] Loaded user IP repository 'c:/F.A.L.C.O.N/Vitis_WS/Sobel_Filter_IP/Sobel_Filter_IP'.
INFO: [IP_Flow 19-2313] Loaded Vivado IP repository 'C:/AMDDesignTools/2026.1/Vivado/data/ip'.
Command: synth_design -top Design_1_axi_interconnect_0_imp_s00_mmu_0 -part xc7z020clg400-1 -incremental_mode off -mode out_of_context
Starting synth_design
Attempting to get a license for feature 'Vivado_Synthesis' and/or device 'xc7z020'
INFO: [Common 17-349] Got license for feature 'Vivado_Synthesis' and/or device 'xc7z020'
INFO: [Device 21-403] Loading part xc7z020clg400-1
INFO: [Designutils 20-5008] Incremental synthesis strategy off
INFO: [Synth 8-7079] Multithreading enabled for synth_design using a maximum of 2 processes.
INFO: [Synth 8-7078] Launching helper process for spawning children vivado processes
INFO: [Synth 8-7075] Helper process launched with PID 17168
---------------------------------------------------------------------------------
Starting RTL Elaboration : Time (s): cpu = 00:00:05 ; elapsed = 00:00:05 . Memory (MB): peak = 1399.422 ; gain = 577.094
---------------------------------------------------------------------------------
INFO: [Synth 8-6157] synthesizing module 'Design_1_axi_interconnect_0_imp_s00_mmu_0' [c:/F.A.L.C.O.N/Vivado_WS/Sobel_Filter_Project/Sobel_Filter_Project.gen/sources_1/bd/Design_1/ip/Design_1_axi_interconnect_0_imp_s00_mmu_0/synth/Design_1_axi_interconnect_0_imp_s00_mmu_0.v:53]
INFO: [Synth 8-6157] synthesizing module 'axi_mmu_v2_1_35_top' [c:/F.A.L.C.O.N/Vivado_WS/Sobel_Filter_Project/Sobel_Filter_Project.gen/sources_1/bd/Design_1/ipshared/5799/hdl/axi_mmu_v2_1_vl_rfs.v:553]
INFO: [Synth 8-6157] synthesizing module 'axi_mmu_v2_1_35_addr_decoder' [c:/F.A.L.C.O.N/Vivado_WS/Sobel_Filter_Project/Sobel_Filter_Project.gen/sources_1/bd/Design_1/ipshared/5799/hdl/axi_mmu_v2_1_vl_rfs.v:61]
INFO: [Synth 8-6155] done synthesizing module 'axi_mmu_v2_1_35_addr_decoder' (0#1) [c:/F.A.L.C.O.N/Vivado_WS/Sobel_Filter_Project/Sobel_Filter_Project.gen/sources_1/bd/Design_1/ipshared/5799/hdl/axi_mmu_v2_1_vl_rfs.v:61]
INFO: [Synth 8-6157] synthesizing module 'axi_mmu_v2_1_35_decerr_slave' [c:/F.A.L.C.O.N/Vivado_WS/Sobel_Filter_Project/Sobel_Filter_Project.gen/sources_1/bd/Design_1/ipshared/5799/hdl/axi_mmu_v2_1_vl_rfs.v:198]
INFO: [Synth 8-6155] done synthesizing module 'axi_mmu_v2_1_35_decerr_slave' (0#1) [c:/F.A.L.C.O.N/Vivado_WS/Sobel_Filter_Project/Sobel_Filter_Project.gen/sources_1/bd/Design_1/ipshared/5799/hdl/axi_mmu_v2_1_vl_rfs.v:198]
INFO: [Synth 8-6157] synthesizing module 'axi_register_slice_v2_1_37_axi_register_slice' [c:/F.A.L.C.O.N/Vivado_WS/Sobel_Filter_Project/Sobel_Filter_Project.gen/sources_1/bd/Design_1/ipshared/8c55/hdl/axi_register_slice_v2_1_rfs.v:3721]
INFO: [Synth 8-6157] synthesizing module 'axi_infrastructure_v1_1_0_axi2vector' [c:/F.A.L.C.O.N/Vivado_WS/Sobel_Filter_Project/Sobel_Filter_Project.gen/sources_1/bd/Design_1/ipshared/ec67/hdl/axi_infrastructure_v1_1_vl_rfs.v:59]
INFO: [Synth 8-6155] done synthesizing module 'axi_infrastructure_v1_1_0_axi2vector' (0#1) [c:/F.A.L.C.O.N/Vivado_WS/Sobel_Filter_Project/Sobel_Filter_Project.gen/sources_1/bd/Design_1/ipshared/ec67/hdl/axi_infrastructure_v1_1_vl_rfs.v:59]
INFO: [Synth 8-6157] synthesizing module 'axi_infrastructure_v1_1_0_vector2axi' [c:/F.A.L.C.O.N/Vivado_WS/Sobel_Filter_Project/Sobel_Filter_Project.gen/sources_1/bd/Design_1/ipshared/ec67/hdl/axi_infrastructure_v1_1_vl_rfs.v:473]
INFO: [Synth 8-6155] done synthesizing module 'axi_infrastructure_v1_1_0_vector2axi' (0#1) [c:/F.A.L.C.O.N/Vivado_WS/Sobel_Filter_Project/Sobel_Filter_Project.gen/sources_1/bd/Design_1/ipshared/ec67/hdl/axi_infrastructure_v1_1_vl_rfs.v:473]
INFO: [Synth 8-6157] synthesizing module 'axi_register_slice_v2_1_37_axic_register_slice' [c:/F.A.L.C.O.N/Vivado_WS/Sobel_Filter_Project/Sobel_Filter_Project.gen/sources_1/bd/Design_1/ipshared/8c55/hdl/axi_register_slice_v2_1_rfs.v:1492]
INFO: [Synth 8-6155] done synthesizing module 'axi_register_slice_v2_1_37_axic_register_slice' (0#1) [c:/F.A.L.C.O.N/Vivado_WS/Sobel_Filter_Project/Sobel_Filter_Project.gen/sources_1/bd/Design_1/ipshared/8c55/hdl/axi_register_slice_v2_1_rfs.v:1492]
INFO: [Synth 8-6157] synthesizing module 'axi_register_slice_v2_1_37_axic_register_slice__parameterized0' [c:/F.A.L.C.O.N/Vivado_WS/Sobel_Filter_Project/Sobel_Filter_Project.gen/sources_1/bd/Design_1/ipshared/8c55/hdl/axi_register_slice_v2_1_rfs.v:1492]
INFO: [Synth 8-6155] done synthesizing module 'axi_register_slice_v2_1_37_axic_register_slice__parameterized0' (0#1) [c:/F.A.L.C.O.N/Vivado_WS/Sobel_Filter_Project/Sobel_Filter_Project.gen/sources_1/bd/Design_1/ipshared/8c55/hdl/axi_register_slice_v2_1_rfs.v:1492]
INFO: [Synth 8-6157] synthesizing module 'axi_register_slice_v2_1_37_axic_register_slice__parameterized1' [c:/F.A.L.C.O.N/Vivado_WS/Sobel_Filter_Project/Sobel_Filter_Project.gen/sources_1/bd/Design_1/ipshared/8c55/hdl/axi_register_slice_v2_1_rfs.v:1492]
INFO: [Synth 8-6155] done synthesizing module 'axi_register_slice_v2_1_37_axic_register_slice__parameterized1' (0#1) [c:/F.A.L.C.O.N/Vivado_WS/Sobel_Filter_Project/Sobel_Filter_Project.gen/sources_1/bd/Design_1/ipshared/8c55/hdl/axi_register_slice_v2_1_rfs.v:1492]
INFO: [Synth 8-6157] synthesizing module 'axi_register_slice_v2_1_37_axic_register_slice__parameterized2' [c:/F.A.L.C.O.N/Vivado_WS/Sobel_Filter_Project/Sobel_Filter_Project.gen/sources_1/bd/Design_1/ipshared/8c55/hdl/axi_register_slice_v2_1_rfs.v:1492]
INFO: [Synth 8-6155] done synthesizing module 'axi_register_slice_v2_1_37_axic_register_slice__parameterized2' (0#1) [c:/F.A.L.C.O.N/Vivado_WS/Sobel_Filter_Project/Sobel_Filter_Project.gen/sources_1/bd/Design_1/ipshared/8c55/hdl/axi_register_slice_v2_1_rfs.v:1492]
INFO: [Synth 8-6157] synthesizing module 'axi_register_slice_v2_1_37_axic_register_slice__parameterized3' [c:/F.A.L.C.O.N/Vivado_WS/Sobel_Filter_Project/Sobel_Filter_Project.gen/sources_1/bd/Design_1/ipshared/8c55/hdl/axi_register_slice_v2_1_rfs.v:1492]
INFO: [Synth 8-6155] done synthesizing module 'axi_register_slice_v2_1_37_axic_register_slice__parameterized3' (0#1) [c:/F.A.L.C.O.N/Vivado_WS/Sobel_Filter_Project/Sobel_Filter_Project.gen/sources_1/bd/Design_1/ipshared/8c55/hdl/axi_register_slice_v2_1_rfs.v:1492]
INFO: [Synth 8-6155] done synthesizing module 'axi_register_slice_v2_1_37_axi_register_slice' (0#1) [c:/F.A.L.C.O.N/Vivado_WS/Sobel_Filter_Project/Sobel_Filter_Project.gen/sources_1/bd/Design_1/ipshared/8c55/hdl/axi_register_slice_v2_1_rfs.v:3721]
INFO: [Synth 8-7071] port 'aclk2x' of module 'axi_register_slice_v2_1_37_axi_register_slice' is unconnected for instance 'register_slice_inst' [c:/F.A.L.C.O.N/Vivado_WS/Sobel_Filter_Project/Sobel_Filter_Project.gen/sources_1/bd/Design_1/ipshared/5799/hdl/axi_mmu_v2_1_vl_rfs.v:1169]
INFO: [Synth 8-7023] instance 'register_slice_inst' of module 'axi_register_slice_v2_1_37_axi_register_slice' has 93 connections declared, but only 92 given [c:/F.A.L.C.O.N/Vivado_WS/Sobel_Filter_Project/Sobel_Filter_Project.gen/sources_1/bd/Design_1/ipshared/5799/hdl/axi_mmu_v2_1_vl_rfs.v:1169]
INFO: [Synth 8-6155] done synthesizing module 'axi_mmu_v2_1_35_top' (0#1) [c:/F.A.L.C.O.N/Vivado_WS/Sobel_Filter_Project/Sobel_Filter_Project.gen/sources_1/bd/Design_1/ipshared/5799/hdl/axi_mmu_v2_1_vl_rfs.v:553]
INFO: [Synth 8-6155] done synthesizing module 'Design_1_axi_interconnect_0_imp_s00_mmu_0' (0#1) [c:/F.A.L.C.O.N/Vivado_WS/Sobel_Filter_Project/Sobel_Filter_Project.gen/sources_1/bd/Design_1/ip/Design_1_axi_interconnect_0_imp_s00_mmu_0/synth/Design_1_axi_interconnect_0_imp_s00_mmu_0.v:53]
INFO: [Synth 8-7129] Port ACLK in module axi_register_slice_v2_1_37_axic_register_slice__parameterized3 is either unconnected or has no load
INFO: [Synth 8-7129] Port ARESET in module axi_register_slice_v2_1_37_axic_register_slice__parameterized3 is either unconnected or has no load
INFO: [Synth 8-7129] Port ACLK in module axi_register_slice_v2_1_37_axic_register_slice__parameterized1 is either unconnected or has no load
INFO: [Synth 8-7129] Port ARESET in module axi_register_slice_v2_1_37_axic_register_slice__parameterized1 is either unconnected or has no load
INFO: [Synth 8-7129] Port ACLK in module axi_register_slice_v2_1_37_axic_register_slice__parameterized0 is either unconnected or has no load
INFO: [Synth 8-7129] Port ARESET in module axi_register_slice_v2_1_37_axic_register_slice__parameterized0 is either unconnected or has no load
INFO: [Synth 8-7129] Port ACLK in module axi_register_slice_v2_1_37_axic_register_slice is either unconnected or has no load
INFO: [Synth 8-7129] Port ARESET in module axi_register_slice_v2_1_37_axic_register_slice is either unconnected or has no load
INFO: [Synth 8-7129] Port m_axi_buser[0] in module axi_infrastructure_v1_1_0_vector2axi is either unconnected or has no load
INFO: [Synth 8-7129] Port m_axi_ruser[0] in module axi_infrastructure_v1_1_0_vector2axi is either unconnected or has no load
INFO: [Synth 8-7129] Port s_axi_awuser[0] in module axi_infrastructure_v1_1_0_axi2vector is either unconnected or has no load
INFO: [Synth 8-7129] Port s_axi_wid[0] in module axi_infrastructure_v1_1_0_axi2vector is either unconnected or has no load
INFO: [Synth 8-7129] Port s_axi_wuser[0] in module axi_infrastructure_v1_1_0_axi2vector is either unconnected or has no load
INFO: [Synth 8-7129] Port s_axi_aruser[0] in module axi_infrastructure_v1_1_0_axi2vector is either unconnected or has no load
INFO: [Synth 8-7129] Port aclk2x in module axi_register_slice_v2_1_37_axi_register_slice is either unconnected or has no load
INFO: [Synth 8-7129] Port s_axi_awid[0] in module axi_mmu_v2_1_35_decerr_slave is either unconnected or has no load
INFO: [Synth 8-7129] Port s_axi_awvalid in module axi_mmu_v2_1_35_decerr_slave is either unconnected or has no load
INFO: [Synth 8-7129] Port s_axi_wlast in module axi_mmu_v2_1_35_decerr_slave is either unconnected or has no load
INFO: [Synth 8-7129] Port s_axi_wvalid in module axi_mmu_v2_1_35_decerr_slave is either unconnected or has no load
INFO: [Synth 8-7129] Port s_axi_bready in module axi_mmu_v2_1_35_decerr_slave is either unconnected or has no load
INFO: [Synth 8-7129] Port addr[28] in module axi_mmu_v2_1_35_addr_decoder is either unconnected or has no load
INFO: [Synth 8-7129] Port addr[27] in module axi_mmu_v2_1_35_addr_decoder is either unconnected or has no load
INFO: [Synth 8-7129] Port addr[26] in module axi_mmu_v2_1_35_addr_decoder is either unconnected or has no load
INFO: [Synth 8-7129] Port addr[25] in module axi_mmu_v2_1_35_addr_decoder is either unconnected or has no load
INFO: [Synth 8-7129] Port addr[24] in module axi_mmu_v2_1_35_addr_decoder is either unconnected or has no load
INFO: [Synth 8-7129] Port addr[23] in module axi_mmu_v2_1_35_addr_decoder is either unconnected or has no load
INFO: [Synth 8-7129] Port addr[22] in module axi_mmu_v2_1_35_addr_decoder is either unconnected or has no load
INFO: [Synth 8-7129] Port addr[21] in module axi_mmu_v2_1_35_addr_decoder is either unconnected or has no load
INFO: [Synth 8-7129] Port addr[20] in module axi_mmu_v2_1_35_addr_decoder is either unconnected or has no load
INFO: [Synth 8-7129] Port addr[19] in module axi_mmu_v2_1_35_addr_decoder is either unconnected or has no load
INFO: [Synth 8-7129] Port addr[18] in module axi_mmu_v2_1_35_addr_decoder is either unconnected or has no load
INFO: [Synth 8-7129] Port addr[17] in module axi_mmu_v2_1_35_addr_decoder is either unconnected or has no load
INFO: [Synth 8-7129] Port addr[16] in module axi_mmu_v2_1_35_addr_decoder is either unconnected or has no load
INFO: [Synth 8-7129] Port addr[15] in module axi_mmu_v2_1_35_addr_decoder is either unconnected or has no load
INFO: [Synth 8-7129] Port addr[14] in module axi_mmu_v2_1_35_addr_decoder is either unconnected or has no load
INFO: [Synth 8-7129] Port addr[13] in module axi_mmu_v2_1_35_addr_decoder is either unconnected or has no load
INFO: [Synth 8-7129] Port addr[12] in module axi_mmu_v2_1_35_addr_decoder is either unconnected or has no load
INFO: [Synth 8-7129] Port addr[11] in module axi_mmu_v2_1_35_addr_decoder is either unconnected or has no load
INFO: [Synth 8-7129] Port addr[10] in module axi_mmu_v2_1_35_addr_decoder is either unconnected or has no load
INFO: [Synth 8-7129] Port addr[9] in module axi_mmu_v2_1_35_addr_decoder is either unconnected or has no load
INFO: [Synth 8-7129] Port addr[8] in module axi_mmu_v2_1_35_addr_decoder is either unconnected or has no load
INFO: [Synth 8-7129] Port addr[7] in module axi_mmu_v2_1_35_addr_decoder is either unconnected or has no load
INFO: [Synth 8-7129] Port addr[6] in module axi_mmu_v2_1_35_addr_decoder is either unconnected or has no load
INFO: [Synth 8-7129] Port addr[5] in module axi_mmu_v2_1_35_addr_decoder is either unconnected or has no load
INFO: [Synth 8-7129] Port addr[4] in module axi_mmu_v2_1_35_addr_decoder is either unconnected or has no load
INFO: [Synth 8-7129] Port addr[3] in module axi_mmu_v2_1_35_addr_decoder is either unconnected or has no load
INFO: [Synth 8-7129] Port addr[2] in module axi_mmu_v2_1_35_addr_decoder is either unconnected or has no load
INFO: [Synth 8-7129] Port addr[1] in module axi_mmu_v2_1_35_addr_decoder is either unconnected or has no load
INFO: [Synth 8-7129] Port addr[0] in module axi_mmu_v2_1_35_addr_decoder is either unconnected or has no load
INFO: [Synth 8-7129] Port s_axi_awid[0] in module axi_mmu_v2_1_35_top is either unconnected or has no load
INFO: [Synth 8-7129] Port s_axi_awaddr[31] in module axi_mmu_v2_1_35_top is either unconnected or has no load
INFO: [Synth 8-7129] Port s_axi_awaddr[30] in module axi_mmu_v2_1_35_top is either unconnected or has no load
INFO: [Synth 8-7129] Port s_axi_awaddr[29] in module axi_mmu_v2_1_35_top is either unconnected or has no load
INFO: [Synth 8-7129] Port s_axi_awaddr[28] in module axi_mmu_v2_1_35_top is either unconnected or has no load
INFO: [Synth 8-7129] Port s_axi_awaddr[27] in module axi_mmu_v2_1_35_top is either unconnected or has no load
INFO: [Synth 8-7129] Port s_axi_awaddr[26] in module axi_mmu_v2_1_35_top is either unconnected or has no load
INFO: [Synth 8-7129] Port s_axi_awaddr[25] in module axi_mmu_v2_1_35_top is either unconnected or has no load
INFO: [Synth 8-7129] Port s_axi_awaddr[24] in module axi_mmu_v2_1_35_top is either unconnected or has no load
INFO: [Synth 8-7129] Port s_axi_awaddr[23] in module axi_mmu_v2_1_35_top is either unconnected or has no load
INFO: [Synth 8-7129] Port s_axi_awaddr[22] in module axi_mmu_v2_1_35_top is either unconnected or has no load
INFO: [Synth 8-7129] Port s_axi_awaddr[21] in module axi_mmu_v2_1_35_top is either unconnected or has no load
INFO: [Synth 8-7129] Port s_axi_awaddr[20] in module axi_mmu_v2_1_35_top is either unconnected or has no load
INFO: [Synth 8-7129] Port s_axi_awaddr[19] in module axi_mmu_v2_1_35_top is either unconnected or has no load
INFO: [Synth 8-7129] Port s_axi_awaddr[18] in module axi_mmu_v2_1_35_top is either unconnected or has no load
INFO: [Synth 8-7129] Port s_axi_awaddr[17] in module axi_mmu_v2_1_35_top is either unconnected or has no load
INFO: [Synth 8-7129] Port s_axi_awaddr[16] in module axi_mmu_v2_1_35_top is either unconnected or has no load
INFO: [Synth 8-7129] Port s_axi_awaddr[15] in module axi_mmu_v2_1_35_top is either unconnected or has no load
INFO: [Synth 8-7129] Port s_axi_awaddr[14] in module axi_mmu_v2_1_35_top is either unconnected or has no load
INFO: [Synth 8-7129] Port s_axi_awaddr[13] in module axi_mmu_v2_1_35_top is either unconnected or has no load
INFO: [Synth 8-7129] Port s_axi_awaddr[12] in module axi_mmu_v2_1_35_top is either unconnected or has no load
INFO: [Synth 8-7129] Port s_axi_awaddr[11] in module axi_mmu_v2_1_35_top is either unconnected or has no load
INFO: [Synth 8-7129] Port s_axi_awaddr[10] in module axi_mmu_v2_1_35_top is either unconnected or has no load
INFO: [Synth 8-7129] Port s_axi_awaddr[9] in module axi_mmu_v2_1_35_top is either unconnected or has no load
INFO: [Synth 8-7129] Port s_axi_awaddr[8] in module axi_mmu_v2_1_35_top is either unconnected or has no load
INFO: [Synth 8-7129] Port s_axi_awaddr[7] in module axi_mmu_v2_1_35_top is either unconnected or has no load
INFO: [Synth 8-7129] Port s_axi_awaddr[6] in module axi_mmu_v2_1_35_top is either unconnected or has no load
INFO: [Synth 8-7129] Port s_axi_awaddr[5] in module axi_mmu_v2_1_35_top is either unconnected or has no load
INFO: [Synth 8-7129] Port s_axi_awaddr[4] in module axi_mmu_v2_1_35_top is either unconnected or has no load
INFO: [Synth 8-7129] Port s_axi_awaddr[3] in module axi_mmu_v2_1_35_top is either unconnected or has no load
INFO: [Synth 8-7129] Port s_axi_awaddr[2] in module axi_mmu_v2_1_35_top is either unconnected or has no load
INFO: [Synth 8-7129] Port s_axi_awaddr[1] in module axi_mmu_v2_1_35_top is either unconnected or has no load
INFO: [Synth 8-7129] Port s_axi_awaddr[0] in module axi_mmu_v2_1_35_top is either unconnected or has no load
INFO: [Synth 8-7129] Port s_axi_awlen[7] in module axi_mmu_v2_1_35_top is either unconnected or has no load
INFO: [Synth 8-7129] Port s_axi_awlen[6] in module axi_mmu_v2_1_35_top is either unconnected or has no load
INFO: [Synth 8-7129] Port s_axi_awlen[5] in module axi_mmu_v2_1_35_top is either unconnected or has no load
INFO: [Synth 8-7129] Port s_axi_awlen[4] in module axi_mmu_v2_1_35_top is either unconnected or has no load
INFO: [Synth 8-7129] Port s_axi_awlen[3] in module axi_mmu_v2_1_35_top is either unconnected or has no load
INFO: [Synth 8-7129] Port s_axi_awlen[2] in module axi_mmu_v2_1_35_top is either unconnected or has no load
INFO: [Synth 8-7129] Port s_axi_awlen[1] in module axi_mmu_v2_1_35_top is either unconnected or has no load
INFO: [Synth 8-7129] Port s_axi_awlen[0] in module axi_mmu_v2_1_35_top is either unconnected or has no load
INFO: [Synth 8-7129] Port s_axi_awsize[2] in module axi_mmu_v2_1_35_top is either unconnected or has no load
INFO: [Synth 8-7129] Port s_axi_awsize[1] in module axi_mmu_v2_1_35_top is either unconnected or has no load
INFO: [Synth 8-7129] Port s_axi_awsize[0] in module axi_mmu_v2_1_35_top is either unconnected or has no load
INFO: [Synth 8-7129] Port s_axi_awburst[1] in module axi_mmu_v2_1_35_top is either unconnected or has no load
INFO: [Synth 8-7129] Port s_axi_awburst[0] in module axi_mmu_v2_1_35_top is either unconnected or has no load
INFO: [Synth 8-7129] Port s_axi_awlock[0] in module axi_mmu_v2_1_35_top is either unconnected or has no load
INFO: [Synth 8-7129] Port s_axi_awcache[3] in module axi_mmu_v2_1_35_top is either unconnected or has no load
INFO: [Synth 8-7129] Port s_axi_awcache[2] in module axi_mmu_v2_1_35_top is either unconnected or has no load
INFO: [Synth 8-7129] Port s_axi_awcache[1] in module axi_mmu_v2_1_35_top is either unconnected or has no load
INFO: [Synth 8-7129] Port s_axi_awcache[0] in module axi_mmu_v2_1_35_top is either unconnected or has no load
INFO: [Common 17-14] Message 'Synth 8-7129' appears 100 times and further instances of the messages will be disabled. Use the Tcl command set_msg_config to change the current settings.
---------------------------------------------------------------------------------
Finished RTL Elaboration : Time (s): cpu = 00:00:07 ; elapsed = 00:00:07 . Memory (MB): peak = 1531.195 ; gain = 708.867
---------------------------------------------------------------------------------
---------------------------------------------------------------------------------
Start Handling Custom Attributes
---------------------------------------------------------------------------------
---------------------------------------------------------------------------------
Finished Handling Custom Attributes : Time (s): cpu = 00:00:07 ; elapsed = 00:00:07 . Memory (MB): peak = 1531.195 ; gain = 708.867
---------------------------------------------------------------------------------
---------------------------------------------------------------------------------
Finished RTL Optimization Phase 1 : Time (s): cpu = 00:00:07 ; elapsed = 00:00:07 . Memory (MB): peak = 1531.195 ; gain = 708.867
---------------------------------------------------------------------------------
Netlist sorting complete. Time (s): cpu = 00:00:00 ; elapsed = 00:00:00.003 . Memory (MB): peak = 1531.195 ; gain = 0.000
INFO: [Project 1-570] Preparing netlist for logic optimization

Processing XDC Constraints
Initializing timing engine
Parsing XDC File [c:/F.A.L.C.O.N/Vivado_WS/Sobel_Filter_Project/Sobel_Filter_Project.gen/sources_1/bd/Design_1/ip/Design_1_axi_interconnect_0_imp_s00_mmu_0/Design_1_axi_interconnect_0_imp_s00_mmu_0_ooc.xdc] for cell 'inst'
Finished Parsing XDC File [c:/F.A.L.C.O.N/Vivado_WS/Sobel_Filter_Project/Sobel_Filter_Project.gen/sources_1/bd/Design_1/ip/Design_1_axi_interconnect_0_imp_s00_mmu_0/Design_1_axi_interconnect_0_imp_s00_mmu_0_ooc.xdc] for cell 'inst'
Parsing XDC File [C:/F.A.L.C.O.N/Vivado_WS/Sobel_Filter_Project/Sobel_Filter_Project.runs/Design_1_axi_interconnect_0_imp_s00_mmu_0_synth_1/dont_touch.xdc]
Finished Parsing XDC File [C:/F.A.L.C.O.N/Vivado_WS/Sobel_Filter_Project/Sobel_Filter_Project.runs/Design_1_axi_interconnect_0_imp_s00_mmu_0_synth_1/dont_touch.xdc]
Completed Processing XDC Constraints

Netlist sorting complete. Time (s): cpu = 00:00:00 ; elapsed = 00:00:00 . Memory (MB): peak = 1587.504 ; gain = 0.000
INFO: [Project 1-111] Unisim Transformation Summary:
No Unisim elements were transformed.

Constraint Validation Runtime : Time (s): cpu = 00:00:00 ; elapsed = 00:00:00.026 . Memory (MB): peak = 1588.707 ; gain = 0.000
INFO: [Designutils 20-5008] Incremental synthesis strategy off
---------------------------------------------------------------------------------
Finished Constraint Validation : Time (s): cpu = 00:00:13 ; elapsed = 00:00:13 . Memory (MB): peak = 1588.707 ; gain = 766.379
---------------------------------------------------------------------------------
---------------------------------------------------------------------------------
Start Loading Part and Timing Information
---------------------------------------------------------------------------------
Loading part: xc7z020clg400-1
---------------------------------------------------------------------------------
Finished Loading Part and Timing Information : Time (s): cpu = 00:00:13 ; elapsed = 00:00:13 . Memory (MB): peak = 1588.707 ; gain = 766.379
---------------------------------------------------------------------------------
---------------------------------------------------------------------------------
Start Applying 'set_property' XDC Constraints
---------------------------------------------------------------------------------
---------------------------------------------------------------------------------
Finished applying 'set_property' XDC Constraints : Time (s): cpu = 00:00:13 ; elapsed = 00:00:13 . Memory (MB): peak = 1588.707 ; gain = 766.379
---------------------------------------------------------------------------------
INFO: [Synth 8-802] inferred FSM for state register 'gen_read.r_state_reg' in module 'axi_mmu_v2_1_35_top'
---------------------------------------------------------------------------------------------------
                   State |                     New Encoding |                Previous Encoding 
---------------------------------------------------------------------------------------------------
                  iSTATE |                               00 |                              000
*
               R_PENDING |                               01 |                              001
                R_DECERR |                               10 |                              011
---------------------------------------------------------------------------------------------------
INFO: [Synth 8-3354] encoded FSM with state register 'gen_read.r_state_reg' using encoding 'sequential' in module 'axi_mmu_v2_1_35_top'
---------------------------------------------------------------------------------
Finished RTL Optimization Phase 2 : Time (s): cpu = 00:00:13 ; elapsed = 00:00:14 . Memory (MB): peak = 1588.707 ; gain = 766.379
---------------------------------------------------------------------------------
---------------------------------------------------------------------------------
Start RTL Component Statistics 
---------------------------------------------------------------------------------
Detailed RTL Component Info : 
+---Adders : 
	   2 Input    8 Bit       Adders := 1     
	   2 Input    6 Bit       Adders := 1     
+---Registers : 
	               63 Bit    Registers := 1     
	                8 Bit    Registers := 1     
	                6 Bit    Registers := 1     
	                2 Bit    Registers := 2     
	                1 Bit    Registers := 6     
+---Muxes : 
	   2 Input   32 Bit        Muxes := 1     
	   2 Input    8 Bit        Muxes := 1     
	   2 Input    2 Bit        Muxes := 3     
	   3 Input    2 Bit        Muxes := 1     
	   2 Input    1 Bit        Muxes := 20    
	   3 Input    1 Bit        Muxes := 2     
---------------------------------------------------------------------------------
Finished RTL Component Statistics 
---------------------------------------------------------------------------------
---------------------------------------------------------------------------------
Start Part Resource Summary
---------------------------------------------------------------------------------
Part Resources:
DSPs: 220 (col length:60)
BRAMs: 280 (col length: RAMB18 60 RAMB36 30)
---------------------------------------------------------------------------------
Finished Part Resource Summary
---------------------------------------------------------------------------------
---------------------------------------------------------------------------------
Start Cross Boundary and Area Optimization
---------------------------------------------------------------------------------
INFO: [Synth 8-3936] Found unconnected internal register 'register_slice_inst/ar.ar_pipe/m_payload_i_reg' and it is trimmed from '63' to '59' bits. [c:/F.A.L.C.O.N/Vivado_WS/Sobel_Filter_Project/Sobel_Filter_Project.gen/sources_1/bd/Design_1/ipshared/8c55/hdl/axi_register_slice_v2_1_rfs.v:2095]
---------------------------------------------------------------------------------
Finished Cross Boundary and Area Optimization : Time (s): cpu = 00:00:15 ; elapsed = 00:00:15 . Memory (MB): peak = 1612.594 ; gain = 790.266
---------------------------------------------------------------------------------
---------------------------------------------------------------------------------
Start Applying XDC Timing Constraints
---------------------------------------------------------------------------------
---------------------------------------------------------------------------------
Finished Applying XDC Timing Constraints : Time (s): cpu = 00:00:19 ; elapsed = 00:00:20 . Memory (MB): peak = 1752.594 ; gain = 930.266
---------------------------------------------------------------------------------
---------------------------------------------------------------------------------
Start Timing Optimization
---------------------------------------------------------------------------------
---------------------------------------------------------------------------------
Finished Timing Optimization : Time (s): cpu = 00:00:19 ; elapsed = 00:00:20 . Memory (MB): peak = 1774.105 ; gain = 951.777
---------------------------------------------------------------------------------
---------------------------------------------------------------------------------
Start Technology Mapping
---------------------------------------------------------------------------------
---------------------------------------------------------------------------------
Finished Technology Mapping : Time (s): cpu = 00:00:19 ; elapsed = 00:00:20 . Memory (MB): peak = 1774.906 ; gain = 952.578
---------------------------------------------------------------------------------
---------------------------------------------------------------------------------
Start IO Insertion
---------------------------------------------------------------------------------
---------------------------------------------------------------------------------
Start Flattening Before IO Insertion
---------------------------------------------------------------------------------
---------------------------------------------------------------------------------
Finished Flattening Before IO Insertion
---------------------------------------------------------------------------------
---------------------------------------------------------------------------------
Start Final Netlist Cleanup
---------------------------------------------------------------------------------
---------------------------------------------------------------------------------
Finished Final Netlist Cleanup
---------------------------------------------------------------------------------
---------------------------------------------------------------------------------
Finished IO Insertion : Time (s): cpu = 00:00:23 ; elapsed = 00:00:23 . Memory (MB): peak = 2038.164 ; gain = 1215.836
---------------------------------------------------------------------------------
---------------------------------------------------------------------------------
Start Renaming Generated Instances
---------------------------------------------------------------------------------
---------------------------------------------------------------------------------
Finished Renaming Generated Instances : Time (s): cpu = 00:00:23 ; elapsed = 00:00:23 . Memory (MB): peak = 2038.164 ; gain = 1215.836
---------------------------------------------------------------------------------
---------------------------------------------------------------------------------
Start Rebuilding User Hierarchy
---------------------------------------------------------------------------------
---------------------------------------------------------------------------------
Finished Rebuilding User Hierarchy : Time (s): cpu = 00:00:23 ; elapsed = 00:00:23 . Memory (MB): peak = 2038.164 ; gain = 1215.836
---------------------------------------------------------------------------------
---------------------------------------------------------------------------------
Start Renaming Generated Ports
---------------------------------------------------------------------------------
---------------------------------------------------------------------------------
Finished Renaming Generated Ports : Time (s): cpu = 00:00:23 ; elapsed = 00:00:23 . Memory (MB): peak = 2038.164 ; gain = 1215.836
---------------------------------------------------------------------------------
---------------------------------------------------------------------------------
Start Handling Custom Attributes
---------------------------------------------------------------------------------
---------------------------------------------------------------------------------
Finished Handling Custom Attributes : Time (s): cpu = 00:00:23 ; elapsed = 00:00:23 . Memory (MB): peak = 2038.164 ; gain = 1215.836
---------------------------------------------------------------------------------
---------------------------------------------------------------------------------
Start Renaming Generated Nets
---------------------------------------------------------------------------------
---------------------------------------------------------------------------------
Finished Renaming Generated Nets : Time (s): cpu = 00:00:23 ; elapsed = 00:00:23 . Memory (MB): peak = 2038.164 ; gain = 1215.836
---------------------------------------------------------------------------------
---------------------------------------------------------------------------------
Start Writing Synthesis Report
---------------------------------------------------------------------------------

Report BlackBoxes: 
+-+--------------+----------+
| |BlackBox name |Instances |
+-+--------------+----------+
+-+--------------+----------+

Report Cell Usage: 
+------+-----+------+
|      |Cell |Count |
+------+-----+------+
|1     |LUT1 |     2|
|2     |LUT2 |     5|
|3     |LUT3 |    41|
|4     |LUT4 |    12|
|5     |LUT5 |    10|
|6     |LUT6 |    19|
|7     |FDRE |    80|
|8     |FDSE |     1|
+------+-----+------+
---------------------------------------------------------------------------------
Finished Writing Synthesis Report : Time (s): cpu = 00:00:23 ; elapsed = 00:00:23 . Memory (MB): peak = 2038.164 ; gain = 1215.836
---------------------------------------------------------------------------------
Synthesis finished with 0 errors, 0 critical warnings and 0 warnings.
Synthesis Optimization Runtime : Time (s): cpu = 00:00:15 ; elapsed = 00:00:22 . Memory (MB): peak = 2038.164 ; gain = 1158.324
Synthesis Optimization Complete : Time (s): cpu = 00:00:23 ; elapsed = 00:00:23 . Memory (MB): peak = 2038.164 ; gain = 1215.836
INFO: [Project 1-571] Translating synthesized netlist
Netlist sorting complete. Time (s): cpu = 00:00:00 ; elapsed = 00:00:00.001 . Memory (MB): peak = 2047.281 ; gain = 0.000
INFO: [Project 1-570] Preparing netlist for logic optimization
INFO: [Opt 31-138] Pushed 0 inverter(s) to 0 load pin(s).
Netlist sorting complete. Time (s): cpu = 00:00:00 ; elapsed = 00:00:00 . Memory (MB): peak = 2050.961 ; gain = 0.000
INFO: [Project 1-111] Unisim Transformation Summary:
No Unisim elements were transformed.

Synth Design complete | Checksum: 9100eba9
INFO: [Common 17-83] Releasing license: Vivado_Synthesis
147 Infos, 0 Warnings, 0 Critical Warnings and 0 Errors encountered.
synth_design completed successfully
synth_design: Time (s): cpu = 00:00:26 ; elapsed = 00:00:29 . Memory (MB): peak = 2050.984 ; gain = 1449.891
Write ShapeDB Complete: Time (s): cpu = 00:00:00 ; elapsed = 00:00:00.004 . Memory (MB): peak = 2050.984 ; gain = 0.000
INFO: [Common 17-1381] The checkpoint 'C:/F.A.L.C.O.N/Vivado_WS/Sobel_Filter_Project/Sobel_Filter_Project.runs/Design_1_axi_interconnect_0_imp_s00_mmu_0_synth_1/Design_1_axi_interconnect_0_imp_s00_mmu_0.dcp' has been generated.
INFO: [Ipptcl 7-1612] Added synthesis output to IP cache for IP Design_1_axi_interconnect_0_imp_s00_mmu_0, cache-ID = ed7b5b978307daf2
INFO: [Coretcl 2-1174] Renamed 4 cell refs.
Write ShapeDB Complete: Time (s): cpu = 00:00:00 ; elapsed = 00:00:00.001 . Memory (MB): peak = 2050.984 ; gain = 0.000
INFO: [Common 17-1381] The checkpoint 'C:/F.A.L.C.O.N/Vivado_WS/Sobel_Filter_Project/Sobel_Filter_Project.runs/Design_1_axi_interconnect_0_imp_s00_mmu_0_synth_1/Design_1_axi_interconnect_0_imp_s00_mmu_0.dcp' has been generated.
INFO: [Vivado 12-24828] Executing command : report_utilization -file Design_1_axi_interconnect_0_imp_s00_mmu_0_utilization_synth.rpt -pb Design_1_axi_interconnect_0_imp_s00_mmu_0_utilization_synth.pb
INFO: [Common 17-206] Exiting Vivado at Wed Sep 23 00:16:40 2026...
