

================================================================
== Vitis HLS Report for 'Canny_Filter'
================================================================
* Date:           Thu Sep 24 14:58:50 2026

* Version:        2026.1 (Build 6493734 on Jun 16 2026)
* Project:        Canny_Filter_IP
* Solution:       hls
* Product family: zynq
* Target device:  xc7z020-clg400-1


================================================================
== Performance Estimates
================================================================
+ Timing: 
    * Summary: 
    +--------+----------+----------+------------+
    |  Clock |  Target  | Estimated| Uncertainty|
    +--------+----------+----------+------------+
    |ap_clk  |  10.00 ns|  7.396 ns|     2.70 ns|
    +--------+----------+----------+------------+

+ Latency: 
    * Summary: 
    +---------+---------+----------+----------+-----+-----+----------+
    |  Latency (cycles) |  Latency (absolute) |  Interval | Pipeline |
    |   min   |   max   |    min   |    max   | min | max |   Type   |
    +---------+---------+----------+----------+-----+-----+----------+
    |        ?|        ?|         ?|         ?|    ?|    ?|  dataflow|
    +---------+---------+----------+----------+-----+-----+----------+

    + Detail: 
        * Instance: 
        +-----------------------+--------------------+---------+---------+----------+----------+-----+-----+---------+
        |                       |                    |  Latency (cycles) |  Latency (absolute) |  Interval | Pipeline|
        |        Instance       |       Module       |   min   |   max   |    min   |    max   | min | max |   Type  |
        +-----------------------+--------------------+---------+---------+----------+----------+-----+-----+---------+
        |entry_proc_U0          |entry_proc          |        0|        0|      0 ns|      0 ns|    0|    0|       no|
        |Gaussian_Filter_U0     |Gaussian_Filter     |        ?|        ?|         ?|         ?|    ?|    ?|       no|
        |Sobel_Filter_U0        |Sobel_Filter        |        ?|        ?|         ?|         ?|    ?|    ?|       no|
        |Suppression_Filter_U0  |Suppression_Filter  |        ?|        ?|         ?|         ?|    ?|    ?|       no|
        |Hysteresis_Filter_U0   |Hysteresis_Filter   |        ?|        ?|         ?|         ?|    ?|    ?|       no|
        +-----------------------+--------------------+---------+---------+----------+----------+-----+-----+---------+

        * Loop: 
        N/A



================================================================
== Utilization Estimates
================================================================
* Summary: 
+-----------------+---------+-----+--------+-------+-----+
|       Name      | BRAM_18K| DSP |   FF   |  LUT  | URAM|
+-----------------+---------+-----+--------+-------+-----+
|DSP              |        -|    -|       -|      -|    -|
|Expression       |        -|    -|       0|     12|    -|
|FIFO             |        -|    -|    1089|    743|    -|
|Instance         |       27|   16|    4808|   5948|    0|
|Memory           |        -|    -|       -|      -|    -|
|Multiplexer      |        -|    -|       0|     18|    -|
|Register         |        -|    -|       2|      -|    -|
+-----------------+---------+-----+--------+-------+-----+
|Total            |       27|   16|    5899|   6721|    0|
+-----------------+---------+-----+--------+-------+-----+
|Available        |      280|  220|  106400|  53200|    0|
+-----------------+---------+-----+--------+-------+-----+
|Utilization (%)  |        9|    7|       5|     12|    0|
+-----------------+---------+-----+--------+-------+-----+

+ Detail: 
    * Instance: 
    +-----------------------+--------------------+---------+----+------+------+-----+
    |        Instance       |       Module       | BRAM_18K| DSP|  FF  |  LUT | URAM|
    +-----------------------+--------------------+---------+----+------+------+-----+
    |Gaussian_Filter_U0     |Gaussian_Filter     |        8|   4|  1251|  1154|    0|
    |Hysteresis_Filter_U0   |Hysteresis_Filter   |        8|   4|  1127|  1589|    0|
    |Sobel_Filter_U0        |Sobel_Filter        |        8|   4|  1453|  1966|    0|
    |Suppression_Filter_U0  |Suppression_Filter  |        3|   4|   786|   905|    0|
    |control_s_axi_U        |control_s_axi       |        0|   0|   188|   296|    0|
    |entry_proc_U0          |entry_proc          |        0|   0|     3|    38|    0|
    +-----------------------+--------------------+---------+----+------+------+-----+
    |Total                  |                    |       27|  16|  4808|  5948|    0|
    +-----------------------+--------------------+---------+----+------+------+-----+

    * DSP: 
    N/A

    * Memory: 
    N/A

    * FIFO: 
    +-----------------------------+---------+----+----+-----+------+-----+---------+
    |             Name            | BRAM_18K| FF | LUT| URAM| Depth| Bits| Size:D*B|
    +-----------------------------+---------+----+----+-----+------+-----+---------+
    |Cols_c3_U                    |        0|  99|  68|    0|     2|   32|       64|
    |Cols_c4_U                    |        0|  99|  68|    0|     2|   32|       64|
    |Cols_c_U                     |        0|  99|  68|    0|     2|   32|       64|
    |Gaussian_to_Sobel_U          |        0|  99|  67|    0|     8|   32|      256|
    |High_Threshold_c_U           |        0|  99|  67|    0|     5|   32|      160|
    |Low_Threshold_c_U            |        0|  99|  67|    0|     5|   32|      160|
    |Rows_c1_U                    |        0|  99|  68|    0|     2|   32|       64|
    |Rows_c2_U                    |        0|  99|  68|    0|     2|   32|       64|
    |Rows_c_U                     |        0|  99|  68|    0|     2|   32|       64|
    |Sobel_to_Suppression_U       |        0|  99|  67|    0|     8|   32|      256|
    |Suppression_to_Hysteresis_U  |        0|  99|  67|    0|     8|   32|      256|
    +-----------------------------+---------+----+----+-----+------+-----+---------+
    |Total                        |        0|1089| 743|    0|    46|  352|     1472|
    +-----------------------------+---------+----+----+-----+------+-----+---------+

    * Expression: 
    +-------------------------------------+----------+----+---+----+------------+------------+
    |            Variable Name            | Operation| DSP| FF| LUT| Bitwidth P0| Bitwidth P1|
    +-------------------------------------+----------+----+---+----+------------+------------+
    |Gaussian_Filter_U0_ap_start          |       and|   0|  0|   2|           1|           1|
    |ap_idle                              |       and|   0|  0|   2|           1|           1|
    |ap_sync_ready                        |       and|   0|  0|   2|           1|           1|
    |entry_proc_U0_ap_start               |       and|   0|  0|   2|           1|           1|
    |ap_sync_Gaussian_Filter_U0_ap_ready  |        or|   0|  0|   2|           1|           1|
    |ap_sync_entry_proc_U0_ap_ready       |        or|   0|  0|   2|           1|           1|
    +-------------------------------------+----------+----+---+----+------------+------------+
    |Total                                |          |   0|  0|  12|           6|           6|
    +-------------------------------------+----------+----+---+----+------------+------------+

    * Multiplexer: 
    +-----------------------------------------+----+-----------+-----+-----------+
    |                   Name                  | LUT| Input Size| Bits| Total Bits|
    +-----------------------------------------+----+-----------+-----+-----------+
    |ap_sync_reg_Gaussian_Filter_U0_ap_ready  |   9|          2|    1|          2|
    |ap_sync_reg_entry_proc_U0_ap_ready       |   9|          2|    1|          2|
    +-----------------------------------------+----+-----------+-----+-----------+
    |Total                                    |  18|          4|    2|          4|
    +-----------------------------------------+----+-----------+-----+-----------+

    * Register: 
    +-----------------------------------------+---+----+-----+-----------+
    |                   Name                  | FF| LUT| Bits| Const Bits|
    +-----------------------------------------+---+----+-----+-----------+
    |ap_sync_reg_Gaussian_Filter_U0_ap_ready  |  1|   0|    1|          0|
    |ap_sync_reg_entry_proc_U0_ap_ready       |  1|   0|    1|          0|
    +-----------------------------------------+---+----+-----+-----------+
    |Total                                    |  2|   0|    2|          0|
    +-----------------------------------------+---+----+-----+-----------+



================================================================
== Interface
================================================================
* Summary: 
+-----------------------+-----+-----+------------+------------------------+--------------+
|       RTL Ports       | Dir | Bits|  Protocol  |      Source Object     |    C Type    |
+-----------------------+-----+-----+------------+------------------------+--------------+
|s_axi_control_AWVALID  |   in|    1|       s_axi|                 control|        scalar|
|s_axi_control_AWREADY  |  out|    1|       s_axi|                 control|        scalar|
|s_axi_control_AWADDR   |   in|    6|       s_axi|                 control|        scalar|
|s_axi_control_WVALID   |   in|    1|       s_axi|                 control|        scalar|
|s_axi_control_WREADY   |  out|    1|       s_axi|                 control|        scalar|
|s_axi_control_WDATA    |   in|   32|       s_axi|                 control|        scalar|
|s_axi_control_WSTRB    |   in|    4|       s_axi|                 control|        scalar|
|s_axi_control_ARVALID  |   in|    1|       s_axi|                 control|        scalar|
|s_axi_control_ARREADY  |  out|    1|       s_axi|                 control|        scalar|
|s_axi_control_ARADDR   |   in|    6|       s_axi|                 control|        scalar|
|s_axi_control_RVALID   |  out|    1|       s_axi|                 control|        scalar|
|s_axi_control_RREADY   |   in|    1|       s_axi|                 control|        scalar|
|s_axi_control_RDATA    |  out|   32|       s_axi|                 control|        scalar|
|s_axi_control_RRESP    |  out|    2|       s_axi|                 control|        scalar|
|s_axi_control_BVALID   |  out|    1|       s_axi|                 control|        scalar|
|s_axi_control_BREADY   |   in|    1|       s_axi|                 control|        scalar|
|s_axi_control_BRESP    |  out|    2|       s_axi|                 control|        scalar|
|ap_clk                 |   in|    1|  ap_ctrl_hs|            Canny_Filter|  return value|
|ap_rst_n               |   in|    1|  ap_ctrl_hs|            Canny_Filter|  return value|
|interrupt              |  out|    1|  ap_ctrl_hs|            Canny_Filter|  return value|
|Input_Stream_TDATA     |   in|   32|        axis|   Input_Stream_V_data_V|       pointer|
|Input_Stream_TKEEP     |   in|    4|        axis|   Input_Stream_V_keep_V|       pointer|
|Input_Stream_TSTRB     |   in|    4|        axis|   Input_Stream_V_strb_V|       pointer|
|Input_Stream_TUSER     |   in|    3|        axis|   Input_Stream_V_user_V|       pointer|
|Input_Stream_TLAST     |   in|    1|        axis|   Input_Stream_V_last_V|       pointer|
|Input_Stream_TID       |   in|    5|        axis|     Input_Stream_V_id_V|       pointer|
|Input_Stream_TDEST     |   in|    6|        axis|   Input_Stream_V_dest_V|       pointer|
|Input_Stream_TVALID    |   in|    1|        axis|   Input_Stream_V_dest_V|       pointer|
|Input_Stream_TREADY    |  out|    1|        axis|   Input_Stream_V_dest_V|       pointer|
|Output_Stream_TDATA    |  out|   32|        axis|  Output_Stream_V_data_V|       pointer|
|Output_Stream_TKEEP    |  out|    4|        axis|  Output_Stream_V_keep_V|       pointer|
|Output_Stream_TSTRB    |  out|    4|        axis|  Output_Stream_V_strb_V|       pointer|
|Output_Stream_TUSER    |  out|    3|        axis|  Output_Stream_V_user_V|       pointer|
|Output_Stream_TLAST    |  out|    1|        axis|  Output_Stream_V_last_V|       pointer|
|Output_Stream_TID      |  out|    5|        axis|    Output_Stream_V_id_V|       pointer|
|Output_Stream_TDEST    |  out|    6|        axis|  Output_Stream_V_dest_V|       pointer|
|Output_Stream_TVALID   |  out|    1|        axis|  Output_Stream_V_dest_V|       pointer|
|Output_Stream_TREADY   |   in|    1|        axis|  Output_Stream_V_dest_V|       pointer|
+-----------------------+-----+-----+------------+------------------------+--------------+

