================================================================
== Design Size Report
================================================================

* Total Instructions per Compilation Phase
+---------------+----------------------------+--------------+----------------------------------------------------------------------------------------+
| Phase         | Step                       | Instructions | Description                                                                            |
+---------------+----------------------------+--------------+----------------------------------------------------------------------------------------+
| Compile/Link  |                            | 1,384        | After all functions are compiled and linked into a single design                       |
|               |                            |              |                                                                                        |
| Unroll/Inline |                            |              | After user unroll and inline pragmas are applied                                       |
|               | (1) unroll                 |   754        | user unroll pragmas are applied                                                        |
|               | (2) simplification         |   478        | simplification of applied user unroll pragmas                                          |
|               | (3) inline                 |   557        | user inline pragmas are applied                                                        |
|               | (4) simplification         |   523        | simplification of applied user inline pragmas                                          |
|               |                            |              |                                                                                        |
| Array/Struct  |                            |              | After user array partition and struct aggregate/disaggregate pragmas are applied       |
|               | (1) array partition        |   435        | user array partition pragmas are applied                                               |
|               | (2) simplification         |   427        | simplification of applied user array partition & struct aggregate/disaggregate pragmas |
|               | (3) aggregate/disaggregate |   427        | user struct aggregate/disaggregate pragmas are applied                                 |
|               | (4) array reshape          |   427        | apply array reshape pragmas                                                            |
|               | (5) access patterns        |   535        | array access pattern optmizations                                                      |
|               |                            |              |                                                                                        |
| Performance   |                            |              | After transformations are applied to meet performance pragma targets                   |
|               | (1) loop simplification    |   534        | loop and instruction simplification                                                    |
|               | (2) parallelization        |   485        | loops are unrolled or pipelined to meet performance targets                            |
|               | (3) array partition        |   435        | arrays are partitioned to meet performance targets                                     |
|               | (4) simplification         |   435        | simplification of design after performance transformations                             |
|               |                            |              |                                                                                        |
| HW Transforms |                            |              | After hardware transfomations                                                          |
|               | (1) lowering               |   426        | initial conversion to HW specific instructions                                         |
|               | (2) optimizations          |   370        | high level synthesis optimizations                                                     |
+---------------+----------------------------+--------------+----------------------------------------------------------------------------------------+

* Instructions per Function for each Compilation Phase
+-----------------------+--------------------------+--------------+---------------+--------------+-------------+---------------+
| Function              | Location                 | Compile/Link | Unroll/Inline | Array/Struct | Performance | HW Transforms |
+-----------------------+--------------------------+--------------+---------------+--------------+-------------+---------------+
| + Canny_Filter        | Canny_Filter.cpp:3       | 1,384        | 523           | 535          | 435         | 370           |
|    Gaussian_Filter    | Gaussian_Filter.cpp:3    |   372        | 135           | 111          |  95         |  67           |
|    Sobel_Filter       | Sobel_Filter.cpp:3       |   241        | 118           | 102          |  94         |  93           |
|    Suppression_Filter | Suppression_Filter.cpp:3 |   171        |  94           |  78          |  70         |  69           |
|    Hysteresis_Filter  | Hysteresis_Filter.cpp:3  |   562        | 155           | 209          | 141         |  93           |
+-----------------------+--------------------------+--------------+---------------+--------------+-------------+---------------+

* Design Size Message Settings
+---------------------------------------------+--------+------------------------------------------------------------------+
| Message Setting                             | Value  | Description                                                      |
+---------------------------------------------+--------+------------------------------------------------------------------+
| config_compile -design_size_maximum_warning | 100000 | Show a warning when total design instructions exceeds this value |
+---------------------------------------------+--------+------------------------------------------------------------------+


