

================================================================
== Vitis HLS Report for 'entry_proc'
================================================================
* Date:           Thu Sep 24 14:58:46 2026

* Version:        2026.1 (Build 6493734 on Jun 16 2026)
* Project:        Canny_Filter_IP
* Solution:       hls
* Product family: zynq
* Target device:  xc7z020-clg400-1


================================================================
== Performance Estimates
================================================================
+ Timing: 
    * Summary: 
    +--------+----------+----------+------------+
    |  Clock |  Target  | Estimated| Uncertainty|
    +--------+----------+----------+------------+
    |ap_clk  |  10.00 ns|  3.613 ns|     2.70 ns|
    +--------+----------+----------+------------+

+ Latency: 
    * Summary: 
    +---------+---------+----------+----------+-----+-----+---------+
    |  Latency (cycles) |  Latency (absolute) |  Interval | Pipeline|
    |   min   |   max   |    min   |    max   | min | max |   Type  |
    +---------+---------+----------+----------+-----+-----+---------+
    |        0|        0|      0 ns|      0 ns|    0|    0|       no|
    +---------+---------+----------+----------+-----+-----+---------+

    + Detail: 
        * Instance: 
        N/A

        * Loop: 
        N/A



================================================================
== Utilization Estimates
================================================================
* Summary: 
+-----------------+---------+-----+--------+-------+-----+
|       Name      | BRAM_18K| DSP |   FF   |  LUT  | URAM|
+-----------------+---------+-----+--------+-------+-----+
|DSP              |        -|    -|       -|      -|    -|
|Expression       |        -|    -|       0|      2|    -|
|FIFO             |        -|    -|       -|      -|    -|
|Instance         |        -|    -|       -|      -|    -|
|Memory           |        -|    -|       -|      -|    -|
|Multiplexer      |        -|    -|       0|     36|    -|
|Register         |        -|    -|       3|      -|    -|
+-----------------+---------+-----+--------+-------+-----+
|Total            |        0|    0|       3|     38|    0|
+-----------------+---------+-----+--------+-------+-----+
|Available        |      280|  220|  106400|  53200|    0|
+-----------------+---------+-----+--------+-------+-----+
|Utilization (%)  |        0|    0|      ~0|     ~0|    0|
+-----------------+---------+-----+--------+-------+-----+

+ Detail: 
    * Instance: 
    N/A

    * DSP: 
    N/A

    * Memory: 
    N/A

    * FIFO: 
    N/A

    * Expression: 
    +-----------------+----------+----+---+----+------------+------------+
    |  Variable Name  | Operation| DSP| FF| LUT| Bitwidth P0| Bitwidth P1|
    +-----------------+----------+----+---+----+------------+------------+
    |ap_block_state1  |        or|   0|  0|   2|           1|           1|
    +-----------------+----------+----+---+----+------------+------------+
    |Total            |          |   0|  0|   2|           1|           1|
    +-----------------+----------+----+---+----+------------+------------+

    * Multiplexer: 
    +------------------------+----+-----------+-----+-----------+
    |          Name          | LUT| Input Size| Bits| Total Bits|
    +------------------------+----+-----------+-----+-----------+
    |High_Threshold_c_blk_n  |   9|          2|    1|          2|
    |Low_Threshold_c_blk_n   |   9|          2|    1|          2|
    |ap_done                 |   9|          2|    1|          2|
    |real_start              |   9|          2|    1|          2|
    +------------------------+----+-----------+-----+-----------+
    |Total                   |  36|          8|    4|          8|
    +------------------------+----+-----------+-----+-----------+

    * Register: 
    +----------------+---+----+-----+-----------+
    |      Name      | FF| LUT| Bits| Const Bits|
    +----------------+---+----+-----+-----------+
    |ap_CS_fsm       |  1|   0|    1|          0|
    |ap_done_reg     |  1|   0|    1|          0|
    |start_once_reg  |  1|   0|    1|          0|
    +----------------+---+----+-----+-----------+
    |Total           |  3|   0|    3|          0|
    +----------------+---+----+-----+-----------+



================================================================
== Interface
================================================================
* Summary: 
+---------------------------------+-----+-----+------------+------------------+--------------+
|            RTL Ports            | Dir | Bits|  Protocol  |   Source Object  |    C Type    |
+---------------------------------+-----+-----+------------+------------------+--------------+
|ap_clk                           |   in|    1|  ap_ctrl_hs|        entry_proc|  return value|
|ap_rst                           |   in|    1|  ap_ctrl_hs|        entry_proc|  return value|
|ap_start                         |   in|    1|  ap_ctrl_hs|        entry_proc|  return value|
|start_full_n                     |   in|    1|  ap_ctrl_hs|        entry_proc|  return value|
|ap_done                          |  out|    1|  ap_ctrl_hs|        entry_proc|  return value|
|ap_continue                      |   in|    1|  ap_ctrl_hs|        entry_proc|  return value|
|ap_idle                          |  out|    1|  ap_ctrl_hs|        entry_proc|  return value|
|ap_ready                         |  out|    1|  ap_ctrl_hs|        entry_proc|  return value|
|start_out                        |  out|    1|  ap_ctrl_hs|        entry_proc|  return value|
|start_write                      |  out|    1|  ap_ctrl_hs|        entry_proc|  return value|
|High_Threshold                   |   in|   32|     ap_none|    High_Threshold|        scalar|
|High_Threshold_c_din             |  out|   32|     ap_fifo|  High_Threshold_c|       pointer|
|High_Threshold_c_full_n          |   in|    1|     ap_fifo|  High_Threshold_c|       pointer|
|High_Threshold_c_write           |  out|    1|     ap_fifo|  High_Threshold_c|       pointer|
|High_Threshold_c_num_data_valid  |   in|    4|     ap_fifo|  High_Threshold_c|       pointer|
|High_Threshold_c_fifo_cap        |   in|    4|     ap_fifo|  High_Threshold_c|       pointer|
|Low_Threshold                    |   in|   32|     ap_none|     Low_Threshold|        scalar|
|Low_Threshold_c_din              |  out|   32|     ap_fifo|   Low_Threshold_c|       pointer|
|Low_Threshold_c_full_n           |   in|    1|     ap_fifo|   Low_Threshold_c|       pointer|
|Low_Threshold_c_write            |  out|    1|     ap_fifo|   Low_Threshold_c|       pointer|
|Low_Threshold_c_num_data_valid   |   in|    4|     ap_fifo|   Low_Threshold_c|       pointer|
|Low_Threshold_c_fifo_cap         |   in|    4|     ap_fifo|   Low_Threshold_c|       pointer|
+---------------------------------+-----+-----+------------+------------------+--------------+

