

================================================================
== Vitis HLS Report for 'Gaussian_Filter'
================================================================
* Date:           Thu Sep 24 14:58:46 2026

* Version:        2026.1 (Build 6493734 on Jun 16 2026)
* Project:        Canny_Filter_IP
* Solution:       hls
* Product family: zynq
* Target device:  xc7z020-clg400-1


================================================================
== Performance Estimates
================================================================
+ Timing: 
    * Summary: 
    +--------+----------+----------+------------+
    |  Clock |  Target  | Estimated| Uncertainty|
    +--------+----------+----------+------------+
    |ap_clk  |  10.00 ns|  7.396 ns|     2.70 ns|
    +--------+----------+----------+------------+

+ Latency: 
    * Summary: 
    +---------+---------+----------+----------+-----+-----+---------+
    |  Latency (cycles) |  Latency (absolute) |  Interval | Pipeline|
    |   min   |   max   |    min   |    max   | min | max |   Type  |
    +---------+---------+----------+----------+-----+-----+---------+
    |        ?|        ?|         ?|         ?|    ?|    ?|       no|
    +---------+---------+----------+----------+-----+-----+---------+

    + Detail: 
        * Instance: 
        +--------------------------------------------------------------------+----------------------------------------------------------+---------+---------+----------+----------+-----+-----+-------------------+
        |                                                                    |                                                          |  Latency (cycles) |  Latency (absolute) |  Interval |      Pipeline     |
        |                              Instance                              |                          Module                          |   min   |   max   |    min   |    max   | min | max |        Type       |
        +--------------------------------------------------------------------+----------------------------------------------------------+---------+---------+----------+----------+-----+-----+-------------------+
        |grp_Gaussian_Filter_Pipeline_VITIS_LOOP_13_1_VITIS_LOOP_15_2_fu_90  |Gaussian_Filter_Pipeline_VITIS_LOOP_13_1_VITIS_LOOP_15_2  |        ?|        ?|         ?|         ?|    0|    0|  loop pipeline stp|
        +--------------------------------------------------------------------+----------------------------------------------------------+---------+---------+----------+----------+-----+-----+-------------------+

        * Loop: 
        N/A



================================================================
== Utilization Estimates
================================================================
* Summary: 
+-----------------+---------+-----+--------+-------+-----+
|       Name      | BRAM_18K| DSP |   FF   |  LUT  | URAM|
+-----------------+---------+-----+--------+-------+-----+
|DSP              |        -|    -|       -|      -|    -|
|Expression       |        -|    -|       0|    142|    -|
|FIFO             |        -|    -|       -|      -|    -|
|Instance         |        8|    4|    1087|    936|    0|
|Memory           |        -|    -|       -|      -|    -|
|Multiplexer      |        -|    -|       0|     76|    -|
|Register         |        -|    -|     164|      -|    -|
+-----------------+---------+-----+--------+-------+-----+
|Total            |        8|    4|    1251|   1154|    0|
+-----------------+---------+-----+--------+-------+-----+
|Available        |      280|  220|  106400|  53200|    0|
+-----------------+---------+-----+--------+-------+-----+
|Utilization (%)  |        2|    1|       1|      2|    0|
+-----------------+---------+-----+--------+-------+-----+

+ Detail: 
    * Instance: 
    +--------------------------------------------------------------------+----------------------------------------------------------+---------+----+-----+-----+-----+
    |                              Instance                              |                          Module                          | BRAM_18K| DSP|  FF | LUT | URAM|
    +--------------------------------------------------------------------+----------------------------------------------------------+---------+----+-----+-----+-----+
    |grp_Gaussian_Filter_Pipeline_VITIS_LOOP_13_1_VITIS_LOOP_15_2_fu_90  |Gaussian_Filter_Pipeline_VITIS_LOOP_13_1_VITIS_LOOP_15_2  |        8|   0|  946|  888|    0|
    |mul_31ns_31ns_62_2_1_U16                                            |mul_31ns_31ns_62_2_1                                      |        0|   4|  141|   48|    0|
    +--------------------------------------------------------------------+----------------------------------------------------------+---------+----+-----+-----+-----+
    |Total                                                               |                                                          |        8|   4| 1087|  936|    0|
    +--------------------------------------------------------------------+----------------------------------------------------------+---------+----+-----+-----+-----+

    * DSP: 
    N/A

    * Memory: 
    N/A

    * FIFO: 
    N/A

    * Expression: 
    +--------------------+----------+----+---+----+------------+------------+
    |    Variable Name   | Operation| DSP| FF| LUT| Bitwidth P0| Bitwidth P1|
    +--------------------+----------+----+---+----+------------+------------+
    |empty_81_fu_124_p2  |      icmp|   0|  0|  39|          32|           1|
    |empty_82_fu_138_p2  |      icmp|   0|  0|  39|          32|           1|
    |ap_block_state1     |        or|   0|  0|   2|           1|           1|
    |smax1_fu_144_p3     |    select|   0|  0|  31|           1|          31|
    |smax_fu_130_p3      |    select|   0|  0|  31|           1|          31|
    +--------------------+----------+----+---+----+------------+------------+
    |Total               |          |   0|  0| 142|          67|          65|
    +--------------------+----------+----+---+----+------------+------------+

    * Multiplexer: 
    +----------------------------------+----+-----------+-----+-----------+
    |               Name               | LUT| Input Size| Bits| Total Bits|
    +----------------------------------+----+-----------+-----+-----------+
    |Cols_c4_blk_n                     |   9|          2|    1|          2|
    |Input_Stream_TREADY_int_regslice  |   9|          2|    1|          2|
    |Rows_c2_blk_n                     |   9|          2|    1|          2|
    |ap_NS_fsm                         |  31|          6|    1|          6|
    |ap_done                           |   9|          2|    1|          2|
    |real_start                        |   9|          2|    1|          2|
    +----------------------------------+----+-----------+-----+-----------+
    |Total                             |  76|         16|    6|         16|
    +----------------------------------+----+-----------+-----+-----------+

    * Register: 
    +---------------------------------------------------------------------------------+----+----+-----+-----------+
    |                                       Name                                      | FF | LUT| Bits| Const Bits|
    +---------------------------------------------------------------------------------+----+----+-----+-----------+
    |Cols_read_reg_160                                                                |  32|   0|   32|          0|
    |ap_CS_fsm                                                                        |   5|   0|    5|          0|
    |ap_done_reg                                                                      |   1|   0|    1|          0|
    |bound_reg_185                                                                    |  62|   0|   62|          0|
    |grp_Gaussian_Filter_Pipeline_VITIS_LOOP_13_1_VITIS_LOOP_15_2_fu_90_ap_start_reg  |   1|   0|    1|          0|
    |smax1_reg_170                                                                    |  31|   0|   31|          0|
    |smax_reg_165                                                                     |  31|   0|   31|          0|
    |start_once_reg                                                                   |   1|   0|    1|          0|
    +---------------------------------------------------------------------------------+----+----+-----+-----------+
    |Total                                                                            | 164|   0|  164|          0|
    +---------------------------------------------------------------------------------+----+----+-----+-----------+



================================================================
== Interface
================================================================
* Summary: 
+----------------------------------+-----+-----+------------+-----------------------+--------------+
|             RTL Ports            | Dir | Bits|  Protocol  |     Source Object     |    C Type    |
+----------------------------------+-----+-----+------------+-----------------------+--------------+
|ap_clk                            |   in|    1|  ap_ctrl_hs|        Gaussian_Filter|  return value|
|ap_rst                            |   in|    1|  ap_ctrl_hs|        Gaussian_Filter|  return value|
|ap_start                          |   in|    1|  ap_ctrl_hs|        Gaussian_Filter|  return value|
|start_full_n                      |   in|    1|  ap_ctrl_hs|        Gaussian_Filter|  return value|
|ap_done                           |  out|    1|  ap_ctrl_hs|        Gaussian_Filter|  return value|
|ap_continue                       |   in|    1|  ap_ctrl_hs|        Gaussian_Filter|  return value|
|ap_idle                           |  out|    1|  ap_ctrl_hs|        Gaussian_Filter|  return value|
|ap_ready                          |  out|    1|  ap_ctrl_hs|        Gaussian_Filter|  return value|
|start_out                         |  out|    1|  ap_ctrl_hs|        Gaussian_Filter|  return value|
|start_write                       |  out|    1|  ap_ctrl_hs|        Gaussian_Filter|  return value|
|Input_Stream_TDATA                |   in|   32|        axis|  Input_Stream_V_data_V|       pointer|
|Input_Stream_TVALID               |   in|    1|        axis|  Input_Stream_V_dest_V|       pointer|
|Input_Stream_TREADY               |  out|    1|        axis|  Input_Stream_V_dest_V|       pointer|
|Input_Stream_TDEST                |   in|    6|        axis|  Input_Stream_V_dest_V|       pointer|
|Input_Stream_TKEEP                |   in|    4|        axis|  Input_Stream_V_keep_V|       pointer|
|Input_Stream_TSTRB                |   in|    4|        axis|  Input_Stream_V_strb_V|       pointer|
|Input_Stream_TUSER                |   in|    3|        axis|  Input_Stream_V_user_V|       pointer|
|Input_Stream_TLAST                |   in|    1|        axis|  Input_Stream_V_last_V|       pointer|
|Input_Stream_TID                  |   in|    5|        axis|    Input_Stream_V_id_V|       pointer|
|Gaussian_to_Sobel_din             |  out|   32|     ap_fifo|      Gaussian_to_Sobel|       pointer|
|Gaussian_to_Sobel_full_n          |   in|    1|     ap_fifo|      Gaussian_to_Sobel|       pointer|
|Gaussian_to_Sobel_write           |  out|    1|     ap_fifo|      Gaussian_to_Sobel|       pointer|
|Gaussian_to_Sobel_num_data_valid  |   in|    4|     ap_fifo|      Gaussian_to_Sobel|       pointer|
|Gaussian_to_Sobel_fifo_cap        |   in|    4|     ap_fifo|      Gaussian_to_Sobel|       pointer|
|Rows                              |   in|   32|     ap_none|                   Rows|        scalar|
|Cols                              |   in|   32|     ap_none|                   Cols|        scalar|
|Rows_c2_din                       |  out|   32|     ap_fifo|                Rows_c2|       pointer|
|Rows_c2_full_n                    |   in|    1|     ap_fifo|                Rows_c2|       pointer|
|Rows_c2_write                     |  out|    1|     ap_fifo|                Rows_c2|       pointer|
|Rows_c2_num_data_valid            |   in|    3|     ap_fifo|                Rows_c2|       pointer|
|Rows_c2_fifo_cap                  |   in|    3|     ap_fifo|                Rows_c2|       pointer|
|Cols_c4_din                       |  out|   32|     ap_fifo|                Cols_c4|       pointer|
|Cols_c4_full_n                    |   in|    1|     ap_fifo|                Cols_c4|       pointer|
|Cols_c4_write                     |  out|    1|     ap_fifo|                Cols_c4|       pointer|
|Cols_c4_num_data_valid            |   in|    3|     ap_fifo|                Cols_c4|       pointer|
|Cols_c4_fifo_cap                  |   in|    3|     ap_fifo|                Cols_c4|       pointer|
+----------------------------------+-----+-----+------------+-----------------------+--------------+

