

================================================================
== Vitis HLS Report for 'Gaussian_Filter_Pipeline_VITIS_LOOP_13_1_VITIS_LOOP_15_2'
================================================================
* Date:           Thu Sep 24 14:58:46 2026

* Version:        2026.1 (Build 6493734 on Jun 16 2026)
* Project:        Canny_Filter_IP
* Solution:       hls
* Product family: zynq
* Target device:  xc7z020-clg400-1


================================================================
== Performance Estimates
================================================================
+ Timing: 
    * Summary: 
    +--------+----------+----------+------------+
    |  Clock |  Target  | Estimated| Uncertainty|
    +--------+----------+----------+------------+
    |ap_clk  |  10.00 ns|  7.396 ns|     2.70 ns|
    +--------+----------+----------+------------+

+ Latency: 
    * Summary: 
    +---------+---------+----------+----------+-----+-----+-------------------+
    |  Latency (cycles) |  Latency (absolute) |  Interval |      Pipeline     |
    |   min   |   max   |    min   |    max   | min | max |        Type       |
    +---------+---------+----------+----------+-----+-----+-------------------+
    |        ?|        ?|         ?|         ?|    0|    0|  loop pipeline stp|
    +---------+---------+----------+----------+-----+-----+-------------------+

    + Detail: 
        * Instance: 
        N/A

        * Loop: 
        +-----------------------------------+---------+---------+----------+-----------+-----------+------+----------+
        |                                   |  Latency (cycles) | Iteration|  Initiation Interval  | Trip |          |
        |             Loop Name             |   min   |   max   |  Latency |  achieved |   target  | Count| Pipelined|
        +-----------------------------------+---------+---------+----------+-----------+-----------+------+----------+
        |- VITIS_LOOP_13_1_VITIS_LOOP_15_2  |        ?|        ?|         7|          1|          1|     ?|       yes|
        +-----------------------------------+---------+---------+----------+-----------+-----------+------+----------+



================================================================
== Utilization Estimates
================================================================
* Summary: 
+-----------------+---------+-----+--------+-------+-----+
|       Name      | BRAM_18K| DSP |   FF   |  LUT  | URAM|
+-----------------+---------+-----+--------+-------+-----+
|DSP              |        -|    -|       -|      -|    -|
|Expression       |        -|    -|       0|    725|    -|
|FIFO             |        -|    -|       -|      -|    -|
|Instance         |        -|    -|       -|      -|    -|
|Memory           |        8|    -|       0|      0|    0|
|Multiplexer      |        -|    -|       0|     99|    -|
|Register         |        -|    -|     946|     64|    -|
+-----------------+---------+-----+--------+-------+-----+
|Total            |        8|    0|     946|    888|    0|
+-----------------+---------+-----+--------+-------+-----+
|Available        |      280|  220|  106400|  53200|    0|
+-----------------+---------+-----+--------+-------+-----+
|Utilization (%)  |        2|    0|      ~0|      1|    0|
+-----------------+---------+-----+--------+-------+-----+

+ Detail: 
    * Instance: 
    N/A

    * DSP: 
    N/A

    * Memory: 
    +-----------------+----------------------------------------------------------------------------------+---------+---+----+-----+------+-----+------+-------------+
    |      Memory     |                                      Module                                      | BRAM_18K| FF| LUT| URAM| Words| Bits| Banks| W*Bits*Banks|
    +-----------------+----------------------------------------------------------------------------------+---------+---+----+-----+------+-----+------+-------------+
    |Line_Buffer_1_U  |Gaussian_Filter_Pipeline_VITIS_LOOP_13_1_VITIS_LOOP_15_2_Line_Buffer_1_RAM_AUbkb  |        4|  0|   0|    0|  1920|   32|     1|        61440|
    |Line_Buffer_U    |Gaussian_Filter_Pipeline_VITIS_LOOP_13_1_VITIS_LOOP_15_2_Line_Buffer_1_RAM_AUbkb  |        4|  0|   0|    0|  1920|   32|     1|        61440|
    +-----------------+----------------------------------------------------------------------------------+---------+---+----+-----+------+-----+------+-------------+
    |Total            |                                                                                  |        8|  0|   0|    0|  3840|   64|     2|       122880|
    +-----------------+----------------------------------------------------------------------------------+---------+---+----+-----+------+-----+------+-------------+

    * FIFO: 
    N/A

    * Expression: 
    +---------------------------------------+----------+----+---+----+------------+------------+
    |             Variable Name             | Operation| DSP| FF| LUT| Bitwidth P0| Bitwidth P1|
    +---------------------------------------+----------+----+---+----+------------+------------+
    |Sum_1_fu_460_p2                        |         +|   0|  0|  32|          32|          32|
    |add_ln13_fu_236_p2                     |         +|   0|  0|  69|          62|           1|
    |add_ln15_fu_306_p2                     |         +|   0|  0|  38|          31|           1|
    |add_ln43_1_fu_456_p2                   |         +|   0|  0|  32|          32|          32|
    |add_ln43_2_fu_436_p2                   |         +|   0|  0|  32|          32|          32|
    |add_ln43_3_fu_442_p2                   |         +|   0|  0|  32|          32|          32|
    |add_ln43_fu_399_p2                     |         +|   0|  0|  39|          32|          32|
    |tmp1_fu_388_p2                         |         +|   0|  0|  38|          31|          31|
    |tmp25_fu_393_p2                        |         +|   0|  0|  31|          31|          31|
    |tmp_fu_382_p2                          |         +|   0|  0|  31|          31|          31|
    |ap_block_state3_pp0_stage0_iter2_grp1  |       and|   0|  0|   2|           1|           1|
    |addr_cmp25_fu_281_p2                   |      icmp|   0|  0|  71|          64|          64|
    |addr_cmp_fu_290_p2                     |      icmp|   0|  0|  71|          64|          64|
    |icmp_ln13_fu_231_p2                    |      icmp|   0|  0|  69|          62|          62|
    |icmp_ln15_fu_254_p2                    |      icmp|   0|  0|  39|          32|          32|
    |ap_block_pp0_stage0_01001_grp1         |        or|   0|  0|   2|           1|           1|
    |Mid_Pixel_fu_323_p3                    |    select|   0|  0|  32|           1|          32|
    |Top_Pixel_fu_356_p3                    |    select|   0|  0|  32|           1|          32|
    |select_ln13_fu_259_p3                  |    select|   0|  0|  31|           1|          31|
    |ap_enable_pp0                          |       xor|   0|  0|   2|           1|           2|
    +---------------------------------------+----------+----+---+----+------------+------------+
    |Total                                  |          |   0|  0| 725|         574|         576|
    +---------------------------------------+----------+----+---+----+------------+------------+

    * Multiplexer: 
    +--------------------------+----+-----------+-----+-----------+
    |           Name           | LUT| Input Size| Bits| Total Bits|
    +--------------------------+----+-----------+-----+-----------+
    |Gaussian_to_Sobel_blk_n   |   9|          2|    1|          2|
    |Input_Stream_TDATA_blk_n  |   9|          2|    1|          2|
    |J_fu_110                  |   9|          2|   31|         62|
    |ap_done_int               |   9|          2|    1|          2|
    |ap_enable_reg_pp0_iter1   |   9|          2|    1|          2|
    |ap_enable_reg_pp0_iter5   |   9|          2|    1|          2|
    |indvar_flatten_fu_114     |   9|          2|   62|        124|
    |reuse_addr_reg22_fu_82    |   9|          2|   64|        128|
    |reuse_addr_reg_fu_90      |   9|          2|   64|        128|
    |reuse_reg21_fu_86         |   9|          2|   32|         64|
    |reuse_reg_fu_94           |   9|          2|   32|         64|
    +--------------------------+----+-----------+-----+-----------+
    |Total                     |  99|         22|  290|        580|
    +--------------------------+----+-----------+-----+-----------+

    * Register: 
    +----------------------------------+----+----+-----+-----------+
    |               Name               | FF | LUT| Bits| Const Bits|
    +----------------------------------+----+----+-----+-----------+
    |J_fu_110                          |  31|   0|   31|          0|
    |Line_Buffer_addr_reg_578          |  11|   0|   11|          0|
    |Pixel_Out_reg_634                 |  28|   0|   28|          0|
    |Sum_fu_98                         |  32|   0|   32|          0|
    |add_ln43_3_reg_629                |  32|   0|   32|          0|
    |add_ln43_reg_624                  |  32|   0|   32|          0|
    |add_ln43_reg_624_pp0_iter5_reg    |  32|   0|   32|          0|
    |addr_cmp25_reg_583                |   1|   0|    1|          0|
    |addr_cmp25_reg_583_pp0_iter3_reg  |   1|   0|    1|          0|
    |addr_cmp_reg_593                  |   1|   0|    1|          0|
    |ap_CS_fsm                         |   1|   0|    1|          0|
    |ap_done_reg                       |   1|   0|    1|          0|
    |ap_enable_reg_pp0_iter1           |   1|   0|    1|          0|
    |ap_enable_reg_pp0_iter2           |   1|   0|    1|          0|
    |ap_enable_reg_pp0_iter3           |   1|   0|    1|          0|
    |ap_enable_reg_pp0_iter4           |   1|   0|    1|          0|
    |ap_enable_reg_pp0_iter5           |   1|   0|    1|          0|
    |ap_enable_reg_pp0_iter6           |   1|   0|    1|          0|
    |ap_enable_reg_pp0_iter7           |   1|   0|    1|          0|
    |ap_loop_exit_ready_pp0_iter2_reg  |   1|   0|    1|          0|
    |ap_loop_exit_ready_pp0_iter3_reg  |   1|   0|    1|          0|
    |ap_loop_exit_ready_pp0_iter4_reg  |   1|   0|    1|          0|
    |ap_loop_exit_ready_pp0_iter5_reg  |   1|   0|    1|          0|
    |ap_loop_exit_ready_pp0_iter6_reg  |   1|   0|    1|          0|
    |empty_73_fu_106                   |  32|   0|   32|          0|
    |empty_74_fu_118                   |  32|   0|   32|          0|
    |empty_75_fu_122                   |  31|   0|   31|          0|
    |empty_76_fu_126                   |  32|   0|   32|          0|
    |empty_fu_102                      |  31|   0|   31|          0|
    |icmp_ln13_reg_567                 |   1|   0|    1|          0|
    |indvar_flatten_fu_114             |  62|   0|   62|          0|
    |p_load18_reg_609                  |  32|   0|   32|          0|
    |p_load_reg_614                    |  32|   0|   32|          0|
    |p_s_reg_571                       |  32|   0|   32|          0|
    |reuse_addr_reg22_fu_82            |  64|   0|   64|          0|
    |reuse_addr_reg_fu_90              |  64|   0|   64|          0|
    |reuse_reg21_fu_86                 |  32|   0|   32|          0|
    |reuse_reg21_load_reg_598          |  32|   0|   32|          0|
    |reuse_reg_fu_94                   |  32|   0|   32|          0|
    |tmp25_reg_619                     |  31|   0|   31|          0|
    |trunc_ln28_reg_603                |  31|   0|   31|          0|
    |icmp_ln13_reg_567                 |  64|  32|    1|          0|
    |p_s_reg_571                       |  64|  32|   32|          0|
    +----------------------------------+----+----+-----+-----------+
    |Total                             | 946|  64|  851|          0|
    +----------------------------------+----+----+-----+-----------+



================================================================
== Interface
================================================================
* Summary: 
+----------------------------------+-----+-----+------------+----------------------------------------------------------+--------------+
|             RTL Ports            | Dir | Bits|  Protocol  |                       Source Object                      |    C Type    |
+----------------------------------+-----+-----+------------+----------------------------------------------------------+--------------+
|ap_clk                            |   in|    1|  ap_ctrl_hs|  Gaussian_Filter_Pipeline_VITIS_LOOP_13_1_VITIS_LOOP_15_2|  return value|
|ap_rst                            |   in|    1|  ap_ctrl_hs|  Gaussian_Filter_Pipeline_VITIS_LOOP_13_1_VITIS_LOOP_15_2|  return value|
|ap_start                          |   in|    1|  ap_ctrl_hs|  Gaussian_Filter_Pipeline_VITIS_LOOP_13_1_VITIS_LOOP_15_2|  return value|
|ap_done                           |  out|    1|  ap_ctrl_hs|  Gaussian_Filter_Pipeline_VITIS_LOOP_13_1_VITIS_LOOP_15_2|  return value|
|ap_idle                           |  out|    1|  ap_ctrl_hs|  Gaussian_Filter_Pipeline_VITIS_LOOP_13_1_VITIS_LOOP_15_2|  return value|
|ap_ready                          |  out|    1|  ap_ctrl_hs|  Gaussian_Filter_Pipeline_VITIS_LOOP_13_1_VITIS_LOOP_15_2|  return value|
|Input_Stream_TVALID               |   in|    1|        axis|                                     Input_Stream_V_data_V|       pointer|
|Input_Stream_TDATA                |   in|   32|        axis|                                     Input_Stream_V_data_V|       pointer|
|Gaussian_to_Sobel_din             |  out|   32|     ap_fifo|                                         Gaussian_to_Sobel|       pointer|
|Gaussian_to_Sobel_full_n          |   in|    1|     ap_fifo|                                         Gaussian_to_Sobel|       pointer|
|Gaussian_to_Sobel_write           |  out|    1|     ap_fifo|                                         Gaussian_to_Sobel|       pointer|
|Gaussian_to_Sobel_num_data_valid  |   in|    4|     ap_fifo|                                         Gaussian_to_Sobel|       pointer|
|Gaussian_to_Sobel_fifo_cap        |   in|    4|     ap_fifo|                                         Gaussian_to_Sobel|       pointer|
|Cols                              |   in|   32|     ap_none|                                                      Cols|        scalar|
|Input_Stream_TREADY               |  out|    1|        axis|                                     Input_Stream_V_dest_V|       pointer|
|Input_Stream_TDEST                |   in|    6|        axis|                                     Input_Stream_V_dest_V|       pointer|
|Input_Stream_TKEEP                |   in|    4|        axis|                                     Input_Stream_V_keep_V|       pointer|
|Input_Stream_TSTRB                |   in|    4|        axis|                                     Input_Stream_V_strb_V|       pointer|
|Input_Stream_TUSER                |   in|    3|        axis|                                     Input_Stream_V_user_V|       pointer|
|Input_Stream_TLAST                |   in|    1|        axis|                                     Input_Stream_V_last_V|       pointer|
|Input_Stream_TID                  |   in|    5|        axis|                                       Input_Stream_V_id_V|       pointer|
|bound                             |   in|   62|     ap_none|                                                     bound|        scalar|
+----------------------------------+-----+-----+------------+----------------------------------------------------------+--------------+

