

================================================================
== Vitis HLS Report for 'Hysteresis_Filter'
================================================================
* Date:           Thu Sep 24 14:58:48 2026

* Version:        2026.1 (Build 6493734 on Jun 16 2026)
* Project:        Canny_Filter_IP
* Solution:       hls
* Product family: zynq
* Target device:  xc7z020-clg400-1


================================================================
== Performance Estimates
================================================================
+ Timing: 
    * Summary: 
    +--------+----------+----------+------------+
    |  Clock |  Target  | Estimated| Uncertainty|
    +--------+----------+----------+------------+
    |ap_clk  |  10.00 ns|  7.396 ns|     2.70 ns|
    +--------+----------+----------+------------+

+ Latency: 
    * Summary: 
    +---------+---------+----------+----------+-----+-----+---------+
    |  Latency (cycles) |  Latency (absolute) |  Interval | Pipeline|
    |   min   |   max   |    min   |    max   | min | max |   Type  |
    +---------+---------+----------+----------+-----+-----+---------+
    |        ?|        ?|         ?|         ?|    ?|    ?|       no|
    +---------+---------+----------+----------+-----+-----+---------+

    + Detail: 
        * Instance: 
        +----------------------------------------------------------------------+------------------------------------------------------------+---------+---------+----------+----------+-----+-----+-------------------+
        |                                                                      |                                                            |  Latency (cycles) |  Latency (absolute) |  Interval |      Pipeline     |
        |                               Instance                               |                           Module                           |   min   |   max   |    min   |    max   | min | max |        Type       |
        +----------------------------------------------------------------------+------------------------------------------------------------+---------+---------+----------+----------+-----+-----+-------------------+
        |grp_Hysteresis_Filter_Pipeline_VITIS_LOOP_11_1_VITIS_LOOP_13_2_fu_84  |Hysteresis_Filter_Pipeline_VITIS_LOOP_11_1_VITIS_LOOP_13_2  |        ?|        ?|         ?|         ?|    0|    0|  loop pipeline stp|
        +----------------------------------------------------------------------+------------------------------------------------------------+---------+---------+----------+----------+-----+-----+-------------------+

        * Loop: 
        N/A



================================================================
== Utilization Estimates
================================================================
* Summary: 
+-----------------+---------+-----+--------+-------+-----+
|       Name      | BRAM_18K| DSP |   FF   |  LUT  | URAM|
+-----------------+---------+-----+--------+-------+-----+
|DSP              |        -|    -|       -|      -|    -|
|Expression       |        -|    -|       0|    222|    -|
|FIFO             |        -|    -|       -|      -|    -|
|Instance         |        8|    4|     749|   1228|    0|
|Memory           |        -|    -|       -|      -|    -|
|Multiplexer      |        -|    -|       0|    139|    -|
|Register         |        -|    -|     378|      -|    -|
+-----------------+---------+-----+--------+-------+-----+
|Total            |        8|    4|    1127|   1589|    0|
+-----------------+---------+-----+--------+-------+-----+
|Available        |      280|  220|  106400|  53200|    0|
+-----------------+---------+-----+--------+-------+-----+
|Utilization (%)  |        2|    1|       1|      2|    0|
+-----------------+---------+-----+--------+-------+-----+

+ Detail: 
    * Instance: 
    +----------------------------------------------------------------------+------------------------------------------------------------+---------+----+-----+------+-----+
    |                               Instance                               |                           Module                           | BRAM_18K| DSP|  FF |  LUT | URAM|
    +----------------------------------------------------------------------+------------------------------------------------------------+---------+----+-----+------+-----+
    |grp_Hysteresis_Filter_Pipeline_VITIS_LOOP_11_1_VITIS_LOOP_13_2_fu_84  |Hysteresis_Filter_Pipeline_VITIS_LOOP_11_1_VITIS_LOOP_13_2  |        8|   0|  608|  1180|    0|
    |mul_31ns_31ns_62_2_1_U80                                              |mul_31ns_31ns_62_2_1                                        |        0|   4|  141|    48|    0|
    +----------------------------------------------------------------------+------------------------------------------------------------+---------+----+-----+------+-----+
    |Total                                                                 |                                                            |        8|   4|  749|  1228|    0|
    +----------------------------------------------------------------------+------------------------------------------------------------+---------+----+-----+------+-----+

    * DSP: 
    N/A

    * Memory: 
    N/A

    * FIFO: 
    N/A

    * Expression: 
    +-------------------------------------------------------------------------------------------+----------+----+---+----+------------+------------+
    |                                       Variable Name                                       | Operation| DSP| FF| LUT| Bitwidth P0| Bitwidth P1|
    +-------------------------------------------------------------------------------------------+----------+----+---+----+------------+------------+
    |add_ln70_1_fu_165_p2                                                                       |         +|   0|  0|  39|          32|           2|
    |add_ln70_fu_159_p2                                                                         |         +|   0|  0|  39|          32|           2|
    |grp_Hysteresis_Filter_Pipeline_VITIS_LOOP_11_1_VITIS_LOOP_13_2_fu_84_Output_Stream_TREADY  |       and|   0|  0|   2|           1|           1|
    |empty_71_fu_123_p2                                                                         |      icmp|   0|  0|  39|          32|           1|
    |empty_72_fu_137_p2                                                                         |      icmp|   0|  0|  39|          32|           1|
    |ap_block_state1                                                                            |        or|   0|  0|   2|           1|           1|
    |smax1_fu_143_p3                                                                            |    select|   0|  0|  31|           1|          31|
    |smax_fu_129_p3                                                                             |    select|   0|  0|  31|           1|          31|
    +-------------------------------------------------------------------------------------------+----------+----+---+----+------------+------------+
    |Total                                                                                      |          |   0|  0| 222|         132|          70|
    +-------------------------------------------------------------------------------------------+----------+----+---+----+------------+------------+

    * Multiplexer: 
    +----------------------------------+----+-----------+-----+-----------+
    |               Name               | LUT| Input Size| Bits| Total Bits|
    +----------------------------------+----+-----------+-----+-----------+
    |Cols_blk_n                        |   9|          2|    1|          2|
    |High_Threshold_blk_n              |   9|          2|    1|          2|
    |Low_Threshold_blk_n               |   9|          2|    1|          2|
    |Output_Stream_TDATA_int_regslice  |   9|          2|   32|         64|
    |Output_Stream_TDEST_int_regslice  |   9|          2|    6|         12|
    |Output_Stream_TID_int_regslice    |   9|          2|    5|         10|
    |Output_Stream_TKEEP_int_regslice  |   9|          2|    4|          8|
    |Output_Stream_TLAST_int_regslice  |   9|          2|    1|          2|
    |Output_Stream_TSTRB_int_regslice  |   9|          2|    4|          8|
    |Output_Stream_TUSER_int_regslice  |   9|          2|    3|          6|
    |Rows_blk_n                        |   9|          2|    1|          2|
    |ap_NS_fsm                         |  31|          6|    1|          6|
    |ap_done                           |   9|          2|    1|          2|
    +----------------------------------+----+-----------+-----+-----------+
    |Total                             | 139|         30|   61|        126|
    +----------------------------------+----+-----------+-----+-----------+

    * Register: 
    +-----------------------------------------------------------------------------------+----+----+-----+-----------+
    |                                        Name                                       | FF | LUT| Bits| Const Bits|
    +-----------------------------------------------------------------------------------+----+----+-----+-----------+
    |Cols_3_reg_181                                                                     |  32|   0|   32|          0|
    |High_Threshold_1_reg_176                                                           |  32|   0|   32|          0|
    |Low_Threshold_1_reg_171                                                            |  32|   0|   32|          0|
    |Output_Stream_TDATA_reg                                                            |  32|   0|   32|          0|
    |Output_Stream_TDEST_reg                                                            |   6|   0|    6|          0|
    |Output_Stream_TID_reg                                                              |   5|   0|    5|          0|
    |Output_Stream_TKEEP_reg                                                            |   4|   0|    4|          0|
    |Output_Stream_TLAST_reg                                                            |   1|   0|    1|          0|
    |Output_Stream_TSTRB_reg                                                            |   4|   0|    4|          0|
    |Output_Stream_TUSER_reg                                                            |   3|   0|    3|          0|
    |Rows_3_reg_187                                                                     |  32|   0|   32|          0|
    |add_ln70_1_reg_217                                                                 |  32|   0|   32|          0|
    |add_ln70_reg_212                                                                   |  32|   0|   32|          0|
    |ap_CS_fsm                                                                          |   5|   0|    5|          0|
    |ap_done_reg                                                                        |   1|   0|    1|          0|
    |bound_reg_222                                                                      |  62|   0|   62|          0|
    |grp_Hysteresis_Filter_Pipeline_VITIS_LOOP_11_1_VITIS_LOOP_13_2_fu_84_ap_start_reg  |   1|   0|    1|          0|
    |smax1_reg_197                                                                      |  31|   0|   31|          0|
    |smax_reg_192                                                                       |  31|   0|   31|          0|
    +-----------------------------------------------------------------------------------+----+----+-----+-----------+
    |Total                                                                              | 378|   0|  378|          0|
    +-----------------------------------------------------------------------------------+----+----+-----+-----------+



================================================================
== Interface
================================================================
* Summary: 
+------------------------------------------+-----+-----+------------+---------------------------+--------------+
|                 RTL Ports                | Dir | Bits|  Protocol  |       Source Object       |    C Type    |
+------------------------------------------+-----+-----+------------+---------------------------+--------------+
|ap_clk                                    |   in|    1|  ap_ctrl_hs|          Hysteresis_Filter|  return value|
|ap_rst                                    |   in|    1|  ap_ctrl_hs|          Hysteresis_Filter|  return value|
|ap_start                                  |   in|    1|  ap_ctrl_hs|          Hysteresis_Filter|  return value|
|ap_done                                   |  out|    1|  ap_ctrl_hs|          Hysteresis_Filter|  return value|
|ap_continue                               |   in|    1|  ap_ctrl_hs|          Hysteresis_Filter|  return value|
|ap_idle                                   |  out|    1|  ap_ctrl_hs|          Hysteresis_Filter|  return value|
|ap_ready                                  |  out|    1|  ap_ctrl_hs|          Hysteresis_Filter|  return value|
|Suppression_to_Hysteresis_dout            |   in|   32|     ap_fifo|  Suppression_to_Hysteresis|       pointer|
|Suppression_to_Hysteresis_empty_n         |   in|    1|     ap_fifo|  Suppression_to_Hysteresis|       pointer|
|Suppression_to_Hysteresis_read            |  out|    1|     ap_fifo|  Suppression_to_Hysteresis|       pointer|
|Suppression_to_Hysteresis_num_data_valid  |   in|    4|     ap_fifo|  Suppression_to_Hysteresis|       pointer|
|Suppression_to_Hysteresis_fifo_cap        |   in|    4|     ap_fifo|  Suppression_to_Hysteresis|       pointer|
|Output_Stream_TDATA                       |  out|   32|        axis|     Output_Stream_V_data_V|       pointer|
|Output_Stream_TVALID                      |  out|    1|        axis|     Output_Stream_V_dest_V|       pointer|
|Output_Stream_TREADY                      |   in|    1|        axis|     Output_Stream_V_dest_V|       pointer|
|Output_Stream_TDEST                       |  out|    6|        axis|     Output_Stream_V_dest_V|       pointer|
|Output_Stream_TKEEP                       |  out|    4|        axis|     Output_Stream_V_keep_V|       pointer|
|Output_Stream_TSTRB                       |  out|    4|        axis|     Output_Stream_V_strb_V|       pointer|
|Output_Stream_TUSER                       |  out|    3|        axis|     Output_Stream_V_user_V|       pointer|
|Output_Stream_TLAST                       |  out|    1|        axis|     Output_Stream_V_last_V|       pointer|
|Output_Stream_TID                         |  out|    5|        axis|       Output_Stream_V_id_V|       pointer|
|Rows_dout                                 |   in|   32|     ap_fifo|                       Rows|       pointer|
|Rows_empty_n                              |   in|    1|     ap_fifo|                       Rows|       pointer|
|Rows_read                                 |  out|    1|     ap_fifo|                       Rows|       pointer|
|Rows_num_data_valid                       |   in|    3|     ap_fifo|                       Rows|       pointer|
|Rows_fifo_cap                             |   in|    3|     ap_fifo|                       Rows|       pointer|
|Cols_dout                                 |   in|   32|     ap_fifo|                       Cols|       pointer|
|Cols_empty_n                              |   in|    1|     ap_fifo|                       Cols|       pointer|
|Cols_read                                 |  out|    1|     ap_fifo|                       Cols|       pointer|
|Cols_num_data_valid                       |   in|    3|     ap_fifo|                       Cols|       pointer|
|Cols_fifo_cap                             |   in|    3|     ap_fifo|                       Cols|       pointer|
|High_Threshold_dout                       |   in|   32|     ap_fifo|             High_Threshold|       pointer|
|High_Threshold_empty_n                    |   in|    1|     ap_fifo|             High_Threshold|       pointer|
|High_Threshold_read                       |  out|    1|     ap_fifo|             High_Threshold|       pointer|
|High_Threshold_num_data_valid             |   in|    4|     ap_fifo|             High_Threshold|       pointer|
|High_Threshold_fifo_cap                   |   in|    4|     ap_fifo|             High_Threshold|       pointer|
|Low_Threshold_dout                        |   in|   32|     ap_fifo|              Low_Threshold|       pointer|
|Low_Threshold_empty_n                     |   in|    1|     ap_fifo|              Low_Threshold|       pointer|
|Low_Threshold_read                        |  out|    1|     ap_fifo|              Low_Threshold|       pointer|
|Low_Threshold_num_data_valid              |   in|    4|     ap_fifo|              Low_Threshold|       pointer|
|Low_Threshold_fifo_cap                    |   in|    4|     ap_fifo|              Low_Threshold|       pointer|
+------------------------------------------+-----+-----+------------+---------------------------+--------------+

