

================================================================
== Vitis HLS Report for 'Gaussian_Filter_Pipeline_VITIS_LOOP_25_1_VITIS_LOOP_27_2'
================================================================
* Date:           Wed Sep 23 01:28:42 2026

* Version:        2026.1 (Build 6493734 on Jun 16 2026)
* Project:        Gaussian_Filter_IP
* Solution:       hls
* Product family: zynq
* Target device:  xc7z020-clg400-1


================================================================
== Performance Estimates
================================================================
+ Timing: 
    * Summary: 
    +--------+----------+----------+------------+
    |  Clock |  Target  | Estimated| Uncertainty|
    +--------+----------+----------+------------+
    |ap_clk  |  10.00 ns|  7.206 ns|     2.70 ns|
    +--------+----------+----------+------------+

+ Latency: 
    * Summary: 
    +---------+---------+----------+----------+-----+-----+-------------------+
    |  Latency (cycles) |  Latency (absolute) |  Interval |      Pipeline     |
    |   min   |   max   |    min   |    max   | min | max |        Type       |
    +---------+---------+----------+----------+-----+-----+-------------------+
    |        ?|        ?|         ?|         ?|    0|    0|  loop pipeline stp|
    +---------+---------+----------+----------+-----+-----+-------------------+

    + Detail: 
        * Instance: 
        N/A

        * Loop: 
        +-----------------------------------+---------+---------+----------+-----------+-----------+------+----------+
        |                                   |  Latency (cycles) | Iteration|  Initiation Interval  | Trip |          |
        |             Loop Name             |   min   |   max   |  Latency |  achieved |   target  | Count| Pipelined|
        +-----------------------------------+---------+---------+----------+-----------+-----------+------+----------+
        |- VITIS_LOOP_25_1_VITIS_LOOP_27_2  |        ?|        ?|         6|          1|          1|     ?|       yes|
        +-----------------------------------+---------+---------+----------+-----------+-----------+------+----------+

============================================================
+ Verbose Summary: Synthesis Manager
============================================================
InlineROM: 1
ExposeGlobal: 0
============================================================
+ Verbose Summary: CDFG Model
============================================================
IsTopModel: 0
ResetActiveHigh: 1
IsCombinational: 0
IsDatapathOnly: 0
HasWiredReturn: 1
HasMFsm: 2
HasVarLatency: 1
IsPipeline: 0
IsRtlPipelined: 0
IsInstanceOverlapped: 0
IsDontTouch: 0
HasImplIP: 0
IsGatedGlobalClock: 0

+ Individual pipeline summary: 
  * Pipeline-0: initiation interval (II) = 1, depth = 7


============================================================
+ Verbose Summary: Schedule
============================================================
* Number of FSM states : 7
* Pipeline : 1
  Pipeline-0 : II = 1, D = 7, States = { 1 2 3 4 5 6 7 }
* Dataflow Pipeline: 0

* FSM state transitions: 
1 --> 2 
2 --> 3 
3 --> 4 
4 --> 5 
5 --> 6 
6 --> 7 
7 --> 

* FSM state operations: 

State 1 <SV = 0> <Delay = 1.58>
ST_1 : Operation 9 [1/1] (0.00ns)   --->   "%reuse_addr_reg22 = alloca i32 1"   --->   Operation 9 'alloca' 'reuse_addr_reg22' <Predicate = true> <Delay = 0.00>
ST_1 : Operation 10 [1/1] (0.00ns)   --->   "%reuse_reg21 = alloca i32 1"   --->   Operation 10 'alloca' 'reuse_reg21' <Predicate = true> <Delay = 0.00>
ST_1 : Operation 11 [1/1] (0.00ns)   --->   "%reuse_addr_reg = alloca i32 1"   --->   Operation 11 'alloca' 'reuse_addr_reg' <Predicate = true> <Delay = 0.00>
ST_1 : Operation 12 [1/1] (0.00ns)   --->   "%reuse_reg = alloca i32 1"   --->   Operation 12 'alloca' 'reuse_reg' <Predicate = true> <Delay = 0.00>
ST_1 : Operation 13 [1/1] (0.00ns)   --->   "%Sum = alloca i32 1" [Gaussian_Filter.cpp:49]   --->   Operation 13 'alloca' 'Sum' <Predicate = true> <Delay = 0.00>
ST_1 : Operation 14 [1/1] (0.00ns)   --->   "%p_0_0_0_0120_1386 = alloca i32 1"   --->   Operation 14 'alloca' 'p_0_0_0_0120_1386' <Predicate = true> <Delay = 0.00>
ST_1 : Operation 15 [1/1] (0.00ns)   --->   "%p_0_0_0_0120_2400 = alloca i32 1"   --->   Operation 15 'alloca' 'p_0_0_0_0120_2400' <Predicate = true> <Delay = 0.00>
ST_1 : Operation 16 [1/1] (0.00ns)   --->   "%J = alloca i32 1" [Gaussian_Filter.cpp:27]   --->   Operation 16 'alloca' 'J' <Predicate = true> <Delay = 0.00>
ST_1 : Operation 17 [1/1] (0.00ns)   --->   "%indvar_flatten = alloca i32 1"   --->   Operation 17 'alloca' 'indvar_flatten' <Predicate = true> <Delay = 0.00>
ST_1 : Operation 18 [1/1] (0.00ns)   --->   "%p_0_0_0_0120379 = alloca i32 1"   --->   Operation 18 'alloca' 'p_0_0_0_0120379' <Predicate = true> <Delay = 0.00>
ST_1 : Operation 19 [1/1] (0.00ns)   --->   "%p_0_0_0_0120_1393 = alloca i32 1"   --->   Operation 19 'alloca' 'p_0_0_0_0120_1393' <Predicate = true> <Delay = 0.00>
ST_1 : Operation 20 [1/1] (0.00ns)   --->   "%p_0_0_0_0120_2407 = alloca i32 1"   --->   Operation 20 'alloca' 'p_0_0_0_0120_2407' <Predicate = true> <Delay = 0.00>
ST_1 : Operation 21 [1/1] (0.00ns)   --->   "%specaxissidechannel_ln0 = specaxissidechannel void @_ssdm_op_SpecAXISSideChannel, i32 %Output_r_V_data_V, i4 %Output_r_V_keep_V, i4 %Output_r_V_strb_V, i3 %Output_r_V_user_V, i1 %Output_r_V_last_V, i5 %Output_r_V_id_V, i6 %Output_r_V_dest_V, void @empty_7"   --->   Operation 21 'specaxissidechannel' 'specaxissidechannel_ln0' <Predicate = true> <Delay = 0.00>
ST_1 : Operation 22 [1/1] (0.00ns)   --->   "%specaxissidechannel_ln0 = specaxissidechannel void @_ssdm_op_SpecAXISSideChannel, i32 %Input_r_V_data_V, i4 %Input_r_V_keep_V, i4 %Input_r_V_strb_V, i3 %Input_r_V_user_V, i1 %Input_r_V_last_V, i5 %Input_r_V_id_V, i6 %Input_r_V_dest_V, void @empty_8"   --->   Operation 22 'specaxissidechannel' 'specaxissidechannel_ln0' <Predicate = true> <Delay = 0.00>
ST_1 : Operation 23 [1/1] (0.00ns)   --->   "%specinterface_ln0 = specinterface void @_ssdm_op_SpecInterface, i6 %Output_r_V_dest_V, i5 %Output_r_V_id_V, i1 %Output_r_V_last_V, i3 %Output_r_V_user_V, i4 %Output_r_V_strb_V, i4 %Output_r_V_keep_V, i32 %Output_r_V_data_V, void @empty, i32 0, i32 0, void @empty_0, i32 0, i32 0, void @empty_1, void @empty_1, void @empty_1, i32 0, i32 0, i32 0, i32 0, void @empty_1, void @empty_1, i32 4294967295, i32 0, i32 0, i32 0"   --->   Operation 23 'specinterface' 'specinterface_ln0' <Predicate = true> <Delay = 0.00>
ST_1 : Operation 24 [1/1] (0.00ns)   --->   "%specinterface_ln0 = specinterface void @_ssdm_op_SpecInterface, i6 %Input_r_V_dest_V, i5 %Input_r_V_id_V, i1 %Input_r_V_last_V, i3 %Input_r_V_user_V, i4 %Input_r_V_strb_V, i4 %Input_r_V_keep_V, i32 %Input_r_V_data_V, void @empty, i32 0, i32 0, void @empty_0, i32 0, i32 0, void @empty_1, void @empty_1, void @empty_1, i32 0, i32 0, i32 0, i32 0, void @empty_1, void @empty_1, i32 4294967295, i32 0, i32 0, i32 0"   --->   Operation 24 'specinterface' 'specinterface_ln0' <Predicate = true> <Delay = 0.00>
ST_1 : Operation 25 [1/1] (0.00ns)   --->   "%bound_read = read i62 @_ssdm_op_Read.ap_auto.i62, i62 %bound"   --->   Operation 25 'read' 'bound_read' <Predicate = true> <Delay = 0.00>
ST_1 : Operation 26 [1/1] (0.00ns)   --->   "%Cols_read = read i32 @_ssdm_op_Read.ap_auto.i32, i32 %Cols"   --->   Operation 26 'read' 'Cols_read' <Predicate = true> <Delay = 0.00>
ST_1 : Operation 27 [1/1] (0.00ns)   --->   "%Line_Buffer_data_1 = alloca i64 1" [Gaussian_Filter.cpp:17]   --->   Operation 27 'alloca' 'Line_Buffer_data_1' <Predicate = true> <Delay = 0.00> <CoreInst = "RAM">   --->   Core 81 'RAM' <Latency = 1> <II = 1> <Delay = 3.25> <Storage> <Opcode : 'load' 'store'> <Ports = 2> <Width = 32> <Depth = 1920> <RAM>
ST_1 : Operation 28 [1/1] (0.00ns)   --->   "%Line_Buffer_data = alloca i64 1" [Gaussian_Filter.cpp:17]   --->   Operation 28 'alloca' 'Line_Buffer_data' <Predicate = true> <Delay = 0.00> <CoreInst = "RAM">   --->   Core 81 'RAM' <Latency = 1> <II = 1> <Delay = 3.25> <Storage> <Opcode : 'load' 'store'> <Ports = 2> <Width = 32> <Depth = 1920> <RAM>
ST_1 : Operation 29 [1/1] (1.58ns)   --->   "%store_ln0 = store i62 0, i62 %indvar_flatten"   --->   Operation 29 'store' 'store_ln0' <Predicate = true> <Delay = 1.58>
ST_1 : Operation 30 [1/1] (1.58ns)   --->   "%store_ln27 = store i11 0, i11 %J" [Gaussian_Filter.cpp:27]   --->   Operation 30 'store' 'store_ln27' <Predicate = true> <Delay = 1.58>
ST_1 : Operation 31 [1/1] (1.58ns)   --->   "%store_ln0 = store i32 0, i32 %reuse_reg"   --->   Operation 31 'store' 'store_ln0' <Predicate = true> <Delay = 1.58>
ST_1 : Operation 32 [1/1] (1.58ns)   --->   "%store_ln0 = store i64 18446744073709551615, i64 %reuse_addr_reg"   --->   Operation 32 'store' 'store_ln0' <Predicate = true> <Delay = 1.58>
ST_1 : Operation 33 [1/1] (1.58ns)   --->   "%store_ln0 = store i32 0, i32 %reuse_reg21"   --->   Operation 33 'store' 'store_ln0' <Predicate = true> <Delay = 1.58>
ST_1 : Operation 34 [1/1] (1.58ns)   --->   "%store_ln0 = store i64 18446744073709551615, i64 %reuse_addr_reg22"   --->   Operation 34 'store' 'store_ln0' <Predicate = true> <Delay = 1.58>
ST_1 : Operation 35 [1/1] (0.00ns)   --->   "%br_ln25 = br void %VITIS_LOOP_33_3" [Gaussian_Filter.cpp:25]   --->   Operation 35 'br' 'br_ln25' <Predicate = true> <Delay = 0.00>

State 2 <SV = 1> <Delay = 5.05>
ST_2 : Operation 36 [1/1] (0.00ns)   --->   "%indvar_flatten_load = load i62 %indvar_flatten" [Gaussian_Filter.cpp:25]   --->   Operation 36 'load' 'indvar_flatten_load' <Predicate = true> <Delay = 0.00>
ST_2 : Operation 37 [1/1] (3.46ns)   --->   "%icmp_ln25 = icmp_eq  i62 %indvar_flatten_load, i62 %bound_read" [Gaussian_Filter.cpp:25]   --->   Operation 37 'icmp' 'icmp_ln25' <Predicate = true> <Delay = 3.46> <CoreInst = "Cmp">   --->   Core 9 'Cmp' <Latency = 0> <II = 1> <Delay = 3.46> <FuncUnit> <Opcode : 'seteq' 'setne' 'setle' 'setge' 'setlt' 'setgt'> <InPorts = 2> <OutPorts = 1>
ST_2 : Operation 38 [1/1] (3.46ns)   --->   "%add_ln25 = add i62 %indvar_flatten_load, i62 1" [Gaussian_Filter.cpp:25]   --->   Operation 38 'add' 'add_ln25' <Predicate = true> <Delay = 3.46> <CoreInst = "Adder">   --->   Core 1 'Adder' <Latency = 0> <II = 1> <Delay = 3.46> <FuncUnit> <Opcode : 'add' 'sub'> <InPorts = 2> <OutPorts = 1>
ST_2 : Operation 39 [1/1] (0.00ns)   --->   "%br_ln25 = br i1 %icmp_ln25, void %for.inc92, void %for.end94.exitStub" [Gaussian_Filter.cpp:25]   --->   Operation 39 'br' 'br_ln25' <Predicate = true> <Delay = 0.00>
ST_2 : Operation 40 [1/1] (1.58ns)   --->   "%store_ln25 = store i62 %add_ln25, i62 %indvar_flatten" [Gaussian_Filter.cpp:25]   --->   Operation 40 'store' 'store_ln25' <Predicate = (!icmp_ln25)> <Delay = 1.58>

State 3 <SV = 2> <Delay = 6.76>
ST_3 : Operation 41 [1/1] (0.00ns)   --->   "%J_1 = load i11 %J" [Gaussian_Filter.cpp:27]   --->   Operation 41 'load' 'J_1' <Predicate = true> <Delay = 0.00>
ST_3 : Operation 42 [1/1] (0.00ns)   --->   "%zext_ln27_1 = zext i11 %J_1" [Gaussian_Filter.cpp:27]   --->   Operation 42 'zext' 'zext_ln27_1' <Predicate = true> <Delay = 0.00>
ST_3 : Operation 43 [1/1] (2.55ns)   --->   "%icmp_ln27 = icmp_slt  i32 %zext_ln27_1, i32 %Cols_read" [Gaussian_Filter.cpp:27]   --->   Operation 43 'icmp' 'icmp_ln27' <Predicate = true> <Delay = 2.55> <CoreInst = "Cmp">   --->   Core 9 'Cmp' <Latency = 0> <II = 1> <Delay = 2.55> <FuncUnit> <Opcode : 'seteq' 'setne' 'setle' 'setge' 'setlt' 'setgt'> <InPorts = 2> <OutPorts = 1>
ST_3 : Operation 44 [1/1] (0.69ns)   --->   "%select_ln25 = select i1 %icmp_ln27, i11 %J_1, i11 0" [Gaussian_Filter.cpp:25]   --->   Operation 44 'select' 'select_ln25' <Predicate = (!icmp_ln25)> <Delay = 0.69> <CoreInst = "Sel">   --->   Core 73 'Sel' <Latency = 0> <II = 1> <Delay = 0.69> <FuncUnit> <Opcode : 'select'> <InPorts = 3> <OutPorts = 1>
ST_3 : Operation 45 [1/1] (0.00ns)   --->   "%zext_ln27 = zext i11 %select_ln25" [Gaussian_Filter.cpp:27]   --->   Operation 45 'zext' 'zext_ln27' <Predicate = (!icmp_ln25)> <Delay = 0.00>
ST_3 : Operation 46 [1/1] ( I:0.51ns O:0.51ns )   --->   "%empty = read i55 @_ssdm_op_Read.axis.volatile.i32P0A.i4P0A.i4P0A.i3P0A.i1P0A.i5P0A.i6P0A, i32 %Input_r_V_data_V, i4 %Input_r_V_keep_V, i4 %Input_r_V_strb_V, i3 %Input_r_V_user_V, i1 %Input_r_V_last_V, i5 %Input_r_V_id_V, i6 %Input_r_V_dest_V" [Gaussian_Filter.cpp:31]   --->   Operation 46 'read' 'empty' <Predicate = (!icmp_ln25)> <Delay = 0.51> <CoreInst = "regslice">   --->   Core 135 'regslice' <Latency = 0> <II = 1> <Delay = 1.86> <Adapter> <Opcode : 'read' 'write'>
ST_3 : Operation 47 [1/1] (0.00ns)   --->   "%p_s = extractvalue i55 %empty" [Gaussian_Filter.cpp:31]   --->   Operation 47 'extractvalue' 'p_s' <Predicate = (!icmp_ln25)> <Delay = 0.00>
ST_3 : Operation 48 [1/1] (0.00ns)   --->   "%p_1 = extractvalue i55 %empty" [Gaussian_Filter.cpp:31]   --->   Operation 48 'extractvalue' 'p_1' <Predicate = (!icmp_ln25)> <Delay = 0.00>
ST_3 : Operation 49 [1/1] (0.00ns)   --->   "%p_2 = extractvalue i55 %empty" [Gaussian_Filter.cpp:31]   --->   Operation 49 'extractvalue' 'p_2' <Predicate = (!icmp_ln25)> <Delay = 0.00>
ST_3 : Operation 50 [1/1] (0.00ns)   --->   "%p_3 = extractvalue i55 %empty" [Gaussian_Filter.cpp:31]   --->   Operation 50 'extractvalue' 'p_3' <Predicate = (!icmp_ln25)> <Delay = 0.00>
ST_3 : Operation 51 [1/1] (0.00ns)   --->   "%p_4 = extractvalue i55 %empty" [Gaussian_Filter.cpp:31]   --->   Operation 51 'extractvalue' 'p_4' <Predicate = (!icmp_ln25)> <Delay = 0.00>
ST_3 : Operation 52 [1/1] (0.00ns)   --->   "%p_5 = extractvalue i55 %empty" [Gaussian_Filter.cpp:31]   --->   Operation 52 'extractvalue' 'p_5' <Predicate = (!icmp_ln25)> <Delay = 0.00>
ST_3 : Operation 53 [1/1] (0.00ns)   --->   "%p_0 = extractvalue i55 %empty" [Gaussian_Filter.cpp:31]   --->   Operation 53 'extractvalue' 'p_0' <Predicate = (!icmp_ln25)> <Delay = 0.00>
ST_3 : Operation 54 [1/1] (0.00ns)   --->   "%Line_Buffer_data_addr = getelementptr i32 %Line_Buffer_data, i64 0, i64 %zext_ln27" [Gaussian_Filter.cpp:39]   --->   Operation 54 'getelementptr' 'Line_Buffer_data_addr' <Predicate = (!icmp_ln25)> <Delay = 0.00>
ST_3 : Operation 55 [1/1] (0.00ns)   --->   "%reuse_addr_reg22_load = load i64 %reuse_addr_reg22"   --->   Operation 55 'load' 'reuse_addr_reg22_load' <Predicate = (!icmp_ln25)> <Delay = 0.00>
ST_3 : Operation 56 [1/1] (3.52ns)   --->   "%addr_cmp25 = icmp_eq  i64 %reuse_addr_reg22_load, i64 %zext_ln27" [Gaussian_Filter.cpp:27]   --->   Operation 56 'icmp' 'addr_cmp25' <Predicate = (!icmp_ln25)> <Delay = 3.52> <CoreInst = "Cmp">   --->   Core 9 'Cmp' <Latency = 0> <II = 1> <Delay = 3.52> <FuncUnit> <Opcode : 'seteq' 'setne' 'setle' 'setge' 'setlt' 'setgt'> <InPorts = 2> <OutPorts = 1>
ST_3 : Operation 57 [1/1] (0.00ns)   --->   "%Line_Buffer_data_1_addr = getelementptr i32 %Line_Buffer_data_1, i64 0, i64 %zext_ln27" [Gaussian_Filter.cpp:40]   --->   Operation 57 'getelementptr' 'Line_Buffer_data_1_addr' <Predicate = (!icmp_ln25)> <Delay = 0.00>
ST_3 : Operation 58 [1/1] (0.00ns)   --->   "%reuse_addr_reg_load = load i64 %reuse_addr_reg"   --->   Operation 58 'load' 'reuse_addr_reg_load' <Predicate = (!icmp_ln25)> <Delay = 0.00>
ST_3 : Operation 59 [2/2] (3.25ns)   --->   "%Line_Buffer_data_1_load = load i11 %Line_Buffer_data_1_addr" [Gaussian_Filter.cpp:46]   --->   Operation 59 'load' 'Line_Buffer_data_1_load' <Predicate = (!icmp_ln25)> <Delay = 3.25> <CoreInst = "RAM">   --->   Core 81 'RAM' <Latency = 1> <II = 1> <Delay = 3.25> <Storage> <Opcode : 'load' 'store'> <Ports = 2> <Width = 32> <Depth = 1920> <RAM>
ST_3 : Operation 60 [1/1] (3.52ns)   --->   "%addr_cmp = icmp_eq  i64 %reuse_addr_reg_load, i64 %zext_ln27" [Gaussian_Filter.cpp:27]   --->   Operation 60 'icmp' 'addr_cmp' <Predicate = (!icmp_ln25)> <Delay = 3.52> <CoreInst = "Cmp">   --->   Core 9 'Cmp' <Latency = 0> <II = 1> <Delay = 3.52> <FuncUnit> <Opcode : 'seteq' 'setne' 'setle' 'setge' 'setlt' 'setgt'> <InPorts = 2> <OutPorts = 1>
ST_3 : Operation 61 [1/1] (1.58ns)   --->   "%store_ln27 = store i64 %zext_ln27, i64 %reuse_addr_reg22" [Gaussian_Filter.cpp:27]   --->   Operation 61 'store' 'store_ln27' <Predicate = (!icmp_ln25)> <Delay = 1.58>
ST_3 : Operation 62 [1/1] ( I:3.25ns O:3.25ns )   --->   "%store_ln43 = store i32 %p_s, i11 %Line_Buffer_data_1_addr" [Gaussian_Filter.cpp:43]   --->   Operation 62 'store' 'store_ln43' <Predicate = (!icmp_ln25)> <Delay = 3.25> <CoreInst = "RAM">   --->   Core 81 'RAM' <Latency = 1> <II = 1> <Delay = 3.25> <Storage> <Opcode : 'load' 'store'> <Ports = 2> <Width = 32> <Depth = 1920> <RAM>
ST_3 : Operation 63 [1/1] (1.58ns)   --->   "%store_ln27 = store i64 %zext_ln27, i64 %reuse_addr_reg" [Gaussian_Filter.cpp:27]   --->   Operation 63 'store' 'store_ln27' <Predicate = (!icmp_ln25)> <Delay = 1.58>
ST_3 : Operation 64 [1/1] (1.63ns)   --->   "%add_ln27 = add i11 %select_ln25, i11 1" [Gaussian_Filter.cpp:27]   --->   Operation 64 'add' 'add_ln27' <Predicate = (!icmp_ln25)> <Delay = 1.63> <CoreInst = "Adder">   --->   Core 1 'Adder' <Latency = 0> <II = 1> <Delay = 1.63> <FuncUnit> <Opcode : 'add' 'sub'> <InPorts = 2> <OutPorts = 1>
ST_3 : Operation 65 [1/1] (1.58ns)   --->   "%store_ln27 = store i11 %add_ln27, i11 %J" [Gaussian_Filter.cpp:27]   --->   Operation 65 'store' 'store_ln27' <Predicate = (!icmp_ln25)> <Delay = 1.58>

State 4 <SV = 3> <Delay = 7.20>
ST_4 : Operation 66 [1/1] (0.00ns)   --->   "%reuse_reg21_load = load i32 %reuse_reg21"   --->   Operation 66 'load' 'reuse_reg21_load' <Predicate = (!icmp_ln25 & addr_cmp25)> <Delay = 0.00>
ST_4 : Operation 67 [2/2] (3.25ns)   --->   "%Line_Buffer_data_load = load i11 %Line_Buffer_data_addr" [Gaussian_Filter.cpp:45]   --->   Operation 67 'load' 'Line_Buffer_data_load' <Predicate = (!icmp_ln25 & !addr_cmp25)> <Delay = 3.25> <CoreInst = "RAM">   --->   Core 81 'RAM' <Latency = 1> <II = 1> <Delay = 3.25> <Storage> <Opcode : 'load' 'store'> <Ports = 2> <Width = 32> <Depth = 1920> <RAM>
ST_4 : Operation 68 [1/1] (0.00ns)   --->   "%reuse_reg_load = load i32 %reuse_reg"   --->   Operation 68 'load' 'reuse_reg_load' <Predicate = (!icmp_ln25 & addr_cmp)> <Delay = 0.00>
ST_4 : Operation 69 [1/2] ( I:3.25ns O:3.25ns )   --->   "%Line_Buffer_data_1_load = load i11 %Line_Buffer_data_1_addr" [Gaussian_Filter.cpp:46]   --->   Operation 69 'load' 'Line_Buffer_data_1_load' <Predicate = (!icmp_ln25)> <Delay = 3.25> <CoreInst = "RAM">   --->   Core 81 'RAM' <Latency = 1> <II = 1> <Delay = 3.25> <Storage> <Opcode : 'load' 'store'> <Ports = 2> <Width = 32> <Depth = 1920> <RAM>
ST_4 : Operation 70 [1/1] (0.69ns)   --->   "%reuse_select = select i1 %addr_cmp, i32 %reuse_reg_load, i32 %Line_Buffer_data_1_load" [Gaussian_Filter.cpp:27]   --->   Operation 70 'select' 'reuse_select' <Predicate = (!icmp_ln25)> <Delay = 0.69> <CoreInst = "Sel">   --->   Core 73 'Sel' <Latency = 0> <II = 1> <Delay = 0.69> <FuncUnit> <Opcode : 'select'> <InPorts = 3> <OutPorts = 1>
ST_4 : Operation 71 [1/1] (0.00ns)   --->   "%trunc_ln42 = trunc i32 %reuse_select" [Gaussian_Filter.cpp:42]   --->   Operation 71 'trunc' 'trunc_ln42' <Predicate = (!icmp_ln25)> <Delay = 0.00>
ST_4 : Operation 72 [1/1] ( I:3.25ns O:3.25ns )   --->   "%store_ln42 = store i32 %reuse_select, i11 %Line_Buffer_data_addr" [Gaussian_Filter.cpp:42]   --->   Operation 72 'store' 'store_ln42' <Predicate = (!icmp_ln25)> <Delay = 3.25> <CoreInst = "RAM">   --->   Core 81 'RAM' <Latency = 1> <II = 1> <Delay = 3.25> <Storage> <Opcode : 'load' 'store'> <Ports = 2> <Width = 32> <Depth = 1920> <RAM>
ST_4 : Operation 73 [1/1] (1.58ns)   --->   "%store_ln27 = store i32 %reuse_select, i32 %reuse_reg21" [Gaussian_Filter.cpp:27]   --->   Operation 73 'store' 'store_ln27' <Predicate = (!icmp_ln25)> <Delay = 1.58>
ST_4 : Operation 74 [1/1] (1.58ns)   --->   "%store_ln31 = store i32 %p_s, i32 %reuse_reg" [Gaussian_Filter.cpp:31]   --->   Operation 74 'store' 'store_ln31' <Predicate = (!icmp_ln25)> <Delay = 1.58>

State 5 <SV = 4> <Delay = 6.86>
ST_5 : Operation 75 [1/1] (0.00ns)   --->   "%p_0_0_0_0120379_load = load i32 %p_0_0_0_0120379"   --->   Operation 75 'load' 'p_0_0_0_0120379_load' <Predicate = true> <Delay = 0.00>
ST_5 : Operation 76 [1/1] (0.00ns)   --->   "%p_0_0_0_0120_1393_load = load i31 %p_0_0_0_0120_1393" [Gaussian_Filter.cpp:55]   --->   Operation 76 'load' 'p_0_0_0_0120_1393_load' <Predicate = true> <Delay = 0.00>
ST_5 : Operation 77 [1/1] (0.00ns)   --->   "%p_0_0_0_0120_2407_load = load i32 %p_0_0_0_0120_2407"   --->   Operation 77 'load' 'p_0_0_0_0120_2407_load' <Predicate = true> <Delay = 0.00>
ST_5 : Operation 78 [1/1] (0.00ns)   --->   "%p_0_0_0_0120_1386_load = load i31 %p_0_0_0_0120_1386"   --->   Operation 78 'load' 'p_0_0_0_0120_1386_load' <Predicate = (!icmp_ln25)> <Delay = 0.00>
ST_5 : Operation 79 [1/2] ( I:3.25ns O:3.25ns )   --->   "%Line_Buffer_data_load = load i11 %Line_Buffer_data_addr" [Gaussian_Filter.cpp:45]   --->   Operation 79 'load' 'Line_Buffer_data_load' <Predicate = (!icmp_ln25 & !addr_cmp25)> <Delay = 3.25> <CoreInst = "RAM">   --->   Core 81 'RAM' <Latency = 1> <II = 1> <Delay = 3.25> <Storage> <Opcode : 'load' 'store'> <Ports = 2> <Width = 32> <Depth = 1920> <RAM>
ST_5 : Operation 80 [1/1] (0.69ns)   --->   "%reuse_select26 = select i1 %addr_cmp25, i32 %reuse_reg21_load, i32 %Line_Buffer_data_load" [Gaussian_Filter.cpp:27]   --->   Operation 80 'select' 'reuse_select26' <Predicate = (!icmp_ln25)> <Delay = 0.69> <CoreInst = "Sel">   --->   Core 73 'Sel' <Latency = 0> <II = 1> <Delay = 0.69> <FuncUnit> <Opcode : 'select'> <InPorts = 3> <OutPorts = 1>
ST_5 : Operation 81 [1/1] (0.00ns)   --->   "%trunc_ln55 = trunc i31 %p_0_0_0_0120_1393_load" [Gaussian_Filter.cpp:55]   --->   Operation 81 'trunc' 'trunc_ln55' <Predicate = (!icmp_ln25)> <Delay = 0.00>
ST_5 : Operation 82 [1/1] (0.00ns)   --->   "%tmp_1 = bitconcatenate i32 @_ssdm_op_BitConcatenate.i32.i30.i2, i30 %trunc_ln55, i2 0" [Gaussian_Filter.cpp:55]   --->   Operation 82 'bitconcatenate' 'tmp_1' <Predicate = (!icmp_ln25)> <Delay = 0.00>
ST_5 : Operation 83 [1/1] (0.00ns)   --->   "%empty_28 = trunc i32 %p_0_0_0_0120_2407_load"   --->   Operation 83 'trunc' 'empty_28' <Predicate = (!icmp_ln25)> <Delay = 0.00>
ST_5 : Operation 84 [1/1] (0.00ns)   --->   "%empty_29 = trunc i32 %p_0_0_0_0120379_load"   --->   Operation 84 'trunc' 'empty_29' <Predicate = (!icmp_ln25)> <Delay = 0.00>
ST_5 : Operation 85 [1/1] (0.00ns) (grouped into TernaryAdder)   --->   "%tmp = add i31 %p_0_0_0_0120_1386_load, i31 %empty_28"   --->   Operation 85 'add' 'tmp' <Predicate = (!icmp_ln25)> <Delay = 0.00> <CoreInst = "TAddSub">   --->   Core 10 'TAddSub' <Latency = 0> <II = 1> <Delay = 2.18> <IPBlock> <Opcode : 'add' 'sub'> <InPorts = 3> <OutPorts = 1> <Sync> <CReg>
ST_5 : Operation 86 [1/1] (2.52ns)   --->   "%tmp1 = add i31 %empty_29, i31 %trunc_ln42" [Gaussian_Filter.cpp:42]   --->   Operation 86 'add' 'tmp1' <Predicate = (!icmp_ln25)> <Delay = 2.52> <CoreInst = "Adder">   --->   Core 1 'Adder' <Latency = 0> <II = 1> <Delay = 2.52> <FuncUnit> <Opcode : 'add' 'sub'> <InPorts = 2> <OutPorts = 1>
ST_5 : Operation 87 [1/1] (4.34ns) (root node of TernaryAdder)   --->   "%tmp21 = add i31 %tmp1, i31 %tmp" [Gaussian_Filter.cpp:42]   --->   Operation 87 'add' 'tmp21' <Predicate = (!icmp_ln25)> <Delay = 4.34> <CoreInst = "TAddSub">   --->   Core 10 'TAddSub' <Latency = 0> <II = 1> <Delay = 2.18> <IPBlock> <Opcode : 'add' 'sub'> <InPorts = 3> <OutPorts = 1> <Sync> <CReg>
ST_5 : Operation 88 [1/1] (2.55ns)   --->   "%add_ln55 = add i32 %reuse_select26, i32 %tmp_1" [Gaussian_Filter.cpp:55]   --->   Operation 88 'add' 'add_ln55' <Predicate = (!icmp_ln25)> <Delay = 2.55> <CoreInst = "Adder">   --->   Core 1 'Adder' <Latency = 0> <II = 1> <Delay = 2.55> <FuncUnit> <Opcode : 'add' 'sub'> <InPorts = 2> <OutPorts = 1>
ST_5 : Operation 89 [1/1] (0.00ns)   --->   "%store_ln31 = store i32 %p_s, i32 %p_0_0_0_0120_2407" [Gaussian_Filter.cpp:31]   --->   Operation 89 'store' 'store_ln31' <Predicate = (!icmp_ln25)> <Delay = 0.00>
ST_5 : Operation 90 [1/1] (0.00ns)   --->   "%store_ln42 = store i31 %trunc_ln42, i31 %p_0_0_0_0120_1393" [Gaussian_Filter.cpp:42]   --->   Operation 90 'store' 'store_ln42' <Predicate = (!icmp_ln25)> <Delay = 0.00>
ST_5 : Operation 91 [1/1] (0.00ns)   --->   "%store_ln27 = store i32 %reuse_select26, i32 %p_0_0_0_0120379" [Gaussian_Filter.cpp:27]   --->   Operation 91 'store' 'store_ln27' <Predicate = (!icmp_ln25)> <Delay = 0.00>
ST_5 : Operation 92 [1/1] (0.00ns)   --->   "%store_ln55 = store i31 %p_0_0_0_0120_1393_load, i31 %p_0_0_0_0120_1386" [Gaussian_Filter.cpp:55]   --->   Operation 92 'store' 'store_ln55' <Predicate = (!icmp_ln25)> <Delay = 0.00>

State 6 <SV = 5> <Delay = 4.37>
ST_6 : Operation 93 [1/1] (0.00ns)   --->   "%Sum_load = load i32 %Sum" [Gaussian_Filter.cpp:55]   --->   Operation 93 'load' 'Sum_load' <Predicate = true> <Delay = 0.00>
ST_6 : Operation 94 [1/1] (0.00ns)   --->   "%p_0_0_0_0120_2400_load = load i32 %p_0_0_0_0120_2400" [Gaussian_Filter.cpp:55]   --->   Operation 94 'load' 'p_0_0_0_0120_2400_load' <Predicate = true> <Delay = 0.00>
ST_6 : Operation 95 [1/1] (0.00ns)   --->   "%tmp3 = bitconcatenate i32 @_ssdm_op_BitConcatenate.i32.i31.i1, i31 %tmp21, i1 0" [Gaussian_Filter.cpp:42]   --->   Operation 95 'bitconcatenate' 'tmp3' <Predicate = true> <Delay = 0.00>
ST_6 : Operation 96 [1/1] (0.00ns) (grouped into TernaryAdder)   --->   "%add_ln55_2 = add i32 %Sum_load, i32 %tmp3" [Gaussian_Filter.cpp:55]   --->   Operation 96 'add' 'add_ln55_2' <Predicate = true> <Delay = 0.00> <CoreInst = "TAddSub">   --->   Core 10 'TAddSub' <Latency = 0> <II = 1> <Delay = 2.18> <IPBlock> <Opcode : 'add' 'sub'> <InPorts = 3> <OutPorts = 1> <Sync> <CReg>
ST_6 : Operation 97 [1/1] (4.37ns) (root node of TernaryAdder)   --->   "%add_ln55_3 = add i32 %add_ln55_2, i32 %p_0_0_0_0120_2400_load" [Gaussian_Filter.cpp:55]   --->   Operation 97 'add' 'add_ln55_3' <Predicate = true> <Delay = 4.37> <CoreInst = "TAddSub">   --->   Core 10 'TAddSub' <Latency = 0> <II = 1> <Delay = 2.18> <IPBlock> <Opcode : 'add' 'sub'> <InPorts = 3> <OutPorts = 1> <Sync> <CReg>
ST_6 : Operation 98 [1/1] (0.00ns)   --->   "%store_ln0 = store i32 %p_0_0_0_0120_2407_load, i32 %p_0_0_0_0120_2400"   --->   Operation 98 'store' 'store_ln0' <Predicate = true> <Delay = 0.00>
ST_6 : Operation 99 [1/1] (0.00ns)   --->   "%store_ln49 = store i32 %p_0_0_0_0120379_load, i32 %Sum" [Gaussian_Filter.cpp:49]   --->   Operation 99 'store' 'store_ln49' <Predicate = true> <Delay = 0.00>
ST_6 : Operation 108 [1/1] (1.58ns)   --->   "%ret_ln0 = ret"   --->   Operation 108 'ret' 'ret_ln0' <Predicate = (icmp_ln25)> <Delay = 1.58>

State 7 <SV = 6> <Delay = 5.66>
ST_7 : Operation 100 [1/1] (0.00ns)   --->   "%specloopname_ln0 = specloopname void @_ssdm_op_SpecLoopName, void @VITIS_LOOP_25_1_VITIS_LOOP_27_2_str"   --->   Operation 100 'specloopname' 'specloopname_ln0' <Predicate = true> <Delay = 0.00>
ST_7 : Operation 101 [1/1] (0.00ns)   --->   "%specpipeline_ln29 = specpipeline void @_ssdm_op_SpecPipeline, i32 1, i32 0, i32 0, i32 0, i32 4294967295, void @empty_1" [Gaussian_Filter.cpp:29]   --->   Operation 101 'specpipeline' 'specpipeline_ln29' <Predicate = true> <Delay = 0.00>
ST_7 : Operation 102 [1/1] (0.00ns) (grouped into TernaryAdder)   --->   "%add_ln55_1 = add i32 %add_ln55, i32 %p_s" [Gaussian_Filter.cpp:55]   --->   Operation 102 'add' 'add_ln55_1' <Predicate = true> <Delay = 0.00> <CoreInst = "TAddSub">   --->   Core 10 'TAddSub' <Latency = 0> <II = 1> <Delay = 2.18> <IPBlock> <Opcode : 'add' 'sub'> <InPorts = 3> <OutPorts = 1> <Sync> <CReg>
ST_7 : Operation 103 [1/1] (4.37ns) (root node of TernaryAdder)   --->   "%Sum_1 = add i32 %add_ln55_3, i32 %add_ln55_1" [Gaussian_Filter.cpp:55]   --->   Operation 103 'add' 'Sum_1' <Predicate = true> <Delay = 4.37> <CoreInst = "TAddSub">   --->   Core 10 'TAddSub' <Latency = 0> <II = 1> <Delay = 2.18> <IPBlock> <Opcode : 'add' 'sub'> <InPorts = 3> <OutPorts = 1> <Sync> <CReg>
ST_7 : Operation 104 [1/1] (0.00ns)   --->   "%trunc_ln = partselect i28 @_ssdm_op_PartSelect.i28.i32.i32.i32, i32 %Sum_1, i32 4, i32 31" [Gaussian_Filter.cpp:60]   --->   Operation 104 'partselect' 'trunc_ln' <Predicate = true> <Delay = 0.00>
ST_7 : Operation 105 [1/1] (0.00ns)   --->   "%sext_ln60 = sext i28 %trunc_ln" [Gaussian_Filter.cpp:60]   --->   Operation 105 'sext' 'sext_ln60' <Predicate = true> <Delay = 0.00>
ST_7 : Operation 106 [1/1] ( I:1.29ns O:1.29ns )   --->   "%write_ln69 = write void @_ssdm_op_Write.axis.volatile.i32P0A.i4P0A.i4P0A.i3P0A.i1P0A.i5P0A.i6P0A, i32 %Output_r_V_data_V, i4 %Output_r_V_keep_V, i4 %Output_r_V_strb_V, i3 %Output_r_V_user_V, i1 %Output_r_V_last_V, i5 %Output_r_V_id_V, i6 %Output_r_V_dest_V, i32 %sext_ln60, i4 %p_1, i4 %p_2, i3 %p_3, i1 %p_4, i5 %p_5, i6 %p_0" [Gaussian_Filter.cpp:69]   --->   Operation 106 'write' 'write_ln69' <Predicate = true> <Delay = 1.29> <CoreInst = "regslice">   --->   Core 135 'regslice' <Latency = 0> <II = 1> <Delay = 1.86> <Adapter> <Opcode : 'read' 'write'>
ST_7 : Operation 107 [1/1] (0.00ns)   --->   "%br_ln27 = br void %VITIS_LOOP_33_3" [Gaussian_Filter.cpp:27]   --->   Operation 107 'br' 'br_ln27' <Predicate = true> <Delay = 0.00>


============================================================
+ Verbose Summary: Timing violations
============================================================
Target clock period: 10.000ns, clock uncertainty: 2.700ns.

 <State 1>: 1.588ns
The critical path consists of the following:
	'alloca' operation 62 bit ('indvar_flatten') [25]  (0.000 ns)
	'store' operation ('store_ln0') of constant 0 62 bit on local variable 'indvar_flatten' [37]  (1.588 ns)

 <State 2>: 5.056ns
The critical path consists of the following:
	'load' operation 62 bit ('indvar_flatten_load', Gaussian_Filter.cpp:25) on local variable 'indvar_flatten' [46]  (0.000 ns)
	'icmp' operation 1 bit ('icmp_ln25', Gaussian_Filter.cpp:25) [52]  (3.469 ns)
	'store' operation ('store_ln25', Gaussian_Filter.cpp:25) of variable 'add_ln25', Gaussian_Filter.cpp:25 62 bit on local variable 'indvar_flatten' [110]  (1.588 ns)

 <State 3>: 6.764ns
The critical path consists of the following:
	'load' operation 11 bit ('J', Gaussian_Filter.cpp:27) on local variable 'J', Gaussian_Filter.cpp:27 [45]  (0.000 ns)
	'icmp' operation 1 bit ('icmp_ln27', Gaussian_Filter.cpp:27) [51]  (2.552 ns)
	'select' operation 11 bit ('select_ln25', Gaussian_Filter.cpp:25) [60]  (0.692 ns)
	'icmp' operation 1 bit ('addr_cmp25', Gaussian_Filter.cpp:27) [75]  (3.520 ns)

 <State 4>: 7.206ns
The critical path consists of the following:
	'load' operation 32 bit ('Line_Buffer_data_1_load', Gaussian_Filter.cpp:46) on array 'Line_Buffer.data', Gaussian_Filter.cpp:17 [80]  (3.254 ns)
	'select' operation 32 bit ('reuse_select', Gaussian_Filter.cpp:27) [82]  (0.698 ns)
	'store' operation ('store_ln42', Gaussian_Filter.cpp:42) of variable 'reuse_select', Gaussian_Filter.cpp:27 32 bit on array 'Line_Buffer.data', Gaussian_Filter.cpp:17 [84]  (3.254 ns)

 <State 5>: 6.864ns
The critical path consists of the following:
	'load' operation 32 bit ('p_0_0_0_0120379_load') on local variable 'p_0_0_0_0120379' [47]  (0.000 ns)
	'add' operation 31 bit ('tmp1', Gaussian_Filter.cpp:42) [95]  (2.522 ns)
	'add' operation 31 bit ('tmp21', Gaussian_Filter.cpp:42) [96]  (4.342 ns)

 <State 6>: 4.371ns
The critical path consists of the following:
	'load' operation 32 bit ('Sum_load', Gaussian_Filter.cpp:55) on local variable 'Sum', Gaussian_Filter.cpp:49 [56]  (0.000 ns)
	'add' operation 32 bit ('add_ln55_2', Gaussian_Filter.cpp:55) [100]  (0.000 ns)
	'add' operation 32 bit ('add_ln55_3', Gaussian_Filter.cpp:55) [101]  (4.371 ns)

 <State 7>: 5.661ns
The critical path consists of the following:
	'add' operation 32 bit ('add_ln55_1', Gaussian_Filter.cpp:55) [99]  (0.000 ns)
	'add' operation 32 bit ('Sum', Gaussian_Filter.cpp:55) [102]  (4.371 ns)
	axis write operation ('write_ln69', Gaussian_Filter.cpp:69) on port 'Output_r_V_data_V' (Gaussian_Filter.cpp:69) [105]  (1.290 ns)


============================================================
+ Verbose Summary: Binding
============================================================
N/A
* FSMD analyzer results:
  - Output states:
 - Input state : 
  - Chain level:
	State 1
	State 2
	State 3
	State 4
	State 5
	State 6
	State 7


============================================================
+ Verbose Summary: Datapath Resource usage 
============================================================
N/A
