  **** HLS Build v2026.1 6493734
INFO: [HLS 200-2005] Using work_dir C:/Vitis_WS/Sobel_IP/Sobel_IP 
INFO: [HLS 200-2176] Writing Vitis IDE component file C:/Vitis_WS/Sobel_IP/Sobel_IP/vitis-comp.json
INFO: [HLS 200-10] Creating and opening component 'C:/Vitis_WS/Sobel_IP/Sobel_IP'.
INFO: [HLS 200-2174] Applying component config ini file hls_config.cfg
INFO: [HLS 200-1465] Applying config ini 'syn.file=Sobel.cpp' from hls_config.cfg(6)
INFO: [HLS 200-10] Adding design file 'C:/Vitis_WS/Sobel_IP/Sobel.cpp' to the project
INFO: [HLS 200-1465] Applying config ini 'syn.top=sobel_filter' from hls_config.cfg(7)
INFO: [HLS 200-1465] Applying config ini 'part=xc7z020clg400-1' from hls_config.cfg(1)
INFO: [HLS 200-1611] Setting target device to 'xc7z020-clg400-1'
INFO: [HLS 200-1465] Applying config ini 'package.output.format=ip_catalog' from hls_config.cfg(4)
INFO: [HLS 200-2176] Writing Vitis IDE component file C:/Vitis_WS/Sobel_IP/Sobel_IP/vitis-comp.json
INFO: [HLS 200-111] Finished File checks and directory preparation: CPU user time: 1 seconds. CPU system time: 2 seconds. Elapsed time: 4.714 seconds; current allocated memory: 138.535 MB.
INFO: [HLS 200-2191] C-Synthesis will use clang-16 as the compiler
INFO: [HLS 200-10] Analyzing design file 'Sobel.cpp' ... 
INFO: [HLS 200-111] Finished Source Code Analysis and Preprocessing: CPU user time: 1 seconds. CPU system time: 0 seconds. Elapsed time: 9.436 seconds; current allocated memory: 141.312 MB.
INFO: [HLS 200-1995] There were 1,084 instructions in the design after the 'Compile/Link' phase of compilation. See the Design Size Report for more details (C:/Vitis_WS/Sobel_IP/Sobel_IP/hls/syn/report/csynth_design_size.rpt:2)
INFO: [HLS 214-291] Loop 'VITIS_LOOP_23_3' is marked as complete unroll implied by the pipeline pragma (Sobel.cpp:23:28)
INFO: [HLS 214-291] Loop 'VITIS_LOOP_24_4' is marked as complete unroll implied by the pipeline pragma (Sobel.cpp:24:32)
INFO: [HLS 214-291] Loop 'VITIS_LOOP_35_5' is marked as complete unroll implied by the pipeline pragma (Sobel.cpp:35:28)
INFO: [HLS 214-291] Loop 'VITIS_LOOP_36_6' is marked as complete unroll implied by the pipeline pragma (Sobel.cpp:36:32)
INFO: [HLS 214-186] Unrolling loop 'VITIS_LOOP_23_3' (Sobel.cpp:23:28) in function 'sobel_filter' completely with a factor of 2 (Sobel.cpp:7:0)
INFO: [HLS 214-186] Unrolling loop 'VITIS_LOOP_24_4' (Sobel.cpp:24:32) in function 'sobel_filter' completely with a factor of 3 (Sobel.cpp:7:0)
INFO: [HLS 214-186] Unrolling loop 'VITIS_LOOP_35_5' (Sobel.cpp:35:28) in function 'sobel_filter' completely with a factor of 3 (Sobel.cpp:7:0)
INFO: [HLS 214-186] Unrolling loop 'VITIS_LOOP_36_6' (Sobel.cpp:36:32) in function 'sobel_filter' completely with a factor of 3 (Sobel.cpp:7:0)
INFO: [HLS 200-1995] There were 565 instructions in the design after the 'Unroll/Inline' phase of compilation. See the Design Size Report for more details (C:/Vitis_WS/Sobel_IP/Sobel_IP/hls/syn/report/csynth_design_size.rpt:2)
INFO: [HLS 200-1995] There were 392 instructions in the design after the 'Unroll/Inline (step 2)' phase of compilation. See the Design Size Report for more details (C:/Vitis_WS/Sobel_IP/Sobel_IP/hls/syn/report/csynth_design_size.rpt:2)
WARNING: [HLS 214-366] Duplicating function 'hls::axis<ap_int<32>, 2ul, 5ul, 6ul, (unsigned char)56, false>::axis()' as different function signatures were detected between this call site and other call site(s). This may impact the resources used in the design. (Sobel.cpp:21:36)
WARNING: [HLS 214-366] Duplicating function 'hls::axis<ap_int<32>, 2ul, 5ul, 6ul, (unsigned char)56, false>::axis()' as different function signatures were detected between this call site and other call site(s). This may impact the resources used in the design. (Sobel.cpp:46:19)
INFO: [HLS 214-178] Inlining function 'hls::axis<ap_int<32>, 2ul, 5ul, 6ul, (unsigned char)56, false>::axis()' into 'sobel_filter(hls::stream<hls::axis<ap_int<32>, 2ul, 5ul, 6ul, (unsigned char)56, false>, 0>&, hls::stream<hls::axis<ap_int<32>, 2ul, 5ul, 6ul, (unsigned char)56, false>, 0>&, int, int)' (Sobel.cpp:7:0)
INFO: [HLS 214-178] Inlining function 'hls::axis<ap_int<32>, 2ul, 5ul, 6ul, (unsigned char)56, false>::axis() (.40)' into 'sobel_filter(hls::stream<hls::axis<ap_int<32>, 2ul, 5ul, 6ul, (unsigned char)56, false>, 0>&, hls::stream<hls::axis<ap_int<32>, 2ul, 5ul, 6ul, (unsigned char)56, false>, 0>&, int, int)' (Sobel.cpp:7:0)
INFO: [HLS 200-1995] There were 566 instructions in the design after the 'Unroll/Inline (step 3)' phase of compilation. See the Design Size Report for more details (C:/Vitis_WS/Sobel_IP/Sobel_IP/hls/syn/report/csynth_design_size.rpt:2)
INFO: [HLS 200-1995] There were 506 instructions in the design after the 'Unroll/Inline (step 4)' phase of compilation. See the Design Size Report for more details (C:/Vitis_WS/Sobel_IP/Sobel_IP/hls/syn/report/csynth_design_size.rpt:2)
INFO: [HLS 200-1995] There were 505 instructions in the design after the 'Array/Struct' phase of compilation. See the Design Size Report for more details (C:/Vitis_WS/Sobel_IP/Sobel_IP/hls/syn/report/csynth_design_size.rpt:2)
INFO: [HLS 200-1995] There were 505 instructions in the design after the 'Array/Struct (step 2)' phase of compilation. See the Design Size Report for more details (C:/Vitis_WS/Sobel_IP/Sobel_IP/hls/syn/report/csynth_design_size.rpt:2)
INFO: [HLS 200-1995] There were 505 instructions in the design after the 'Array/Struct (step 3)' phase of compilation. See the Design Size Report for more details (C:/Vitis_WS/Sobel_IP/Sobel_IP/hls/syn/report/csynth_design_size.rpt:2)
INFO: [HLS 200-1995] There were 505 instructions in the design after the 'Array/Struct (step 4)' phase of compilation. See the Design Size Report for more details (C:/Vitis_WS/Sobel_IP/Sobel_IP/hls/syn/report/csynth_design_size.rpt:2)
INFO: [HLS 200-1995] There were 754 instructions in the design after the 'Array/Struct (step 5)' phase of compilation. See the Design Size Report for more details (C:/Vitis_WS/Sobel_IP/Sobel_IP/hls/syn/report/csynth_design_size.rpt:2)
INFO: [HLS 200-1995] There were 747 instructions in the design after the 'Performance' phase of compilation. See the Design Size Report for more details (C:/Vitis_WS/Sobel_IP/Sobel_IP/hls/syn/report/csynth_design_size.rpt:2)
INFO: [HLS 214-376] Pipelining loop< unknown> at Sobel.cpp:17:11 due to pipeline_loops threshold
INFO: [HLS 200-1995] There were 618 instructions in the design after the 'Performance (step 2)' phase of compilation. See the Design Size Report for more details (C:/Vitis_WS/Sobel_IP/Sobel_IP/hls/syn/report/csynth_design_size.rpt:2)
INFO: [HLS 200-1995] There were 554 instructions in the design after the 'Performance (step 3)' phase of compilation. See the Design Size Report for more details (C:/Vitis_WS/Sobel_IP/Sobel_IP/hls/syn/report/csynth_design_size.rpt:2)
INFO: [HLS 200-1995] There were 554 instructions in the design after the 'Performance (step 4)' phase of compilation. See the Design Size Report for more details (C:/Vitis_WS/Sobel_IP/Sobel_IP/hls/syn/report/csynth_design_size.rpt:2)
INFO: [HLS 200-1995] There were 504 instructions in the design after the 'HW Transforms' phase of compilation. See the Design Size Report for more details (C:/Vitis_WS/Sobel_IP/Sobel_IP/hls/syn/report/csynth_design_size.rpt:2)
INFO: [HLS 200-1995] There were 428 instructions in the design after the 'HW Transforms (step 2)' phase of compilation. See the Design Size Report for more details (C:/Vitis_WS/Sobel_IP/Sobel_IP/hls/syn/report/csynth_design_size.rpt:2)
INFO: [HLS 200-111] Finished Compiling Optimization and Transform: CPU user time: 0 seconds. CPU system time: 0 seconds. Elapsed time: 9.824 seconds; current allocated memory: 143.809 MB.
INFO: [HLS 200-111] Finished Checking Pragmas: CPU user time: 0 seconds. CPU system time: 0 seconds. Elapsed time: 0.007 seconds; current allocated memory: 143.809 MB.
INFO: [HLS 200-10] Starting code transformations ...
INFO: [HLS 200-111] Finished Standard Transforms: CPU user time: 0 seconds. CPU system time: 0 seconds. Elapsed time: 0.185 seconds; current allocated memory: 149.434 MB.
INFO: [HLS 200-10] Checking synthesizability ...
INFO: [HLS 200-111] Finished Checking Synthesizability: CPU user time: 0 seconds. CPU system time: 1 seconds. Elapsed time: 0.076 seconds; current allocated memory: 151.660 MB.
INFO: [HLS 200-111] Finished Loop, function and other optimizations: CPU user time: 0 seconds. CPU system time: 0 seconds. Elapsed time: 0.194 seconds; current allocated memory: 174.641 MB.
INFO: [HLS 200-2061] Successfully converted nested loops 'VITIS_LOOP_18_1'(Sobel.cpp:18:20) and 'VITIS_LOOP_19_2'(Sobel.cpp:19:24) in function 'sobel_filter' into perfectly nested loops.
INFO: [HLS 200-2259] Flattening a loop nest with inner loop 'VITIS_LOOP_19_2' (Sobel.cpp:19:24) and outer loop 'VITIS_LOOP_18_1' (Sobel.cpp:18:20) in function 'sobel_filter' successfully.
INFO: [HLS 200-111] Finished Architecture Synthesis: CPU user time: 0 seconds. CPU system time: 0 seconds. Elapsed time: 0.182 seconds; current allocated memory: 189.320 MB.
INFO: [HLS 200-2255] Checking Wire Delay Status: Wire Delay Mode is ON
INFO: [HLS 200-10] Starting hardware synthesis ...
INFO: [HLS 200-10] Synthesizing 'sobel_filter' ...
INFO: [SYN 201-201] Setting up clock 'default' with a period of 10ns.
INFO: [HLS 200-10] ----------------------------------------------------------------
INFO: [HLS 200-42] -- Implementing module 'sobel_filter_Pipeline_1' 
INFO: [HLS 200-10] ----------------------------------------------------------------
INFO: [SCHED 204-11] Starting scheduling ...
INFO: [SCHED 204-61] Pipelining loop 'Loop 1'.
INFO: [HLS 200-1470] Pipelining result : Target II = NA, Final II = 1, Depth = 1, loop 'Loop 1'
INFO: [SCHED 204-11] Finished scheduling.
INFO: [HLS 200-111] Finished Scheduling: CPU user time: 1 seconds. CPU system time: 0 seconds. Elapsed time: 1.116 seconds; current allocated memory: 193.043 MB.
INFO: [BIND 205-100] Starting micro-architecture generation ...
INFO: [BIND 205-101] Performing variable lifetime analysis.
INFO: [BIND 205-101] Exploring resource sharing.
INFO: [BIND 205-101] Binding ...
INFO: [BIND 205-100] Finished micro-architecture generation.
INFO: [HLS 200-111] Finished Binding: CPU user time: 0 seconds. CPU system time: 0 seconds. Elapsed time: 0.083 seconds; current allocated memory: 194.121 MB.
INFO: [HLS 200-10] ----------------------------------------------------------------
INFO: [HLS 200-42] -- Implementing module 'sobel_filter_Pipeline_VITIS_LOOP_18_1_VITIS_LOOP_19_2' 
INFO: [HLS 200-10] ----------------------------------------------------------------
INFO: [SCHED 204-11] Starting scheduling ...
INFO: [SCHED 204-61] Pipelining loop 'VITIS_LOOP_18_1_VITIS_LOOP_19_2'.
INFO: [HLS 200-1470] Pipelining result : Target II = NA, Final II = 1, Depth = 4, loop 'VITIS_LOOP_18_1_VITIS_LOOP_19_2'
INFO: [SCHED 204-11] Finished scheduling.
INFO: [HLS 200-111] Finished Scheduling: CPU user time: 0 seconds. CPU system time: 0 seconds. Elapsed time: 0.201 seconds; current allocated memory: 197.691 MB.
INFO: [BIND 205-100] Starting micro-architecture generation ...
INFO: [BIND 205-101] Performing variable lifetime analysis.
INFO: [BIND 205-101] Exploring resource sharing.
INFO: [BIND 205-101] Binding ...
INFO: [BIND 205-100] Finished micro-architecture generation.
INFO: [HLS 200-111] Finished Binding: CPU user time: 0 seconds. CPU system time: 0 seconds. Elapsed time: 0.172 seconds; current allocated memory: 197.789 MB.
INFO: [HLS 200-10] ----------------------------------------------------------------
INFO: [HLS 200-42] -- Implementing module 'sobel_filter' 
INFO: [HLS 200-10] ----------------------------------------------------------------
INFO: [SCHED 204-11] Starting scheduling ...
INFO: [SCHED 204-11] Finished scheduling.
INFO: [HLS 200-111] Finished Scheduling: CPU user time: 0 seconds. CPU system time: 0 seconds. Elapsed time: 0.217 seconds; current allocated memory: 199.797 MB.
INFO: [BIND 205-100] Starting micro-architecture generation ...
INFO: [BIND 205-101] Performing variable lifetime analysis.
INFO: [BIND 205-101] Exploring resource sharing.
INFO: [BIND 205-101] Binding ...
INFO: [BIND 205-100] Finished micro-architecture generation.
INFO: [HLS 200-111] Finished Binding: CPU user time: 0 seconds. CPU system time: 0 seconds. Elapsed time: 0.115 seconds; current allocated memory: 199.871 MB.
INFO: [HLS 200-10] ----------------------------------------------------------------
INFO: [HLS 200-10] -- Generating RTL for module 'sobel_filter_Pipeline_1' 
INFO: [HLS 200-10] ----------------------------------------------------------------
INFO: [RTGEN 206-100] Finished creating RTL model for 'sobel_filter_Pipeline_1'.
INFO: [HLS 200-111] Finished Creating RTL model: CPU user time: 0 seconds. CPU system time: 0 seconds. Elapsed time: 0.117 seconds; current allocated memory: 201.344 MB.
INFO: [HLS 200-10] ----------------------------------------------------------------
INFO: [HLS 200-10] -- Generating RTL for module 'sobel_filter_Pipeline_VITIS_LOOP_18_1_VITIS_LOOP_19_2' 
INFO: [HLS 200-10] ----------------------------------------------------------------
INFO: [RTGEN 206-100] Finished creating RTL model for 'sobel_filter_Pipeline_VITIS_LOOP_18_1_VITIS_LOOP_19_2'.
INFO: [HLS 200-111] Finished Creating RTL model: CPU user time: 0 seconds. CPU system time: 0 seconds. Elapsed time: 0.29 seconds; current allocated memory: 204.465 MB.
INFO: [HLS 200-10] ----------------------------------------------------------------
INFO: [HLS 200-10] -- Generating RTL for module 'sobel_filter' 
INFO: [HLS 200-10] ----------------------------------------------------------------
WARNING: [RTGEN 206-101] Design contains AXI ports. Reset is fixed to synchronous and active low.
INFO: [RTGEN 206-500] Setting interface mode on port 'sobel_filter/input_r_V_data_V' to 'axis' (register, both mode).
INFO: [RTGEN 206-500] Setting interface mode on port 'sobel_filter/input_r_V_keep_V' to 'axis' (register, both mode).
INFO: [RTGEN 206-500] Setting interface mode on port 'sobel_filter/input_r_V_strb_V' to 'axis' (register, both mode).
INFO: [RTGEN 206-500] Setting interface mode on port 'sobel_filter/input_r_V_user_V' to 'axis' (register, both mode).
INFO: [RTGEN 206-500] Setting interface mode on port 'sobel_filter/input_r_V_last_V' to 'axis' (register, both mode).
INFO: [RTGEN 206-500] Setting interface mode on port 'sobel_filter/input_r_V_id_V' to 'axis' (register, both mode).
INFO: [RTGEN 206-500] Setting interface mode on port 'sobel_filter/input_r_V_dest_V' to 'axis' (register, both mode).
INFO: [RTGEN 206-500] Setting interface mode on port 'sobel_filter/output_r_V_data_V' to 'axis' (register, both mode).
INFO: [RTGEN 206-500] Setting interface mode on port 'sobel_filter/output_r_V_keep_V' to 'axis' (register, both mode).
INFO: [RTGEN 206-500] Setting interface mode on port 'sobel_filter/output_r_V_strb_V' to 'axis' (register, both mode).
INFO: [RTGEN 206-500] Setting interface mode on port 'sobel_filter/output_r_V_user_V' to 'axis' (register, both mode).
INFO: [RTGEN 206-500] Setting interface mode on port 'sobel_filter/output_r_V_last_V' to 'axis' (register, both mode).
INFO: [RTGEN 206-500] Setting interface mode on port 'sobel_filter/output_r_V_id_V' to 'axis' (register, both mode).
INFO: [RTGEN 206-500] Setting interface mode on port 'sobel_filter/output_r_V_dest_V' to 'axis' (register, both mode).
INFO: [RTGEN 206-500] Setting interface mode on port 'sobel_filter/rows' to 's_axilite & ap_none'.
INFO: [RTGEN 206-500] Setting interface mode on port 'sobel_filter/cols' to 's_axilite & ap_none'.
INFO: [RTGEN 206-500] Setting interface mode on function 'sobel_filter' to 's_axilite & ap_ctrl_hs'.
INFO: [RTGEN 206-100] Bundling port 'rows', 'cols' and 'return' to AXI-Lite port control.
INFO: [RTGEN 206-100] Generating core module 'mul_31ns_31ns_62_2_1': 1 instance(s).
INFO: [RTGEN 206-100] Finished creating RTL model for 'sobel_filter'.
INFO: [RTMG 210-278] Implementing memory 'sobel_filter_window_keep_RAM_AUTO_1R1W' using auto RAMs.
INFO: [RTMG 210-278] Implementing memory 'sobel_filter_window_user_RAM_AUTO_1R1W' using auto RAMs.
INFO: [RTMG 210-278] Implementing memory 'sobel_filter_window_last_RAM_AUTO_1R1W' using auto RAMs.
INFO: [RTMG 210-278] Implementing memory 'sobel_filter_window_id_RAM_AUTO_1R1W' using auto RAMs.
INFO: [RTMG 210-278] Implementing memory 'sobel_filter_window_dest_RAM_AUTO_1R1W' using auto RAMs.
INFO: [HLS 200-111] Finished Creating RTL model: CPU user time: 1 seconds. CPU system time: 0 seconds. Elapsed time: 0.946 seconds; current allocated memory: 214.938 MB.
INFO: [HLS 200-111] Finished Generating all RTL models: CPU user time: 0 seconds. CPU system time: 0 seconds. Elapsed time: 1.411 seconds; current allocated memory: 223.344 MB.
INFO: [HLS 200-2225] Wrote inferred directives to file C:/Vitis_WS/Sobel_IP/Sobel_IP/hls/syn/inferred_directives.ini
INFO: [HLS 200-111] Finished Updating report files: CPU user time: 1 seconds. CPU system time: 1 seconds. Elapsed time: 1.584 seconds; current allocated memory: 229.059 MB.
INFO: [VHDL 208-304] Generating VHDL RTL for sobel_filter.
INFO: [VLOG 209-307] Generating Verilog RTL for sobel_filter.
INFO: [HLS 200-790] **** Loop Constraint Status: All loop constraints were satisfied.
INFO: [HLS 200-789] **** Estimated Fmax: 144.45 MHz
INFO: [HLS 200-112] Total CPU user time: 5 seconds. Total CPU system time: 4 seconds. Total elapsed time: 30.938 seconds; peak allocated memory: 229.125 MB.
INFO: [v++ 60-791] Total elapsed time: 0h 0m 35s
