09/09/26 01:52:45: Running xcd server. This server was built by gradle.
09/09/26 01:52:45: Server was asked to start on port: '53344'
09/09/26 01:52:45: Server is using token UUID: 'b4315fad-36f7-4ae0-9585-8284fa001e25'
09/09/26 01:52:45: SESSION_MGR: creating session with session uuid: '6d04a3e9-ade5-4ab9-8d63-1f78fcd2ec76' and name 'default'
09/09/26 01:52:45: Attempting to start server on port '53344'
09/09/26 01:52:45: Running Dispatch Server
09/09/26 01:52:45: Version 2.2.0
09/09/26 01:52:47: Dispatch Server: Accepted socket connection from client
09/09/26 01:52:47: Starting Socket connection
09/09/26 01:52:47: EXCHANGE_TOKEN received, server token: b4315fad-36f7-4ae0-9585-8284fa001e25, passed token: b4315fad-36f7-4ae0-9585-8284fa001e25
09/09/26 01:52:47: DISPATCH_HANDLER: Adding handler from function makeHandler in library xv_system_diagram
09/09/26 01:52:47: SESSION_MGR: creating session with session uuid: '5573ca18-901a-42a6-a9ab-c05f53807b47' and name 'v++_compile_Sobel_IP'
09/09/26 01:52:47: KERNEL_SVC: creating session with uuid: '5573ca18-901a-42a6-a9ab-c05f53807b47' and name 'v++_compile_Sobel_IP'
09/09/26 01:52:47: GUIDANCE_SMGR: creating guidance session with uuid: '5573ca18-901a-42a6-a9ab-c05f53807b47' and name 'v++_compile_Sobel_IP'
09/09/26 01:52:47: SYSTEM_DIAGRAM: creating session with uuid: '5573ca18-901a-42a6-a9ab-c05f53807b47' and name 'v++_compile_Sobel_IP'
09/09/26 01:52:52: Dispatch Server: Accepted socket connection from client
09/09/26 01:52:52: Starting Socket connection
09/09/26 01:53:20: SESSION_MGR: closing session for UUID '5573ca18-901a-42a6-a9ab-c05f53807b47' with name 'v++_compile_Sobel_IP'
09/09/26 01:53:20: KERNEL_SVC: closing session for UUID '5573ca18-901a-42a6-a9ab-c05f53807b47' with name 'v++_compile_Sobel_IP'
09/09/26 01:53:20: GUIDANCE_SMGR: closing session for UUID '5573ca18-901a-42a6-a9ab-c05f53807b47' with name 'v++_compile_Sobel_IP'
09/09/26 01:53:20: SYSTEM_DIAGRAM: closing session for UUID '5573ca18-901a-42a6-a9ab-c05f53807b47' with name 'v++_compile_Sobel_IP'
09/09/26 01:53:20: STOP_SERVER received, server token: b4315fad-36f7-4ae0-9585-8284fa001e25, passed token: b4315fad-36f7-4ae0-9585-8284fa001e25
09/09/26 01:53:20: Socket received request to stop server.
09/09/26 01:53:20: Dispatch Server: do_await_stop
09/09/26 01:53:20: SERVER: destructor for server bound to port 53344
09/09/26 01:55:30: Running xcd server. This server was built by gradle.
09/09/26 01:55:30: Server was asked to start on port: '53376'
09/09/26 01:55:30: Server is using token UUID: '84091df4-6497-466a-b57e-822f9159b288'
09/09/26 01:55:30: SESSION_MGR: creating session with session uuid: '6d04a3e9-ade5-4ab9-8d63-1f78fcd2ec76' and name 'default'
09/09/26 01:55:30: Attempting to start server on port '53376'
09/09/26 01:55:30: Running Dispatch Server
09/09/26 01:55:30: Version 2.2.0
09/09/26 01:55:32: Dispatch Server: Accepted socket connection from client
09/09/26 01:55:32: Starting Socket connection
09/09/26 01:55:32: EXCHANGE_TOKEN received, server token: 84091df4-6497-466a-b57e-822f9159b288, passed token: 84091df4-6497-466a-b57e-822f9159b288
09/09/26 01:55:33: DISPATCH_HANDLER: Adding handler from function makeHandler in library xv_system_diagram
09/09/26 01:55:33: SESSION_MGR: creating session with session uuid: '7d994c95-ed89-4fce-a8bc-b740acaa84f9' and name 'vitis-run_compile_Sobel_IP'
09/09/26 01:55:33: KERNEL_SVC: creating session with uuid: '7d994c95-ed89-4fce-a8bc-b740acaa84f9' and name 'vitis-run_compile_Sobel_IP'
09/09/26 01:55:33: GUIDANCE_SMGR: creating guidance session with uuid: '7d994c95-ed89-4fce-a8bc-b740acaa84f9' and name 'vitis-run_compile_Sobel_IP'
09/09/26 01:55:33: SYSTEM_DIAGRAM: creating session with uuid: '7d994c95-ed89-4fce-a8bc-b740acaa84f9' and name 'vitis-run_compile_Sobel_IP'
09/09/26 01:55:38: Dispatch Server: Accepted socket connection from client
09/09/26 01:55:38: Starting Socket connection
09/09/26 01:55:54: SESSION_MGR: closing session for UUID '7d994c95-ed89-4fce-a8bc-b740acaa84f9' with name 'vitis-run_compile_Sobel_IP'
09/09/26 01:55:54: KERNEL_SVC: closing session for UUID '7d994c95-ed89-4fce-a8bc-b740acaa84f9' with name 'vitis-run_compile_Sobel_IP'
09/09/26 01:55:54: GUIDANCE_SMGR: closing session for UUID '7d994c95-ed89-4fce-a8bc-b740acaa84f9' with name 'vitis-run_compile_Sobel_IP'
09/09/26 01:55:54: SYSTEM_DIAGRAM: closing session for UUID '7d994c95-ed89-4fce-a8bc-b740acaa84f9' with name 'vitis-run_compile_Sobel_IP'
09/09/26 01:55:54: STOP_SERVER received, server token: 84091df4-6497-466a-b57e-822f9159b288, passed token: 84091df4-6497-466a-b57e-822f9159b288
09/09/26 01:55:54: Socket received request to stop server.
09/09/26 01:55:54: Dispatch Server: do_await_stop
09/09/26 01:55:54: SERVER: destructor for server bound to port 53376
