

================================================================
== Vitis HLS Report for 'vector_mult'
================================================================
* Date:           Mon Sep  7 23:58:30 2026

* Version:        2026.1 (Build 6493734 on Jun 16 2026)
* Project:        Vector_Mult_IP
* Solution:       hls
* Product family: zynq
* Target device:  xc7z020-clg400-1


================================================================
== Performance Estimates
================================================================
+ Timing: 
    * Summary: 
    +--------+----------+----------+------------+
    |  Clock |  Target  | Estimated| Uncertainty|
    +--------+----------+----------+------------+
    |ap_clk  |  10.00 ns|  7.300 ns|     2.70 ns|
    +--------+----------+----------+------------+

+ Latency: 
    * Summary: 
    +---------+---------+----------+----------+-----+-----+-----------------------------------------+
    |  Latency (cycles) |  Latency (absolute) |  Interval |                 Pipeline                |
    |   min   |   max   |    min   |    max   | min | max |                   Type                  |
    +---------+---------+----------+----------+-----+-----+-----------------------------------------+
    |        ?|        ?|         ?|         ?|    0|    0|  loop auto-rewind stp (delay=0 cycle(s))|
    +---------+---------+----------+----------+-----+-----+-----------------------------------------+

    + Detail: 
        * Instance: 
        N/A

        * Loop: 
        +-------------------+---------+---------+----------+-----------+-----------+------+----------+
        |                   |  Latency (cycles) | Iteration|  Initiation Interval  | Trip |          |
        |     Loop Name     |   min   |   max   |  Latency |  achieved |   target  | Count| Pipelined|
        +-------------------+---------+---------+----------+-----------+-----------+------+----------+
        |- VITIS_LOOP_20_1  |        ?|        ?|        18|          1|          1|     ?|       yes|
        +-------------------+---------+---------+----------+-----------+-----------+------+----------+



================================================================
== Utilization Estimates
================================================================
* Summary: 
+-----------------+---------+-----+--------+-------+-----+
|       Name      | BRAM_18K| DSP |   FF   |  LUT  | URAM|
+-----------------+---------+-----+--------+-------+-----+
|DSP              |        -|    -|       -|      -|    -|
|Expression       |        -|    -|       0|    204|    -|
|FIFO             |        -|    -|       -|      -|    -|
|Instance         |        4|    3|    2271|   2514|    -|
|Memory           |        -|    -|       -|      -|    -|
|Multiplexer      |        -|    -|       0|     99|    -|
|Register         |        -|    -|     675|    128|    -|
+-----------------+---------+-----+--------+-------+-----+
|Total            |        4|    3|    2946|   2945|    0|
+-----------------+---------+-----+--------+-------+-----+
|Available        |      280|  220|  106400|  53200|    0|
+-----------------+---------+-----+--------+-------+-----+
|Utilization (%)  |        1|    1|       2|      5|    0|
+-----------------+---------+-----+--------+-------+-----+

+ Detail: 
    * Instance: 
    +-----------------------+--------------------+---------+----+-----+-----+-----+
    |        Instance       |       Module       | BRAM_18K| DSP|  FF | LUT | URAM|
    +-----------------------+--------------------+---------+----+-----+-----+-----+
    |control_s_axi_U        |control_s_axi       |        0|   0|  284|  488|    0|
    |gmem_A_m_axi_U         |gmem_A_m_axi        |        2|   0|  671|  657|    0|
    |gmem_B_m_axi_U         |gmem_B_m_axi        |        2|   0|  671|  657|    0|
    |gmem_C_m_axi_U         |gmem_C_m_axi        |        0|   0|  611|  665|    0|
    |mul_32s_32s_32_2_1_U1  |mul_32s_32s_32_2_1  |        0|   3|   34|   47|    0|
    +-----------------------+--------------------+---------+----+-----+-----+-----+
    |Total                  |                    |        4|   3| 2271| 2514|    0|
    +-----------------------+--------------------+---------+----+-----+-----+-----+

    * DSP: 
    N/A

    * Memory: 
    N/A

    * FIFO: 
    N/A

    * Expression: 
    +-----------------------------------------+----------+----+---+----+------------+------------+
    |              Variable Name              | Operation| DSP| FF| LUT| Bitwidth P0| Bitwidth P1|
    +-----------------------------------------+----------+----+---+----+------------+------------+
    |add_ln20_fu_253_p2                       |         +|   0|  0|  38|          31|           1|
    |ap_block_state12_io_grp1                 |       and|   0|  0|   2|           1|           1|
    |ap_block_state18_pp0_stage0_iter17_grp1  |       and|   0|  0|   2|           1|           1|
    |ap_condition_725                         |       and|   0|  0|   2|           1|           1|
    |ap_condition_847                         |       and|   0|  0|   2|           1|           1|
    |icmp_ln20_1_fu_247_p2                    |      icmp|   0|  0|  39|          32|          32|
    |icmp_ln20_2_fu_263_p2                    |      icmp|   0|  0|  39|          32|          32|
    |icmp_ln20_fu_197_p2                      |      icmp|   0|  0|  39|          32|           1|
    |ap_block_pp0_stage0_01001_grp1           |        or|   0|  0|   2|           1|           1|
    |ap_block_pp0_stage0_11001                |        or|   0|  0|   2|           1|           1|
    |ap_block_state10_pp0_stage0_iter9_grp1   |        or|   0|  0|   2|           1|           1|
    |ap_block_state2_io_grp1                  |        or|   0|  0|   2|           1|           1|
    |empty_fu_207_p3                          |    select|   0|  0|  31|           1|          31|
    |ap_enable_pp0                            |       xor|   0|  0|   2|           1|           2|
    +-----------------------------------------+----------+----+---+----+------------+------------+
    |Total                                    |          |   0|  0| 204|         137|         107|
    +-----------------------------------------+----------+----+---+----+------------+------------+

    * Multiplexer: 
    +-------------------------+----+-----------+-----+-----------+
    |           Name          | LUT| Input Size| Bits| Total Bits|
    +-------------------------+----+-----------+-----+-----------+
    |ap_done_int              |   9|          2|    1|          2|
    |ap_enable_reg_pp0_iter1  |   9|          2|    1|          2|
    |ap_sig_allocacmp_i_load  |   9|          2|   31|         62|
    |gmem_A_blk_n_AR          |   9|          2|    1|          2|
    |gmem_A_blk_n_R           |   9|          2|    1|          2|
    |gmem_B_blk_n_AR          |   9|          2|    1|          2|
    |gmem_B_blk_n_R           |   9|          2|    1|          2|
    |gmem_C_blk_n_AW          |   9|          2|    1|          2|
    |gmem_C_blk_n_B           |   9|          2|    1|          2|
    |gmem_C_blk_n_W           |   9|          2|    1|          2|
    |i_fu_112                 |   9|          2|   31|         62|
    +-------------------------+----+-----------+-----+-----------+
    |Total                    |  99|         22|   71|        142|
    +-------------------------+----+-----------+-----+-----------+

    * Register: 
    +-----------------------------------+----+----+-----+-----------+
    |                Name               | FF | LUT| Bits| Const Bits|
    +-----------------------------------+----+----+-----+-----------+
    |A_read_reg_331                     |  64|   0|   64|          0|
    |B_read_reg_326                     |  64|   0|   64|          0|
    |ap_CS_fsm                          |   1|   0|    1|          0|
    |ap_done_reg                        |   1|   0|    1|          0|
    |ap_enable_reg_pp0_iter1            |   1|   0|    1|          0|
    |ap_enable_reg_pp0_iter10           |   1|   0|    1|          0|
    |ap_enable_reg_pp0_iter11           |   1|   0|    1|          0|
    |ap_enable_reg_pp0_iter12           |   1|   0|    1|          0|
    |ap_enable_reg_pp0_iter13           |   1|   0|    1|          0|
    |ap_enable_reg_pp0_iter14           |   1|   0|    1|          0|
    |ap_enable_reg_pp0_iter15           |   1|   0|    1|          0|
    |ap_enable_reg_pp0_iter16           |   1|   0|    1|          0|
    |ap_enable_reg_pp0_iter17           |   1|   0|    1|          0|
    |ap_enable_reg_pp0_iter2            |   1|   0|    1|          0|
    |ap_enable_reg_pp0_iter3            |   1|   0|    1|          0|
    |ap_enable_reg_pp0_iter4            |   1|   0|    1|          0|
    |ap_enable_reg_pp0_iter5            |   1|   0|    1|          0|
    |ap_enable_reg_pp0_iter6            |   1|   0|    1|          0|
    |ap_enable_reg_pp0_iter7            |   1|   0|    1|          0|
    |ap_enable_reg_pp0_iter8            |   1|   0|    1|          0|
    |ap_enable_reg_pp0_iter9            |   1|   0|    1|          0|
    |ap_loop_exit_ready_pp0_iter10_reg  |   1|   0|    1|          0|
    |ap_loop_exit_ready_pp0_iter11_reg  |   1|   0|    1|          0|
    |ap_loop_exit_ready_pp0_iter12_reg  |   1|   0|    1|          0|
    |ap_loop_exit_ready_pp0_iter13_reg  |   1|   0|    1|          0|
    |ap_loop_exit_ready_pp0_iter14_reg  |   1|   0|    1|          0|
    |ap_loop_exit_ready_pp0_iter15_reg  |   1|   0|    1|          0|
    |ap_loop_exit_ready_pp0_iter16_reg  |   1|   0|    1|          0|
    |ap_loop_exit_ready_pp0_iter1_reg   |   1|   0|    1|          0|
    |ap_loop_exit_ready_pp0_iter2_reg   |   1|   0|    1|          0|
    |ap_loop_exit_ready_pp0_iter3_reg   |   1|   0|    1|          0|
    |ap_loop_exit_ready_pp0_iter4_reg   |   1|   0|    1|          0|
    |ap_loop_exit_ready_pp0_iter5_reg   |   1|   0|    1|          0|
    |ap_loop_exit_ready_pp0_iter6_reg   |   1|   0|    1|          0|
    |ap_loop_exit_ready_pp0_iter7_reg   |   1|   0|    1|          0|
    |ap_loop_exit_ready_pp0_iter8_reg   |   1|   0|    1|          0|
    |ap_loop_exit_ready_pp0_iter9_reg   |   1|   0|    1|          0|
    |empty_reg_336                      |  31|   0|   31|          0|
    |first_iter_0_reg_181               |   1|   0|    1|          0|
    |gmem_A_addr_read_reg_375           |  32|   0|   32|          0|
    |gmem_B_addr_read_reg_380           |  32|   0|   32|          0|
    |gmem_C_addr_reg_341                |  64|   0|   64|          0|
    |i_fu_112                           |  31|   0|   31|          0|
    |icmp_ln20_1_reg_348                |   1|   0|    1|          0|
    |icmp_ln20_2_reg_352                |   1|   0|    1|          0|
    |result_reg_385                     |  32|   0|   32|          0|
    |zext_ln20_reg_362                  |  31|   0|   64|         33|
    |first_iter_0_reg_181               |  64|  32|    1|          0|
    |gmem_C_addr_reg_341                |  64|  32|   64|          0|
    |icmp_ln20_2_reg_352                |  64|  32|    1|          0|
    |zext_ln20_reg_362                  |  64|  32|   64|         33|
    +-----------------------------------+----+----+-----+-----------+
    |Total                              | 675| 128|  582|         66|
    +-----------------------------------+----+----+-----+-----------+



================================================================
== Interface
================================================================
* Summary: 
+-----------------------+-----+-----+------------+--------------+--------------+
|       RTL Ports       | Dir | Bits|  Protocol  | Source Object|    C Type    |
+-----------------------+-----+-----+------------+--------------+--------------+
|s_axi_control_AWVALID  |   in|    1|       s_axi|       control|        scalar|
|s_axi_control_AWREADY  |  out|    1|       s_axi|       control|        scalar|
|s_axi_control_AWADDR   |   in|    6|       s_axi|       control|        scalar|
|s_axi_control_WVALID   |   in|    1|       s_axi|       control|        scalar|
|s_axi_control_WREADY   |  out|    1|       s_axi|       control|        scalar|
|s_axi_control_WDATA    |   in|   32|       s_axi|       control|        scalar|
|s_axi_control_WSTRB    |   in|    4|       s_axi|       control|        scalar|
|s_axi_control_ARVALID  |   in|    1|       s_axi|       control|        scalar|
|s_axi_control_ARREADY  |  out|    1|       s_axi|       control|        scalar|
|s_axi_control_ARADDR   |   in|    6|       s_axi|       control|        scalar|
|s_axi_control_RVALID   |  out|    1|       s_axi|       control|        scalar|
|s_axi_control_RREADY   |   in|    1|       s_axi|       control|        scalar|
|s_axi_control_RDATA    |  out|   32|       s_axi|       control|        scalar|
|s_axi_control_RRESP    |  out|    2|       s_axi|       control|        scalar|
|s_axi_control_BVALID   |  out|    1|       s_axi|       control|        scalar|
|s_axi_control_BREADY   |   in|    1|       s_axi|       control|        scalar|
|s_axi_control_BRESP    |  out|    2|       s_axi|       control|        scalar|
|ap_clk                 |   in|    1|  ap_ctrl_hs|   vector_mult|  return value|
|ap_rst_n               |   in|    1|  ap_ctrl_hs|   vector_mult|  return value|
|interrupt              |  out|    1|  ap_ctrl_hs|   vector_mult|  return value|
|m_axi_gmem_A_AWVALID   |  out|    1|       m_axi|        gmem_A|       pointer|
|m_axi_gmem_A_AWREADY   |   in|    1|       m_axi|        gmem_A|       pointer|
|m_axi_gmem_A_AWADDR    |  out|   64|       m_axi|        gmem_A|       pointer|
|m_axi_gmem_A_AWID      |  out|    1|       m_axi|        gmem_A|       pointer|
|m_axi_gmem_A_AWLEN     |  out|    8|       m_axi|        gmem_A|       pointer|
|m_axi_gmem_A_AWSIZE    |  out|    3|       m_axi|        gmem_A|       pointer|
|m_axi_gmem_A_AWBURST   |  out|    2|       m_axi|        gmem_A|       pointer|
|m_axi_gmem_A_AWLOCK    |  out|    2|       m_axi|        gmem_A|       pointer|
|m_axi_gmem_A_AWCACHE   |  out|    4|       m_axi|        gmem_A|       pointer|
|m_axi_gmem_A_AWPROT    |  out|    3|       m_axi|        gmem_A|       pointer|
|m_axi_gmem_A_AWQOS     |  out|    4|       m_axi|        gmem_A|       pointer|
|m_axi_gmem_A_AWREGION  |  out|    4|       m_axi|        gmem_A|       pointer|
|m_axi_gmem_A_AWUSER    |  out|    1|       m_axi|        gmem_A|       pointer|
|m_axi_gmem_A_WVALID    |  out|    1|       m_axi|        gmem_A|       pointer|
|m_axi_gmem_A_WREADY    |   in|    1|       m_axi|        gmem_A|       pointer|
|m_axi_gmem_A_WDATA     |  out|   32|       m_axi|        gmem_A|       pointer|
|m_axi_gmem_A_WSTRB     |  out|    4|       m_axi|        gmem_A|       pointer|
|m_axi_gmem_A_WLAST     |  out|    1|       m_axi|        gmem_A|       pointer|
|m_axi_gmem_A_WID       |  out|    1|       m_axi|        gmem_A|       pointer|
|m_axi_gmem_A_WUSER     |  out|    1|       m_axi|        gmem_A|       pointer|
|m_axi_gmem_A_ARVALID   |  out|    1|       m_axi|        gmem_A|       pointer|
|m_axi_gmem_A_ARREADY   |   in|    1|       m_axi|        gmem_A|       pointer|
|m_axi_gmem_A_ARADDR    |  out|   64|       m_axi|        gmem_A|       pointer|
|m_axi_gmem_A_ARID      |  out|    1|       m_axi|        gmem_A|       pointer|
|m_axi_gmem_A_ARLEN     |  out|    8|       m_axi|        gmem_A|       pointer|
|m_axi_gmem_A_ARSIZE    |  out|    3|       m_axi|        gmem_A|       pointer|
|m_axi_gmem_A_ARBURST   |  out|    2|       m_axi|        gmem_A|       pointer|
|m_axi_gmem_A_ARLOCK    |  out|    2|       m_axi|        gmem_A|       pointer|
|m_axi_gmem_A_ARCACHE   |  out|    4|       m_axi|        gmem_A|       pointer|
|m_axi_gmem_A_ARPROT    |  out|    3|       m_axi|        gmem_A|       pointer|
|m_axi_gmem_A_ARQOS     |  out|    4|       m_axi|        gmem_A|       pointer|
|m_axi_gmem_A_ARREGION  |  out|    4|       m_axi|        gmem_A|       pointer|
|m_axi_gmem_A_ARUSER    |  out|    1|       m_axi|        gmem_A|       pointer|
|m_axi_gmem_A_RVALID    |   in|    1|       m_axi|        gmem_A|       pointer|
|m_axi_gmem_A_RREADY    |  out|    1|       m_axi|        gmem_A|       pointer|
|m_axi_gmem_A_RDATA     |   in|   32|       m_axi|        gmem_A|       pointer|
|m_axi_gmem_A_RLAST     |   in|    1|       m_axi|        gmem_A|       pointer|
|m_axi_gmem_A_RID       |   in|    1|       m_axi|        gmem_A|       pointer|
|m_axi_gmem_A_RUSER     |   in|    1|       m_axi|        gmem_A|       pointer|
|m_axi_gmem_A_RRESP     |   in|    2|       m_axi|        gmem_A|       pointer|
|m_axi_gmem_A_BVALID    |   in|    1|       m_axi|        gmem_A|       pointer|
|m_axi_gmem_A_BREADY    |  out|    1|       m_axi|        gmem_A|       pointer|
|m_axi_gmem_A_BRESP     |   in|    2|       m_axi|        gmem_A|       pointer|
|m_axi_gmem_A_BID       |   in|    1|       m_axi|        gmem_A|       pointer|
|m_axi_gmem_A_BUSER     |   in|    1|       m_axi|        gmem_A|       pointer|
|m_axi_gmem_B_AWVALID   |  out|    1|       m_axi|        gmem_B|       pointer|
|m_axi_gmem_B_AWREADY   |   in|    1|       m_axi|        gmem_B|       pointer|
|m_axi_gmem_B_AWADDR    |  out|   64|       m_axi|        gmem_B|       pointer|
|m_axi_gmem_B_AWID      |  out|    1|       m_axi|        gmem_B|       pointer|
|m_axi_gmem_B_AWLEN     |  out|    8|       m_axi|        gmem_B|       pointer|
|m_axi_gmem_B_AWSIZE    |  out|    3|       m_axi|        gmem_B|       pointer|
|m_axi_gmem_B_AWBURST   |  out|    2|       m_axi|        gmem_B|       pointer|
|m_axi_gmem_B_AWLOCK    |  out|    2|       m_axi|        gmem_B|       pointer|
|m_axi_gmem_B_AWCACHE   |  out|    4|       m_axi|        gmem_B|       pointer|
|m_axi_gmem_B_AWPROT    |  out|    3|       m_axi|        gmem_B|       pointer|
|m_axi_gmem_B_AWQOS     |  out|    4|       m_axi|        gmem_B|       pointer|
|m_axi_gmem_B_AWREGION  |  out|    4|       m_axi|        gmem_B|       pointer|
|m_axi_gmem_B_AWUSER    |  out|    1|       m_axi|        gmem_B|       pointer|
|m_axi_gmem_B_WVALID    |  out|    1|       m_axi|        gmem_B|       pointer|
|m_axi_gmem_B_WREADY    |   in|    1|       m_axi|        gmem_B|       pointer|
|m_axi_gmem_B_WDATA     |  out|   32|       m_axi|        gmem_B|       pointer|
|m_axi_gmem_B_WSTRB     |  out|    4|       m_axi|        gmem_B|       pointer|
|m_axi_gmem_B_WLAST     |  out|    1|       m_axi|        gmem_B|       pointer|
|m_axi_gmem_B_WID       |  out|    1|       m_axi|        gmem_B|       pointer|
|m_axi_gmem_B_WUSER     |  out|    1|       m_axi|        gmem_B|       pointer|
|m_axi_gmem_B_ARVALID   |  out|    1|       m_axi|        gmem_B|       pointer|
|m_axi_gmem_B_ARREADY   |   in|    1|       m_axi|        gmem_B|       pointer|
|m_axi_gmem_B_ARADDR    |  out|   64|       m_axi|        gmem_B|       pointer|
|m_axi_gmem_B_ARID      |  out|    1|       m_axi|        gmem_B|       pointer|
|m_axi_gmem_B_ARLEN     |  out|    8|       m_axi|        gmem_B|       pointer|
|m_axi_gmem_B_ARSIZE    |  out|    3|       m_axi|        gmem_B|       pointer|
|m_axi_gmem_B_ARBURST   |  out|    2|       m_axi|        gmem_B|       pointer|
|m_axi_gmem_B_ARLOCK    |  out|    2|       m_axi|        gmem_B|       pointer|
|m_axi_gmem_B_ARCACHE   |  out|    4|       m_axi|        gmem_B|       pointer|
|m_axi_gmem_B_ARPROT    |  out|    3|       m_axi|        gmem_B|       pointer|
|m_axi_gmem_B_ARQOS     |  out|    4|       m_axi|        gmem_B|       pointer|
|m_axi_gmem_B_ARREGION  |  out|    4|       m_axi|        gmem_B|       pointer|
|m_axi_gmem_B_ARUSER    |  out|    1|       m_axi|        gmem_B|       pointer|
|m_axi_gmem_B_RVALID    |   in|    1|       m_axi|        gmem_B|       pointer|
|m_axi_gmem_B_RREADY    |  out|    1|       m_axi|        gmem_B|       pointer|
|m_axi_gmem_B_RDATA     |   in|   32|       m_axi|        gmem_B|       pointer|
|m_axi_gmem_B_RLAST     |   in|    1|       m_axi|        gmem_B|       pointer|
|m_axi_gmem_B_RID       |   in|    1|       m_axi|        gmem_B|       pointer|
|m_axi_gmem_B_RUSER     |   in|    1|       m_axi|        gmem_B|       pointer|
|m_axi_gmem_B_RRESP     |   in|    2|       m_axi|        gmem_B|       pointer|
|m_axi_gmem_B_BVALID    |   in|    1|       m_axi|        gmem_B|       pointer|
|m_axi_gmem_B_BREADY    |  out|    1|       m_axi|        gmem_B|       pointer|
|m_axi_gmem_B_BRESP     |   in|    2|       m_axi|        gmem_B|       pointer|
|m_axi_gmem_B_BID       |   in|    1|       m_axi|        gmem_B|       pointer|
|m_axi_gmem_B_BUSER     |   in|    1|       m_axi|        gmem_B|       pointer|
|m_axi_gmem_C_AWVALID   |  out|    1|       m_axi|        gmem_C|       pointer|
|m_axi_gmem_C_AWREADY   |   in|    1|       m_axi|        gmem_C|       pointer|
|m_axi_gmem_C_AWADDR    |  out|   64|       m_axi|        gmem_C|       pointer|
|m_axi_gmem_C_AWID      |  out|    1|       m_axi|        gmem_C|       pointer|
|m_axi_gmem_C_AWLEN     |  out|    8|       m_axi|        gmem_C|       pointer|
|m_axi_gmem_C_AWSIZE    |  out|    3|       m_axi|        gmem_C|       pointer|
|m_axi_gmem_C_AWBURST   |  out|    2|       m_axi|        gmem_C|       pointer|
|m_axi_gmem_C_AWLOCK    |  out|    2|       m_axi|        gmem_C|       pointer|
|m_axi_gmem_C_AWCACHE   |  out|    4|       m_axi|        gmem_C|       pointer|
|m_axi_gmem_C_AWPROT    |  out|    3|       m_axi|        gmem_C|       pointer|
|m_axi_gmem_C_AWQOS     |  out|    4|       m_axi|        gmem_C|       pointer|
|m_axi_gmem_C_AWREGION  |  out|    4|       m_axi|        gmem_C|       pointer|
|m_axi_gmem_C_AWUSER    |  out|    1|       m_axi|        gmem_C|       pointer|
|m_axi_gmem_C_WVALID    |  out|    1|       m_axi|        gmem_C|       pointer|
|m_axi_gmem_C_WREADY    |   in|    1|       m_axi|        gmem_C|       pointer|
|m_axi_gmem_C_WDATA     |  out|   32|       m_axi|        gmem_C|       pointer|
|m_axi_gmem_C_WSTRB     |  out|    4|       m_axi|        gmem_C|       pointer|
|m_axi_gmem_C_WLAST     |  out|    1|       m_axi|        gmem_C|       pointer|
|m_axi_gmem_C_WID       |  out|    1|       m_axi|        gmem_C|       pointer|
|m_axi_gmem_C_WUSER     |  out|    1|       m_axi|        gmem_C|       pointer|
|m_axi_gmem_C_ARVALID   |  out|    1|       m_axi|        gmem_C|       pointer|
|m_axi_gmem_C_ARREADY   |   in|    1|       m_axi|        gmem_C|       pointer|
|m_axi_gmem_C_ARADDR    |  out|   64|       m_axi|        gmem_C|       pointer|
|m_axi_gmem_C_ARID      |  out|    1|       m_axi|        gmem_C|       pointer|
|m_axi_gmem_C_ARLEN     |  out|    8|       m_axi|        gmem_C|       pointer|
|m_axi_gmem_C_ARSIZE    |  out|    3|       m_axi|        gmem_C|       pointer|
|m_axi_gmem_C_ARBURST   |  out|    2|       m_axi|        gmem_C|       pointer|
|m_axi_gmem_C_ARLOCK    |  out|    2|       m_axi|        gmem_C|       pointer|
|m_axi_gmem_C_ARCACHE   |  out|    4|       m_axi|        gmem_C|       pointer|
|m_axi_gmem_C_ARPROT    |  out|    3|       m_axi|        gmem_C|       pointer|
|m_axi_gmem_C_ARQOS     |  out|    4|       m_axi|        gmem_C|       pointer|
|m_axi_gmem_C_ARREGION  |  out|    4|       m_axi|        gmem_C|       pointer|
|m_axi_gmem_C_ARUSER    |  out|    1|       m_axi|        gmem_C|       pointer|
|m_axi_gmem_C_RVALID    |   in|    1|       m_axi|        gmem_C|       pointer|
|m_axi_gmem_C_RREADY    |  out|    1|       m_axi|        gmem_C|       pointer|
|m_axi_gmem_C_RDATA     |   in|   32|       m_axi|        gmem_C|       pointer|
|m_axi_gmem_C_RLAST     |   in|    1|       m_axi|        gmem_C|       pointer|
|m_axi_gmem_C_RID       |   in|    1|       m_axi|        gmem_C|       pointer|
|m_axi_gmem_C_RUSER     |   in|    1|       m_axi|        gmem_C|       pointer|
|m_axi_gmem_C_RRESP     |   in|    2|       m_axi|        gmem_C|       pointer|
|m_axi_gmem_C_BVALID    |   in|    1|       m_axi|        gmem_C|       pointer|
|m_axi_gmem_C_BREADY    |  out|    1|       m_axi|        gmem_C|       pointer|
|m_axi_gmem_C_BRESP     |   in|    2|       m_axi|        gmem_C|       pointer|
|m_axi_gmem_C_BID       |   in|    1|       m_axi|        gmem_C|       pointer|
|m_axi_gmem_C_BUSER     |   in|    1|       m_axi|        gmem_C|       pointer|
+-----------------------+-----+-----+------------+--------------+--------------+

