09/23/26 01:28:03: Running xcd server. This server was built by gradle.
09/23/26 01:28:03: Server was asked to start on port: '64997'
09/23/26 01:28:03: Server is using token UUID: '4f55f28b-4428-407f-bbb4-461beef5a0f9'
09/23/26 01:28:03: SESSION_MGR: creating session with session uuid: '6d04a3e9-ade5-4ab9-8d63-1f78fcd2ec76' and name 'default'
09/23/26 01:28:03: Attempting to start server on port '64997'
09/23/26 01:28:03: Running Dispatch Server
09/23/26 01:28:03: Version 2.2.0
09/23/26 01:28:06: Dispatch Server: Accepted socket connection from client
09/23/26 01:28:06: Starting Socket connection
09/23/26 01:28:06: EXCHANGE_TOKEN received, server token: 4f55f28b-4428-407f-bbb4-461beef5a0f9, passed token: 4f55f28b-4428-407f-bbb4-461beef5a0f9
09/23/26 01:28:06: DISPATCH_HANDLER: Adding handler from function makeHandler in library xv_system_diagram
09/23/26 01:28:06: SESSION_MGR: creating session with session uuid: '8762c9b5-552c-40f3-99fd-37ff06b7cda2' and name 'v++_compile_Gaussian_Filter_IP'
09/23/26 01:28:06: KERNEL_SVC: creating session with uuid: '8762c9b5-552c-40f3-99fd-37ff06b7cda2' and name 'v++_compile_Gaussian_Filter_IP'
09/23/26 01:28:06: GUIDANCE_SMGR: creating guidance session with uuid: '8762c9b5-552c-40f3-99fd-37ff06b7cda2' and name 'v++_compile_Gaussian_Filter_IP'
09/23/26 01:28:06: SYSTEM_DIAGRAM: creating session with uuid: '8762c9b5-552c-40f3-99fd-37ff06b7cda2' and name 'v++_compile_Gaussian_Filter_IP'
09/23/26 01:28:14: Dispatch Server: Accepted socket connection from client
09/23/26 01:28:14: Starting Socket connection
09/23/26 01:28:48: SESSION_MGR: closing session for UUID '8762c9b5-552c-40f3-99fd-37ff06b7cda2' with name 'v++_compile_Gaussian_Filter_IP'
09/23/26 01:28:48: KERNEL_SVC: closing session for UUID '8762c9b5-552c-40f3-99fd-37ff06b7cda2' with name 'v++_compile_Gaussian_Filter_IP'
09/23/26 01:28:48: GUIDANCE_SMGR: closing session for UUID '8762c9b5-552c-40f3-99fd-37ff06b7cda2' with name 'v++_compile_Gaussian_Filter_IP'
09/23/26 01:28:48: SYSTEM_DIAGRAM: closing session for UUID '8762c9b5-552c-40f3-99fd-37ff06b7cda2' with name 'v++_compile_Gaussian_Filter_IP'
09/23/26 01:28:48: STOP_SERVER received, server token: 4f55f28b-4428-407f-bbb4-461beef5a0f9, passed token: 4f55f28b-4428-407f-bbb4-461beef5a0f9
09/23/26 01:28:48: Socket received request to stop server.
09/23/26 01:28:48: Dispatch Server: do_await_stop
09/23/26 01:28:48: SERVER: destructor for server bound to port 64997
09/23/26 01:29:05: Running xcd server. This server was built by gradle.
09/23/26 01:29:05: Server was asked to start on port: '65019'
09/23/26 01:29:05: Server is using token UUID: '4bd843bb-a935-48fb-a2fa-3ed401bd5725'
09/23/26 01:29:05: SESSION_MGR: creating session with session uuid: '6d04a3e9-ade5-4ab9-8d63-1f78fcd2ec76' and name 'default'
09/23/26 01:29:05: Attempting to start server on port '65019'
09/23/26 01:29:05: Running Dispatch Server
09/23/26 01:29:05: Version 2.2.0
09/23/26 01:29:08: Dispatch Server: Accepted socket connection from client
09/23/26 01:29:08: Starting Socket connection
09/23/26 01:29:08: EXCHANGE_TOKEN received, server token: 4bd843bb-a935-48fb-a2fa-3ed401bd5725, passed token: 4bd843bb-a935-48fb-a2fa-3ed401bd5725
09/23/26 01:29:08: DISPATCH_HANDLER: Adding handler from function makeHandler in library xv_system_diagram
09/23/26 01:29:08: SESSION_MGR: creating session with session uuid: 'bb665b98-643f-470d-90fd-d1dce38e5e9d' and name 'vitis-run_compile_Gaussian_Filter_IP'
09/23/26 01:29:08: KERNEL_SVC: creating session with uuid: 'bb665b98-643f-470d-90fd-d1dce38e5e9d' and name 'vitis-run_compile_Gaussian_Filter_IP'
09/23/26 01:29:08: GUIDANCE_SMGR: creating guidance session with uuid: 'bb665b98-643f-470d-90fd-d1dce38e5e9d' and name 'vitis-run_compile_Gaussian_Filter_IP'
09/23/26 01:29:08: SYSTEM_DIAGRAM: creating session with uuid: 'bb665b98-643f-470d-90fd-d1dce38e5e9d' and name 'vitis-run_compile_Gaussian_Filter_IP'
09/23/26 01:29:13: Dispatch Server: Accepted socket connection from client
09/23/26 01:29:13: Starting Socket connection
09/23/26 01:30:08: Dispatch Server: Accepted socket connection from client
09/23/26 01:30:08: Starting Socket connection
09/23/26 01:31:20: Dispatch Server: Accepted socket connection from client
09/23/26 01:31:20: Starting Socket connection
09/23/26 01:32:49: Dispatch Server: Accepted socket connection from client
09/23/26 01:32:49: Starting Socket connection
09/23/26 01:34:29: SESSION_MGR: closing session for UUID 'bb665b98-643f-470d-90fd-d1dce38e5e9d' with name 'vitis-run_compile_Gaussian_Filter_IP'
09/23/26 01:34:29: KERNEL_SVC: closing session for UUID 'bb665b98-643f-470d-90fd-d1dce38e5e9d' with name 'vitis-run_compile_Gaussian_Filter_IP'
09/23/26 01:34:29: GUIDANCE_SMGR: closing session for UUID 'bb665b98-643f-470d-90fd-d1dce38e5e9d' with name 'vitis-run_compile_Gaussian_Filter_IP'
09/23/26 01:34:29: SYSTEM_DIAGRAM: closing session for UUID 'bb665b98-643f-470d-90fd-d1dce38e5e9d' with name 'vitis-run_compile_Gaussian_Filter_IP'
09/23/26 01:34:29: STOP_SERVER received, server token: 4bd843bb-a935-48fb-a2fa-3ed401bd5725, passed token: 4bd843bb-a935-48fb-a2fa-3ed401bd5725
09/23/26 01:34:29: Socket received request to stop server.
09/23/26 01:34:29: Dispatch Server: do_await_stop
09/23/26 01:34:29: SERVER: destructor for server bound to port 65019
